[  +10 ms] executing: sysctl hw.optional.arm64
[   +5 ms] Exit code 0 from: sysctl hw.optional.arm64
[        ] hw.optional.arm64: 1
[   +3 ms] Artifact Instance of 'MaterialFonts' is not required, skipping update.
[        ] Artifact Instance of 'GradleWrapper' is not required, skipping update.
[        ] Artifact Instance of 'AndroidGenSnapshotArtifacts' is not required, skipping update.
[        ] Artifact Instance of 'AndroidInternalBuildArtifacts' is not required, skipping update.
[        ] Artifact Instance of 'IOSEngineArtifacts' is not required, skipping update.
[        ] Artifact Instance of 'FlutterWebSdk' is not required, skipping update.
[        ] Artifact Instance of 'LegacyCanvasKitRemover' is not required, skipping update.
[        ] Artifact Instance of 'FlutterSdk' is not required, skipping update.
[        ] Artifact Instance of 'WindowsEngineArtifacts' is not required, skipping update.
[        ] Artifact Instance of 'MacOSEngineArtifacts' is not required, skipping update.
[        ] Artifact Instance of 'LinuxEngineArtifacts' is not required, skipping update.
[        ] Artifact Instance of 'LinuxFuchsiaSDKArtifacts' is not required, skipping update.
[        ] Artifact Instance of 'MacOSFuchsiaSDKArtifacts' is not required, skipping update.
[        ] Artifact Instance of 'FlutterRunnerSDKArtifacts' is not required, skipping update.
[        ] Artifact Instance of 'FlutterRunnerDebugSymbols' is not required, skipping update.
[        ] Artifact Instance of 'IosUsbArtifacts' is not required, skipping update.
[        ] Artifact Instance of 'IosUsbArtifacts' is not required, skipping update.
[        ] Artifact Instance of 'IosUsbArtifacts' is not required, skipping update.
[        ] Artifact Instance of 'IosUsbArtifacts' is not required, skipping update.
[        ] Artifact Instance of 'IosUsbArtifacts' is not required, skipping update.
[        ] Artifact Instance of 'IosUsbArtifacts' is not required, skipping update.
[        ] Artifact Instance of 'FontSubsetArtifacts' is not required, skipping update.
[        ] Artifact Instance of 'PubDependencies' is not required, skipping update.
[        ] executing: [/Users/gregoriomorelli/development/flutter/] git -c log.showSignature=false log HEAD -n 1 --pretty=format:%ad --date=iso
[   +9 ms] Exit code 0 from: git -c log.showSignature=false log HEAD -n 1 --pretty=format:%ad --date=iso
[        ] 2026-06-10 15:52:41 -0700
[   +5 ms] Artifact Instance of 'AndroidGenSnapshotArtifacts' is not required, skipping update.
[        ] Artifact Instance of 'AndroidInternalBuildArtifacts' is not required, skipping update.
[        ] Artifact Instance of 'IOSEngineArtifacts' is not required, skipping update.
[        ] Artifact Instance of 'FlutterWebSdk' is not required, skipping update.
[        ] Artifact Instance of 'FlutterEngineStamp' is not required, skipping update.
[        ] Artifact Instance of 'LegacyCanvasKitRemover' is not required, skipping update.
[        ] Artifact Instance of 'WindowsEngineArtifacts' is not required, skipping update.
[        ] Artifact Instance of 'MacOSEngineArtifacts' is not required, skipping update.
[        ] Artifact Instance of 'LinuxEngineArtifacts' is not required, skipping update.
[        ] Artifact Instance of 'LinuxFuchsiaSDKArtifacts' is not required, skipping update.
[        ] Artifact Instance of 'MacOSFuchsiaSDKArtifacts' is not required, skipping update.
[        ] Artifact Instance of 'FlutterRunnerSDKArtifacts' is not required, skipping update.
[        ] Artifact Instance of 'FlutterRunnerDebugSymbols' is not required, skipping update.
[  +14 ms] Artifact Instance of 'MaterialFonts' is not required, skipping update.
[        ] Artifact Instance of 'GradleWrapper' is not required, skipping update.
[        ] Artifact Instance of 'AndroidGenSnapshotArtifacts' is not required, skipping update.
[        ] Artifact Instance of 'AndroidInternalBuildArtifacts' is not required, skipping update.
[        ] Artifact Instance of 'FlutterWebSdk' is not required, skipping update.
[        ] Artifact Instance of 'FlutterEngineStamp' is not required, skipping update.
[        ] Artifact Instance of 'LegacyCanvasKitRemover' is not required, skipping update.
[        ] Artifact Instance of 'FlutterSdk' is not required, skipping update.
[        ] Artifact Instance of 'WindowsEngineArtifacts' is not required, skipping update.
[        ] Artifact Instance of 'MacOSEngineArtifacts' is not required, skipping update.
[        ] Artifact Instance of 'LinuxEngineArtifacts' is not required, skipping update.
[        ] Artifact Instance of 'LinuxFuchsiaSDKArtifacts' is not required, skipping update.
[        ] Artifact Instance of 'MacOSFuchsiaSDKArtifacts' is not required, skipping update.
[        ] Artifact Instance of 'FlutterRunnerSDKArtifacts' is not required, skipping update.
[        ] Artifact Instance of 'FlutterRunnerDebugSymbols' is not required, skipping update.
[        ] Artifact Instance of 'IosUsbArtifacts' is not required, skipping update.
[        ] Artifact Instance of 'IosUsbArtifacts' is not required, skipping update.
[        ] Artifact Instance of 'IosUsbArtifacts' is not required, skipping update.
[        ] Artifact Instance of 'IosUsbArtifacts' is not required, skipping update.
[        ] Artifact Instance of 'IosUsbArtifacts' is not required, skipping update.
[        ] Artifact Instance of 'IosUsbArtifacts' is not required, skipping update.
[        ] Artifact Instance of 'FontSubsetArtifacts' is not required, skipping update.
[        ] Artifact Instance of 'PubDependencies' is not required, skipping update.
[   +6 ms] Skipping pub get: version match.
[  +47 ms] Found plugin integration_test at /Users/gregoriomorelli/development/flutter/packages/integration_test/
[   +8 ms] Found plugin url_launcher at /Users/gregoriomorelli/.pub-cache/hosted/pub.dev/url_launcher-6.3.2/
[        ] Found plugin url_launcher_windows at /Users/gregoriomorelli/.pub-cache/hosted/pub.dev/url_launcher_windows-3.1.5/
[   +1 ms] Found plugin url_launcher_web at /Users/gregoriomorelli/.pub-cache/hosted/pub.dev/url_launcher_web-2.4.3/
[        ] Found plugin url_launcher_macos at /Users/gregoriomorelli/.pub-cache/hosted/pub.dev/url_launcher_macos-3.2.5/
[        ] Found plugin url_launcher_linux at /Users/gregoriomorelli/.pub-cache/hosted/pub.dev/url_launcher_linux-3.2.2/
[        ] Found plugin url_launcher_ios at /Users/gregoriomorelli/.pub-cache/hosted/pub.dev/url_launcher_ios-6.4.1/
[        ] Found plugin url_launcher_android at /Users/gregoriomorelli/.pub-cache/hosted/pub.dev/url_launcher_android-6.3.32/
[   +4 ms] Found plugin shared_preferences at /Users/gregoriomorelli/.pub-cache/hosted/pub.dev/shared_preferences-2.5.5/
[        ] Found plugin shared_preferences_windows at /Users/gregoriomorelli/.pub-cache/hosted/pub.dev/shared_preferences_windows-2.4.1/
[        ] Found plugin path_provider_windows at /Users/gregoriomorelli/.pub-cache/hosted/pub.dev/path_provider_windows-2.3.0/
[   +1 ms] Found plugin shared_preferences_web at /Users/gregoriomorelli/.pub-cache/hosted/pub.dev/shared_preferences_web-2.4.3/
[        ] Found plugin shared_preferences_linux at /Users/gregoriomorelli/.pub-cache/hosted/pub.dev/shared_preferences_linux-2.4.1/
[        ] Found plugin path_provider_linux at /Users/gregoriomorelli/.pub-cache/hosted/pub.dev/path_provider_linux-2.2.2/
[        ] Found plugin shared_preferences_foundation at /Users/gregoriomorelli/.pub-cache/hosted/pub.dev/shared_preferences_foundation-2.5.6/
[        ] Found plugin shared_preferences_android at /Users/gregoriomorelli/.pub-cache/hosted/pub.dev/shared_preferences_android-2.4.27/
[        ] Found plugin app_links at /Users/gregoriomorelli/.pub-cache/hosted/pub.dev/app_links-7.2.1/
[        ] Found plugin app_links_web at /Users/gregoriomorelli/.pub-cache/hosted/pub.dev/app_links_web-1.0.4/
[        ] Found plugin app_links_linux at /Users/gregoriomorelli/.pub-cache/hosted/pub.dev/app_links_linux-1.0.3/
[        ] Found plugin gtk at /Users/gregoriomorelli/.pub-cache/hosted/pub.dev/gtk-2.2.0/
[   +1 ms] Found plugin image_picker at /Users/gregoriomorelli/.pub-cache/hosted/pub.dev/image_picker-1.2.3/
[        ] Found plugin image_picker_windows at /Users/gregoriomorelli/.pub-cache/hosted/pub.dev/image_picker_windows-0.2.2/
[        ] Found plugin file_selector_windows at /Users/gregoriomorelli/.pub-cache/hosted/pub.dev/file_selector_windows-0.9.3+5/
[        ] Found plugin image_picker_macos at /Users/gregoriomorelli/.pub-cache/hosted/pub.dev/image_picker_macos-0.2.2+1/
[        ] Found plugin file_selector_macos at /Users/gregoriomorelli/.pub-cache/hosted/pub.dev/file_selector_macos-0.9.5/
[        ] Found plugin image_picker_linux at /Users/gregoriomorelli/.pub-cache/hosted/pub.dev/image_picker_linux-0.2.2/
[        ] Found plugin file_selector_linux at /Users/gregoriomorelli/.pub-cache/hosted/pub.dev/file_selector_linux-0.9.4/
[        ] Found plugin image_picker_ios at /Users/gregoriomorelli/.pub-cache/hosted/pub.dev/image_picker_ios-0.8.13+6/
[        ] Found plugin image_picker_for_web at /Users/gregoriomorelli/.pub-cache/hosted/pub.dev/image_picker_for_web-3.1.1/
[        ] Found plugin image_picker_android at /Users/gregoriomorelli/.pub-cache/hosted/pub.dev/image_picker_android-0.8.13+19/
[        ] Found plugin flutter_plugin_android_lifecycle at /Users/gregoriomorelli/.pub-cache/hosted/pub.dev/flutter_plugin_android_lifecycle-2.0.35/
[        ] Found plugin path_provider at /Users/gregoriomorelli/.pub-cache/hosted/pub.dev/path_provider-2.1.6/
[        ] Found plugin path_provider_foundation at /Users/gregoriomorelli/.pub-cache/hosted/pub.dev/path_provider_foundation-2.6.0/
[   +1 ms] Found plugin path_provider_android at /Users/gregoriomorelli/.pub-cache/hosted/pub.dev/path_provider_android-2.3.1/
[        ] Found plugin jni_flutter at /Users/gregoriomorelli/.pub-cache/hosted/pub.dev/jni_flutter-1.0.1/
[        ] Found plugin jni at /Users/gregoriomorelli/.pub-cache/hosted/pub.dev/jni-1.0.0/
[        ] Found plugin geolocator at /Users/gregoriomorelli/.pub-cache/hosted/pub.dev/geolocator-13.0.4/
[        ] Found plugin geolocator_windows at /Users/gregoriomorelli/.pub-cache/hosted/pub.dev/geolocator_windows-0.2.5/
[        ] Found plugin geolocator_web at /Users/gregoriomorelli/.pub-cache/hosted/pub.dev/geolocator_web-4.1.4/
[        ] Found plugin geolocator_apple at /Users/gregoriomorelli/.pub-cache/hosted/pub.dev/geolocator_apple-2.3.14/
[        ] Found plugin geolocator_android at /Users/gregoriomorelli/.pub-cache/hosted/pub.dev/geolocator_android-4.6.2/
[        ] Found plugin geocoding at /Users/gregoriomorelli/.pub-cache/hosted/pub.dev/geocoding-3.0.0/
[        ] Found plugin geocoding_ios at /Users/gregoriomorelli/.pub-cache/hosted/pub.dev/geocoding_ios-3.1.0/
[        ] Found plugin geocoding_android at /Users/gregoriomorelli/.pub-cache/hosted/pub.dev/geocoding_android-3.3.1/
[        ] Found plugin flutter_web_auth_2 at /Users/gregoriomorelli/.pub-cache/hosted/pub.dev/flutter_web_auth_2-5.0.3/
[        ] Found plugin window_to_front at /Users/gregoriomorelli/.pub-cache/hosted/pub.dev/window_to_front-0.0.4/
[        ] Found plugin desktop_webview_window at /Users/gregoriomorelli/.pub-cache/hosted/pub.dev/desktop_webview_window-0.3.0/
[   +2 ms] Found plugin flutter_secure_storage at /Users/gregoriomorelli/.pub-cache/hosted/pub.dev/flutter_secure_storage-10.3.1/
[        ] Found plugin flutter_secure_storage_windows at /Users/gregoriomorelli/.pub-cache/hosted/pub.dev/flutter_secure_storage_windows-4.2.2/
[   +1 ms] Found plugin flutter_secure_storage_web at /Users/gregoriomorelli/.pub-cache/hosted/pub.dev/flutter_secure_storage_web-2.1.1/
[        ] Found plugin flutter_secure_storage_linux at /Users/gregoriomorelli/.pub-cache/hosted/pub.dev/flutter_secure_storage_linux-3.0.1/
[        ] Found plugin flutter_secure_storage_darwin at /Users/gregoriomorelli/.pub-cache/hosted/pub.dev/flutter_secure_storage_darwin-0.3.2/
[   +2 ms] Found plugin flutter_appauth at /Users/gregoriomorelli/.pub-cache/hosted/pub.dev/flutter_appauth-12.0.2/
[        ] Found plugin firebase_messaging at /Users/gregoriomorelli/.pub-cache/hosted/pub.dev/firebase_messaging-15.2.10/
[        ] Found plugin firebase_messaging_web at /Users/gregoriomorelli/.pub-cache/hosted/pub.dev/firebase_messaging_web-3.10.10/
[        ] Found plugin firebase_core at /Users/gregoriomorelli/.pub-cache/hosted/pub.dev/firebase_core-3.15.2/
[        ] Found plugin firebase_core_web at /Users/gregoriomorelli/.pub-cache/hosted/pub.dev/firebase_core_web-2.24.1/
[   +1 ms] Found plugin connectivity_plus at /Users/gregoriomorelli/.pub-cache/hosted/pub.dev/connectivity_plus-6.1.5/
[   +1 ms] Found plugin sqflite at /Users/gregoriomorelli/.pub-cache/hosted/pub.dev/sqflite-2.4.3/
[        ] Found plugin sqflite_darwin at /Users/gregoriomorelli/.pub-cache/hosted/pub.dev/sqflite_darwin-2.4.3+1/
[        ] Found plugin sqflite_android at /Users/gregoriomorelli/.pub-cache/hosted/pub.dev/sqflite_android-2.4.3/
[  +24 ms] Found plugin integration_test at /Users/gregoriomorelli/development/flutter/packages/integration_test/
[   +3 ms] Found plugin url_launcher at /Users/gregoriomorelli/.pub-cache/hosted/pub.dev/url_launcher-6.3.2/
[        ] Found plugin url_launcher_windows at /Users/gregoriomorelli/.pub-cache/hosted/pub.dev/url_launcher_windows-3.1.5/
[        ] Found plugin url_launcher_web at /Users/gregoriomorelli/.pub-cache/hosted/pub.dev/url_launcher_web-2.4.3/
[        ] Found plugin url_launcher_macos at /Users/gregoriomorelli/.pub-cache/hosted/pub.dev/url_launcher_macos-3.2.5/
[        ] Found plugin url_launcher_linux at /Users/gregoriomorelli/.pub-cache/hosted/pub.dev/url_launcher_linux-3.2.2/
[        ] Found plugin url_launcher_ios at /Users/gregoriomorelli/.pub-cache/hosted/pub.dev/url_launcher_ios-6.4.1/
[        ] Found plugin url_launcher_android at /Users/gregoriomorelli/.pub-cache/hosted/pub.dev/url_launcher_android-6.3.32/
[   +2 ms] Found plugin shared_preferences at /Users/gregoriomorelli/.pub-cache/hosted/pub.dev/shared_preferences-2.5.5/
[        ] Found plugin shared_preferences_windows at /Users/gregoriomorelli/.pub-cache/hosted/pub.dev/shared_preferences_windows-2.4.1/
[        ] Found plugin path_provider_windows at /Users/gregoriomorelli/.pub-cache/hosted/pub.dev/path_provider_windows-2.3.0/
[        ] Found plugin shared_preferences_web at /Users/gregoriomorelli/.pub-cache/hosted/pub.dev/shared_preferences_web-2.4.3/
[        ] Found plugin shared_preferences_linux at /Users/gregoriomorelli/.pub-cache/hosted/pub.dev/shared_preferences_linux-2.4.1/
[        ] Found plugin path_provider_linux at /Users/gregoriomorelli/.pub-cache/hosted/pub.dev/path_provider_linux-2.2.2/
[        ] Found plugin shared_preferences_foundation at /Users/gregoriomorelli/.pub-cache/hosted/pub.dev/shared_preferences_foundation-2.5.6/
[        ] Found plugin shared_preferences_android at /Users/gregoriomorelli/.pub-cache/hosted/pub.dev/shared_preferences_android-2.4.27/
[        ] Found plugin app_links at /Users/gregoriomorelli/.pub-cache/hosted/pub.dev/app_links-7.2.1/
[        ] Found plugin app_links_web at /Users/gregoriomorelli/.pub-cache/hosted/pub.dev/app_links_web-1.0.4/
[        ] Found plugin app_links_linux at /Users/gregoriomorelli/.pub-cache/hosted/pub.dev/app_links_linux-1.0.3/
[        ] Found plugin gtk at /Users/gregoriomorelli/.pub-cache/hosted/pub.dev/gtk-2.2.0/
[   +1 ms] Found plugin image_picker at /Users/gregoriomorelli/.pub-cache/hosted/pub.dev/image_picker-1.2.3/
[        ] Found plugin image_picker_windows at /Users/gregoriomorelli/.pub-cache/hosted/pub.dev/image_picker_windows-0.2.2/
[        ] Found plugin file_selector_windows at /Users/gregoriomorelli/.pub-cache/hosted/pub.dev/file_selector_windows-0.9.3+5/
[        ] Found plugin image_picker_macos at /Users/gregoriomorelli/.pub-cache/hosted/pub.dev/image_picker_macos-0.2.2+1/
[        ] Found plugin file_selector_macos at /Users/gregoriomorelli/.pub-cache/hosted/pub.dev/file_selector_macos-0.9.5/
[        ] Found plugin image_picker_linux at /Users/gregoriomorelli/.pub-cache/hosted/pub.dev/image_picker_linux-0.2.2/
[        ] Found plugin file_selector_linux at /Users/gregoriomorelli/.pub-cache/hosted/pub.dev/file_selector_linux-0.9.4/
[        ] Found plugin image_picker_ios at /Users/gregoriomorelli/.pub-cache/hosted/pub.dev/image_picker_ios-0.8.13+6/
[        ] Found plugin image_picker_for_web at /Users/gregoriomorelli/.pub-cache/hosted/pub.dev/image_picker_for_web-3.1.1/
[        ] Found plugin image_picker_android at /Users/gregoriomorelli/.pub-cache/hosted/pub.dev/image_picker_android-0.8.13+19/
[        ] Found plugin flutter_plugin_android_lifecycle at /Users/gregoriomorelli/.pub-cache/hosted/pub.dev/flutter_plugin_android_lifecycle-2.0.35/
[        ] Found plugin path_provider at /Users/gregoriomorelli/.pub-cache/hosted/pub.dev/path_provider-2.1.6/
[        ] Found plugin path_provider_foundation at /Users/gregoriomorelli/.pub-cache/hosted/pub.dev/path_provider_foundation-2.6.0/
[        ] Found plugin path_provider_android at /Users/gregoriomorelli/.pub-cache/hosted/pub.dev/path_provider_android-2.3.1/
[        ] Found plugin jni_flutter at /Users/gregoriomorelli/.pub-cache/hosted/pub.dev/jni_flutter-1.0.1/
[        ] Found plugin jni at /Users/gregoriomorelli/.pub-cache/hosted/pub.dev/jni-1.0.0/
[        ] Found plugin geolocator at /Users/gregoriomorelli/.pub-cache/hosted/pub.dev/geolocator-13.0.4/
[        ] Found plugin geolocator_windows at /Users/gregoriomorelli/.pub-cache/hosted/pub.dev/geolocator_windows-0.2.5/
[        ] Found plugin geolocator_web at /Users/gregoriomorelli/.pub-cache/hosted/pub.dev/geolocator_web-4.1.4/
[        ] Found plugin geolocator_apple at /Users/gregoriomorelli/.pub-cache/hosted/pub.dev/geolocator_apple-2.3.14/
[        ] Found plugin geolocator_android at /Users/gregoriomorelli/.pub-cache/hosted/pub.dev/geolocator_android-4.6.2/
[        ] Found plugin geocoding at /Users/gregoriomorelli/.pub-cache/hosted/pub.dev/geocoding-3.0.0/
[        ] Found plugin geocoding_ios at /Users/gregoriomorelli/.pub-cache/hosted/pub.dev/geocoding_ios-3.1.0/
[        ] Found plugin geocoding_android at /Users/gregoriomorelli/.pub-cache/hosted/pub.dev/geocoding_android-3.3.1/
[        ] Found plugin flutter_web_auth_2 at /Users/gregoriomorelli/.pub-cache/hosted/pub.dev/flutter_web_auth_2-5.0.3/
[        ] Found plugin window_to_front at /Users/gregoriomorelli/.pub-cache/hosted/pub.dev/window_to_front-0.0.4/
[        ] Found plugin desktop_webview_window at /Users/gregoriomorelli/.pub-cache/hosted/pub.dev/desktop_webview_window-0.3.0/
[   +1 ms] Found plugin flutter_secure_storage at /Users/gregoriomorelli/.pub-cache/hosted/pub.dev/flutter_secure_storage-10.3.1/
[        ] Found plugin flutter_secure_storage_windows at /Users/gregoriomorelli/.pub-cache/hosted/pub.dev/flutter_secure_storage_windows-4.2.2/
[        ] Found plugin flutter_secure_storage_web at /Users/gregoriomorelli/.pub-cache/hosted/pub.dev/flutter_secure_storage_web-2.1.1/
[        ] Found plugin flutter_secure_storage_linux at /Users/gregoriomorelli/.pub-cache/hosted/pub.dev/flutter_secure_storage_linux-3.0.1/
[        ] Found plugin flutter_secure_storage_darwin at /Users/gregoriomorelli/.pub-cache/hosted/pub.dev/flutter_secure_storage_darwin-0.3.2/
[   +1 ms] Found plugin flutter_appauth at /Users/gregoriomorelli/.pub-cache/hosted/pub.dev/flutter_appauth-12.0.2/
[        ] Found plugin firebase_messaging at /Users/gregoriomorelli/.pub-cache/hosted/pub.dev/firebase_messaging-15.2.10/
[        ] Found plugin firebase_messaging_web at /Users/gregoriomorelli/.pub-cache/hosted/pub.dev/firebase_messaging_web-3.10.10/
[        ] Found plugin firebase_core at /Users/gregoriomorelli/.pub-cache/hosted/pub.dev/firebase_core-3.15.2/
[        ] Found plugin firebase_core_web at /Users/gregoriomorelli/.pub-cache/hosted/pub.dev/firebase_core_web-2.24.1/
[        ] Found plugin connectivity_plus at /Users/gregoriomorelli/.pub-cache/hosted/pub.dev/connectivity_plus-6.1.5/
[   +1 ms] Found plugin sqflite at /Users/gregoriomorelli/.pub-cache/hosted/pub.dev/sqflite-2.4.3/
[        ] Found plugin sqflite_darwin at /Users/gregoriomorelli/.pub-cache/hosted/pub.dev/sqflite_darwin-2.4.3+1/
[        ] Found plugin sqflite_android at /Users/gregoriomorelli/.pub-cache/hosted/pub.dev/sqflite_android-2.4.3/
[   +5 ms] Skipping generating web_plugin_registrant.dart because it is up-to-date.
[  +15 ms] Found plugin integration_test at /Users/gregoriomorelli/development/flutter/packages/integration_test/
[   +3 ms] Found plugin url_launcher at /Users/gregoriomorelli/.pub-cache/hosted/pub.dev/url_launcher-6.3.2/
[        ] Found plugin url_launcher_windows at /Users/gregoriomorelli/.pub-cache/hosted/pub.dev/url_launcher_windows-3.1.5/
[        ] Found plugin url_launcher_web at /Users/gregoriomorelli/.pub-cache/hosted/pub.dev/url_launcher_web-2.4.3/
[        ] Found plugin url_launcher_macos at /Users/gregoriomorelli/.pub-cache/hosted/pub.dev/url_launcher_macos-3.2.5/
[        ] Found plugin url_launcher_linux at /Users/gregoriomorelli/.pub-cache/hosted/pub.dev/url_launcher_linux-3.2.2/
[        ] Found plugin url_launcher_ios at /Users/gregoriomorelli/.pub-cache/hosted/pub.dev/url_launcher_ios-6.4.1/
[        ] Found plugin url_launcher_android at /Users/gregoriomorelli/.pub-cache/hosted/pub.dev/url_launcher_android-6.3.32/
[   +2 ms] Found plugin shared_preferences at /Users/gregoriomorelli/.pub-cache/hosted/pub.dev/shared_preferences-2.5.5/
[        ] Found plugin shared_preferences_windows at /Users/gregoriomorelli/.pub-cache/hosted/pub.dev/shared_preferences_windows-2.4.1/
[        ] Found plugin path_provider_windows at /Users/gregoriomorelli/.pub-cache/hosted/pub.dev/path_provider_windows-2.3.0/
[        ] Found plugin shared_preferences_web at /Users/gregoriomorelli/.pub-cache/hosted/pub.dev/shared_preferences_web-2.4.3/
[        ] Found plugin shared_preferences_linux at /Users/gregoriomorelli/.pub-cache/hosted/pub.dev/shared_preferences_linux-2.4.1/
[        ] Found plugin path_provider_linux at /Users/gregoriomorelli/.pub-cache/hosted/pub.dev/path_provider_linux-2.2.2/
[        ] Found plugin shared_preferences_foundation at /Users/gregoriomorelli/.pub-cache/hosted/pub.dev/shared_preferences_foundation-2.5.6/
[        ] Found plugin shared_preferences_android at /Users/gregoriomorelli/.pub-cache/hosted/pub.dev/shared_preferences_android-2.4.27/
[        ] Found plugin app_links at /Users/gregoriomorelli/.pub-cache/hosted/pub.dev/app_links-7.2.1/
[        ] Found plugin app_links_web at /Users/gregoriomorelli/.pub-cache/hosted/pub.dev/app_links_web-1.0.4/
[        ] Found plugin app_links_linux at /Users/gregoriomorelli/.pub-cache/hosted/pub.dev/app_links_linux-1.0.3/
[        ] Found plugin gtk at /Users/gregoriomorelli/.pub-cache/hosted/pub.dev/gtk-2.2.0/
[        ] Found plugin image_picker at /Users/gregoriomorelli/.pub-cache/hosted/pub.dev/image_picker-1.2.3/
[        ] Found plugin image_picker_windows at /Users/gregoriomorelli/.pub-cache/hosted/pub.dev/image_picker_windows-0.2.2/
[        ] Found plugin file_selector_windows at /Users/gregoriomorelli/.pub-cache/hosted/pub.dev/file_selector_windows-0.9.3+5/
[        ] Found plugin image_picker_macos at /Users/gregoriomorelli/.pub-cache/hosted/pub.dev/image_picker_macos-0.2.2+1/
[        ] Found plugin file_selector_macos at /Users/gregoriomorelli/.pub-cache/hosted/pub.dev/file_selector_macos-0.9.5/
[        ] Found plugin image_picker_linux at /Users/gregoriomorelli/.pub-cache/hosted/pub.dev/image_picker_linux-0.2.2/
[        ] Found plugin file_selector_linux at /Users/gregoriomorelli/.pub-cache/hosted/pub.dev/file_selector_linux-0.9.4/
[        ] Found plugin image_picker_ios at /Users/gregoriomorelli/.pub-cache/hosted/pub.dev/image_picker_ios-0.8.13+6/
[        ] Found plugin image_picker_for_web at /Users/gregoriomorelli/.pub-cache/hosted/pub.dev/image_picker_for_web-3.1.1/
[        ] Found plugin image_picker_android at /Users/gregoriomorelli/.pub-cache/hosted/pub.dev/image_picker_android-0.8.13+19/
[        ] Found plugin flutter_plugin_android_lifecycle at /Users/gregoriomorelli/.pub-cache/hosted/pub.dev/flutter_plugin_android_lifecycle-2.0.35/
[        ] Found plugin path_provider at /Users/gregoriomorelli/.pub-cache/hosted/pub.dev/path_provider-2.1.6/
[        ] Found plugin path_provider_foundation at /Users/gregoriomorelli/.pub-cache/hosted/pub.dev/path_provider_foundation-2.6.0/
[        ] Found plugin path_provider_android at /Users/gregoriomorelli/.pub-cache/hosted/pub.dev/path_provider_android-2.3.1/
[        ] Found plugin jni_flutter at /Users/gregoriomorelli/.pub-cache/hosted/pub.dev/jni_flutter-1.0.1/
[        ] Found plugin jni at /Users/gregoriomorelli/.pub-cache/hosted/pub.dev/jni-1.0.0/
[        ] Found plugin geolocator at /Users/gregoriomorelli/.pub-cache/hosted/pub.dev/geolocator-13.0.4/
[        ] Found plugin geolocator_windows at /Users/gregoriomorelli/.pub-cache/hosted/pub.dev/geolocator_windows-0.2.5/
[        ] Found plugin geolocator_web at /Users/gregoriomorelli/.pub-cache/hosted/pub.dev/geolocator_web-4.1.4/
[        ] Found plugin geolocator_apple at /Users/gregoriomorelli/.pub-cache/hosted/pub.dev/geolocator_apple-2.3.14/
[        ] Found plugin geolocator_android at /Users/gregoriomorelli/.pub-cache/hosted/pub.dev/geolocator_android-4.6.2/
[        ] Found plugin geocoding at /Users/gregoriomorelli/.pub-cache/hosted/pub.dev/geocoding-3.0.0/
[        ] Found plugin geocoding_ios at /Users/gregoriomorelli/.pub-cache/hosted/pub.dev/geocoding_ios-3.1.0/
[        ] Found plugin geocoding_android at /Users/gregoriomorelli/.pub-cache/hosted/pub.dev/geocoding_android-3.3.1/
[        ] Found plugin flutter_web_auth_2 at /Users/gregoriomorelli/.pub-cache/hosted/pub.dev/flutter_web_auth_2-5.0.3/
[        ] Found plugin window_to_front at /Users/gregoriomorelli/.pub-cache/hosted/pub.dev/window_to_front-0.0.4/
[        ] Found plugin desktop_webview_window at /Users/gregoriomorelli/.pub-cache/hosted/pub.dev/desktop_webview_window-0.3.0/
[   +1 ms] Found plugin flutter_secure_storage at /Users/gregoriomorelli/.pub-cache/hosted/pub.dev/flutter_secure_storage-10.3.1/
[        ] Found plugin flutter_secure_storage_windows at /Users/gregoriomorelli/.pub-cache/hosted/pub.dev/flutter_secure_storage_windows-4.2.2/
[        ] Found plugin flutter_secure_storage_web at /Users/gregoriomorelli/.pub-cache/hosted/pub.dev/flutter_secure_storage_web-2.1.1/
[        ] Found plugin flutter_secure_storage_linux at /Users/gregoriomorelli/.pub-cache/hosted/pub.dev/flutter_secure_storage_linux-3.0.1/
[        ] Found plugin flutter_secure_storage_darwin at /Users/gregoriomorelli/.pub-cache/hosted/pub.dev/flutter_secure_storage_darwin-0.3.2/
[   +1 ms] Found plugin flutter_appauth at /Users/gregoriomorelli/.pub-cache/hosted/pub.dev/flutter_appauth-12.0.2/
[        ] Found plugin firebase_messaging at /Users/gregoriomorelli/.pub-cache/hosted/pub.dev/firebase_messaging-15.2.10/
[        ] Found plugin firebase_messaging_web at /Users/gregoriomorelli/.pub-cache/hosted/pub.dev/firebase_messaging_web-3.10.10/
[        ] Found plugin firebase_core at /Users/gregoriomorelli/.pub-cache/hosted/pub.dev/firebase_core-3.15.2/
[        ] Found plugin firebase_core_web at /Users/gregoriomorelli/.pub-cache/hosted/pub.dev/firebase_core_web-2.24.1/
[        ] Found plugin connectivity_plus at /Users/gregoriomorelli/.pub-cache/hosted/pub.dev/connectivity_plus-6.1.5/
[   +1 ms] Found plugin sqflite at /Users/gregoriomorelli/.pub-cache/hosted/pub.dev/sqflite-2.4.3/
[        ] Found plugin sqflite_darwin at /Users/gregoriomorelli/.pub-cache/hosted/pub.dev/sqflite_darwin-2.4.3+1/
[        ] Found plugin sqflite_android at /Users/gregoriomorelli/.pub-cache/hosted/pub.dev/sqflite_android-2.4.3/
[   +5 ms] Generating /Users/gregoriomorelli/Documents/vibra/android/app/src/main/java/io/flutter/plugins/GeneratedPluginRegistrant.java
[        ] Skipping generating GeneratedPluginRegistrant.java because it is up-to-date.
[   +1 ms] Skipping generating generated_plugin_registrant.h because it is up-to-date.
[        ] Skipping generating generated_plugin_registrant.cc because it is up-to-date.
[        ] Skipping generating generated_plugins.cmake because it is up-to-date.
[        ] Skipping generating generated_plugin_registrant.h because it is up-to-date.
[        ] Skipping generating generated_plugin_registrant.cc because it is up-to-date.
[        ] Skipping generating generated_plugins.cmake because it is up-to-date.
[   +1 ms] Skipping generating GeneratedPluginRegistrant.h because it is up-to-date.
[        ] Skipping generating GeneratedPluginRegistrant.m because it is up-to-date.
[        ] Skipping generating GeneratedPluginRegistrant.swift because it is up-to-date.
[   +8 ms] executing: sysctl hw.optional.arm64
[   +2 ms] Exit code 0 from: sysctl hw.optional.arm64
[        ] hw.optional.arm64: 1
[        ] executing: /usr/bin/arch -arm64e xcrun xcodebuild -version
[  +55 ms] Exit code 0 from: /usr/bin/arch -arm64e xcrun xcodebuild -version
[        ] Xcode 26.5
           Build version 17F42
[  +11 ms] executing: [/Users/gregoriomorelli/Documents/vibra/ios/] /usr/bin/arch -arm64e xcrun xcodebuild -clonedSourcePackagesDirPath /Users/gregoriomorelli/Documents/vibra/build/ios/SourcePackages -resolvePackageDependencies
[+1063 ms] executing: [/Users/gregoriomorelli/Documents/vibra/ios/] /usr/bin/arch -arm64e xcrun xcodebuild -clonedSourcePackagesDirPath /Users/gregoriomorelli/Documents/vibra/build/ios/SourcePackages -skipPackageUpdates -skipPackagePluginValidation -skipPackageSignatureValidation -list
[ +833 ms] Command line invocation:
               /Applications/Xcode.app/Contents/Developer/usr/bin/xcodebuild -clonedSourcePackagesDirPath /Users/gregoriomorelli/Documents/vibra/build/ios/SourcePackages -skipPackageUpdates -skipPackagePluginValidation -skipPackageSignatureValidation -list

           Resolve Package Graph


           Resolved source packages:
             FlutterGeneratedPluginSwiftPackage: /Users/gregoriomorelli/Documents/vibra/ios/Flutter/ephemeral/Packages/FlutterGeneratedPluginSwiftPackage

           Information about project "Runner":
               Targets:
                   Runner
                   RunnerTests

               Build Configurations:
                   Debug
                   Release
                   Profile

               If no build configuration is specified and -scheme is not passed then "Release" is used.

               Schemes:
                   FlutterGeneratedPluginSwiftPackage
                   Runner
[   +2 ms] executing: [/Users/gregoriomorelli/Documents/vibra/ios/Runner.xcodeproj/] /usr/bin/arch -arm64e xcrun xcodebuild -clonedSourcePackagesDirPath /Users/gregoriomorelli/Documents/vibra/build/ios/SourcePackages -skipPackageUpdates -skipPackagePluginValidation -skipPackageSignatureValidation -project /Users/gregoriomorelli/Documents/vibra/ios/Runner.xcodeproj -scheme Runner -configuration Debug -destination generic/platform=iOS -showBuildSettings BUILD_DIR=/Users/gregoriomorelli/Documents/vibra/build/ios
[        ] executing: [/Users/gregoriomorelli/Documents/vibra/ios/Runner.xcodeproj/] /usr/bin/arch -arm64e xcrun xcodebuild -clonedSourcePackagesDirPath /Users/gregoriomorelli/Documents/vibra/build/ios/SourcePackages -skipPackageUpdates -skipPackagePluginValidation -skipPackageSignatureValidation -project /Users/gregoriomorelli/Documents/vibra/ios/Runner.xcodeproj -scheme Runner -configuration Debug -destination generic/platform=iOS -showBuildSettings BUILD_DIR=/Users/gregoriomorelli/Documents/vibra/build/ios
[ +714 ms] Command line invocation:
               /Applications/Xcode.app/Contents/Developer/usr/bin/xcodebuild -clonedSourcePackagesDirPath /Users/gregoriomorelli/Documents/vibra/build/ios/SourcePackages -skipPackageUpdates -skipPackagePluginValidation -skipPackageSignatureValidation -project /Users/gregoriomorelli/Documents/vibra/ios/Runner.xcodeproj -scheme Runner -configuration Debug -destination generic/platform=iOS -showBuildSettings BUILD_DIR=/Users/gregoriomorelli/Documents/vibra/build/ios

           Build settings from command line:
               BUILD_DIR = /Users/gregoriomorelli/Documents/vibra/build/ios

           Resolve Package Graph


           Resolved source packages:
             FlutterGeneratedPluginSwiftPackage: /Users/gregoriomorelli/Documents/vibra/ios/Flutter/ephemeral/Packages/FlutterGeneratedPluginSwiftPackage

           Build settings for action build and target Runner:
               ACTION = build
               AD_HOC_CODE_SIGNING_ALLOWED = NO
               AGGREGATE_TRACKED_DOMAINS = YES
               ALLOW_BUILD_REQUEST_OVERRIDES = NO
               ALLOW_TARGET_PLATFORM_SPECIALIZATION = NO
               ALTERNATE_GROUP = staff
               ALTERNATE_MODE = u+w,go-w,a+rX
               ALTERNATE_OWNER = gregoriomorelli
               ALTERNATIVE_DISTRIBUTION_WEB = NO
               ALWAYS_EMBED_SWIFT_STANDARD_LIBRARIES = YES
               ALWAYS_SEARCH_USER_PATHS = NO
               ALWAYS_USE_SEPARATE_HEADERMAPS = NO
               APPLICATION_EXTENSION_API_ONLY = NO
               APPLY_RULES_IN_COPY_FILES = NO
               APPLY_RULES_IN_COPY_HEADERS = NO
               APP_SHORTCUTS_ENABLE_FLEXIBLE_MATCHING = YES
               ARCHS = arm64
               ARCHS_BASE = arm64
               ARCHS_STANDARD = arm64
               ARCHS_STANDARD_32_64_BIT = armv7 arm64
               ARCHS_STANDARD_32_BIT = armv7
               ARCHS_STANDARD_64_BIT = arm64
               ARCHS_STANDARD_INCLUDING_64_BIT = arm64
               ARCHS_UNIVERSAL_IPHONE_OS = armv7 arm64
               ASSETCATALOG_COMPILER_APPICON_NAME = AppIcon
               ASSETCATALOG_COMPILER_GENERATE_SWIFT_ASSET_SYMBOL_EXTENSIONS = YES
               AUTOMATICALLY_MERGE_DEPENDENCIES = NO
               AUTOMATION_APPLE_EVENTS = NO
               AVAILABLE_PLATFORMS = android appletvos appletvsimulator driverkit freebsd iphoneos iphonesimulator linux macosx none openbsd qnx watchos watchsimulator webassembly xros xrsimulator
               BUILD_ACTIVE_RESOURCES_ONLY = NO
               BUILD_COMPONENTS = headers build
               BUILD_DIR = /Users/gregoriomorelli/Documents/vibra/build/ios
               BUILD_LIBRARY_FOR_DISTRIBUTION = NO
               BUILD_ONLY_KNOWN_LOCALIZATIONS = NO
               BUILD_ROOT = /Users/gregoriomorelli/Library/Developer/Xcode/DerivedData/Runner-eiuqraglirgrtydtleshibyurnzt/Build/Products
               BUILD_STYLE = 
               BUILD_VARIANTS = normal
               BUILT_PRODUCTS_DIR = /Users/gregoriomorelli/Documents/vibra/build/ios/Debug-iphoneos
               BUNDLE_CONTENTS_FOLDER_PATH_deep = Contents/
               BUNDLE_EXECUTABLE_FOLDER_NAME_deep = MacOS
               BUNDLE_EXTENSIONS_FOLDER_PATH = Extensions
               BUNDLE_FORMAT = shallow
               BUNDLE_FRAMEWORKS_FOLDER_PATH = Frameworks
               BUNDLE_PLUGINS_FOLDER_PATH = PlugIns
               BUNDLE_PRIVATE_HEADERS_FOLDER_PATH = PrivateHeaders
               BUNDLE_PUBLIC_HEADERS_FOLDER_PATH = Headers
               CACHE_ROOT = /var/folders/pg/x6t89f2n7s7299rcw8hv33180000gn/C/com.apple.DeveloperTools/26.5-17F42/Xcode
               CCHROOT = /var/folders/pg/x6t89f2n7s7299rcw8hv33180000gn/C/com.apple.DeveloperTools/26.5-17F42/Xcode
               CHMOD = /bin/chmod
               CHOWN = chown
               CLANG_ANALYZER_NONNULL = YES
               CLANG_CACHE_FINE_GRAINED_OUTPUTS = YES
               CLANG_CXX_LANGUAGE_STANDARD = gnu++0x
               CLANG_CXX_LIBRARY = libc++
               CLANG_ENABLE_EXPLICIT_MODULES = YES
               CLANG_ENABLE_MODULES = YES
               CLANG_ENABLE_OBJC_ARC = YES
               CLANG_MODULES_BUILD_SESSION_FILE = /Users/gregoriomorelli/Library/Developer/Xcode/DerivedData/ModuleCache.noindex/Session.modulevalidation
               CLANG_WARN_BLOCK_CAPTURE_AUTORELEASING = YES
               CLANG_WARN_BOOL_CONVERSION = YES
               CLANG_WARN_COMMA = YES
               CLANG_WARN_CONSTANT_CONVERSION = YES
               CLANG_WARN_DEPRECATED_OBJC_IMPLEMENTATIONS = YES
               CLANG_WARN_DIRECT_OBJC_ISA_USAGE = YES_ERROR
               CLANG_WARN_EMPTY_BODY = YES
               CLANG_WARN_ENUM_CONVERSION = YES
               CLANG_WARN_INFINITE_RECURSION = YES
               CLANG_WARN_INT_CONVERSION = YES
               CLANG_WARN_NON_LITERAL_NULL_CONVERSION = YES
               CLANG_WARN_OBJC_IMPLICIT_RETAIN_SELF = YES
               CLANG_WARN_OBJC_LITERAL_CONVERSION = YES
               CLANG_WARN_OBJC_ROOT_CLASS = YES_ERROR
               CLANG_WARN_QUOTED_INCLUDE_IN_FRAMEWORK_HEADER = NO
               CLANG_WARN_RANGE_LOOP_ANALYSIS = YES
               CLANG_WARN_STRICT_PROTOTYPES = YES
               CLANG_WARN_SUSPICIOUS_MOVE = YES
               CLANG_WARN_UNREACHABLE_CODE = YES
               CLANG_WARN__DUPLICATE_METHOD_MATCH = YES
               CLASS_FILE_DIR = /Users/gregoriomorelli/Library/Developer/Xcode/DerivedData/Runner-eiuqraglirgrtydtleshibyurnzt/Build/Intermediates.noindex/Runner.build/Debug-iphoneos/Runner.build/JavaClasses
               CLEAN_PRECOMPS = YES
               CLONE_HEADERS = NO
               COCOAPODS_PARALLEL_CODE_SIGN = true
               CODESIGNING_FOLDER_PATH = /Users/gregoriomorelli/Documents/vibra/build/ios/Debug-iphoneos/Runner.app
               CODE_SIGNING_ALLOWED = YES
               CODE_SIGNING_REQUIRED = YES
               CODE_SIGN_CONTEXT_CLASS = XCiPhoneOSCodeSignContext
               CODE_SIGN_IDENTITY = iPhone Developer
               CODE_SIGN_INJECT_BASE_ENTITLEMENTS = YES
               COLOR_DIAGNOSTICS = NO
               COMBINE_HIDPI_IMAGES = NO
               COMPILATION_CACHE_CAS_PATH = /Users/gregoriomorelli/Library/Developer/Xcode/DerivedData/CompilationCache.noindex
               COMPILATION_CACHE_KEEP_CAS_DIRECTORY = YES
               COMPILER_INDEX_STORE_ENABLE = Default
               COMPOSITE_SDK_DIRS = /Users/gregoriomorelli/Library/Developer/Xcode/DerivedData/Runner-eiuqraglirgrtydtleshibyurnzt/Build/Intermediates.noindex/CompositeSDKs
               COMPRESS_PNG_FILES = YES
               CONFIGURATION = Debug
               CONFIGURATION_BUILD_DIR = /Users/gregoriomorelli/Documents/vibra/build/ios/Debug-iphoneos
               CONFIGURATION_TEMP_DIR = /Users/gregoriomorelli/Library/Developer/Xcode/DerivedData/Runner-eiuqraglirgrtydtleshibyurnzt/Build/Intermediates.noindex/Runner.build/Debug-iphoneos
               CONTENTS_FOLDER_PATH = Runner.app
               CONTENTS_FOLDER_PATH_SHALLOW_BUNDLE_NO = Runner.app/Contents
               CONTENTS_FOLDER_PATH_SHALLOW_BUNDLE_YES = Runner.app
               COPYING_PRESERVES_HFS_DATA = NO
               COPY_HEADERS_RUN_UNIFDEF = NO
               COPY_PHASE_STRIP = NO
               CORRESPONDING_SIMULATOR_PLATFORM_DIR = /Applications/Xcode.app/Contents/Developer/Platforms/iPhoneSimulator.platform
               CORRESPONDING_SIMULATOR_PLATFORM_NAME = iphonesimulator
               CORRESPONDING_SIMULATOR_SDK_DIR = /Applications/Xcode.app/Contents/Developer/Platforms/iPhoneSimulator.platform/Developer/SDKs/iPhoneSimulator26.5.sdk
               CORRESPONDING_SIMULATOR_SDK_NAME = iphonesimulator26.5
               CP = /bin/cp
               CREATE_INFOPLIST_SECTION_IN_BINARY = NO
               CURRENT_ARCH = undefined_arch
               CURRENT_PROJECT_VERSION = 1
               CURRENT_VARIANT = normal
               DART_DEFINES = RkxVVFRFUl9WRVJTSU9OPTMuNDQuMg==,RkxVVFRFUl9DSEFOTkVMPXN0YWJsZQ==,RkxVVFRFUl9HSVRfVVJMPWh0dHBzOi8vZ2l0aHViLmNvbS9mbHV0dGVyL2ZsdXR0ZXIuZ2l0,RkxVVFRFUl9GUkFNRVdPUktfUkVWSVNJT049YzlhNmM0ODQyMw==,RkxVVFRFUl9FTkdJTkVfUkVWSVNJT049NzdlMmU5NDc3Mg==,RkxVVFRFUl9EQVJUX1ZFUlNJT049My4xMi4y
               DART_OBFUSCATION = false
               DEAD_CODE_STRIPPING = YES
               DEBUGGING_SYMBOLS = YES
               DEBUG_INFORMATION_FORMAT = dwarf
               DEBUG_INFORMATION_VERSION = compiler-default
               DEFAULT_COMPILER = com.apple.compilers.llvm.clang.1_0
               DEFAULT_DEXT_INSTALL_PATH = /System/Library/DriverExtensions
               DEFAULT_KEXT_INSTALL_PATH = /System/Library/Extensions
               DEFINES_MODULE = NO
               DEPLOYMENT_LOCATION = NO
               DEPLOYMENT_POSTPROCESSING = NO
               DEPLOYMENT_TARGET_SETTING_NAME = IPHONEOS_DEPLOYMENT_TARGET
               DEPLOYMENT_TARGET_SUGGESTED_VALUES = 12.0 12.1 12.2 12.3 12.4 13.0 13.1 13.2 13.3 13.4 13.5 13.6 14.0 14.1 14.2 14.3 14.4 14.5 14.6 14.7 15.0 15.1 15.2 15.3 15.4 15.5 15.6 16.0 16.1 16.2 16.3 16.4 16.5 16.6 17.0 17.1 17.2 17.3 17.4 17.5 17.6 18.0 18.1 18.2 18.3 18.4 18.5 18.6 26.0 26.2 26.3 26.4 26.5
               DERIVED_FILES_DIR = /Users/gregoriomorelli/Library/Developer/Xcode/DerivedData/Runner-eiuqraglirgrtydtleshibyurnzt/Build/Intermediates.noindex/Runner.build/Debug-iphoneos/Runner.build/DerivedSources
               DERIVED_FILE_DIR = /Users/gregoriomorelli/Library/Developer/Xcode/DerivedData/Runner-eiuqraglirgrtydtleshibyurnzt/Build/Intermediates.noindex/Runner.build/Debug-iphoneos/Runner.build/DerivedSources
               DERIVED_SOURCES_DIR = /Users/gregoriomorelli/Library/Developer/Xcode/DerivedData/Runner-eiuqraglirgrtydtleshibyurnzt/Build/Intermediates.noindex/Runner.build/Debug-iphoneos/Runner.build/DerivedSources
               DERIVE_MACCATALYST_PRODUCT_BUNDLE_IDENTIFIER = NO
               DEVELOPER_APPLICATIONS_DIR = /Applications/Xcode.app/Contents/Developer/Applications
               DEVELOPER_BIN_DIR = /Applications/Xcode.app/Contents/Developer/usr/bin
               DEVELOPER_DIR = /Applications/Xcode.app/Contents/Developer
               DEVELOPER_FRAMEWORKS_DIR = /Applications/Xcode.app/Contents/Developer/Library/Frameworks
               DEVELOPER_FRAMEWORKS_DIR_QUOTED = /Applications/Xcode.app/Contents/Developer/Library/Frameworks
               DEVELOPER_LIBRARY_DIR = /Applications/Xcode.app/Contents/Developer/Library
               DEVELOPER_SDK_DIR = /Applications/Xcode.app/Contents/Developer/Platforms/MacOSX.platform/Developer/SDKs
               DEVELOPER_TOOLS_DIR = /Applications/Xcode.app/Contents/Developer/Tools
               DEVELOPER_USR_DIR = /Applications/Xcode.app/Contents/Developer/usr
               DEVELOPMENT_LANGUAGE = en
               DIAGNOSE_MISSING_TARGET_DEPENDENCIES = YES
               DIFF = /usr/bin/diff
               DOCUMENTATION_FOLDER_PATH = Runner.app/en.lproj/Documentation
               DONT_GENERATE_INFOPLIST_FILE = NO
               DRIVERKIT_DEPLOYMENT_TARGET = 25.5
               DSTROOT = /tmp/Runner.dst
               DT_TOOLCHAIN_DIR = /Applications/Xcode.app/Contents/Developer/Toolchains/XcodeDefault.xctoolchain
               DUMP_DEPENDENCIES = NO
               DUMP_DEPENDENCIES_OUTPUT_PATH = /Users/gregoriomorelli/Library/Developer/Xcode/DerivedData/Runner-eiuqraglirgrtydtleshibyurnzt/Build/Intermediates.noindex/Runner.build/Debug-iphoneos/Runner.build/Runner-BuildDependencyInfo.json
               DWARF_DSYM_FILE_NAME = Runner.app.dSYM
               DWARF_DSYM_FILE_SHOULD_ACCOMPANY_PRODUCT = NO
               DWARF_DSYM_FOLDER_PATH = /Users/gregoriomorelli/Documents/vibra/build/ios/Debug-iphoneos
               DYNAMIC_LIBRARY_EXTENSION = dylib
               EAGER_COMPILATION_ALLOW_SCRIPTS = NO
               EAGER_LINKING = NO
               EFFECTIVE_PLATFORM_NAME = -iphoneos
               EFFECTIVE_SWIFT_VERSION = 5
               EMBEDDED_CONTENT_CONTAINS_SWIFT = NO
               EMBEDDED_PROFILE_NAME = embedded.mobileprovision
               EMBED_ASSET_PACKS_IN_PRODUCT_BUNDLE = NO
               ENABLE_APP_SANDBOX = NO
               ENABLE_BITCODE = NO
               ENABLE_CODE_COVERAGE = YES
               ENABLE_COHORT_ARCHS = NO
               ENABLE_CPLUSPLUS_BOUNDS_SAFE_BUFFERS = NO
               ENABLE_C_BOUNDS_SAFETY = NO
               ENABLE_DEBUG_DYLIB = YES
               ENABLE_DEFAULT_HEADER_SEARCH_PATHS = YES
               ENABLE_DEFAULT_SEARCH_PATHS = YES
               ENABLE_ENHANCED_SECURITY = NO
               ENABLE_HARDENED_RUNTIME = NO
               ENABLE_HEADER_DEPENDENCIES = YES
               ENABLE_INCOMING_NETWORK_CONNECTIONS = NO
               ENABLE_ON_DEMAND_RESOURCES = YES
               ENABLE_OUTGOING_NETWORK_CONNECTIONS = NO
               ENABLE_POINTER_AUTHENTICATION = NO
               ENABLE_RESOURCE_ACCESS_AUDIO_INPUT = NO
               ENABLE_RESOURCE_ACCESS_BLUETOOTH = NO
               ENABLE_RESOURCE_ACCESS_CALENDARS = NO
               ENABLE_RESOURCE_ACCESS_CAMERA = NO
               ENABLE_RESOURCE_ACCESS_CONTACTS = NO
               ENABLE_RESOURCE_ACCESS_LOCATION = NO
               ENABLE_RESOURCE_ACCESS_PHOTO_LIBRARY = NO
               ENABLE_RESOURCE_ACCESS_PRINTING = NO
               ENABLE_RESOURCE_ACCESS_USB = NO
               ENABLE_SDK_IMPORTS = NO
               ENABLE_SECURITY_COMPILER_WARNINGS = NO
               ENABLE_STRICT_OBJC_MSGSEND = YES
               ENABLE_TESTABILITY = YES
               ENABLE_TESTING_SEARCH_PATHS = NO
               ENABLE_USER_SCRIPT_SANDBOXING = NO
               ENFORCE_VALID_ARCHS = YES
               ENTITLEMENTS_ALLOWED = YES
               ENTITLEMENTS_DESTINATION = Signature
               ENTITLEMENTS_REQUIRED = NO
               EXCLUDED_ARCHS = armv7
               EXCLUDED_INSTALLSRC_SUBDIRECTORY_PATTERNS = .DS_Store .svn .git .hg CVS
               EXCLUDED_RECURSIVE_SEARCH_PATH_SUBDIRECTORIES = *.nib *.lproj *.framework *.gch *.xcode* *.xcassets *.icon (*) .DS_Store CVS .svn .git .hg *.pbproj *.pbxproj
               EXECUTABLES_FOLDER_PATH = Runner.app/Executables
               EXECUTABLE_FOLDER_PATH = Runner.app
               EXECUTABLE_FOLDER_PATH_SHALLOW_BUNDLE_NO = Runner.app/MacOS
               EXECUTABLE_FOLDER_PATH_SHALLOW_BUNDLE_YES = Runner.app
               EXECUTABLE_NAME = Runner
               EXECUTABLE_PATH = Runner.app/Runner
               EXTENSIONS_FOLDER_PATH = Runner.app/Extensions
               FILE_LIST = /Users/gregoriomorelli/Library/Developer/Xcode/DerivedData/Runner-eiuqraglirgrtydtleshibyurnzt/Build/Intermediates.noindex/Runner.build/Debug-iphoneos/Runner.build/Objects/LinkFileList
               FIXED_FILES_DIR = /Users/gregoriomorelli/Library/Developer/Xcode/DerivedData/Runner-eiuqraglirgrtydtleshibyurnzt/Build/Intermediates.noindex/Runner.build/Debug-iphoneos/Runner.build/FixedFiles
               FLUTTER_APPLICATION_PATH = /Users/gregoriomorelli/Documents/vibra
               FLUTTER_BUILD_DIR = build
               FLUTTER_BUILD_NAME = 0.1.0
               FLUTTER_BUILD_NUMBER = 1
               FLUTTER_FRAMEWORK_SWIFT_PACKAGE_PATH = /Users/gregoriomorelli/Documents/vibra/ios/Flutter/ephemeral/Packages/.packages/FlutterFramework
               FLUTTER_ROOT = /Users/gregoriomorelli/development/flutter
               FLUTTER_TARGET = lib/main.dart
               FRAMEWORKS_FOLDER_PATH = Runner.app/Frameworks
               FRAMEWORK_FLAG_PREFIX = -framework
               FRAMEWORK_SEARCH_PATHS = /Users/gregoriomorelli/Documents/vibra/build/ios/Debug-iphoneos  "/Users/gregoriomorelli/Documents/vibra/build/ios/Debug-iphoneos/AppAuth" "/Users/gregoriomorelli/Documents/vibra/build/ios/Debug-iphoneos/FirebaseCore" "/Users/gregoriomorelli/Documents/vibra/build/ios/Debug-iphoneos/FirebaseCoreInternal" "/Users/gregoriomorelli/Documents/vibra/build/ios/Debug-iphoneos/FirebaseInstallations" "/Users/gregoriomorelli/Documents/vibra/build/ios/Debug-iphoneos/FirebaseMessaging" "/Users/gregoriomorelli/Documents/vibra/build/ios/Debug-iphoneos/GoogleDataTransport" "/Users/gregoriomorelli/Documents/vibra/build/ios/Debug-iphoneos/GoogleUtilities" "/Users/gregoriomorelli/Documents/vibra/build/ios/Debug-iphoneos/PromisesObjC" "/Users/gregoriomorelli/Documents/vibra/build/ios/Debug-iphoneos/app_links" "/Users/gregoriomorelli/Documents/vibra/build/ios/Debug-iphoneos/connectivity_plus" "/Users/gregoriomorelli/Documents/vibra/build/ios/Debug-iphoneos/firebase_core" "/Users/gregoriomorelli/Documents/vibra/build/ios/Debug-iphoneos/firebase_messaging" "/Users/gregoriomorelli/Documents/vibra/build/ios/Debug-iphoneos/flutter_appauth" "/Users/gregoriomorelli/Documents/vibra/build/ios/Debug-iphoneos/flutter_secure_storage_darwin" "/Users/gregoriomorelli/Documents/vibra/build/ios/Debug-iphoneos/flutter_web_auth_2" "/Users/gregoriomorelli/Documents/vibra/build/ios/Debug-iphoneos/geocoding_ios" "/Users/gregoriomorelli/Documents/vibra/build/ios/Debug-iphoneos/geolocator_apple" "/Users/gregoriomorelli/Documents/vibra/build/ios/Debug-iphoneos/image_picker_ios" "/Users/gregoriomorelli/Documents/vibra/build/ios/Debug-iphoneos/integration_test" "/Users/gregoriomorelli/Documents/vibra/build/ios/Debug-iphoneos/nanopb" "/Users/gregoriomorelli/Documents/vibra/build/ios/Debug-iphoneos/shared_preferences_foundation" "/Users/gregoriomorelli/Documents/vibra/build/ios/Debug-iphoneos/sqflite_darwin" "/Users/gregoriomorelli/Documents/vibra/build/ios/Debug-iphoneos/url_launcher_ios"
               FRAMEWORK_VERSION = A
               FULL_PRODUCT_NAME = Runner.app
               FUSE_BUILD_PHASES = YES
               FUSE_BUILD_SCRIPT_PHASES = NO
               GCC3_VERSION = 3.3
               GCC_C_LANGUAGE_STANDARD = gnu99
               GCC_DYNAMIC_NO_PIC = NO
               GCC_INLINES_ARE_PRIVATE_EXTERN = YES
               GCC_NO_COMMON_BLOCKS = YES
               GCC_OPTIMIZATION_LEVEL = 0
               GCC_PFE_FILE_C_DIALECTS = c objective-c c++ objective-c++
               GCC_PREPROCESSOR_DEFINITIONS = DEBUG=1  COCOAPODS=1 DEBUG=1  PB_FIELD_32BIT=1 PB_NO_PACKED_STRUCTS=1 PB_ENABLE_MALLOC=1
               GCC_SYMBOLS_PRIVATE_EXTERN = NO
               GCC_THUMB_SUPPORT = YES
               GCC_TREAT_WARNINGS_AS_ERRORS = NO
               GCC_VERSION = com.apple.compilers.llvm.clang.1_0
               GCC_VERSION_IDENTIFIER = com_apple_compilers_llvm_clang_1_0
               GCC_WARN_64_TO_32_BIT_CONVERSION = YES
               GCC_WARN_ABOUT_RETURN_TYPE = YES_ERROR
               GCC_WARN_UNDECLARED_SELECTOR = YES
               GCC_WARN_UNINITIALIZED_AUTOS = YES_AGGRESSIVE
               GCC_WARN_UNUSED_FUNCTION = YES
               GCC_WARN_UNUSED_VARIABLE = YES
               GENERATED_MODULEMAP_DIR = /Users/gregoriomorelli/Library/Developer/Xcode/DerivedData/Runner-eiuqraglirgrtydtleshibyurnzt/Build/Intermediates.noindex/GeneratedModuleMaps-iphoneos
               GENERATE_INFOPLIST_FILE = NO
               GENERATE_INTERMEDIATE_TEXT_BASED_STUBS = YES
               GENERATE_PKGINFO_FILE = YES
               GENERATE_PRELINK_OBJECT_FILE = NO
               GENERATE_PROFILING_CODE = NO
               GENERATE_TEXT_BASED_STUBS = NO
               GID = 20
               GROUP = staff
               HEADERMAP_INCLUDES_FLAT_ENTRIES_FOR_TARGET_BEING_BUILT = YES
               HEADERMAP_INCLUDES_FRAMEWORK_ENTRIES_FOR_ALL_PRODUCT_TYPES = YES
               HEADERMAP_INCLUDES_FRAMEWORK_ENTRIES_FOR_TARGETS_NOT_BEING_BUILT = YES
               HEADERMAP_INCLUDES_NONPUBLIC_NONPRIVATE_HEADERS = YES
               HEADERMAP_INCLUDES_PROJECT_HEADERS = YES
               HEADERMAP_USES_FRAMEWORK_PREFIX_ENTRIES = YES
               HEADERMAP_USES_VFS = NO
               HEADER_SEARCH_PATHS = /Users/gregoriomorelli/Documents/vibra/build/ios/Debug-iphoneos/include  "/Users/gregoriomorelli/Documents/vibra/build/ios/Debug-iphoneos/AppAuth/AppAuth.framework/Headers" "/Users/gregoriomorelli/Documents/vibra/build/ios/Debug-iphoneos/FirebaseCore/FirebaseCore.framework/Headers" "/Users/gregoriomorelli/Documents/vibra/build/ios/Debug-iphoneos/FirebaseCoreInternal/FirebaseCoreInternal.framework/Headers" "/Users/gregoriomorelli/Documents/vibra/build/ios/Debug-iphoneos/FirebaseInstallations/FirebaseInstallations.framework/Headers" "/Users/gregoriomorelli/Documents/vibra/build/ios/Debug-iphoneos/FirebaseMessaging/FirebaseMessaging.framework/Headers" "/Users/gregoriomorelli/Documents/vibra/build/ios/Debug-iphoneos/GoogleDataTransport/GoogleDataTransport.framework/Headers" "/Users/gregoriomorelli/Documents/vibra/build/ios/Debug-iphoneos/GoogleUtilities/GoogleUtilities.framework/Headers" "/Users/gregoriomorelli/Documents/vibra/build/ios/Debug-iphoneos/PromisesObjC/FBLPromises.framework/Headers" "/Users/gregoriomorelli/Documents/vibra/build/ios/Debug-iphoneos/app_links/app_links.framework/Headers" "/Users/gregoriomorelli/Documents/vibra/build/ios/Debug-iphoneos/connectivity_plus/connectivity_plus.framework/Headers" "/Users/gregoriomorelli/Documents/vibra/build/ios/Debug-iphoneos/firebase_core/firebase_core.framework/Headers" "/Users/gregoriomorelli/Documents/vibra/build/ios/Debug-iphoneos/firebase_messaging/firebase_messaging.framework/Headers" "/Users/gregoriomorelli/Documents/vibra/build/ios/Debug-iphoneos/flutter_appauth/flutter_appauth.framework/Headers" "/Users/gregoriomorelli/Documents/vibra/build/ios/Debug-iphoneos/flutter_secure_storage_darwin/flutter_secure_storage_darwin.framework/Headers" "/Users/gregoriomorelli/Documents/vibra/build/ios/Debug-iphoneos/flutter_web_auth_2/flutter_web_auth_2.framework/Headers" "/Users/gregoriomorelli/Documents/vibra/build/ios/Debug-iphoneos/geocoding_ios/geocoding_ios.framework/Headers" "/Users/gregoriomorelli/Documents/vibra/build/ios/Debug-iphoneos/geolocator_apple/geolocator_apple.framework/Headers" "/Users/gregoriomorelli/Documents/vibra/build/ios/Debug-iphoneos/image_picker_ios/image_picker_ios.framework/Headers" "/Users/gregoriomorelli/Documents/vibra/build/ios/Debug-iphoneos/integration_test/integration_test.framework/Headers" "/Users/gregoriomorelli/Documents/vibra/build/ios/Debug-iphoneos/nanopb/nanopb.framework/Headers" "/Users/gregoriomorelli/Documents/vibra/build/ios/Debug-iphoneos/shared_preferences_foundation/shared_preferences_foundation.framework/Headers" "/Users/gregoriomorelli/Documents/vibra/build/ios/Debug-iphoneos/sqflite_darwin/sqflite_darwin.framework/Headers" "/Users/gregoriomorelli/Documents/vibra/build/ios/Debug-iphoneos/url_launcher_ios/url_launcher_ios.framework/Headers" "/Users/gregoriomorelli/Documents/vibra/ios/Pods/Headers/Public" "/Users/gregoriomorelli/Documents/vibra/ios/Pods/Headers/Public/Firebase"  /Users/gregoriomorelli/Documents/vibra/ios/Pods/Firebase/CoreOnly/Sources
               HOME = /Users/gregoriomorelli
               HOST_ARCH = arm64
               HOST_PLATFORM = macosx
               ICONV = /usr/bin/iconv
               IMPLICIT_DEPENDENCY_DOMAIN = default
               INDEX_STORE_COMPRESS = NO
               INDEX_STORE_ONLY_PROJECT_FILES = NO
               INFOPLIST_ENABLE_CFBUNDLEICONS_MERGE = YES
               INFOPLIST_EXPAND_BUILD_SETTINGS = YES
               INFOPLIST_FILE = Runner/Info.plist
               INFOPLIST_OUTPUT_FORMAT = binary
               INFOPLIST_PATH = Runner.app/Info.plist
               INFOPLIST_PREPROCESS = NO
               INFOSTRINGS_PATH = Runner.app/en.lproj/InfoPlist.strings
               INLINE_PRIVATE_FRAMEWORKS = NO
               INSTALLAPI_IGNORE_SKIP_INSTALL = YES
               INSTALLHDRS_COPY_PHASE = NO
               INSTALLHDRS_SCRIPT_PHASE = NO
               INSTALL_DIR = /tmp/Runner.dst/Applications
               INSTALL_GROUP = staff
               INSTALL_MODE_FLAG = u+w,go-w,a+rX
               INSTALL_OWNER = gregoriomorelli
               INSTALL_PATH = /Applications
               INSTALL_ROOT = /tmp/Runner.dst
               IPHONEOS_DEPLOYMENT_TARGET = 13.0
               IS_UNOPTIMIZED_BUILD = YES
               JAVAC_DEFAULT_FLAGS = -J-Xms64m -J-XX:NewSize=4M -J-Dfile.encoding=UTF8
               JAVA_APP_STUB = /System/Library/Frameworks/JavaVM.framework/Resources/MacOS/JavaApplicationStub
               JAVA_ARCHIVE_CLASSES = YES
               JAVA_ARCHIVE_TYPE = JAR
               JAVA_COMPILER = /usr/bin/javac
               JAVA_FOLDER_PATH = Runner.app/Java
               JAVA_FRAMEWORK_RESOURCES_DIRS = Resources
               JAVA_JAR_FLAGS = cv
               JAVA_SOURCE_SUBDIR = .
               JAVA_USE_DEPENDENCIES = YES
               JAVA_ZIP_FLAGS = -urg
               JIKES_DEFAULT_FLAGS = +E +OLDCSO
               KASAN_CFLAGS_CLASSIC = -DKASAN=1 -DKASAN_CLASSIC=1 -fsanitize=address -mllvm -asan-globals-live-support -mllvm -asan-force-dynamic-shadow
               KASAN_CFLAGS_TBI = -DKASAN=1 -DKASAN_TBI=1 -fsanitize=kernel-hwaddress -mllvm -hwasan-recover=0 -mllvm -hwasan-instrument-atomics=0 -mllvm -hwasan-instrument-stack=1 -mllvm -hwasan-generate-tags-with-calls=1 -mllvm -hwasan-instrument-with-calls=1 -mllvm -hwasan-use-short-granules=0 -mllvm -hwasan-memory-access-callback-prefix=__asan_
               KASAN_DEFAULT_CFLAGS = -DKASAN=1 -DKASAN_CLASSIC=1 -fsanitize=address -mllvm -asan-globals-live-support -mllvm -asan-force-dynamic-shadow
               KEEP_PRIVATE_EXTERNS = NO
               LD_DEPENDENCY_INFO_FILE = /Users/gregoriomorelli/Library/Developer/Xcode/DerivedData/Runner-eiuqraglirgrtydtleshibyurnzt/Build/Intermediates.noindex/Runner.build/Debug-iphoneos/Runner.build/Objects-normal/undefined_arch/Runner_dependency_info.dat
               LD_EXPORT_SYMBOLS = YES
               LD_GENERATE_MAP_FILE = NO
               LD_MAP_FILE_PATH = /Users/gregoriomorelli/Library/Developer/Xcode/DerivedData/Runner-eiuqraglirgrtydtleshibyurnzt/Build/Intermediates.noindex/Runner.build/Debug-iphoneos/Runner.build/Runner-LinkMap-normal-undefined_arch.txt
               LD_NO_PIE = NO
               LD_QUOTE_LINKER_ARGUMENTS_FOR_COMPILER_DRIVER = YES
               LD_RUNPATH_SEARCH_PATHS =  /usr/lib/swift '@executable_path/Frameworks' '@loader_path/Frameworks' @executable_path/Frameworks
               LD_RUNPATH_SEARCH_PATHS_YES = @loader_path/../Frameworks
               LD_SHARED_CACHE_ELIGIBLE = Automatic
               LD_WARN_DUPLICATE_LIBRARIES = NO
               LD_WARN_UNUSED_DYLIBS = NO
               LEGACY_DEVELOPER_DIR = /Applications/Xcode.app/Contents/PlugIns/Xcode3Core.ideplugin/Contents/SharedSupport/Developer
               LEX = lex
               LIBRARY_DEXT_INSTALL_PATH = /Library/DriverExtensions
               LIBRARY_FLAG_NOSPACE = YES
               LIBRARY_FLAG_PREFIX = -l
               LIBRARY_KEXT_INSTALL_PATH = /Library/Extensions
               LIBRARY_SEARCH_PATHS = /Users/gregoriomorelli/Documents/vibra/build/ios/Debug-iphoneos /Applications/Xcode.app/Contents/Developer/Toolchains/XcodeDefault.xctoolchain/usr/lib/swift/iphoneos /Applications/Xcode.app/Contents/Developer/Platforms/iPhoneOS.platform/Developer/SDKs/iPhoneOS26.5.sdk/usr/lib/swift /Applications/Xcode.app/Contents/Developer/Toolchains/XcodeDefault.xctoolchain/usr/lib/swift/iphoneos /Applications/Xcode.app/Contents/Developer/Platforms/iPhoneOS.platform/Developer/SDKs/iPhoneOS26.5.sdk/usr/lib/swift
               LINKER_DISPLAYS_MANGLED_NAMES = NO
               LINK_FILE_LIST_normal_arm64 = /Users/gregoriomorelli/Library/Developer/Xcode/DerivedData/Runner-eiuqraglirgrtydtleshibyurnzt/Build/Intermediates.noindex/Runner.build/Debug-iphoneos/Runner.build/Objects-normal/arm64/Runner.LinkFileList
               LINK_OBJC_RUNTIME = YES
               LINK_WITH_STANDARD_LIBRARIES = YES
               LLVM_TARGET_TRIPLE_OS_VERSION = ios13.0
               LLVM_TARGET_TRIPLE_VENDOR = apple
               LM_AUX_CONST_METADATA_LIST_PATH_normal_arm64 = /Users/gregoriomorelli/Library/Developer/Xcode/DerivedData/Runner-eiuqraglirgrtydtleshibyurnzt/Build/Intermediates.noindex/Runner.build/Debug-iphoneos/Runner.build/Objects-normal/arm64/Runner.SwiftConstValuesFileList
               LOCALIZATION_EXPORT_SUPPORTED = YES
               LOCALIZATION_PREFERS_STRING_CATALOGS = NO
               LOCALIZED_RESOURCES_FOLDER_PATH = Runner.app/en.lproj
               LOCALIZED_STRING_CODE_COMMENTS = NO
               LOCALIZED_STRING_MACRO_NAMES = NSLocalizedString CFCopyLocalizedString
               LOCALIZED_STRING_SWIFTUI_SUPPORT = YES
               LOCAL_ADMIN_APPS_DIR = /Applications/Utilities
               LOCAL_APPS_DIR = /Applications
               LOCAL_DEVELOPER_DIR = /Library/Developer
               LOCAL_LIBRARY_DIR = /Library
               LOCROOT = /Users/gregoriomorelli/Documents/vibra/ios
               LOCSYMROOT = /Users/gregoriomorelli/Documents/vibra/ios
               MACH_O_TYPE = mh_execute
               MACOSX_DEPLOYMENT_TARGET = 26.5
               MAC_OS_X_PRODUCT_BUILD_VERSION = 25F84
               MAC_OS_X_VERSION_ACTUAL = 260502
               MAC_OS_X_VERSION_MAJOR = 260000
               MAC_OS_X_VERSION_MINOR = 260500
               MAKE_MERGEABLE = NO
               MERGEABLE_LIBRARY = NO
               MERGED_BINARY_TYPE = none
               MERGE_LINKED_LIBRARIES = NO
               METAL_LIBRARY_FILE_BASE = default
               METAL_LIBRARY_OUTPUT_DIR = /Users/gregoriomorelli/Documents/vibra/build/ios/Debug-iphoneos/Runner.app
               MODULES_FOLDER_PATH = Runner.app/Modules
               MODULE_CACHE_DIR = /Users/gregoriomorelli/Library/Developer/Xcode/DerivedData/ModuleCache.noindex
               MTL_ENABLE_DEBUG_INFO = YES
               NATIVE_ARCH = arm64
               NATIVE_ARCH_32_BIT = arm
               NATIVE_ARCH_64_BIT = arm64
               NATIVE_ARCH_ACTUAL = arm64
               NO_COMMON = YES
               OBJECT_FILE_DIR = /Users/gregoriomorelli/Library/Developer/Xcode/DerivedData/Runner-eiuqraglirgrtydtleshibyurnzt/Build/Intermediates.noindex/Runner.build/Debug-iphoneos/Runner.build/Objects
               OBJECT_FILE_DIR_normal = /Users/gregoriomorelli/Library/Developer/Xcode/DerivedData/Runner-eiuqraglirgrtydtleshibyurnzt/Build/Intermediates.noindex/Runner.build/Debug-iphoneos/Runner.build/Objects-normal
               OBJROOT = /Users/gregoriomorelli/Library/Developer/Xcode/DerivedData/Runner-eiuqraglirgrtydtleshibyurnzt/Build/Intermediates.noindex
               ONLY_ACTIVE_ARCH = NO
               OS = MACOS
               OSAC = /usr/bin/osacompile
               OTHER_LDFLAGS =  -ObjC -l"sqlite3" -l"z" -framework "AppAuth" -framework "CoreTelephony" -framework "FBLPromises" -framework "FirebaseCore" -framework "FirebaseCoreInternal" -framework "FirebaseInstallations" -framework "FirebaseMessaging" -framework "Foundation" -framework "GoogleDataTransport" -framework "GoogleUtilities" -framework "SafariServices" -framework "Security" -framework "SystemConfiguration" -framework "UIKit" -framework "app_links" -framework "connectivity_plus" -framework "firebase_core" -framework "firebase_messaging" -framework "flutter_appauth" -framework "flutter_secure_storage_darwin" -framework "flutter_web_auth_2" -framework "geocoding_ios" -framework "geolocator_apple" -framework "image_picker_ios" -framework "integration_test" -framework "nanopb" -framework "shared_preferences_foundation" -framework "sqflite_darwin" -framework "url_launcher_ios" -weak_framework "AuthenticationServices" -weak_framework "UserNotifications"
               OTHER_MODULE_VERIFIER_FLAGS =  "-F/Users/gregoriomorelli/Documents/vibra/build/ios/Debug-iphoneos/AppAuth" "-F/Users/gregoriomorelli/Documents/vibra/build/ios/Debug-iphoneos/Firebase" "-F/Users/gregoriomorelli/Documents/vibra/build/ios/Debug-iphoneos/FirebaseCore" "-F/Users/gregoriomorelli/Documents/vibra/build/ios/Debug-iphoneos/FirebaseCoreInternal" "-F/Users/gregoriomorelli/Documents/vibra/build/ios/Debug-iphoneos/FirebaseInstallations" "-F/Users/gregoriomorelli/Documents/vibra/build/ios/Debug-iphoneos/FirebaseMessaging" "-F/Users/gregoriomorelli/Documents/vibra/build/ios/Debug-iphoneos/Flutter" "-F/Users/gregoriomorelli/Documents/vibra/build/ios/Debug-iphoneos/GoogleDataTransport" "-F/Users/gregoriomorelli/Documents/vibra/build/ios/Debug-iphoneos/GoogleUtilities" "-F/Users/gregoriomorelli/Documents/vibra/build/ios/Debug-iphoneos/PromisesObjC" "-F/Users/gregoriomorelli/Documents/vibra/build/ios/Debug-iphoneos/app_links" "-F/Users/gregoriomorelli/Documents/vibra/build/ios/Debug-iphoneos/connectivity_plus" "-F/Users/gregoriomorelli/Documents/vibra/build/ios/Debug-iphoneos/firebase_core" "-F/Users/gregoriomorelli/Documents/vibra/build/ios/Debug-iphoneos/firebase_messaging" "-F/Users/gregoriomorelli/Documents/vibra/build/ios/Debug-iphoneos/flutter_appauth" "-F/Users/gregoriomorelli/Documents/vibra/build/ios/Debug-iphoneos/flutter_secure_storage_darwin" "-F/Users/gregoriomorelli/Documents/vibra/build/ios/Debug-iphoneos/flutter_web_auth_2" "-F/Users/gregoriomorelli/Documents/vibra/build/ios/Debug-iphoneos/geocoding_ios" "-F/Users/gregoriomorelli/Documents/vibra/build/ios/Debug-iphoneos/geolocator_apple" "-F/Users/gregoriomorelli/Documents/vibra/build/ios/Debug-iphoneos/image_picker_ios" "-F/Users/gregoriomorelli/Documents/vibra/build/ios/Debug-iphoneos/integration_test" "-F/Users/gregoriomorelli/Documents/vibra/build/ios/Debug-iphoneos/nanopb" "-F/Users/gregoriomorelli/Documents/vibra/build/ios/Debug-iphoneos/shared_preferences_foundation" "-F/Users/gregoriomorelli/Documents/vibra/build/ios/Debug-iphoneos/sqflite_darwin" "-F/Users/gregoriomorelli/Documents/vibra/build/ios/Debug-iphoneos/url_launcher_ios"
               OTHER_SWIFT_FLAGS =  -D COCOAPODS
               PACKAGE_CONFIG = /Users/gregoriomorelli/Documents/vibra/.dart_tool/package_config.json
               PACKAGE_TYPE = com.apple.package-type.wrapper.application
               PASCAL_STRINGS = YES
               PATH = /Applications/Xcode.app/Contents/SharedFrameworks/SwiftBuild.framework/Versions/A/PlugIns/SWBBuildService.bundle/Contents/PlugIns/SWBUniversalPlatformPlugin.bundle/Contents/Frameworks/SWBUniversalPlatform.framework/Resources:/Applications/Xcode.app/Contents/Developer/Toolchains/XcodeDefault.xctoolchain/usr/bin:/Applications/Xcode.app/Contents/Developer/Toolchains/XcodeDefault.xctoolchain/usr/local/bin:/Applications/Xcode.app/Contents/Developer/Toolchains/XcodeDefault.xctoolchain/usr/libexec:/Applications/Xcode.app/Contents/Developer/Platforms/iPhoneOS.platform/usr/bin:/Applications/Xcode.app/Contents/Developer/Platforms/iPhoneOS.platform/usr/local/bin:/Applications/Xcode.app/Contents/Developer/Platforms/iPhoneOS.platform/Developer/usr/bin:/Applications/Xcode.app/Contents/Developer/Platforms/iPhoneOS.platform/Developer/usr/local/bin:/Applications/Xcode.app/Contents/Developer/usr/bin:/Applications/Xcode.app/Contents/Developer/usr/local/bin:/Users/gregoriomorelli/.gemini/antigravity/bin:/Users/gregoriomorelli/Library/Application Support/Antigravity/bin:/opt/homebrew/bin:/opt/homebrew/sbin:/Library/Developer/CommandLineTools/usr/bin:/Users/gregoriomorelli/development/flutter/bin:/Users/gregoriomorelli/Library/Android/sdk/platform-tools:/Users/gregoriomorelli/Library/Android/sdk/cmdline-tools/latest/bin:/Users/gregoriomorelli/Library/Android/sdk/emulator:/Users/gregoriomorelli/.antigravity-ide/antigravity-ide/bin:/Users/gregoriomorelli/.antigravity/antigravity/bin:/Applications/XAMPP/xamppfiles/bin:/Users/gregoriomorelli/develop/flutter/bin:/usr/local/bin:/System/Cryptexes/App/usr/bin:/usr/bin:/bin:/usr/sbin:/sbin:/var/run/com.apple.security.cryptexd/codex.system/bootstrap/usr/local/bin:/var/run/com.apple.security.cryptexd/codex.system/bootstrap/usr/bin:/var/run/com.apple.security.cryptexd/codex.system/bootstrap/usr/appleinternal/bin:/pkg/env/global/bin:/Users/gregoriomorelli/.spicetify
               PATH_PREFIXES_EXCLUDED_FROM_HEADER_DEPENDENCIES = /usr/include /usr/local/include /System/Library/Frameworks /System/Library/PrivateFrameworks /Applications/Xcode.app/Contents/Developer/Headers /Applications/Xcode.app/Contents/Developer/SDKs /Applications/Xcode.app/Contents/Developer/Platforms
               PBDEVELOPMENTPLIST_PATH = Runner.app/pbdevelopment.plist
               PER_ARCH_MODULE_FILE_DIR = /Users/gregoriomorelli/Library/Developer/Xcode/DerivedData/Runner-eiuqraglirgrtydtleshibyurnzt/Build/Intermediates.noindex/Runner.build/Debug-iphoneos/Runner.build/Objects-normal/undefined_arch
               PER_ARCH_OBJECT_FILE_DIR = /Users/gregoriomorelli/Library/Developer/Xcode/DerivedData/Runner-eiuqraglirgrtydtleshibyurnzt/Build/Intermediates.noindex/Runner.build/Debug-iphoneos/Runner.build/Objects-normal/undefined_arch
               PER_VARIANT_OBJECT_FILE_DIR = /Users/gregoriomorelli/Library/Developer/Xcode/DerivedData/Runner-eiuqraglirgrtydtleshibyurnzt/Build/Intermediates.noindex/Runner.build/Debug-iphoneos/Runner.build/Objects-normal
               PKGINFO_FILE_PATH = /Users/gregoriomorelli/Library/Developer/Xcode/DerivedData/Runner-eiuqraglirgrtydtleshibyurnzt/Build/Intermediates.noindex/Runner.build/Debug-iphoneos/Runner.build/PkgInfo
               PKGINFO_PATH = Runner.app/PkgInfo
               PLATFORM_DEVELOPER_APPLICATIONS_DIR = /Applications/Xcode.app/Contents/Developer/Platforms/iPhoneOS.platform/Developer/Applications
               PLATFORM_DEVELOPER_BIN_DIR = /Applications/Xcode.app/Contents/Developer/Platforms/iPhoneOS.platform/Developer/usr/bin
               PLATFORM_DEVELOPER_LIBRARY_DIR = /Applications/Xcode.app/Contents/Developer/Platforms/iPhoneOS.platform/Developer/Library
               PLATFORM_DEVELOPER_SDK_DIR = /Applications/Xcode.app/Contents/Developer/Platforms/iPhoneOS.platform/Developer/SDKs
               PLATFORM_DEVELOPER_TOOLS_DIR = /Applications/Xcode.app/Contents/Developer/Platforms/iPhoneOS.platform/Developer/Tools
               PLATFORM_DEVELOPER_USR_DIR = /Applications/Xcode.app/Contents/Developer/Platforms/iPhoneOS.platform/Developer/usr
               PLATFORM_DIR = /Applications/Xcode.app/Contents/Developer/Platforms/iPhoneOS.platform
               PLATFORM_DISPLAY_NAME = iOS
               PLATFORM_FAMILY_NAME = iOS
               PLATFORM_NAME = iphoneos
               PLATFORM_PREFERRED_ARCH = arm64
               PLATFORM_PRODUCT_BUILD_VERSION = 23F73
               PLATFORM_REQUIRES_SWIFT_AUTOLINK_EXTRACT = NO
               PLATFORM_REQUIRES_SWIFT_MODULEWRAP = NO
               PLATFORM_USES_DSYMS = YES
               PLIST_FILE_OUTPUT_FORMAT = binary
               PLUGINS_FOLDER_PATH = Runner.app/PlugIns
               PODS_BUILD_DIR = /Users/gregoriomorelli/Documents/vibra/build/ios
               PODS_CONFIGURATION_BUILD_DIR = /Users/gregoriomorelli/Documents/vibra/build/ios/Debug-iphoneos
               PODS_PODFILE_DIR_PATH = /Users/gregoriomorelli/Documents/vibra/ios/.
               PODS_ROOT = /Users/gregoriomorelli/Documents/vibra/ios/Pods
               PODS_XCFRAMEWORKS_BUILD_DIR = /Users/gregoriomorelli/Documents/vibra/build/ios/Debug-iphoneos/XCFrameworkIntermediates
               PRECOMPS_INCLUDE_HEADERS_FROM_BUILT_PRODUCTS_DIR = YES
               PRECOMP_DESTINATION_DIR = /Users/gregoriomorelli/Library/Developer/Xcode/DerivedData/Runner-eiuqraglirgrtydtleshibyurnzt/Build/Intermediates.noindex/Runner.build/Debug-iphoneos/Runner.build/PrefixHeaders
               PRIVATE_HEADERS_FOLDER_PATH = Runner.app/PrivateHeaders
               PROCESSED_INFOPLIST_PATH = /Users/gregoriomorelli/Library/Developer/Xcode/DerivedData/Runner-eiuqraglirgrtydtleshibyurnzt/Build/Intermediates.noindex/Runner.build/Debug-iphoneos/Runner.build/Objects-normal/undefined_arch/Processed-Info.plist
               PRODUCT_BUNDLE_IDENTIFIER = com.vibra.app
               PRODUCT_BUNDLE_PACKAGE_TYPE = APPL
               PRODUCT_MODULE_NAME = Runner
               PRODUCT_NAME = Runner
               PRODUCT_SETTINGS_PATH = /Users/gregoriomorelli/Documents/vibra/ios/Runner/Info.plist
               PRODUCT_TYPE = com.apple.product-type.application
               PROFILING_CODE = NO
               PROJECT = Runner
               PROJECT_DERIVED_FILE_DIR = /Users/gregoriomorelli/Library/Developer/Xcode/DerivedData/Runner-eiuqraglirgrtydtleshibyurnzt/Build/Intermediates.noindex/Runner.build/DerivedSources
               PROJECT_DIR = /Users/gregoriomorelli/Documents/vibra/ios
               PROJECT_FILE_PATH = /Users/gregoriomorelli/Documents/vibra/ios/Runner.xcodeproj
               PROJECT_GUID = 18c1723432283e0cc55f10a6dcfd9e02
               PROJECT_NAME = Runner
               PROJECT_TEMP_DIR = /Users/gregoriomorelli/Library/Developer/Xcode/DerivedData/Runner-eiuqraglirgrtydtleshibyurnzt/Build/Intermediates.noindex/Runner.build
               PROJECT_TEMP_ROOT = /Users/gregoriomorelli/Library/Developer/Xcode/DerivedData/Runner-eiuqraglirgrtydtleshibyurnzt/Build/Intermediates.noindex
               PROVISIONING_PROFILE_REQUIRED = YES
               PROVISIONING_PROFILE_REQUIRED_YES_YES = YES
               PROVISIONING_PROFILE_SUPPORTED = YES
               PUBLIC_HEADERS_FOLDER_PATH = Runner.app/Headers
               RECOMMENDED_IPHONEOS_DEPLOYMENT_TARGET = 15.0
               RECURSIVE_SEARCH_PATHS_FOLLOW_SYMLINKS = YES
               REMOVE_CVS_FROM_RESOURCES = YES
               REMOVE_GIT_FROM_RESOURCES = YES
               REMOVE_HEADERS_FROM_EMBEDDED_BUNDLES = YES
               REMOVE_HG_FROM_RESOURCES = YES
               REMOVE_STATIC_EXECUTABLES_FROM_EMBEDDED_BUNDLES = YES
               REMOVE_SVN_FROM_RESOURCES = YES
               RESCHEDULE_INDEPENDENT_HEADERS_PHASES = YES
               REZ_COLLECTOR_DIR = /Users/gregoriomorelli/Library/Developer/Xcode/DerivedData/Runner-eiuqraglirgrtydtleshibyurnzt/Build/Intermediates.noindex/Runner.build/Debug-iphoneos/Runner.build/ResourceManagerResources
               REZ_OBJECTS_DIR = /Users/gregoriomorelli/Library/Developer/Xcode/DerivedData/Runner-eiuqraglirgrtydtleshibyurnzt/Build/Intermediates.noindex/Runner.build/Debug-iphoneos/Runner.build/ResourceManagerResources/Objects
               REZ_SEARCH_PATHS = /Users/gregoriomorelli/Documents/vibra/build/ios/Debug-iphoneos 
               RPATH_ORIGIN = @loader_path
               RUNTIME_EXCEPTION_ALLOW_DYLD_ENVIRONMENT_VARIABLES = NO
               RUNTIME_EXCEPTION_ALLOW_JIT = NO
               RUNTIME_EXCEPTION_ALLOW_UNSIGNED_EXECUTABLE_MEMORY = NO
               RUNTIME_EXCEPTION_DEBUGGING_TOOL = NO
               RUNTIME_EXCEPTION_DISABLE_EXECUTABLE_PAGE_PROTECTION = NO
               RUNTIME_EXCEPTION_DISABLE_LIBRARY_VALIDATION = NO
               SCANNING_PCM_KEEP_CACHE_DIRECTORY = YES
               SCAN_ALL_SOURCE_FILES_FOR_INCLUDES = NO
               SCRIPTS_FOLDER_PATH = Runner.app/Scripts
               SDKROOT = /Applications/Xcode.app/Contents/Developer/Platforms/iPhoneOS.platform/Developer/SDKs/iPhoneOS26.5.sdk
               SDK_DIR = /Applications/Xcode.app/Contents/Developer/Platforms/iPhoneOS.platform/Developer/SDKs/iPhoneOS26.5.sdk
               SDK_DIR_iphoneos = /Applications/Xcode.app/Contents/Developer/Platforms/iPhoneOS.platform/Developer/SDKs/iPhoneOS26.5.sdk
               SDK_DIR_iphoneos26_5 = /Applications/Xcode.app/Contents/Developer/Platforms/iPhoneOS.platform/Developer/SDKs/iPhoneOS26.5.sdk
               SDK_NAME = iphoneos26.5
               SDK_NAMES = iphoneos26.5
               SDK_PRODUCT_BUILD_VERSION = 23F73
               SDK_STAT_CACHE_DIR = /Users/gregoriomorelli/Library/Developer/Xcode/DerivedData
               SDK_STAT_CACHE_ENABLE = YES
               SDK_STAT_CACHE_PATH = /Users/gregoriomorelli/Library/Developer/Xcode/DerivedData/SDKStatCaches.noindex/iphoneos26.5-23F73-32daed1954a7d5dd0789fcaf2a9bb78b.sdkstatcache
               SDK_VERSION = 26.5
               SDK_VERSION_ACTUAL = 260500
               SDK_VERSION_MAJOR = 260000
               SDK_VERSION_MINOR = 260500
               SED = /usr/bin/sed
               SEPARATE_STRIP = NO
               SEPARATE_SYMBOL_EDIT = NO
               SET_DIR_MODE_OWNER_GROUP = YES
               SET_FILE_MODE_OWNER_GROUP = NO
               SHALLOW_BUNDLE = YES
               SHALLOW_BUNDLE_TRIPLE = ios
               SHALLOW_BUNDLE_ios_macabi = NO
               SHALLOW_BUNDLE_macos = NO
               SHARED_DERIVED_FILE_DIR = /Users/gregoriomorelli/Documents/vibra/build/ios/Debug-iphoneos/DerivedSources
               SHARED_FRAMEWORKS_FOLDER_PATH = Runner.app/SharedFrameworks
               SHARED_PRECOMPS_DIR = /Users/gregoriomorelli/Library/Developer/Xcode/DerivedData/Runner-eiuqraglirgrtydtleshibyurnzt/Build/Intermediates.noindex/PrecompiledHeaders
               SHARED_SUPPORT_FOLDER_PATH = Runner.app/SharedSupport
               SKIP_INSTALL = NO
               SKIP_MERGEABLE_LIBRARY_BUNDLE_HOOK = NO
               SOURCE_ROOT = /Users/gregoriomorelli/Documents/vibra/ios
               SRCROOT = /Users/gregoriomorelli/Documents/vibra/ios
               STRINGSDATA_DIR = /Users/gregoriomorelli/Library/Developer/Xcode/DerivedData/Runner-eiuqraglirgrtydtleshibyurnzt/Build/Intermediates.noindex/Runner.build/Debug-iphoneos/Runner.build/Objects-normal/undefined_arch
               STRINGSDATA_ROOT = /Users/gregoriomorelli/Library/Developer/Xcode/DerivedData/Runner-eiuqraglirgrtydtleshibyurnzt/Build/Intermediates.noindex/Runner.build/Debug-iphoneos/Runner.build
               STRINGS_FILE_INFOPLIST_RENAME = YES
               STRINGS_FILE_OUTPUT_ENCODING = binary
               STRING_CATALOG_GENERATE_SYMBOLS = NO
               STRIP_BITCODE_FROM_COPIED_FILES = YES
               STRIP_INSTALLED_PRODUCT = NO
               STRIP_STYLE = all
               STRIP_SWIFT_SYMBOLS = YES
               SUPPORTED_DEVICE_FAMILIES = 1,2
               SUPPORTED_PLATFORMS = iphoneos iphonesimulator
               SUPPORTS_MACCATALYST = NO
               SUPPORTS_MAC_DESIGNED_FOR_IPHONE_IPAD = YES
               SUPPORTS_ON_DEMAND_RESOURCES = YES
               SUPPORTS_TEXT_BASED_API = NO
               SUPPORTS_XR_DESIGNED_FOR_IPHONE_IPAD = YES
               SUPPRESS_WARNINGS = NO
               SWIFT_EMIT_CONST_VALUE_PROTOCOLS = AnyResolverProviding AppEntity AppEnum AppExtension AppIntent AppIntentsPackage AppShortcutProviding AppShortcutsProvider AppUnionValue AppUnionValueCasesProviding DynamicOptionsProvider EntityQuery ExtensionPointDefining IntentValueQuery Resolver TransientEntity _AssistantIntentsProvider _GenerativeFunctionExtractable _IntentValueRepresentable
               SWIFT_EMIT_LOC_STRINGS = NO
               SWIFT_ENABLE_EXPLICIT_MODULES = YES
               SWIFT_OBJC_BRIDGING_HEADER = Runner/Runner-Bridging-Header.h
               SWIFT_OPTIMIZATION_LEVEL = -Onone
               SWIFT_PLATFORM_TARGET_PREFIX = ios
               SWIFT_RESPONSE_FILE_PATH_normal_arm64 = /Users/gregoriomorelli/Library/Developer/Xcode/DerivedData/Runner-eiuqraglirgrtydtleshibyurnzt/Build/Intermediates.noindex/Runner.build/Debug-iphoneos/Runner.build/Objects-normal/arm64/Runner.SwiftFileList
               SWIFT_VERSION = 5.0
               SYMROOT = /Users/gregoriomorelli/Library/Developer/Xcode/DerivedData/Runner-eiuqraglirgrtydtleshibyurnzt/Build/Products
               SYSTEM_ADMIN_APPS_DIR = /Applications/Utilities
               SYSTEM_APPS_DIR = /Applications
               SYSTEM_CORE_SERVICES_DIR = /System/Library/CoreServices
               SYSTEM_DEMOS_DIR = /Applications/Extras
               SYSTEM_DEVELOPER_APPS_DIR = /Applications/Xcode.app/Contents/Developer/Applications
               SYSTEM_DEVELOPER_BIN_DIR = /Applications/Xcode.app/Contents/Developer/usr/bin
               SYSTEM_DEVELOPER_DEMOS_DIR = /Applications/Xcode.app/Contents/Developer/Applications/Utilities/Built Examples
               SYSTEM_DEVELOPER_DIR = /Applications/Xcode.app/Contents/Developer
               SYSTEM_DEVELOPER_DOC_DIR = /Applications/Xcode.app/Contents/Developer/ADC Reference Library
               SYSTEM_DEVELOPER_GRAPHICS_TOOLS_DIR = /Applications/Xcode.app/Contents/Developer/Applications/Graphics Tools
               SYSTEM_DEVELOPER_JAVA_TOOLS_DIR = /Applications/Xcode.app/Contents/Developer/Applications/Java Tools
               SYSTEM_DEVELOPER_PERFORMANCE_TOOLS_DIR = /Applications/Xcode.app/Contents/Developer/Applications/Performance Tools
               SYSTEM_DEVELOPER_RELEASENOTES_DIR = /Applications/Xcode.app/Contents/Developer/ADC Reference Library/releasenotes
               SYSTEM_DEVELOPER_TOOLS = /Applications/Xcode.app/Contents/Developer/Tools
               SYSTEM_DEVELOPER_TOOLS_DOC_DIR = /Applications/Xcode.app/Contents/Developer/ADC Reference Library/documentation/DeveloperTools
               SYSTEM_DEVELOPER_TOOLS_RELEASENOTES_DIR = /Applications/Xcode.app/Contents/Developer/ADC Reference Library/releasenotes/DeveloperTools
               SYSTEM_DEVELOPER_USR_DIR = /Applications/Xcode.app/Contents/Developer/usr
               SYSTEM_DEVELOPER_UTILITIES_DIR = /Applications/Xcode.app/Contents/Developer/Applications/Utilities
               SYSTEM_DEXT_INSTALL_PATH = /System/Library/DriverExtensions
               SYSTEM_DOCUMENTATION_DIR = /Library/Documentation
               SYSTEM_EXTENSIONS_FOLDER_PATH = Runner.app/SystemExtensions
               SYSTEM_EXTENSIONS_FOLDER_PATH_SHALLOW_BUNDLE_NO = Runner.app/Library/SystemExtensions
               SYSTEM_EXTENSIONS_FOLDER_PATH_SHALLOW_BUNDLE_YES = Runner.app/SystemExtensions
               SYSTEM_KEXT_INSTALL_PATH = /System/Library/Extensions
               SYSTEM_LIBRARY_DIR = /System/Library
               TAPI_DEMANGLE = YES
               TAPI_ENABLE_PROJECT_HEADERS = NO
               TAPI_LANGUAGE = objective-c
               TAPI_LANGUAGE_STANDARD = compiler-default
               TAPI_USE_SRCROOT = YES
               TAPI_VERIFY_MODE = Pedantic
               TARGETED_DEVICE_FAMILY = 1,2
               TARGETNAME = Runner
               TARGET_BUILD_DIR = /Users/gregoriomorelli/Documents/vibra/build/ios/Debug-iphoneos
               TARGET_NAME = Runner
               TARGET_TEMP_DIR = /Users/gregoriomorelli/Library/Developer/Xcode/DerivedData/Runner-eiuqraglirgrtydtleshibyurnzt/Build/Intermediates.noindex/Runner.build/Debug-iphoneos/Runner.build
               TEMP_DIR = /Users/gregoriomorelli/Library/Developer/Xcode/DerivedData/Runner-eiuqraglirgrtydtleshibyurnzt/Build/Intermediates.noindex/Runner.build/Debug-iphoneos/Runner.build
               TEMP_FILES_DIR = /Users/gregoriomorelli/Library/Developer/Xcode/DerivedData/Runner-eiuqraglirgrtydtleshibyurnzt/Build/Intermediates.noindex/Runner.build/Debug-iphoneos/Runner.build
               TEMP_FILE_DIR = /Users/gregoriomorelli/Library/Developer/Xcode/DerivedData/Runner-eiuqraglirgrtydtleshibyurnzt/Build/Intermediates.noindex/Runner.build/Debug-iphoneos/Runner.build
               TEMP_ROOT = /Users/gregoriomorelli/Library/Developer/Xcode/DerivedData/Runner-eiuqraglirgrtydtleshibyurnzt/Build/Intermediates.noindex
               TEMP_SANDBOX_DIR = /Users/gregoriomorelli/Library/Developer/Xcode/DerivedData/Runner-eiuqraglirgrtydtleshibyurnzt/Build/Intermediates.noindex/TemporaryTaskSandboxes
               TEST_FRAMEWORK_SEARCH_PATHS =  /Applications/Xcode.app/Contents/Developer/Platforms/iPhoneOS.platform/Developer/Library/Frameworks /Applications/Xcode.app/Contents/Developer/Platforms/iPhoneOS.platform/Developer/SDKs/iPhoneOS26.5.sdk/Developer/Library/Frameworks
               TEST_LIBRARY_SEARCH_PATHS =  /Applications/Xcode.app/Contents/Developer/Platforms/iPhoneOS.platform/Developer/usr/lib
               TOOLCHAINS = com.apple.dt.toolchain.XcodeDefault
               TOOLCHAIN_DIR = /Applications/Xcode.app/Contents/Developer/Toolchains/XcodeDefault.xctoolchain
               TRACK_WIDGET_CREATION = false
               TREAT_MISSING_BASELINES_AS_TEST_FAILURES = NO
               TREAT_MISSING_SCRIPT_PHASE_OUTPUTS_AS_ERRORS = NO
               TREE_SHAKE_ICONS = false
               TVOS_DEPLOYMENT_TARGET = 26.5
               UID = 501
               UNINSTALLED_PRODUCTS_DIR = /Users/gregoriomorelli/Library/Developer/Xcode/DerivedData/Runner-eiuqraglirgrtydtleshibyurnzt/Build/Intermediates.noindex/UninstalledProducts
               UNLOCALIZED_RESOURCES_FOLDER_PATH = Runner.app
               UNLOCALIZED_RESOURCES_FOLDER_PATH_SHALLOW_BUNDLE_NO = Runner.app/Resources
               UNLOCALIZED_RESOURCES_FOLDER_PATH_SHALLOW_BUNDLE_YES = Runner.app
               UNSTRIPPED_PRODUCT = NO
               USER = gregoriomorelli
               USER_APPS_DIR = /Users/gregoriomorelli/Applications
               USER_LIBRARY_DIR = /Users/gregoriomorelli/Library
               USE_DYNAMIC_NO_PIC = YES
               USE_HEADERMAP = YES
               USE_HEADER_SYMLINKS = NO
               USE_RECURSIVE_SCRIPT_INPUTS_IN_SCRIPT_PHASES = YES
               VALIDATE_DEVELOPMENT_ASSET_PATHS = YES_ERROR
               VALIDATE_PRODUCT = NO
               VALID_ARCHS = arm64 arm64e armv7 armv7s
               VERBOSE_PBXCP = NO
               VERSIONING_SYSTEM = apple-generic
               VERSIONPLIST_PATH = Runner.app/version.plist
               VERSION_INFO_BUILDER = gregoriomorelli
               VERSION_INFO_FILE = Runner_vers.c
               VERSION_INFO_STRING = "@(#)PROGRAM:Runner  PROJECT:Runner-1"
               WATCHOS_DEPLOYMENT_TARGET = 26.5
               WORKSPACE_DIR = /Users/gregoriomorelli/Documents/vibra/ios/Runner.xcodeproj
               WRAPPER_EXTENSION = app
               WRAPPER_NAME = Runner.app
               WRAPPER_SUFFIX = .app
               WRAP_ASSET_PACKS_IN_SEPARATE_DIRECTORIES = NO
               XCODE_APP_SUPPORT_DIR = /Applications/Xcode.app/Contents/Developer/Library/Xcode
               XCODE_PRODUCT_BUILD_VERSION = 17F42
               XCODE_VERSION_ACTUAL = 2650
               XCODE_VERSION_MAJOR = 2600
               XCODE_VERSION_MINOR = 2650
               XPCSERVICES_FOLDER_PATH = Runner.app/XPCServices
               XROS_DEPLOYMENT_TARGET = 26.5
               YACC = yacc
               _DISCOVER_COMMAND_LINE_LINKER_INPUTS = YES
               _DISCOVER_COMMAND_LINE_LINKER_INPUTS_INCLUDE_WL = YES
               _LD_MULTIARCH = YES
               _WRAPPER_CONTENTS_DIR_SHALLOW_BUNDLE_NO = /Contents
               _WRAPPER_PARENT_PATH_SHALLOW_BUNDLE_NO = /..
               _WRAPPER_RESOURCES_DIR_SHALLOW_BUNDLE_NO = /Resources
               __DIAGNOSE_DEPRECATED_ARCHS = YES
               __IS_NOT_MACOS = YES
               __IS_NOT_MACOS_macosx = NO
               __IS_NOT_SIMULATOR = YES
               __IS_NOT_SIMULATOR_simulator = NO
               __ORIGINAL_SDK_DEFINED_LLVM_TARGET_TRIPLE_SYS = ios
               arch = undefined_arch
               variant = normal
[   +3 ms] executing: /usr/bin/plutil -convert xml1 -o - /Users/gregoriomorelli/Documents/vibra/ios/Runner/Info.plist
[   +4 ms] Exit code 0 from: /usr/bin/plutil -convert xml1 -o - /Users/gregoriomorelli/Documents/vibra/ios/Runner/Info.plist
[        ] <?xml version="1.0" encoding="UTF-8"?>
           <!DOCTYPE plist PUBLIC "-//Apple//DTD PLIST 1.0//EN" "http://www.apple.com/DTDs/PropertyList-1.0.dtd">
           <plist version="1.0">
           <dict>
           	<key>CADisableMinimumFrameDurationOnPhone</key>
           	<true/>
           	<key>CFBundleDevelopmentRegion</key>
           	<string>$(DEVELOPMENT_LANGUAGE)</string>
           	<key>CFBundleDisplayName</key>
           	<string>Vibra</string>
           	<key>CFBundleExecutable</key>
           	<string>$(EXECUTABLE_NAME)</string>
           	<key>CFBundleIdentifier</key>
           	<string>$(PRODUCT_BUNDLE_IDENTIFIER)</string>
           	<key>CFBundleInfoDictionaryVersion</key>
           	<string>6.0</string>
           	<key>CFBundleName</key>
           	<string>Vibra</string>
           	<key>CFBundlePackageType</key>
           	<string>APPL</string>
           	<key>CFBundleShortVersionString</key>
           	<string>$(FLUTTER_BUILD_NAME)</string>
           	<key>CFBundleSignature</key>
           	<string>????</string>
           	<key>CFBundleURLTypes</key>
           	<array>
           		<dict>
           			<key>CFBundleTypeRole</key>
           			<string>Editor</string>
           			<key>CFBundleURLName</key>
           			<string>com.vibra.app</string>
           			<key>CFBundleURLSchemes</key>
           			<array>
           				<string>com.vibra.app</string>
           			</array>
           		</dict>
           	</array>
           	<key>CFBundleVersion</key>
           	<string>$(FLUTTER_BUILD_NUMBER)</string>
           	<key>LSRequiresIPhoneOS</key>
           	<true/>
           	<key>NSCameraUsageDescription</key>
           	<string>Vibra ha bisogno della fotocamera per scattare una foto profilo.</string>
           	<key>NSLocationAlwaysUsageDescription</key>
           	<string>Vibra utilizza la tua posizione in background per inviarti notifiche su eventi nelle vicinanze.</string>
           	<key>NSLocationWhenInUseUsageDescription</key>
           	<string>Vibra utilizza la tua posizione per trovare concerti ed eventi vicino a te e per attivare la modalità Live durante gli eventi.</string>
           	<key>NSPhotoLibraryUsageDescription</key>
           	<string>Vibra ha bisogno di accedere alla galleria per impostare la tua foto profilo.</string>
           	<key>UIApplicationSceneManifest</key>
           	<dict>
           		<key>UIApplicationSupportsMultipleScenes</key>
           		<false/>
           		<key>UISceneConfigurations</key>
           		<dict>
           			<key>UIWindowSceneSessionRoleApplication</key>
           			<array>
           				<dict>
           					<key>UISceneClassName</key>
           					<string>UIWindowScene</string>
           					<key>UISceneConfigurationName</key>
           					<string>flutter</string>
           					<key>UISceneDelegateClassName</key>
           					<string>$(PRODUCT_MODULE_NAME).SceneDelegate</string>
           					<key>UISceneStoryboardFile</key>
           					<string>Main</string>
           				</dict>
           			</array>
           		</dict>
           	</dict>
           	<key>UIApplicationSupportsIndirectInputEvents</key>
           	<true/>
           	<key>UILaunchStoryboardName</key>
           	<string>LaunchScreen</string>
           	<key>UIMainStoryboardFile</key>
           	<string>Main</string>
           	<key>UISupportedInterfaceOrientations</key>
           	<array>
           		<string>UIInterfaceOrientationPortrait</string>
           	</array>
           	<key>UISupportedInterfaceOrientations~ipad</key>
           	<array>
           		<string>UIInterfaceOrientationPortrait</string>
           		<string>UIInterfaceOrientationPortraitUpsideDown</string>
           		<string>UIInterfaceOrientationLandscapeLeft</string>
           		<string>UIInterfaceOrientationLandscapeRight</string>
           	</array>
           </dict>
           </plist>
[  +25 ms] Building com.vibra.app for simulator (ios)...
[   +9 ms] Xcode workspace settings not found, skipping build system migration
[        ] Xcode project workspace data not found, skipping build location migration.
[   +8 ms] The Swift Package Manager feature is off. Skipping the migration that adds Swift Package Manager integration...
[  +13 ms] executing: xattr -r -d com.apple.FinderInfo /Users/gregoriomorelli/Documents/vibra
[ +634 ms] Failed to remove com.apple.FinderInfo from /Users/gregoriomorelli/Documents/vibra
[        ] executing: xattr -r -d com.apple.provenance /Users/gregoriomorelli/Documents/vibra
[ +803 ms] Failed to remove com.apple.provenance from /Users/gregoriomorelli/Documents/vibra
[  +19 ms] Found plugin integration_test at /Users/gregoriomorelli/development/flutter/packages/integration_test/
[   +3 ms] Found plugin url_launcher at /Users/gregoriomorelli/.pub-cache/hosted/pub.dev/url_launcher-6.3.2/
[        ] Found plugin url_launcher_windows at /Users/gregoriomorelli/.pub-cache/hosted/pub.dev/url_launcher_windows-3.1.5/
[        ] Found plugin url_launcher_web at /Users/gregoriomorelli/.pub-cache/hosted/pub.dev/url_launcher_web-2.4.3/
[        ] Found plugin url_launcher_macos at /Users/gregoriomorelli/.pub-cache/hosted/pub.dev/url_launcher_macos-3.2.5/
[        ] Found plugin url_launcher_linux at /Users/gregoriomorelli/.pub-cache/hosted/pub.dev/url_launcher_linux-3.2.2/
[        ] Found plugin url_launcher_ios at /Users/gregoriomorelli/.pub-cache/hosted/pub.dev/url_launcher_ios-6.4.1/
[        ] Found plugin url_launcher_android at /Users/gregoriomorelli/.pub-cache/hosted/pub.dev/url_launcher_android-6.3.32/
[   +2 ms] Found plugin shared_preferences at /Users/gregoriomorelli/.pub-cache/hosted/pub.dev/shared_preferences-2.5.5/
[        ] Found plugin shared_preferences_windows at /Users/gregoriomorelli/.pub-cache/hosted/pub.dev/shared_preferences_windows-2.4.1/
[        ] Found plugin path_provider_windows at /Users/gregoriomorelli/.pub-cache/hosted/pub.dev/path_provider_windows-2.3.0/
[        ] Found plugin shared_preferences_web at /Users/gregoriomorelli/.pub-cache/hosted/pub.dev/shared_preferences_web-2.4.3/
[        ] Found plugin shared_preferences_linux at /Users/gregoriomorelli/.pub-cache/hosted/pub.dev/shared_preferences_linux-2.4.1/
[        ] Found plugin path_provider_linux at /Users/gregoriomorelli/.pub-cache/hosted/pub.dev/path_provider_linux-2.2.2/
[        ] Found plugin shared_preferences_foundation at /Users/gregoriomorelli/.pub-cache/hosted/pub.dev/shared_preferences_foundation-2.5.6/
[        ] Found plugin shared_preferences_android at /Users/gregoriomorelli/.pub-cache/hosted/pub.dev/shared_preferences_android-2.4.27/
[        ] Found plugin app_links at /Users/gregoriomorelli/.pub-cache/hosted/pub.dev/app_links-7.2.1/
[        ] Found plugin app_links_web at /Users/gregoriomorelli/.pub-cache/hosted/pub.dev/app_links_web-1.0.4/
[        ] Found plugin app_links_linux at /Users/gregoriomorelli/.pub-cache/hosted/pub.dev/app_links_linux-1.0.3/
[        ] Found plugin gtk at /Users/gregoriomorelli/.pub-cache/hosted/pub.dev/gtk-2.2.0/
[   +1 ms] Found plugin image_picker at /Users/gregoriomorelli/.pub-cache/hosted/pub.dev/image_picker-1.2.3/
[        ] Found plugin image_picker_windows at /Users/gregoriomorelli/.pub-cache/hosted/pub.dev/image_picker_windows-0.2.2/
[        ] Found plugin file_selector_windows at /Users/gregoriomorelli/.pub-cache/hosted/pub.dev/file_selector_windows-0.9.3+5/
[        ] Found plugin image_picker_macos at /Users/gregoriomorelli/.pub-cache/hosted/pub.dev/image_picker_macos-0.2.2+1/
[        ] Found plugin file_selector_macos at /Users/gregoriomorelli/.pub-cache/hosted/pub.dev/file_selector_macos-0.9.5/
[        ] Found plugin image_picker_linux at /Users/gregoriomorelli/.pub-cache/hosted/pub.dev/image_picker_linux-0.2.2/
[        ] Found plugin file_selector_linux at /Users/gregoriomorelli/.pub-cache/hosted/pub.dev/file_selector_linux-0.9.4/
[        ] Found plugin image_picker_ios at /Users/gregoriomorelli/.pub-cache/hosted/pub.dev/image_picker_ios-0.8.13+6/
[        ] Found plugin image_picker_for_web at /Users/gregoriomorelli/.pub-cache/hosted/pub.dev/image_picker_for_web-3.1.1/
[        ] Found plugin image_picker_android at /Users/gregoriomorelli/.pub-cache/hosted/pub.dev/image_picker_android-0.8.13+19/
[        ] Found plugin flutter_plugin_android_lifecycle at /Users/gregoriomorelli/.pub-cache/hosted/pub.dev/flutter_plugin_android_lifecycle-2.0.35/
[        ] Found plugin path_provider at /Users/gregoriomorelli/.pub-cache/hosted/pub.dev/path_provider-2.1.6/
[        ] Found plugin path_provider_foundation at /Users/gregoriomorelli/.pub-cache/hosted/pub.dev/path_provider_foundation-2.6.0/
[        ] Found plugin path_provider_android at /Users/gregoriomorelli/.pub-cache/hosted/pub.dev/path_provider_android-2.3.1/
[        ] Found plugin jni_flutter at /Users/gregoriomorelli/.pub-cache/hosted/pub.dev/jni_flutter-1.0.1/
[        ] Found plugin jni at /Users/gregoriomorelli/.pub-cache/hosted/pub.dev/jni-1.0.0/
[        ] Found plugin geolocator at /Users/gregoriomorelli/.pub-cache/hosted/pub.dev/geolocator-13.0.4/
[        ] Found plugin geolocator_windows at /Users/gregoriomorelli/.pub-cache/hosted/pub.dev/geolocator_windows-0.2.5/
[        ] Found plugin geolocator_web at /Users/gregoriomorelli/.pub-cache/hosted/pub.dev/geolocator_web-4.1.4/
[        ] Found plugin geolocator_apple at /Users/gregoriomorelli/.pub-cache/hosted/pub.dev/geolocator_apple-2.3.14/
[        ] Found plugin geolocator_android at /Users/gregoriomorelli/.pub-cache/hosted/pub.dev/geolocator_android-4.6.2/
[        ] Found plugin geocoding at /Users/gregoriomorelli/.pub-cache/hosted/pub.dev/geocoding-3.0.0/
[        ] Found plugin geocoding_ios at /Users/gregoriomorelli/.pub-cache/hosted/pub.dev/geocoding_ios-3.1.0/
[        ] Found plugin geocoding_android at /Users/gregoriomorelli/.pub-cache/hosted/pub.dev/geocoding_android-3.3.1/
[        ] Found plugin flutter_web_auth_2 at /Users/gregoriomorelli/.pub-cache/hosted/pub.dev/flutter_web_auth_2-5.0.3/
[        ] Found plugin window_to_front at /Users/gregoriomorelli/.pub-cache/hosted/pub.dev/window_to_front-0.0.4/
[        ] Found plugin desktop_webview_window at /Users/gregoriomorelli/.pub-cache/hosted/pub.dev/desktop_webview_window-0.3.0/
[   +1 ms] Found plugin flutter_secure_storage at /Users/gregoriomorelli/.pub-cache/hosted/pub.dev/flutter_secure_storage-10.3.1/
[        ] Found plugin flutter_secure_storage_windows at /Users/gregoriomorelli/.pub-cache/hosted/pub.dev/flutter_secure_storage_windows-4.2.2/
[        ] Found plugin flutter_secure_storage_web at /Users/gregoriomorelli/.pub-cache/hosted/pub.dev/flutter_secure_storage_web-2.1.1/
[        ] Found plugin flutter_secure_storage_linux at /Users/gregoriomorelli/.pub-cache/hosted/pub.dev/flutter_secure_storage_linux-3.0.1/
[   +3 ms] Found plugin flutter_secure_storage_darwin at /Users/gregoriomorelli/.pub-cache/hosted/pub.dev/flutter_secure_storage_darwin-0.3.2/
[   +2 ms] Found plugin flutter_appauth at /Users/gregoriomorelli/.pub-cache/hosted/pub.dev/flutter_appauth-12.0.2/
[        ] Found plugin firebase_messaging at /Users/gregoriomorelli/.pub-cache/hosted/pub.dev/firebase_messaging-15.2.10/
[        ] Found plugin firebase_messaging_web at /Users/gregoriomorelli/.pub-cache/hosted/pub.dev/firebase_messaging_web-3.10.10/
[        ] Found plugin firebase_core at /Users/gregoriomorelli/.pub-cache/hosted/pub.dev/firebase_core-3.15.2/
[        ] Found plugin firebase_core_web at /Users/gregoriomorelli/.pub-cache/hosted/pub.dev/firebase_core_web-2.24.1/
[        ] Found plugin connectivity_plus at /Users/gregoriomorelli/.pub-cache/hosted/pub.dev/connectivity_plus-6.1.5/
[   +1 ms] Found plugin sqflite at /Users/gregoriomorelli/.pub-cache/hosted/pub.dev/sqflite-2.4.3/
[        ] Found plugin sqflite_darwin at /Users/gregoriomorelli/.pub-cache/hosted/pub.dev/sqflite_darwin-2.4.3+1/
[        ] Found plugin sqflite_android at /Users/gregoriomorelli/.pub-cache/hosted/pub.dev/sqflite_android-2.4.3/
[   +2 ms] executing: [/Users/gregoriomorelli/Documents/vibra/ios/Runner.xcodeproj/] /usr/bin/arch -arm64e xcrun xcodebuild -clonedSourcePackagesDirPath /Users/gregoriomorelli/Documents/vibra/build/ios/SourcePackages -skipPackageUpdates -skipPackagePluginValidation -skipPackageSignatureValidation -project /Users/gregoriomorelli/Documents/vibra/ios/Runner.xcodeproj -scheme Runner -configuration Debug -sdk iphonesimulator -destination generic/platform=iOS Simulator -showBuildSettings BUILD_DIR=/Users/gregoriomorelli/Documents/vibra/build/ios
[        ] executing: [/Users/gregoriomorelli/Documents/vibra/ios/Runner.xcodeproj/] /usr/bin/arch -arm64e xcrun xcodebuild -clonedSourcePackagesDirPath /Users/gregoriomorelli/Documents/vibra/build/ios/SourcePackages -skipPackageUpdates -skipPackagePluginValidation -skipPackageSignatureValidation -project /Users/gregoriomorelli/Documents/vibra/ios/Runner.xcodeproj -scheme Runner -configuration Debug -sdk iphonesimulator -destination generic/platform=iOS Simulator -showBuildSettings BUILD_DIR=/Users/gregoriomorelli/Documents/vibra/build/ios
[ +880 ms] Command line invocation:
               /Applications/Xcode.app/Contents/Developer/usr/bin/xcodebuild -clonedSourcePackagesDirPath /Users/gregoriomorelli/Documents/vibra/build/ios/SourcePackages -skipPackageUpdates -skipPackagePluginValidation -skipPackageSignatureValidation -project /Users/gregoriomorelli/Documents/vibra/ios/Runner.xcodeproj -scheme Runner -configuration Debug -sdk iphonesimulator -destination "generic/platform=iOS Simulator" -showBuildSettings BUILD_DIR=/Users/gregoriomorelli/Documents/vibra/build/ios

           Build settings from command line:
               BUILD_DIR = /Users/gregoriomorelli/Documents/vibra/build/ios
               SDKROOT = iphonesimulator26.5

           Resolve Package Graph


           Resolved source packages:
             FlutterGeneratedPluginSwiftPackage: /Users/gregoriomorelli/Documents/vibra/ios/Flutter/ephemeral/Packages/FlutterGeneratedPluginSwiftPackage

           Build settings for action build and target Runner:
               ACTION = build
               AD_HOC_CODE_SIGNING_ALLOWED = YES
               AGGREGATE_TRACKED_DOMAINS = YES
               ALLOW_BUILD_REQUEST_OVERRIDES = NO
               ALLOW_TARGET_PLATFORM_SPECIALIZATION = NO
               ALTERNATE_GROUP = staff
               ALTERNATE_MODE = u+w,go-w,a+rX
               ALTERNATE_OWNER = gregoriomorelli
               ALTERNATIVE_DISTRIBUTION_WEB = NO
               ALWAYS_EMBED_SWIFT_STANDARD_LIBRARIES = YES
               ALWAYS_SEARCH_USER_PATHS = NO
               ALWAYS_USE_SEPARATE_HEADERMAPS = NO
               APPLICATION_EXTENSION_API_ONLY = NO
               APPLY_RULES_IN_COPY_FILES = NO
               APPLY_RULES_IN_COPY_HEADERS = NO
               APP_SHORTCUTS_ENABLE_FLEXIBLE_MATCHING = YES
               ARCHS = arm64 x86_64
               ARCHS_BASE = arm64 x86_64
               ARCHS_STANDARD = arm64 x86_64
               ARCHS_STANDARD_32_64_BIT = arm64 x86_64
               ARCHS_STANDARD_64_BIT = arm64 x86_64
               ARCHS_STANDARD_INCLUDING_64_BIT = arm64 x86_64
               ARCHS_UNIVERSAL_IPHONE_OS = arm64 x86_64
               ASSETCATALOG_COMPILER_APPICON_NAME = AppIcon
               ASSETCATALOG_COMPILER_GENERATE_SWIFT_ASSET_SYMBOL_EXTENSIONS = YES
               AUTOMATICALLY_MERGE_DEPENDENCIES = NO
               AUTOMATION_APPLE_EVENTS = NO
               AVAILABLE_PLATFORMS = android appletvos appletvsimulator driverkit freebsd iphoneos iphonesimulator linux macosx none openbsd qnx watchos watchsimulator webassembly xros xrsimulator
               BUILD_ACTIVE_RESOURCES_ONLY = NO
               BUILD_COMPONENTS = headers build
               BUILD_DIR = /Users/gregoriomorelli/Documents/vibra/build/ios
               BUILD_LIBRARY_FOR_DISTRIBUTION = NO
               BUILD_ONLY_KNOWN_LOCALIZATIONS = NO
               BUILD_ROOT = /Users/gregoriomorelli/Library/Developer/Xcode/DerivedData/Runner-eiuqraglirgrtydtleshibyurnzt/Build/Products
               BUILD_STYLE = 
               BUILD_VARIANTS = normal
               BUILT_PRODUCTS_DIR = /Users/gregoriomorelli/Documents/vibra/build/ios/Debug-iphonesimulator
               BUNDLE_CONTENTS_FOLDER_PATH_deep = Contents/
               BUNDLE_EXECUTABLE_FOLDER_NAME_deep = MacOS
               BUNDLE_EXTENSIONS_FOLDER_PATH = Extensions
               BUNDLE_FORMAT = shallow
               BUNDLE_FRAMEWORKS_FOLDER_PATH = Frameworks
               BUNDLE_PLUGINS_FOLDER_PATH = PlugIns
               BUNDLE_PRIVATE_HEADERS_FOLDER_PATH = PrivateHeaders
               BUNDLE_PUBLIC_HEADERS_FOLDER_PATH = Headers
               CACHE_ROOT = /var/folders/pg/x6t89f2n7s7299rcw8hv33180000gn/C/com.apple.DeveloperTools/26.5-17F42/Xcode
               CCHROOT = /var/folders/pg/x6t89f2n7s7299rcw8hv33180000gn/C/com.apple.DeveloperTools/26.5-17F42/Xcode
               CHMOD = /bin/chmod
               CHOWN = chown
               CLANG_ANALYZER_NONNULL = YES
               CLANG_CACHE_FINE_GRAINED_OUTPUTS = YES
               CLANG_CXX_LANGUAGE_STANDARD = gnu++0x
               CLANG_CXX_LIBRARY = libc++
               CLANG_ENABLE_EXPLICIT_MODULES = YES
               CLANG_ENABLE_MODULES = YES
               CLANG_ENABLE_OBJC_ARC = YES
               CLANG_MODULES_BUILD_SESSION_FILE = /Users/gregoriomorelli/Library/Developer/Xcode/DerivedData/ModuleCache.noindex/Session.modulevalidation
               CLANG_WARN_BLOCK_CAPTURE_AUTORELEASING = YES
               CLANG_WARN_BOOL_CONVERSION = YES
               CLANG_WARN_COMMA = YES
               CLANG_WARN_CONSTANT_CONVERSION = YES
               CLANG_WARN_DEPRECATED_OBJC_IMPLEMENTATIONS = YES
               CLANG_WARN_DIRECT_OBJC_ISA_USAGE = YES_ERROR
               CLANG_WARN_EMPTY_BODY = YES
               CLANG_WARN_ENUM_CONVERSION = YES
               CLANG_WARN_INFINITE_RECURSION = YES
               CLANG_WARN_INT_CONVERSION = YES
               CLANG_WARN_NON_LITERAL_NULL_CONVERSION = YES
               CLANG_WARN_OBJC_IMPLICIT_RETAIN_SELF = YES
               CLANG_WARN_OBJC_LITERAL_CONVERSION = YES
               CLANG_WARN_OBJC_ROOT_CLASS = YES_ERROR
               CLANG_WARN_QUOTED_INCLUDE_IN_FRAMEWORK_HEADER = NO
               CLANG_WARN_RANGE_LOOP_ANALYSIS = YES
               CLANG_WARN_STRICT_PROTOTYPES = YES
               CLANG_WARN_SUSPICIOUS_MOVE = YES
               CLANG_WARN_UNREACHABLE_CODE = YES
               CLANG_WARN__DUPLICATE_METHOD_MATCH = YES
               CLASS_FILE_DIR = /Users/gregoriomorelli/Library/Developer/Xcode/DerivedData/Runner-eiuqraglirgrtydtleshibyurnzt/Build/Intermediates.noindex/Runner.build/Debug-iphonesimulator/Runner.build/JavaClasses
               CLEAN_PRECOMPS = YES
               CLONE_HEADERS = NO
               COCOAPODS_PARALLEL_CODE_SIGN = true
               CODESIGNING_FOLDER_PATH = /Users/gregoriomorelli/Documents/vibra/build/ios/Debug-iphonesimulator/Runner.app
               CODE_SIGNING_ALLOWED = YES
               CODE_SIGNING_REQUIRED = YES
               CODE_SIGN_CONTEXT_CLASS = XCiPhoneSimulatorCodeSignContext
               CODE_SIGN_IDENTITY = -
               CODE_SIGN_INJECT_BASE_ENTITLEMENTS = YES
               COLOR_DIAGNOSTICS = NO
               COMBINE_HIDPI_IMAGES = NO
               COMPILATION_CACHE_CAS_PATH = /Users/gregoriomorelli/Library/Developer/Xcode/DerivedData/CompilationCache.noindex
               COMPILATION_CACHE_KEEP_CAS_DIRECTORY = YES
               COMPILER_INDEX_STORE_ENABLE = Default
               COMPOSITE_SDK_DIRS = /Users/gregoriomorelli/Library/Developer/Xcode/DerivedData/Runner-eiuqraglirgrtydtleshibyurnzt/Build/Intermediates.noindex/CompositeSDKs
               COMPRESS_PNG_FILES = YES
               CONFIGURATION = Debug
               CONFIGURATION_BUILD_DIR = /Users/gregoriomorelli/Documents/vibra/build/ios/Debug-iphonesimulator
               CONFIGURATION_TEMP_DIR = /Users/gregoriomorelli/Library/Developer/Xcode/DerivedData/Runner-eiuqraglirgrtydtleshibyurnzt/Build/Intermediates.noindex/Runner.build/Debug-iphonesimulator
               CONTENTS_FOLDER_PATH = Runner.app
               CONTENTS_FOLDER_PATH_SHALLOW_BUNDLE_NO = Runner.app/Contents
               CONTENTS_FOLDER_PATH_SHALLOW_BUNDLE_YES = Runner.app
               COPYING_PRESERVES_HFS_DATA = NO
               COPY_HEADERS_RUN_UNIFDEF = NO
               COPY_PHASE_STRIP = NO
               CORRESPONDING_DEVICE_PLATFORM_DIR = /Applications/Xcode.app/Contents/Developer/Platforms/iPhoneOS.platform
               CORRESPONDING_DEVICE_PLATFORM_NAME = iphoneos
               CORRESPONDING_DEVICE_SDK_DIR = /Applications/Xcode.app/Contents/Developer/Platforms/iPhoneOS.platform/Developer/SDKs/iPhoneOS26.5.sdk
               CORRESPONDING_DEVICE_SDK_NAME = iphoneos26.5
               CP = /bin/cp
               CREATE_INFOPLIST_SECTION_IN_BINARY = NO
               CURRENT_ARCH = undefined_arch
               CURRENT_PROJECT_VERSION = 1
               CURRENT_VARIANT = normal
               DART_DEFINES = RkxVVFRFUl9WRVJTSU9OPTMuNDQuMg==,RkxVVFRFUl9DSEFOTkVMPXN0YWJsZQ==,RkxVVFRFUl9HSVRfVVJMPWh0dHBzOi8vZ2l0aHViLmNvbS9mbHV0dGVyL2ZsdXR0ZXIuZ2l0,RkxVVFRFUl9GUkFNRVdPUktfUkVWSVNJT049YzlhNmM0ODQyMw==,RkxVVFRFUl9FTkdJTkVfUkVWSVNJT049NzdlMmU5NDc3Mg==,RkxVVFRFUl9EQVJUX1ZFUlNJT049My4xMi4y
               DART_OBFUSCATION = false
               DEAD_CODE_STRIPPING = YES
               DEBUGGING_SYMBOLS = YES
               DEBUG_INFORMATION_FORMAT = dwarf
               DEBUG_INFORMATION_VERSION = compiler-default
               DEFAULT_COMPILER = com.apple.compilers.llvm.clang.1_0
               DEFAULT_DEXT_INSTALL_PATH = /System/Library/DriverExtensions
               DEFAULT_KEXT_INSTALL_PATH = /System/Library/Extensions
               DEFINES_MODULE = NO
               DEPLOYMENT_LOCATION = NO
               DEPLOYMENT_POSTPROCESSING = NO
               DEPLOYMENT_TARGET_SETTING_NAME = IPHONEOS_DEPLOYMENT_TARGET
               DEPLOYMENT_TARGET_SUGGESTED_VALUES = 12.0 12.1 12.2 12.3 12.4 13.0 13.1 13.2 13.3 13.4 13.5 13.6 14.0 14.1 14.2 14.3 14.4 14.5 14.6 14.7 15.0 15.1 15.2 15.3 15.4 15.5 15.6 16.0 16.1 16.2 16.3 16.4 16.5 16.6 17.0 17.1 17.2 17.3 17.4 17.5 17.6 18.0 18.1 18.2 18.3 18.4 18.5 18.6 26.0 26.2 26.3 26.4 26.5
               DERIVED_FILES_DIR = /Users/gregoriomorelli/Library/Developer/Xcode/DerivedData/Runner-eiuqraglirgrtydtleshibyurnzt/Build/Intermediates.noindex/Runner.build/Debug-iphonesimulator/Runner.build/DerivedSources
               DERIVED_FILE_DIR = /Users/gregoriomorelli/Library/Developer/Xcode/DerivedData/Runner-eiuqraglirgrtydtleshibyurnzt/Build/Intermediates.noindex/Runner.build/Debug-iphonesimulator/Runner.build/DerivedSources
               DERIVED_SOURCES_DIR = /Users/gregoriomorelli/Library/Developer/Xcode/DerivedData/Runner-eiuqraglirgrtydtleshibyurnzt/Build/Intermediates.noindex/Runner.build/Debug-iphonesimulator/Runner.build/DerivedSources
               DEVELOPER_APPLICATIONS_DIR = /Applications/Xcode.app/Contents/Developer/Applications
               DEVELOPER_BIN_DIR = /Applications/Xcode.app/Contents/Developer/usr/bin
               DEVELOPER_DIR = /Applications/Xcode.app/Contents/Developer
               DEVELOPER_FRAMEWORKS_DIR = /Applications/Xcode.app/Contents/Developer/Library/Frameworks
               DEVELOPER_FRAMEWORKS_DIR_QUOTED = /Applications/Xcode.app/Contents/Developer/Library/Frameworks
               DEVELOPER_LIBRARY_DIR = /Applications/Xcode.app/Contents/Developer/Library
               DEVELOPER_SDK_DIR = /Applications/Xcode.app/Contents/Developer/Platforms/MacOSX.platform/Developer/SDKs
               DEVELOPER_TOOLS_DIR = /Applications/Xcode.app/Contents/Developer/Tools
               DEVELOPER_USR_DIR = /Applications/Xcode.app/Contents/Developer/usr
               DEVELOPMENT_LANGUAGE = en
               DIAGNOSE_MISSING_TARGET_DEPENDENCIES = YES
               DIFF = /usr/bin/diff
               DOCUMENTATION_FOLDER_PATH = Runner.app/en.lproj/Documentation
               DONT_GENERATE_INFOPLIST_FILE = NO
               DRIVERKIT_DEPLOYMENT_TARGET = 25.5
               DSTROOT = /tmp/Runner.dst
               DT_TOOLCHAIN_DIR = /Applications/Xcode.app/Contents/Developer/Toolchains/XcodeDefault.xctoolchain
               DUMP_DEPENDENCIES = NO
               DUMP_DEPENDENCIES_OUTPUT_PATH = /Users/gregoriomorelli/Library/Developer/Xcode/DerivedData/Runner-eiuqraglirgrtydtleshibyurnzt/Build/Intermediates.noindex/Runner.build/Debug-iphonesimulator/Runner.build/Runner-BuildDependencyInfo.json
               DWARF_DSYM_FILE_NAME = Runner.app.dSYM
               DWARF_DSYM_FILE_SHOULD_ACCOMPANY_PRODUCT = NO
               DWARF_DSYM_FOLDER_PATH = /Users/gregoriomorelli/Documents/vibra/build/ios/Debug-iphonesimulator
               DYNAMIC_LIBRARY_EXTENSION = dylib
               EAGER_COMPILATION_ALLOW_SCRIPTS = NO
               EAGER_LINKING = NO
               EFFECTIVE_PLATFORM_NAME = -iphonesimulator
               EFFECTIVE_SWIFT_VERSION = 5
               EMBEDDED_CONTENT_CONTAINS_SWIFT = NO
               EMBED_ASSET_PACKS_IN_PRODUCT_BUNDLE = NO
               ENABLE_APP_SANDBOX = NO
               ENABLE_BITCODE = NO
               ENABLE_CODE_COVERAGE = YES
               ENABLE_COHORT_ARCHS = NO
               ENABLE_CPLUSPLUS_BOUNDS_SAFE_BUFFERS = NO
               ENABLE_C_BOUNDS_SAFETY = NO
               ENABLE_DEBUG_DYLIB = YES
               ENABLE_DEFAULT_HEADER_SEARCH_PATHS = YES
               ENABLE_DEFAULT_SEARCH_PATHS = YES
               ENABLE_ENHANCED_SECURITY = NO
               ENABLE_HARDENED_RUNTIME = NO
               ENABLE_HEADER_DEPENDENCIES = YES
               ENABLE_INCOMING_NETWORK_CONNECTIONS = NO
               ENABLE_ON_DEMAND_RESOURCES = YES
               ENABLE_OUTGOING_NETWORK_CONNECTIONS = NO
               ENABLE_POINTER_AUTHENTICATION = NO
               ENABLE_RESOURCE_ACCESS_AUDIO_INPUT = NO
               ENABLE_RESOURCE_ACCESS_BLUETOOTH = NO
               ENABLE_RESOURCE_ACCESS_CALENDARS = NO
               ENABLE_RESOURCE_ACCESS_CAMERA = NO
               ENABLE_RESOURCE_ACCESS_CONTACTS = NO
               ENABLE_RESOURCE_ACCESS_LOCATION = NO
               ENABLE_RESOURCE_ACCESS_PHOTO_LIBRARY = NO
               ENABLE_RESOURCE_ACCESS_PRINTING = NO
               ENABLE_RESOURCE_ACCESS_USB = NO
               ENABLE_SDK_IMPORTS = NO
               ENABLE_SECURITY_COMPILER_WARNINGS = NO
               ENABLE_STRICT_OBJC_MSGSEND = YES
               ENABLE_TESTABILITY = YES
               ENABLE_TESTING_SEARCH_PATHS = NO
               ENABLE_USER_SCRIPT_SANDBOXING = NO
               ENFORCE_VALID_ARCHS = YES
               ENTITLEMENTS_ALLOWED = NO
               ENTITLEMENTS_DESTINATION = __entitlements
               ENTITLEMENTS_REQUIRED = NO
               EXCLUDED_ARCHS = i386
               EXCLUDED_INSTALLSRC_SUBDIRECTORY_PATTERNS = .DS_Store .svn .git .hg CVS
               EXCLUDED_RECURSIVE_SEARCH_PATH_SUBDIRECTORIES = *.nib *.lproj *.framework *.gch *.xcode* *.xcassets *.icon (*) .DS_Store CVS .svn .git .hg *.pbproj *.pbxproj
               EXECUTABLES_FOLDER_PATH = Runner.app/Executables
               EXECUTABLE_FOLDER_PATH = Runner.app
               EXECUTABLE_FOLDER_PATH_SHALLOW_BUNDLE_NO = Runner.app/MacOS
               EXECUTABLE_FOLDER_PATH_SHALLOW_BUNDLE_YES = Runner.app
               EXECUTABLE_NAME = Runner
               EXECUTABLE_PATH = Runner.app/Runner
               EXTENSIONS_FOLDER_PATH = Runner.app/Extensions
               FILE_LIST = /Users/gregoriomorelli/Library/Developer/Xcode/DerivedData/Runner-eiuqraglirgrtydtleshibyurnzt/Build/Intermediates.noindex/Runner.build/Debug-iphonesimulator/Runner.build/Objects/LinkFileList
               FIXED_FILES_DIR = /Users/gregoriomorelli/Library/Developer/Xcode/DerivedData/Runner-eiuqraglirgrtydtleshibyurnzt/Build/Intermediates.noindex/Runner.build/Debug-iphonesimulator/Runner.build/FixedFiles
               FLUTTER_APPLICATION_PATH = /Users/gregoriomorelli/Documents/vibra
               FLUTTER_BUILD_DIR = build
               FLUTTER_BUILD_NAME = 0.1.0
               FLUTTER_BUILD_NUMBER = 1
               FLUTTER_FRAMEWORK_SWIFT_PACKAGE_PATH = /Users/gregoriomorelli/Documents/vibra/ios/Flutter/ephemeral/Packages/.packages/FlutterFramework
               FLUTTER_ROOT = /Users/gregoriomorelli/development/flutter
               FLUTTER_TARGET = lib/main.dart
               FRAMEWORKS_FOLDER_PATH = Runner.app/Frameworks
               FRAMEWORK_FLAG_PREFIX = -framework
               FRAMEWORK_SEARCH_PATHS = /Users/gregoriomorelli/Documents/vibra/build/ios/Debug-iphonesimulator  "/Users/gregoriomorelli/Documents/vibra/build/ios/Debug-iphonesimulator/AppAuth" "/Users/gregoriomorelli/Documents/vibra/build/ios/Debug-iphonesimulator/FirebaseCore" "/Users/gregoriomorelli/Documents/vibra/build/ios/Debug-iphonesimulator/FirebaseCoreInternal" "/Users/gregoriomorelli/Documents/vibra/build/ios/Debug-iphonesimulator/FirebaseInstallations" "/Users/gregoriomorelli/Documents/vibra/build/ios/Debug-iphonesimulator/FirebaseMessaging" "/Users/gregoriomorelli/Documents/vibra/build/ios/Debug-iphonesimulator/GoogleDataTransport" "/Users/gregoriomorelli/Documents/vibra/build/ios/Debug-iphonesimulator/GoogleUtilities" "/Users/gregoriomorelli/Documents/vibra/build/ios/Debug-iphonesimulator/PromisesObjC" "/Users/gregoriomorelli/Documents/vibra/build/ios/Debug-iphonesimulator/app_links" "/Users/gregoriomorelli/Documents/vibra/build/ios/Debug-iphonesimulator/connectivity_plus" "/Users/gregoriomorelli/Documents/vibra/build/ios/Debug-iphonesimulator/firebase_core" "/Users/gregoriomorelli/Documents/vibra/build/ios/Debug-iphonesimulator/firebase_messaging" "/Users/gregoriomorelli/Documents/vibra/build/ios/Debug-iphonesimulator/flutter_appauth" "/Users/gregoriomorelli/Documents/vibra/build/ios/Debug-iphonesimulator/flutter_secure_storage_darwin" "/Users/gregoriomorelli/Documents/vibra/build/ios/Debug-iphonesimulator/flutter_web_auth_2" "/Users/gregoriomorelli/Documents/vibra/build/ios/Debug-iphonesimulator/geocoding_ios" "/Users/gregoriomorelli/Documents/vibra/build/ios/Debug-iphonesimulator/geolocator_apple" "/Users/gregoriomorelli/Documents/vibra/build/ios/Debug-iphonesimulator/image_picker_ios" "/Users/gregoriomorelli/Documents/vibra/build/ios/Debug-iphonesimulator/integration_test" "/Users/gregoriomorelli/Documents/vibra/build/ios/Debug-iphonesimulator/nanopb" "/Users/gregoriomorelli/Documents/vibra/build/ios/Debug-iphonesimulator/shared_preferences_foundation" "/Users/gregoriomorelli/Documents/vibra/build/ios/Debug-iphonesimulator/sqflite_darwin" "/Users/gregoriomorelli/Documents/vibra/build/ios/Debug-iphonesimulator/url_launcher_ios"
               FRAMEWORK_VERSION = A
               FULL_PRODUCT_NAME = Runner.app
               FUSE_BUILD_PHASES = YES
               FUSE_BUILD_SCRIPT_PHASES = NO
               GCC3_VERSION = 3.3
               GCC_C_LANGUAGE_STANDARD = gnu99
               GCC_DYNAMIC_NO_PIC = NO
               GCC_INLINES_ARE_PRIVATE_EXTERN = YES
               GCC_NO_COMMON_BLOCKS = YES
               GCC_OBJC_LEGACY_DISPATCH = YES
               GCC_OPTIMIZATION_LEVEL = 0
               GCC_PFE_FILE_C_DIALECTS = c objective-c c++ objective-c++
               GCC_PREPROCESSOR_DEFINITIONS = DEBUG=1  COCOAPODS=1 DEBUG=1  PB_FIELD_32BIT=1 PB_NO_PACKED_STRUCTS=1 PB_ENABLE_MALLOC=1
               GCC_SYMBOLS_PRIVATE_EXTERN = NO
               GCC_TREAT_WARNINGS_AS_ERRORS = NO
               GCC_VERSION = com.apple.compilers.llvm.clang.1_0
               GCC_VERSION_IDENTIFIER = com_apple_compilers_llvm_clang_1_0
               GCC_WARN_64_TO_32_BIT_CONVERSION = YES
               GCC_WARN_ABOUT_RETURN_TYPE = YES_ERROR
               GCC_WARN_UNDECLARED_SELECTOR = YES
               GCC_WARN_UNINITIALIZED_AUTOS = YES_AGGRESSIVE
               GCC_WARN_UNUSED_FUNCTION = YES
               GCC_WARN_UNUSED_VARIABLE = YES
               GENERATED_MODULEMAP_DIR = /Users/gregoriomorelli/Library/Developer/Xcode/DerivedData/Runner-eiuqraglirgrtydtleshibyurnzt/Build/Intermediates.noindex/GeneratedModuleMaps-iphonesimulator
               GENERATE_INFOPLIST_FILE = NO
               GENERATE_INTERMEDIATE_TEXT_BASED_STUBS = YES
               GENERATE_PKGINFO_FILE = YES
               GENERATE_PRELINK_OBJECT_FILE = NO
               GENERATE_PROFILING_CODE = NO
               GENERATE_TEXT_BASED_STUBS = NO
               GID = 20
               GROUP = staff
               HEADERMAP_INCLUDES_FLAT_ENTRIES_FOR_TARGET_BEING_BUILT = YES
               HEADERMAP_INCLUDES_FRAMEWORK_ENTRIES_FOR_ALL_PRODUCT_TYPES = YES
               HEADERMAP_INCLUDES_FRAMEWORK_ENTRIES_FOR_TARGETS_NOT_BEING_BUILT = YES
               HEADERMAP_INCLUDES_NONPUBLIC_NONPRIVATE_HEADERS = YES
               HEADERMAP_INCLUDES_PROJECT_HEADERS = YES
               HEADERMAP_USES_FRAMEWORK_PREFIX_ENTRIES = YES
               HEADERMAP_USES_VFS = NO
               HEADER_SEARCH_PATHS = /Users/gregoriomorelli/Documents/vibra/build/ios/Debug-iphonesimulator/include  "/Users/gregoriomorelli/Documents/vibra/build/ios/Debug-iphonesimulator/AppAuth/AppAuth.framework/Headers" "/Users/gregoriomorelli/Documents/vibra/build/ios/Debug-iphonesimulator/FirebaseCore/FirebaseCore.framework/Headers" "/Users/gregoriomorelli/Documents/vibra/build/ios/Debug-iphonesimulator/FirebaseCoreInternal/FirebaseCoreInternal.framework/Headers" "/Users/gregoriomorelli/Documents/vibra/build/ios/Debug-iphonesimulator/FirebaseInstallations/FirebaseInstallations.framework/Headers" "/Users/gregoriomorelli/Documents/vibra/build/ios/Debug-iphonesimulator/FirebaseMessaging/FirebaseMessaging.framework/Headers" "/Users/gregoriomorelli/Documents/vibra/build/ios/Debug-iphonesimulator/GoogleDataTransport/GoogleDataTransport.framework/Headers" "/Users/gregoriomorelli/Documents/vibra/build/ios/Debug-iphonesimulator/GoogleUtilities/GoogleUtilities.framework/Headers" "/Users/gregoriomorelli/Documents/vibra/build/ios/Debug-iphonesimulator/PromisesObjC/FBLPromises.framework/Headers" "/Users/gregoriomorelli/Documents/vibra/build/ios/Debug-iphonesimulator/app_links/app_links.framework/Headers" "/Users/gregoriomorelli/Documents/vibra/build/ios/Debug-iphonesimulator/connectivity_plus/connectivity_plus.framework/Headers" "/Users/gregoriomorelli/Documents/vibra/build/ios/Debug-iphonesimulator/firebase_core/firebase_core.framework/Headers" "/Users/gregoriomorelli/Documents/vibra/build/ios/Debug-iphonesimulator/firebase_messaging/firebase_messaging.framework/Headers" "/Users/gregoriomorelli/Documents/vibra/build/ios/Debug-iphonesimulator/flutter_appauth/flutter_appauth.framework/Headers" "/Users/gregoriomorelli/Documents/vibra/build/ios/Debug-iphonesimulator/flutter_secure_storage_darwin/flutter_secure_storage_darwin.framework/Headers" "/Users/gregoriomorelli/Documents/vibra/build/ios/Debug-iphonesimulator/flutter_web_auth_2/flutter_web_auth_2.framework/Headers" "/Users/gregoriomorelli/Documents/vibra/build/ios/Debug-iphonesimulator/geocoding_ios/geocoding_ios.framework/Headers" "/Users/gregoriomorelli/Documents/vibra/build/ios/Debug-iphonesimulator/geolocator_apple/geolocator_apple.framework/Headers" "/Users/gregoriomorelli/Documents/vibra/build/ios/Debug-iphonesimulator/image_picker_ios/image_picker_ios.framework/Headers" "/Users/gregoriomorelli/Documents/vibra/build/ios/Debug-iphonesimulator/integration_test/integration_test.framework/Headers" "/Users/gregoriomorelli/Documents/vibra/build/ios/Debug-iphonesimulator/nanopb/nanopb.framework/Headers" "/Users/gregoriomorelli/Documents/vibra/build/ios/Debug-iphonesimulator/shared_preferences_foundation/shared_preferences_foundation.framework/Headers" "/Users/gregoriomorelli/Documents/vibra/build/ios/Debug-iphonesimulator/sqflite_darwin/sqflite_darwin.framework/Headers" "/Users/gregoriomorelli/Documents/vibra/build/ios/Debug-iphonesimulator/url_launcher_ios/url_launcher_ios.framework/Headers" "/Users/gregoriomorelli/Documents/vibra/ios/Pods/Headers/Public" "/Users/gregoriomorelli/Documents/vibra/ios/Pods/Headers/Public/Firebase"  /Users/gregoriomorelli/Documents/vibra/ios/Pods/Firebase/CoreOnly/Sources
               HOME = /Users/gregoriomorelli
               HOST_ARCH = arm64
               HOST_PLATFORM = macosx
               ICONV = /usr/bin/iconv
               IMPLICIT_DEPENDENCY_DOMAIN = default
               INDEX_STORE_COMPRESS = NO
               INDEX_STORE_ONLY_PROJECT_FILES = NO
               INFOPLIST_ENABLE_CFBUNDLEICONS_MERGE = YES
               INFOPLIST_EXPAND_BUILD_SETTINGS = YES
               INFOPLIST_FILE = Runner/Info.plist
               INFOPLIST_OUTPUT_FORMAT = binary
               INFOPLIST_PATH = Runner.app/Info.plist
               INFOPLIST_PREPROCESS = NO
               INFOSTRINGS_PATH = Runner.app/en.lproj/InfoPlist.strings
               INLINE_PRIVATE_FRAMEWORKS = NO
               INSTALLAPI_IGNORE_SKIP_INSTALL = YES
               INSTALLHDRS_COPY_PHASE = NO
               INSTALLHDRS_SCRIPT_PHASE = NO
               INSTALL_DIR = /tmp/Runner.dst/Applications
               INSTALL_GROUP = staff
               INSTALL_MODE_FLAG = u+w,go-w,a+rX
               INSTALL_OWNER = gregoriomorelli
               INSTALL_PATH = /Applications
               INSTALL_ROOT = /tmp/Runner.dst
               IPHONEOS_DEPLOYMENT_TARGET = 13.0
               IS_UNOPTIMIZED_BUILD = YES
               JAVAC_DEFAULT_FLAGS = -J-Xms64m -J-XX:NewSize=4M -J-Dfile.encoding=UTF8
               JAVA_APP_STUB = /System/Library/Frameworks/JavaVM.framework/Resources/MacOS/JavaApplicationStub
               JAVA_ARCHIVE_CLASSES = YES
               JAVA_ARCHIVE_TYPE = JAR
               JAVA_COMPILER = /usr/bin/javac
               JAVA_FOLDER_PATH = Runner.app/Java
               JAVA_FRAMEWORK_RESOURCES_DIRS = Resources
               JAVA_JAR_FLAGS = cv
               JAVA_SOURCE_SUBDIR = .
               JAVA_USE_DEPENDENCIES = YES
               JAVA_ZIP_FLAGS = -urg
               JIKES_DEFAULT_FLAGS = +E +OLDCSO
               KEEP_PRIVATE_EXTERNS = NO
               LD_DEPENDENCY_INFO_FILE = /Users/gregoriomorelli/Library/Developer/Xcode/DerivedData/Runner-eiuqraglirgrtydtleshibyurnzt/Build/Intermediates.noindex/Runner.build/Debug-iphonesimulator/Runner.build/Objects-normal/undefined_arch/Runner_dependency_info.dat
               LD_EXPORT_SYMBOLS = YES
               LD_GENERATE_MAP_FILE = NO
               LD_MAP_FILE_PATH = /Users/gregoriomorelli/Library/Developer/Xcode/DerivedData/Runner-eiuqraglirgrtydtleshibyurnzt/Build/Intermediates.noindex/Runner.build/Debug-iphonesimulator/Runner.build/Runner-LinkMap-normal-undefined_arch.txt
               LD_NO_PIE = NO
               LD_QUOTE_LINKER_ARGUMENTS_FOR_COMPILER_DRIVER = YES
               LD_RUNPATH_SEARCH_PATHS =  /usr/lib/swift '@executable_path/Frameworks' '@loader_path/Frameworks' @executable_path/Frameworks
               LD_RUNPATH_SEARCH_PATHS_YES = @loader_path/../Frameworks
               LD_SHARED_CACHE_ELIGIBLE = Automatic
               LD_WARN_DUPLICATE_LIBRARIES = NO
               LD_WARN_UNUSED_DYLIBS = NO
               LEGACY_DEVELOPER_DIR = /Applications/Xcode.app/Contents/PlugIns/Xcode3Core.ideplugin/Contents/SharedSupport/Developer
               LEX = lex
               LIBRARY_DEXT_INSTALL_PATH = /Library/DriverExtensions
               LIBRARY_FLAG_NOSPACE = YES
               LIBRARY_FLAG_PREFIX = -l
               LIBRARY_KEXT_INSTALL_PATH = /Library/Extensions
               LIBRARY_SEARCH_PATHS = /Users/gregoriomorelli/Documents/vibra/build/ios/Debug-iphonesimulator /Applications/Xcode.app/Contents/Developer/Toolchains/XcodeDefault.xctoolchain/usr/lib/swift/iphonesimulator /Applications/Xcode.app/Contents/Developer/Platforms/iPhoneSimulator.platform/Developer/SDKs/iPhoneSimulator26.5.sdk/usr/lib/swift /Applications/Xcode.app/Contents/Developer/Toolchains/XcodeDefault.xctoolchain/usr/lib/swift/iphonesimulator /Applications/Xcode.app/Contents/Developer/Platforms/iPhoneSimulator.platform/Developer/SDKs/iPhoneSimulator26.5.sdk/usr/lib/swift
               LINKER_DISPLAYS_MANGLED_NAMES = NO
               LINK_FILE_LIST_normal_arm64 = /Users/gregoriomorelli/Library/Developer/Xcode/DerivedData/Runner-eiuqraglirgrtydtleshibyurnzt/Build/Intermediates.noindex/Runner.build/Debug-iphonesimulator/Runner.build/Objects-normal/arm64/Runner.LinkFileList
               LINK_FILE_LIST_normal_x86_64 = /Users/gregoriomorelli/Library/Developer/Xcode/DerivedData/Runner-eiuqraglirgrtydtleshibyurnzt/Build/Intermediates.noindex/Runner.build/Debug-iphonesimulator/Runner.build/Objects-normal/x86_64/Runner.LinkFileList
               LINK_OBJC_RUNTIME = YES
               LINK_WITH_STANDARD_LIBRARIES = YES
               LLVM_TARGET_TRIPLE_OS_VERSION = ios13.0
               LLVM_TARGET_TRIPLE_SUFFIX = -simulator
               LLVM_TARGET_TRIPLE_VENDOR = apple
               LM_AUX_CONST_METADATA_LIST_PATH_normal_arm64 = /Users/gregoriomorelli/Library/Developer/Xcode/DerivedData/Runner-eiuqraglirgrtydtleshibyurnzt/Build/Intermediates.noindex/Runner.build/Debug-iphonesimulator/Runner.build/Objects-normal/arm64/Runner.SwiftConstValuesFileList
               LM_AUX_CONST_METADATA_LIST_PATH_normal_x86_64 = /Users/gregoriomorelli/Library/Developer/Xcode/DerivedData/Runner-eiuqraglirgrtydtleshibyurnzt/Build/Intermediates.noindex/Runner.build/Debug-iphonesimulator/Runner.build/Objects-normal/x86_64/Runner.SwiftConstValuesFileList
               LOCALIZATION_EXPORT_SUPPORTED = YES
               LOCALIZATION_PREFERS_STRING_CATALOGS = NO
               LOCALIZED_RESOURCES_FOLDER_PATH = Runner.app/en.lproj
               LOCALIZED_STRING_CODE_COMMENTS = NO
               LOCALIZED_STRING_MACRO_NAMES = NSLocalizedString CFCopyLocalizedString
               LOCALIZED_STRING_SWIFTUI_SUPPORT = YES
               LOCAL_ADMIN_APPS_DIR = /Applications/Utilities
               LOCAL_APPS_DIR = /Applications
               LOCAL_DEVELOPER_DIR = /Library/Developer
               LOCAL_LIBRARY_DIR = /Library
               LOCROOT = /Users/gregoriomorelli/Documents/vibra/ios
               LOCSYMROOT = /Users/gregoriomorelli/Documents/vibra/ios
               MACH_O_TYPE = mh_execute
               MACOSX_DEPLOYMENT_TARGET = 26.5
               MAC_OS_X_PRODUCT_BUILD_VERSION = 25F84
               MAC_OS_X_VERSION_ACTUAL = 260502
               MAC_OS_X_VERSION_MAJOR = 260000
               MAC_OS_X_VERSION_MINOR = 260500
               MAKE_MERGEABLE = NO
               MERGEABLE_LIBRARY = NO
               MERGED_BINARY_TYPE = none
               MERGE_LINKED_LIBRARIES = NO
               METAL_LIBRARY_FILE_BASE = default
               METAL_LIBRARY_OUTPUT_DIR = /Users/gregoriomorelli/Documents/vibra/build/ios/Debug-iphonesimulator/Runner.app
               MODULES_FOLDER_PATH = Runner.app/Modules
               MODULE_CACHE_DIR = /Users/gregoriomorelli/Library/Developer/Xcode/DerivedData/ModuleCache.noindex
               MTL_ENABLE_DEBUG_INFO = YES
               NATIVE_ARCH = arm64
               NATIVE_ARCH_32_BIT = arm
               NATIVE_ARCH_64_BIT = arm64
               NATIVE_ARCH_ACTUAL = arm64
               NO_COMMON = YES
               OBJC_ABI_VERSION = 2
               OBJECT_FILE_DIR = /Users/gregoriomorelli/Library/Developer/Xcode/DerivedData/Runner-eiuqraglirgrtydtleshibyurnzt/Build/Intermediates.noindex/Runner.build/Debug-iphonesimulator/Runner.build/Objects
               OBJECT_FILE_DIR_normal = /Users/gregoriomorelli/Library/Developer/Xcode/DerivedData/Runner-eiuqraglirgrtydtleshibyurnzt/Build/Intermediates.noindex/Runner.build/Debug-iphonesimulator/Runner.build/Objects-normal
               OBJROOT = /Users/gregoriomorelli/Library/Developer/Xcode/DerivedData/Runner-eiuqraglirgrtydtleshibyurnzt/Build/Intermediates.noindex
               ONLY_ACTIVE_ARCH = NO
               OS = MACOS
               OSAC = /usr/bin/osacompile
               OTHER_LDFLAGS =  -ObjC -l"sqlite3" -l"z" -framework "AppAuth" -framework "CoreTelephony" -framework "FBLPromises" -framework "FirebaseCore" -framework "FirebaseCoreInternal" -framework "FirebaseInstallations" -framework "FirebaseMessaging" -framework "Foundation" -framework "GoogleDataTransport" -framework "GoogleUtilities" -framework "SafariServices" -framework "Security" -framework "SystemConfiguration" -framework "UIKit" -framework "app_links" -framework "connectivity_plus" -framework "firebase_core" -framework "firebase_messaging" -framework "flutter_appauth" -framework "flutter_secure_storage_darwin" -framework "flutter_web_auth_2" -framework "geocoding_ios" -framework "geolocator_apple" -framework "image_picker_ios" -framework "integration_test" -framework "nanopb" -framework "shared_preferences_foundation" -framework "sqflite_darwin" -framework "url_launcher_ios" -weak_framework "AuthenticationServices" -weak_framework "UserNotifications"
               OTHER_MODULE_VERIFIER_FLAGS =  "-F/Users/gregoriomorelli/Documents/vibra/build/ios/Debug-iphonesimulator/AppAuth" "-F/Users/gregoriomorelli/Documents/vibra/build/ios/Debug-iphonesimulator/Firebase" "-F/Users/gregoriomorelli/Documents/vibra/build/ios/Debug-iphonesimulator/FirebaseCore" "-F/Users/gregoriomorelli/Documents/vibra/build/ios/Debug-iphonesimulator/FirebaseCoreInternal" "-F/Users/gregoriomorelli/Documents/vibra/build/ios/Debug-iphonesimulator/FirebaseInstallations" "-F/Users/gregoriomorelli/Documents/vibra/build/ios/Debug-iphonesimulator/FirebaseMessaging" "-F/Users/gregoriomorelli/Documents/vibra/build/ios/Debug-iphonesimulator/Flutter" "-F/Users/gregoriomorelli/Documents/vibra/build/ios/Debug-iphonesimulator/GoogleDataTransport" "-F/Users/gregoriomorelli/Documents/vibra/build/ios/Debug-iphonesimulator/GoogleUtilities" "-F/Users/gregoriomorelli/Documents/vibra/build/ios/Debug-iphonesimulator/PromisesObjC" "-F/Users/gregoriomorelli/Documents/vibra/build/ios/Debug-iphonesimulator/app_links" "-F/Users/gregoriomorelli/Documents/vibra/build/ios/Debug-iphonesimulator/connectivity_plus" "-F/Users/gregoriomorelli/Documents/vibra/build/ios/Debug-iphonesimulator/firebase_core" "-F/Users/gregoriomorelli/Documents/vibra/build/ios/Debug-iphonesimulator/firebase_messaging" "-F/Users/gregoriomorelli/Documents/vibra/build/ios/Debug-iphonesimulator/flutter_appauth" "-F/Users/gregoriomorelli/Documents/vibra/build/ios/Debug-iphonesimulator/flutter_secure_storage_darwin" "-F/Users/gregoriomorelli/Documents/vibra/build/ios/Debug-iphonesimulator/flutter_web_auth_2" "-F/Users/gregoriomorelli/Documents/vibra/build/ios/Debug-iphonesimulator/geocoding_ios" "-F/Users/gregoriomorelli/Documents/vibra/build/ios/Debug-iphonesimulator/geolocator_apple" "-F/Users/gregoriomorelli/Documents/vibra/build/ios/Debug-iphonesimulator/image_picker_ios" "-F/Users/gregoriomorelli/Documents/vibra/build/ios/Debug-iphonesimulator/integration_test" "-F/Users/gregoriomorelli/Documents/vibra/build/ios/Debug-iphonesimulator/nanopb" "-F/Users/gregoriomorelli/Documents/vibra/build/ios/Debug-iphonesimulator/shared_preferences_foundation" "-F/Users/gregoriomorelli/Documents/vibra/build/ios/Debug-iphonesimulator/sqflite_darwin" "-F/Users/gregoriomorelli/Documents/vibra/build/ios/Debug-iphonesimulator/url_launcher_ios"
               OTHER_SWIFT_FLAGS =  -D COCOAPODS
               PACKAGE_CONFIG = /Users/gregoriomorelli/Documents/vibra/.dart_tool/package_config.json
               PACKAGE_TYPE = com.apple.package-type.wrapper.application
               PASCAL_STRINGS = YES
               PATH = /Applications/Xcode.app/Contents/SharedFrameworks/SwiftBuild.framework/Versions/A/PlugIns/SWBBuildService.bundle/Contents/PlugIns/SWBUniversalPlatformPlugin.bundle/Contents/Frameworks/SWBUniversalPlatform.framework/Resources:/Applications/Xcode.app/Contents/Developer/Toolchains/XcodeDefault.xctoolchain/usr/bin:/Applications/Xcode.app/Contents/Developer/Toolchains/XcodeDefault.xctoolchain/usr/local/bin:/Applications/Xcode.app/Contents/Developer/Toolchains/XcodeDefault.xctoolchain/usr/libexec:/Applications/Xcode.app/Contents/Developer/Platforms/iPhoneSimulator.platform/usr/bin:/Applications/Xcode.app/Contents/Developer/Platforms/iPhoneSimulator.platform/usr/local/bin:/Applications/Xcode.app/Contents/Developer/Platforms/iPhoneSimulator.platform/Developer/usr/bin:/Applications/Xcode.app/Contents/Developer/Platforms/iPhoneSimulator.platform/Developer/usr/local/bin:/Applications/Xcode.app/Contents/Developer/usr/bin:/Applications/Xcode.app/Contents/Developer/usr/local/bin:/Users/gregoriomorelli/.gemini/antigravity/bin:/Users/gregoriomorelli/Library/Application Support/Antigravity/bin:/opt/homebrew/bin:/opt/homebrew/sbin:/Library/Developer/CommandLineTools/usr/bin:/Users/gregoriomorelli/development/flutter/bin:/Users/gregoriomorelli/Library/Android/sdk/platform-tools:/Users/gregoriomorelli/Library/Android/sdk/cmdline-tools/latest/bin:/Users/gregoriomorelli/Library/Android/sdk/emulator:/Users/gregoriomorelli/.antigravity-ide/antigravity-ide/bin:/Users/gregoriomorelli/.antigravity/antigravity/bin:/Applications/XAMPP/xamppfiles/bin:/Users/gregoriomorelli/develop/flutter/bin:/usr/local/bin:/System/Cryptexes/App/usr/bin:/usr/bin:/bin:/usr/sbin:/sbin:/var/run/com.apple.security.cryptexd/codex.system/bootstrap/usr/local/bin:/var/run/com.apple.security.cryptexd/codex.system/bootstrap/usr/bin:/var/run/com.apple.security.cryptexd/codex.system/bootstrap/usr/appleinternal/bin:/pkg/env/global/bin:/Users/gregoriomorelli/.spicetify
               PATH_PREFIXES_EXCLUDED_FROM_HEADER_DEPENDENCIES = /usr/include /usr/local/include /System/Library/Frameworks /System/Library/PrivateFrameworks /Applications/Xcode.app/Contents/Developer/Headers /Applications/Xcode.app/Contents/Developer/SDKs /Applications/Xcode.app/Contents/Developer/Platforms
               PBDEVELOPMENTPLIST_PATH = Runner.app/pbdevelopment.plist
               PER_ARCH_MODULE_FILE_DIR = /Users/gregoriomorelli/Library/Developer/Xcode/DerivedData/Runner-eiuqraglirgrtydtleshibyurnzt/Build/Intermediates.noindex/Runner.build/Debug-iphonesimulator/Runner.build/Objects-normal/undefined_arch
               PER_ARCH_OBJECT_FILE_DIR = /Users/gregoriomorelli/Library/Developer/Xcode/DerivedData/Runner-eiuqraglirgrtydtleshibyurnzt/Build/Intermediates.noindex/Runner.build/Debug-iphonesimulator/Runner.build/Objects-normal/undefined_arch
               PER_VARIANT_OBJECT_FILE_DIR = /Users/gregoriomorelli/Library/Developer/Xcode/DerivedData/Runner-eiuqraglirgrtydtleshibyurnzt/Build/Intermediates.noindex/Runner.build/Debug-iphonesimulator/Runner.build/Objects-normal
               PKGINFO_FILE_PATH = /Users/gregoriomorelli/Library/Developer/Xcode/DerivedData/Runner-eiuqraglirgrtydtleshibyurnzt/Build/Intermediates.noindex/Runner.build/Debug-iphonesimulator/Runner.build/PkgInfo
               PKGINFO_PATH = Runner.app/PkgInfo
               PLATFORM_DEVELOPER_APPLICATIONS_DIR = /Applications/Xcode.app/Contents/Developer/Platforms/iPhoneSimulator.platform/Developer/Applications
               PLATFORM_DEVELOPER_BIN_DIR = /Applications/Xcode.app/Contents/Developer/Platforms/iPhoneSimulator.platform/Developer/usr/bin
               PLATFORM_DEVELOPER_LIBRARY_DIR = /Applications/Xcode.app/Contents/Developer/Platforms/iPhoneSimulator.platform/Developer/Library
               PLATFORM_DEVELOPER_SDK_DIR = /Applications/Xcode.app/Contents/Developer/Platforms/iPhoneSimulator.platform/Developer/SDKs
               PLATFORM_DEVELOPER_TOOLS_DIR = /Applications/Xcode.app/Contents/Developer/Platforms/iPhoneSimulator.platform/Developer/Tools
               PLATFORM_DEVELOPER_USR_DIR = /Applications/Xcode.app/Contents/Developer/Platforms/iPhoneSimulator.platform/Developer/usr
               PLATFORM_DIR = /Applications/Xcode.app/Contents/Developer/Platforms/iPhoneSimulator.platform
               PLATFORM_DISPLAY_NAME = iOS Simulator
               PLATFORM_FAMILY_NAME = iOS
               PLATFORM_NAME = iphonesimulator
               PLATFORM_PREFERRED_ARCH = x86_64
               PLATFORM_PRODUCT_BUILD_VERSION = 23F73
               PLATFORM_REQUIRES_SWIFT_AUTOLINK_EXTRACT = NO
               PLATFORM_REQUIRES_SWIFT_MODULEWRAP = NO
               PLATFORM_USES_DSYMS = YES
               PLIST_FILE_OUTPUT_FORMAT = binary
               PLUGINS_FOLDER_PATH = Runner.app/PlugIns
               PODS_BUILD_DIR = /Users/gregoriomorelli/Documents/vibra/build/ios
               PODS_CONFIGURATION_BUILD_DIR = /Users/gregoriomorelli/Documents/vibra/build/ios/Debug-iphonesimulator
               PODS_PODFILE_DIR_PATH = /Users/gregoriomorelli/Documents/vibra/ios/.
               PODS_ROOT = /Users/gregoriomorelli/Documents/vibra/ios/Pods
               PODS_XCFRAMEWORKS_BUILD_DIR = /Users/gregoriomorelli/Documents/vibra/build/ios/Debug-iphonesimulator/XCFrameworkIntermediates
               PRECOMPS_INCLUDE_HEADERS_FROM_BUILT_PRODUCTS_DIR = YES
               PRECOMP_DESTINATION_DIR = /Users/gregoriomorelli/Library/Developer/Xcode/DerivedData/Runner-eiuqraglirgrtydtleshibyurnzt/Build/Intermediates.noindex/Runner.build/Debug-iphonesimulator/Runner.build/PrefixHeaders
               PRIVATE_HEADERS_FOLDER_PATH = Runner.app/PrivateHeaders
               PROCESSED_INFOPLIST_PATH = /Users/gregoriomorelli/Library/Developer/Xcode/DerivedData/Runner-eiuqraglirgrtydtleshibyurnzt/Build/Intermediates.noindex/Runner.build/Debug-iphonesimulator/Runner.build/Objects-normal/undefined_arch/Processed-Info.plist
               PRODUCT_BUNDLE_IDENTIFIER = com.vibra.app
               PRODUCT_BUNDLE_PACKAGE_TYPE = APPL
               PRODUCT_MODULE_NAME = Runner
               PRODUCT_NAME = Runner
               PRODUCT_SETTINGS_PATH = /Users/gregoriomorelli/Documents/vibra/ios/Runner/Info.plist
               PRODUCT_TYPE = com.apple.product-type.application
               PROFILING_CODE = NO
               PROJECT = Runner
               PROJECT_DERIVED_FILE_DIR = /Users/gregoriomorelli/Library/Developer/Xcode/DerivedData/Runner-eiuqraglirgrtydtleshibyurnzt/Build/Intermediates.noindex/Runner.build/DerivedSources
               PROJECT_DIR = /Users/gregoriomorelli/Documents/vibra/ios
               PROJECT_FILE_PATH = /Users/gregoriomorelli/Documents/vibra/ios/Runner.xcodeproj
               PROJECT_GUID = 18c1723432283e0cc55f10a6dcfd9e02
               PROJECT_NAME = Runner
               PROJECT_TEMP_DIR = /Users/gregoriomorelli/Library/Developer/Xcode/DerivedData/Runner-eiuqraglirgrtydtleshibyurnzt/Build/Intermediates.noindex/Runner.build
               PROJECT_TEMP_ROOT = /Users/gregoriomorelli/Library/Developer/Xcode/DerivedData/Runner-eiuqraglirgrtydtleshibyurnzt/Build/Intermediates.noindex
               PROVISIONING_PROFILE_REQUIRED = NO
               PROVISIONING_PROFILE_REQUIRED_YES_YES = YES
               PROVISIONING_PROFILE_SUPPORTED = YES
               PUBLIC_HEADERS_FOLDER_PATH = Runner.app/Headers
               RECOMMENDED_IPHONEOS_DEPLOYMENT_TARGET = 15.0
               RECURSIVE_SEARCH_PATHS_FOLLOW_SYMLINKS = YES
               REMOVE_CVS_FROM_RESOURCES = YES
               REMOVE_GIT_FROM_RESOURCES = YES
               REMOVE_HEADERS_FROM_EMBEDDED_BUNDLES = YES
               REMOVE_HG_FROM_RESOURCES = YES
               REMOVE_STATIC_EXECUTABLES_FROM_EMBEDDED_BUNDLES = YES
               REMOVE_SVN_FROM_RESOURCES = YES
               RESCHEDULE_INDEPENDENT_HEADERS_PHASES = YES
               REZ_COLLECTOR_DIR = /Users/gregoriomorelli/Library/Developer/Xcode/DerivedData/Runner-eiuqraglirgrtydtleshibyurnzt/Build/Intermediates.noindex/Runner.build/Debug-iphonesimulator/Runner.build/ResourceManagerResources
               REZ_OBJECTS_DIR = /Users/gregoriomorelli/Library/Developer/Xcode/DerivedData/Runner-eiuqraglirgrtydtleshibyurnzt/Build/Intermediates.noindex/Runner.build/Debug-iphonesimulator/Runner.build/ResourceManagerResources/Objects
               REZ_SEARCH_PATHS = /Users/gregoriomorelli/Documents/vibra/build/ios/Debug-iphonesimulator 
               RPATH_ORIGIN = @loader_path
               RUNTIME_EXCEPTION_ALLOW_DYLD_ENVIRONMENT_VARIABLES = NO
               RUNTIME_EXCEPTION_ALLOW_JIT = NO
               RUNTIME_EXCEPTION_ALLOW_UNSIGNED_EXECUTABLE_MEMORY = NO
               RUNTIME_EXCEPTION_DEBUGGING_TOOL = NO
               RUNTIME_EXCEPTION_DISABLE_EXECUTABLE_PAGE_PROTECTION = NO
               RUNTIME_EXCEPTION_DISABLE_LIBRARY_VALIDATION = NO
               SCANNING_PCM_KEEP_CACHE_DIRECTORY = YES
               SCAN_ALL_SOURCE_FILES_FOR_INCLUDES = NO
               SCRIPTS_FOLDER_PATH = Runner.app/Scripts
               SDKROOT = /Applications/Xcode.app/Contents/Developer/Platforms/iPhoneSimulator.platform/Developer/SDKs/iPhoneSimulator26.5.sdk
               SDK_DIR = /Applications/Xcode.app/Contents/Developer/Platforms/iPhoneSimulator.platform/Developer/SDKs/iPhoneSimulator26.5.sdk
               SDK_DIR_iphonesimulator = /Applications/Xcode.app/Contents/Developer/Platforms/iPhoneSimulator.platform/Developer/SDKs/iPhoneSimulator26.5.sdk
               SDK_DIR_iphonesimulator26_5 = /Applications/Xcode.app/Contents/Developer/Platforms/iPhoneSimulator.platform/Developer/SDKs/iPhoneSimulator26.5.sdk
               SDK_NAME = iphonesimulator26.5
               SDK_NAMES = iphonesimulator26.5
               SDK_PRODUCT_BUILD_VERSION = 23F73
               SDK_STAT_CACHE_DIR = /Users/gregoriomorelli/Library/Developer/Xcode/DerivedData
               SDK_STAT_CACHE_ENABLE = YES
               SDK_STAT_CACHE_PATH = /Users/gregoriomorelli/Library/Developer/Xcode/DerivedData/SDKStatCaches.noindex/iphonesimulator26.5-23F73-6cfe768891a92b912361537c460fe42b.sdkstatcache
               SDK_VERSION = 26.5
               SDK_VERSION_ACTUAL = 260500
               SDK_VERSION_MAJOR = 260000
               SDK_VERSION_MINOR = 260500
               SED = /usr/bin/sed
               SEPARATE_STRIP = NO
               SEPARATE_SYMBOL_EDIT = NO
               SET_DIR_MODE_OWNER_GROUP = YES
               SET_FILE_MODE_OWNER_GROUP = NO
               SHALLOW_BUNDLE = YES
               SHALLOW_BUNDLE_TRIPLE = ios-simulator
               SHALLOW_BUNDLE_ios_macabi = NO
               SHALLOW_BUNDLE_macos = NO
               SHARED_DERIVED_FILE_DIR = /Users/gregoriomorelli/Documents/vibra/build/ios/Debug-iphonesimulator/DerivedSources
               SHARED_FRAMEWORKS_FOLDER_PATH = Runner.app/SharedFrameworks
               SHARED_PRECOMPS_DIR = /Users/gregoriomorelli/Library/Developer/Xcode/DerivedData/Runner-eiuqraglirgrtydtleshibyurnzt/Build/Intermediates.noindex/PrecompiledHeaders
               SHARED_SUPPORT_FOLDER_PATH = Runner.app/SharedSupport
               SKIP_INSTALL = NO
               SKIP_MERGEABLE_LIBRARY_BUNDLE_HOOK = NO
               SOURCE_ROOT = /Users/gregoriomorelli/Documents/vibra/ios
               SRCROOT = /Users/gregoriomorelli/Documents/vibra/ios
               STRINGSDATA_DIR = /Users/gregoriomorelli/Library/Developer/Xcode/DerivedData/Runner-eiuqraglirgrtydtleshibyurnzt/Build/Intermediates.noindex/Runner.build/Debug-iphonesimulator/Runner.build/Objects-normal/undefined_arch
               STRINGSDATA_ROOT = /Users/gregoriomorelli/Library/Developer/Xcode/DerivedData/Runner-eiuqraglirgrtydtleshibyurnzt/Build/Intermediates.noindex/Runner.build/Debug-iphonesimulator/Runner.build
               STRINGS_FILE_INFOPLIST_RENAME = YES
               STRINGS_FILE_OUTPUT_ENCODING = binary
               STRING_CATALOG_GENERATE_SYMBOLS = NO
               STRIP_BITCODE_FROM_COPIED_FILES = NO
               STRIP_INSTALLED_PRODUCT = NO
               STRIP_STYLE = all
               STRIP_SWIFT_SYMBOLS = YES
               SUPPORTED_DEVICE_FAMILIES = 1,2
               SUPPORTED_PLATFORMS = iphoneos iphonesimulator
               SUPPORTS_MACCATALYST = NO
               SUPPORTS_ON_DEMAND_RESOURCES = YES
               SUPPORTS_TEXT_BASED_API = NO
               SUPPRESS_WARNINGS = NO
               SWIFT_EMIT_CONST_VALUE_PROTOCOLS = AnyResolverProviding AppEntity AppEnum AppExtension AppIntent AppIntentsPackage AppShortcutProviding AppShortcutsProvider AppUnionValue AppUnionValueCasesProviding DynamicOptionsProvider EntityQuery ExtensionPointDefining IntentValueQuery Resolver TransientEntity _AssistantIntentsProvider _GenerativeFunctionExtractable _IntentValueRepresentable
               SWIFT_EMIT_LOC_STRINGS = NO
               SWIFT_ENABLE_EXPLICIT_MODULES = YES
               SWIFT_OBJC_BRIDGING_HEADER = Runner/Runner-Bridging-Header.h
               SWIFT_OPTIMIZATION_LEVEL = -Onone
               SWIFT_PLATFORM_TARGET_PREFIX = ios
               SWIFT_RESPONSE_FILE_PATH_normal_arm64 = /Users/gregoriomorelli/Library/Developer/Xcode/DerivedData/Runner-eiuqraglirgrtydtleshibyurnzt/Build/Intermediates.noindex/Runner.build/Debug-iphonesimulator/Runner.build/Objects-normal/arm64/Runner.SwiftFileList
               SWIFT_RESPONSE_FILE_PATH_normal_x86_64 = /Users/gregoriomorelli/Library/Developer/Xcode/DerivedData/Runner-eiuqraglirgrtydtleshibyurnzt/Build/Intermediates.noindex/Runner.build/Debug-iphonesimulator/Runner.build/Objects-normal/x86_64/Runner.SwiftFileList
               SWIFT_VERSION = 5.0
               SYMROOT = /Users/gregoriomorelli/Library/Developer/Xcode/DerivedData/Runner-eiuqraglirgrtydtleshibyurnzt/Build/Products
               SYSTEM_ADMIN_APPS_DIR = /Applications/Utilities
               SYSTEM_APPS_DIR = /Applications
               SYSTEM_CORE_SERVICES_DIR = /System/Library/CoreServices
               SYSTEM_DEMOS_DIR = /Applications/Extras
               SYSTEM_DEVELOPER_APPS_DIR = /Applications/Xcode.app/Contents/Developer/Applications
               SYSTEM_DEVELOPER_BIN_DIR = /Applications/Xcode.app/Contents/Developer/usr/bin
               SYSTEM_DEVELOPER_DEMOS_DIR = /Applications/Xcode.app/Contents/Developer/Applications/Utilities/Built Examples
               SYSTEM_DEVELOPER_DIR = /Applications/Xcode.app/Contents/Developer
               SYSTEM_DEVELOPER_DOC_DIR = /Applications/Xcode.app/Contents/Developer/ADC Reference Library
               SYSTEM_DEVELOPER_GRAPHICS_TOOLS_DIR = /Applications/Xcode.app/Contents/Developer/Applications/Graphics Tools
               SYSTEM_DEVELOPER_JAVA_TOOLS_DIR = /Applications/Xcode.app/Contents/Developer/Applications/Java Tools
               SYSTEM_DEVELOPER_PERFORMANCE_TOOLS_DIR = /Applications/Xcode.app/Contents/Developer/Applications/Performance Tools
               SYSTEM_DEVELOPER_RELEASENOTES_DIR = /Applications/Xcode.app/Contents/Developer/ADC Reference Library/releasenotes
               SYSTEM_DEVELOPER_TOOLS = /Applications/Xcode.app/Contents/Developer/Tools
               SYSTEM_DEVELOPER_TOOLS_DOC_DIR = /Applications/Xcode.app/Contents/Developer/ADC Reference Library/documentation/DeveloperTools
               SYSTEM_DEVELOPER_TOOLS_RELEASENOTES_DIR = /Applications/Xcode.app/Contents/Developer/ADC Reference Library/releasenotes/DeveloperTools
               SYSTEM_DEVELOPER_USR_DIR = /Applications/Xcode.app/Contents/Developer/usr
               SYSTEM_DEVELOPER_UTILITIES_DIR = /Applications/Xcode.app/Contents/Developer/Applications/Utilities
               SYSTEM_DEXT_INSTALL_PATH = /System/Library/DriverExtensions
               SYSTEM_DOCUMENTATION_DIR = /Library/Documentation
               SYSTEM_EXTENSIONS_FOLDER_PATH = Runner.app/SystemExtensions
               SYSTEM_EXTENSIONS_FOLDER_PATH_SHALLOW_BUNDLE_NO = Runner.app/Library/SystemExtensions
               SYSTEM_EXTENSIONS_FOLDER_PATH_SHALLOW_BUNDLE_YES = Runner.app/SystemExtensions
               SYSTEM_KEXT_INSTALL_PATH = /System/Library/Extensions
               SYSTEM_LIBRARY_DIR = /System/Library
               TAPI_DEMANGLE = YES
               TAPI_ENABLE_PROJECT_HEADERS = NO
               TAPI_LANGUAGE = objective-c
               TAPI_LANGUAGE_STANDARD = compiler-default
               TAPI_USE_SRCROOT = YES
               TAPI_VERIFY_MODE = Pedantic
               TARGETED_DEVICE_FAMILY = 1,2
               TARGETNAME = Runner
               TARGET_BUILD_DIR = /Users/gregoriomorelli/Documents/vibra/build/ios/Debug-iphonesimulator
               TARGET_NAME = Runner
               TARGET_TEMP_DIR = /Users/gregoriomorelli/Library/Developer/Xcode/DerivedData/Runner-eiuqraglirgrtydtleshibyurnzt/Build/Intermediates.noindex/Runner.build/Debug-iphonesimulator/Runner.build
               TEMP_DIR = /Users/gregoriomorelli/Library/Developer/Xcode/DerivedData/Runner-eiuqraglirgrtydtleshibyurnzt/Build/Intermediates.noindex/Runner.build/Debug-iphonesimulator/Runner.build
               TEMP_FILES_DIR = /Users/gregoriomorelli/Library/Developer/Xcode/DerivedData/Runner-eiuqraglirgrtydtleshibyurnzt/Build/Intermediates.noindex/Runner.build/Debug-iphonesimulator/Runner.build
               TEMP_FILE_DIR = /Users/gregoriomorelli/Library/Developer/Xcode/DerivedData/Runner-eiuqraglirgrtydtleshibyurnzt/Build/Intermediates.noindex/Runner.build/Debug-iphonesimulator/Runner.build
               TEMP_ROOT = /Users/gregoriomorelli/Library/Developer/Xcode/DerivedData/Runner-eiuqraglirgrtydtleshibyurnzt/Build/Intermediates.noindex
               TEMP_SANDBOX_DIR = /Users/gregoriomorelli/Library/Developer/Xcode/DerivedData/Runner-eiuqraglirgrtydtleshibyurnzt/Build/Intermediates.noindex/TemporaryTaskSandboxes
               TEST_FRAMEWORK_SEARCH_PATHS =  /Applications/Xcode.app/Contents/Developer/Platforms/iPhoneSimulator.platform/Developer/Library/Frameworks /Applications/Xcode.app/Contents/Developer/Platforms/iPhoneSimulator.platform/Developer/SDKs/iPhoneSimulator26.5.sdk/Developer/Library/Frameworks
               TEST_LIBRARY_SEARCH_PATHS =  /Applications/Xcode.app/Contents/Developer/Platforms/iPhoneSimulator.platform/Developer/usr/lib
               TOOLCHAINS = com.apple.dt.toolchain.XcodeDefault
               TOOLCHAIN_DIR = /Applications/Xcode.app/Contents/Developer/Toolchains/XcodeDefault.xctoolchain
               TRACK_WIDGET_CREATION = false
               TREAT_MISSING_BASELINES_AS_TEST_FAILURES = NO
               TREAT_MISSING_SCRIPT_PHASE_OUTPUTS_AS_ERRORS = NO
               TREE_SHAKE_ICONS = false
               TVOS_DEPLOYMENT_TARGET = 26.5
               UID = 501
               UNINSTALLED_PRODUCTS_DIR = /Users/gregoriomorelli/Library/Developer/Xcode/DerivedData/Runner-eiuqraglirgrtydtleshibyurnzt/Build/Intermediates.noindex/UninstalledProducts
               UNLOCALIZED_RESOURCES_FOLDER_PATH = Runner.app
               UNLOCALIZED_RESOURCES_FOLDER_PATH_SHALLOW_BUNDLE_NO = Runner.app/Resources
               UNLOCALIZED_RESOURCES_FOLDER_PATH_SHALLOW_BUNDLE_YES = Runner.app
               UNSTRIPPED_PRODUCT = NO
               USER = gregoriomorelli
               USER_APPS_DIR = /Users/gregoriomorelli/Applications
               USER_LIBRARY_DIR = /Users/gregoriomorelli/Library
               USE_DYNAMIC_NO_PIC = YES
               USE_HEADERMAP = YES
               USE_HEADER_SYMLINKS = NO
               USE_RECURSIVE_SCRIPT_INPUTS_IN_SCRIPT_PHASES = YES
               VALIDATE_DEVELOPMENT_ASSET_PATHS = YES_ERROR
               VALIDATE_PRODUCT = NO
               VALID_ARCHS = arm64 x86_64
               VERBOSE_PBXCP = NO
               VERSIONING_SYSTEM = apple-generic
               VERSIONPLIST_PATH = Runner.app/version.plist
               VERSION_INFO_BUILDER = gregoriomorelli
               VERSION_INFO_FILE = Runner_vers.c
               VERSION_INFO_STRING = "@(#)PROGRAM:Runner  PROJECT:Runner-1"
               WATCHOS_DEPLOYMENT_TARGET = 26.5
               WORKSPACE_DIR = /Users/gregoriomorelli/Documents/vibra/ios/Runner.xcodeproj
               WRAPPER_EXTENSION = app
               WRAPPER_NAME = Runner.app
               WRAPPER_SUFFIX = .app
               WRAP_ASSET_PACKS_IN_SEPARATE_DIRECTORIES = NO
               XCODE_APP_SUPPORT_DIR = /Applications/Xcode.app/Contents/Developer/Library/Xcode
               XCODE_PRODUCT_BUILD_VERSION = 17F42
               XCODE_VERSION_ACTUAL = 2650
               XCODE_VERSION_MAJOR = 2600
               XCODE_VERSION_MINOR = 2650
               XPCSERVICES_FOLDER_PATH = Runner.app/XPCServices
               XROS_DEPLOYMENT_TARGET = 26.5
               YACC = yacc
               _DISCOVER_COMMAND_LINE_LINKER_INPUTS = YES
               _DISCOVER_COMMAND_LINE_LINKER_INPUTS_INCLUDE_WL = YES
               _LD_MULTIARCH = YES
               _WRAPPER_CONTENTS_DIR_SHALLOW_BUNDLE_NO = /Contents
               _WRAPPER_PARENT_PATH_SHALLOW_BUNDLE_NO = /..
               _WRAPPER_RESOURCES_DIR_SHALLOW_BUNDLE_NO = /Resources
               __DIAGNOSE_DEPRECATED_ARCHS = YES
               __IS_NOT_MACOS = YES
               __IS_NOT_MACOS_macosx = NO
               __IS_NOT_SIMULATOR = NO
               __IS_NOT_SIMULATOR_simulator = NO
               __ORIGINAL_SDK_DEFINED_LLVM_TARGET_TRIPLE_SYS = ios
               arch = undefined_arch
               variant = normal
[  +11 ms] executing: [/Users/gregoriomorelli/Documents/vibra/ios/Pods/Pods.xcodeproj/] /usr/bin/arch -arm64e xcrun xcodebuild -alltargets -sdk iphonesimulator -project /Users/gregoriomorelli/Documents/vibra/ios/Pods/Pods.xcodeproj -showBuildSettings BUILD_DIR=/Users/gregoriomorelli/Documents/vibra/build/ios OBJROOT=/Users/gregoriomorelli/Documents/vibra/build/ios
[        ] executing: [/Users/gregoriomorelli/Documents/vibra/ios/Pods/Pods.xcodeproj/] /usr/bin/arch -arm64e xcrun xcodebuild -alltargets -sdk iphonesimulator -project /Users/gregoriomorelli/Documents/vibra/ios/Pods/Pods.xcodeproj -showBuildSettings BUILD_DIR=/Users/gregoriomorelli/Documents/vibra/build/ios OBJROOT=/Users/gregoriomorelli/Documents/vibra/build/ios
[+1257 ms] Command line invocation:
               /Applications/Xcode.app/Contents/Developer/usr/bin/xcodebuild -alltargets -sdk iphonesimulator -project /Users/gregoriomorelli/Documents/vibra/ios/Pods/Pods.xcodeproj -showBuildSettings BUILD_DIR=/Users/gregoriomorelli/Documents/vibra/build/ios OBJROOT=/Users/gregoriomorelli/Documents/vibra/build/ios

           Build settings from command line:
               BUILD_DIR = /Users/gregoriomorelli/Documents/vibra/build/ios
               OBJROOT = /Users/gregoriomorelli/Documents/vibra/build/ios
               SDKROOT = iphonesimulator26.5

           Build settings for action build and target app_links:
               ACTION = build
               AD_HOC_CODE_SIGNING_ALLOWED = YES
               ALLOW_BUILD_REQUEST_OVERRIDES = NO
               ALLOW_TARGET_PLATFORM_SPECIALIZATION = NO
               ALTERNATE_GROUP = staff
               ALTERNATE_MODE = u+w,go-w,a+rX
               ALTERNATE_OWNER = gregoriomorelli
               ALTERNATIVE_DISTRIBUTION_WEB = NO
               ALWAYS_EMBED_SWIFT_STANDARD_LIBRARIES = NO
               ALWAYS_SEARCH_USER_PATHS = NO
               ALWAYS_USE_SEPARATE_HEADERMAPS = NO
               APPLICATION_EXTENSION_API_ONLY = NO
               APPLY_RULES_IN_COPY_FILES = NO
               APPLY_RULES_IN_COPY_HEADERS = NO
               APP_SHORTCUTS_ENABLE_FLEXIBLE_MATCHING = YES
               ARCHS = arm64 x86_64
               ARCHS_BASE = arm64 x86_64
               ARCHS_STANDARD = arm64 x86_64
               ARCHS_STANDARD_32_64_BIT = arm64 x86_64
               ARCHS_STANDARD_64_BIT = arm64 x86_64
               ARCHS_STANDARD_INCLUDING_64_BIT = arm64 x86_64
               ARCHS_UNIVERSAL_IPHONE_OS = arm64 x86_64
               AUTOMATICALLY_MERGE_DEPENDENCIES = NO
               AUTOMATION_APPLE_EVENTS = NO
               AVAILABLE_PLATFORMS = android appletvos appletvsimulator driverkit freebsd iphoneos iphonesimulator linux macosx none openbsd qnx watchos watchsimulator webassembly xros xrsimulator
               BUILD_ACTIVE_RESOURCES_ONLY = NO
               BUILD_COMPONENTS = headers build
               BUILD_DIR = /Users/gregoriomorelli/Documents/vibra/build/ios
               BUILD_LIBRARY_FOR_DISTRIBUTION = NO
               BUILD_ONLY_KNOWN_LOCALIZATIONS = NO
               BUILD_ROOT = /Users/gregoriomorelli/Documents/vibra/ios/build
               BUILD_STYLE = 
               BUILD_VARIANTS = normal
               BUILT_PRODUCTS_DIR = /Users/gregoriomorelli/Documents/vibra/build/ios/Release-iphonesimulator/app_links
               BUNDLE_CONTENTS_FOLDER_PATH_deep = Contents/
               BUNDLE_EXECUTABLE_FOLDER_NAME_deep = MacOS
               BUNDLE_EXTENSIONS_FOLDER_PATH = Extensions
               BUNDLE_FORMAT = shallow
               BUNDLE_FRAMEWORKS_FOLDER_PATH = Frameworks
               BUNDLE_PLUGINS_FOLDER_PATH = PlugIns
               BUNDLE_PRIVATE_HEADERS_FOLDER_PATH = PrivateHeaders
               BUNDLE_PUBLIC_HEADERS_FOLDER_PATH = Headers
               CACHE_ROOT = /var/folders/pg/x6t89f2n7s7299rcw8hv33180000gn/C/com.apple.DeveloperTools/26.5-17F42/Xcode
               CCHROOT = /var/folders/pg/x6t89f2n7s7299rcw8hv33180000gn/C/com.apple.DeveloperTools/26.5-17F42/Xcode
               CHMOD = /bin/chmod
               CHOWN = chown
               CLANG_ANALYZER_LOCALIZABILITY_NONLOCALIZED = YES
               CLANG_ANALYZER_NONNULL = YES
               CLANG_ANALYZER_NUMBER_OBJECT_CONVERSION = YES_AGGRESSIVE
               CLANG_CACHE_FINE_GRAINED_OUTPUTS = YES
               CLANG_CXX_LANGUAGE_STANDARD = gnu++14
               CLANG_CXX_LIBRARY = libc++
               CLANG_ENABLE_EXPLICIT_MODULES = YES
               CLANG_ENABLE_MODULES = YES
               CLANG_ENABLE_OBJC_ARC = YES
               CLANG_ENABLE_OBJC_WEAK = NO
               CLANG_MODULES_BUILD_SESSION_FILE = /var/folders/pg/x6t89f2n7s7299rcw8hv33180000gn/C/org.llvm.clang/ModuleCache.noindex/Session.modulevalidation
               CLANG_WARN_BLOCK_CAPTURE_AUTORELEASING = YES
               CLANG_WARN_BOOL_CONVERSION = YES
               CLANG_WARN_COMMA = YES
               CLANG_WARN_CONSTANT_CONVERSION = YES
               CLANG_WARN_DEPRECATED_OBJC_IMPLEMENTATIONS = YES
               CLANG_WARN_DIRECT_OBJC_ISA_USAGE = YES_ERROR
               CLANG_WARN_DOCUMENTATION_COMMENTS = YES
               CLANG_WARN_EMPTY_BODY = YES
               CLANG_WARN_ENUM_CONVERSION = YES
               CLANG_WARN_INFINITE_RECURSION = YES
               CLANG_WARN_INT_CONVERSION = YES
               CLANG_WARN_NON_LITERAL_NULL_CONVERSION = YES
               CLANG_WARN_OBJC_IMPLICIT_RETAIN_SELF = YES
               CLANG_WARN_OBJC_LITERAL_CONVERSION = YES
               CLANG_WARN_OBJC_ROOT_CLASS = YES_ERROR
               CLANG_WARN_QUOTED_INCLUDE_IN_FRAMEWORK_HEADER = NO
               CLANG_WARN_RANGE_LOOP_ANALYSIS = YES
               CLANG_WARN_STRICT_PROTOTYPES = YES
               CLANG_WARN_SUSPICIOUS_MOVE = YES
               CLANG_WARN_UNGUARDED_AVAILABILITY = YES_AGGRESSIVE
               CLANG_WARN_UNREACHABLE_CODE = YES
               CLANG_WARN__DUPLICATE_METHOD_MATCH = YES
               CLASS_FILE_DIR = /Users/gregoriomorelli/Documents/vibra/build/ios/Pods.build/Release-iphonesimulator/app_links.build/JavaClasses
               CLEAN_PRECOMPS = YES
               CLONE_HEADERS = NO
               CODESIGNING_FOLDER_PATH = /Users/gregoriomorelli/Documents/vibra/build/ios/Release-iphonesimulator/app_links/app_links.framework
               CODE_SIGNING_ALLOWED = YES
               CODE_SIGNING_REQUIRED = NO
               CODE_SIGNING_REQUIRES_TEAM = YES
               CODE_SIGN_CONTEXT_CLASS = XCiPhoneSimulatorCodeSignContext
               CODE_SIGN_IDENTITY = -
               CODE_SIGN_INJECT_BASE_ENTITLEMENTS = YES
               COLOR_DIAGNOSTICS = NO
               COMBINE_HIDPI_IMAGES = NO
               COMPILATION_CACHE_CAS_PATH = /var/folders/pg/x6t89f2n7s7299rcw8hv33180000gn/C/com.apple.DeveloperTools/26.5-17F42/Xcode/CompilationCache.noindex
               COMPILATION_CACHE_KEEP_CAS_DIRECTORY = YES
               COMPILER_INDEX_STORE_ENABLE = Default
               COMPOSITE_SDK_DIRS = /Users/gregoriomorelli/Documents/vibra/build/ios/CompositeSDKs
               COMPRESS_PNG_FILES = YES
               CONFIGURATION = Release
               CONFIGURATION_BUILD_DIR = /Users/gregoriomorelli/Documents/vibra/build/ios/Release-iphonesimulator/app_links
               CONFIGURATION_TEMP_DIR = /Users/gregoriomorelli/Documents/vibra/build/ios/Pods.build/Release-iphonesimulator
               CONTENTS_FOLDER_PATH = app_links.framework
               CONTENTS_FOLDER_PATH_SHALLOW_BUNDLE_NO = app_links.framework/A
               CONTENTS_FOLDER_PATH_SHALLOW_BUNDLE_YES = app_links.framework
               COPYING_PRESERVES_HFS_DATA = NO
               COPY_HEADERS_RUN_UNIFDEF = NO
               COPY_PHASE_STRIP = NO
               CORRESPONDING_DEVICE_PLATFORM_DIR = /Applications/Xcode.app/Contents/Developer/Platforms/iPhoneOS.platform
               CORRESPONDING_DEVICE_PLATFORM_NAME = iphoneos
               CORRESPONDING_DEVICE_SDK_DIR = /Applications/Xcode.app/Contents/Developer/Platforms/iPhoneOS.platform/Developer/SDKs/iPhoneOS26.5.sdk
               CORRESPONDING_DEVICE_SDK_NAME = iphoneos26.5
               CP = /bin/cp
               CREATE_INFOPLIST_SECTION_IN_BINARY = NO
               CURRENT_ARCH = undefined_arch
               CURRENT_PROJECT_VERSION = 1
               CURRENT_VARIANT = normal
               CURRENT_VERSION = Current
               DEAD_CODE_STRIPPING = YES
               DEBUGGING_SYMBOLS = YES
               DEBUG_INFORMATION_FORMAT = dwarf-with-dsym
               DEBUG_INFORMATION_VERSION = compiler-default
               DEFAULT_COMPILER = com.apple.compilers.llvm.clang.1_0
               DEFAULT_DEXT_INSTALL_PATH = /System/Library/DriverExtensions
               DEFAULT_KEXT_INSTALL_PATH = /System/Library/Extensions
               DEFINES_MODULE = YES
               DEPLOYMENT_LOCATION = NO
               DEPLOYMENT_POSTPROCESSING = NO
               DEPLOYMENT_TARGET_SETTING_NAME = IPHONEOS_DEPLOYMENT_TARGET
               DEPLOYMENT_TARGET_SUGGESTED_VALUES = 12.0 12.1 12.2 12.3 12.4 13.0 13.1 13.2 13.3 13.4 13.5 13.6 14.0 14.1 14.2 14.3 14.4 14.5 14.6 14.7 15.0 15.1 15.2 15.3 15.4 15.5 15.6 16.0 16.1 16.2 16.3 16.4 16.5 16.6 17.0 17.1 17.2 17.3 17.4 17.5 17.6 18.0 18.1 18.2 18.3 18.4 18.5 18.6 26.0 26.2 26.3 26.4 26.5
               DERIVED_FILES_DIR = /Users/gregoriomorelli/Documents/vibra/build/ios/Pods.build/Release-iphonesimulator/app_links.build/DerivedSources
               DERIVED_FILE_DIR = /Users/gregoriomorelli/Documents/vibra/build/ios/Pods.build/Release-iphonesimulator/app_links.build/DerivedSources
               DERIVED_SOURCES_DIR = /Users/gregoriomorelli/Documents/vibra/build/ios/Pods.build/Release-iphonesimulator/app_links.build/DerivedSources
               DEVELOPER_APPLICATIONS_DIR = /Applications/Xcode.app/Contents/Developer/Applications
               DEVELOPER_BIN_DIR = /Applications/Xcode.app/Contents/Developer/usr/bin
               DEVELOPER_DIR = /Applications/Xcode.app/Contents/Developer
               DEVELOPER_FRAMEWORKS_DIR = /Applications/Xcode.app/Contents/Developer/Library/Frameworks
               DEVELOPER_FRAMEWORKS_DIR_QUOTED = /Applications/Xcode.app/Contents/Developer/Library/Frameworks
               DEVELOPER_LIBRARY_DIR = /Applications/Xcode.app/Contents/Developer/Library
               DEVELOPER_SDK_DIR = /Applications/Xcode.app/Contents/Developer/Platforms/MacOSX.platform/Developer/SDKs
               DEVELOPER_TOOLS_DIR = /Applications/Xcode.app/Contents/Developer/Tools
               DEVELOPER_USR_DIR = /Applications/Xcode.app/Contents/Developer/usr
               DEVELOPMENT_LANGUAGE = en
               DIAGNOSE_MISSING_TARGET_DEPENDENCIES = YES
               DIFF = /usr/bin/diff
               DOCUMENTATION_FOLDER_PATH = app_links.framework/en.lproj/Documentation
               DONT_GENERATE_INFOPLIST_FILE = NO
               DRIVERKIT_DEPLOYMENT_TARGET = 25.5
               DSTROOT = /tmp/Pods.dst
               DT_TOOLCHAIN_DIR = /Applications/Xcode.app/Contents/Developer/Toolchains/XcodeDefault.xctoolchain
               DUMP_DEPENDENCIES = NO
               DUMP_DEPENDENCIES_OUTPUT_PATH = /Users/gregoriomorelli/Documents/vibra/build/ios/Pods.build/Release-iphonesimulator/app_links.build/app_links-BuildDependencyInfo.json
               DWARF_DSYM_FILE_NAME = app_links.framework.dSYM
               DWARF_DSYM_FILE_SHOULD_ACCOMPANY_PRODUCT = NO
               DWARF_DSYM_FOLDER_PATH = /Users/gregoriomorelli/Documents/vibra/build/ios/Release-iphonesimulator/app_links
               DYLIB_COMPATIBILITY_VERSION = 1
               DYLIB_CURRENT_VERSION = 1
               DYLIB_INSTALL_NAME_BASE = @rpath
               DYNAMIC_LIBRARY_EXTENSION = dylib
               EAGER_COMPILATION_ALLOW_SCRIPTS = NO
               EAGER_LINKING = NO
               EFFECTIVE_PLATFORM_NAME = -iphonesimulator
               EFFECTIVE_SWIFT_VERSION = 5
               EMBEDDED_CONTENT_CONTAINS_SWIFT = NO
               EMBED_ASSET_PACKS_IN_PRODUCT_BUNDLE = NO
               ENABLE_APP_SANDBOX = NO
               ENABLE_BITCODE = NO
               ENABLE_CODE_COVERAGE = YES
               ENABLE_COHORT_ARCHS = NO
               ENABLE_CPLUSPLUS_BOUNDS_SAFE_BUFFERS = NO
               ENABLE_C_BOUNDS_SAFETY = NO
               ENABLE_DEFAULT_HEADER_SEARCH_PATHS = YES
               ENABLE_DEFAULT_SEARCH_PATHS = YES
               ENABLE_ENHANCED_SECURITY = NO
               ENABLE_HARDENED_RUNTIME = NO
               ENABLE_HEADER_DEPENDENCIES = YES
               ENABLE_INCOMING_NETWORK_CONNECTIONS = NO
               ENABLE_MODULE_VERIFIER = NO
               ENABLE_NS_ASSERTIONS = NO
               ENABLE_ON_DEMAND_RESOURCES = NO
               ENABLE_OUTGOING_NETWORK_CONNECTIONS = NO
               ENABLE_POINTER_AUTHENTICATION = NO
               ENABLE_RESOURCE_ACCESS_AUDIO_INPUT = NO
               ENABLE_RESOURCE_ACCESS_BLUETOOTH = NO
               ENABLE_RESOURCE_ACCESS_CALENDARS = NO
               ENABLE_RESOURCE_ACCESS_CAMERA = NO
               ENABLE_RESOURCE_ACCESS_CONTACTS = NO
               ENABLE_RESOURCE_ACCESS_LOCATION = NO
               ENABLE_RESOURCE_ACCESS_PHOTO_LIBRARY = NO
               ENABLE_RESOURCE_ACCESS_PRINTING = NO
               ENABLE_RESOURCE_ACCESS_USB = NO
               ENABLE_SDK_IMPORTS = NO
               ENABLE_SECURITY_COMPILER_WARNINGS = NO
               ENABLE_STRICT_OBJC_MSGSEND = YES
               ENABLE_TESTABILITY = NO
               ENABLE_TESTING_SEARCH_PATHS = NO
               ENABLE_USER_SCRIPT_SANDBOXING = NO
               ENFORCE_VALID_ARCHS = YES
               ENTITLEMENTS_DESTINATION = __entitlements
               ENTITLEMENTS_REQUIRED = NO
               EXCLUDED_ARCHS = i386 i386
               EXCLUDED_INSTALLSRC_SUBDIRECTORY_PATTERNS = .DS_Store .svn .git .hg CVS
               EXCLUDED_RECURSIVE_SEARCH_PATH_SUBDIRECTORIES = *.nib *.lproj *.framework *.gch *.xcode* *.xcassets *.icon (*) .DS_Store CVS .svn .git .hg *.pbproj *.pbxproj
               EXECUTABLES_FOLDER_PATH = app_links.framework/en.lproj
               EXECUTABLE_FOLDER_PATH = app_links.framework
               EXECUTABLE_FOLDER_PATH_SHALLOW_BUNDLE_NO = app_links.framework
               EXECUTABLE_FOLDER_PATH_SHALLOW_BUNDLE_YES = app_links.framework
               EXECUTABLE_NAME = app_links
               EXECUTABLE_PATH = app_links.framework/app_links
               EXTENSIONS_FOLDER_PATH = app_links.framework/Extensions
               FILE_LIST = /Users/gregoriomorelli/Documents/vibra/build/ios/Pods.build/Release-iphonesimulator/app_links.build/Objects/LinkFileList
               FIXED_FILES_DIR = /Users/gregoriomorelli/Documents/vibra/build/ios/Pods.build/Release-iphonesimulator/app_links.build/FixedFiles
               FRAMEWORKS_FOLDER_PATH = app_links.framework/Frameworks
               FRAMEWORK_FLAG_PREFIX = -framework
               FRAMEWORK_SEARCH_PATHS = /Users/gregoriomorelli/Documents/vibra/build/ios/Release-iphonesimulator/app_links "/Users/gregoriomorelli/development/flutter/bin/cache/artifacts/engine/ios-release/Flutter.xcframework/ios-arm64_x86_64-simulator" 
               FRAMEWORK_VERSION = A
               FULL_PRODUCT_NAME = app_links.framework
               FUSE_BUILD_PHASES = YES
               FUSE_BUILD_SCRIPT_PHASES = NO
               GCC3_VERSION = 3.3
               GCC_C_LANGUAGE_STANDARD = gnu11
               GCC_INLINES_ARE_PRIVATE_EXTERN = YES
               GCC_NO_COMMON_BLOCKS = YES
               GCC_OBJC_LEGACY_DISPATCH = YES
               GCC_PFE_FILE_C_DIALECTS = c objective-c c++ objective-c++
               GCC_PREFIX_HEADER = Target Support Files/app_links/app_links-prefix.pch
               GCC_PREPROCESSOR_DEFINITIONS = POD_CONFIGURATION_RELEASE=1  COCOAPODS=1
               GCC_TREAT_WARNINGS_AS_ERRORS = NO
               GCC_VERSION = com.apple.compilers.llvm.clang.1_0
               GCC_VERSION_IDENTIFIER = com_apple_compilers_llvm_clang_1_0
               GCC_WARN_64_TO_32_BIT_CONVERSION = YES
               GCC_WARN_ABOUT_RETURN_TYPE = YES_ERROR
               GCC_WARN_UNDECLARED_SELECTOR = YES
               GCC_WARN_UNINITIALIZED_AUTOS = YES_AGGRESSIVE
               GCC_WARN_UNUSED_FUNCTION = YES
               GCC_WARN_UNUSED_VARIABLE = YES
               GENERATED_MODULEMAP_DIR = /Users/gregoriomorelli/Documents/vibra/build/ios/GeneratedModuleMaps-iphonesimulator
               GENERATE_INFOPLIST_FILE = NO
               GENERATE_INTERMEDIATE_TEXT_BASED_STUBS = YES
               GENERATE_PKGINFO_FILE = NO
               GENERATE_PRELINK_OBJECT_FILE = NO
               GENERATE_PROFILING_CODE = NO
               GENERATE_TEXT_BASED_STUBS = NO
               GID = 20
               GROUP = staff
               HEADERMAP_INCLUDES_FLAT_ENTRIES_FOR_TARGET_BEING_BUILT = YES
               HEADERMAP_INCLUDES_FRAMEWORK_ENTRIES_FOR_ALL_PRODUCT_TYPES = YES
               HEADERMAP_INCLUDES_FRAMEWORK_ENTRIES_FOR_TARGETS_NOT_BEING_BUILT = YES
               HEADERMAP_INCLUDES_NONPUBLIC_NONPRIVATE_HEADERS = YES
               HEADERMAP_INCLUDES_PROJECT_HEADERS = YES
               HEADERMAP_USES_FRAMEWORK_PREFIX_ENTRIES = YES
               HEADERMAP_USES_VFS = YES
               HEADER_SEARCH_PATHS = /Users/gregoriomorelli/Documents/vibra/build/ios/Release-iphonesimulator/app_links/include 
               HOME = /Users/gregoriomorelli
               HOST_ARCH = arm64
               HOST_PLATFORM = macosx
               ICONV = /usr/bin/iconv
               IMPLICIT_DEPENDENCY_DOMAIN = default
               INDEX_STORE_COMPRESS = NO
               INDEX_STORE_ONLY_PROJECT_FILES = NO
               INFOPLIST_ENABLE_CFBUNDLEICONS_MERGE = YES
               INFOPLIST_EXPAND_BUILD_SETTINGS = YES
               INFOPLIST_FILE = Target Support Files/app_links/app_links-Info.plist
               INFOPLIST_OUTPUT_FORMAT = binary
               INFOPLIST_PATH = app_links.framework/Info.plist
               INFOPLIST_PREPROCESS = NO
               INFOSTRINGS_PATH = app_links.framework/en.lproj/InfoPlist.strings
               INLINE_PRIVATE_FRAMEWORKS = NO
               INSTALLAPI_IGNORE_SKIP_INSTALL = YES
               INSTALLHDRS_COPY_PHASE = NO
               INSTALLHDRS_SCRIPT_PHASE = NO
               INSTALL_DIR = /tmp/Pods.dst/Library/Frameworks
               INSTALL_GROUP = staff
               INSTALL_MODE_FLAG = u+w,go-w,a+rX
               INSTALL_OWNER = gregoriomorelli
               INSTALL_PATH = /Library/Frameworks
               INSTALL_ROOT = /tmp/Pods.dst
               IPHONEOS_DEPLOYMENT_TARGET = 13.0
               IS_UNOPTIMIZED_BUILD = NO
               JAVAC_DEFAULT_FLAGS = -J-Xms64m -J-XX:NewSize=4M -J-Dfile.encoding=UTF8
               JAVA_APP_STUB = /System/Library/Frameworks/JavaVM.framework/Resources/MacOS/JavaApplicationStub
               JAVA_ARCHIVE_CLASSES = YES
               JAVA_ARCHIVE_TYPE = JAR
               JAVA_COMPILER = /usr/bin/javac
               JAVA_FOLDER_PATH = app_links.framework/Java
               JAVA_FRAMEWORK_RESOURCES_DIRS = Resources
               JAVA_JAR_FLAGS = cv
               JAVA_SOURCE_SUBDIR = .
               JAVA_USE_DEPENDENCIES = YES
               JAVA_ZIP_FLAGS = -urg
               JIKES_DEFAULT_FLAGS = +E +OLDCSO
               KEEP_PRIVATE_EXTERNS = NO
               LD_DEPENDENCY_INFO_FILE = /Users/gregoriomorelli/Documents/vibra/build/ios/Pods.build/Release-iphonesimulator/app_links.build/Objects-normal/undefined_arch/app_links_dependency_info.dat
               LD_DYLIB_INSTALL_NAME = @rpath/app_links.framework/app_links
               LD_EXPORT_SYMBOLS = YES
               LD_GENERATE_MAP_FILE = NO
               LD_MAP_FILE_PATH = /Users/gregoriomorelli/Documents/vibra/build/ios/Pods.build/Release-iphonesimulator/app_links.build/app_links-LinkMap-normal-undefined_arch.txt
               LD_NO_PIE = NO
               LD_QUOTE_LINKER_ARGUMENTS_FOR_COMPILER_DRIVER = YES
               LD_RUNPATH_SEARCH_PATHS =  @executable_path/Frameworks @loader_path/Frameworks
               LD_SHARED_CACHE_ELIGIBLE = Automatic
               LD_WARN_DUPLICATE_LIBRARIES = NO
               LD_WARN_UNUSED_DYLIBS = NO
               LEGACY_DEVELOPER_DIR = /Applications/Xcode.app/Contents/PlugIns/Xcode3Core.ideplugin/Contents/SharedSupport/Developer
               LEX = lex
               LIBRARY_DEXT_INSTALL_PATH = /Library/DriverExtensions
               LIBRARY_FLAG_NOSPACE = YES
               LIBRARY_FLAG_PREFIX = -l
               LIBRARY_KEXT_INSTALL_PATH = /Library/Extensions
               LIBRARY_SEARCH_PATHS = /Users/gregoriomorelli/Documents/vibra/build/ios/Release-iphonesimulator/app_links /Applications/Xcode.app/Contents/Developer/Toolchains/XcodeDefault.xctoolchain/usr/lib/swift/iphonesimulator /Applications/Xcode.app/Contents/Developer/Platforms/iPhoneSimulator.platform/Developer/SDKs/iPhoneSimulator26.5.sdk/usr/lib/swift
               LINKER_DISPLAYS_MANGLED_NAMES = NO
               LINK_FILE_LIST_normal_arm64 = /Users/gregoriomorelli/Documents/vibra/build/ios/Pods.build/Release-iphonesimulator/app_links.build/Objects-normal/arm64/app_links.LinkFileList
               LINK_FILE_LIST_normal_x86_64 = /Users/gregoriomorelli/Documents/vibra/build/ios/Pods.build/Release-iphonesimulator/app_links.build/Objects-normal/x86_64/app_links.LinkFileList
               LINK_OBJC_RUNTIME = YES
               LINK_WITH_STANDARD_LIBRARIES = YES
               LLVM_TARGET_TRIPLE_OS_VERSION = ios13.0
               LLVM_TARGET_TRIPLE_SUFFIX = -simulator
               LLVM_TARGET_TRIPLE_VENDOR = apple
               LM_AUX_CONST_METADATA_LIST_PATH_normal_arm64 = /Users/gregoriomorelli/Documents/vibra/build/ios/Pods.build/Release-iphonesimulator/app_links.build/Objects-normal/arm64/app_links.SwiftConstValuesFileList
               LM_AUX_CONST_METADATA_LIST_PATH_normal_x86_64 = /Users/gregoriomorelli/Documents/vibra/build/ios/Pods.build/Release-iphonesimulator/app_links.build/Objects-normal/x86_64/app_links.SwiftConstValuesFileList
               LOCALIZATION_EXPORT_SUPPORTED = YES
               LOCALIZATION_PREFERS_STRING_CATALOGS = NO
               LOCALIZED_RESOURCES_FOLDER_PATH = app_links.framework/en.lproj
               LOCALIZED_STRING_CODE_COMMENTS = NO
               LOCALIZED_STRING_MACRO_NAMES = NSLocalizedString CFCopyLocalizedString
               LOCALIZED_STRING_SWIFTUI_SUPPORT = YES
               LOCAL_ADMIN_APPS_DIR = /Applications/Utilities
               LOCAL_APPS_DIR = /Applications
               LOCAL_DEVELOPER_DIR = /Library/Developer
               LOCAL_LIBRARY_DIR = /Library
               LOCROOT = /Users/gregoriomorelli/Documents/vibra/ios/Pods
               LOCSYMROOT = /Users/gregoriomorelli/Documents/vibra/ios/Pods
               MACH_O_TYPE = mh_dylib
               MACOSX_DEPLOYMENT_TARGET = 26.5
               MAC_OS_X_PRODUCT_BUILD_VERSION = 25F84
               MAC_OS_X_VERSION_ACTUAL = 260502
               MAC_OS_X_VERSION_MAJOR = 260000
               MAC_OS_X_VERSION_MINOR = 260500
               MAKE_MERGEABLE = NO
               MERGEABLE_LIBRARY = NO
               MERGED_BINARY_TYPE = none
               MERGE_LINKED_LIBRARIES = NO
               METAL_LIBRARY_FILE_BASE = default
               METAL_LIBRARY_OUTPUT_DIR = /Users/gregoriomorelli/Documents/vibra/build/ios/Release-iphonesimulator/app_links/app_links.framework
               MODULEMAP_FILE = Target Support Files/app_links/app_links.modulemap
               MODULES_FOLDER_PATH = app_links.framework/Modules
               MTL_ENABLE_DEBUG_INFO = NO
               MTL_FAST_MATH = YES
               NATIVE_ARCH = arm64
               NATIVE_ARCH_32_BIT = arm
               NATIVE_ARCH_64_BIT = arm64
               NATIVE_ARCH_ACTUAL = arm64
               NO_COMMON = YES
               OBJC_ABI_VERSION = 2
               OBJECT_FILE_DIR = /Users/gregoriomorelli/Documents/vibra/build/ios/Pods.build/Release-iphonesimulator/app_links.build/Objects
               OBJECT_FILE_DIR_normal = /Users/gregoriomorelli/Documents/vibra/build/ios/Pods.build/Release-iphonesimulator/app_links.build/Objects-normal
               OBJROOT = /Users/gregoriomorelli/Documents/vibra/build/ios
               ONLY_ACTIVE_ARCH = NO
               OS = MACOS
               OSAC = /usr/bin/osacompile
               OTHER_LDFLAGS =  -framework Flutter
               OTHER_SWIFT_FLAGS =  -D COCOAPODS
               PACKAGE_TYPE = com.apple.package-type.wrapper.framework
               PASCAL_STRINGS = YES
               PATH = /Applications/Xcode.app/Contents/SharedFrameworks/SwiftBuild.framework/Versions/A/PlugIns/SWBBuildService.bundle/Contents/PlugIns/SWBUniversalPlatformPlugin.bundle/Contents/Frameworks/SWBUniversalPlatform.framework/Resources:/Applications/Xcode.app/Contents/Developer/Toolchains/XcodeDefault.xctoolchain/usr/bin:/Applications/Xcode.app/Contents/Developer/Toolchains/XcodeDefault.xctoolchain/usr/local/bin:/Applications/Xcode.app/Contents/Developer/Toolchains/XcodeDefault.xctoolchain/usr/libexec:/Applications/Xcode.app/Contents/Developer/Platforms/iPhoneSimulator.platform/usr/bin:/Applications/Xcode.app/Contents/Developer/Platforms/iPhoneSimulator.platform/usr/local/bin:/Applications/Xcode.app/Contents/Developer/Platforms/iPhoneSimulator.platform/Developer/usr/bin:/Applications/Xcode.app/Contents/Developer/Platforms/iPhoneSimulator.platform/Developer/usr/local/bin:/Applications/Xcode.app/Contents/Developer/usr/bin:/Applications/Xcode.app/Contents/Developer/usr/local/bin:/Users/gregoriomorelli/.gemini/antigravity/bin:/Users/gregoriomorelli/Library/Application Support/Antigravity/bin:/opt/homebrew/bin:/opt/homebrew/sbin:/Library/Developer/CommandLineTools/usr/bin:/Users/gregoriomorelli/development/flutter/bin:/Users/gregoriomorelli/Library/Android/sdk/platform-tools:/Users/gregoriomorelli/Library/Android/sdk/cmdline-tools/latest/bin:/Users/gregoriomorelli/Library/Android/sdk/emulator:/Users/gregoriomorelli/.antigravity-ide/antigravity-ide/bin:/Users/gregoriomorelli/.antigravity/antigravity/bin:/Applications/XAMPP/xamppfiles/bin:/Users/gregoriomorelli/develop/flutter/bin:/usr/local/bin:/System/Cryptexes/App/usr/bin:/usr/bin:/bin:/usr/sbin:/sbin:/var/run/com.apple.security.cryptexd/codex.system/bootstrap/usr/local/bin:/var/run/com.apple.security.cryptexd/codex.system/bootstrap/usr/bin:/var/run/com.apple.security.cryptexd/codex.system/bootstrap/usr/appleinternal/bin:/pkg/env/global/bin:/Users/gregoriomorelli/.spicetify
               PATH_PREFIXES_EXCLUDED_FROM_HEADER_DEPENDENCIES = /usr/include /usr/local/include /System/Library/Frameworks /System/Library/PrivateFrameworks /Applications/Xcode.app/Contents/Developer/Headers /Applications/Xcode.app/Contents/Developer/SDKs /Applications/Xcode.app/Contents/Developer/Platforms
               PBDEVELOPMENTPLIST_PATH = app_links.framework/pbdevelopment.plist
               PER_ARCH_MODULE_FILE_DIR = /Users/gregoriomorelli/Documents/vibra/build/ios/Pods.build/Release-iphonesimulator/app_links.build/Objects-normal/undefined_arch
               PER_ARCH_OBJECT_FILE_DIR = /Users/gregoriomorelli/Documents/vibra/build/ios/Pods.build/Release-iphonesimulator/app_links.build/Objects-normal/undefined_arch
               PER_VARIANT_OBJECT_FILE_DIR = /Users/gregoriomorelli/Documents/vibra/build/ios/Pods.build/Release-iphonesimulator/app_links.build/Objects-normal
               PKGINFO_FILE_PATH = /Users/gregoriomorelli/Documents/vibra/build/ios/Pods.build/Release-iphonesimulator/app_links.build/PkgInfo
               PKGINFO_PATH = app_links.framework/PkgInfo
               PLATFORM_DEVELOPER_APPLICATIONS_DIR = /Applications/Xcode.app/Contents/Developer/Platforms/iPhoneSimulator.platform/Developer/Applications
               PLATFORM_DEVELOPER_BIN_DIR = /Applications/Xcode.app/Contents/Developer/Platforms/iPhoneSimulator.platform/Developer/usr/bin
               PLATFORM_DEVELOPER_LIBRARY_DIR = /Applications/Xcode.app/Contents/Developer/Platforms/iPhoneSimulator.platform/Developer/Library
               PLATFORM_DEVELOPER_SDK_DIR = /Applications/Xcode.app/Contents/Developer/Platforms/iPhoneSimulator.platform/Developer/SDKs
               PLATFORM_DEVELOPER_TOOLS_DIR = /Applications/Xcode.app/Contents/Developer/Platforms/iPhoneSimulator.platform/Developer/Tools
               PLATFORM_DEVELOPER_USR_DIR = /Applications/Xcode.app/Contents/Developer/Platforms/iPhoneSimulator.platform/Developer/usr
               PLATFORM_DIR = /Applications/Xcode.app/Contents/Developer/Platforms/iPhoneSimulator.platform
               PLATFORM_DISPLAY_NAME = iOS Simulator
               PLATFORM_FAMILY_NAME = iOS
               PLATFORM_NAME = iphonesimulator
               PLATFORM_PREFERRED_ARCH = x86_64
               PLATFORM_PRODUCT_BUILD_VERSION = 23F73
               PLATFORM_REQUIRES_SWIFT_AUTOLINK_EXTRACT = NO
               PLATFORM_REQUIRES_SWIFT_MODULEWRAP = NO
               PLATFORM_USES_DSYMS = YES
               PLIST_FILE_OUTPUT_FORMAT = binary
               PLUGINS_FOLDER_PATH = app_links.framework/PlugIns
               PODS_BUILD_DIR = /Users/gregoriomorelli/Documents/vibra/build/ios
               PODS_CONFIGURATION_BUILD_DIR = /Users/gregoriomorelli/Documents/vibra/build/ios/Release-iphonesimulator
               PODS_DEVELOPMENT_LANGUAGE = en
               PODS_ROOT = /Users/gregoriomorelli/Documents/vibra/ios/Pods
               PODS_TARGET_SRCROOT = /Users/gregoriomorelli/Documents/vibra/ios/Pods/../.symlinks/plugins/app_links/ios
               PODS_XCFRAMEWORKS_BUILD_DIR = /Users/gregoriomorelli/Documents/vibra/build/ios/Release-iphonesimulator/XCFrameworkIntermediates
               PRECOMPS_INCLUDE_HEADERS_FROM_BUILT_PRODUCTS_DIR = YES
               PRECOMP_DESTINATION_DIR = /Users/gregoriomorelli/Documents/vibra/build/ios/Pods.build/Release-iphonesimulator/app_links.build/PrefixHeaders
               PRIVATE_HEADERS_FOLDER_PATH = app_links.framework/PrivateHeaders
               PROCESSED_INFOPLIST_PATH = /Users/gregoriomorelli/Documents/vibra/build/ios/Pods.build/Release-iphonesimulator/app_links.build/Objects-normal/undefined_arch/Processed-Info.plist
               PRODUCT_BUNDLE_IDENTIFIER = org.cocoapods.app-links
               PRODUCT_BUNDLE_PACKAGE_TYPE = FMWK
               PRODUCT_MODULE_NAME = app_links
               PRODUCT_NAME = app_links
               PRODUCT_SETTINGS_PATH = /Users/gregoriomorelli/Documents/vibra/ios/Pods/Target Support Files/app_links/app_links-Info.plist
               PRODUCT_TYPE = com.apple.product-type.framework
               PROFILING_CODE = NO
               PROJECT = Pods
               PROJECT_DERIVED_FILE_DIR = /Users/gregoriomorelli/Documents/vibra/build/ios/Pods.build/DerivedSources
               PROJECT_DIR = /Users/gregoriomorelli/Documents/vibra/ios/Pods
               PROJECT_FILE_PATH = /Users/gregoriomorelli/Documents/vibra/ios/Pods/Pods.xcodeproj
               PROJECT_GUID = bfdfe7dc352907fc980b868725387e98
               PROJECT_NAME = Pods
               PROJECT_TEMP_DIR = /Users/gregoriomorelli/Documents/vibra/build/ios/Pods.build
               PROJECT_TEMP_ROOT = /Users/gregoriomorelli/Documents/vibra/build/ios
               PUBLIC_HEADERS_FOLDER_PATH = app_links.framework/Headers
               RECOMMENDED_IPHONEOS_DEPLOYMENT_TARGET = 15.0
               RECURSIVE_SEARCH_PATHS_FOLLOW_SYMLINKS = YES
               REMOVE_CVS_FROM_RESOURCES = YES
               REMOVE_GIT_FROM_RESOURCES = YES
               REMOVE_HEADERS_FROM_EMBEDDED_BUNDLES = YES
               REMOVE_HG_FROM_RESOURCES = YES
               REMOVE_STATIC_EXECUTABLES_FROM_EMBEDDED_BUNDLES = YES
               REMOVE_SVN_FROM_RESOURCES = YES
               RESCHEDULE_INDEPENDENT_HEADERS_PHASES = YES
               REZ_COLLECTOR_DIR = /Users/gregoriomorelli/Documents/vibra/build/ios/Pods.build/Release-iphonesimulator/app_links.build/ResourceManagerResources
               REZ_OBJECTS_DIR = /Users/gregoriomorelli/Documents/vibra/build/ios/Pods.build/Release-iphonesimulator/app_links.build/ResourceManagerResources/Objects
               REZ_SEARCH_PATHS = /Users/gregoriomorelli/Documents/vibra/build/ios/Release-iphonesimulator/app_links 
               RPATH_ORIGIN = @loader_path
               RUNTIME_EXCEPTION_ALLOW_DYLD_ENVIRONMENT_VARIABLES = NO
               RUNTIME_EXCEPTION_ALLOW_JIT = NO
               RUNTIME_EXCEPTION_ALLOW_UNSIGNED_EXECUTABLE_MEMORY = NO
               RUNTIME_EXCEPTION_DEBUGGING_TOOL = NO
               RUNTIME_EXCEPTION_DISABLE_EXECUTABLE_PAGE_PROTECTION = NO
               RUNTIME_EXCEPTION_DISABLE_LIBRARY_VALIDATION = NO
               SCANNING_PCM_KEEP_CACHE_DIRECTORY = YES
               SCAN_ALL_SOURCE_FILES_FOR_INCLUDES = NO
               SCRIPTS_FOLDER_PATH = app_links.framework/Scripts
               SDKROOT = /Applications/Xcode.app/Contents/Developer/Platforms/iPhoneSimulator.platform/Developer/SDKs/iPhoneSimulator26.5.sdk
               SDK_DIR = /Applications/Xcode.app/Contents/Developer/Platforms/iPhoneSimulator.platform/Developer/SDKs/iPhoneSimulator26.5.sdk
               SDK_DIR_iphonesimulator = /Applications/Xcode.app/Contents/Developer/Platforms/iPhoneSimulator.platform/Developer/SDKs/iPhoneSimulator26.5.sdk
               SDK_DIR_iphonesimulator26_5 = /Applications/Xcode.app/Contents/Developer/Platforms/iPhoneSimulator.platform/Developer/SDKs/iPhoneSimulator26.5.sdk
               SDK_NAME = iphonesimulator26.5
               SDK_NAMES = iphonesimulator26.5
               SDK_PRODUCT_BUILD_VERSION = 23F73
               SDK_STAT_CACHE_DIR = /var/folders/pg/x6t89f2n7s7299rcw8hv33180000gn/C/com.apple.DeveloperTools/26.5-17F42/Xcode
               SDK_STAT_CACHE_ENABLE = YES
               SDK_STAT_CACHE_PATH = /var/folders/pg/x6t89f2n7s7299rcw8hv33180000gn/C/com.apple.DeveloperTools/26.5-17F42/Xcode/SDKStatCaches.noindex/iphonesimulator26.5-23F73-6cfe768891a92b912361537c460fe42b.sdkstatcache
               SDK_VERSION = 26.5
               SDK_VERSION_ACTUAL = 260500
               SDK_VERSION_MAJOR = 260000
               SDK_VERSION_MINOR = 260500
               SED = /usr/bin/sed
               SEPARATE_STRIP = NO
               SEPARATE_SYMBOL_EDIT = NO
               SET_DIR_MODE_OWNER_GROUP = YES
               SET_FILE_MODE_OWNER_GROUP = NO
               SHALLOW_BUNDLE = YES
               SHALLOW_BUNDLE_TRIPLE = ios-simulator
               SHALLOW_BUNDLE_ios_macabi = NO
               SHALLOW_BUNDLE_macos = NO
               SHARED_DERIVED_FILE_DIR = /Users/gregoriomorelli/Documents/vibra/build/ios/Release-iphonesimulator/app_links/DerivedSources
               SHARED_FRAMEWORKS_FOLDER_PATH = app_links.framework/SharedFrameworks
               SHARED_PRECOMPS_DIR = /Users/gregoriomorelli/Documents/vibra/build/ios/SharedPrecompiledHeaders
               SHARED_SUPPORT_FOLDER_PATH = app_links.framework
               SKIP_INSTALL = YES
               SKIP_MERGEABLE_LIBRARY_BUNDLE_HOOK = NO
               SOURCE_ROOT = /Users/gregoriomorelli/Documents/vibra/ios/Pods
               SRCROOT = /Users/gregoriomorelli/Documents/vibra/ios/Pods
               STRINGSDATA_DIR = /Users/gregoriomorelli/Documents/vibra/build/ios/Pods.build/Release-iphonesimulator/app_links.build/Objects-normal/undefined_arch
               STRINGSDATA_ROOT = /Users/gregoriomorelli/Documents/vibra/build/ios/Pods.build/Release-iphonesimulator/app_links.build
               STRINGS_FILE_INFOPLIST_RENAME = YES
               STRINGS_FILE_OUTPUT_ENCODING = binary
               STRING_CATALOG_GENERATE_SYMBOLS = NO
               STRIP_BITCODE_FROM_COPIED_FILES = NO
               STRIP_INSTALLED_PRODUCT = NO
               STRIP_STYLE = debugging
               STRIP_SWIFT_SYMBOLS = YES
               SUPPORTED_DEVICE_FAMILIES = 1,2
               SUPPORTED_PLATFORMS = iphoneos iphonesimulator
               SUPPORTS_TEXT_BASED_API = NO
               SUPPRESS_WARNINGS = NO
               SWIFT_ACTIVE_COMPILATION_CONDITIONS =  
               SWIFT_COMPILATION_MODE = wholemodule
               SWIFT_EMIT_CONST_VALUE_PROTOCOLS = AnyResolverProviding AppEntity AppEnum AppExtension AppIntent AppIntentsPackage AppShortcutProviding AppShortcutsProvider AppUnionValue AppUnionValueCasesProviding DynamicOptionsProvider EntityQuery ExtensionPointDefining IntentValueQuery Resolver TransientEntity _AssistantIntentsProvider _GenerativeFunctionExtractable _IntentValueRepresentable
               SWIFT_EMIT_LOC_STRINGS = NO
               SWIFT_ENABLE_EXPLICIT_MODULES = YES
               SWIFT_INSTALL_MODULE_FOR_DEPLOYMENT = YES
               SWIFT_INSTALL_OBJC_HEADER = YES
               SWIFT_OPTIMIZATION_LEVEL = -O
               SWIFT_PLATFORM_TARGET_PREFIX = ios
               SWIFT_RESPONSE_FILE_PATH_normal_arm64 = /Users/gregoriomorelli/Documents/vibra/build/ios/Pods.build/Release-iphonesimulator/app_links.build/Objects-normal/arm64/app_links.SwiftFileList
               SWIFT_RESPONSE_FILE_PATH_normal_x86_64 = /Users/gregoriomorelli/Documents/vibra/build/ios/Pods.build/Release-iphonesimulator/app_links.build/Objects-normal/x86_64/app_links.SwiftFileList
               SWIFT_VERSION = 5.0
               SYMROOT = /Users/gregoriomorelli/Documents/vibra/ios/build
               SYSTEM_ADMIN_APPS_DIR = /Applications/Utilities
               SYSTEM_APPS_DIR = /Applications
               SYSTEM_CORE_SERVICES_DIR = /System/Library/CoreServices
               SYSTEM_DEMOS_DIR = /Applications/Extras
               SYSTEM_DEVELOPER_APPS_DIR = /Applications/Xcode.app/Contents/Developer/Applications
               SYSTEM_DEVELOPER_BIN_DIR = /Applications/Xcode.app/Contents/Developer/usr/bin
               SYSTEM_DEVELOPER_DEMOS_DIR = /Applications/Xcode.app/Contents/Developer/Applications/Utilities/Built Examples
               SYSTEM_DEVELOPER_DIR = /Applications/Xcode.app/Contents/Developer
               SYSTEM_DEVELOPER_DOC_DIR = /Applications/Xcode.app/Contents/Developer/ADC Reference Library
               SYSTEM_DEVELOPER_GRAPHICS_TOOLS_DIR = /Applications/Xcode.app/Contents/Developer/Applications/Graphics Tools
               SYSTEM_DEVELOPER_JAVA_TOOLS_DIR = /Applications/Xcode.app/Contents/Developer/Applications/Java Tools
               SYSTEM_DEVELOPER_PERFORMANCE_TOOLS_DIR = /Applications/Xcode.app/Contents/Developer/Applications/Performance Tools
               SYSTEM_DEVELOPER_RELEASENOTES_DIR = /Applications/Xcode.app/Contents/Developer/ADC Reference Library/releasenotes
               SYSTEM_DEVELOPER_TOOLS = /Applications/Xcode.app/Contents/Developer/Tools
               SYSTEM_DEVELOPER_TOOLS_DOC_DIR = /Applications/Xcode.app/Contents/Developer/ADC Reference Library/documentation/DeveloperTools
               SYSTEM_DEVELOPER_TOOLS_RELEASENOTES_DIR = /Applications/Xcode.app/Contents/Developer/ADC Reference Library/releasenotes/DeveloperTools
               SYSTEM_DEVELOPER_USR_DIR = /Applications/Xcode.app/Contents/Developer/usr
               SYSTEM_DEVELOPER_UTILITIES_DIR = /Applications/Xcode.app/Contents/Developer/Applications/Utilities
               SYSTEM_DEXT_INSTALL_PATH = /System/Library/DriverExtensions
               SYSTEM_DOCUMENTATION_DIR = /Library/Documentation
               SYSTEM_EXTENSIONS_FOLDER_PATH = app_links.framework/SystemExtensions
               SYSTEM_EXTENSIONS_FOLDER_PATH_SHALLOW_BUNDLE_NO = app_links.framework/Library/SystemExtensions
               SYSTEM_EXTENSIONS_FOLDER_PATH_SHALLOW_BUNDLE_YES = app_links.framework/SystemExtensions
               SYSTEM_KEXT_INSTALL_PATH = /System/Library/Extensions
               SYSTEM_LIBRARY_DIR = /System/Library
               TAPI_DEMANGLE = YES
               TAPI_ENABLE_PROJECT_HEADERS = NO
               TAPI_LANGUAGE = objective-c
               TAPI_LANGUAGE_STANDARD = compiler-default
               TAPI_USE_SRCROOT = YES
               TAPI_VERIFY_MODE = Pedantic
               TARGETED_DEVICE_FAMILY = 1,2
               TARGETNAME = app_links
               TARGET_BUILD_DIR = /Users/gregoriomorelli/Documents/vibra/build/ios/Release-iphonesimulator/app_links
               TARGET_NAME = app_links
               TARGET_TEMP_DIR = /Users/gregoriomorelli/Documents/vibra/build/ios/Pods.build/Release-iphonesimulator/app_links.build
               TEMP_DIR = /Users/gregoriomorelli/Documents/vibra/build/ios/Pods.build/Release-iphonesimulator/app_links.build
               TEMP_FILES_DIR = /Users/gregoriomorelli/Documents/vibra/build/ios/Pods.build/Release-iphonesimulator/app_links.build
               TEMP_FILE_DIR = /Users/gregoriomorelli/Documents/vibra/build/ios/Pods.build/Release-iphonesimulator/app_links.build
               TEMP_ROOT = /Users/gregoriomorelli/Documents/vibra/build/ios
               TEMP_SANDBOX_DIR = /Users/gregoriomorelli/Documents/vibra/build/ios/TemporaryTaskSandboxes
               TEST_FRAMEWORK_SEARCH_PATHS =  /Applications/Xcode.app/Contents/Developer/Platforms/iPhoneSimulator.platform/Developer/Library/Frameworks /Applications/Xcode.app/Contents/Developer/Platforms/iPhoneSimulator.platform/Developer/SDKs/iPhoneSimulator26.5.sdk/Developer/Library/Frameworks
               TEST_LIBRARY_SEARCH_PATHS =  /Applications/Xcode.app/Contents/Developer/Platforms/iPhoneSimulator.platform/Developer/usr/lib
               TOOLCHAINS = com.apple.dt.toolchain.XcodeDefault
               TOOLCHAIN_DIR = /Applications/Xcode.app/Contents/Developer/Toolchains/XcodeDefault.xctoolchain
               TREAT_MISSING_BASELINES_AS_TEST_FAILURES = NO
               TREAT_MISSING_SCRIPT_PHASE_OUTPUTS_AS_ERRORS = NO
               TVOS_DEPLOYMENT_TARGET = 26.5
               UID = 501
               UNINSTALLED_PRODUCTS_DIR = /Users/gregoriomorelli/Documents/vibra/build/ios/UninstalledProducts
               UNLOCALIZED_RESOURCES_FOLDER_PATH = app_links.framework
               UNLOCALIZED_RESOURCES_FOLDER_PATH_SHALLOW_BUNDLE_NO = app_links.framework/Resources
               UNLOCALIZED_RESOURCES_FOLDER_PATH_SHALLOW_BUNDLE_YES = app_links.framework
               UNSTRIPPED_PRODUCT = NO
               USER = gregoriomorelli
               USER_APPS_DIR = /Users/gregoriomorelli/Applications
               USER_LIBRARY_DIR = /Users/gregoriomorelli/Library
               USE_DYNAMIC_NO_PIC = YES
               USE_HEADERMAP = YES
               USE_HEADER_SYMLINKS = NO
               USE_RECURSIVE_SCRIPT_INPUTS_IN_SCRIPT_PHASES = YES
               VALIDATE_DEVELOPMENT_ASSET_PATHS = YES_ERROR
               VALIDATE_PRODUCT = YES
               VALID_ARCHS = arm64 x86_64
               VERBOSE_PBXCP = NO
               VERSIONING_SYSTEM = apple-generic
               VERSIONPLIST_PATH = app_links.framework/version.plist
               VERSIONS_FOLDER_PATH = app_links.framework
               VERSIONS_FOLDER_PATH_SHALLOW_BUNDLE_NO = app_links.framework/Versions
               VERSIONS_FOLDER_PATH_SHALLOW_BUNDLE_YES = app_links.framework
               VERSION_INFO_BUILDER = gregoriomorelli
               VERSION_INFO_FILE = app_links_vers.c
               VERSION_INFO_STRING = "@(#)PROGRAM:app_links  PROJECT:Pods-1"
               WATCHOS_DEPLOYMENT_TARGET = 26.5
               WORKSPACE_DIR = /Users/gregoriomorelli/Documents/vibra/ios/Pods/Pods.xcodeproj
               WRAPPER_EXTENSION = framework
               WRAPPER_NAME = app_links.framework
               WRAPPER_SUFFIX = .framework
               WRAP_ASSET_PACKS_IN_SEPARATE_DIRECTORIES = NO
               XCODE_APP_SUPPORT_DIR = /Applications/Xcode.app/Contents/Developer/Library/Xcode
               XCODE_PRODUCT_BUILD_VERSION = 17F42
               XCODE_VERSION_ACTUAL = 2650
               XCODE_VERSION_MAJOR = 2600
               XCODE_VERSION_MINOR = 2650
               XPCSERVICES_FOLDER_PATH = app_links.framework/XPCServices
               XROS_DEPLOYMENT_TARGET = 26.5
               YACC = yacc
               _DISCOVER_COMMAND_LINE_LINKER_INPUTS = YES
               _DISCOVER_COMMAND_LINE_LINKER_INPUTS_INCLUDE_WL = YES
               _LD_MULTIARCH = YES
               _WRAPPER_CONTENTS_DIR_SHALLOW_BUNDLE_NO = /Contents
               _WRAPPER_PARENT_PATH_SHALLOW_BUNDLE_NO = /..
               _WRAPPER_RESOURCES_DIR_SHALLOW_BUNDLE_NO = /Resources
               __DIAGNOSE_DEPRECATED_ARCHS = YES
               __ORIGINAL_SDK_DEFINED_LLVM_TARGET_TRIPLE_SYS = ios
               arch = undefined_arch
               variant = normal

           Build settings for action build and target app_links-app_links_ios_privacy:
               ACTION = build
               AD_HOC_CODE_SIGNING_ALLOWED = YES
               ALLOW_BUILD_REQUEST_OVERRIDES = NO
               ALLOW_TARGET_PLATFORM_SPECIALIZATION = NO
               ALTERNATE_GROUP = staff
               ALTERNATE_MODE = u+w,go-w,a+rX
               ALTERNATE_OWNER = gregoriomorelli
               ALTERNATIVE_DISTRIBUTION_WEB = NO
               ALWAYS_EMBED_SWIFT_STANDARD_LIBRARIES = NO
               ALWAYS_SEARCH_USER_PATHS = NO
               ALWAYS_USE_SEPARATE_HEADERMAPS = NO
               APPLICATION_EXTENSION_API_ONLY = NO
               APPLY_RULES_IN_COPY_FILES = NO
               APPLY_RULES_IN_COPY_HEADERS = NO
               APP_SHORTCUTS_ENABLE_FLEXIBLE_MATCHING = YES
               ARCHS = arm64 x86_64
               ARCHS_BASE = arm64 x86_64
               ARCHS_STANDARD = arm64 x86_64
               ARCHS_STANDARD_32_64_BIT = arm64 x86_64
               ARCHS_STANDARD_64_BIT = arm64 x86_64
               ARCHS_STANDARD_INCLUDING_64_BIT = arm64 x86_64
               ARCHS_UNIVERSAL_IPHONE_OS = arm64 x86_64
               AUTOMATICALLY_MERGE_DEPENDENCIES = NO
               AUTOMATION_APPLE_EVENTS = NO
               AVAILABLE_PLATFORMS = android appletvos appletvsimulator driverkit freebsd iphoneos iphonesimulator linux macosx none openbsd qnx watchos watchsimulator webassembly xros xrsimulator
               BUILD_ACTIVE_RESOURCES_ONLY = NO
               BUILD_COMPONENTS = headers build
               BUILD_DIR = /Users/gregoriomorelli/Documents/vibra/build/ios
               BUILD_LIBRARY_FOR_DISTRIBUTION = NO
               BUILD_ONLY_KNOWN_LOCALIZATIONS = NO
               BUILD_ROOT = /Users/gregoriomorelli/Documents/vibra/ios/build
               BUILD_STYLE = 
               BUILD_VARIANTS = normal
               BUILT_PRODUCTS_DIR = /Users/gregoriomorelli/Documents/vibra/build/ios/Release-iphonesimulator/app_links
               BUNDLE_CONTENTS_FOLDER_PATH_deep = Contents/
               BUNDLE_EXECUTABLE_FOLDER_NAME_deep = MacOS
               BUNDLE_EXTENSIONS_FOLDER_PATH = Extensions
               BUNDLE_FORMAT = shallow
               BUNDLE_FRAMEWORKS_FOLDER_PATH = Frameworks
               BUNDLE_PLUGINS_FOLDER_PATH = PlugIns
               BUNDLE_PRIVATE_HEADERS_FOLDER_PATH = PrivateHeaders
               BUNDLE_PUBLIC_HEADERS_FOLDER_PATH = Headers
               CACHE_ROOT = /var/folders/pg/x6t89f2n7s7299rcw8hv33180000gn/C/com.apple.DeveloperTools/26.5-17F42/Xcode
               CCHROOT = /var/folders/pg/x6t89f2n7s7299rcw8hv33180000gn/C/com.apple.DeveloperTools/26.5-17F42/Xcode
               CHMOD = /bin/chmod
               CHOWN = chown
               CLANG_ANALYZER_LOCALIZABILITY_NONLOCALIZED = YES
               CLANG_ANALYZER_NONNULL = YES
               CLANG_ANALYZER_NUMBER_OBJECT_CONVERSION = YES_AGGRESSIVE
               CLANG_CACHE_FINE_GRAINED_OUTPUTS = YES
               CLANG_CXX_LANGUAGE_STANDARD = gnu++14
               CLANG_CXX_LIBRARY = libc++
               CLANG_ENABLE_EXPLICIT_MODULES = YES
               CLANG_ENABLE_MODULES = YES
               CLANG_ENABLE_OBJC_ARC = YES
               CLANG_ENABLE_OBJC_WEAK = YES
               CLANG_MODULES_BUILD_SESSION_FILE = /var/folders/pg/x6t89f2n7s7299rcw8hv33180000gn/C/org.llvm.clang/ModuleCache.noindex/Session.modulevalidation
               CLANG_WARN_BLOCK_CAPTURE_AUTORELEASING = YES
               CLANG_WARN_BOOL_CONVERSION = YES
               CLANG_WARN_COMMA = YES
               CLANG_WARN_CONSTANT_CONVERSION = YES
               CLANG_WARN_DEPRECATED_OBJC_IMPLEMENTATIONS = YES
               CLANG_WARN_DIRECT_OBJC_ISA_USAGE = YES_ERROR
               CLANG_WARN_DOCUMENTATION_COMMENTS = YES
               CLANG_WARN_EMPTY_BODY = YES
               CLANG_WARN_ENUM_CONVERSION = YES
               CLANG_WARN_INFINITE_RECURSION = YES
               CLANG_WARN_INT_CONVERSION = YES
               CLANG_WARN_NON_LITERAL_NULL_CONVERSION = YES
               CLANG_WARN_OBJC_IMPLICIT_RETAIN_SELF = YES
               CLANG_WARN_OBJC_LITERAL_CONVERSION = YES
               CLANG_WARN_OBJC_ROOT_CLASS = YES_ERROR
               CLANG_WARN_QUOTED_INCLUDE_IN_FRAMEWORK_HEADER = NO
               CLANG_WARN_RANGE_LOOP_ANALYSIS = YES
               CLANG_WARN_STRICT_PROTOTYPES = YES
               CLANG_WARN_SUSPICIOUS_MOVE = YES
               CLANG_WARN_UNGUARDED_AVAILABILITY = YES_AGGRESSIVE
               CLANG_WARN_UNREACHABLE_CODE = YES
               CLANG_WARN__DUPLICATE_METHOD_MATCH = YES
               CLASS_FILE_DIR = /Users/gregoriomorelli/Documents/vibra/build/ios/Pods.build/Release-iphonesimulator/app_links-app_links_ios_privacy.build/JavaClasses
               CLEAN_PRECOMPS = YES
               CLONE_HEADERS = NO
               CODESIGNING_FOLDER_PATH = /Users/gregoriomorelli/Documents/vibra/build/ios/Release-iphonesimulator/app_links/app_links_ios_privacy.bundle
               CODE_SIGNING_ALLOWED = NO
               CODE_SIGNING_IDENTITY = -
               CODE_SIGNING_REQUIRED = NO
               CODE_SIGN_CONTEXT_CLASS = XCiPhoneSimulatorCodeSignContext
               CODE_SIGN_IDENTITY = -
               CODE_SIGN_INJECT_BASE_ENTITLEMENTS = YES
               COLOR_DIAGNOSTICS = NO
               COMBINE_HIDPI_IMAGES = NO
               COMPILATION_CACHE_CAS_PATH = /var/folders/pg/x6t89f2n7s7299rcw8hv33180000gn/C/com.apple.DeveloperTools/26.5-17F42/Xcode/CompilationCache.noindex
               COMPILATION_CACHE_KEEP_CAS_DIRECTORY = YES
               COMPILER_INDEX_STORE_ENABLE = Default
               COMPOSITE_SDK_DIRS = /Users/gregoriomorelli/Documents/vibra/build/ios/CompositeSDKs
               COMPRESS_PNG_FILES = YES
               CONFIGURATION = Release
               CONFIGURATION_BUILD_DIR = /Users/gregoriomorelli/Documents/vibra/build/ios/Release-iphonesimulator/app_links
               CONFIGURATION_TEMP_DIR = /Users/gregoriomorelli/Documents/vibra/build/ios/Pods.build/Release-iphonesimulator
               CONTENTS_FOLDER_PATH = app_links_ios_privacy.bundle
               CONTENTS_FOLDER_PATH_SHALLOW_BUNDLE_NO = app_links_ios_privacy.bundle/Contents
               CONTENTS_FOLDER_PATH_SHALLOW_BUNDLE_YES = app_links_ios_privacy.bundle
               COPYING_PRESERVES_HFS_DATA = NO
               COPY_HEADERS_RUN_UNIFDEF = NO
               COPY_PHASE_STRIP = NO
               CORRESPONDING_DEVICE_PLATFORM_DIR = /Applications/Xcode.app/Contents/Developer/Platforms/iPhoneOS.platform
               CORRESPONDING_DEVICE_PLATFORM_NAME = iphoneos
               CORRESPONDING_DEVICE_SDK_DIR = /Applications/Xcode.app/Contents/Developer/Platforms/iPhoneOS.platform/Developer/SDKs/iPhoneOS26.5.sdk
               CORRESPONDING_DEVICE_SDK_NAME = iphoneos26.5
               CP = /bin/cp
               CREATE_INFOPLIST_SECTION_IN_BINARY = NO
               CURRENT_ARCH = undefined_arch
               CURRENT_VARIANT = normal
               DEAD_CODE_STRIPPING = YES
               DEBUGGING_SYMBOLS = YES
               DEBUG_INFORMATION_FORMAT = dwarf-with-dsym
               DEBUG_INFORMATION_VERSION = compiler-default
               DEFAULT_COMPILER = com.apple.compilers.llvm.clang.1_0
               DEFAULT_DEXT_INSTALL_PATH = /System/Library/DriverExtensions
               DEFAULT_KEXT_INSTALL_PATH = /System/Library/Extensions
               DEFINES_MODULE = YES
               DEPLOYMENT_LOCATION = NO
               DEPLOYMENT_POSTPROCESSING = NO
               DEPLOYMENT_TARGET_SETTING_NAME = IPHONEOS_DEPLOYMENT_TARGET
               DEPLOYMENT_TARGET_SUGGESTED_VALUES = 12.0 12.1 12.2 12.3 12.4 13.0 13.1 13.2 13.3 13.4 13.5 13.6 14.0 14.1 14.2 14.3 14.4 14.5 14.6 14.7 15.0 15.1 15.2 15.3 15.4 15.5 15.6 16.0 16.1 16.2 16.3 16.4 16.5 16.6 17.0 17.1 17.2 17.3 17.4 17.5 17.6 18.0 18.1 18.2 18.3 18.4 18.5 18.6 26.0 26.2 26.3 26.4 26.5
               DERIVED_FILES_DIR = /Users/gregoriomorelli/Documents/vibra/build/ios/Pods.build/Release-iphonesimulator/app_links-app_links_ios_privacy.build/DerivedSources
               DERIVED_FILE_DIR = /Users/gregoriomorelli/Documents/vibra/build/ios/Pods.build/Release-iphonesimulator/app_links-app_links_ios_privacy.build/DerivedSources
               DERIVED_SOURCES_DIR = /Users/gregoriomorelli/Documents/vibra/build/ios/Pods.build/Release-iphonesimulator/app_links-app_links_ios_privacy.build/DerivedSources
               DEVELOPER_APPLICATIONS_DIR = /Applications/Xcode.app/Contents/Developer/Applications
               DEVELOPER_BIN_DIR = /Applications/Xcode.app/Contents/Developer/usr/bin
               DEVELOPER_DIR = /Applications/Xcode.app/Contents/Developer
               DEVELOPER_FRAMEWORKS_DIR = /Applications/Xcode.app/Contents/Developer/Library/Frameworks
               DEVELOPER_FRAMEWORKS_DIR_QUOTED = /Applications/Xcode.app/Contents/Developer/Library/Frameworks
               DEVELOPER_LIBRARY_DIR = /Applications/Xcode.app/Contents/Developer/Library
               DEVELOPER_SDK_DIR = /Applications/Xcode.app/Contents/Developer/Platforms/MacOSX.platform/Developer/SDKs
               DEVELOPER_TOOLS_DIR = /Applications/Xcode.app/Contents/Developer/Tools
               DEVELOPER_USR_DIR = /Applications/Xcode.app/Contents/Developer/usr
               DEVELOPMENT_LANGUAGE = en
               DIAGNOSE_MISSING_TARGET_DEPENDENCIES = YES
               DIFF = /usr/bin/diff
               DOCUMENTATION_FOLDER_PATH = app_links_ios_privacy.bundle/en.lproj/Documentation
               DONT_GENERATE_INFOPLIST_FILE = NO
               DRIVERKIT_DEPLOYMENT_TARGET = 25.5
               DSTROOT = /tmp/Pods.dst
               DT_TOOLCHAIN_DIR = /Applications/Xcode.app/Contents/Developer/Toolchains/XcodeDefault.xctoolchain
               DUMP_DEPENDENCIES = NO
               DUMP_DEPENDENCIES_OUTPUT_PATH = /Users/gregoriomorelli/Documents/vibra/build/ios/Pods.build/Release-iphonesimulator/app_links-app_links_ios_privacy.build/app_links-app_links_ios_privacy-BuildDependencyInfo.json
               DWARF_DSYM_FILE_NAME = app_links_ios_privacy.bundle.dSYM
               DWARF_DSYM_FILE_SHOULD_ACCOMPANY_PRODUCT = NO
               DWARF_DSYM_FOLDER_PATH = /Users/gregoriomorelli/Documents/vibra/build/ios/Release-iphonesimulator/app_links
               DYNAMIC_LIBRARY_EXTENSION = dylib
               EAGER_COMPILATION_ALLOW_SCRIPTS = NO
               EAGER_LINKING = NO
               EFFECTIVE_PLATFORM_NAME = -iphonesimulator
               EFFECTIVE_SWIFT_VERSION = 5
               EMBEDDED_CONTENT_CONTAINS_SWIFT = NO
               EMBED_ASSET_PACKS_IN_PRODUCT_BUNDLE = NO
               ENABLE_APP_SANDBOX = NO
               ENABLE_CODE_COVERAGE = YES
               ENABLE_COHORT_ARCHS = NO
               ENABLE_CPLUSPLUS_BOUNDS_SAFE_BUFFERS = NO
               ENABLE_C_BOUNDS_SAFETY = NO
               ENABLE_DEFAULT_HEADER_SEARCH_PATHS = YES
               ENABLE_DEFAULT_SEARCH_PATHS = YES
               ENABLE_ENHANCED_SECURITY = NO
               ENABLE_HARDENED_RUNTIME = NO
               ENABLE_HEADER_DEPENDENCIES = YES
               ENABLE_INCOMING_NETWORK_CONNECTIONS = NO
               ENABLE_NS_ASSERTIONS = NO
               ENABLE_ON_DEMAND_RESOURCES = NO
               ENABLE_OUTGOING_NETWORK_CONNECTIONS = NO
               ENABLE_POINTER_AUTHENTICATION = NO
               ENABLE_RESOURCE_ACCESS_AUDIO_INPUT = NO
               ENABLE_RESOURCE_ACCESS_BLUETOOTH = NO
               ENABLE_RESOURCE_ACCESS_CALENDARS = NO
               ENABLE_RESOURCE_ACCESS_CAMERA = NO
               ENABLE_RESOURCE_ACCESS_CONTACTS = NO
               ENABLE_RESOURCE_ACCESS_LOCATION = NO
               ENABLE_RESOURCE_ACCESS_PHOTO_LIBRARY = NO
               ENABLE_RESOURCE_ACCESS_PRINTING = NO
               ENABLE_RESOURCE_ACCESS_USB = NO
               ENABLE_SDK_IMPORTS = NO
               ENABLE_SECURITY_COMPILER_WARNINGS = NO
               ENABLE_STRICT_OBJC_MSGSEND = YES
               ENABLE_TESTABILITY = NO
               ENABLE_TESTING_SEARCH_PATHS = NO
               ENABLE_USER_SCRIPT_SANDBOXING = NO
               ENFORCE_VALID_ARCHS = YES
               ENTITLEMENTS_DESTINATION = __entitlements
               ENTITLEMENTS_REQUIRED = NO
               EXCLUDED_ARCHS = i386
               EXCLUDED_INSTALLSRC_SUBDIRECTORY_PATTERNS = .DS_Store .svn .git .hg CVS
               EXCLUDED_RECURSIVE_SEARCH_PATH_SUBDIRECTORIES = *.nib *.lproj *.framework *.gch *.xcode* *.xcassets *.icon (*) .DS_Store CVS .svn .git .hg *.pbproj *.pbxproj
               EXECUTABLES_FOLDER_PATH = app_links_ios_privacy.bundle/Executables
               EXECUTABLE_FOLDER_PATH = app_links_ios_privacy.bundle
               EXECUTABLE_FOLDER_PATH_SHALLOW_BUNDLE_NO = app_links_ios_privacy.bundle/MacOS
               EXECUTABLE_FOLDER_PATH_SHALLOW_BUNDLE_YES = app_links_ios_privacy.bundle
               EXECUTABLE_NAME = app_links_ios_privacy
               EXECUTABLE_PATH = app_links_ios_privacy.bundle/app_links_ios_privacy
               EXPANDED_CODE_SIGN_IDENTITY = -
               EXTENSIONS_FOLDER_PATH = app_links_ios_privacy.bundle/Extensions
               FILE_LIST = /Users/gregoriomorelli/Documents/vibra/build/ios/Pods.build/Release-iphonesimulator/app_links-app_links_ios_privacy.build/Objects/LinkFileList
               FIXED_FILES_DIR = /Users/gregoriomorelli/Documents/vibra/build/ios/Pods.build/Release-iphonesimulator/app_links-app_links_ios_privacy.build/FixedFiles
               FRAMEWORKS_FOLDER_PATH = app_links_ios_privacy.bundle/Frameworks
               FRAMEWORK_FLAG_PREFIX = -framework
               FRAMEWORK_SEARCH_PATHS = /Users/gregoriomorelli/Documents/vibra/build/ios/Release-iphonesimulator/app_links 
               FRAMEWORK_VERSION = A
               FULL_PRODUCT_NAME = app_links_ios_privacy.bundle
               FUSE_BUILD_PHASES = YES
               FUSE_BUILD_SCRIPT_PHASES = NO
               GCC3_VERSION = 3.3
               GCC_C_LANGUAGE_STANDARD = gnu11
               GCC_INLINES_ARE_PRIVATE_EXTERN = YES
               GCC_NO_COMMON_BLOCKS = YES
               GCC_OBJC_LEGACY_DISPATCH = YES
               GCC_PFE_FILE_C_DIALECTS = c objective-c c++ objective-c++
               GCC_PREPROCESSOR_DEFINITIONS = POD_CONFIGURATION_RELEASE=1  COCOAPODS=1
               GCC_TREAT_WARNINGS_AS_ERRORS = NO
               GCC_VERSION = com.apple.compilers.llvm.clang.1_0
               GCC_VERSION_IDENTIFIER = com_apple_compilers_llvm_clang_1_0
               GCC_WARN_64_TO_32_BIT_CONVERSION = YES
               GCC_WARN_ABOUT_RETURN_TYPE = YES_ERROR
               GCC_WARN_UNDECLARED_SELECTOR = YES
               GCC_WARN_UNINITIALIZED_AUTOS = YES_AGGRESSIVE
               GCC_WARN_UNUSED_FUNCTION = YES
               GCC_WARN_UNUSED_VARIABLE = YES
               GENERATED_MODULEMAP_DIR = /Users/gregoriomorelli/Documents/vibra/build/ios/GeneratedModuleMaps-iphonesimulator
               GENERATE_INFOPLIST_FILE = NO
               GENERATE_INTERMEDIATE_TEXT_BASED_STUBS = YES
               GENERATE_PKGINFO_FILE = NO
               GENERATE_PRELINK_OBJECT_FILE = NO
               GENERATE_PROFILING_CODE = NO
               GENERATE_TEXT_BASED_STUBS = NO
               GID = 20
               GROUP = staff
               HEADERMAP_INCLUDES_FLAT_ENTRIES_FOR_TARGET_BEING_BUILT = YES
               HEADERMAP_INCLUDES_FRAMEWORK_ENTRIES_FOR_ALL_PRODUCT_TYPES = YES
               HEADERMAP_INCLUDES_FRAMEWORK_ENTRIES_FOR_TARGETS_NOT_BEING_BUILT = YES
               HEADERMAP_INCLUDES_NONPUBLIC_NONPRIVATE_HEADERS = YES
               HEADERMAP_INCLUDES_PROJECT_HEADERS = YES
               HEADERMAP_USES_FRAMEWORK_PREFIX_ENTRIES = YES
               HEADERMAP_USES_VFS = YES
               HEADER_SEARCH_PATHS = /Users/gregoriomorelli/Documents/vibra/build/ios/Release-iphonesimulator/app_links/include 
               HOME = /Users/gregoriomorelli
               HOST_ARCH = arm64
               HOST_PLATFORM = macosx
               IBSC_MODULE = app_links
               ICONV = /usr/bin/iconv
               IMPLICIT_DEPENDENCY_DOMAIN = default
               INDEX_STORE_COMPRESS = NO
               INDEX_STORE_ONLY_PROJECT_FILES = NO
               INFOPLIST_ENABLE_CFBUNDLEICONS_MERGE = YES
               INFOPLIST_EXPAND_BUILD_SETTINGS = YES
               INFOPLIST_FILE = Target Support Files/app_links/ResourceBundle-app_links_ios_privacy-app_links-Info.plist
               INFOPLIST_OUTPUT_FORMAT = binary
               INFOPLIST_PATH = app_links_ios_privacy.bundle/Info.plist
               INFOPLIST_PREPROCESS = NO
               INFOSTRINGS_PATH = app_links_ios_privacy.bundle/en.lproj/InfoPlist.strings
               INLINE_PRIVATE_FRAMEWORKS = NO
               INSTALLAPI_IGNORE_SKIP_INSTALL = YES
               INSTALLHDRS_COPY_PHASE = NO
               INSTALLHDRS_SCRIPT_PHASE = NO
               INSTALL_DIR = /tmp/Pods.dst
               INSTALL_GROUP = staff
               INSTALL_MODE_FLAG = u+w,go-w,a+rX
               INSTALL_OWNER = gregoriomorelli
               INSTALL_ROOT = /tmp/Pods.dst
               IPHONEOS_DEPLOYMENT_TARGET = 13.0
               IS_UNOPTIMIZED_BUILD = NO
               JAVAC_DEFAULT_FLAGS = -J-Xms64m -J-XX:NewSize=4M -J-Dfile.encoding=UTF8
               JAVA_APP_STUB = /System/Library/Frameworks/JavaVM.framework/Resources/MacOS/JavaApplicationStub
               JAVA_ARCHIVE_CLASSES = YES
               JAVA_ARCHIVE_TYPE = JAR
               JAVA_COMPILER = /usr/bin/javac
               JAVA_FOLDER_PATH = app_links_ios_privacy.bundle/Java
               JAVA_FRAMEWORK_RESOURCES_DIRS = Resources
               JAVA_JAR_FLAGS = cv
               JAVA_SOURCE_SUBDIR = .
               JAVA_USE_DEPENDENCIES = YES
               JAVA_ZIP_FLAGS = -urg
               JIKES_DEFAULT_FLAGS = +E +OLDCSO
               KEEP_PRIVATE_EXTERNS = NO
               LD_DEPENDENCY_INFO_FILE = /Users/gregoriomorelli/Documents/vibra/build/ios/Pods.build/Release-iphonesimulator/app_links-app_links_ios_privacy.build/Objects-normal/undefined_arch/app_links_ios_privacy_dependency_info.dat
               LD_EXPORT_SYMBOLS = YES
               LD_GENERATE_MAP_FILE = NO
               LD_MAP_FILE_PATH = /Users/gregoriomorelli/Documents/vibra/build/ios/Pods.build/Release-iphonesimulator/app_links-app_links_ios_privacy.build/app_links_ios_privacy-LinkMap-normal-undefined_arch.txt
               LD_NO_PIE = NO
               LD_QUOTE_LINKER_ARGUMENTS_FOR_COMPILER_DRIVER = YES
               LD_SHARED_CACHE_ELIGIBLE = Automatic
               LD_WARN_DUPLICATE_LIBRARIES = NO
               LD_WARN_UNUSED_DYLIBS = NO
               LEGACY_DEVELOPER_DIR = /Applications/Xcode.app/Contents/PlugIns/Xcode3Core.ideplugin/Contents/SharedSupport/Developer
               LEX = lex
               LIBRARY_DEXT_INSTALL_PATH = /Library/DriverExtensions
               LIBRARY_FLAG_NOSPACE = YES
               LIBRARY_FLAG_PREFIX = -l
               LIBRARY_KEXT_INSTALL_PATH = /Library/Extensions
               LIBRARY_SEARCH_PATHS = /Users/gregoriomorelli/Documents/vibra/build/ios/Release-iphonesimulator/app_links /Applications/Xcode.app/Contents/Developer/Toolchains/XcodeDefault.xctoolchain/usr/lib/swift/iphonesimulator /Applications/Xcode.app/Contents/Developer/Platforms/iPhoneSimulator.platform/Developer/SDKs/iPhoneSimulator26.5.sdk/usr/lib/swift
               LINKER_DISPLAYS_MANGLED_NAMES = NO
               LINK_FILE_LIST_normal_arm64 = /Users/gregoriomorelli/Documents/vibra/build/ios/Pods.build/Release-iphonesimulator/app_links-app_links_ios_privacy.build/Objects-normal/arm64/app_links_ios_privacy.LinkFileList
               LINK_FILE_LIST_normal_x86_64 = /Users/gregoriomorelli/Documents/vibra/build/ios/Pods.build/Release-iphonesimulator/app_links-app_links_ios_privacy.build/Objects-normal/x86_64/app_links_ios_privacy.LinkFileList
               LINK_OBJC_RUNTIME = YES
               LINK_WITH_STANDARD_LIBRARIES = YES
               LLVM_TARGET_TRIPLE_OS_VERSION = ios13.0
               LLVM_TARGET_TRIPLE_SUFFIX = -simulator
               LLVM_TARGET_TRIPLE_VENDOR = apple
               LM_AUX_CONST_METADATA_LIST_PATH_normal_arm64 = /Users/gregoriomorelli/Documents/vibra/build/ios/Pods.build/Release-iphonesimulator/app_links-app_links_ios_privacy.build/Objects-normal/arm64/app_links_ios_privacy.SwiftConstValuesFileList
               LM_AUX_CONST_METADATA_LIST_PATH_normal_x86_64 = /Users/gregoriomorelli/Documents/vibra/build/ios/Pods.build/Release-iphonesimulator/app_links-app_links_ios_privacy.build/Objects-normal/x86_64/app_links_ios_privacy.SwiftConstValuesFileList
               LOCALIZATION_EXPORT_SUPPORTED = YES
               LOCALIZATION_PREFERS_STRING_CATALOGS = NO
               LOCALIZED_RESOURCES_FOLDER_PATH = app_links_ios_privacy.bundle/en.lproj
               LOCALIZED_STRING_CODE_COMMENTS = NO
               LOCALIZED_STRING_MACRO_NAMES = NSLocalizedString CFCopyLocalizedString
               LOCALIZED_STRING_SWIFTUI_SUPPORT = YES
               LOCAL_ADMIN_APPS_DIR = /Applications/Utilities
               LOCAL_APPS_DIR = /Applications
               LOCAL_DEVELOPER_DIR = /Library/Developer
               LOCAL_LIBRARY_DIR = /Library
               LOCROOT = /Users/gregoriomorelli/Documents/vibra/ios/Pods
               LOCSYMROOT = /Users/gregoriomorelli/Documents/vibra/ios/Pods
               MACH_O_TYPE = mh_bundle
               MACOSX_DEPLOYMENT_TARGET = 26.5
               MAC_OS_X_PRODUCT_BUILD_VERSION = 25F84
               MAC_OS_X_VERSION_ACTUAL = 260502
               MAC_OS_X_VERSION_MAJOR = 260000
               MAC_OS_X_VERSION_MINOR = 260500
               MAKE_MERGEABLE = NO
               MERGEABLE_LIBRARY = NO
               MERGED_BINARY_TYPE = none
               MERGE_LINKED_LIBRARIES = NO
               METAL_LIBRARY_FILE_BASE = default
               METAL_LIBRARY_OUTPUT_DIR = /Users/gregoriomorelli/Documents/vibra/build/ios/Release-iphonesimulator/app_links/app_links_ios_privacy.bundle
               MODULES_FOLDER_PATH = app_links_ios_privacy.bundle/Modules
               MTL_ENABLE_DEBUG_INFO = NO
               MTL_FAST_MATH = YES
               NATIVE_ARCH = arm64
               NATIVE_ARCH_32_BIT = arm
               NATIVE_ARCH_64_BIT = arm64
               NATIVE_ARCH_ACTUAL = arm64
               NO_COMMON = YES
               OBJC_ABI_VERSION = 2
               OBJECT_FILE_DIR = /Users/gregoriomorelli/Documents/vibra/build/ios/Pods.build/Release-iphonesimulator/app_links-app_links_ios_privacy.build/Objects
               OBJECT_FILE_DIR_normal = /Users/gregoriomorelli/Documents/vibra/build/ios/Pods.build/Release-iphonesimulator/app_links-app_links_ios_privacy.build/Objects-normal
               OBJROOT = /Users/gregoriomorelli/Documents/vibra/build/ios
               ONLY_ACTIVE_ARCH = NO
               OS = MACOS
               OSAC = /usr/bin/osacompile
               OTHER_SWIFT_FLAGS =  -D COCOAPODS
               PACKAGE_TYPE = com.apple.package-type.wrapper
               PASCAL_STRINGS = YES
               PATH = /Applications/Xcode.app/Contents/SharedFrameworks/SwiftBuild.framework/Versions/A/PlugIns/SWBBuildService.bundle/Contents/PlugIns/SWBUniversalPlatformPlugin.bundle/Contents/Frameworks/SWBUniversalPlatform.framework/Resources:/Applications/Xcode.app/Contents/Developer/Toolchains/XcodeDefault.xctoolchain/usr/bin:/Applications/Xcode.app/Contents/Developer/Toolchains/XcodeDefault.xctoolchain/usr/local/bin:/Applications/Xcode.app/Contents/Developer/Toolchains/XcodeDefault.xctoolchain/usr/libexec:/Applications/Xcode.app/Contents/Developer/Platforms/iPhoneSimulator.platform/usr/bin:/Applications/Xcode.app/Contents/Developer/Platforms/iPhoneSimulator.platform/usr/local/bin:/Applications/Xcode.app/Contents/Developer/Platforms/iPhoneSimulator.platform/Developer/usr/bin:/Applications/Xcode.app/Contents/Developer/Platforms/iPhoneSimulator.platform/Developer/usr/local/bin:/Applications/Xcode.app/Contents/Developer/usr/bin:/Applications/Xcode.app/Contents/Developer/usr/local/bin:/Users/gregoriomorelli/.gemini/antigravity/bin:/Users/gregoriomorelli/Library/Application Support/Antigravity/bin:/opt/homebrew/bin:/opt/homebrew/sbin:/Library/Developer/CommandLineTools/usr/bin:/Users/gregoriomorelli/development/flutter/bin:/Users/gregoriomorelli/Library/Android/sdk/platform-tools:/Users/gregoriomorelli/Library/Android/sdk/cmdline-tools/latest/bin:/Users/gregoriomorelli/Library/Android/sdk/emulator:/Users/gregoriomorelli/.antigravity-ide/antigravity-ide/bin:/Users/gregoriomorelli/.antigravity/antigravity/bin:/Applications/XAMPP/xamppfiles/bin:/Users/gregoriomorelli/develop/flutter/bin:/usr/local/bin:/System/Cryptexes/App/usr/bin:/usr/bin:/bin:/usr/sbin:/sbin:/var/run/com.apple.security.cryptexd/codex.system/bootstrap/usr/local/bin:/var/run/com.apple.security.cryptexd/codex.system/bootstrap/usr/bin:/var/run/com.apple.security.cryptexd/codex.system/bootstrap/usr/appleinternal/bin:/pkg/env/global/bin:/Users/gregoriomorelli/.spicetify
               PATH_PREFIXES_EXCLUDED_FROM_HEADER_DEPENDENCIES = /usr/include /usr/local/include /System/Library/Frameworks /System/Library/PrivateFrameworks /Applications/Xcode.app/Contents/Developer/Headers /Applications/Xcode.app/Contents/Developer/SDKs /Applications/Xcode.app/Contents/Developer/Platforms
               PBDEVELOPMENTPLIST_PATH = app_links_ios_privacy.bundle/pbdevelopment.plist
               PER_ARCH_MODULE_FILE_DIR = /Users/gregoriomorelli/Documents/vibra/build/ios/Pods.build/Release-iphonesimulator/app_links-app_links_ios_privacy.build/Objects-normal/undefined_arch
               PER_ARCH_OBJECT_FILE_DIR = /Users/gregoriomorelli/Documents/vibra/build/ios/Pods.build/Release-iphonesimulator/app_links-app_links_ios_privacy.build/Objects-normal/undefined_arch
               PER_VARIANT_OBJECT_FILE_DIR = /Users/gregoriomorelli/Documents/vibra/build/ios/Pods.build/Release-iphonesimulator/app_links-app_links_ios_privacy.build/Objects-normal
               PKGINFO_FILE_PATH = /Users/gregoriomorelli/Documents/vibra/build/ios/Pods.build/Release-iphonesimulator/app_links-app_links_ios_privacy.build/PkgInfo
               PKGINFO_PATH = app_links_ios_privacy.bundle/PkgInfo
               PLATFORM_DEVELOPER_APPLICATIONS_DIR = /Applications/Xcode.app/Contents/Developer/Platforms/iPhoneSimulator.platform/Developer/Applications
               PLATFORM_DEVELOPER_BIN_DIR = /Applications/Xcode.app/Contents/Developer/Platforms/iPhoneSimulator.platform/Developer/usr/bin
               PLATFORM_DEVELOPER_LIBRARY_DIR = /Applications/Xcode.app/Contents/Developer/Platforms/iPhoneSimulator.platform/Developer/Library
               PLATFORM_DEVELOPER_SDK_DIR = /Applications/Xcode.app/Contents/Developer/Platforms/iPhoneSimulator.platform/Developer/SDKs
               PLATFORM_DEVELOPER_TOOLS_DIR = /Applications/Xcode.app/Contents/Developer/Platforms/iPhoneSimulator.platform/Developer/Tools
               PLATFORM_DEVELOPER_USR_DIR = /Applications/Xcode.app/Contents/Developer/Platforms/iPhoneSimulator.platform/Developer/usr
               PLATFORM_DIR = /Applications/Xcode.app/Contents/Developer/Platforms/iPhoneSimulator.platform
               PLATFORM_DISPLAY_NAME = iOS Simulator
               PLATFORM_FAMILY_NAME = iOS
               PLATFORM_NAME = iphonesimulator
               PLATFORM_PREFERRED_ARCH = x86_64
               PLATFORM_PRODUCT_BUILD_VERSION = 23F73
               PLATFORM_REQUIRES_SWIFT_AUTOLINK_EXTRACT = NO
               PLATFORM_REQUIRES_SWIFT_MODULEWRAP = NO
               PLATFORM_USES_DSYMS = YES
               PLIST_FILE_OUTPUT_FORMAT = binary
               PLUGINS_FOLDER_PATH = app_links_ios_privacy.bundle/PlugIns
               PODS_BUILD_DIR = /Users/gregoriomorelli/Documents/vibra/build/ios
               PODS_CONFIGURATION_BUILD_DIR = /Users/gregoriomorelli/Documents/vibra/build/ios/Release-iphonesimulator
               PODS_DEVELOPMENT_LANGUAGE = en
               PODS_ROOT = /Users/gregoriomorelli/Documents/vibra/ios/Pods
               PODS_TARGET_SRCROOT = /Users/gregoriomorelli/Documents/vibra/ios/Pods/../.symlinks/plugins/app_links/ios
               PODS_XCFRAMEWORKS_BUILD_DIR = /Users/gregoriomorelli/Documents/vibra/build/ios/Release-iphonesimulator/XCFrameworkIntermediates
               PRECOMPS_INCLUDE_HEADERS_FROM_BUILT_PRODUCTS_DIR = YES
               PRECOMP_DESTINATION_DIR = /Users/gregoriomorelli/Documents/vibra/build/ios/Pods.build/Release-iphonesimulator/app_links-app_links_ios_privacy.build/PrefixHeaders
               PRIVATE_HEADERS_FOLDER_PATH = app_links_ios_privacy.bundle/PrivateHeaders
               PROCESSED_INFOPLIST_PATH = /Users/gregoriomorelli/Documents/vibra/build/ios/Pods.build/Release-iphonesimulator/app_links-app_links_ios_privacy.build/Objects-normal/undefined_arch/Processed-Info.plist
               PRODUCT_BUNDLE_IDENTIFIER = org.cocoapods.app-links-ios-privacy
               PRODUCT_BUNDLE_PACKAGE_TYPE = BNDL
               PRODUCT_MODULE_NAME = app_links_ios_privacy
               PRODUCT_NAME = app_links_ios_privacy
               PRODUCT_SETTINGS_PATH = /Users/gregoriomorelli/Documents/vibra/ios/Pods/Target Support Files/app_links/ResourceBundle-app_links_ios_privacy-app_links-Info.plist
               PRODUCT_TYPE = com.apple.product-type.bundle
               PROFILING_CODE = NO
               PROJECT = Pods
               PROJECT_DERIVED_FILE_DIR = /Users/gregoriomorelli/Documents/vibra/build/ios/Pods.build/DerivedSources
               PROJECT_DIR = /Users/gregoriomorelli/Documents/vibra/ios/Pods
               PROJECT_FILE_PATH = /Users/gregoriomorelli/Documents/vibra/ios/Pods/Pods.xcodeproj
               PROJECT_GUID = bfdfe7dc352907fc980b868725387e98
               PROJECT_NAME = Pods
               PROJECT_TEMP_DIR = /Users/gregoriomorelli/Documents/vibra/build/ios/Pods.build
               PROJECT_TEMP_ROOT = /Users/gregoriomorelli/Documents/vibra/build/ios
               PUBLIC_HEADERS_FOLDER_PATH = app_links_ios_privacy.bundle/Headers
               RECOMMENDED_IPHONEOS_DEPLOYMENT_TARGET = 15.0
               RECURSIVE_SEARCH_PATHS_FOLLOW_SYMLINKS = YES
               REMOVE_CVS_FROM_RESOURCES = YES
               REMOVE_GIT_FROM_RESOURCES = YES
               REMOVE_HEADERS_FROM_EMBEDDED_BUNDLES = YES
               REMOVE_HG_FROM_RESOURCES = YES
               REMOVE_STATIC_EXECUTABLES_FROM_EMBEDDED_BUNDLES = YES
               REMOVE_SVN_FROM_RESOURCES = YES
               RESCHEDULE_INDEPENDENT_HEADERS_PHASES = YES
               REZ_COLLECTOR_DIR = /Users/gregoriomorelli/Documents/vibra/build/ios/Pods.build/Release-iphonesimulator/app_links-app_links_ios_privacy.build/ResourceManagerResources
               REZ_OBJECTS_DIR = /Users/gregoriomorelli/Documents/vibra/build/ios/Pods.build/Release-iphonesimulator/app_links-app_links_ios_privacy.build/ResourceManagerResources/Objects
               REZ_SEARCH_PATHS = /Users/gregoriomorelli/Documents/vibra/build/ios/Release-iphonesimulator/app_links 
               RPATH_ORIGIN = @loader_path
               RUNTIME_EXCEPTION_ALLOW_DYLD_ENVIRONMENT_VARIABLES = NO
               RUNTIME_EXCEPTION_ALLOW_JIT = NO
               RUNTIME_EXCEPTION_ALLOW_UNSIGNED_EXECUTABLE_MEMORY = NO
               RUNTIME_EXCEPTION_DEBUGGING_TOOL = NO
               RUNTIME_EXCEPTION_DISABLE_EXECUTABLE_PAGE_PROTECTION = NO
               RUNTIME_EXCEPTION_DISABLE_LIBRARY_VALIDATION = NO
               SCANNING_PCM_KEEP_CACHE_DIRECTORY = YES
               SCAN_ALL_SOURCE_FILES_FOR_INCLUDES = NO
               SCRIPTS_FOLDER_PATH = app_links_ios_privacy.bundle/Scripts
               SDKROOT = /Applications/Xcode.app/Contents/Developer/Platforms/iPhoneSimulator.platform/Developer/SDKs/iPhoneSimulator26.5.sdk
               SDK_DIR = /Applications/Xcode.app/Contents/Developer/Platforms/iPhoneSimulator.platform/Developer/SDKs/iPhoneSimulator26.5.sdk
               SDK_DIR_iphonesimulator = /Applications/Xcode.app/Contents/Developer/Platforms/iPhoneSimulator.platform/Developer/SDKs/iPhoneSimulator26.5.sdk
               SDK_DIR_iphonesimulator26_5 = /Applications/Xcode.app/Contents/Developer/Platforms/iPhoneSimulator.platform/Developer/SDKs/iPhoneSimulator26.5.sdk
               SDK_NAME = iphonesimulator26.5
               SDK_NAMES = iphonesimulator26.5
               SDK_PRODUCT_BUILD_VERSION = 23F73
               SDK_STAT_CACHE_DIR = /var/folders/pg/x6t89f2n7s7299rcw8hv33180000gn/C/com.apple.DeveloperTools/26.5-17F42/Xcode
               SDK_STAT_CACHE_ENABLE = YES
               SDK_STAT_CACHE_PATH = /var/folders/pg/x6t89f2n7s7299rcw8hv33180000gn/C/com.apple.DeveloperTools/26.5-17F42/Xcode/SDKStatCaches.noindex/iphonesimulator26.5-23F73-6cfe768891a92b912361537c460fe42b.sdkstatcache
               SDK_VERSION = 26.5
               SDK_VERSION_ACTUAL = 260500
               SDK_VERSION_MAJOR = 260000
               SDK_VERSION_MINOR = 260500
               SED = /usr/bin/sed
               SEPARATE_STRIP = NO
               SEPARATE_SYMBOL_EDIT = NO
               SET_DIR_MODE_OWNER_GROUP = YES
               SET_FILE_MODE_OWNER_GROUP = NO
               SHALLOW_BUNDLE = YES
               SHALLOW_BUNDLE_TRIPLE = ios-simulator
               SHALLOW_BUNDLE_ios_macabi = NO
               SHALLOW_BUNDLE_macos = NO
               SHARED_DERIVED_FILE_DIR = /Users/gregoriomorelli/Documents/vibra/build/ios/Release-iphonesimulator/app_links/DerivedSources
               SHARED_FRAMEWORKS_FOLDER_PATH = app_links_ios_privacy.bundle/SharedFrameworks
               SHARED_PRECOMPS_DIR = /Users/gregoriomorelli/Documents/vibra/build/ios/SharedPrecompiledHeaders
               SHARED_SUPPORT_FOLDER_PATH = app_links_ios_privacy.bundle/SharedSupport
               SKIP_INSTALL = YES
               SKIP_MERGEABLE_LIBRARY_BUNDLE_HOOK = NO
               SOURCE_ROOT = /Users/gregoriomorelli/Documents/vibra/ios/Pods
               SRCROOT = /Users/gregoriomorelli/Documents/vibra/ios/Pods
               STRINGSDATA_DIR = /Users/gregoriomorelli/Documents/vibra/build/ios/Pods.build/Release-iphonesimulator/app_links-app_links_ios_privacy.build/Objects-normal/undefined_arch
               STRINGSDATA_ROOT = /Users/gregoriomorelli/Documents/vibra/build/ios/Pods.build/Release-iphonesimulator/app_links-app_links_ios_privacy.build
               STRINGS_FILE_INFOPLIST_RENAME = YES
               STRINGS_FILE_OUTPUT_ENCODING = binary
               STRING_CATALOG_GENERATE_SYMBOLS = NO
               STRIP_BITCODE_FROM_COPIED_FILES = NO
               STRIP_INSTALLED_PRODUCT = NO
               STRIP_STYLE = non-global
               STRIP_SWIFT_SYMBOLS = YES
               SUPPORTED_DEVICE_FAMILIES = 1,2
               SUPPORTED_PLATFORMS = iphoneos iphonesimulator
               SUPPORTS_TEXT_BASED_API = NO
               SUPPRESS_WARNINGS = NO
               SWIFT_COMPILATION_MODE = wholemodule
               SWIFT_EMIT_CONST_VALUE_PROTOCOLS = AnyResolverProviding AppEntity AppEnum AppExtension AppIntent AppIntentsPackage AppShortcutProviding AppShortcutsProvider AppUnionValue AppUnionValueCasesProviding DynamicOptionsProvider EntityQuery ExtensionPointDefining IntentValueQuery Resolver TransientEntity _AssistantIntentsProvider _GenerativeFunctionExtractable _IntentValueRepresentable
               SWIFT_EMIT_LOC_STRINGS = NO
               SWIFT_ENABLE_EXPLICIT_MODULES = YES
               SWIFT_OPTIMIZATION_LEVEL = -O
               SWIFT_PLATFORM_TARGET_PREFIX = ios
               SWIFT_RESPONSE_FILE_PATH_normal_arm64 = /Users/gregoriomorelli/Documents/vibra/build/ios/Pods.build/Release-iphonesimulator/app_links-app_links_ios_privacy.build/Objects-normal/arm64/app_links_ios_privacy.SwiftFileList
               SWIFT_RESPONSE_FILE_PATH_normal_x86_64 = /Users/gregoriomorelli/Documents/vibra/build/ios/Pods.build/Release-iphonesimulator/app_links-app_links_ios_privacy.build/Objects-normal/x86_64/app_links_ios_privacy.SwiftFileList
               SWIFT_VERSION = 5.0
               SYMROOT = /Users/gregoriomorelli/Documents/vibra/ios/build
               SYSTEM_ADMIN_APPS_DIR = /Applications/Utilities
               SYSTEM_APPS_DIR = /Applications
               SYSTEM_CORE_SERVICES_DIR = /System/Library/CoreServices
               SYSTEM_DEMOS_DIR = /Applications/Extras
               SYSTEM_DEVELOPER_APPS_DIR = /Applications/Xcode.app/Contents/Developer/Applications
               SYSTEM_DEVELOPER_BIN_DIR = /Applications/Xcode.app/Contents/Developer/usr/bin
               SYSTEM_DEVELOPER_DEMOS_DIR = /Applications/Xcode.app/Contents/Developer/Applications/Utilities/Built Examples
               SYSTEM_DEVELOPER_DIR = /Applications/Xcode.app/Contents/Developer
               SYSTEM_DEVELOPER_DOC_DIR = /Applications/Xcode.app/Contents/Developer/ADC Reference Library
               SYSTEM_DEVELOPER_GRAPHICS_TOOLS_DIR = /Applications/Xcode.app/Contents/Developer/Applications/Graphics Tools
               SYSTEM_DEVELOPER_JAVA_TOOLS_DIR = /Applications/Xcode.app/Contents/Developer/Applications/Java Tools
               SYSTEM_DEVELOPER_PERFORMANCE_TOOLS_DIR = /Applications/Xcode.app/Contents/Developer/Applications/Performance Tools
               SYSTEM_DEVELOPER_RELEASENOTES_DIR = /Applications/Xcode.app/Contents/Developer/ADC Reference Library/releasenotes
               SYSTEM_DEVELOPER_TOOLS = /Applications/Xcode.app/Contents/Developer/Tools
               SYSTEM_DEVELOPER_TOOLS_DOC_DIR = /Applications/Xcode.app/Contents/Developer/ADC Reference Library/documentation/DeveloperTools
               SYSTEM_DEVELOPER_TOOLS_RELEASENOTES_DIR = /Applications/Xcode.app/Contents/Developer/ADC Reference Library/releasenotes/DeveloperTools
               SYSTEM_DEVELOPER_USR_DIR = /Applications/Xcode.app/Contents/Developer/usr
               SYSTEM_DEVELOPER_UTILITIES_DIR = /Applications/Xcode.app/Contents/Developer/Applications/Utilities
               SYSTEM_DEXT_INSTALL_PATH = /System/Library/DriverExtensions
               SYSTEM_DOCUMENTATION_DIR = /Library/Documentation
               SYSTEM_EXTENSIONS_FOLDER_PATH = app_links_ios_privacy.bundle/SystemExtensions
               SYSTEM_EXTENSIONS_FOLDER_PATH_SHALLOW_BUNDLE_NO = app_links_ios_privacy.bundle/Library/SystemExtensions
               SYSTEM_EXTENSIONS_FOLDER_PATH_SHALLOW_BUNDLE_YES = app_links_ios_privacy.bundle/SystemExtensions
               SYSTEM_KEXT_INSTALL_PATH = /System/Library/Extensions
               SYSTEM_LIBRARY_DIR = /System/Library
               TAPI_DEMANGLE = YES
               TAPI_ENABLE_PROJECT_HEADERS = NO
               TAPI_LANGUAGE = objective-c
               TAPI_LANGUAGE_STANDARD = compiler-default
               TAPI_USE_SRCROOT = YES
               TAPI_VERIFY_MODE = Pedantic
               TARGETED_DEVICE_FAMILY = 1,2
               TARGETNAME = app_links-app_links_ios_privacy
               TARGET_BUILD_DIR = /Users/gregoriomorelli/Documents/vibra/build/ios/Release-iphonesimulator/app_links
               TARGET_NAME = app_links-app_links_ios_privacy
               TARGET_TEMP_DIR = /Users/gregoriomorelli/Documents/vibra/build/ios/Pods.build/Release-iphonesimulator/app_links-app_links_ios_privacy.build
               TEMP_DIR = /Users/gregoriomorelli/Documents/vibra/build/ios/Pods.build/Release-iphonesimulator/app_links-app_links_ios_privacy.build
               TEMP_FILES_DIR = /Users/gregoriomorelli/Documents/vibra/build/ios/Pods.build/Release-iphonesimulator/app_links-app_links_ios_privacy.build
               TEMP_FILE_DIR = /Users/gregoriomorelli/Documents/vibra/build/ios/Pods.build/Release-iphonesimulator/app_links-app_links_ios_privacy.build
               TEMP_ROOT = /Users/gregoriomorelli/Documents/vibra/build/ios
               TEMP_SANDBOX_DIR = /Users/gregoriomorelli/Documents/vibra/build/ios/TemporaryTaskSandboxes
               TEST_FRAMEWORK_SEARCH_PATHS =  /Applications/Xcode.app/Contents/Developer/Platforms/iPhoneSimulator.platform/Developer/Library/Frameworks /Applications/Xcode.app/Contents/Developer/Platforms/iPhoneSimulator.platform/Developer/SDKs/iPhoneSimulator26.5.sdk/Developer/Library/Frameworks
               TEST_LIBRARY_SEARCH_PATHS =  /Applications/Xcode.app/Contents/Developer/Platforms/iPhoneSimulator.platform/Developer/usr/lib
               TOOLCHAINS = com.apple.dt.toolchain.XcodeDefault
               TOOLCHAIN_DIR = /Applications/Xcode.app/Contents/Developer/Toolchains/XcodeDefault.xctoolchain
               TREAT_MISSING_BASELINES_AS_TEST_FAILURES = NO
               TREAT_MISSING_SCRIPT_PHASE_OUTPUTS_AS_ERRORS = NO
               TVOS_DEPLOYMENT_TARGET = 26.5
               UID = 501
               UNINSTALLED_PRODUCTS_DIR = /Users/gregoriomorelli/Documents/vibra/build/ios/UninstalledProducts
               UNLOCALIZED_RESOURCES_FOLDER_PATH = app_links_ios_privacy.bundle
               UNLOCALIZED_RESOURCES_FOLDER_PATH_SHALLOW_BUNDLE_NO = app_links_ios_privacy.bundle/Resources
               UNLOCALIZED_RESOURCES_FOLDER_PATH_SHALLOW_BUNDLE_YES = app_links_ios_privacy.bundle
               UNSTRIPPED_PRODUCT = NO
               USER = gregoriomorelli
               USER_APPS_DIR = /Users/gregoriomorelli/Applications
               USER_LIBRARY_DIR = /Users/gregoriomorelli/Library
               USE_DYNAMIC_NO_PIC = YES
               USE_HEADERMAP = YES
               USE_HEADER_SYMLINKS = NO
               USE_RECURSIVE_SCRIPT_INPUTS_IN_SCRIPT_PHASES = YES
               VALIDATE_DEVELOPMENT_ASSET_PATHS = YES_ERROR
               VALIDATE_PRODUCT = NO
               VALID_ARCHS = arm64 x86_64
               VERBOSE_PBXCP = NO
               VERSIONPLIST_PATH = app_links_ios_privacy.bundle/version.plist
               VERSION_INFO_BUILDER = gregoriomorelli
               VERSION_INFO_FILE = app_links_ios_privacy_vers.c
               VERSION_INFO_STRING = "@(#)PROGRAM:app_links_ios_privacy  PROJECT:Pods-"
               WATCHOS_DEPLOYMENT_TARGET = 26.5
               WORKSPACE_DIR = /Users/gregoriomorelli/Documents/vibra/ios/Pods/Pods.xcodeproj
               WRAPPER_EXTENSION = bundle
               WRAPPER_NAME = app_links_ios_privacy.bundle
               WRAPPER_SUFFIX = .bundle
               WRAP_ASSET_PACKS_IN_SEPARATE_DIRECTORIES = NO
               XCODE_APP_SUPPORT_DIR = /Applications/Xcode.app/Contents/Developer/Library/Xcode
               XCODE_PRODUCT_BUILD_VERSION = 17F42
               XCODE_VERSION_ACTUAL = 2650
               XCODE_VERSION_MAJOR = 2600
               XCODE_VERSION_MINOR = 2650
               XPCSERVICES_FOLDER_PATH = app_links_ios_privacy.bundle/XPCServices
               XROS_DEPLOYMENT_TARGET = 26.5
               YACC = yacc
               _DISCOVER_COMMAND_LINE_LINKER_INPUTS = YES
               _DISCOVER_COMMAND_LINE_LINKER_INPUTS_INCLUDE_WL = YES
               _LD_MULTIARCH = YES
               _WRAPPER_CONTENTS_DIR_SHALLOW_BUNDLE_NO = /Contents
               _WRAPPER_PARENT_PATH_SHALLOW_BUNDLE_NO = /..
               _WRAPPER_RESOURCES_DIR_SHALLOW_BUNDLE_NO = /Resources
               __DIAGNOSE_DEPRECATED_ARCHS = YES
               __ORIGINAL_SDK_DEFINED_LLVM_TARGET_TRIPLE_SYS = ios
               arch = undefined_arch
               variant = normal

           Build settings for action build and target AppAuth:
               ACTION = build
               AD_HOC_CODE_SIGNING_ALLOWED = YES
               ALLOW_BUILD_REQUEST_OVERRIDES = NO
               ALLOW_TARGET_PLATFORM_SPECIALIZATION = NO
               ALTERNATE_GROUP = staff
               ALTERNATE_MODE = u+w,go-w,a+rX
               ALTERNATE_OWNER = gregoriomorelli
               ALTERNATIVE_DISTRIBUTION_WEB = NO
               ALWAYS_EMBED_SWIFT_STANDARD_LIBRARIES = NO
               ALWAYS_SEARCH_USER_PATHS = NO
               ALWAYS_USE_SEPARATE_HEADERMAPS = NO
               APPLICATION_EXTENSION_API_ONLY = NO
               APPLY_RULES_IN_COPY_FILES = NO
               APPLY_RULES_IN_COPY_HEADERS = NO
               APP_SHORTCUTS_ENABLE_FLEXIBLE_MATCHING = YES
               ARCHS = arm64 x86_64
               ARCHS_BASE = arm64 x86_64
               ARCHS_STANDARD = arm64 x86_64
               ARCHS_STANDARD_32_64_BIT = arm64 x86_64
               ARCHS_STANDARD_64_BIT = arm64 x86_64
               ARCHS_STANDARD_INCLUDING_64_BIT = arm64 x86_64
               ARCHS_UNIVERSAL_IPHONE_OS = arm64 x86_64
               AUTOMATICALLY_MERGE_DEPENDENCIES = NO
               AUTOMATION_APPLE_EVENTS = NO
               AVAILABLE_PLATFORMS = android appletvos appletvsimulator driverkit freebsd iphoneos iphonesimulator linux macosx none openbsd qnx watchos watchsimulator webassembly xros xrsimulator
               BUILD_ACTIVE_RESOURCES_ONLY = NO
               BUILD_COMPONENTS = headers build
               BUILD_DIR = /Users/gregoriomorelli/Documents/vibra/build/ios
               BUILD_LIBRARY_FOR_DISTRIBUTION = NO
               BUILD_ONLY_KNOWN_LOCALIZATIONS = NO
               BUILD_ROOT = /Users/gregoriomorelli/Documents/vibra/ios/build
               BUILD_STYLE = 
               BUILD_VARIANTS = normal
               BUILT_PRODUCTS_DIR = /Users/gregoriomorelli/Documents/vibra/build/ios/Release-iphonesimulator/AppAuth
               BUNDLE_CONTENTS_FOLDER_PATH_deep = Contents/
               BUNDLE_EXECUTABLE_FOLDER_NAME_deep = MacOS
               BUNDLE_EXTENSIONS_FOLDER_PATH = Extensions
               BUNDLE_FORMAT = shallow
               BUNDLE_FRAMEWORKS_FOLDER_PATH = Frameworks
               BUNDLE_PLUGINS_FOLDER_PATH = PlugIns
               BUNDLE_PRIVATE_HEADERS_FOLDER_PATH = PrivateHeaders
               BUNDLE_PUBLIC_HEADERS_FOLDER_PATH = Headers
               CACHE_ROOT = /var/folders/pg/x6t89f2n7s7299rcw8hv33180000gn/C/com.apple.DeveloperTools/26.5-17F42/Xcode
               CCHROOT = /var/folders/pg/x6t89f2n7s7299rcw8hv33180000gn/C/com.apple.DeveloperTools/26.5-17F42/Xcode
               CHMOD = /bin/chmod
               CHOWN = chown
               CLANG_ANALYZER_LOCALIZABILITY_NONLOCALIZED = YES
               CLANG_ANALYZER_NONNULL = YES
               CLANG_ANALYZER_NUMBER_OBJECT_CONVERSION = YES_AGGRESSIVE
               CLANG_CACHE_FINE_GRAINED_OUTPUTS = YES
               CLANG_CXX_LANGUAGE_STANDARD = gnu++14
               CLANG_CXX_LIBRARY = libc++
               CLANG_ENABLE_EXPLICIT_MODULES = YES
               CLANG_ENABLE_MODULES = YES
               CLANG_ENABLE_OBJC_ARC = YES
               CLANG_ENABLE_OBJC_WEAK = NO
               CLANG_MODULES_BUILD_SESSION_FILE = /var/folders/pg/x6t89f2n7s7299rcw8hv33180000gn/C/org.llvm.clang/ModuleCache.noindex/Session.modulevalidation
               CLANG_WARN_BLOCK_CAPTURE_AUTORELEASING = YES
               CLANG_WARN_BOOL_CONVERSION = YES
               CLANG_WARN_COMMA = YES
               CLANG_WARN_CONSTANT_CONVERSION = YES
               CLANG_WARN_DEPRECATED_OBJC_IMPLEMENTATIONS = YES
               CLANG_WARN_DIRECT_OBJC_ISA_USAGE = YES_ERROR
               CLANG_WARN_DOCUMENTATION_COMMENTS = YES
               CLANG_WARN_EMPTY_BODY = YES
               CLANG_WARN_ENUM_CONVERSION = YES
               CLANG_WARN_INFINITE_RECURSION = YES
               CLANG_WARN_INT_CONVERSION = YES
               CLANG_WARN_NON_LITERAL_NULL_CONVERSION = YES
               CLANG_WARN_OBJC_IMPLICIT_RETAIN_SELF = YES
               CLANG_WARN_OBJC_LITERAL_CONVERSION = YES
               CLANG_WARN_OBJC_ROOT_CLASS = YES_ERROR
               CLANG_WARN_QUOTED_INCLUDE_IN_FRAMEWORK_HEADER = NO
               CLANG_WARN_RANGE_LOOP_ANALYSIS = YES
               CLANG_WARN_STRICT_PROTOTYPES = YES
               CLANG_WARN_SUSPICIOUS_MOVE = YES
               CLANG_WARN_UNGUARDED_AVAILABILITY = YES_AGGRESSIVE
               CLANG_WARN_UNREACHABLE_CODE = YES
               CLANG_WARN__DUPLICATE_METHOD_MATCH = YES
               CLASS_FILE_DIR = /Users/gregoriomorelli/Documents/vibra/build/ios/Pods.build/Release-iphonesimulator/AppAuth.build/JavaClasses
               CLEAN_PRECOMPS = YES
               CLONE_HEADERS = NO
               CODESIGNING_FOLDER_PATH = /Users/gregoriomorelli/Documents/vibra/build/ios/Release-iphonesimulator/AppAuth/AppAuth.framework
               CODE_SIGNING_ALLOWED = YES
               CODE_SIGNING_REQUIRED = NO
               CODE_SIGNING_REQUIRES_TEAM = YES
               CODE_SIGN_CONTEXT_CLASS = XCiPhoneSimulatorCodeSignContext
               CODE_SIGN_IDENTITY = -
               CODE_SIGN_INJECT_BASE_ENTITLEMENTS = YES
               COLOR_DIAGNOSTICS = NO
               COMBINE_HIDPI_IMAGES = NO
               COMPILATION_CACHE_CAS_PATH = /var/folders/pg/x6t89f2n7s7299rcw8hv33180000gn/C/com.apple.DeveloperTools/26.5-17F42/Xcode/CompilationCache.noindex
               COMPILATION_CACHE_KEEP_CAS_DIRECTORY = YES
               COMPILER_INDEX_STORE_ENABLE = Default
               COMPOSITE_SDK_DIRS = /Users/gregoriomorelli/Documents/vibra/build/ios/CompositeSDKs
               COMPRESS_PNG_FILES = YES
               CONFIGURATION = Release
               CONFIGURATION_BUILD_DIR = /Users/gregoriomorelli/Documents/vibra/build/ios/Release-iphonesimulator/AppAuth
               CONFIGURATION_TEMP_DIR = /Users/gregoriomorelli/Documents/vibra/build/ios/Pods.build/Release-iphonesimulator
               CONTENTS_FOLDER_PATH = AppAuth.framework
               CONTENTS_FOLDER_PATH_SHALLOW_BUNDLE_NO = AppAuth.framework/A
               CONTENTS_FOLDER_PATH_SHALLOW_BUNDLE_YES = AppAuth.framework
               COPYING_PRESERVES_HFS_DATA = NO
               COPY_HEADERS_RUN_UNIFDEF = NO
               COPY_PHASE_STRIP = NO
               CORRESPONDING_DEVICE_PLATFORM_DIR = /Applications/Xcode.app/Contents/Developer/Platforms/iPhoneOS.platform
               CORRESPONDING_DEVICE_PLATFORM_NAME = iphoneos
               CORRESPONDING_DEVICE_SDK_DIR = /Applications/Xcode.app/Contents/Developer/Platforms/iPhoneOS.platform/Developer/SDKs/iPhoneOS26.5.sdk
               CORRESPONDING_DEVICE_SDK_NAME = iphoneos26.5
               CP = /bin/cp
               CREATE_INFOPLIST_SECTION_IN_BINARY = NO
               CURRENT_ARCH = undefined_arch
               CURRENT_PROJECT_VERSION = 1
               CURRENT_VARIANT = normal
               CURRENT_VERSION = Current
               DEAD_CODE_STRIPPING = YES
               DEBUGGING_SYMBOLS = YES
               DEBUG_INFORMATION_FORMAT = dwarf-with-dsym
               DEBUG_INFORMATION_VERSION = compiler-default
               DEFAULT_COMPILER = com.apple.compilers.llvm.clang.1_0
               DEFAULT_DEXT_INSTALL_PATH = /System/Library/DriverExtensions
               DEFAULT_KEXT_INSTALL_PATH = /System/Library/Extensions
               DEFINES_MODULE = YES
               DEPLOYMENT_LOCATION = NO
               DEPLOYMENT_POSTPROCESSING = NO
               DEPLOYMENT_TARGET_SETTING_NAME = IPHONEOS_DEPLOYMENT_TARGET
               DEPLOYMENT_TARGET_SUGGESTED_VALUES = 12.0 12.1 12.2 12.3 12.4 13.0 13.1 13.2 13.3 13.4 13.5 13.6 14.0 14.1 14.2 14.3 14.4 14.5 14.6 14.7 15.0 15.1 15.2 15.3 15.4 15.5 15.6 16.0 16.1 16.2 16.3 16.4 16.5 16.6 17.0 17.1 17.2 17.3 17.4 17.5 17.6 18.0 18.1 18.2 18.3 18.4 18.5 18.6 26.0 26.2 26.3 26.4 26.5
               DERIVED_FILES_DIR = /Users/gregoriomorelli/Documents/vibra/build/ios/Pods.build/Release-iphonesimulator/AppAuth.build/DerivedSources
               DERIVED_FILE_DIR = /Users/gregoriomorelli/Documents/vibra/build/ios/Pods.build/Release-iphonesimulator/AppAuth.build/DerivedSources
               DERIVED_SOURCES_DIR = /Users/gregoriomorelli/Documents/vibra/build/ios/Pods.build/Release-iphonesimulator/AppAuth.build/DerivedSources
               DEVELOPER_APPLICATIONS_DIR = /Applications/Xcode.app/Contents/Developer/Applications
               DEVELOPER_BIN_DIR = /Applications/Xcode.app/Contents/Developer/usr/bin
               DEVELOPER_DIR = /Applications/Xcode.app/Contents/Developer
               DEVELOPER_FRAMEWORKS_DIR = /Applications/Xcode.app/Contents/Developer/Library/Frameworks
               DEVELOPER_FRAMEWORKS_DIR_QUOTED = /Applications/Xcode.app/Contents/Developer/Library/Frameworks
               DEVELOPER_LIBRARY_DIR = /Applications/Xcode.app/Contents/Developer/Library
               DEVELOPER_SDK_DIR = /Applications/Xcode.app/Contents/Developer/Platforms/MacOSX.platform/Developer/SDKs
               DEVELOPER_TOOLS_DIR = /Applications/Xcode.app/Contents/Developer/Tools
               DEVELOPER_USR_DIR = /Applications/Xcode.app/Contents/Developer/usr
               DEVELOPMENT_LANGUAGE = en
               DIAGNOSE_MISSING_TARGET_DEPENDENCIES = YES
               DIFF = /usr/bin/diff
               DOCUMENTATION_FOLDER_PATH = AppAuth.framework/en.lproj/Documentation
               DONT_GENERATE_INFOPLIST_FILE = NO
               DRIVERKIT_DEPLOYMENT_TARGET = 25.5
               DSTROOT = /tmp/Pods.dst
               DT_TOOLCHAIN_DIR = /Applications/Xcode.app/Contents/Developer/Toolchains/XcodeDefault.xctoolchain
               DUMP_DEPENDENCIES = NO
               DUMP_DEPENDENCIES_OUTPUT_PATH = /Users/gregoriomorelli/Documents/vibra/build/ios/Pods.build/Release-iphonesimulator/AppAuth.build/AppAuth-BuildDependencyInfo.json
               DWARF_DSYM_FILE_NAME = AppAuth.framework.dSYM
               DWARF_DSYM_FILE_SHOULD_ACCOMPANY_PRODUCT = NO
               DWARF_DSYM_FOLDER_PATH = /Users/gregoriomorelli/Documents/vibra/build/ios/Release-iphonesimulator/AppAuth
               DYLIB_COMPATIBILITY_VERSION = 1
               DYLIB_CURRENT_VERSION = 1
               DYLIB_INSTALL_NAME_BASE = @rpath
               DYNAMIC_LIBRARY_EXTENSION = dylib
               EAGER_COMPILATION_ALLOW_SCRIPTS = NO
               EAGER_LINKING = NO
               EFFECTIVE_PLATFORM_NAME = -iphonesimulator
               EFFECTIVE_SWIFT_VERSION = 5
               EMBEDDED_CONTENT_CONTAINS_SWIFT = NO
               EMBED_ASSET_PACKS_IN_PRODUCT_BUNDLE = NO
               ENABLE_APP_SANDBOX = NO
               ENABLE_CODE_COVERAGE = YES
               ENABLE_COHORT_ARCHS = NO
               ENABLE_CPLUSPLUS_BOUNDS_SAFE_BUFFERS = NO
               ENABLE_C_BOUNDS_SAFETY = NO
               ENABLE_DEFAULT_HEADER_SEARCH_PATHS = YES
               ENABLE_DEFAULT_SEARCH_PATHS = YES
               ENABLE_ENHANCED_SECURITY = NO
               ENABLE_HARDENED_RUNTIME = NO
               ENABLE_HEADER_DEPENDENCIES = YES
               ENABLE_INCOMING_NETWORK_CONNECTIONS = NO
               ENABLE_MODULE_VERIFIER = NO
               ENABLE_NS_ASSERTIONS = NO
               ENABLE_ON_DEMAND_RESOURCES = NO
               ENABLE_OUTGOING_NETWORK_CONNECTIONS = NO
               ENABLE_POINTER_AUTHENTICATION = NO
               ENABLE_RESOURCE_ACCESS_AUDIO_INPUT = NO
               ENABLE_RESOURCE_ACCESS_BLUETOOTH = NO
               ENABLE_RESOURCE_ACCESS_CALENDARS = NO
               ENABLE_RESOURCE_ACCESS_CAMERA = NO
               ENABLE_RESOURCE_ACCESS_CONTACTS = NO
               ENABLE_RESOURCE_ACCESS_LOCATION = NO
               ENABLE_RESOURCE_ACCESS_PHOTO_LIBRARY = NO
               ENABLE_RESOURCE_ACCESS_PRINTING = NO
               ENABLE_RESOURCE_ACCESS_USB = NO
               ENABLE_SDK_IMPORTS = NO
               ENABLE_SECURITY_COMPILER_WARNINGS = NO
               ENABLE_STRICT_OBJC_MSGSEND = YES
               ENABLE_TESTABILITY = NO
               ENABLE_TESTING_SEARCH_PATHS = NO
               ENABLE_USER_SCRIPT_SANDBOXING = NO
               ENFORCE_VALID_ARCHS = YES
               ENTITLEMENTS_DESTINATION = __entitlements
               ENTITLEMENTS_REQUIRED = NO
               EXCLUDED_INSTALLSRC_SUBDIRECTORY_PATTERNS = .DS_Store .svn .git .hg CVS
               EXCLUDED_RECURSIVE_SEARCH_PATH_SUBDIRECTORIES = *.nib *.lproj *.framework *.gch *.xcode* *.xcassets *.icon (*) .DS_Store CVS .svn .git .hg *.pbproj *.pbxproj
               EXECUTABLES_FOLDER_PATH = AppAuth.framework/en.lproj
               EXECUTABLE_FOLDER_PATH = AppAuth.framework
               EXECUTABLE_FOLDER_PATH_SHALLOW_BUNDLE_NO = AppAuth.framework
               EXECUTABLE_FOLDER_PATH_SHALLOW_BUNDLE_YES = AppAuth.framework
               EXECUTABLE_NAME = AppAuth
               EXECUTABLE_PATH = AppAuth.framework/AppAuth
               EXTENSIONS_FOLDER_PATH = AppAuth.framework/Extensions
               FILE_LIST = /Users/gregoriomorelli/Documents/vibra/build/ios/Pods.build/Release-iphonesimulator/AppAuth.build/Objects/LinkFileList
               FIXED_FILES_DIR = /Users/gregoriomorelli/Documents/vibra/build/ios/Pods.build/Release-iphonesimulator/AppAuth.build/FixedFiles
               FRAMEWORKS_FOLDER_PATH = AppAuth.framework/Frameworks
               FRAMEWORK_FLAG_PREFIX = -framework
               FRAMEWORK_SEARCH_PATHS = /Users/gregoriomorelli/Documents/vibra/build/ios/Release-iphonesimulator/AppAuth 
               FRAMEWORK_VERSION = A
               FULL_PRODUCT_NAME = AppAuth.framework
               FUSE_BUILD_PHASES = YES
               FUSE_BUILD_SCRIPT_PHASES = NO
               GCC3_VERSION = 3.3
               GCC_C_LANGUAGE_STANDARD = gnu11
               GCC_INLINES_ARE_PRIVATE_EXTERN = YES
               GCC_NO_COMMON_BLOCKS = YES
               GCC_OBJC_LEGACY_DISPATCH = YES
               GCC_PFE_FILE_C_DIALECTS = c objective-c c++ objective-c++
               GCC_PREFIX_HEADER = Target Support Files/AppAuth/AppAuth-prefix.pch
               GCC_PREPROCESSOR_DEFINITIONS = POD_CONFIGURATION_RELEASE=1  COCOAPODS=1
               GCC_TREAT_WARNINGS_AS_ERRORS = NO
               GCC_VERSION = com.apple.compilers.llvm.clang.1_0
               GCC_VERSION_IDENTIFIER = com_apple_compilers_llvm_clang_1_0
               GCC_WARN_64_TO_32_BIT_CONVERSION = YES
               GCC_WARN_ABOUT_RETURN_TYPE = YES_ERROR
               GCC_WARN_UNDECLARED_SELECTOR = YES
               GCC_WARN_UNINITIALIZED_AUTOS = YES_AGGRESSIVE
               GCC_WARN_UNUSED_FUNCTION = YES
               GCC_WARN_UNUSED_VARIABLE = YES
               GENERATED_MODULEMAP_DIR = /Users/gregoriomorelli/Documents/vibra/build/ios/GeneratedModuleMaps-iphonesimulator
               GENERATE_INFOPLIST_FILE = NO
               GENERATE_INTERMEDIATE_TEXT_BASED_STUBS = YES
               GENERATE_PKGINFO_FILE = NO
               GENERATE_PRELINK_OBJECT_FILE = NO
               GENERATE_PROFILING_CODE = NO
               GENERATE_TEXT_BASED_STUBS = NO
               GID = 20
               GROUP = staff
               HEADERMAP_INCLUDES_FLAT_ENTRIES_FOR_TARGET_BEING_BUILT = YES
               HEADERMAP_INCLUDES_FRAMEWORK_ENTRIES_FOR_ALL_PRODUCT_TYPES = YES
               HEADERMAP_INCLUDES_FRAMEWORK_ENTRIES_FOR_TARGETS_NOT_BEING_BUILT = YES
               HEADERMAP_INCLUDES_NONPUBLIC_NONPRIVATE_HEADERS = YES
               HEADERMAP_INCLUDES_PROJECT_HEADERS = YES
               HEADERMAP_USES_FRAMEWORK_PREFIX_ENTRIES = YES
               HEADERMAP_USES_VFS = YES
               HEADER_SEARCH_PATHS = /Users/gregoriomorelli/Documents/vibra/build/ios/Release-iphonesimulator/AppAuth/include 
               HOME = /Users/gregoriomorelli
               HOST_ARCH = arm64
               HOST_PLATFORM = macosx
               ICONV = /usr/bin/iconv
               IMPLICIT_DEPENDENCY_DOMAIN = default
               INDEX_STORE_COMPRESS = NO
               INDEX_STORE_ONLY_PROJECT_FILES = NO
               INFOPLIST_ENABLE_CFBUNDLEICONS_MERGE = YES
               INFOPLIST_EXPAND_BUILD_SETTINGS = YES
               INFOPLIST_FILE = Target Support Files/AppAuth/AppAuth-Info.plist
               INFOPLIST_OUTPUT_FORMAT = binary
               INFOPLIST_PATH = AppAuth.framework/Info.plist
               INFOPLIST_PREPROCESS = NO
               INFOSTRINGS_PATH = AppAuth.framework/en.lproj/InfoPlist.strings
               INLINE_PRIVATE_FRAMEWORKS = NO
               INSTALLAPI_IGNORE_SKIP_INSTALL = YES
               INSTALLHDRS_COPY_PHASE = NO
               INSTALLHDRS_SCRIPT_PHASE = NO
               INSTALL_DIR = /tmp/Pods.dst/Library/Frameworks
               INSTALL_GROUP = staff
               INSTALL_MODE_FLAG = u+w,go-w,a+rX
               INSTALL_OWNER = gregoriomorelli
               INSTALL_PATH = /Library/Frameworks
               INSTALL_ROOT = /tmp/Pods.dst
               IPHONEOS_DEPLOYMENT_TARGET = 12.0
               IS_UNOPTIMIZED_BUILD = NO
               JAVAC_DEFAULT_FLAGS = -J-Xms64m -J-XX:NewSize=4M -J-Dfile.encoding=UTF8
               JAVA_APP_STUB = /System/Library/Frameworks/JavaVM.framework/Resources/MacOS/JavaApplicationStub
               JAVA_ARCHIVE_CLASSES = YES
               JAVA_ARCHIVE_TYPE = JAR
               JAVA_COMPILER = /usr/bin/javac
               JAVA_FOLDER_PATH = AppAuth.framework/Java
               JAVA_FRAMEWORK_RESOURCES_DIRS = Resources
               JAVA_JAR_FLAGS = cv
               JAVA_SOURCE_SUBDIR = .
               JAVA_USE_DEPENDENCIES = YES
               JAVA_ZIP_FLAGS = -urg
               JIKES_DEFAULT_FLAGS = +E +OLDCSO
               KEEP_PRIVATE_EXTERNS = NO
               LD_DEPENDENCY_INFO_FILE = /Users/gregoriomorelli/Documents/vibra/build/ios/Pods.build/Release-iphonesimulator/AppAuth.build/Objects-normal/undefined_arch/AppAuth_dependency_info.dat
               LD_DYLIB_INSTALL_NAME = @rpath/AppAuth.framework/AppAuth
               LD_EXPORT_SYMBOLS = YES
               LD_GENERATE_MAP_FILE = NO
               LD_MAP_FILE_PATH = /Users/gregoriomorelli/Documents/vibra/build/ios/Pods.build/Release-iphonesimulator/AppAuth.build/AppAuth-LinkMap-normal-undefined_arch.txt
               LD_NO_PIE = NO
               LD_QUOTE_LINKER_ARGUMENTS_FOR_COMPILER_DRIVER = YES
               LD_RUNPATH_SEARCH_PATHS =  @executable_path/Frameworks @loader_path/Frameworks
               LD_SHARED_CACHE_ELIGIBLE = Automatic
               LD_WARN_DUPLICATE_LIBRARIES = NO
               LD_WARN_UNUSED_DYLIBS = NO
               LEGACY_DEVELOPER_DIR = /Applications/Xcode.app/Contents/PlugIns/Xcode3Core.ideplugin/Contents/SharedSupport/Developer
               LEX = lex
               LIBRARY_DEXT_INSTALL_PATH = /Library/DriverExtensions
               LIBRARY_FLAG_NOSPACE = YES
               LIBRARY_FLAG_PREFIX = -l
               LIBRARY_KEXT_INSTALL_PATH = /Library/Extensions
               LIBRARY_SEARCH_PATHS = /Users/gregoriomorelli/Documents/vibra/build/ios/Release-iphonesimulator/AppAuth 
               LINKER_DISPLAYS_MANGLED_NAMES = NO
               LINK_FILE_LIST_normal_arm64 = /Users/gregoriomorelli/Documents/vibra/build/ios/Pods.build/Release-iphonesimulator/AppAuth.build/Objects-normal/arm64/AppAuth.LinkFileList
               LINK_FILE_LIST_normal_x86_64 = /Users/gregoriomorelli/Documents/vibra/build/ios/Pods.build/Release-iphonesimulator/AppAuth.build/Objects-normal/x86_64/AppAuth.LinkFileList
               LINK_OBJC_RUNTIME = YES
               LINK_WITH_STANDARD_LIBRARIES = YES
               LLVM_TARGET_TRIPLE_OS_VERSION = ios12.0
               LLVM_TARGET_TRIPLE_SUFFIX = -simulator
               LLVM_TARGET_TRIPLE_VENDOR = apple
               LM_AUX_CONST_METADATA_LIST_PATH_normal_arm64 = /Users/gregoriomorelli/Documents/vibra/build/ios/Pods.build/Release-iphonesimulator/AppAuth.build/Objects-normal/arm64/AppAuth.SwiftConstValuesFileList
               LM_AUX_CONST_METADATA_LIST_PATH_normal_x86_64 = /Users/gregoriomorelli/Documents/vibra/build/ios/Pods.build/Release-iphonesimulator/AppAuth.build/Objects-normal/x86_64/AppAuth.SwiftConstValuesFileList
               LOCALIZATION_EXPORT_SUPPORTED = YES
               LOCALIZATION_PREFERS_STRING_CATALOGS = NO
               LOCALIZED_RESOURCES_FOLDER_PATH = AppAuth.framework/en.lproj
               LOCALIZED_STRING_CODE_COMMENTS = NO
               LOCALIZED_STRING_MACRO_NAMES = NSLocalizedString CFCopyLocalizedString
               LOCALIZED_STRING_SWIFTUI_SUPPORT = YES
               LOCAL_ADMIN_APPS_DIR = /Applications/Utilities
               LOCAL_APPS_DIR = /Applications
               LOCAL_DEVELOPER_DIR = /Library/Developer
               LOCAL_LIBRARY_DIR = /Library
               LOCROOT = /Users/gregoriomorelli/Documents/vibra/ios/Pods
               LOCSYMROOT = /Users/gregoriomorelli/Documents/vibra/ios/Pods
               MACH_O_TYPE = mh_dylib
               MACOSX_DEPLOYMENT_TARGET = 26.5
               MAC_OS_X_PRODUCT_BUILD_VERSION = 25F84
               MAC_OS_X_VERSION_ACTUAL = 260502
               MAC_OS_X_VERSION_MAJOR = 260000
               MAC_OS_X_VERSION_MINOR = 260500
               MAKE_MERGEABLE = NO
               MERGEABLE_LIBRARY = NO
               MERGED_BINARY_TYPE = none
               MERGE_LINKED_LIBRARIES = NO
               METAL_LIBRARY_FILE_BASE = default
               METAL_LIBRARY_OUTPUT_DIR = /Users/gregoriomorelli/Documents/vibra/build/ios/Release-iphonesimulator/AppAuth/AppAuth.framework
               MODULEMAP_FILE = Target Support Files/AppAuth/AppAuth.modulemap
               MODULES_FOLDER_PATH = AppAuth.framework/Modules
               MTL_ENABLE_DEBUG_INFO = NO
               MTL_FAST_MATH = YES
               NATIVE_ARCH = arm64
               NATIVE_ARCH_32_BIT = arm
               NATIVE_ARCH_64_BIT = arm64
               NATIVE_ARCH_ACTUAL = arm64
               NO_COMMON = YES
               OBJC_ABI_VERSION = 2
               OBJECT_FILE_DIR = /Users/gregoriomorelli/Documents/vibra/build/ios/Pods.build/Release-iphonesimulator/AppAuth.build/Objects
               OBJECT_FILE_DIR_normal = /Users/gregoriomorelli/Documents/vibra/build/ios/Pods.build/Release-iphonesimulator/AppAuth.build/Objects-normal
               OBJROOT = /Users/gregoriomorelli/Documents/vibra/build/ios
               ONLY_ACTIVE_ARCH = NO
               OS = MACOS
               OSAC = /usr/bin/osacompile
               OTHER_LDFLAGS =  -framework "SafariServices" -weak_framework "AuthenticationServices"
               PACKAGE_TYPE = com.apple.package-type.wrapper.framework
               PASCAL_STRINGS = YES
               PATH = /Applications/Xcode.app/Contents/SharedFrameworks/SwiftBuild.framework/Versions/A/PlugIns/SWBBuildService.bundle/Contents/PlugIns/SWBUniversalPlatformPlugin.bundle/Contents/Frameworks/SWBUniversalPlatform.framework/Resources:/Applications/Xcode.app/Contents/Developer/Toolchains/XcodeDefault.xctoolchain/usr/bin:/Applications/Xcode.app/Contents/Developer/Toolchains/XcodeDefault.xctoolchain/usr/local/bin:/Applications/Xcode.app/Contents/Developer/Toolchains/XcodeDefault.xctoolchain/usr/libexec:/Applications/Xcode.app/Contents/Developer/Platforms/iPhoneSimulator.platform/usr/bin:/Applications/Xcode.app/Contents/Developer/Platforms/iPhoneSimulator.platform/usr/local/bin:/Applications/Xcode.app/Contents/Developer/Platforms/iPhoneSimulator.platform/Developer/usr/bin:/Applications/Xcode.app/Contents/Developer/Platforms/iPhoneSimulator.platform/Developer/usr/local/bin:/Applications/Xcode.app/Contents/Developer/usr/bin:/Applications/Xcode.app/Contents/Developer/usr/local/bin:/Users/gregoriomorelli/.gemini/antigravity/bin:/Users/gregoriomorelli/Library/Application Support/Antigravity/bin:/opt/homebrew/bin:/opt/homebrew/sbin:/Library/Developer/CommandLineTools/usr/bin:/Users/gregoriomorelli/development/flutter/bin:/Users/gregoriomorelli/Library/Android/sdk/platform-tools:/Users/gregoriomorelli/Library/Android/sdk/cmdline-tools/latest/bin:/Users/gregoriomorelli/Library/Android/sdk/emulator:/Users/gregoriomorelli/.antigravity-ide/antigravity-ide/bin:/Users/gregoriomorelli/.antigravity/antigravity/bin:/Applications/XAMPP/xamppfiles/bin:/Users/gregoriomorelli/develop/flutter/bin:/usr/local/bin:/System/Cryptexes/App/usr/bin:/usr/bin:/bin:/usr/sbin:/sbin:/var/run/com.apple.security.cryptexd/codex.system/bootstrap/usr/local/bin:/var/run/com.apple.security.cryptexd/codex.system/bootstrap/usr/bin:/var/run/com.apple.security.cryptexd/codex.system/bootstrap/usr/appleinternal/bin:/pkg/env/global/bin:/Users/gregoriomorelli/.spicetify
               PATH_PREFIXES_EXCLUDED_FROM_HEADER_DEPENDENCIES = /usr/include /usr/local/include /System/Library/Frameworks /System/Library/PrivateFrameworks /Applications/Xcode.app/Contents/Developer/Headers /Applications/Xcode.app/Contents/Developer/SDKs /Applications/Xcode.app/Contents/Developer/Platforms
               PBDEVELOPMENTPLIST_PATH = AppAuth.framework/pbdevelopment.plist
               PER_ARCH_MODULE_FILE_DIR = /Users/gregoriomorelli/Documents/vibra/build/ios/Pods.build/Release-iphonesimulator/AppAuth.build/Objects-normal/undefined_arch
               PER_ARCH_OBJECT_FILE_DIR = /Users/gregoriomorelli/Documents/vibra/build/ios/Pods.build/Release-iphonesimulator/AppAuth.build/Objects-normal/undefined_arch
               PER_VARIANT_OBJECT_FILE_DIR = /Users/gregoriomorelli/Documents/vibra/build/ios/Pods.build/Release-iphonesimulator/AppAuth.build/Objects-normal
               PKGINFO_FILE_PATH = /Users/gregoriomorelli/Documents/vibra/build/ios/Pods.build/Release-iphonesimulator/AppAuth.build/PkgInfo
               PKGINFO_PATH = AppAuth.framework/PkgInfo
               PLATFORM_DEVELOPER_APPLICATIONS_DIR = /Applications/Xcode.app/Contents/Developer/Platforms/iPhoneSimulator.platform/Developer/Applications
               PLATFORM_DEVELOPER_BIN_DIR = /Applications/Xcode.app/Contents/Developer/Platforms/iPhoneSimulator.platform/Developer/usr/bin
               PLATFORM_DEVELOPER_LIBRARY_DIR = /Applications/Xcode.app/Contents/Developer/Platforms/iPhoneSimulator.platform/Developer/Library
               PLATFORM_DEVELOPER_SDK_DIR = /Applications/Xcode.app/Contents/Developer/Platforms/iPhoneSimulator.platform/Developer/SDKs
               PLATFORM_DEVELOPER_TOOLS_DIR = /Applications/Xcode.app/Contents/Developer/Platforms/iPhoneSimulator.platform/Developer/Tools
               PLATFORM_DEVELOPER_USR_DIR = /Applications/Xcode.app/Contents/Developer/Platforms/iPhoneSimulator.platform/Developer/usr
               PLATFORM_DIR = /Applications/Xcode.app/Contents/Developer/Platforms/iPhoneSimulator.platform
               PLATFORM_DISPLAY_NAME = iOS Simulator
               PLATFORM_FAMILY_NAME = iOS
               PLATFORM_NAME = iphonesimulator
               PLATFORM_PREFERRED_ARCH = x86_64
               PLATFORM_PRODUCT_BUILD_VERSION = 23F73
               PLATFORM_REQUIRES_SWIFT_AUTOLINK_EXTRACT = NO
               PLATFORM_REQUIRES_SWIFT_MODULEWRAP = NO
               PLATFORM_USES_DSYMS = YES
               PLIST_FILE_OUTPUT_FORMAT = binary
               PLUGINS_FOLDER_PATH = AppAuth.framework/PlugIns
               PODS_BUILD_DIR = /Users/gregoriomorelli/Documents/vibra/build/ios
               PODS_CONFIGURATION_BUILD_DIR = /Users/gregoriomorelli/Documents/vibra/build/ios/Release-iphonesimulator
               PODS_DEVELOPMENT_LANGUAGE = en
               PODS_ROOT = /Users/gregoriomorelli/Documents/vibra/ios/Pods
               PODS_TARGET_SRCROOT = /Users/gregoriomorelli/Documents/vibra/ios/Pods/AppAuth
               PODS_XCFRAMEWORKS_BUILD_DIR = /Users/gregoriomorelli/Documents/vibra/build/ios/Release-iphonesimulator/XCFrameworkIntermediates
               PRECOMPS_INCLUDE_HEADERS_FROM_BUILT_PRODUCTS_DIR = YES
               PRECOMP_DESTINATION_DIR = /Users/gregoriomorelli/Documents/vibra/build/ios/Pods.build/Release-iphonesimulator/AppAuth.build/PrefixHeaders
               PRIVATE_HEADERS_FOLDER_PATH = AppAuth.framework/PrivateHeaders
               PROCESSED_INFOPLIST_PATH = /Users/gregoriomorelli/Documents/vibra/build/ios/Pods.build/Release-iphonesimulator/AppAuth.build/Objects-normal/undefined_arch/Processed-Info.plist
               PRODUCT_BUNDLE_IDENTIFIER = org.cocoapods.AppAuth
               PRODUCT_BUNDLE_PACKAGE_TYPE = FMWK
               PRODUCT_MODULE_NAME = AppAuth
               PRODUCT_NAME = AppAuth
               PRODUCT_SETTINGS_PATH = /Users/gregoriomorelli/Documents/vibra/ios/Pods/Target Support Files/AppAuth/AppAuth-Info.plist
               PRODUCT_TYPE = com.apple.product-type.framework
               PROFILING_CODE = NO
               PROJECT = Pods
               PROJECT_DERIVED_FILE_DIR = /Users/gregoriomorelli/Documents/vibra/build/ios/Pods.build/DerivedSources
               PROJECT_DIR = /Users/gregoriomorelli/Documents/vibra/ios/Pods
               PROJECT_FILE_PATH = /Users/gregoriomorelli/Documents/vibra/ios/Pods/Pods.xcodeproj
               PROJECT_GUID = bfdfe7dc352907fc980b868725387e98
               PROJECT_NAME = Pods
               PROJECT_TEMP_DIR = /Users/gregoriomorelli/Documents/vibra/build/ios/Pods.build
               PROJECT_TEMP_ROOT = /Users/gregoriomorelli/Documents/vibra/build/ios
               PUBLIC_HEADERS_FOLDER_PATH = AppAuth.framework/Headers
               RECOMMENDED_IPHONEOS_DEPLOYMENT_TARGET = 15.0
               RECURSIVE_SEARCH_PATHS_FOLLOW_SYMLINKS = YES
               REMOVE_CVS_FROM_RESOURCES = YES
               REMOVE_GIT_FROM_RESOURCES = YES
               REMOVE_HEADERS_FROM_EMBEDDED_BUNDLES = YES
               REMOVE_HG_FROM_RESOURCES = YES
               REMOVE_STATIC_EXECUTABLES_FROM_EMBEDDED_BUNDLES = YES
               REMOVE_SVN_FROM_RESOURCES = YES
               RESCHEDULE_INDEPENDENT_HEADERS_PHASES = YES
               REZ_COLLECTOR_DIR = /Users/gregoriomorelli/Documents/vibra/build/ios/Pods.build/Release-iphonesimulator/AppAuth.build/ResourceManagerResources
               REZ_OBJECTS_DIR = /Users/gregoriomorelli/Documents/vibra/build/ios/Pods.build/Release-iphonesimulator/AppAuth.build/ResourceManagerResources/Objects
               REZ_SEARCH_PATHS = /Users/gregoriomorelli/Documents/vibra/build/ios/Release-iphonesimulator/AppAuth 
               RPATH_ORIGIN = @loader_path
               RUNTIME_EXCEPTION_ALLOW_DYLD_ENVIRONMENT_VARIABLES = NO
               RUNTIME_EXCEPTION_ALLOW_JIT = NO
               RUNTIME_EXCEPTION_ALLOW_UNSIGNED_EXECUTABLE_MEMORY = NO
               RUNTIME_EXCEPTION_DEBUGGING_TOOL = NO
               RUNTIME_EXCEPTION_DISABLE_EXECUTABLE_PAGE_PROTECTION = NO
               RUNTIME_EXCEPTION_DISABLE_LIBRARY_VALIDATION = NO
               SCANNING_PCM_KEEP_CACHE_DIRECTORY = YES
               SCAN_ALL_SOURCE_FILES_FOR_INCLUDES = NO
               SCRIPTS_FOLDER_PATH = AppAuth.framework/Scripts
               SDKROOT = /Applications/Xcode.app/Contents/Developer/Platforms/iPhoneSimulator.platform/Developer/SDKs/iPhoneSimulator26.5.sdk
               SDK_DIR = /Applications/Xcode.app/Contents/Developer/Platforms/iPhoneSimulator.platform/Developer/SDKs/iPhoneSimulator26.5.sdk
               SDK_DIR_iphonesimulator = /Applications/Xcode.app/Contents/Developer/Platforms/iPhoneSimulator.platform/Developer/SDKs/iPhoneSimulator26.5.sdk
               SDK_DIR_iphonesimulator26_5 = /Applications/Xcode.app/Contents/Developer/Platforms/iPhoneSimulator.platform/Developer/SDKs/iPhoneSimulator26.5.sdk
               SDK_NAME = iphonesimulator26.5
               SDK_NAMES = iphonesimulator26.5
               SDK_PRODUCT_BUILD_VERSION = 23F73
               SDK_STAT_CACHE_DIR = /var/folders/pg/x6t89f2n7s7299rcw8hv33180000gn/C/com.apple.DeveloperTools/26.5-17F42/Xcode
               SDK_STAT_CACHE_ENABLE = YES
               SDK_STAT_CACHE_PATH = /var/folders/pg/x6t89f2n7s7299rcw8hv33180000gn/C/com.apple.DeveloperTools/26.5-17F42/Xcode/SDKStatCaches.noindex/iphonesimulator26.5-23F73-6cfe768891a92b912361537c460fe42b.sdkstatcache
               SDK_VERSION = 26.5
               SDK_VERSION_ACTUAL = 260500
               SDK_VERSION_MAJOR = 260000
               SDK_VERSION_MINOR = 260500
               SED = /usr/bin/sed
               SEPARATE_STRIP = NO
               SEPARATE_SYMBOL_EDIT = NO
               SET_DIR_MODE_OWNER_GROUP = YES
               SET_FILE_MODE_OWNER_GROUP = NO
               SHALLOW_BUNDLE = YES
               SHALLOW_BUNDLE_TRIPLE = ios-simulator
               SHALLOW_BUNDLE_ios_macabi = NO
               SHALLOW_BUNDLE_macos = NO
               SHARED_DERIVED_FILE_DIR = /Users/gregoriomorelli/Documents/vibra/build/ios/Release-iphonesimulator/AppAuth/DerivedSources
               SHARED_FRAMEWORKS_FOLDER_PATH = AppAuth.framework/SharedFrameworks
               SHARED_PRECOMPS_DIR = /Users/gregoriomorelli/Documents/vibra/build/ios/SharedPrecompiledHeaders
               SHARED_SUPPORT_FOLDER_PATH = AppAuth.framework
               SKIP_INSTALL = YES
               SKIP_MERGEABLE_LIBRARY_BUNDLE_HOOK = NO
               SOURCE_ROOT = /Users/gregoriomorelli/Documents/vibra/ios/Pods
               SRCROOT = /Users/gregoriomorelli/Documents/vibra/ios/Pods
               STRINGSDATA_DIR = /Users/gregoriomorelli/Documents/vibra/build/ios/Pods.build/Release-iphonesimulator/AppAuth.build/Objects-normal/undefined_arch
               STRINGSDATA_ROOT = /Users/gregoriomorelli/Documents/vibra/build/ios/Pods.build/Release-iphonesimulator/AppAuth.build
               STRINGS_FILE_INFOPLIST_RENAME = YES
               STRINGS_FILE_OUTPUT_ENCODING = binary
               STRING_CATALOG_GENERATE_SYMBOLS = NO
               STRIP_BITCODE_FROM_COPIED_FILES = NO
               STRIP_INSTALLED_PRODUCT = NO
               STRIP_STYLE = debugging
               STRIP_SWIFT_SYMBOLS = YES
               SUPPORTED_DEVICE_FAMILIES = 1,2
               SUPPORTED_PLATFORMS = iphoneos iphonesimulator
               SUPPORTS_TEXT_BASED_API = NO
               SUPPRESS_WARNINGS = NO
               SWIFT_ACTIVE_COMPILATION_CONDITIONS =  
               SWIFT_COMPILATION_MODE = wholemodule
               SWIFT_EMIT_CONST_VALUE_PROTOCOLS = AnyResolverProviding AppEntity AppEnum AppExtension AppIntent AppIntentsPackage AppShortcutProviding AppShortcutsProvider AppUnionValue AppUnionValueCasesProviding DynamicOptionsProvider EntityQuery ExtensionPointDefining IntentValueQuery Resolver TransientEntity _AssistantIntentsProvider _GenerativeFunctionExtractable _IntentValueRepresentable
               SWIFT_EMIT_LOC_STRINGS = NO
               SWIFT_ENABLE_EXPLICIT_MODULES = YES
               SWIFT_INSTALL_MODULE_FOR_DEPLOYMENT = YES
               SWIFT_INSTALL_OBJC_HEADER = YES
               SWIFT_OPTIMIZATION_LEVEL = -O
               SWIFT_PLATFORM_TARGET_PREFIX = ios
               SWIFT_RESPONSE_FILE_PATH_normal_arm64 = /Users/gregoriomorelli/Documents/vibra/build/ios/Pods.build/Release-iphonesimulator/AppAuth.build/Objects-normal/arm64/AppAuth.SwiftFileList
               SWIFT_RESPONSE_FILE_PATH_normal_x86_64 = /Users/gregoriomorelli/Documents/vibra/build/ios/Pods.build/Release-iphonesimulator/AppAuth.build/Objects-normal/x86_64/AppAuth.SwiftFileList
               SWIFT_VERSION = 5.0
               SYMROOT = /Users/gregoriomorelli/Documents/vibra/ios/build
               SYSTEM_ADMIN_APPS_DIR = /Applications/Utilities
               SYSTEM_APPS_DIR = /Applications
               SYSTEM_CORE_SERVICES_DIR = /System/Library/CoreServices
               SYSTEM_DEMOS_DIR = /Applications/Extras
               SYSTEM_DEVELOPER_APPS_DIR = /Applications/Xcode.app/Contents/Developer/Applications
               SYSTEM_DEVELOPER_BIN_DIR = /Applications/Xcode.app/Contents/Developer/usr/bin
               SYSTEM_DEVELOPER_DEMOS_DIR = /Applications/Xcode.app/Contents/Developer/Applications/Utilities/Built Examples
               SYSTEM_DEVELOPER_DIR = /Applications/Xcode.app/Contents/Developer
               SYSTEM_DEVELOPER_DOC_DIR = /Applications/Xcode.app/Contents/Developer/ADC Reference Library
               SYSTEM_DEVELOPER_GRAPHICS_TOOLS_DIR = /Applications/Xcode.app/Contents/Developer/Applications/Graphics Tools
               SYSTEM_DEVELOPER_JAVA_TOOLS_DIR = /Applications/Xcode.app/Contents/Developer/Applications/Java Tools
               SYSTEM_DEVELOPER_PERFORMANCE_TOOLS_DIR = /Applications/Xcode.app/Contents/Developer/Applications/Performance Tools
               SYSTEM_DEVELOPER_RELEASENOTES_DIR = /Applications/Xcode.app/Contents/Developer/ADC Reference Library/releasenotes
               SYSTEM_DEVELOPER_TOOLS = /Applications/Xcode.app/Contents/Developer/Tools
               SYSTEM_DEVELOPER_TOOLS_DOC_DIR = /Applications/Xcode.app/Contents/Developer/ADC Reference Library/documentation/DeveloperTools
               SYSTEM_DEVELOPER_TOOLS_RELEASENOTES_DIR = /Applications/Xcode.app/Contents/Developer/ADC Reference Library/releasenotes/DeveloperTools
               SYSTEM_DEVELOPER_USR_DIR = /Applications/Xcode.app/Contents/Developer/usr
               SYSTEM_DEVELOPER_UTILITIES_DIR = /Applications/Xcode.app/Contents/Developer/Applications/Utilities
               SYSTEM_DEXT_INSTALL_PATH = /System/Library/DriverExtensions
               SYSTEM_DOCUMENTATION_DIR = /Library/Documentation
               SYSTEM_EXTENSIONS_FOLDER_PATH = AppAuth.framework/SystemExtensions
               SYSTEM_EXTENSIONS_FOLDER_PATH_SHALLOW_BUNDLE_NO = AppAuth.framework/Library/SystemExtensions
               SYSTEM_EXTENSIONS_FOLDER_PATH_SHALLOW_BUNDLE_YES = AppAuth.framework/SystemExtensions
               SYSTEM_KEXT_INSTALL_PATH = /System/Library/Extensions
               SYSTEM_LIBRARY_DIR = /System/Library
               TAPI_DEMANGLE = YES
               TAPI_ENABLE_PROJECT_HEADERS = NO
               TAPI_LANGUAGE = objective-c
               TAPI_LANGUAGE_STANDARD = compiler-default
               TAPI_USE_SRCROOT = YES
               TAPI_VERIFY_MODE = Pedantic
               TARGETED_DEVICE_FAMILY = 1,2
               TARGETNAME = AppAuth
               TARGET_BUILD_DIR = /Users/gregoriomorelli/Documents/vibra/build/ios/Release-iphonesimulator/AppAuth
               TARGET_NAME = AppAuth
               TARGET_TEMP_DIR = /Users/gregoriomorelli/Documents/vibra/build/ios/Pods.build/Release-iphonesimulator/AppAuth.build
               TEMP_DIR = /Users/gregoriomorelli/Documents/vibra/build/ios/Pods.build/Release-iphonesimulator/AppAuth.build
               TEMP_FILES_DIR = /Users/gregoriomorelli/Documents/vibra/build/ios/Pods.build/Release-iphonesimulator/AppAuth.build
               TEMP_FILE_DIR = /Users/gregoriomorelli/Documents/vibra/build/ios/Pods.build/Release-iphonesimulator/AppAuth.build
               TEMP_ROOT = /Users/gregoriomorelli/Documents/vibra/build/ios
               TEMP_SANDBOX_DIR = /Users/gregoriomorelli/Documents/vibra/build/ios/TemporaryTaskSandboxes
               TEST_FRAMEWORK_SEARCH_PATHS =  /Applications/Xcode.app/Contents/Developer/Platforms/iPhoneSimulator.platform/Developer/Library/Frameworks /Applications/Xcode.app/Contents/Developer/Platforms/iPhoneSimulator.platform/Developer/SDKs/iPhoneSimulator26.5.sdk/Developer/Library/Frameworks
               TEST_LIBRARY_SEARCH_PATHS =  /Applications/Xcode.app/Contents/Developer/Platforms/iPhoneSimulator.platform/Developer/usr/lib
               TOOLCHAINS = com.apple.dt.toolchain.XcodeDefault
               TOOLCHAIN_DIR = /Applications/Xcode.app/Contents/Developer/Toolchains/XcodeDefault.xctoolchain
               TREAT_MISSING_BASELINES_AS_TEST_FAILURES = NO
               TREAT_MISSING_SCRIPT_PHASE_OUTPUTS_AS_ERRORS = NO
               TVOS_DEPLOYMENT_TARGET = 26.5
               UID = 501
               UNINSTALLED_PRODUCTS_DIR = /Users/gregoriomorelli/Documents/vibra/build/ios/UninstalledProducts
               UNLOCALIZED_RESOURCES_FOLDER_PATH = AppAuth.framework
               UNLOCALIZED_RESOURCES_FOLDER_PATH_SHALLOW_BUNDLE_NO = AppAuth.framework/Resources
               UNLOCALIZED_RESOURCES_FOLDER_PATH_SHALLOW_BUNDLE_YES = AppAuth.framework
               UNSTRIPPED_PRODUCT = NO
               USER = gregoriomorelli
               USER_APPS_DIR = /Users/gregoriomorelli/Applications
               USER_LIBRARY_DIR = /Users/gregoriomorelli/Library
               USE_DYNAMIC_NO_PIC = YES
               USE_HEADERMAP = YES
               USE_HEADER_SYMLINKS = NO
               USE_RECURSIVE_SCRIPT_INPUTS_IN_SCRIPT_PHASES = YES
               VALIDATE_DEVELOPMENT_ASSET_PATHS = YES_ERROR
               VALIDATE_PRODUCT = YES
               VALID_ARCHS = arm64 x86_64
               VERBOSE_PBXCP = NO
               VERSIONING_SYSTEM = apple-generic
               VERSIONPLIST_PATH = AppAuth.framework/version.plist
               VERSIONS_FOLDER_PATH = AppAuth.framework
               VERSIONS_FOLDER_PATH_SHALLOW_BUNDLE_NO = AppAuth.framework/Versions
               VERSIONS_FOLDER_PATH_SHALLOW_BUNDLE_YES = AppAuth.framework
               VERSION_INFO_BUILDER = gregoriomorelli
               VERSION_INFO_FILE = AppAuth_vers.c
               VERSION_INFO_STRING = "@(#)PROGRAM:AppAuth  PROJECT:Pods-1"
               WATCHOS_DEPLOYMENT_TARGET = 26.5
               WORKSPACE_DIR = /Users/gregoriomorelli/Documents/vibra/ios/Pods/Pods.xcodeproj
               WRAPPER_EXTENSION = framework
               WRAPPER_NAME = AppAuth.framework
               WRAPPER_SUFFIX = .framework
               WRAP_ASSET_PACKS_IN_SEPARATE_DIRECTORIES = NO
               XCODE_APP_SUPPORT_DIR = /Applications/Xcode.app/Contents/Developer/Library/Xcode
               XCODE_PRODUCT_BUILD_VERSION = 17F42
               XCODE_VERSION_ACTUAL = 2650
               XCODE_VERSION_MAJOR = 2600
               XCODE_VERSION_MINOR = 2650
               XPCSERVICES_FOLDER_PATH = AppAuth.framework/XPCServices
               XROS_DEPLOYMENT_TARGET = 26.5
               YACC = yacc
               _DISCOVER_COMMAND_LINE_LINKER_INPUTS = YES
               _DISCOVER_COMMAND_LINE_LINKER_INPUTS_INCLUDE_WL = YES
               _LD_MULTIARCH = YES
               _WRAPPER_CONTENTS_DIR_SHALLOW_BUNDLE_NO = /Contents
               _WRAPPER_PARENT_PATH_SHALLOW_BUNDLE_NO = /..
               _WRAPPER_RESOURCES_DIR_SHALLOW_BUNDLE_NO = /Resources
               __DIAGNOSE_DEPRECATED_ARCHS = YES
               __ORIGINAL_SDK_DEFINED_LLVM_TARGET_TRIPLE_SYS = ios
               arch = undefined_arch
               variant = normal

           Build settings for action build and target AppAuth-AppAuthCore_Privacy:
               ACTION = build
               AD_HOC_CODE_SIGNING_ALLOWED = YES
               ALLOW_BUILD_REQUEST_OVERRIDES = NO
               ALLOW_TARGET_PLATFORM_SPECIALIZATION = NO
               ALTERNATE_GROUP = staff
               ALTERNATE_MODE = u+w,go-w,a+rX
               ALTERNATE_OWNER = gregoriomorelli
               ALTERNATIVE_DISTRIBUTION_WEB = NO
               ALWAYS_EMBED_SWIFT_STANDARD_LIBRARIES = NO
               ALWAYS_SEARCH_USER_PATHS = NO
               ALWAYS_USE_SEPARATE_HEADERMAPS = NO
               APPLICATION_EXTENSION_API_ONLY = NO
               APPLY_RULES_IN_COPY_FILES = NO
               APPLY_RULES_IN_COPY_HEADERS = NO
               APP_SHORTCUTS_ENABLE_FLEXIBLE_MATCHING = YES
               ARCHS = arm64 x86_64
               ARCHS_BASE = arm64 x86_64
               ARCHS_STANDARD = arm64 x86_64
               ARCHS_STANDARD_32_64_BIT = arm64 x86_64
               ARCHS_STANDARD_64_BIT = arm64 x86_64
               ARCHS_STANDARD_INCLUDING_64_BIT = arm64 x86_64
               ARCHS_UNIVERSAL_IPHONE_OS = arm64 x86_64
               AUTOMATICALLY_MERGE_DEPENDENCIES = NO
               AUTOMATION_APPLE_EVENTS = NO
               AVAILABLE_PLATFORMS = android appletvos appletvsimulator driverkit freebsd iphoneos iphonesimulator linux macosx none openbsd qnx watchos watchsimulator webassembly xros xrsimulator
               BUILD_ACTIVE_RESOURCES_ONLY = NO
               BUILD_COMPONENTS = headers build
               BUILD_DIR = /Users/gregoriomorelli/Documents/vibra/build/ios
               BUILD_LIBRARY_FOR_DISTRIBUTION = NO
               BUILD_ONLY_KNOWN_LOCALIZATIONS = NO
               BUILD_ROOT = /Users/gregoriomorelli/Documents/vibra/ios/build
               BUILD_STYLE = 
               BUILD_VARIANTS = normal
               BUILT_PRODUCTS_DIR = /Users/gregoriomorelli/Documents/vibra/build/ios/Release-iphonesimulator/AppAuth
               BUNDLE_CONTENTS_FOLDER_PATH_deep = Contents/
               BUNDLE_EXECUTABLE_FOLDER_NAME_deep = MacOS
               BUNDLE_EXTENSIONS_FOLDER_PATH = Extensions
               BUNDLE_FORMAT = shallow
               BUNDLE_FRAMEWORKS_FOLDER_PATH = Frameworks
               BUNDLE_PLUGINS_FOLDER_PATH = PlugIns
               BUNDLE_PRIVATE_HEADERS_FOLDER_PATH = PrivateHeaders
               BUNDLE_PUBLIC_HEADERS_FOLDER_PATH = Headers
               CACHE_ROOT = /var/folders/pg/x6t89f2n7s7299rcw8hv33180000gn/C/com.apple.DeveloperTools/26.5-17F42/Xcode
               CCHROOT = /var/folders/pg/x6t89f2n7s7299rcw8hv33180000gn/C/com.apple.DeveloperTools/26.5-17F42/Xcode
               CHMOD = /bin/chmod
               CHOWN = chown
               CLANG_ANALYZER_LOCALIZABILITY_NONLOCALIZED = YES
               CLANG_ANALYZER_NONNULL = YES
               CLANG_ANALYZER_NUMBER_OBJECT_CONVERSION = YES_AGGRESSIVE
               CLANG_CACHE_FINE_GRAINED_OUTPUTS = YES
               CLANG_CXX_LANGUAGE_STANDARD = gnu++14
               CLANG_CXX_LIBRARY = libc++
               CLANG_ENABLE_EXPLICIT_MODULES = YES
               CLANG_ENABLE_MODULES = YES
               CLANG_ENABLE_OBJC_ARC = YES
               CLANG_ENABLE_OBJC_WEAK = YES
               CLANG_MODULES_BUILD_SESSION_FILE = /var/folders/pg/x6t89f2n7s7299rcw8hv33180000gn/C/org.llvm.clang/ModuleCache.noindex/Session.modulevalidation
               CLANG_WARN_BLOCK_CAPTURE_AUTORELEASING = YES
               CLANG_WARN_BOOL_CONVERSION = YES
               CLANG_WARN_COMMA = YES
               CLANG_WARN_CONSTANT_CONVERSION = YES
               CLANG_WARN_DEPRECATED_OBJC_IMPLEMENTATIONS = YES
               CLANG_WARN_DIRECT_OBJC_ISA_USAGE = YES_ERROR
               CLANG_WARN_DOCUMENTATION_COMMENTS = YES
               CLANG_WARN_EMPTY_BODY = YES
               CLANG_WARN_ENUM_CONVERSION = YES
               CLANG_WARN_INFINITE_RECURSION = YES
               CLANG_WARN_INT_CONVERSION = YES
               CLANG_WARN_NON_LITERAL_NULL_CONVERSION = YES
               CLANG_WARN_OBJC_IMPLICIT_RETAIN_SELF = YES
               CLANG_WARN_OBJC_LITERAL_CONVERSION = YES
               CLANG_WARN_OBJC_ROOT_CLASS = YES_ERROR
               CLANG_WARN_QUOTED_INCLUDE_IN_FRAMEWORK_HEADER = NO
               CLANG_WARN_RANGE_LOOP_ANALYSIS = YES
               CLANG_WARN_STRICT_PROTOTYPES = YES
               CLANG_WARN_SUSPICIOUS_MOVE = YES
               CLANG_WARN_UNGUARDED_AVAILABILITY = YES_AGGRESSIVE
               CLANG_WARN_UNREACHABLE_CODE = YES
               CLANG_WARN__DUPLICATE_METHOD_MATCH = YES
               CLASS_FILE_DIR = /Users/gregoriomorelli/Documents/vibra/build/ios/Pods.build/Release-iphonesimulator/AppAuth-AppAuthCore_Privacy.build/JavaClasses
               CLEAN_PRECOMPS = YES
               CLONE_HEADERS = NO
               CODESIGNING_FOLDER_PATH = /Users/gregoriomorelli/Documents/vibra/build/ios/Release-iphonesimulator/AppAuth/AppAuthCore_Privacy.bundle
               CODE_SIGNING_ALLOWED = NO
               CODE_SIGNING_IDENTITY = -
               CODE_SIGNING_REQUIRED = NO
               CODE_SIGN_CONTEXT_CLASS = XCiPhoneSimulatorCodeSignContext
               CODE_SIGN_IDENTITY = -
               CODE_SIGN_INJECT_BASE_ENTITLEMENTS = YES
               COLOR_DIAGNOSTICS = NO
               COMBINE_HIDPI_IMAGES = NO
               COMPILATION_CACHE_CAS_PATH = /var/folders/pg/x6t89f2n7s7299rcw8hv33180000gn/C/com.apple.DeveloperTools/26.5-17F42/Xcode/CompilationCache.noindex
               COMPILATION_CACHE_KEEP_CAS_DIRECTORY = YES
               COMPILER_INDEX_STORE_ENABLE = Default
               COMPOSITE_SDK_DIRS = /Users/gregoriomorelli/Documents/vibra/build/ios/CompositeSDKs
               COMPRESS_PNG_FILES = YES
               CONFIGURATION = Release
               CONFIGURATION_BUILD_DIR = /Users/gregoriomorelli/Documents/vibra/build/ios/Release-iphonesimulator/AppAuth
               CONFIGURATION_TEMP_DIR = /Users/gregoriomorelli/Documents/vibra/build/ios/Pods.build/Release-iphonesimulator
               CONTENTS_FOLDER_PATH = AppAuthCore_Privacy.bundle
               CONTENTS_FOLDER_PATH_SHALLOW_BUNDLE_NO = AppAuthCore_Privacy.bundle/Contents
               CONTENTS_FOLDER_PATH_SHALLOW_BUNDLE_YES = AppAuthCore_Privacy.bundle
               COPYING_PRESERVES_HFS_DATA = NO
               COPY_HEADERS_RUN_UNIFDEF = NO
               COPY_PHASE_STRIP = NO
               CORRESPONDING_DEVICE_PLATFORM_DIR = /Applications/Xcode.app/Contents/Developer/Platforms/iPhoneOS.platform
               CORRESPONDING_DEVICE_PLATFORM_NAME = iphoneos
               CORRESPONDING_DEVICE_SDK_DIR = /Applications/Xcode.app/Contents/Developer/Platforms/iPhoneOS.platform/Developer/SDKs/iPhoneOS26.5.sdk
               CORRESPONDING_DEVICE_SDK_NAME = iphoneos26.5
               CP = /bin/cp
               CREATE_INFOPLIST_SECTION_IN_BINARY = NO
               CURRENT_ARCH = undefined_arch
               CURRENT_VARIANT = normal
               DEAD_CODE_STRIPPING = YES
               DEBUGGING_SYMBOLS = YES
               DEBUG_INFORMATION_FORMAT = dwarf-with-dsym
               DEBUG_INFORMATION_VERSION = compiler-default
               DEFAULT_COMPILER = com.apple.compilers.llvm.clang.1_0
               DEFAULT_DEXT_INSTALL_PATH = /System/Library/DriverExtensions
               DEFAULT_KEXT_INSTALL_PATH = /System/Library/Extensions
               DEFINES_MODULE = YES
               DEPLOYMENT_LOCATION = NO
               DEPLOYMENT_POSTPROCESSING = NO
               DEPLOYMENT_TARGET_SETTING_NAME = IPHONEOS_DEPLOYMENT_TARGET
               DEPLOYMENT_TARGET_SUGGESTED_VALUES = 12.0 12.1 12.2 12.3 12.4 13.0 13.1 13.2 13.3 13.4 13.5 13.6 14.0 14.1 14.2 14.3 14.4 14.5 14.6 14.7 15.0 15.1 15.2 15.3 15.4 15.5 15.6 16.0 16.1 16.2 16.3 16.4 16.5 16.6 17.0 17.1 17.2 17.3 17.4 17.5 17.6 18.0 18.1 18.2 18.3 18.4 18.5 18.6 26.0 26.2 26.3 26.4 26.5
               DERIVED_FILES_DIR = /Users/gregoriomorelli/Documents/vibra/build/ios/Pods.build/Release-iphonesimulator/AppAuth-AppAuthCore_Privacy.build/DerivedSources
               DERIVED_FILE_DIR = /Users/gregoriomorelli/Documents/vibra/build/ios/Pods.build/Release-iphonesimulator/AppAuth-AppAuthCore_Privacy.build/DerivedSources
               DERIVED_SOURCES_DIR = /Users/gregoriomorelli/Documents/vibra/build/ios/Pods.build/Release-iphonesimulator/AppAuth-AppAuthCore_Privacy.build/DerivedSources
               DEVELOPER_APPLICATIONS_DIR = /Applications/Xcode.app/Contents/Developer/Applications
               DEVELOPER_BIN_DIR = /Applications/Xcode.app/Contents/Developer/usr/bin
               DEVELOPER_DIR = /Applications/Xcode.app/Contents/Developer
               DEVELOPER_FRAMEWORKS_DIR = /Applications/Xcode.app/Contents/Developer/Library/Frameworks
               DEVELOPER_FRAMEWORKS_DIR_QUOTED = /Applications/Xcode.app/Contents/Developer/Library/Frameworks
               DEVELOPER_LIBRARY_DIR = /Applications/Xcode.app/Contents/Developer/Library
               DEVELOPER_SDK_DIR = /Applications/Xcode.app/Contents/Developer/Platforms/MacOSX.platform/Developer/SDKs
               DEVELOPER_TOOLS_DIR = /Applications/Xcode.app/Contents/Developer/Tools
               DEVELOPER_USR_DIR = /Applications/Xcode.app/Contents/Developer/usr
               DEVELOPMENT_LANGUAGE = en
               DIAGNOSE_MISSING_TARGET_DEPENDENCIES = YES
               DIFF = /usr/bin/diff
               DOCUMENTATION_FOLDER_PATH = AppAuthCore_Privacy.bundle/en.lproj/Documentation
               DONT_GENERATE_INFOPLIST_FILE = NO
               DRIVERKIT_DEPLOYMENT_TARGET = 25.5
               DSTROOT = /tmp/Pods.dst
               DT_TOOLCHAIN_DIR = /Applications/Xcode.app/Contents/Developer/Toolchains/XcodeDefault.xctoolchain
               DUMP_DEPENDENCIES = NO
               DUMP_DEPENDENCIES_OUTPUT_PATH = /Users/gregoriomorelli/Documents/vibra/build/ios/Pods.build/Release-iphonesimulator/AppAuth-AppAuthCore_Privacy.build/AppAuth-AppAuthCore_Privacy-BuildDependencyInfo.json
               DWARF_DSYM_FILE_NAME = AppAuthCore_Privacy.bundle.dSYM
               DWARF_DSYM_FILE_SHOULD_ACCOMPANY_PRODUCT = NO
               DWARF_DSYM_FOLDER_PATH = /Users/gregoriomorelli/Documents/vibra/build/ios/Release-iphonesimulator/AppAuth
               DYNAMIC_LIBRARY_EXTENSION = dylib
               EAGER_COMPILATION_ALLOW_SCRIPTS = NO
               EAGER_LINKING = NO
               EFFECTIVE_PLATFORM_NAME = -iphonesimulator
               EFFECTIVE_SWIFT_VERSION = 5
               EMBEDDED_CONTENT_CONTAINS_SWIFT = NO
               EMBED_ASSET_PACKS_IN_PRODUCT_BUNDLE = NO
               ENABLE_APP_SANDBOX = NO
               ENABLE_CODE_COVERAGE = YES
               ENABLE_COHORT_ARCHS = NO
               ENABLE_CPLUSPLUS_BOUNDS_SAFE_BUFFERS = NO
               ENABLE_C_BOUNDS_SAFETY = NO
               ENABLE_DEFAULT_HEADER_SEARCH_PATHS = YES
               ENABLE_DEFAULT_SEARCH_PATHS = YES
               ENABLE_ENHANCED_SECURITY = NO
               ENABLE_HARDENED_RUNTIME = NO
               ENABLE_HEADER_DEPENDENCIES = YES
               ENABLE_INCOMING_NETWORK_CONNECTIONS = NO
               ENABLE_NS_ASSERTIONS = NO
               ENABLE_ON_DEMAND_RESOURCES = NO
               ENABLE_OUTGOING_NETWORK_CONNECTIONS = NO
               ENABLE_POINTER_AUTHENTICATION = NO
               ENABLE_RESOURCE_ACCESS_AUDIO_INPUT = NO
               ENABLE_RESOURCE_ACCESS_BLUETOOTH = NO
               ENABLE_RESOURCE_ACCESS_CALENDARS = NO
               ENABLE_RESOURCE_ACCESS_CAMERA = NO
               ENABLE_RESOURCE_ACCESS_CONTACTS = NO
               ENABLE_RESOURCE_ACCESS_LOCATION = NO
               ENABLE_RESOURCE_ACCESS_PHOTO_LIBRARY = NO
               ENABLE_RESOURCE_ACCESS_PRINTING = NO
               ENABLE_RESOURCE_ACCESS_USB = NO
               ENABLE_SDK_IMPORTS = NO
               ENABLE_SECURITY_COMPILER_WARNINGS = NO
               ENABLE_STRICT_OBJC_MSGSEND = YES
               ENABLE_TESTABILITY = NO
               ENABLE_TESTING_SEARCH_PATHS = NO
               ENABLE_USER_SCRIPT_SANDBOXING = NO
               ENFORCE_VALID_ARCHS = YES
               ENTITLEMENTS_DESTINATION = __entitlements
               ENTITLEMENTS_REQUIRED = NO
               EXCLUDED_INSTALLSRC_SUBDIRECTORY_PATTERNS = .DS_Store .svn .git .hg CVS
               EXCLUDED_RECURSIVE_SEARCH_PATH_SUBDIRECTORIES = *.nib *.lproj *.framework *.gch *.xcode* *.xcassets *.icon (*) .DS_Store CVS .svn .git .hg *.pbproj *.pbxproj
               EXECUTABLES_FOLDER_PATH = AppAuthCore_Privacy.bundle/Executables
               EXECUTABLE_FOLDER_PATH = AppAuthCore_Privacy.bundle
               EXECUTABLE_FOLDER_PATH_SHALLOW_BUNDLE_NO = AppAuthCore_Privacy.bundle/MacOS
               EXECUTABLE_FOLDER_PATH_SHALLOW_BUNDLE_YES = AppAuthCore_Privacy.bundle
               EXECUTABLE_NAME = AppAuthCore_Privacy
               EXECUTABLE_PATH = AppAuthCore_Privacy.bundle/AppAuthCore_Privacy
               EXPANDED_CODE_SIGN_IDENTITY = -
               EXTENSIONS_FOLDER_PATH = AppAuthCore_Privacy.bundle/Extensions
               FILE_LIST = /Users/gregoriomorelli/Documents/vibra/build/ios/Pods.build/Release-iphonesimulator/AppAuth-AppAuthCore_Privacy.build/Objects/LinkFileList
               FIXED_FILES_DIR = /Users/gregoriomorelli/Documents/vibra/build/ios/Pods.build/Release-iphonesimulator/AppAuth-AppAuthCore_Privacy.build/FixedFiles
               FRAMEWORKS_FOLDER_PATH = AppAuthCore_Privacy.bundle/Frameworks
               FRAMEWORK_FLAG_PREFIX = -framework
               FRAMEWORK_SEARCH_PATHS = /Users/gregoriomorelli/Documents/vibra/build/ios/Release-iphonesimulator/AppAuth 
               FRAMEWORK_VERSION = A
               FULL_PRODUCT_NAME = AppAuthCore_Privacy.bundle
               FUSE_BUILD_PHASES = YES
               FUSE_BUILD_SCRIPT_PHASES = NO
               GCC3_VERSION = 3.3
               GCC_C_LANGUAGE_STANDARD = gnu11
               GCC_INLINES_ARE_PRIVATE_EXTERN = YES
               GCC_NO_COMMON_BLOCKS = YES
               GCC_OBJC_LEGACY_DISPATCH = YES
               GCC_PFE_FILE_C_DIALECTS = c objective-c c++ objective-c++
               GCC_PREPROCESSOR_DEFINITIONS = POD_CONFIGURATION_RELEASE=1  COCOAPODS=1
               GCC_TREAT_WARNINGS_AS_ERRORS = NO
               GCC_VERSION = com.apple.compilers.llvm.clang.1_0
               GCC_VERSION_IDENTIFIER = com_apple_compilers_llvm_clang_1_0
               GCC_WARN_64_TO_32_BIT_CONVERSION = YES
               GCC_WARN_ABOUT_RETURN_TYPE = YES_ERROR
               GCC_WARN_UNDECLARED_SELECTOR = YES
               GCC_WARN_UNINITIALIZED_AUTOS = YES_AGGRESSIVE
               GCC_WARN_UNUSED_FUNCTION = YES
               GCC_WARN_UNUSED_VARIABLE = YES
               GENERATED_MODULEMAP_DIR = /Users/gregoriomorelli/Documents/vibra/build/ios/GeneratedModuleMaps-iphonesimulator
               GENERATE_INFOPLIST_FILE = NO
               GENERATE_INTERMEDIATE_TEXT_BASED_STUBS = YES
               GENERATE_PKGINFO_FILE = NO
               GENERATE_PRELINK_OBJECT_FILE = NO
               GENERATE_PROFILING_CODE = NO
               GENERATE_TEXT_BASED_STUBS = NO
               GID = 20
               GROUP = staff
               HEADERMAP_INCLUDES_FLAT_ENTRIES_FOR_TARGET_BEING_BUILT = YES
               HEADERMAP_INCLUDES_FRAMEWORK_ENTRIES_FOR_ALL_PRODUCT_TYPES = YES
               HEADERMAP_INCLUDES_FRAMEWORK_ENTRIES_FOR_TARGETS_NOT_BEING_BUILT = YES
               HEADERMAP_INCLUDES_NONPUBLIC_NONPRIVATE_HEADERS = YES
               HEADERMAP_INCLUDES_PROJECT_HEADERS = YES
               HEADERMAP_USES_FRAMEWORK_PREFIX_ENTRIES = YES
               HEADERMAP_USES_VFS = YES
               HEADER_SEARCH_PATHS = /Users/gregoriomorelli/Documents/vibra/build/ios/Release-iphonesimulator/AppAuth/include 
               HOME = /Users/gregoriomorelli
               HOST_ARCH = arm64
               HOST_PLATFORM = macosx
               IBSC_MODULE = AppAuth
               ICONV = /usr/bin/iconv
               IMPLICIT_DEPENDENCY_DOMAIN = default
               INDEX_STORE_COMPRESS = NO
               INDEX_STORE_ONLY_PROJECT_FILES = NO
               INFOPLIST_ENABLE_CFBUNDLEICONS_MERGE = YES
               INFOPLIST_EXPAND_BUILD_SETTINGS = YES
               INFOPLIST_FILE = Target Support Files/AppAuth/ResourceBundle-AppAuthCore_Privacy-AppAuth-Info.plist
               INFOPLIST_OUTPUT_FORMAT = binary
               INFOPLIST_PATH = AppAuthCore_Privacy.bundle/Info.plist
               INFOPLIST_PREPROCESS = NO
               INFOSTRINGS_PATH = AppAuthCore_Privacy.bundle/en.lproj/InfoPlist.strings
               INLINE_PRIVATE_FRAMEWORKS = NO
               INSTALLAPI_IGNORE_SKIP_INSTALL = YES
               INSTALLHDRS_COPY_PHASE = NO
               INSTALLHDRS_SCRIPT_PHASE = NO
               INSTALL_DIR = /tmp/Pods.dst
               INSTALL_GROUP = staff
               INSTALL_MODE_FLAG = u+w,go-w,a+rX
               INSTALL_OWNER = gregoriomorelli
               INSTALL_ROOT = /tmp/Pods.dst
               IPHONEOS_DEPLOYMENT_TARGET = 12.0
               IS_UNOPTIMIZED_BUILD = NO
               JAVAC_DEFAULT_FLAGS = -J-Xms64m -J-XX:NewSize=4M -J-Dfile.encoding=UTF8
               JAVA_APP_STUB = /System/Library/Frameworks/JavaVM.framework/Resources/MacOS/JavaApplicationStub
               JAVA_ARCHIVE_CLASSES = YES
               JAVA_ARCHIVE_TYPE = JAR
               JAVA_COMPILER = /usr/bin/javac
               JAVA_FOLDER_PATH = AppAuthCore_Privacy.bundle/Java
               JAVA_FRAMEWORK_RESOURCES_DIRS = Resources
               JAVA_JAR_FLAGS = cv
               JAVA_SOURCE_SUBDIR = .
               JAVA_USE_DEPENDENCIES = YES
               JAVA_ZIP_FLAGS = -urg
               JIKES_DEFAULT_FLAGS = +E +OLDCSO
               KEEP_PRIVATE_EXTERNS = NO
               LD_DEPENDENCY_INFO_FILE = /Users/gregoriomorelli/Documents/vibra/build/ios/Pods.build/Release-iphonesimulator/AppAuth-AppAuthCore_Privacy.build/Objects-normal/undefined_arch/AppAuthCore_Privacy_dependency_info.dat
               LD_EXPORT_SYMBOLS = YES
               LD_GENERATE_MAP_FILE = NO
               LD_MAP_FILE_PATH = /Users/gregoriomorelli/Documents/vibra/build/ios/Pods.build/Release-iphonesimulator/AppAuth-AppAuthCore_Privacy.build/AppAuthCore_Privacy-LinkMap-normal-undefined_arch.txt
               LD_NO_PIE = NO
               LD_QUOTE_LINKER_ARGUMENTS_FOR_COMPILER_DRIVER = YES
               LD_SHARED_CACHE_ELIGIBLE = Automatic
               LD_WARN_DUPLICATE_LIBRARIES = NO
               LD_WARN_UNUSED_DYLIBS = NO
               LEGACY_DEVELOPER_DIR = /Applications/Xcode.app/Contents/PlugIns/Xcode3Core.ideplugin/Contents/SharedSupport/Developer
               LEX = lex
               LIBRARY_DEXT_INSTALL_PATH = /Library/DriverExtensions
               LIBRARY_FLAG_NOSPACE = YES
               LIBRARY_FLAG_PREFIX = -l
               LIBRARY_KEXT_INSTALL_PATH = /Library/Extensions
               LIBRARY_SEARCH_PATHS = /Users/gregoriomorelli/Documents/vibra/build/ios/Release-iphonesimulator/AppAuth 
               LINKER_DISPLAYS_MANGLED_NAMES = NO
               LINK_FILE_LIST_normal_arm64 = /Users/gregoriomorelli/Documents/vibra/build/ios/Pods.build/Release-iphonesimulator/AppAuth-AppAuthCore_Privacy.build/Objects-normal/arm64/AppAuthCore_Privacy.LinkFileList
               LINK_FILE_LIST_normal_x86_64 = /Users/gregoriomorelli/Documents/vibra/build/ios/Pods.build/Release-iphonesimulator/AppAuth-AppAuthCore_Privacy.build/Objects-normal/x86_64/AppAuthCore_Privacy.LinkFileList
               LINK_OBJC_RUNTIME = YES
               LINK_WITH_STANDARD_LIBRARIES = YES
               LLVM_TARGET_TRIPLE_OS_VERSION = ios12.0
               LLVM_TARGET_TRIPLE_SUFFIX = -simulator
               LLVM_TARGET_TRIPLE_VENDOR = apple
               LM_AUX_CONST_METADATA_LIST_PATH_normal_arm64 = /Users/gregoriomorelli/Documents/vibra/build/ios/Pods.build/Release-iphonesimulator/AppAuth-AppAuthCore_Privacy.build/Objects-normal/arm64/AppAuthCore_Privacy.SwiftConstValuesFileList
               LM_AUX_CONST_METADATA_LIST_PATH_normal_x86_64 = /Users/gregoriomorelli/Documents/vibra/build/ios/Pods.build/Release-iphonesimulator/AppAuth-AppAuthCore_Privacy.build/Objects-normal/x86_64/AppAuthCore_Privacy.SwiftConstValuesFileList
               LOCALIZATION_EXPORT_SUPPORTED = YES
               LOCALIZATION_PREFERS_STRING_CATALOGS = NO
               LOCALIZED_RESOURCES_FOLDER_PATH = AppAuthCore_Privacy.bundle/en.lproj
               LOCALIZED_STRING_CODE_COMMENTS = NO
               LOCALIZED_STRING_MACRO_NAMES = NSLocalizedString CFCopyLocalizedString
               LOCALIZED_STRING_SWIFTUI_SUPPORT = YES
               LOCAL_ADMIN_APPS_DIR = /Applications/Utilities
               LOCAL_APPS_DIR = /Applications
               LOCAL_DEVELOPER_DIR = /Library/Developer
               LOCAL_LIBRARY_DIR = /Library
               LOCROOT = /Users/gregoriomorelli/Documents/vibra/ios/Pods
               LOCSYMROOT = /Users/gregoriomorelli/Documents/vibra/ios/Pods
               MACH_O_TYPE = mh_bundle
               MACOSX_DEPLOYMENT_TARGET = 26.5
               MAC_OS_X_PRODUCT_BUILD_VERSION = 25F84
               MAC_OS_X_VERSION_ACTUAL = 260502
               MAC_OS_X_VERSION_MAJOR = 260000
               MAC_OS_X_VERSION_MINOR = 260500
               MAKE_MERGEABLE = NO
               MERGEABLE_LIBRARY = NO
               MERGED_BINARY_TYPE = none
               MERGE_LINKED_LIBRARIES = NO
               METAL_LIBRARY_FILE_BASE = default
               METAL_LIBRARY_OUTPUT_DIR = /Users/gregoriomorelli/Documents/vibra/build/ios/Release-iphonesimulator/AppAuth/AppAuthCore_Privacy.bundle
               MODULES_FOLDER_PATH = AppAuthCore_Privacy.bundle/Modules
               MTL_ENABLE_DEBUG_INFO = NO
               MTL_FAST_MATH = YES
               NATIVE_ARCH = arm64
               NATIVE_ARCH_32_BIT = arm
               NATIVE_ARCH_64_BIT = arm64
               NATIVE_ARCH_ACTUAL = arm64
               NO_COMMON = YES
               OBJC_ABI_VERSION = 2
               OBJECT_FILE_DIR = /Users/gregoriomorelli/Documents/vibra/build/ios/Pods.build/Release-iphonesimulator/AppAuth-AppAuthCore_Privacy.build/Objects
               OBJECT_FILE_DIR_normal = /Users/gregoriomorelli/Documents/vibra/build/ios/Pods.build/Release-iphonesimulator/AppAuth-AppAuthCore_Privacy.build/Objects-normal
               OBJROOT = /Users/gregoriomorelli/Documents/vibra/build/ios
               ONLY_ACTIVE_ARCH = NO
               OS = MACOS
               OSAC = /usr/bin/osacompile
               OTHER_LDFLAGS =  -framework "SafariServices" -weak_framework "AuthenticationServices"
               PACKAGE_TYPE = com.apple.package-type.wrapper
               PASCAL_STRINGS = YES
               PATH = /Applications/Xcode.app/Contents/SharedFrameworks/SwiftBuild.framework/Versions/A/PlugIns/SWBBuildService.bundle/Contents/PlugIns/SWBUniversalPlatformPlugin.bundle/Contents/Frameworks/SWBUniversalPlatform.framework/Resources:/Applications/Xcode.app/Contents/Developer/Toolchains/XcodeDefault.xctoolchain/usr/bin:/Applications/Xcode.app/Contents/Developer/Toolchains/XcodeDefault.xctoolchain/usr/local/bin:/Applications/Xcode.app/Contents/Developer/Toolchains/XcodeDefault.xctoolchain/usr/libexec:/Applications/Xcode.app/Contents/Developer/Platforms/iPhoneSimulator.platform/usr/bin:/Applications/Xcode.app/Contents/Developer/Platforms/iPhoneSimulator.platform/usr/local/bin:/Applications/Xcode.app/Contents/Developer/Platforms/iPhoneSimulator.platform/Developer/usr/bin:/Applications/Xcode.app/Contents/Developer/Platforms/iPhoneSimulator.platform/Developer/usr/local/bin:/Applications/Xcode.app/Contents/Developer/usr/bin:/Applications/Xcode.app/Contents/Developer/usr/local/bin:/Users/gregoriomorelli/.gemini/antigravity/bin:/Users/gregoriomorelli/Library/Application Support/Antigravity/bin:/opt/homebrew/bin:/opt/homebrew/sbin:/Library/Developer/CommandLineTools/usr/bin:/Users/gregoriomorelli/development/flutter/bin:/Users/gregoriomorelli/Library/Android/sdk/platform-tools:/Users/gregoriomorelli/Library/Android/sdk/cmdline-tools/latest/bin:/Users/gregoriomorelli/Library/Android/sdk/emulator:/Users/gregoriomorelli/.antigravity-ide/antigravity-ide/bin:/Users/gregoriomorelli/.antigravity/antigravity/bin:/Applications/XAMPP/xamppfiles/bin:/Users/gregoriomorelli/develop/flutter/bin:/usr/local/bin:/System/Cryptexes/App/usr/bin:/usr/bin:/bin:/usr/sbin:/sbin:/var/run/com.apple.security.cryptexd/codex.system/bootstrap/usr/local/bin:/var/run/com.apple.security.cryptexd/codex.system/bootstrap/usr/bin:/var/run/com.apple.security.cryptexd/codex.system/bootstrap/usr/appleinternal/bin:/pkg/env/global/bin:/Users/gregoriomorelli/.spicetify
               PATH_PREFIXES_EXCLUDED_FROM_HEADER_DEPENDENCIES = /usr/include /usr/local/include /System/Library/Frameworks /System/Library/PrivateFrameworks /Applications/Xcode.app/Contents/Developer/Headers /Applications/Xcode.app/Contents/Developer/SDKs /Applications/Xcode.app/Contents/Developer/Platforms
               PBDEVELOPMENTPLIST_PATH = AppAuthCore_Privacy.bundle/pbdevelopment.plist
               PER_ARCH_MODULE_FILE_DIR = /Users/gregoriomorelli/Documents/vibra/build/ios/Pods.build/Release-iphonesimulator/AppAuth-AppAuthCore_Privacy.build/Objects-normal/undefined_arch
               PER_ARCH_OBJECT_FILE_DIR = /Users/gregoriomorelli/Documents/vibra/build/ios/Pods.build/Release-iphonesimulator/AppAuth-AppAuthCore_Privacy.build/Objects-normal/undefined_arch
               PER_VARIANT_OBJECT_FILE_DIR = /Users/gregoriomorelli/Documents/vibra/build/ios/Pods.build/Release-iphonesimulator/AppAuth-AppAuthCore_Privacy.build/Objects-normal
               PKGINFO_FILE_PATH = /Users/gregoriomorelli/Documents/vibra/build/ios/Pods.build/Release-iphonesimulator/AppAuth-AppAuthCore_Privacy.build/PkgInfo
               PKGINFO_PATH = AppAuthCore_Privacy.bundle/PkgInfo
               PLATFORM_DEVELOPER_APPLICATIONS_DIR = /Applications/Xcode.app/Contents/Developer/Platforms/iPhoneSimulator.platform/Developer/Applications
               PLATFORM_DEVELOPER_BIN_DIR = /Applications/Xcode.app/Contents/Developer/Platforms/iPhoneSimulator.platform/Developer/usr/bin
               PLATFORM_DEVELOPER_LIBRARY_DIR = /Applications/Xcode.app/Contents/Developer/Platforms/iPhoneSimulator.platform/Developer/Library
               PLATFORM_DEVELOPER_SDK_DIR = /Applications/Xcode.app/Contents/Developer/Platforms/iPhoneSimulator.platform/Developer/SDKs
               PLATFORM_DEVELOPER_TOOLS_DIR = /Applications/Xcode.app/Contents/Developer/Platforms/iPhoneSimulator.platform/Developer/Tools
               PLATFORM_DEVELOPER_USR_DIR = /Applications/Xcode.app/Contents/Developer/Platforms/iPhoneSimulator.platform/Developer/usr
               PLATFORM_DIR = /Applications/Xcode.app/Contents/Developer/Platforms/iPhoneSimulator.platform
               PLATFORM_DISPLAY_NAME = iOS Simulator
               PLATFORM_FAMILY_NAME = iOS
               PLATFORM_NAME = iphonesimulator
               PLATFORM_PREFERRED_ARCH = x86_64
               PLATFORM_PRODUCT_BUILD_VERSION = 23F73
               PLATFORM_REQUIRES_SWIFT_AUTOLINK_EXTRACT = NO
               PLATFORM_REQUIRES_SWIFT_MODULEWRAP = NO
               PLATFORM_USES_DSYMS = YES
               PLIST_FILE_OUTPUT_FORMAT = binary
               PLUGINS_FOLDER_PATH = AppAuthCore_Privacy.bundle/PlugIns
               PODS_BUILD_DIR = /Users/gregoriomorelli/Documents/vibra/build/ios
               PODS_CONFIGURATION_BUILD_DIR = /Users/gregoriomorelli/Documents/vibra/build/ios/Release-iphonesimulator
               PODS_DEVELOPMENT_LANGUAGE = en
               PODS_ROOT = /Users/gregoriomorelli/Documents/vibra/ios/Pods
               PODS_TARGET_SRCROOT = /Users/gregoriomorelli/Documents/vibra/ios/Pods/AppAuth
               PODS_XCFRAMEWORKS_BUILD_DIR = /Users/gregoriomorelli/Documents/vibra/build/ios/Release-iphonesimulator/XCFrameworkIntermediates
               PRECOMPS_INCLUDE_HEADERS_FROM_BUILT_PRODUCTS_DIR = YES
               PRECOMP_DESTINATION_DIR = /Users/gregoriomorelli/Documents/vibra/build/ios/Pods.build/Release-iphonesimulator/AppAuth-AppAuthCore_Privacy.build/PrefixHeaders
               PRIVATE_HEADERS_FOLDER_PATH = AppAuthCore_Privacy.bundle/PrivateHeaders
               PROCESSED_INFOPLIST_PATH = /Users/gregoriomorelli/Documents/vibra/build/ios/Pods.build/Release-iphonesimulator/AppAuth-AppAuthCore_Privacy.build/Objects-normal/undefined_arch/Processed-Info.plist
               PRODUCT_BUNDLE_IDENTIFIER = org.cocoapods.AppAuthCore-Privacy
               PRODUCT_BUNDLE_PACKAGE_TYPE = BNDL
               PRODUCT_MODULE_NAME = AppAuthCore_Privacy
               PRODUCT_NAME = AppAuthCore_Privacy
               PRODUCT_SETTINGS_PATH = /Users/gregoriomorelli/Documents/vibra/ios/Pods/Target Support Files/AppAuth/ResourceBundle-AppAuthCore_Privacy-AppAuth-Info.plist
               PRODUCT_TYPE = com.apple.product-type.bundle
               PROFILING_CODE = NO
               PROJECT = Pods
               PROJECT_DERIVED_FILE_DIR = /Users/gregoriomorelli/Documents/vibra/build/ios/Pods.build/DerivedSources
               PROJECT_DIR = /Users/gregoriomorelli/Documents/vibra/ios/Pods
               PROJECT_FILE_PATH = /Users/gregoriomorelli/Documents/vibra/ios/Pods/Pods.xcodeproj
               PROJECT_GUID = bfdfe7dc352907fc980b868725387e98
               PROJECT_NAME = Pods
               PROJECT_TEMP_DIR = /Users/gregoriomorelli/Documents/vibra/build/ios/Pods.build
               PROJECT_TEMP_ROOT = /Users/gregoriomorelli/Documents/vibra/build/ios
               PUBLIC_HEADERS_FOLDER_PATH = AppAuthCore_Privacy.bundle/Headers
               RECOMMENDED_IPHONEOS_DEPLOYMENT_TARGET = 15.0
               RECURSIVE_SEARCH_PATHS_FOLLOW_SYMLINKS = YES
               REMOVE_CVS_FROM_RESOURCES = YES
               REMOVE_GIT_FROM_RESOURCES = YES
               REMOVE_HEADERS_FROM_EMBEDDED_BUNDLES = YES
               REMOVE_HG_FROM_RESOURCES = YES
               REMOVE_STATIC_EXECUTABLES_FROM_EMBEDDED_BUNDLES = YES
               REMOVE_SVN_FROM_RESOURCES = YES
               RESCHEDULE_INDEPENDENT_HEADERS_PHASES = YES
               REZ_COLLECTOR_DIR = /Users/gregoriomorelli/Documents/vibra/build/ios/Pods.build/Release-iphonesimulator/AppAuth-AppAuthCore_Privacy.build/ResourceManagerResources
               REZ_OBJECTS_DIR = /Users/gregoriomorelli/Documents/vibra/build/ios/Pods.build/Release-iphonesimulator/AppAuth-AppAuthCore_Privacy.build/ResourceManagerResources/Objects
               REZ_SEARCH_PATHS = /Users/gregoriomorelli/Documents/vibra/build/ios/Release-iphonesimulator/AppAuth 
               RPATH_ORIGIN = @loader_path
               RUNTIME_EXCEPTION_ALLOW_DYLD_ENVIRONMENT_VARIABLES = NO
               RUNTIME_EXCEPTION_ALLOW_JIT = NO
               RUNTIME_EXCEPTION_ALLOW_UNSIGNED_EXECUTABLE_MEMORY = NO
               RUNTIME_EXCEPTION_DEBUGGING_TOOL = NO
               RUNTIME_EXCEPTION_DISABLE_EXECUTABLE_PAGE_PROTECTION = NO
               RUNTIME_EXCEPTION_DISABLE_LIBRARY_VALIDATION = NO
               SCANNING_PCM_KEEP_CACHE_DIRECTORY = YES
               SCAN_ALL_SOURCE_FILES_FOR_INCLUDES = NO
               SCRIPTS_FOLDER_PATH = AppAuthCore_Privacy.bundle/Scripts
               SDKROOT = /Applications/Xcode.app/Contents/Developer/Platforms/iPhoneSimulator.platform/Developer/SDKs/iPhoneSimulator26.5.sdk
               SDK_DIR = /Applications/Xcode.app/Contents/Developer/Platforms/iPhoneSimulator.platform/Developer/SDKs/iPhoneSimulator26.5.sdk
               SDK_DIR_iphonesimulator = /Applications/Xcode.app/Contents/Developer/Platforms/iPhoneSimulator.platform/Developer/SDKs/iPhoneSimulator26.5.sdk
               SDK_DIR_iphonesimulator26_5 = /Applications/Xcode.app/Contents/Developer/Platforms/iPhoneSimulator.platform/Developer/SDKs/iPhoneSimulator26.5.sdk
               SDK_NAME = iphonesimulator26.5
               SDK_NAMES = iphonesimulator26.5
               SDK_PRODUCT_BUILD_VERSION = 23F73
               SDK_STAT_CACHE_DIR = /var/folders/pg/x6t89f2n7s7299rcw8hv33180000gn/C/com.apple.DeveloperTools/26.5-17F42/Xcode
               SDK_STAT_CACHE_ENABLE = YES
               SDK_STAT_CACHE_PATH = /var/folders/pg/x6t89f2n7s7299rcw8hv33180000gn/C/com.apple.DeveloperTools/26.5-17F42/Xcode/SDKStatCaches.noindex/iphonesimulator26.5-23F73-6cfe768891a92b912361537c460fe42b.sdkstatcache
               SDK_VERSION = 26.5
               SDK_VERSION_ACTUAL = 260500
               SDK_VERSION_MAJOR = 260000
               SDK_VERSION_MINOR = 260500
               SED = /usr/bin/sed
               SEPARATE_STRIP = NO
               SEPARATE_SYMBOL_EDIT = NO
               SET_DIR_MODE_OWNER_GROUP = YES
               SET_FILE_MODE_OWNER_GROUP = NO
               SHALLOW_BUNDLE = YES
               SHALLOW_BUNDLE_TRIPLE = ios-simulator
               SHALLOW_BUNDLE_ios_macabi = NO
               SHALLOW_BUNDLE_macos = NO
               SHARED_DERIVED_FILE_DIR = /Users/gregoriomorelli/Documents/vibra/build/ios/Release-iphonesimulator/AppAuth/DerivedSources
               SHARED_FRAMEWORKS_FOLDER_PATH = AppAuthCore_Privacy.bundle/SharedFrameworks
               SHARED_PRECOMPS_DIR = /Users/gregoriomorelli/Documents/vibra/build/ios/SharedPrecompiledHeaders
               SHARED_SUPPORT_FOLDER_PATH = AppAuthCore_Privacy.bundle/SharedSupport
               SKIP_INSTALL = YES
               SKIP_MERGEABLE_LIBRARY_BUNDLE_HOOK = NO
               SOURCE_ROOT = /Users/gregoriomorelli/Documents/vibra/ios/Pods
               SRCROOT = /Users/gregoriomorelli/Documents/vibra/ios/Pods
               STRINGSDATA_DIR = /Users/gregoriomorelli/Documents/vibra/build/ios/Pods.build/Release-iphonesimulator/AppAuth-AppAuthCore_Privacy.build/Objects-normal/undefined_arch
               STRINGSDATA_ROOT = /Users/gregoriomorelli/Documents/vibra/build/ios/Pods.build/Release-iphonesimulator/AppAuth-AppAuthCore_Privacy.build
               STRINGS_FILE_INFOPLIST_RENAME = YES
               STRINGS_FILE_OUTPUT_ENCODING = binary
               STRING_CATALOG_GENERATE_SYMBOLS = NO
               STRIP_BITCODE_FROM_COPIED_FILES = NO
               STRIP_INSTALLED_PRODUCT = NO
               STRIP_STYLE = non-global
               STRIP_SWIFT_SYMBOLS = YES
               SUPPORTED_DEVICE_FAMILIES = 1,2
               SUPPORTED_PLATFORMS = iphoneos iphonesimulator
               SUPPORTS_TEXT_BASED_API = NO
               SUPPRESS_WARNINGS = NO
               SWIFT_COMPILATION_MODE = wholemodule
               SWIFT_EMIT_CONST_VALUE_PROTOCOLS = AnyResolverProviding AppEntity AppEnum AppExtension AppIntent AppIntentsPackage AppShortcutProviding AppShortcutsProvider AppUnionValue AppUnionValueCasesProviding DynamicOptionsProvider EntityQuery ExtensionPointDefining IntentValueQuery Resolver TransientEntity _AssistantIntentsProvider _GenerativeFunctionExtractable _IntentValueRepresentable
               SWIFT_EMIT_LOC_STRINGS = NO
               SWIFT_ENABLE_EXPLICIT_MODULES = YES
               SWIFT_OPTIMIZATION_LEVEL = -O
               SWIFT_PLATFORM_TARGET_PREFIX = ios
               SWIFT_RESPONSE_FILE_PATH_normal_arm64 = /Users/gregoriomorelli/Documents/vibra/build/ios/Pods.build/Release-iphonesimulator/AppAuth-AppAuthCore_Privacy.build/Objects-normal/arm64/AppAuthCore_Privacy.SwiftFileList
               SWIFT_RESPONSE_FILE_PATH_normal_x86_64 = /Users/gregoriomorelli/Documents/vibra/build/ios/Pods.build/Release-iphonesimulator/AppAuth-AppAuthCore_Privacy.build/Objects-normal/x86_64/AppAuthCore_Privacy.SwiftFileList
               SWIFT_VERSION = 5.0
               SYMROOT = /Users/gregoriomorelli/Documents/vibra/ios/build
               SYSTEM_ADMIN_APPS_DIR = /Applications/Utilities
               SYSTEM_APPS_DIR = /Applications
               SYSTEM_CORE_SERVICES_DIR = /System/Library/CoreServices
               SYSTEM_DEMOS_DIR = /Applications/Extras
               SYSTEM_DEVELOPER_APPS_DIR = /Applications/Xcode.app/Contents/Developer/Applications
               SYSTEM_DEVELOPER_BIN_DIR = /Applications/Xcode.app/Contents/Developer/usr/bin
               SYSTEM_DEVELOPER_DEMOS_DIR = /Applications/Xcode.app/Contents/Developer/Applications/Utilities/Built Examples
               SYSTEM_DEVELOPER_DIR = /Applications/Xcode.app/Contents/Developer
               SYSTEM_DEVELOPER_DOC_DIR = /Applications/Xcode.app/Contents/Developer/ADC Reference Library
               SYSTEM_DEVELOPER_GRAPHICS_TOOLS_DIR = /Applications/Xcode.app/Contents/Developer/Applications/Graphics Tools
               SYSTEM_DEVELOPER_JAVA_TOOLS_DIR = /Applications/Xcode.app/Contents/Developer/Applications/Java Tools
               SYSTEM_DEVELOPER_PERFORMANCE_TOOLS_DIR = /Applications/Xcode.app/Contents/Developer/Applications/Performance Tools
               SYSTEM_DEVELOPER_RELEASENOTES_DIR = /Applications/Xcode.app/Contents/Developer/ADC Reference Library/releasenotes
               SYSTEM_DEVELOPER_TOOLS = /Applications/Xcode.app/Contents/Developer/Tools
               SYSTEM_DEVELOPER_TOOLS_DOC_DIR = /Applications/Xcode.app/Contents/Developer/ADC Reference Library/documentation/DeveloperTools
               SYSTEM_DEVELOPER_TOOLS_RELEASENOTES_DIR = /Applications/Xcode.app/Contents/Developer/ADC Reference Library/releasenotes/DeveloperTools
               SYSTEM_DEVELOPER_USR_DIR = /Applications/Xcode.app/Contents/Developer/usr
               SYSTEM_DEVELOPER_UTILITIES_DIR = /Applications/Xcode.app/Contents/Developer/Applications/Utilities
               SYSTEM_DEXT_INSTALL_PATH = /System/Library/DriverExtensions
               SYSTEM_DOCUMENTATION_DIR = /Library/Documentation
               SYSTEM_EXTENSIONS_FOLDER_PATH = AppAuthCore_Privacy.bundle/SystemExtensions
               SYSTEM_EXTENSIONS_FOLDER_PATH_SHALLOW_BUNDLE_NO = AppAuthCore_Privacy.bundle/Library/SystemExtensions
               SYSTEM_EXTENSIONS_FOLDER_PATH_SHALLOW_BUNDLE_YES = AppAuthCore_Privacy.bundle/SystemExtensions
               SYSTEM_KEXT_INSTALL_PATH = /System/Library/Extensions
               SYSTEM_LIBRARY_DIR = /System/Library
               TAPI_DEMANGLE = YES
               TAPI_ENABLE_PROJECT_HEADERS = NO
               TAPI_LANGUAGE = objective-c
               TAPI_LANGUAGE_STANDARD = compiler-default
               TAPI_USE_SRCROOT = YES
               TAPI_VERIFY_MODE = Pedantic
               TARGETED_DEVICE_FAMILY = 1,2
               TARGETNAME = AppAuth-AppAuthCore_Privacy
               TARGET_BUILD_DIR = /Users/gregoriomorelli/Documents/vibra/build/ios/Release-iphonesimulator/AppAuth
               TARGET_NAME = AppAuth-AppAuthCore_Privacy
               TARGET_TEMP_DIR = /Users/gregoriomorelli/Documents/vibra/build/ios/Pods.build/Release-iphonesimulator/AppAuth-AppAuthCore_Privacy.build
               TEMP_DIR = /Users/gregoriomorelli/Documents/vibra/build/ios/Pods.build/Release-iphonesimulator/AppAuth-AppAuthCore_Privacy.build
               TEMP_FILES_DIR = /Users/gregoriomorelli/Documents/vibra/build/ios/Pods.build/Release-iphonesimulator/AppAuth-AppAuthCore_Privacy.build
               TEMP_FILE_DIR = /Users/gregoriomorelli/Documents/vibra/build/ios/Pods.build/Release-iphonesimulator/AppAuth-AppAuthCore_Privacy.build
               TEMP_ROOT = /Users/gregoriomorelli/Documents/vibra/build/ios
               TEMP_SANDBOX_DIR = /Users/gregoriomorelli/Documents/vibra/build/ios/TemporaryTaskSandboxes
               TEST_FRAMEWORK_SEARCH_PATHS =  /Applications/Xcode.app/Contents/Developer/Platforms/iPhoneSimulator.platform/Developer/Library/Frameworks /Applications/Xcode.app/Contents/Developer/Platforms/iPhoneSimulator.platform/Developer/SDKs/iPhoneSimulator26.5.sdk/Developer/Library/Frameworks
               TEST_LIBRARY_SEARCH_PATHS =  /Applications/Xcode.app/Contents/Developer/Platforms/iPhoneSimulator.platform/Developer/usr/lib
               TOOLCHAINS = com.apple.dt.toolchain.XcodeDefault
               TOOLCHAIN_DIR = /Applications/Xcode.app/Contents/Developer/Toolchains/XcodeDefault.xctoolchain
               TREAT_MISSING_BASELINES_AS_TEST_FAILURES = NO
               TREAT_MISSING_SCRIPT_PHASE_OUTPUTS_AS_ERRORS = NO
               TVOS_DEPLOYMENT_TARGET = 26.5
               UID = 501
               UNINSTALLED_PRODUCTS_DIR = /Users/gregoriomorelli/Documents/vibra/build/ios/UninstalledProducts
               UNLOCALIZED_RESOURCES_FOLDER_PATH = AppAuthCore_Privacy.bundle
               UNLOCALIZED_RESOURCES_FOLDER_PATH_SHALLOW_BUNDLE_NO = AppAuthCore_Privacy.bundle/Resources
               UNLOCALIZED_RESOURCES_FOLDER_PATH_SHALLOW_BUNDLE_YES = AppAuthCore_Privacy.bundle
               UNSTRIPPED_PRODUCT = NO
               USER = gregoriomorelli
               USER_APPS_DIR = /Users/gregoriomorelli/Applications
               USER_LIBRARY_DIR = /Users/gregoriomorelli/Library
               USE_DYNAMIC_NO_PIC = YES
               USE_HEADERMAP = YES
               USE_HEADER_SYMLINKS = NO
               USE_RECURSIVE_SCRIPT_INPUTS_IN_SCRIPT_PHASES = YES
               VALIDATE_DEVELOPMENT_ASSET_PATHS = YES_ERROR
               VALIDATE_PRODUCT = NO
               VALID_ARCHS = arm64 x86_64
               VERBOSE_PBXCP = NO
               VERSIONPLIST_PATH = AppAuthCore_Privacy.bundle/version.plist
               VERSION_INFO_BUILDER = gregoriomorelli
               VERSION_INFO_FILE = AppAuthCore_Privacy_vers.c
               VERSION_INFO_STRING = "@(#)PROGRAM:AppAuthCore_Privacy  PROJECT:Pods-"
               WATCHOS_DEPLOYMENT_TARGET = 26.5
               WORKSPACE_DIR = /Users/gregoriomorelli/Documents/vibra/ios/Pods/Pods.xcodeproj
               WRAPPER_EXTENSION = bundle
               WRAPPER_NAME = AppAuthCore_Privacy.bundle
               WRAPPER_SUFFIX = .bundle
               WRAP_ASSET_PACKS_IN_SEPARATE_DIRECTORIES = NO
               XCODE_APP_SUPPORT_DIR = /Applications/Xcode.app/Contents/Developer/Library/Xcode
               XCODE_PRODUCT_BUILD_VERSION = 17F42
               XCODE_VERSION_ACTUAL = 2650
               XCODE_VERSION_MAJOR = 2600
               XCODE_VERSION_MINOR = 2650
               XPCSERVICES_FOLDER_PATH = AppAuthCore_Privacy.bundle/XPCServices
               XROS_DEPLOYMENT_TARGET = 26.5
               YACC = yacc
               _DISCOVER_COMMAND_LINE_LINKER_INPUTS = YES
               _DISCOVER_COMMAND_LINE_LINKER_INPUTS_INCLUDE_WL = YES
               _LD_MULTIARCH = YES
               _WRAPPER_CONTENTS_DIR_SHALLOW_BUNDLE_NO = /Contents
               _WRAPPER_PARENT_PATH_SHALLOW_BUNDLE_NO = /..
               _WRAPPER_RESOURCES_DIR_SHALLOW_BUNDLE_NO = /Resources
               __DIAGNOSE_DEPRECATED_ARCHS = YES
               __ORIGINAL_SDK_DEFINED_LLVM_TARGET_TRIPLE_SYS = ios
               arch = undefined_arch
               variant = normal

           Build settings for action build and target connectivity_plus:
               ACTION = build
               AD_HOC_CODE_SIGNING_ALLOWED = YES
               ALLOW_BUILD_REQUEST_OVERRIDES = NO
               ALLOW_TARGET_PLATFORM_SPECIALIZATION = NO
               ALTERNATE_GROUP = staff
               ALTERNATE_MODE = u+w,go-w,a+rX
               ALTERNATE_OWNER = gregoriomorelli
               ALTERNATIVE_DISTRIBUTION_WEB = NO
               ALWAYS_EMBED_SWIFT_STANDARD_LIBRARIES = NO
               ALWAYS_SEARCH_USER_PATHS = NO
               ALWAYS_USE_SEPARATE_HEADERMAPS = NO
               APPLICATION_EXTENSION_API_ONLY = NO
               APPLY_RULES_IN_COPY_FILES = NO
               APPLY_RULES_IN_COPY_HEADERS = NO
               APP_SHORTCUTS_ENABLE_FLEXIBLE_MATCHING = YES
               ARCHS = arm64 x86_64
               ARCHS_BASE = arm64 x86_64
               ARCHS_STANDARD = arm64 x86_64
               ARCHS_STANDARD_32_64_BIT = arm64 x86_64
               ARCHS_STANDARD_64_BIT = arm64 x86_64
               ARCHS_STANDARD_INCLUDING_64_BIT = arm64 x86_64
               ARCHS_UNIVERSAL_IPHONE_OS = arm64 x86_64
               AUTOMATICALLY_MERGE_DEPENDENCIES = NO
               AUTOMATION_APPLE_EVENTS = NO
               AVAILABLE_PLATFORMS = android appletvos appletvsimulator driverkit freebsd iphoneos iphonesimulator linux macosx none openbsd qnx watchos watchsimulator webassembly xros xrsimulator
               BUILD_ACTIVE_RESOURCES_ONLY = NO
               BUILD_COMPONENTS = headers build
               BUILD_DIR = /Users/gregoriomorelli/Documents/vibra/build/ios
               BUILD_LIBRARY_FOR_DISTRIBUTION = NO
               BUILD_ONLY_KNOWN_LOCALIZATIONS = NO
               BUILD_ROOT = /Users/gregoriomorelli/Documents/vibra/ios/build
               BUILD_STYLE = 
               BUILD_VARIANTS = normal
               BUILT_PRODUCTS_DIR = /Users/gregoriomorelli/Documents/vibra/build/ios/Release-iphonesimulator/connectivity_plus
               BUNDLE_CONTENTS_FOLDER_PATH_deep = Contents/
               BUNDLE_EXECUTABLE_FOLDER_NAME_deep = MacOS
               BUNDLE_EXTENSIONS_FOLDER_PATH = Extensions
               BUNDLE_FORMAT = shallow
               BUNDLE_FRAMEWORKS_FOLDER_PATH = Frameworks
               BUNDLE_PLUGINS_FOLDER_PATH = PlugIns
               BUNDLE_PRIVATE_HEADERS_FOLDER_PATH = PrivateHeaders
               BUNDLE_PUBLIC_HEADERS_FOLDER_PATH = Headers
               CACHE_ROOT = /var/folders/pg/x6t89f2n7s7299rcw8hv33180000gn/C/com.apple.DeveloperTools/26.5-17F42/Xcode
               CCHROOT = /var/folders/pg/x6t89f2n7s7299rcw8hv33180000gn/C/com.apple.DeveloperTools/26.5-17F42/Xcode
               CHMOD = /bin/chmod
               CHOWN = chown
               CLANG_ANALYZER_LOCALIZABILITY_NONLOCALIZED = YES
               CLANG_ANALYZER_NONNULL = YES
               CLANG_ANALYZER_NUMBER_OBJECT_CONVERSION = YES_AGGRESSIVE
               CLANG_CACHE_FINE_GRAINED_OUTPUTS = YES
               CLANG_CXX_LANGUAGE_STANDARD = gnu++14
               CLANG_CXX_LIBRARY = libc++
               CLANG_ENABLE_EXPLICIT_MODULES = YES
               CLANG_ENABLE_MODULES = YES
               CLANG_ENABLE_OBJC_ARC = YES
               CLANG_ENABLE_OBJC_WEAK = NO
               CLANG_MODULES_BUILD_SESSION_FILE = /var/folders/pg/x6t89f2n7s7299rcw8hv33180000gn/C/org.llvm.clang/ModuleCache.noindex/Session.modulevalidation
               CLANG_WARN_BLOCK_CAPTURE_AUTORELEASING = YES
               CLANG_WARN_BOOL_CONVERSION = YES
               CLANG_WARN_COMMA = YES
               CLANG_WARN_CONSTANT_CONVERSION = YES
               CLANG_WARN_DEPRECATED_OBJC_IMPLEMENTATIONS = YES
               CLANG_WARN_DIRECT_OBJC_ISA_USAGE = YES_ERROR
               CLANG_WARN_DOCUMENTATION_COMMENTS = YES
               CLANG_WARN_EMPTY_BODY = YES
               CLANG_WARN_ENUM_CONVERSION = YES
               CLANG_WARN_INFINITE_RECURSION = YES
               CLANG_WARN_INT_CONVERSION = YES
               CLANG_WARN_NON_LITERAL_NULL_CONVERSION = YES
               CLANG_WARN_OBJC_IMPLICIT_RETAIN_SELF = YES
               CLANG_WARN_OBJC_LITERAL_CONVERSION = YES
               CLANG_WARN_OBJC_ROOT_CLASS = YES_ERROR
               CLANG_WARN_QUOTED_INCLUDE_IN_FRAMEWORK_HEADER = NO
               CLANG_WARN_RANGE_LOOP_ANALYSIS = YES
               CLANG_WARN_STRICT_PROTOTYPES = YES
               CLANG_WARN_SUSPICIOUS_MOVE = YES
               CLANG_WARN_UNGUARDED_AVAILABILITY = YES_AGGRESSIVE
               CLANG_WARN_UNREACHABLE_CODE = YES
               CLANG_WARN__DUPLICATE_METHOD_MATCH = YES
               CLASS_FILE_DIR = /Users/gregoriomorelli/Documents/vibra/build/ios/Pods.build/Release-iphonesimulator/connectivity_plus.build/JavaClasses
               CLEAN_PRECOMPS = YES
               CLONE_HEADERS = NO
               CODESIGNING_FOLDER_PATH = /Users/gregoriomorelli/Documents/vibra/build/ios/Release-iphonesimulator/connectivity_plus/connectivity_plus.framework
               CODE_SIGNING_ALLOWED = YES
               CODE_SIGNING_REQUIRED = NO
               CODE_SIGNING_REQUIRES_TEAM = YES
               CODE_SIGN_CONTEXT_CLASS = XCiPhoneSimulatorCodeSignContext
               CODE_SIGN_IDENTITY = -
               CODE_SIGN_INJECT_BASE_ENTITLEMENTS = YES
               COLOR_DIAGNOSTICS = NO
               COMBINE_HIDPI_IMAGES = NO
               COMPILATION_CACHE_CAS_PATH = /var/folders/pg/x6t89f2n7s7299rcw8hv33180000gn/C/com.apple.DeveloperTools/26.5-17F42/Xcode/CompilationCache.noindex
               COMPILATION_CACHE_KEEP_CAS_DIRECTORY = YES
               COMPILER_INDEX_STORE_ENABLE = Default
               COMPOSITE_SDK_DIRS = /Users/gregoriomorelli/Documents/vibra/build/ios/CompositeSDKs
               COMPRESS_PNG_FILES = YES
               CONFIGURATION = Release
               CONFIGURATION_BUILD_DIR = /Users/gregoriomorelli/Documents/vibra/build/ios/Release-iphonesimulator/connectivity_plus
               CONFIGURATION_TEMP_DIR = /Users/gregoriomorelli/Documents/vibra/build/ios/Pods.build/Release-iphonesimulator
               CONTENTS_FOLDER_PATH = connectivity_plus.framework
               CONTENTS_FOLDER_PATH_SHALLOW_BUNDLE_NO = connectivity_plus.framework/A
               CONTENTS_FOLDER_PATH_SHALLOW_BUNDLE_YES = connectivity_plus.framework
               COPYING_PRESERVES_HFS_DATA = NO
               COPY_HEADERS_RUN_UNIFDEF = NO
               COPY_PHASE_STRIP = NO
               CORRESPONDING_DEVICE_PLATFORM_DIR = /Applications/Xcode.app/Contents/Developer/Platforms/iPhoneOS.platform
               CORRESPONDING_DEVICE_PLATFORM_NAME = iphoneos
               CORRESPONDING_DEVICE_SDK_DIR = /Applications/Xcode.app/Contents/Developer/Platforms/iPhoneOS.platform/Developer/SDKs/iPhoneOS26.5.sdk
               CORRESPONDING_DEVICE_SDK_NAME = iphoneos26.5
               CP = /bin/cp
               CREATE_INFOPLIST_SECTION_IN_BINARY = NO
               CURRENT_ARCH = undefined_arch
               CURRENT_PROJECT_VERSION = 1
               CURRENT_VARIANT = normal
               CURRENT_VERSION = Current
               DEAD_CODE_STRIPPING = YES
               DEBUGGING_SYMBOLS = YES
               DEBUG_INFORMATION_FORMAT = dwarf-with-dsym
               DEBUG_INFORMATION_VERSION = compiler-default
               DEFAULT_COMPILER = com.apple.compilers.llvm.clang.1_0
               DEFAULT_DEXT_INSTALL_PATH = /System/Library/DriverExtensions
               DEFAULT_KEXT_INSTALL_PATH = /System/Library/Extensions
               DEFINES_MODULE = YES
               DEPLOYMENT_LOCATION = NO
               DEPLOYMENT_POSTPROCESSING = NO
               DEPLOYMENT_TARGET_SETTING_NAME = IPHONEOS_DEPLOYMENT_TARGET
               DEPLOYMENT_TARGET_SUGGESTED_VALUES = 12.0 12.1 12.2 12.3 12.4 13.0 13.1 13.2 13.3 13.4 13.5 13.6 14.0 14.1 14.2 14.3 14.4 14.5 14.6 14.7 15.0 15.1 15.2 15.3 15.4 15.5 15.6 16.0 16.1 16.2 16.3 16.4 16.5 16.6 17.0 17.1 17.2 17.3 17.4 17.5 17.6 18.0 18.1 18.2 18.3 18.4 18.5 18.6 26.0 26.2 26.3 26.4 26.5
               DERIVED_FILES_DIR = /Users/gregoriomorelli/Documents/vibra/build/ios/Pods.build/Release-iphonesimulator/connectivity_plus.build/DerivedSources
               DERIVED_FILE_DIR = /Users/gregoriomorelli/Documents/vibra/build/ios/Pods.build/Release-iphonesimulator/connectivity_plus.build/DerivedSources
               DERIVED_SOURCES_DIR = /Users/gregoriomorelli/Documents/vibra/build/ios/Pods.build/Release-iphonesimulator/connectivity_plus.build/DerivedSources
               DEVELOPER_APPLICATIONS_DIR = /Applications/Xcode.app/Contents/Developer/Applications
               DEVELOPER_BIN_DIR = /Applications/Xcode.app/Contents/Developer/usr/bin
               DEVELOPER_DIR = /Applications/Xcode.app/Contents/Developer
               DEVELOPER_FRAMEWORKS_DIR = /Applications/Xcode.app/Contents/Developer/Library/Frameworks
               DEVELOPER_FRAMEWORKS_DIR_QUOTED = /Applications/Xcode.app/Contents/Developer/Library/Frameworks
               DEVELOPER_LIBRARY_DIR = /Applications/Xcode.app/Contents/Developer/Library
               DEVELOPER_SDK_DIR = /Applications/Xcode.app/Contents/Developer/Platforms/MacOSX.platform/Developer/SDKs
               DEVELOPER_TOOLS_DIR = /Applications/Xcode.app/Contents/Developer/Tools
               DEVELOPER_USR_DIR = /Applications/Xcode.app/Contents/Developer/usr
               DEVELOPMENT_LANGUAGE = en
               DIAGNOSE_MISSING_TARGET_DEPENDENCIES = YES
               DIFF = /usr/bin/diff
               DOCUMENTATION_FOLDER_PATH = connectivity_plus.framework/en.lproj/Documentation
               DONT_GENERATE_INFOPLIST_FILE = NO
               DRIVERKIT_DEPLOYMENT_TARGET = 25.5
               DSTROOT = /tmp/Pods.dst
               DT_TOOLCHAIN_DIR = /Applications/Xcode.app/Contents/Developer/Toolchains/XcodeDefault.xctoolchain
               DUMP_DEPENDENCIES = NO
               DUMP_DEPENDENCIES_OUTPUT_PATH = /Users/gregoriomorelli/Documents/vibra/build/ios/Pods.build/Release-iphonesimulator/connectivity_plus.build/connectivity_plus-BuildDependencyInfo.json
               DWARF_DSYM_FILE_NAME = connectivity_plus.framework.dSYM
               DWARF_DSYM_FILE_SHOULD_ACCOMPANY_PRODUCT = NO
               DWARF_DSYM_FOLDER_PATH = /Users/gregoriomorelli/Documents/vibra/build/ios/Release-iphonesimulator/connectivity_plus
               DYLIB_COMPATIBILITY_VERSION = 1
               DYLIB_CURRENT_VERSION = 1
               DYLIB_INSTALL_NAME_BASE = @rpath
               DYNAMIC_LIBRARY_EXTENSION = dylib
               EAGER_COMPILATION_ALLOW_SCRIPTS = NO
               EAGER_LINKING = NO
               EFFECTIVE_PLATFORM_NAME = -iphonesimulator
               EFFECTIVE_SWIFT_VERSION = 5
               EMBEDDED_CONTENT_CONTAINS_SWIFT = NO
               EMBED_ASSET_PACKS_IN_PRODUCT_BUNDLE = NO
               ENABLE_APP_SANDBOX = NO
               ENABLE_BITCODE = NO
               ENABLE_CODE_COVERAGE = YES
               ENABLE_COHORT_ARCHS = NO
               ENABLE_CPLUSPLUS_BOUNDS_SAFE_BUFFERS = NO
               ENABLE_C_BOUNDS_SAFETY = NO
               ENABLE_DEFAULT_HEADER_SEARCH_PATHS = YES
               ENABLE_DEFAULT_SEARCH_PATHS = YES
               ENABLE_ENHANCED_SECURITY = NO
               ENABLE_HARDENED_RUNTIME = NO
               ENABLE_HEADER_DEPENDENCIES = YES
               ENABLE_INCOMING_NETWORK_CONNECTIONS = NO
               ENABLE_MODULE_VERIFIER = NO
               ENABLE_NS_ASSERTIONS = NO
               ENABLE_ON_DEMAND_RESOURCES = NO
               ENABLE_OUTGOING_NETWORK_CONNECTIONS = NO
               ENABLE_POINTER_AUTHENTICATION = NO
               ENABLE_RESOURCE_ACCESS_AUDIO_INPUT = NO
               ENABLE_RESOURCE_ACCESS_BLUETOOTH = NO
               ENABLE_RESOURCE_ACCESS_CALENDARS = NO
               ENABLE_RESOURCE_ACCESS_CAMERA = NO
               ENABLE_RESOURCE_ACCESS_CONTACTS = NO
               ENABLE_RESOURCE_ACCESS_LOCATION = NO
               ENABLE_RESOURCE_ACCESS_PHOTO_LIBRARY = NO
               ENABLE_RESOURCE_ACCESS_PRINTING = NO
               ENABLE_RESOURCE_ACCESS_USB = NO
               ENABLE_SDK_IMPORTS = NO
               ENABLE_SECURITY_COMPILER_WARNINGS = NO
               ENABLE_STRICT_OBJC_MSGSEND = YES
               ENABLE_TESTABILITY = NO
               ENABLE_TESTING_SEARCH_PATHS = NO
               ENABLE_USER_SCRIPT_SANDBOXING = NO
               ENFORCE_VALID_ARCHS = YES
               ENTITLEMENTS_DESTINATION = __entitlements
               ENTITLEMENTS_REQUIRED = NO
               EXCLUDED_ARCHS =  i386
               EXCLUDED_INSTALLSRC_SUBDIRECTORY_PATTERNS = .DS_Store .svn .git .hg CVS
               EXCLUDED_RECURSIVE_SEARCH_PATH_SUBDIRECTORIES = *.nib *.lproj *.framework *.gch *.xcode* *.xcassets *.icon (*) .DS_Store CVS .svn .git .hg *.pbproj *.pbxproj
               EXECUTABLES_FOLDER_PATH = connectivity_plus.framework/en.lproj
               EXECUTABLE_FOLDER_PATH = connectivity_plus.framework
               EXECUTABLE_FOLDER_PATH_SHALLOW_BUNDLE_NO = connectivity_plus.framework
               EXECUTABLE_FOLDER_PATH_SHALLOW_BUNDLE_YES = connectivity_plus.framework
               EXECUTABLE_NAME = connectivity_plus
               EXECUTABLE_PATH = connectivity_plus.framework/connectivity_plus
               EXTENSIONS_FOLDER_PATH = connectivity_plus.framework/Extensions
               FILE_LIST = /Users/gregoriomorelli/Documents/vibra/build/ios/Pods.build/Release-iphonesimulator/connectivity_plus.build/Objects/LinkFileList
               FIXED_FILES_DIR = /Users/gregoriomorelli/Documents/vibra/build/ios/Pods.build/Release-iphonesimulator/connectivity_plus.build/FixedFiles
               FRAMEWORKS_FOLDER_PATH = connectivity_plus.framework/Frameworks
               FRAMEWORK_FLAG_PREFIX = -framework
               FRAMEWORK_SEARCH_PATHS = /Users/gregoriomorelli/Documents/vibra/build/ios/Release-iphonesimulator/connectivity_plus "/Users/gregoriomorelli/development/flutter/bin/cache/artifacts/engine/ios-release/Flutter.xcframework/ios-arm64_x86_64-simulator" 
               FRAMEWORK_VERSION = A
               FULL_PRODUCT_NAME = connectivity_plus.framework
               FUSE_BUILD_PHASES = YES
               FUSE_BUILD_SCRIPT_PHASES = NO
               GCC3_VERSION = 3.3
               GCC_C_LANGUAGE_STANDARD = gnu11
               GCC_INLINES_ARE_PRIVATE_EXTERN = YES
               GCC_NO_COMMON_BLOCKS = YES
               GCC_OBJC_LEGACY_DISPATCH = YES
               GCC_PFE_FILE_C_DIALECTS = c objective-c c++ objective-c++
               GCC_PREFIX_HEADER = Target Support Files/connectivity_plus/connectivity_plus-prefix.pch
               GCC_PREPROCESSOR_DEFINITIONS = POD_CONFIGURATION_RELEASE=1  COCOAPODS=1
               GCC_TREAT_WARNINGS_AS_ERRORS = NO
               GCC_VERSION = com.apple.compilers.llvm.clang.1_0
               GCC_VERSION_IDENTIFIER = com_apple_compilers_llvm_clang_1_0
               GCC_WARN_64_TO_32_BIT_CONVERSION = YES
               GCC_WARN_ABOUT_RETURN_TYPE = YES_ERROR
               GCC_WARN_UNDECLARED_SELECTOR = YES
               GCC_WARN_UNINITIALIZED_AUTOS = YES_AGGRESSIVE
               GCC_WARN_UNUSED_FUNCTION = YES
               GCC_WARN_UNUSED_VARIABLE = YES
               GENERATED_MODULEMAP_DIR = /Users/gregoriomorelli/Documents/vibra/build/ios/GeneratedModuleMaps-iphonesimulator
               GENERATE_INFOPLIST_FILE = NO
               GENERATE_INTERMEDIATE_TEXT_BASED_STUBS = YES
               GENERATE_PKGINFO_FILE = NO
               GENERATE_PRELINK_OBJECT_FILE = NO
               GENERATE_PROFILING_CODE = NO
               GENERATE_TEXT_BASED_STUBS = NO
               GID = 20
               GROUP = staff
               HEADERMAP_INCLUDES_FLAT_ENTRIES_FOR_TARGET_BEING_BUILT = YES
               HEADERMAP_INCLUDES_FRAMEWORK_ENTRIES_FOR_ALL_PRODUCT_TYPES = YES
               HEADERMAP_INCLUDES_FRAMEWORK_ENTRIES_FOR_TARGETS_NOT_BEING_BUILT = YES
               HEADERMAP_INCLUDES_NONPUBLIC_NONPRIVATE_HEADERS = YES
               HEADERMAP_INCLUDES_PROJECT_HEADERS = YES
               HEADERMAP_USES_FRAMEWORK_PREFIX_ENTRIES = YES
               HEADERMAP_USES_VFS = YES
               HEADER_SEARCH_PATHS = /Users/gregoriomorelli/Documents/vibra/build/ios/Release-iphonesimulator/connectivity_plus/include 
               HOME = /Users/gregoriomorelli
               HOST_ARCH = arm64
               HOST_PLATFORM = macosx
               ICONV = /usr/bin/iconv
               IMPLICIT_DEPENDENCY_DOMAIN = default
               INDEX_STORE_COMPRESS = NO
               INDEX_STORE_ONLY_PROJECT_FILES = NO
               INFOPLIST_ENABLE_CFBUNDLEICONS_MERGE = YES
               INFOPLIST_EXPAND_BUILD_SETTINGS = YES
               INFOPLIST_FILE = Target Support Files/connectivity_plus/connectivity_plus-Info.plist
               INFOPLIST_OUTPUT_FORMAT = binary
               INFOPLIST_PATH = connectivity_plus.framework/Info.plist
               INFOPLIST_PREPROCESS = NO
               INFOSTRINGS_PATH = connectivity_plus.framework/en.lproj/InfoPlist.strings
               INLINE_PRIVATE_FRAMEWORKS = NO
               INSTALLAPI_IGNORE_SKIP_INSTALL = YES
               INSTALLHDRS_COPY_PHASE = NO
               INSTALLHDRS_SCRIPT_PHASE = NO
               INSTALL_DIR = /tmp/Pods.dst/Library/Frameworks
               INSTALL_GROUP = staff
               INSTALL_MODE_FLAG = u+w,go-w,a+rX
               INSTALL_OWNER = gregoriomorelli
               INSTALL_PATH = /Library/Frameworks
               INSTALL_ROOT = /tmp/Pods.dst
               IPHONEOS_DEPLOYMENT_TARGET = 13.0
               IS_UNOPTIMIZED_BUILD = NO
               JAVAC_DEFAULT_FLAGS = -J-Xms64m -J-XX:NewSize=4M -J-Dfile.encoding=UTF8
               JAVA_APP_STUB = /System/Library/Frameworks/JavaVM.framework/Resources/MacOS/JavaApplicationStub
               JAVA_ARCHIVE_CLASSES = YES
               JAVA_ARCHIVE_TYPE = JAR
               JAVA_COMPILER = /usr/bin/javac
               JAVA_FOLDER_PATH = connectivity_plus.framework/Java
               JAVA_FRAMEWORK_RESOURCES_DIRS = Resources
               JAVA_JAR_FLAGS = cv
               JAVA_SOURCE_SUBDIR = .
               JAVA_USE_DEPENDENCIES = YES
               JAVA_ZIP_FLAGS = -urg
               JIKES_DEFAULT_FLAGS = +E +OLDCSO
               KEEP_PRIVATE_EXTERNS = NO
               LD_DEPENDENCY_INFO_FILE = /Users/gregoriomorelli/Documents/vibra/build/ios/Pods.build/Release-iphonesimulator/connectivity_plus.build/Objects-normal/undefined_arch/connectivity_plus_dependency_info.dat
               LD_DYLIB_INSTALL_NAME = @rpath/connectivity_plus.framework/connectivity_plus
               LD_EXPORT_SYMBOLS = YES
               LD_GENERATE_MAP_FILE = NO
               LD_MAP_FILE_PATH = /Users/gregoriomorelli/Documents/vibra/build/ios/Pods.build/Release-iphonesimulator/connectivity_plus.build/connectivity_plus-LinkMap-normal-undefined_arch.txt
               LD_NO_PIE = NO
               LD_QUOTE_LINKER_ARGUMENTS_FOR_COMPILER_DRIVER = YES
               LD_RUNPATH_SEARCH_PATHS =  @executable_path/Frameworks @loader_path/Frameworks
               LD_SHARED_CACHE_ELIGIBLE = Automatic
               LD_WARN_DUPLICATE_LIBRARIES = NO
               LD_WARN_UNUSED_DYLIBS = NO
               LEGACY_DEVELOPER_DIR = /Applications/Xcode.app/Contents/PlugIns/Xcode3Core.ideplugin/Contents/SharedSupport/Developer
               LEX = lex
               LIBRARY_DEXT_INSTALL_PATH = /Library/DriverExtensions
               LIBRARY_FLAG_NOSPACE = YES
               LIBRARY_FLAG_PREFIX = -l
               LIBRARY_KEXT_INSTALL_PATH = /Library/Extensions
               LIBRARY_SEARCH_PATHS = /Users/gregoriomorelli/Documents/vibra/build/ios/Release-iphonesimulator/connectivity_plus /Applications/Xcode.app/Contents/Developer/Toolchains/XcodeDefault.xctoolchain/usr/lib/swift/iphonesimulator /Applications/Xcode.app/Contents/Developer/Platforms/iPhoneSimulator.platform/Developer/SDKs/iPhoneSimulator26.5.sdk/usr/lib/swift
               LINKER_DISPLAYS_MANGLED_NAMES = NO
               LINK_FILE_LIST_normal_arm64 = /Users/gregoriomorelli/Documents/vibra/build/ios/Pods.build/Release-iphonesimulator/connectivity_plus.build/Objects-normal/arm64/connectivity_plus.LinkFileList
               LINK_FILE_LIST_normal_x86_64 = /Users/gregoriomorelli/Documents/vibra/build/ios/Pods.build/Release-iphonesimulator/connectivity_plus.build/Objects-normal/x86_64/connectivity_plus.LinkFileList
               LINK_OBJC_RUNTIME = YES
               LINK_WITH_STANDARD_LIBRARIES = YES
               LLVM_TARGET_TRIPLE_OS_VERSION = ios13.0
               LLVM_TARGET_TRIPLE_SUFFIX = -simulator
               LLVM_TARGET_TRIPLE_VENDOR = apple
               LM_AUX_CONST_METADATA_LIST_PATH_normal_arm64 = /Users/gregoriomorelli/Documents/vibra/build/ios/Pods.build/Release-iphonesimulator/connectivity_plus.build/Objects-normal/arm64/connectivity_plus.SwiftConstValuesFileList
               LM_AUX_CONST_METADATA_LIST_PATH_normal_x86_64 = /Users/gregoriomorelli/Documents/vibra/build/ios/Pods.build/Release-iphonesimulator/connectivity_plus.build/Objects-normal/x86_64/connectivity_plus.SwiftConstValuesFileList
               LOCALIZATION_EXPORT_SUPPORTED = YES
               LOCALIZATION_PREFERS_STRING_CATALOGS = NO
               LOCALIZED_RESOURCES_FOLDER_PATH = connectivity_plus.framework/en.lproj
               LOCALIZED_STRING_CODE_COMMENTS = NO
               LOCALIZED_STRING_MACRO_NAMES = NSLocalizedString CFCopyLocalizedString
               LOCALIZED_STRING_SWIFTUI_SUPPORT = YES
               LOCAL_ADMIN_APPS_DIR = /Applications/Utilities
               LOCAL_APPS_DIR = /Applications
               LOCAL_DEVELOPER_DIR = /Library/Developer
               LOCAL_LIBRARY_DIR = /Library
               LOCROOT = /Users/gregoriomorelli/Documents/vibra/ios/Pods
               LOCSYMROOT = /Users/gregoriomorelli/Documents/vibra/ios/Pods
               MACH_O_TYPE = mh_dylib
               MACOSX_DEPLOYMENT_TARGET = 26.5
               MAC_OS_X_PRODUCT_BUILD_VERSION = 25F84
               MAC_OS_X_VERSION_ACTUAL = 260502
               MAC_OS_X_VERSION_MAJOR = 260000
               MAC_OS_X_VERSION_MINOR = 260500
               MAKE_MERGEABLE = NO
               MERGEABLE_LIBRARY = NO
               MERGED_BINARY_TYPE = none
               MERGE_LINKED_LIBRARIES = NO
               METAL_LIBRARY_FILE_BASE = default
               METAL_LIBRARY_OUTPUT_DIR = /Users/gregoriomorelli/Documents/vibra/build/ios/Release-iphonesimulator/connectivity_plus/connectivity_plus.framework
               MODULEMAP_FILE = Target Support Files/connectivity_plus/connectivity_plus.modulemap
               MODULES_FOLDER_PATH = connectivity_plus.framework/Modules
               MTL_ENABLE_DEBUG_INFO = NO
               MTL_FAST_MATH = YES
               NATIVE_ARCH = arm64
               NATIVE_ARCH_32_BIT = arm
               NATIVE_ARCH_64_BIT = arm64
               NATIVE_ARCH_ACTUAL = arm64
               NO_COMMON = YES
               OBJC_ABI_VERSION = 2
               OBJECT_FILE_DIR = /Users/gregoriomorelli/Documents/vibra/build/ios/Pods.build/Release-iphonesimulator/connectivity_plus.build/Objects
               OBJECT_FILE_DIR_normal = /Users/gregoriomorelli/Documents/vibra/build/ios/Pods.build/Release-iphonesimulator/connectivity_plus.build/Objects-normal
               OBJROOT = /Users/gregoriomorelli/Documents/vibra/build/ios
               ONLY_ACTIVE_ARCH = NO
               OS = MACOS
               OSAC = /usr/bin/osacompile
               OTHER_LDFLAGS =  -framework Flutter
               OTHER_SWIFT_FLAGS =  -D COCOAPODS
               PACKAGE_TYPE = com.apple.package-type.wrapper.framework
               PASCAL_STRINGS = YES
               PATH = /Applications/Xcode.app/Contents/SharedFrameworks/SwiftBuild.framework/Versions/A/PlugIns/SWBBuildService.bundle/Contents/PlugIns/SWBUniversalPlatformPlugin.bundle/Contents/Frameworks/SWBUniversalPlatform.framework/Resources:/Applications/Xcode.app/Contents/Developer/Toolchains/XcodeDefault.xctoolchain/usr/bin:/Applications/Xcode.app/Contents/Developer/Toolchains/XcodeDefault.xctoolchain/usr/local/bin:/Applications/Xcode.app/Contents/Developer/Toolchains/XcodeDefault.xctoolchain/usr/libexec:/Applications/Xcode.app/Contents/Developer/Platforms/iPhoneSimulator.platform/usr/bin:/Applications/Xcode.app/Contents/Developer/Platforms/iPhoneSimulator.platform/usr/local/bin:/Applications/Xcode.app/Contents/Developer/Platforms/iPhoneSimulator.platform/Developer/usr/bin:/Applications/Xcode.app/Contents/Developer/Platforms/iPhoneSimulator.platform/Developer/usr/local/bin:/Applications/Xcode.app/Contents/Developer/usr/bin:/Applications/Xcode.app/Contents/Developer/usr/local/bin:/Users/gregoriomorelli/.gemini/antigravity/bin:/Users/gregoriomorelli/Library/Application Support/Antigravity/bin:/opt/homebrew/bin:/opt/homebrew/sbin:/Library/Developer/CommandLineTools/usr/bin:/Users/gregoriomorelli/development/flutter/bin:/Users/gregoriomorelli/Library/Android/sdk/platform-tools:/Users/gregoriomorelli/Library/Android/sdk/cmdline-tools/latest/bin:/Users/gregoriomorelli/Library/Android/sdk/emulator:/Users/gregoriomorelli/.antigravity-ide/antigravity-ide/bin:/Users/gregoriomorelli/.antigravity/antigravity/bin:/Applications/XAMPP/xamppfiles/bin:/Users/gregoriomorelli/develop/flutter/bin:/usr/local/bin:/System/Cryptexes/App/usr/bin:/usr/bin:/bin:/usr/sbin:/sbin:/var/run/com.apple.security.cryptexd/codex.system/bootstrap/usr/local/bin:/var/run/com.apple.security.cryptexd/codex.system/bootstrap/usr/bin:/var/run/com.apple.security.cryptexd/codex.system/bootstrap/usr/appleinternal/bin:/pkg/env/global/bin:/Users/gregoriomorelli/.spicetify
               PATH_PREFIXES_EXCLUDED_FROM_HEADER_DEPENDENCIES = /usr/include /usr/local/include /System/Library/Frameworks /System/Library/PrivateFrameworks /Applications/Xcode.app/Contents/Developer/Headers /Applications/Xcode.app/Contents/Developer/SDKs /Applications/Xcode.app/Contents/Developer/Platforms
               PBDEVELOPMENTPLIST_PATH = connectivity_plus.framework/pbdevelopment.plist
               PER_ARCH_MODULE_FILE_DIR = /Users/gregoriomorelli/Documents/vibra/build/ios/Pods.build/Release-iphonesimulator/connectivity_plus.build/Objects-normal/undefined_arch
               PER_ARCH_OBJECT_FILE_DIR = /Users/gregoriomorelli/Documents/vibra/build/ios/Pods.build/Release-iphonesimulator/connectivity_plus.build/Objects-normal/undefined_arch
               PER_VARIANT_OBJECT_FILE_DIR = /Users/gregoriomorelli/Documents/vibra/build/ios/Pods.build/Release-iphonesimulator/connectivity_plus.build/Objects-normal
               PKGINFO_FILE_PATH = /Users/gregoriomorelli/Documents/vibra/build/ios/Pods.build/Release-iphonesimulator/connectivity_plus.build/PkgInfo
               PKGINFO_PATH = connectivity_plus.framework/PkgInfo
               PLATFORM_DEVELOPER_APPLICATIONS_DIR = /Applications/Xcode.app/Contents/Developer/Platforms/iPhoneSimulator.platform/Developer/Applications
               PLATFORM_DEVELOPER_BIN_DIR = /Applications/Xcode.app/Contents/Developer/Platforms/iPhoneSimulator.platform/Developer/usr/bin
               PLATFORM_DEVELOPER_LIBRARY_DIR = /Applications/Xcode.app/Contents/Developer/Platforms/iPhoneSimulator.platform/Developer/Library
               PLATFORM_DEVELOPER_SDK_DIR = /Applications/Xcode.app/Contents/Developer/Platforms/iPhoneSimulator.platform/Developer/SDKs
               PLATFORM_DEVELOPER_TOOLS_DIR = /Applications/Xcode.app/Contents/Developer/Platforms/iPhoneSimulator.platform/Developer/Tools
               PLATFORM_DEVELOPER_USR_DIR = /Applications/Xcode.app/Contents/Developer/Platforms/iPhoneSimulator.platform/Developer/usr
               PLATFORM_DIR = /Applications/Xcode.app/Contents/Developer/Platforms/iPhoneSimulator.platform
               PLATFORM_DISPLAY_NAME = iOS Simulator
               PLATFORM_FAMILY_NAME = iOS
               PLATFORM_NAME = iphonesimulator
               PLATFORM_PREFERRED_ARCH = x86_64
               PLATFORM_PRODUCT_BUILD_VERSION = 23F73
               PLATFORM_REQUIRES_SWIFT_AUTOLINK_EXTRACT = NO
               PLATFORM_REQUIRES_SWIFT_MODULEWRAP = NO
               PLATFORM_USES_DSYMS = YES
               PLIST_FILE_OUTPUT_FORMAT = binary
               PLUGINS_FOLDER_PATH = connectivity_plus.framework/PlugIns
               PODS_BUILD_DIR = /Users/gregoriomorelli/Documents/vibra/build/ios
               PODS_CONFIGURATION_BUILD_DIR = /Users/gregoriomorelli/Documents/vibra/build/ios/Release-iphonesimulator
               PODS_DEVELOPMENT_LANGUAGE = en
               PODS_ROOT = /Users/gregoriomorelli/Documents/vibra/ios/Pods
               PODS_TARGET_SRCROOT = /Users/gregoriomorelli/Documents/vibra/ios/Pods/../.symlinks/plugins/connectivity_plus/ios
               PODS_XCFRAMEWORKS_BUILD_DIR = /Users/gregoriomorelli/Documents/vibra/build/ios/Release-iphonesimulator/XCFrameworkIntermediates
               PRECOMPS_INCLUDE_HEADERS_FROM_BUILT_PRODUCTS_DIR = YES
               PRECOMP_DESTINATION_DIR = /Users/gregoriomorelli/Documents/vibra/build/ios/Pods.build/Release-iphonesimulator/connectivity_plus.build/PrefixHeaders
               PRIVATE_HEADERS_FOLDER_PATH = connectivity_plus.framework/PrivateHeaders
               PROCESSED_INFOPLIST_PATH = /Users/gregoriomorelli/Documents/vibra/build/ios/Pods.build/Release-iphonesimulator/connectivity_plus.build/Objects-normal/undefined_arch/Processed-Info.plist
               PRODUCT_BUNDLE_IDENTIFIER = org.cocoapods.connectivity-plus
               PRODUCT_BUNDLE_PACKAGE_TYPE = FMWK
               PRODUCT_MODULE_NAME = connectivity_plus
               PRODUCT_NAME = connectivity_plus
               PRODUCT_SETTINGS_PATH = /Users/gregoriomorelli/Documents/vibra/ios/Pods/Target Support Files/connectivity_plus/connectivity_plus-Info.plist
               PRODUCT_TYPE = com.apple.product-type.framework
               PROFILING_CODE = NO
               PROJECT = Pods
               PROJECT_DERIVED_FILE_DIR = /Users/gregoriomorelli/Documents/vibra/build/ios/Pods.build/DerivedSources
               PROJECT_DIR = /Users/gregoriomorelli/Documents/vibra/ios/Pods
               PROJECT_FILE_PATH = /Users/gregoriomorelli/Documents/vibra/ios/Pods/Pods.xcodeproj
               PROJECT_GUID = bfdfe7dc352907fc980b868725387e98
               PROJECT_NAME = Pods
               PROJECT_TEMP_DIR = /Users/gregoriomorelli/Documents/vibra/build/ios/Pods.build
               PROJECT_TEMP_ROOT = /Users/gregoriomorelli/Documents/vibra/build/ios
               PUBLIC_HEADERS_FOLDER_PATH = connectivity_plus.framework/Headers
               RECOMMENDED_IPHONEOS_DEPLOYMENT_TARGET = 15.0
               RECURSIVE_SEARCH_PATHS_FOLLOW_SYMLINKS = YES
               REMOVE_CVS_FROM_RESOURCES = YES
               REMOVE_GIT_FROM_RESOURCES = YES
               REMOVE_HEADERS_FROM_EMBEDDED_BUNDLES = YES
               REMOVE_HG_FROM_RESOURCES = YES
               REMOVE_STATIC_EXECUTABLES_FROM_EMBEDDED_BUNDLES = YES
               REMOVE_SVN_FROM_RESOURCES = YES
               RESCHEDULE_INDEPENDENT_HEADERS_PHASES = YES
               REZ_COLLECTOR_DIR = /Users/gregoriomorelli/Documents/vibra/build/ios/Pods.build/Release-iphonesimulator/connectivity_plus.build/ResourceManagerResources
               REZ_OBJECTS_DIR = /Users/gregoriomorelli/Documents/vibra/build/ios/Pods.build/Release-iphonesimulator/connectivity_plus.build/ResourceManagerResources/Objects
               REZ_SEARCH_PATHS = /Users/gregoriomorelli/Documents/vibra/build/ios/Release-iphonesimulator/connectivity_plus 
               RPATH_ORIGIN = @loader_path
               RUNTIME_EXCEPTION_ALLOW_DYLD_ENVIRONMENT_VARIABLES = NO
               RUNTIME_EXCEPTION_ALLOW_JIT = NO
               RUNTIME_EXCEPTION_ALLOW_UNSIGNED_EXECUTABLE_MEMORY = NO
               RUNTIME_EXCEPTION_DEBUGGING_TOOL = NO
               RUNTIME_EXCEPTION_DISABLE_EXECUTABLE_PAGE_PROTECTION = NO
               RUNTIME_EXCEPTION_DISABLE_LIBRARY_VALIDATION = NO
               SCANNING_PCM_KEEP_CACHE_DIRECTORY = YES
               SCAN_ALL_SOURCE_FILES_FOR_INCLUDES = NO
               SCRIPTS_FOLDER_PATH = connectivity_plus.framework/Scripts
               SDKROOT = /Applications/Xcode.app/Contents/Developer/Platforms/iPhoneSimulator.platform/Developer/SDKs/iPhoneSimulator26.5.sdk
               SDK_DIR = /Applications/Xcode.app/Contents/Developer/Platforms/iPhoneSimulator.platform/Developer/SDKs/iPhoneSimulator26.5.sdk
               SDK_DIR_iphonesimulator = /Applications/Xcode.app/Contents/Developer/Platforms/iPhoneSimulator.platform/Developer/SDKs/iPhoneSimulator26.5.sdk
               SDK_DIR_iphonesimulator26_5 = /Applications/Xcode.app/Contents/Developer/Platforms/iPhoneSimulator.platform/Developer/SDKs/iPhoneSimulator26.5.sdk
               SDK_NAME = iphonesimulator26.5
               SDK_NAMES = iphonesimulator26.5
               SDK_PRODUCT_BUILD_VERSION = 23F73
               SDK_STAT_CACHE_DIR = /var/folders/pg/x6t89f2n7s7299rcw8hv33180000gn/C/com.apple.DeveloperTools/26.5-17F42/Xcode
               SDK_STAT_CACHE_ENABLE = YES
               SDK_STAT_CACHE_PATH = /var/folders/pg/x6t89f2n7s7299rcw8hv33180000gn/C/com.apple.DeveloperTools/26.5-17F42/Xcode/SDKStatCaches.noindex/iphonesimulator26.5-23F73-6cfe768891a92b912361537c460fe42b.sdkstatcache
               SDK_VERSION = 26.5
               SDK_VERSION_ACTUAL = 260500
               SDK_VERSION_MAJOR = 260000
               SDK_VERSION_MINOR = 260500
               SED = /usr/bin/sed
               SEPARATE_STRIP = NO
               SEPARATE_SYMBOL_EDIT = NO
               SET_DIR_MODE_OWNER_GROUP = YES
               SET_FILE_MODE_OWNER_GROUP = NO
               SHALLOW_BUNDLE = YES
               SHALLOW_BUNDLE_TRIPLE = ios-simulator
               SHALLOW_BUNDLE_ios_macabi = NO
               SHALLOW_BUNDLE_macos = NO
               SHARED_DERIVED_FILE_DIR = /Users/gregoriomorelli/Documents/vibra/build/ios/Release-iphonesimulator/connectivity_plus/DerivedSources
               SHARED_FRAMEWORKS_FOLDER_PATH = connectivity_plus.framework/SharedFrameworks
               SHARED_PRECOMPS_DIR = /Users/gregoriomorelli/Documents/vibra/build/ios/SharedPrecompiledHeaders
               SHARED_SUPPORT_FOLDER_PATH = connectivity_plus.framework
               SKIP_INSTALL = YES
               SKIP_MERGEABLE_LIBRARY_BUNDLE_HOOK = NO
               SOURCE_ROOT = /Users/gregoriomorelli/Documents/vibra/ios/Pods
               SRCROOT = /Users/gregoriomorelli/Documents/vibra/ios/Pods
               STRINGSDATA_DIR = /Users/gregoriomorelli/Documents/vibra/build/ios/Pods.build/Release-iphonesimulator/connectivity_plus.build/Objects-normal/undefined_arch
               STRINGSDATA_ROOT = /Users/gregoriomorelli/Documents/vibra/build/ios/Pods.build/Release-iphonesimulator/connectivity_plus.build
               STRINGS_FILE_INFOPLIST_RENAME = YES
               STRINGS_FILE_OUTPUT_ENCODING = binary
               STRING_CATALOG_GENERATE_SYMBOLS = NO
               STRIP_BITCODE_FROM_COPIED_FILES = NO
               STRIP_INSTALLED_PRODUCT = NO
               STRIP_STYLE = debugging
               STRIP_SWIFT_SYMBOLS = YES
               SUPPORTED_DEVICE_FAMILIES = 1,2
               SUPPORTED_PLATFORMS = iphoneos iphonesimulator
               SUPPORTS_TEXT_BASED_API = NO
               SUPPRESS_WARNINGS = NO
               SWIFT_ACTIVE_COMPILATION_CONDITIONS =  
               SWIFT_COMPILATION_MODE = wholemodule
               SWIFT_EMIT_CONST_VALUE_PROTOCOLS = AnyResolverProviding AppEntity AppEnum AppExtension AppIntent AppIntentsPackage AppShortcutProviding AppShortcutsProvider AppUnionValue AppUnionValueCasesProviding DynamicOptionsProvider EntityQuery ExtensionPointDefining IntentValueQuery Resolver TransientEntity _AssistantIntentsProvider _GenerativeFunctionExtractable _IntentValueRepresentable
               SWIFT_EMIT_LOC_STRINGS = NO
               SWIFT_ENABLE_EXPLICIT_MODULES = YES
               SWIFT_INSTALL_MODULE_FOR_DEPLOYMENT = YES
               SWIFT_INSTALL_OBJC_HEADER = YES
               SWIFT_OPTIMIZATION_LEVEL = -O
               SWIFT_PLATFORM_TARGET_PREFIX = ios
               SWIFT_RESPONSE_FILE_PATH_normal_arm64 = /Users/gregoriomorelli/Documents/vibra/build/ios/Pods.build/Release-iphonesimulator/connectivity_plus.build/Objects-normal/arm64/connectivity_plus.SwiftFileList
               SWIFT_RESPONSE_FILE_PATH_normal_x86_64 = /Users/gregoriomorelli/Documents/vibra/build/ios/Pods.build/Release-iphonesimulator/connectivity_plus.build/Objects-normal/x86_64/connectivity_plus.SwiftFileList
               SWIFT_VERSION = 5.0
               SYMROOT = /Users/gregoriomorelli/Documents/vibra/ios/build
               SYSTEM_ADMIN_APPS_DIR = /Applications/Utilities
               SYSTEM_APPS_DIR = /Applications
               SYSTEM_CORE_SERVICES_DIR = /System/Library/CoreServices
               SYSTEM_DEMOS_DIR = /Applications/Extras
               SYSTEM_DEVELOPER_APPS_DIR = /Applications/Xcode.app/Contents/Developer/Applications
               SYSTEM_DEVELOPER_BIN_DIR = /Applications/Xcode.app/Contents/Developer/usr/bin
               SYSTEM_DEVELOPER_DEMOS_DIR = /Applications/Xcode.app/Contents/Developer/Applications/Utilities/Built Examples
               SYSTEM_DEVELOPER_DIR = /Applications/Xcode.app/Contents/Developer
               SYSTEM_DEVELOPER_DOC_DIR = /Applications/Xcode.app/Contents/Developer/ADC Reference Library
               SYSTEM_DEVELOPER_GRAPHICS_TOOLS_DIR = /Applications/Xcode.app/Contents/Developer/Applications/Graphics Tools
               SYSTEM_DEVELOPER_JAVA_TOOLS_DIR = /Applications/Xcode.app/Contents/Developer/Applications/Java Tools
               SYSTEM_DEVELOPER_PERFORMANCE_TOOLS_DIR = /Applications/Xcode.app/Contents/Developer/Applications/Performance Tools
               SYSTEM_DEVELOPER_RELEASENOTES_DIR = /Applications/Xcode.app/Contents/Developer/ADC Reference Library/releasenotes
               SYSTEM_DEVELOPER_TOOLS = /Applications/Xcode.app/Contents/Developer/Tools
               SYSTEM_DEVELOPER_TOOLS_DOC_DIR = /Applications/Xcode.app/Contents/Developer/ADC Reference Library/documentation/DeveloperTools
               SYSTEM_DEVELOPER_TOOLS_RELEASENOTES_DIR = /Applications/Xcode.app/Contents/Developer/ADC Reference Library/releasenotes/DeveloperTools
               SYSTEM_DEVELOPER_USR_DIR = /Applications/Xcode.app/Contents/Developer/usr
               SYSTEM_DEVELOPER_UTILITIES_DIR = /Applications/Xcode.app/Contents/Developer/Applications/Utilities
               SYSTEM_DEXT_INSTALL_PATH = /System/Library/DriverExtensions
               SYSTEM_DOCUMENTATION_DIR = /Library/Documentation
               SYSTEM_EXTENSIONS_FOLDER_PATH = connectivity_plus.framework/SystemExtensions
               SYSTEM_EXTENSIONS_FOLDER_PATH_SHALLOW_BUNDLE_NO = connectivity_plus.framework/Library/SystemExtensions
               SYSTEM_EXTENSIONS_FOLDER_PATH_SHALLOW_BUNDLE_YES = connectivity_plus.framework/SystemExtensions
               SYSTEM_KEXT_INSTALL_PATH = /System/Library/Extensions
               SYSTEM_LIBRARY_DIR = /System/Library
               TAPI_DEMANGLE = YES
               TAPI_ENABLE_PROJECT_HEADERS = NO
               TAPI_LANGUAGE = objective-c
               TAPI_LANGUAGE_STANDARD = compiler-default
               TAPI_USE_SRCROOT = YES
               TAPI_VERIFY_MODE = Pedantic
               TARGETED_DEVICE_FAMILY = 1,2
               TARGETNAME = connectivity_plus
               TARGET_BUILD_DIR = /Users/gregoriomorelli/Documents/vibra/build/ios/Release-iphonesimulator/connectivity_plus
               TARGET_NAME = connectivity_plus
               TARGET_TEMP_DIR = /Users/gregoriomorelli/Documents/vibra/build/ios/Pods.build/Release-iphonesimulator/connectivity_plus.build
               TEMP_DIR = /Users/gregoriomorelli/Documents/vibra/build/ios/Pods.build/Release-iphonesimulator/connectivity_plus.build
               TEMP_FILES_DIR = /Users/gregoriomorelli/Documents/vibra/build/ios/Pods.build/Release-iphonesimulator/connectivity_plus.build
               TEMP_FILE_DIR = /Users/gregoriomorelli/Documents/vibra/build/ios/Pods.build/Release-iphonesimulator/connectivity_plus.build
               TEMP_ROOT = /Users/gregoriomorelli/Documents/vibra/build/ios
               TEMP_SANDBOX_DIR = /Users/gregoriomorelli/Documents/vibra/build/ios/TemporaryTaskSandboxes
               TEST_FRAMEWORK_SEARCH_PATHS =  /Applications/Xcode.app/Contents/Developer/Platforms/iPhoneSimulator.platform/Developer/Library/Frameworks /Applications/Xcode.app/Contents/Developer/Platforms/iPhoneSimulator.platform/Developer/SDKs/iPhoneSimulator26.5.sdk/Developer/Library/Frameworks
               TEST_LIBRARY_SEARCH_PATHS =  /Applications/Xcode.app/Contents/Developer/Platforms/iPhoneSimulator.platform/Developer/usr/lib
               TOOLCHAINS = com.apple.dt.toolchain.XcodeDefault
               TOOLCHAIN_DIR = /Applications/Xcode.app/Contents/Developer/Toolchains/XcodeDefault.xctoolchain
               TREAT_MISSING_BASELINES_AS_TEST_FAILURES = NO
               TREAT_MISSING_SCRIPT_PHASE_OUTPUTS_AS_ERRORS = NO
               TVOS_DEPLOYMENT_TARGET = 26.5
               UID = 501
               UNINSTALLED_PRODUCTS_DIR = /Users/gregoriomorelli/Documents/vibra/build/ios/UninstalledProducts
               UNLOCALIZED_RESOURCES_FOLDER_PATH = connectivity_plus.framework
               UNLOCALIZED_RESOURCES_FOLDER_PATH_SHALLOW_BUNDLE_NO = connectivity_plus.framework/Resources
               UNLOCALIZED_RESOURCES_FOLDER_PATH_SHALLOW_BUNDLE_YES = connectivity_plus.framework
               UNSTRIPPED_PRODUCT = NO
               USER = gregoriomorelli
               USER_APPS_DIR = /Users/gregoriomorelli/Applications
               USER_LIBRARY_DIR = /Users/gregoriomorelli/Library
               USE_DYNAMIC_NO_PIC = YES
               USE_HEADERMAP = YES
               USE_HEADER_SYMLINKS = NO
               USE_RECURSIVE_SCRIPT_INPUTS_IN_SCRIPT_PHASES = YES
               VALIDATE_DEVELOPMENT_ASSET_PATHS = YES_ERROR
               VALIDATE_PRODUCT = YES
               VALID_ARCHS = arm64 x86_64
               VERBOSE_PBXCP = NO
               VERSIONING_SYSTEM = apple-generic
               VERSIONPLIST_PATH = connectivity_plus.framework/version.plist
               VERSIONS_FOLDER_PATH = connectivity_plus.framework
               VERSIONS_FOLDER_PATH_SHALLOW_BUNDLE_NO = connectivity_plus.framework/Versions
               VERSIONS_FOLDER_PATH_SHALLOW_BUNDLE_YES = connectivity_plus.framework
               VERSION_INFO_BUILDER = gregoriomorelli
               VERSION_INFO_FILE = connectivity_plus_vers.c
               VERSION_INFO_STRING = "@(#)PROGRAM:connectivity_plus  PROJECT:Pods-1"
               WATCHOS_DEPLOYMENT_TARGET = 26.5
               WORKSPACE_DIR = /Users/gregoriomorelli/Documents/vibra/ios/Pods/Pods.xcodeproj
               WRAPPER_EXTENSION = framework
               WRAPPER_NAME = connectivity_plus.framework
               WRAPPER_SUFFIX = .framework
               WRAP_ASSET_PACKS_IN_SEPARATE_DIRECTORIES = NO
               XCODE_APP_SUPPORT_DIR = /Applications/Xcode.app/Contents/Developer/Library/Xcode
               XCODE_PRODUCT_BUILD_VERSION = 17F42
               XCODE_VERSION_ACTUAL = 2650
               XCODE_VERSION_MAJOR = 2600
               XCODE_VERSION_MINOR = 2650
               XPCSERVICES_FOLDER_PATH = connectivity_plus.framework/XPCServices
               XROS_DEPLOYMENT_TARGET = 26.5
               YACC = yacc
               _DISCOVER_COMMAND_LINE_LINKER_INPUTS = YES
               _DISCOVER_COMMAND_LINE_LINKER_INPUTS_INCLUDE_WL = YES
               _LD_MULTIARCH = YES
               _WRAPPER_CONTENTS_DIR_SHALLOW_BUNDLE_NO = /Contents
               _WRAPPER_PARENT_PATH_SHALLOW_BUNDLE_NO = /..
               _WRAPPER_RESOURCES_DIR_SHALLOW_BUNDLE_NO = /Resources
               __DIAGNOSE_DEPRECATED_ARCHS = YES
               __ORIGINAL_SDK_DEFINED_LLVM_TARGET_TRIPLE_SYS = ios
               arch = undefined_arch
               variant = normal

           Build settings for action build and target connectivity_plus-connectivity_plus_privacy:
               ACTION = build
               AD_HOC_CODE_SIGNING_ALLOWED = YES
               ALLOW_BUILD_REQUEST_OVERRIDES = NO
               ALLOW_TARGET_PLATFORM_SPECIALIZATION = NO
               ALTERNATE_GROUP = staff
               ALTERNATE_MODE = u+w,go-w,a+rX
               ALTERNATE_OWNER = gregoriomorelli
               ALTERNATIVE_DISTRIBUTION_WEB = NO
               ALWAYS_EMBED_SWIFT_STANDARD_LIBRARIES = NO
               ALWAYS_SEARCH_USER_PATHS = NO
               ALWAYS_USE_SEPARATE_HEADERMAPS = NO
               APPLICATION_EXTENSION_API_ONLY = NO
               APPLY_RULES_IN_COPY_FILES = NO
               APPLY_RULES_IN_COPY_HEADERS = NO
               APP_SHORTCUTS_ENABLE_FLEXIBLE_MATCHING = YES
               ARCHS = arm64 x86_64
               ARCHS_BASE = arm64 x86_64
               ARCHS_STANDARD = arm64 x86_64
               ARCHS_STANDARD_32_64_BIT = arm64 x86_64
               ARCHS_STANDARD_64_BIT = arm64 x86_64
               ARCHS_STANDARD_INCLUDING_64_BIT = arm64 x86_64
               ARCHS_UNIVERSAL_IPHONE_OS = arm64 x86_64
               AUTOMATICALLY_MERGE_DEPENDENCIES = NO
               AUTOMATION_APPLE_EVENTS = NO
               AVAILABLE_PLATFORMS = android appletvos appletvsimulator driverkit freebsd iphoneos iphonesimulator linux macosx none openbsd qnx watchos watchsimulator webassembly xros xrsimulator
               BUILD_ACTIVE_RESOURCES_ONLY = NO
               BUILD_COMPONENTS = headers build
               BUILD_DIR = /Users/gregoriomorelli/Documents/vibra/build/ios
               BUILD_LIBRARY_FOR_DISTRIBUTION = NO
               BUILD_ONLY_KNOWN_LOCALIZATIONS = NO
               BUILD_ROOT = /Users/gregoriomorelli/Documents/vibra/ios/build
               BUILD_STYLE = 
               BUILD_VARIANTS = normal
               BUILT_PRODUCTS_DIR = /Users/gregoriomorelli/Documents/vibra/build/ios/Release-iphonesimulator/connectivity_plus
               BUNDLE_CONTENTS_FOLDER_PATH_deep = Contents/
               BUNDLE_EXECUTABLE_FOLDER_NAME_deep = MacOS
               BUNDLE_EXTENSIONS_FOLDER_PATH = Extensions
               BUNDLE_FORMAT = shallow
               BUNDLE_FRAMEWORKS_FOLDER_PATH = Frameworks
               BUNDLE_PLUGINS_FOLDER_PATH = PlugIns
               BUNDLE_PRIVATE_HEADERS_FOLDER_PATH = PrivateHeaders
               BUNDLE_PUBLIC_HEADERS_FOLDER_PATH = Headers
               CACHE_ROOT = /var/folders/pg/x6t89f2n7s7299rcw8hv33180000gn/C/com.apple.DeveloperTools/26.5-17F42/Xcode
               CCHROOT = /var/folders/pg/x6t89f2n7s7299rcw8hv33180000gn/C/com.apple.DeveloperTools/26.5-17F42/Xcode
               CHMOD = /bin/chmod
               CHOWN = chown
               CLANG_ANALYZER_LOCALIZABILITY_NONLOCALIZED = YES
               CLANG_ANALYZER_NONNULL = YES
               CLANG_ANALYZER_NUMBER_OBJECT_CONVERSION = YES_AGGRESSIVE
               CLANG_CACHE_FINE_GRAINED_OUTPUTS = YES
               CLANG_CXX_LANGUAGE_STANDARD = gnu++14
               CLANG_CXX_LIBRARY = libc++
               CLANG_ENABLE_EXPLICIT_MODULES = YES
               CLANG_ENABLE_MODULES = YES
               CLANG_ENABLE_OBJC_ARC = YES
               CLANG_ENABLE_OBJC_WEAK = YES
               CLANG_MODULES_BUILD_SESSION_FILE = /var/folders/pg/x6t89f2n7s7299rcw8hv33180000gn/C/org.llvm.clang/ModuleCache.noindex/Session.modulevalidation
               CLANG_WARN_BLOCK_CAPTURE_AUTORELEASING = YES
               CLANG_WARN_BOOL_CONVERSION = YES
               CLANG_WARN_COMMA = YES
               CLANG_WARN_CONSTANT_CONVERSION = YES
               CLANG_WARN_DEPRECATED_OBJC_IMPLEMENTATIONS = YES
               CLANG_WARN_DIRECT_OBJC_ISA_USAGE = YES_ERROR
               CLANG_WARN_DOCUMENTATION_COMMENTS = YES
               CLANG_WARN_EMPTY_BODY = YES
               CLANG_WARN_ENUM_CONVERSION = YES
               CLANG_WARN_INFINITE_RECURSION = YES
               CLANG_WARN_INT_CONVERSION = YES
               CLANG_WARN_NON_LITERAL_NULL_CONVERSION = YES
               CLANG_WARN_OBJC_IMPLICIT_RETAIN_SELF = YES
               CLANG_WARN_OBJC_LITERAL_CONVERSION = YES
               CLANG_WARN_OBJC_ROOT_CLASS = YES_ERROR
               CLANG_WARN_QUOTED_INCLUDE_IN_FRAMEWORK_HEADER = NO
               CLANG_WARN_RANGE_LOOP_ANALYSIS = YES
               CLANG_WARN_STRICT_PROTOTYPES = YES
               CLANG_WARN_SUSPICIOUS_MOVE = YES
               CLANG_WARN_UNGUARDED_AVAILABILITY = YES_AGGRESSIVE
               CLANG_WARN_UNREACHABLE_CODE = YES
               CLANG_WARN__DUPLICATE_METHOD_MATCH = YES
               CLASS_FILE_DIR = /Users/gregoriomorelli/Documents/vibra/build/ios/Pods.build/Release-iphonesimulator/connectivity_plus-connectivity_plus_privacy.build/JavaClasses
               CLEAN_PRECOMPS = YES
               CLONE_HEADERS = NO
               CODESIGNING_FOLDER_PATH = /Users/gregoriomorelli/Documents/vibra/build/ios/Release-iphonesimulator/connectivity_plus/connectivity_plus_privacy.bundle
               CODE_SIGNING_ALLOWED = NO
               CODE_SIGNING_IDENTITY = -
               CODE_SIGNING_REQUIRED = NO
               CODE_SIGN_CONTEXT_CLASS = XCiPhoneSimulatorCodeSignContext
               CODE_SIGN_IDENTITY = -
               CODE_SIGN_INJECT_BASE_ENTITLEMENTS = YES
               COLOR_DIAGNOSTICS = NO
               COMBINE_HIDPI_IMAGES = NO
               COMPILATION_CACHE_CAS_PATH = /var/folders/pg/x6t89f2n7s7299rcw8hv33180000gn/C/com.apple.DeveloperTools/26.5-17F42/Xcode/CompilationCache.noindex
               COMPILATION_CACHE_KEEP_CAS_DIRECTORY = YES
               COMPILER_INDEX_STORE_ENABLE = Default
               COMPOSITE_SDK_DIRS = /Users/gregoriomorelli/Documents/vibra/build/ios/CompositeSDKs
               COMPRESS_PNG_FILES = YES
               CONFIGURATION = Release
               CONFIGURATION_BUILD_DIR = /Users/gregoriomorelli/Documents/vibra/build/ios/Release-iphonesimulator/connectivity_plus
               CONFIGURATION_TEMP_DIR = /Users/gregoriomorelli/Documents/vibra/build/ios/Pods.build/Release-iphonesimulator
               CONTENTS_FOLDER_PATH = connectivity_plus_privacy.bundle
               CONTENTS_FOLDER_PATH_SHALLOW_BUNDLE_NO = connectivity_plus_privacy.bundle/Contents
               CONTENTS_FOLDER_PATH_SHALLOW_BUNDLE_YES = connectivity_plus_privacy.bundle
               COPYING_PRESERVES_HFS_DATA = NO
               COPY_HEADERS_RUN_UNIFDEF = NO
               COPY_PHASE_STRIP = NO
               CORRESPONDING_DEVICE_PLATFORM_DIR = /Applications/Xcode.app/Contents/Developer/Platforms/iPhoneOS.platform
               CORRESPONDING_DEVICE_PLATFORM_NAME = iphoneos
               CORRESPONDING_DEVICE_SDK_DIR = /Applications/Xcode.app/Contents/Developer/Platforms/iPhoneOS.platform/Developer/SDKs/iPhoneOS26.5.sdk
               CORRESPONDING_DEVICE_SDK_NAME = iphoneos26.5
               CP = /bin/cp
               CREATE_INFOPLIST_SECTION_IN_BINARY = NO
               CURRENT_ARCH = undefined_arch
               CURRENT_VARIANT = normal
               DEAD_CODE_STRIPPING = YES
               DEBUGGING_SYMBOLS = YES
               DEBUG_INFORMATION_FORMAT = dwarf-with-dsym
               DEBUG_INFORMATION_VERSION = compiler-default
               DEFAULT_COMPILER = com.apple.compilers.llvm.clang.1_0
               DEFAULT_DEXT_INSTALL_PATH = /System/Library/DriverExtensions
               DEFAULT_KEXT_INSTALL_PATH = /System/Library/Extensions
               DEFINES_MODULE = YES
               DEPLOYMENT_LOCATION = NO
               DEPLOYMENT_POSTPROCESSING = NO
               DEPLOYMENT_TARGET_SETTING_NAME = IPHONEOS_DEPLOYMENT_TARGET
               DEPLOYMENT_TARGET_SUGGESTED_VALUES = 12.0 12.1 12.2 12.3 12.4 13.0 13.1 13.2 13.3 13.4 13.5 13.6 14.0 14.1 14.2 14.3 14.4 14.5 14.6 14.7 15.0 15.1 15.2 15.3 15.4 15.5 15.6 16.0 16.1 16.2 16.3 16.4 16.5 16.6 17.0 17.1 17.2 17.3 17.4 17.5 17.6 18.0 18.1 18.2 18.3 18.4 18.5 18.6 26.0 26.2 26.3 26.4 26.5
               DERIVED_FILES_DIR = /Users/gregoriomorelli/Documents/vibra/build/ios/Pods.build/Release-iphonesimulator/connectivity_plus-connectivity_plus_privacy.build/DerivedSources
               DERIVED_FILE_DIR = /Users/gregoriomorelli/Documents/vibra/build/ios/Pods.build/Release-iphonesimulator/connectivity_plus-connectivity_plus_privacy.build/DerivedSources
               DERIVED_SOURCES_DIR = /Users/gregoriomorelli/Documents/vibra/build/ios/Pods.build/Release-iphonesimulator/connectivity_plus-connectivity_plus_privacy.build/DerivedSources
               DEVELOPER_APPLICATIONS_DIR = /Applications/Xcode.app/Contents/Developer/Applications
               DEVELOPER_BIN_DIR = /Applications/Xcode.app/Contents/Developer/usr/bin
               DEVELOPER_DIR = /Applications/Xcode.app/Contents/Developer
               DEVELOPER_FRAMEWORKS_DIR = /Applications/Xcode.app/Contents/Developer/Library/Frameworks
               DEVELOPER_FRAMEWORKS_DIR_QUOTED = /Applications/Xcode.app/Contents/Developer/Library/Frameworks
               DEVELOPER_LIBRARY_DIR = /Applications/Xcode.app/Contents/Developer/Library
               DEVELOPER_SDK_DIR = /Applications/Xcode.app/Contents/Developer/Platforms/MacOSX.platform/Developer/SDKs
               DEVELOPER_TOOLS_DIR = /Applications/Xcode.app/Contents/Developer/Tools
               DEVELOPER_USR_DIR = /Applications/Xcode.app/Contents/Developer/usr
               DEVELOPMENT_LANGUAGE = en
               DIAGNOSE_MISSING_TARGET_DEPENDENCIES = YES
               DIFF = /usr/bin/diff
               DOCUMENTATION_FOLDER_PATH = connectivity_plus_privacy.bundle/en.lproj/Documentation
               DONT_GENERATE_INFOPLIST_FILE = NO
               DRIVERKIT_DEPLOYMENT_TARGET = 25.5
               DSTROOT = /tmp/Pods.dst
               DT_TOOLCHAIN_DIR = /Applications/Xcode.app/Contents/Developer/Toolchains/XcodeDefault.xctoolchain
               DUMP_DEPENDENCIES = NO
               DUMP_DEPENDENCIES_OUTPUT_PATH = /Users/gregoriomorelli/Documents/vibra/build/ios/Pods.build/Release-iphonesimulator/connectivity_plus-connectivity_plus_privacy.build/connectivity_plus-connectivity_plus_privacy-BuildDependencyInfo.json
               DWARF_DSYM_FILE_NAME = connectivity_plus_privacy.bundle.dSYM
               DWARF_DSYM_FILE_SHOULD_ACCOMPANY_PRODUCT = NO
               DWARF_DSYM_FOLDER_PATH = /Users/gregoriomorelli/Documents/vibra/build/ios/Release-iphonesimulator/connectivity_plus
               DYNAMIC_LIBRARY_EXTENSION = dylib
               EAGER_COMPILATION_ALLOW_SCRIPTS = NO
               EAGER_LINKING = NO
               EFFECTIVE_PLATFORM_NAME = -iphonesimulator
               EFFECTIVE_SWIFT_VERSION = 5
               EMBEDDED_CONTENT_CONTAINS_SWIFT = NO
               EMBED_ASSET_PACKS_IN_PRODUCT_BUNDLE = NO
               ENABLE_APP_SANDBOX = NO
               ENABLE_CODE_COVERAGE = YES
               ENABLE_COHORT_ARCHS = NO
               ENABLE_CPLUSPLUS_BOUNDS_SAFE_BUFFERS = NO
               ENABLE_C_BOUNDS_SAFETY = NO
               ENABLE_DEFAULT_HEADER_SEARCH_PATHS = YES
               ENABLE_DEFAULT_SEARCH_PATHS = YES
               ENABLE_ENHANCED_SECURITY = NO
               ENABLE_HARDENED_RUNTIME = NO
               ENABLE_HEADER_DEPENDENCIES = YES
               ENABLE_INCOMING_NETWORK_CONNECTIONS = NO
               ENABLE_NS_ASSERTIONS = NO
               ENABLE_ON_DEMAND_RESOURCES = NO
               ENABLE_OUTGOING_NETWORK_CONNECTIONS = NO
               ENABLE_POINTER_AUTHENTICATION = NO
               ENABLE_RESOURCE_ACCESS_AUDIO_INPUT = NO
               ENABLE_RESOURCE_ACCESS_BLUETOOTH = NO
               ENABLE_RESOURCE_ACCESS_CALENDARS = NO
               ENABLE_RESOURCE_ACCESS_CAMERA = NO
               ENABLE_RESOURCE_ACCESS_CONTACTS = NO
               ENABLE_RESOURCE_ACCESS_LOCATION = NO
               ENABLE_RESOURCE_ACCESS_PHOTO_LIBRARY = NO
               ENABLE_RESOURCE_ACCESS_PRINTING = NO
               ENABLE_RESOURCE_ACCESS_USB = NO
               ENABLE_SDK_IMPORTS = NO
               ENABLE_SECURITY_COMPILER_WARNINGS = NO
               ENABLE_STRICT_OBJC_MSGSEND = YES
               ENABLE_TESTABILITY = NO
               ENABLE_TESTING_SEARCH_PATHS = NO
               ENABLE_USER_SCRIPT_SANDBOXING = NO
               ENFORCE_VALID_ARCHS = YES
               ENTITLEMENTS_DESTINATION = __entitlements
               ENTITLEMENTS_REQUIRED = NO
               EXCLUDED_INSTALLSRC_SUBDIRECTORY_PATTERNS = .DS_Store .svn .git .hg CVS
               EXCLUDED_RECURSIVE_SEARCH_PATH_SUBDIRECTORIES = *.nib *.lproj *.framework *.gch *.xcode* *.xcassets *.icon (*) .DS_Store CVS .svn .git .hg *.pbproj *.pbxproj
               EXECUTABLES_FOLDER_PATH = connectivity_plus_privacy.bundle/Executables
               EXECUTABLE_FOLDER_PATH = connectivity_plus_privacy.bundle
               EXECUTABLE_FOLDER_PATH_SHALLOW_BUNDLE_NO = connectivity_plus_privacy.bundle/MacOS
               EXECUTABLE_FOLDER_PATH_SHALLOW_BUNDLE_YES = connectivity_plus_privacy.bundle
               EXECUTABLE_NAME = connectivity_plus_privacy
               EXECUTABLE_PATH = connectivity_plus_privacy.bundle/connectivity_plus_privacy
               EXPANDED_CODE_SIGN_IDENTITY = -
               EXTENSIONS_FOLDER_PATH = connectivity_plus_privacy.bundle/Extensions
               FILE_LIST = /Users/gregoriomorelli/Documents/vibra/build/ios/Pods.build/Release-iphonesimulator/connectivity_plus-connectivity_plus_privacy.build/Objects/LinkFileList
               FIXED_FILES_DIR = /Users/gregoriomorelli/Documents/vibra/build/ios/Pods.build/Release-iphonesimulator/connectivity_plus-connectivity_plus_privacy.build/FixedFiles
               FRAMEWORKS_FOLDER_PATH = connectivity_plus_privacy.bundle/Frameworks
               FRAMEWORK_FLAG_PREFIX = -framework
               FRAMEWORK_SEARCH_PATHS = /Users/gregoriomorelli/Documents/vibra/build/ios/Release-iphonesimulator/connectivity_plus 
               FRAMEWORK_VERSION = A
               FULL_PRODUCT_NAME = connectivity_plus_privacy.bundle
               FUSE_BUILD_PHASES = YES
               FUSE_BUILD_SCRIPT_PHASES = NO
               GCC3_VERSION = 3.3
               GCC_C_LANGUAGE_STANDARD = gnu11
               GCC_INLINES_ARE_PRIVATE_EXTERN = YES
               GCC_NO_COMMON_BLOCKS = YES
               GCC_OBJC_LEGACY_DISPATCH = YES
               GCC_PFE_FILE_C_DIALECTS = c objective-c c++ objective-c++
               GCC_PREPROCESSOR_DEFINITIONS = POD_CONFIGURATION_RELEASE=1  COCOAPODS=1
               GCC_TREAT_WARNINGS_AS_ERRORS = NO
               GCC_VERSION = com.apple.compilers.llvm.clang.1_0
               GCC_VERSION_IDENTIFIER = com_apple_compilers_llvm_clang_1_0
               GCC_WARN_64_TO_32_BIT_CONVERSION = YES
               GCC_WARN_ABOUT_RETURN_TYPE = YES_ERROR
               GCC_WARN_UNDECLARED_SELECTOR = YES
               GCC_WARN_UNINITIALIZED_AUTOS = YES_AGGRESSIVE
               GCC_WARN_UNUSED_FUNCTION = YES
               GCC_WARN_UNUSED_VARIABLE = YES
               GENERATED_MODULEMAP_DIR = /Users/gregoriomorelli/Documents/vibra/build/ios/GeneratedModuleMaps-iphonesimulator
               GENERATE_INFOPLIST_FILE = NO
               GENERATE_INTERMEDIATE_TEXT_BASED_STUBS = YES
               GENERATE_PKGINFO_FILE = NO
               GENERATE_PRELINK_OBJECT_FILE = NO
               GENERATE_PROFILING_CODE = NO
               GENERATE_TEXT_BASED_STUBS = NO
               GID = 20
               GROUP = staff
               HEADERMAP_INCLUDES_FLAT_ENTRIES_FOR_TARGET_BEING_BUILT = YES
               HEADERMAP_INCLUDES_FRAMEWORK_ENTRIES_FOR_ALL_PRODUCT_TYPES = YES
               HEADERMAP_INCLUDES_FRAMEWORK_ENTRIES_FOR_TARGETS_NOT_BEING_BUILT = YES
               HEADERMAP_INCLUDES_NONPUBLIC_NONPRIVATE_HEADERS = YES
               HEADERMAP_INCLUDES_PROJECT_HEADERS = YES
               HEADERMAP_USES_FRAMEWORK_PREFIX_ENTRIES = YES
               HEADERMAP_USES_VFS = YES
               HEADER_SEARCH_PATHS = /Users/gregoriomorelli/Documents/vibra/build/ios/Release-iphonesimulator/connectivity_plus/include 
               HOME = /Users/gregoriomorelli
               HOST_ARCH = arm64
               HOST_PLATFORM = macosx
               IBSC_MODULE = connectivity_plus
               ICONV = /usr/bin/iconv
               IMPLICIT_DEPENDENCY_DOMAIN = default
               INDEX_STORE_COMPRESS = NO
               INDEX_STORE_ONLY_PROJECT_FILES = NO
               INFOPLIST_ENABLE_CFBUNDLEICONS_MERGE = YES
               INFOPLIST_EXPAND_BUILD_SETTINGS = YES
               INFOPLIST_FILE = Target Support Files/connectivity_plus/ResourceBundle-connectivity_plus_privacy-connectivity_plus-Info.plist
               INFOPLIST_OUTPUT_FORMAT = binary
               INFOPLIST_PATH = connectivity_plus_privacy.bundle/Info.plist
               INFOPLIST_PREPROCESS = NO
               INFOSTRINGS_PATH = connectivity_plus_privacy.bundle/en.lproj/InfoPlist.strings
               INLINE_PRIVATE_FRAMEWORKS = NO
               INSTALLAPI_IGNORE_SKIP_INSTALL = YES
               INSTALLHDRS_COPY_PHASE = NO
               INSTALLHDRS_SCRIPT_PHASE = NO
               INSTALL_DIR = /tmp/Pods.dst
               INSTALL_GROUP = staff
               INSTALL_MODE_FLAG = u+w,go-w,a+rX
               INSTALL_OWNER = gregoriomorelli
               INSTALL_ROOT = /tmp/Pods.dst
               IPHONEOS_DEPLOYMENT_TARGET = 12.0
               IS_UNOPTIMIZED_BUILD = NO
               JAVAC_DEFAULT_FLAGS = -J-Xms64m -J-XX:NewSize=4M -J-Dfile.encoding=UTF8
               JAVA_APP_STUB = /System/Library/Frameworks/JavaVM.framework/Resources/MacOS/JavaApplicationStub
               JAVA_ARCHIVE_CLASSES = YES
               JAVA_ARCHIVE_TYPE = JAR
               JAVA_COMPILER = /usr/bin/javac
               JAVA_FOLDER_PATH = connectivity_plus_privacy.bundle/Java
               JAVA_FRAMEWORK_RESOURCES_DIRS = Resources
               JAVA_JAR_FLAGS = cv
               JAVA_SOURCE_SUBDIR = .
               JAVA_USE_DEPENDENCIES = YES
               JAVA_ZIP_FLAGS = -urg
               JIKES_DEFAULT_FLAGS = +E +OLDCSO
               KEEP_PRIVATE_EXTERNS = NO
               LD_DEPENDENCY_INFO_FILE = /Users/gregoriomorelli/Documents/vibra/build/ios/Pods.build/Release-iphonesimulator/connectivity_plus-connectivity_plus_privacy.build/Objects-normal/undefined_arch/connectivity_plus_privacy_dependency_info.dat
               LD_EXPORT_SYMBOLS = YES
               LD_GENERATE_MAP_FILE = NO
               LD_MAP_FILE_PATH = /Users/gregoriomorelli/Documents/vibra/build/ios/Pods.build/Release-iphonesimulator/connectivity_plus-connectivity_plus_privacy.build/connectivity_plus_privacy-LinkMap-normal-undefined_arch.txt
               LD_NO_PIE = NO
               LD_QUOTE_LINKER_ARGUMENTS_FOR_COMPILER_DRIVER = YES
               LD_SHARED_CACHE_ELIGIBLE = Automatic
               LD_WARN_DUPLICATE_LIBRARIES = NO
               LD_WARN_UNUSED_DYLIBS = NO
               LEGACY_DEVELOPER_DIR = /Applications/Xcode.app/Contents/PlugIns/Xcode3Core.ideplugin/Contents/SharedSupport/Developer
               LEX = lex
               LIBRARY_DEXT_INSTALL_PATH = /Library/DriverExtensions
               LIBRARY_FLAG_NOSPACE = YES
               LIBRARY_FLAG_PREFIX = -l
               LIBRARY_KEXT_INSTALL_PATH = /Library/Extensions
               LIBRARY_SEARCH_PATHS = /Users/gregoriomorelli/Documents/vibra/build/ios/Release-iphonesimulator/connectivity_plus /Applications/Xcode.app/Contents/Developer/Toolchains/XcodeDefault.xctoolchain/usr/lib/swift/iphonesimulator /Applications/Xcode.app/Contents/Developer/Platforms/iPhoneSimulator.platform/Developer/SDKs/iPhoneSimulator26.5.sdk/usr/lib/swift
               LINKER_DISPLAYS_MANGLED_NAMES = NO
               LINK_FILE_LIST_normal_arm64 = /Users/gregoriomorelli/Documents/vibra/build/ios/Pods.build/Release-iphonesimulator/connectivity_plus-connectivity_plus_privacy.build/Objects-normal/arm64/connectivity_plus_privacy.LinkFileList
               LINK_FILE_LIST_normal_x86_64 = /Users/gregoriomorelli/Documents/vibra/build/ios/Pods.build/Release-iphonesimulator/connectivity_plus-connectivity_plus_privacy.build/Objects-normal/x86_64/connectivity_plus_privacy.LinkFileList
               LINK_OBJC_RUNTIME = YES
               LINK_WITH_STANDARD_LIBRARIES = YES
               LLVM_TARGET_TRIPLE_OS_VERSION = ios12.0
               LLVM_TARGET_TRIPLE_SUFFIX = -simulator
               LLVM_TARGET_TRIPLE_VENDOR = apple
               LM_AUX_CONST_METADATA_LIST_PATH_normal_arm64 = /Users/gregoriomorelli/Documents/vibra/build/ios/Pods.build/Release-iphonesimulator/connectivity_plus-connectivity_plus_privacy.build/Objects-normal/arm64/connectivity_plus_privacy.SwiftConstValuesFileList
               LM_AUX_CONST_METADATA_LIST_PATH_normal_x86_64 = /Users/gregoriomorelli/Documents/vibra/build/ios/Pods.build/Release-iphonesimulator/connectivity_plus-connectivity_plus_privacy.build/Objects-normal/x86_64/connectivity_plus_privacy.SwiftConstValuesFileList
               LOCALIZATION_EXPORT_SUPPORTED = YES
               LOCALIZATION_PREFERS_STRING_CATALOGS = NO
               LOCALIZED_RESOURCES_FOLDER_PATH = connectivity_plus_privacy.bundle/en.lproj
               LOCALIZED_STRING_CODE_COMMENTS = NO
               LOCALIZED_STRING_MACRO_NAMES = NSLocalizedString CFCopyLocalizedString
               LOCALIZED_STRING_SWIFTUI_SUPPORT = YES
               LOCAL_ADMIN_APPS_DIR = /Applications/Utilities
               LOCAL_APPS_DIR = /Applications
               LOCAL_DEVELOPER_DIR = /Library/Developer
               LOCAL_LIBRARY_DIR = /Library
               LOCROOT = /Users/gregoriomorelli/Documents/vibra/ios/Pods
               LOCSYMROOT = /Users/gregoriomorelli/Documents/vibra/ios/Pods
               MACH_O_TYPE = mh_bundle
               MACOSX_DEPLOYMENT_TARGET = 26.5
               MAC_OS_X_PRODUCT_BUILD_VERSION = 25F84
               MAC_OS_X_VERSION_ACTUAL = 260502
               MAC_OS_X_VERSION_MAJOR = 260000
               MAC_OS_X_VERSION_MINOR = 260500
               MAKE_MERGEABLE = NO
               MERGEABLE_LIBRARY = NO
               MERGED_BINARY_TYPE = none
               MERGE_LINKED_LIBRARIES = NO
               METAL_LIBRARY_FILE_BASE = default
               METAL_LIBRARY_OUTPUT_DIR = /Users/gregoriomorelli/Documents/vibra/build/ios/Release-iphonesimulator/connectivity_plus/connectivity_plus_privacy.bundle
               MODULES_FOLDER_PATH = connectivity_plus_privacy.bundle/Modules
               MTL_ENABLE_DEBUG_INFO = NO
               MTL_FAST_MATH = YES
               NATIVE_ARCH = arm64
               NATIVE_ARCH_32_BIT = arm
               NATIVE_ARCH_64_BIT = arm64
               NATIVE_ARCH_ACTUAL = arm64
               NO_COMMON = YES
               OBJC_ABI_VERSION = 2
               OBJECT_FILE_DIR = /Users/gregoriomorelli/Documents/vibra/build/ios/Pods.build/Release-iphonesimulator/connectivity_plus-connectivity_plus_privacy.build/Objects
               OBJECT_FILE_DIR_normal = /Users/gregoriomorelli/Documents/vibra/build/ios/Pods.build/Release-iphonesimulator/connectivity_plus-connectivity_plus_privacy.build/Objects-normal
               OBJROOT = /Users/gregoriomorelli/Documents/vibra/build/ios
               ONLY_ACTIVE_ARCH = NO
               OS = MACOS
               OSAC = /usr/bin/osacompile
               OTHER_SWIFT_FLAGS =  -D COCOAPODS
               PACKAGE_TYPE = com.apple.package-type.wrapper
               PASCAL_STRINGS = YES
               PATH = /Applications/Xcode.app/Contents/SharedFrameworks/SwiftBuild.framework/Versions/A/PlugIns/SWBBuildService.bundle/Contents/PlugIns/SWBUniversalPlatformPlugin.bundle/Contents/Frameworks/SWBUniversalPlatform.framework/Resources:/Applications/Xcode.app/Contents/Developer/Toolchains/XcodeDefault.xctoolchain/usr/bin:/Applications/Xcode.app/Contents/Developer/Toolchains/XcodeDefault.xctoolchain/usr/local/bin:/Applications/Xcode.app/Contents/Developer/Toolchains/XcodeDefault.xctoolchain/usr/libexec:/Applications/Xcode.app/Contents/Developer/Platforms/iPhoneSimulator.platform/usr/bin:/Applications/Xcode.app/Contents/Developer/Platforms/iPhoneSimulator.platform/usr/local/bin:/Applications/Xcode.app/Contents/Developer/Platforms/iPhoneSimulator.platform/Developer/usr/bin:/Applications/Xcode.app/Contents/Developer/Platforms/iPhoneSimulator.platform/Developer/usr/local/bin:/Applications/Xcode.app/Contents/Developer/usr/bin:/Applications/Xcode.app/Contents/Developer/usr/local/bin:/Users/gregoriomorelli/.gemini/antigravity/bin:/Users/gregoriomorelli/Library/Application Support/Antigravity/bin:/opt/homebrew/bin:/opt/homebrew/sbin:/Library/Developer/CommandLineTools/usr/bin:/Users/gregoriomorelli/development/flutter/bin:/Users/gregoriomorelli/Library/Android/sdk/platform-tools:/Users/gregoriomorelli/Library/Android/sdk/cmdline-tools/latest/bin:/Users/gregoriomorelli/Library/Android/sdk/emulator:/Users/gregoriomorelli/.antigravity-ide/antigravity-ide/bin:/Users/gregoriomorelli/.antigravity/antigravity/bin:/Applications/XAMPP/xamppfiles/bin:/Users/gregoriomorelli/develop/flutter/bin:/usr/local/bin:/System/Cryptexes/App/usr/bin:/usr/bin:/bin:/usr/sbin:/sbin:/var/run/com.apple.security.cryptexd/codex.system/bootstrap/usr/local/bin:/var/run/com.apple.security.cryptexd/codex.system/bootstrap/usr/bin:/var/run/com.apple.security.cryptexd/codex.system/bootstrap/usr/appleinternal/bin:/pkg/env/global/bin:/Users/gregoriomorelli/.spicetify
               PATH_PREFIXES_EXCLUDED_FROM_HEADER_DEPENDENCIES = /usr/include /usr/local/include /System/Library/Frameworks /System/Library/PrivateFrameworks /Applications/Xcode.app/Contents/Developer/Headers /Applications/Xcode.app/Contents/Developer/SDKs /Applications/Xcode.app/Contents/Developer/Platforms
               PBDEVELOPMENTPLIST_PATH = connectivity_plus_privacy.bundle/pbdevelopment.plist
               PER_ARCH_MODULE_FILE_DIR = /Users/gregoriomorelli/Documents/vibra/build/ios/Pods.build/Release-iphonesimulator/connectivity_plus-connectivity_plus_privacy.build/Objects-normal/undefined_arch
               PER_ARCH_OBJECT_FILE_DIR = /Users/gregoriomorelli/Documents/vibra/build/ios/Pods.build/Release-iphonesimulator/connectivity_plus-connectivity_plus_privacy.build/Objects-normal/undefined_arch
               PER_VARIANT_OBJECT_FILE_DIR = /Users/gregoriomorelli/Documents/vibra/build/ios/Pods.build/Release-iphonesimulator/connectivity_plus-connectivity_plus_privacy.build/Objects-normal
               PKGINFO_FILE_PATH = /Users/gregoriomorelli/Documents/vibra/build/ios/Pods.build/Release-iphonesimulator/connectivity_plus-connectivity_plus_privacy.build/PkgInfo
               PKGINFO_PATH = connectivity_plus_privacy.bundle/PkgInfo
               PLATFORM_DEVELOPER_APPLICATIONS_DIR = /Applications/Xcode.app/Contents/Developer/Platforms/iPhoneSimulator.platform/Developer/Applications
               PLATFORM_DEVELOPER_BIN_DIR = /Applications/Xcode.app/Contents/Developer/Platforms/iPhoneSimulator.platform/Developer/usr/bin
               PLATFORM_DEVELOPER_LIBRARY_DIR = /Applications/Xcode.app/Contents/Developer/Platforms/iPhoneSimulator.platform/Developer/Library
               PLATFORM_DEVELOPER_SDK_DIR = /Applications/Xcode.app/Contents/Developer/Platforms/iPhoneSimulator.platform/Developer/SDKs
               PLATFORM_DEVELOPER_TOOLS_DIR = /Applications/Xcode.app/Contents/Developer/Platforms/iPhoneSimulator.platform/Developer/Tools
               PLATFORM_DEVELOPER_USR_DIR = /Applications/Xcode.app/Contents/Developer/Platforms/iPhoneSimulator.platform/Developer/usr
               PLATFORM_DIR = /Applications/Xcode.app/Contents/Developer/Platforms/iPhoneSimulator.platform
               PLATFORM_DISPLAY_NAME = iOS Simulator
               PLATFORM_FAMILY_NAME = iOS
               PLATFORM_NAME = iphonesimulator
               PLATFORM_PREFERRED_ARCH = x86_64
               PLATFORM_PRODUCT_BUILD_VERSION = 23F73
               PLATFORM_REQUIRES_SWIFT_AUTOLINK_EXTRACT = NO
               PLATFORM_REQUIRES_SWIFT_MODULEWRAP = NO
               PLATFORM_USES_DSYMS = YES
               PLIST_FILE_OUTPUT_FORMAT = binary
               PLUGINS_FOLDER_PATH = connectivity_plus_privacy.bundle/PlugIns
               PODS_BUILD_DIR = /Users/gregoriomorelli/Documents/vibra/build/ios
               PODS_CONFIGURATION_BUILD_DIR = /Users/gregoriomorelli/Documents/vibra/build/ios/Release-iphonesimulator
               PODS_DEVELOPMENT_LANGUAGE = en
               PODS_ROOT = /Users/gregoriomorelli/Documents/vibra/ios/Pods
               PODS_TARGET_SRCROOT = /Users/gregoriomorelli/Documents/vibra/ios/Pods/../.symlinks/plugins/connectivity_plus/ios
               PODS_XCFRAMEWORKS_BUILD_DIR = /Users/gregoriomorelli/Documents/vibra/build/ios/Release-iphonesimulator/XCFrameworkIntermediates
               PRECOMPS_INCLUDE_HEADERS_FROM_BUILT_PRODUCTS_DIR = YES
               PRECOMP_DESTINATION_DIR = /Users/gregoriomorelli/Documents/vibra/build/ios/Pods.build/Release-iphonesimulator/connectivity_plus-connectivity_plus_privacy.build/PrefixHeaders
               PRIVATE_HEADERS_FOLDER_PATH = connectivity_plus_privacy.bundle/PrivateHeaders
               PROCESSED_INFOPLIST_PATH = /Users/gregoriomorelli/Documents/vibra/build/ios/Pods.build/Release-iphonesimulator/connectivity_plus-connectivity_plus_privacy.build/Objects-normal/undefined_arch/Processed-Info.plist
               PRODUCT_BUNDLE_IDENTIFIER = org.cocoapods.connectivity-plus-privacy
               PRODUCT_BUNDLE_PACKAGE_TYPE = BNDL
               PRODUCT_MODULE_NAME = connectivity_plus_privacy
               PRODUCT_NAME = connectivity_plus_privacy
               PRODUCT_SETTINGS_PATH = /Users/gregoriomorelli/Documents/vibra/ios/Pods/Target Support Files/connectivity_plus/ResourceBundle-connectivity_plus_privacy-connectivity_plus-Info.plist
               PRODUCT_TYPE = com.apple.product-type.bundle
               PROFILING_CODE = NO
               PROJECT = Pods
               PROJECT_DERIVED_FILE_DIR = /Users/gregoriomorelli/Documents/vibra/build/ios/Pods.build/DerivedSources
               PROJECT_DIR = /Users/gregoriomorelli/Documents/vibra/ios/Pods
               PROJECT_FILE_PATH = /Users/gregoriomorelli/Documents/vibra/ios/Pods/Pods.xcodeproj
               PROJECT_GUID = bfdfe7dc352907fc980b868725387e98
               PROJECT_NAME = Pods
               PROJECT_TEMP_DIR = /Users/gregoriomorelli/Documents/vibra/build/ios/Pods.build
               PROJECT_TEMP_ROOT = /Users/gregoriomorelli/Documents/vibra/build/ios
               PUBLIC_HEADERS_FOLDER_PATH = connectivity_plus_privacy.bundle/Headers
               RECOMMENDED_IPHONEOS_DEPLOYMENT_TARGET = 15.0
               RECURSIVE_SEARCH_PATHS_FOLLOW_SYMLINKS = YES
               REMOVE_CVS_FROM_RESOURCES = YES
               REMOVE_GIT_FROM_RESOURCES = YES
               REMOVE_HEADERS_FROM_EMBEDDED_BUNDLES = YES
               REMOVE_HG_FROM_RESOURCES = YES
               REMOVE_STATIC_EXECUTABLES_FROM_EMBEDDED_BUNDLES = YES
               REMOVE_SVN_FROM_RESOURCES = YES
               RESCHEDULE_INDEPENDENT_HEADERS_PHASES = YES
               REZ_COLLECTOR_DIR = /Users/gregoriomorelli/Documents/vibra/build/ios/Pods.build/Release-iphonesimulator/connectivity_plus-connectivity_plus_privacy.build/ResourceManagerResources
               REZ_OBJECTS_DIR = /Users/gregoriomorelli/Documents/vibra/build/ios/Pods.build/Release-iphonesimulator/connectivity_plus-connectivity_plus_privacy.build/ResourceManagerResources/Objects
               REZ_SEARCH_PATHS = /Users/gregoriomorelli/Documents/vibra/build/ios/Release-iphonesimulator/connectivity_plus 
               RPATH_ORIGIN = @loader_path
               RUNTIME_EXCEPTION_ALLOW_DYLD_ENVIRONMENT_VARIABLES = NO
               RUNTIME_EXCEPTION_ALLOW_JIT = NO
               RUNTIME_EXCEPTION_ALLOW_UNSIGNED_EXECUTABLE_MEMORY = NO
               RUNTIME_EXCEPTION_DEBUGGING_TOOL = NO
               RUNTIME_EXCEPTION_DISABLE_EXECUTABLE_PAGE_PROTECTION = NO
               RUNTIME_EXCEPTION_DISABLE_LIBRARY_VALIDATION = NO
               SCANNING_PCM_KEEP_CACHE_DIRECTORY = YES
               SCAN_ALL_SOURCE_FILES_FOR_INCLUDES = NO
               SCRIPTS_FOLDER_PATH = connectivity_plus_privacy.bundle/Scripts
               SDKROOT = /Applications/Xcode.app/Contents/Developer/Platforms/iPhoneSimulator.platform/Developer/SDKs/iPhoneSimulator26.5.sdk
               SDK_DIR = /Applications/Xcode.app/Contents/Developer/Platforms/iPhoneSimulator.platform/Developer/SDKs/iPhoneSimulator26.5.sdk
               SDK_DIR_iphonesimulator = /Applications/Xcode.app/Contents/Developer/Platforms/iPhoneSimulator.platform/Developer/SDKs/iPhoneSimulator26.5.sdk
               SDK_DIR_iphonesimulator26_5 = /Applications/Xcode.app/Contents/Developer/Platforms/iPhoneSimulator.platform/Developer/SDKs/iPhoneSimulator26.5.sdk
               SDK_NAME = iphonesimulator26.5
               SDK_NAMES = iphonesimulator26.5
               SDK_PRODUCT_BUILD_VERSION = 23F73
               SDK_STAT_CACHE_DIR = /var/folders/pg/x6t89f2n7s7299rcw8hv33180000gn/C/com.apple.DeveloperTools/26.5-17F42/Xcode
               SDK_STAT_CACHE_ENABLE = YES
               SDK_STAT_CACHE_PATH = /var/folders/pg/x6t89f2n7s7299rcw8hv33180000gn/C/com.apple.DeveloperTools/26.5-17F42/Xcode/SDKStatCaches.noindex/iphonesimulator26.5-23F73-6cfe768891a92b912361537c460fe42b.sdkstatcache
               SDK_VERSION = 26.5
               SDK_VERSION_ACTUAL = 260500
               SDK_VERSION_MAJOR = 260000
               SDK_VERSION_MINOR = 260500
               SED = /usr/bin/sed
               SEPARATE_STRIP = NO
               SEPARATE_SYMBOL_EDIT = NO
               SET_DIR_MODE_OWNER_GROUP = YES
               SET_FILE_MODE_OWNER_GROUP = NO
               SHALLOW_BUNDLE = YES
               SHALLOW_BUNDLE_TRIPLE = ios-simulator
               SHALLOW_BUNDLE_ios_macabi = NO
               SHALLOW_BUNDLE_macos = NO
               SHARED_DERIVED_FILE_DIR = /Users/gregoriomorelli/Documents/vibra/build/ios/Release-iphonesimulator/connectivity_plus/DerivedSources
               SHARED_FRAMEWORKS_FOLDER_PATH = connectivity_plus_privacy.bundle/SharedFrameworks
               SHARED_PRECOMPS_DIR = /Users/gregoriomorelli/Documents/vibra/build/ios/SharedPrecompiledHeaders
               SHARED_SUPPORT_FOLDER_PATH = connectivity_plus_privacy.bundle/SharedSupport
               SKIP_INSTALL = YES
               SKIP_MERGEABLE_LIBRARY_BUNDLE_HOOK = NO
               SOURCE_ROOT = /Users/gregoriomorelli/Documents/vibra/ios/Pods
               SRCROOT = /Users/gregoriomorelli/Documents/vibra/ios/Pods
               STRINGSDATA_DIR = /Users/gregoriomorelli/Documents/vibra/build/ios/Pods.build/Release-iphonesimulator/connectivity_plus-connectivity_plus_privacy.build/Objects-normal/undefined_arch
               STRINGSDATA_ROOT = /Users/gregoriomorelli/Documents/vibra/build/ios/Pods.build/Release-iphonesimulator/connectivity_plus-connectivity_plus_privacy.build
               STRINGS_FILE_INFOPLIST_RENAME = YES
               STRINGS_FILE_OUTPUT_ENCODING = binary
               STRING_CATALOG_GENERATE_SYMBOLS = NO
               STRIP_BITCODE_FROM_COPIED_FILES = NO
               STRIP_INSTALLED_PRODUCT = NO
               STRIP_STYLE = non-global
               STRIP_SWIFT_SYMBOLS = YES
               SUPPORTED_DEVICE_FAMILIES = 1,2
               SUPPORTED_PLATFORMS = iphoneos iphonesimulator
               SUPPORTS_TEXT_BASED_API = NO
               SUPPRESS_WARNINGS = NO
               SWIFT_COMPILATION_MODE = wholemodule
               SWIFT_EMIT_CONST_VALUE_PROTOCOLS = AnyResolverProviding AppEntity AppEnum AppExtension AppIntent AppIntentsPackage AppShortcutProviding AppShortcutsProvider AppUnionValue AppUnionValueCasesProviding DynamicOptionsProvider EntityQuery ExtensionPointDefining IntentValueQuery Resolver TransientEntity _AssistantIntentsProvider _GenerativeFunctionExtractable _IntentValueRepresentable
               SWIFT_EMIT_LOC_STRINGS = NO
               SWIFT_ENABLE_EXPLICIT_MODULES = YES
               SWIFT_OPTIMIZATION_LEVEL = -O
               SWIFT_PLATFORM_TARGET_PREFIX = ios
               SWIFT_RESPONSE_FILE_PATH_normal_arm64 = /Users/gregoriomorelli/Documents/vibra/build/ios/Pods.build/Release-iphonesimulator/connectivity_plus-connectivity_plus_privacy.build/Objects-normal/arm64/connectivity_plus_privacy.SwiftFileList
               SWIFT_RESPONSE_FILE_PATH_normal_x86_64 = /Users/gregoriomorelli/Documents/vibra/build/ios/Pods.build/Release-iphonesimulator/connectivity_plus-connectivity_plus_privacy.build/Objects-normal/x86_64/connectivity_plus_privacy.SwiftFileList
               SWIFT_VERSION = 5.0
               SYMROOT = /Users/gregoriomorelli/Documents/vibra/ios/build
               SYSTEM_ADMIN_APPS_DIR = /Applications/Utilities
               SYSTEM_APPS_DIR = /Applications
               SYSTEM_CORE_SERVICES_DIR = /System/Library/CoreServices
               SYSTEM_DEMOS_DIR = /Applications/Extras
               SYSTEM_DEVELOPER_APPS_DIR = /Applications/Xcode.app/Contents/Developer/Applications
               SYSTEM_DEVELOPER_BIN_DIR = /Applications/Xcode.app/Contents/Developer/usr/bin
               SYSTEM_DEVELOPER_DEMOS_DIR = /Applications/Xcode.app/Contents/Developer/Applications/Utilities/Built Examples
               SYSTEM_DEVELOPER_DIR = /Applications/Xcode.app/Contents/Developer
               SYSTEM_DEVELOPER_DOC_DIR = /Applications/Xcode.app/Contents/Developer/ADC Reference Library
               SYSTEM_DEVELOPER_GRAPHICS_TOOLS_DIR = /Applications/Xcode.app/Contents/Developer/Applications/Graphics Tools
               SYSTEM_DEVELOPER_JAVA_TOOLS_DIR = /Applications/Xcode.app/Contents/Developer/Applications/Java Tools
               SYSTEM_DEVELOPER_PERFORMANCE_TOOLS_DIR = /Applications/Xcode.app/Contents/Developer/Applications/Performance Tools
               SYSTEM_DEVELOPER_RELEASENOTES_DIR = /Applications/Xcode.app/Contents/Developer/ADC Reference Library/releasenotes
               SYSTEM_DEVELOPER_TOOLS = /Applications/Xcode.app/Contents/Developer/Tools
               SYSTEM_DEVELOPER_TOOLS_DOC_DIR = /Applications/Xcode.app/Contents/Developer/ADC Reference Library/documentation/DeveloperTools
               SYSTEM_DEVELOPER_TOOLS_RELEASENOTES_DIR = /Applications/Xcode.app/Contents/Developer/ADC Reference Library/releasenotes/DeveloperTools
               SYSTEM_DEVELOPER_USR_DIR = /Applications/Xcode.app/Contents/Developer/usr
               SYSTEM_DEVELOPER_UTILITIES_DIR = /Applications/Xcode.app/Contents/Developer/Applications/Utilities
               SYSTEM_DEXT_INSTALL_PATH = /System/Library/DriverExtensions
               SYSTEM_DOCUMENTATION_DIR = /Library/Documentation
               SYSTEM_EXTENSIONS_FOLDER_PATH = connectivity_plus_privacy.bundle/SystemExtensions
               SYSTEM_EXTENSIONS_FOLDER_PATH_SHALLOW_BUNDLE_NO = connectivity_plus_privacy.bundle/Library/SystemExtensions
               SYSTEM_EXTENSIONS_FOLDER_PATH_SHALLOW_BUNDLE_YES = connectivity_plus_privacy.bundle/SystemExtensions
               SYSTEM_KEXT_INSTALL_PATH = /System/Library/Extensions
               SYSTEM_LIBRARY_DIR = /System/Library
               TAPI_DEMANGLE = YES
               TAPI_ENABLE_PROJECT_HEADERS = NO
               TAPI_LANGUAGE = objective-c
               TAPI_LANGUAGE_STANDARD = compiler-default
               TAPI_USE_SRCROOT = YES
               TAPI_VERIFY_MODE = Pedantic
               TARGETED_DEVICE_FAMILY = 1,2
               TARGETNAME = connectivity_plus-connectivity_plus_privacy
               TARGET_BUILD_DIR = /Users/gregoriomorelli/Documents/vibra/build/ios/Release-iphonesimulator/connectivity_plus
               TARGET_NAME = connectivity_plus-connectivity_plus_privacy
               TARGET_TEMP_DIR = /Users/gregoriomorelli/Documents/vibra/build/ios/Pods.build/Release-iphonesimulator/connectivity_plus-connectivity_plus_privacy.build
               TEMP_DIR = /Users/gregoriomorelli/Documents/vibra/build/ios/Pods.build/Release-iphonesimulator/connectivity_plus-connectivity_plus_privacy.build
               TEMP_FILES_DIR = /Users/gregoriomorelli/Documents/vibra/build/ios/Pods.build/Release-iphonesimulator/connectivity_plus-connectivity_plus_privacy.build
               TEMP_FILE_DIR = /Users/gregoriomorelli/Documents/vibra/build/ios/Pods.build/Release-iphonesimulator/connectivity_plus-connectivity_plus_privacy.build
               TEMP_ROOT = /Users/gregoriomorelli/Documents/vibra/build/ios
               TEMP_SANDBOX_DIR = /Users/gregoriomorelli/Documents/vibra/build/ios/TemporaryTaskSandboxes
               TEST_FRAMEWORK_SEARCH_PATHS =  /Applications/Xcode.app/Contents/Developer/Platforms/iPhoneSimulator.platform/Developer/Library/Frameworks /Applications/Xcode.app/Contents/Developer/Platforms/iPhoneSimulator.platform/Developer/SDKs/iPhoneSimulator26.5.sdk/Developer/Library/Frameworks
               TEST_LIBRARY_SEARCH_PATHS =  /Applications/Xcode.app/Contents/Developer/Platforms/iPhoneSimulator.platform/Developer/usr/lib
               TOOLCHAINS = com.apple.dt.toolchain.XcodeDefault
               TOOLCHAIN_DIR = /Applications/Xcode.app/Contents/Developer/Toolchains/XcodeDefault.xctoolchain
               TREAT_MISSING_BASELINES_AS_TEST_FAILURES = NO
               TREAT_MISSING_SCRIPT_PHASE_OUTPUTS_AS_ERRORS = NO
               TVOS_DEPLOYMENT_TARGET = 26.5
               UID = 501
               UNINSTALLED_PRODUCTS_DIR = /Users/gregoriomorelli/Documents/vibra/build/ios/UninstalledProducts
               UNLOCALIZED_RESOURCES_FOLDER_PATH = connectivity_plus_privacy.bundle
               UNLOCALIZED_RESOURCES_FOLDER_PATH_SHALLOW_BUNDLE_NO = connectivity_plus_privacy.bundle/Resources
               UNLOCALIZED_RESOURCES_FOLDER_PATH_SHALLOW_BUNDLE_YES = connectivity_plus_privacy.bundle
               UNSTRIPPED_PRODUCT = NO
               USER = gregoriomorelli
               USER_APPS_DIR = /Users/gregoriomorelli/Applications
               USER_LIBRARY_DIR = /Users/gregoriomorelli/Library
               USE_DYNAMIC_NO_PIC = YES
               USE_HEADERMAP = YES
               USE_HEADER_SYMLINKS = NO
               USE_RECURSIVE_SCRIPT_INPUTS_IN_SCRIPT_PHASES = YES
               VALIDATE_DEVELOPMENT_ASSET_PATHS = YES_ERROR
               VALIDATE_PRODUCT = NO
               VALID_ARCHS = arm64 x86_64
               VERBOSE_PBXCP = NO
               VERSIONPLIST_PATH = connectivity_plus_privacy.bundle/version.plist
               VERSION_INFO_BUILDER = gregoriomorelli
               VERSION_INFO_FILE = connectivity_plus_privacy_vers.c
               VERSION_INFO_STRING = "@(#)PROGRAM:connectivity_plus_privacy  PROJECT:Pods-"
               WATCHOS_DEPLOYMENT_TARGET = 26.5
               WORKSPACE_DIR = /Users/gregoriomorelli/Documents/vibra/ios/Pods/Pods.xcodeproj
               WRAPPER_EXTENSION = bundle
               WRAPPER_NAME = connectivity_plus_privacy.bundle
               WRAPPER_SUFFIX = .bundle
               WRAP_ASSET_PACKS_IN_SEPARATE_DIRECTORIES = NO
               XCODE_APP_SUPPORT_DIR = /Applications/Xcode.app/Contents/Developer/Library/Xcode
               XCODE_PRODUCT_BUILD_VERSION = 17F42
               XCODE_VERSION_ACTUAL = 2650
               XCODE_VERSION_MAJOR = 2600
               XCODE_VERSION_MINOR = 2650
               XPCSERVICES_FOLDER_PATH = connectivity_plus_privacy.bundle/XPCServices
               XROS_DEPLOYMENT_TARGET = 26.5
               YACC = yacc
               _DISCOVER_COMMAND_LINE_LINKER_INPUTS = YES
               _DISCOVER_COMMAND_LINE_LINKER_INPUTS_INCLUDE_WL = YES
               _LD_MULTIARCH = YES
               _WRAPPER_CONTENTS_DIR_SHALLOW_BUNDLE_NO = /Contents
               _WRAPPER_PARENT_PATH_SHALLOW_BUNDLE_NO = /..
               _WRAPPER_RESOURCES_DIR_SHALLOW_BUNDLE_NO = /Resources
               __DIAGNOSE_DEPRECATED_ARCHS = YES
               __ORIGINAL_SDK_DEFINED_LLVM_TARGET_TRIPLE_SYS = ios
               arch = undefined_arch
               variant = normal

           Build settings for action build and target Firebase:
               ACTION = build
               AD_HOC_CODE_SIGNING_ALLOWED = YES
               ALLOW_BUILD_REQUEST_OVERRIDES = NO
               ALLOW_TARGET_PLATFORM_SPECIALIZATION = NO
               ALTERNATE_GROUP = staff
               ALTERNATE_MODE = u+w,go-w,a+rX
               ALTERNATE_OWNER = gregoriomorelli
               ALTERNATIVE_DISTRIBUTION_WEB = NO
               ALWAYS_EMBED_SWIFT_STANDARD_LIBRARIES = NO
               ALWAYS_SEARCH_USER_PATHS = NO
               ALWAYS_USE_SEPARATE_HEADERMAPS = NO
               APPLICATION_EXTENSION_API_ONLY = NO
               APPLY_RULES_IN_COPY_FILES = NO
               APPLY_RULES_IN_COPY_HEADERS = NO
               APP_SHORTCUTS_ENABLE_FLEXIBLE_MATCHING = YES
               ARCHS = arm64 x86_64
               ARCHS_BASE = arm64 x86_64
               ARCHS_STANDARD = arm64 x86_64
               ARCHS_STANDARD_32_64_BIT = arm64 x86_64
               ARCHS_STANDARD_64_BIT = arm64 x86_64
               ARCHS_STANDARD_INCLUDING_64_BIT = arm64 x86_64
               ARCHS_UNIVERSAL_IPHONE_OS = arm64 x86_64
               ASSETCATALOG_COMPILER_APPICON_NAME = AppIcon
               ASSETCATALOG_COMPILER_GLOBAL_ACCENT_COLOR_NAME = AccentColor
               AUTOMATICALLY_MERGE_DEPENDENCIES = NO
               AUTOMATION_APPLE_EVENTS = NO
               AVAILABLE_PLATFORMS = android appletvos appletvsimulator driverkit freebsd iphoneos iphonesimulator linux macosx none openbsd qnx watchos watchsimulator webassembly xros xrsimulator
               BUILD_ACTIVE_RESOURCES_ONLY = NO
               BUILD_COMPONENTS = headers build
               BUILD_DIR = /Users/gregoriomorelli/Documents/vibra/build/ios
               BUILD_LIBRARY_FOR_DISTRIBUTION = NO
               BUILD_ONLY_KNOWN_LOCALIZATIONS = NO
               BUILD_ROOT = /Users/gregoriomorelli/Documents/vibra/ios/build
               BUILD_STYLE = 
               BUILD_VARIANTS = normal
               BUILT_PRODUCTS_DIR = /Users/gregoriomorelli/Documents/vibra/build/ios/Release-iphonesimulator/Firebase
               BUNDLE_CONTENTS_FOLDER_PATH_deep = Contents/
               BUNDLE_EXECUTABLE_FOLDER_NAME_deep = MacOS
               BUNDLE_EXTENSIONS_FOLDER_PATH = Extensions
               BUNDLE_FORMAT = shallow
               BUNDLE_FRAMEWORKS_FOLDER_PATH = Frameworks
               BUNDLE_PLUGINS_FOLDER_PATH = PlugIns
               BUNDLE_PRIVATE_HEADERS_FOLDER_PATH = PrivateHeaders
               BUNDLE_PUBLIC_HEADERS_FOLDER_PATH = Headers
               CACHE_ROOT = /var/folders/pg/x6t89f2n7s7299rcw8hv33180000gn/C/com.apple.DeveloperTools/26.5-17F42/Xcode
               CCHROOT = /var/folders/pg/x6t89f2n7s7299rcw8hv33180000gn/C/com.apple.DeveloperTools/26.5-17F42/Xcode
               CHMOD = /bin/chmod
               CHOWN = chown
               CLANG_ANALYZER_LOCALIZABILITY_NONLOCALIZED = YES
               CLANG_ANALYZER_NONNULL = YES
               CLANG_ANALYZER_NUMBER_OBJECT_CONVERSION = YES_AGGRESSIVE
               CLANG_CACHE_FINE_GRAINED_OUTPUTS = YES
               CLANG_CXX_LANGUAGE_STANDARD = gnu++14
               CLANG_CXX_LIBRARY = libc++
               CLANG_ENABLE_EXPLICIT_MODULES = YES
               CLANG_ENABLE_MODULES = YES
               CLANG_ENABLE_OBJC_ARC = YES
               CLANG_ENABLE_OBJC_WEAK = NO
               CLANG_MODULES_BUILD_SESSION_FILE = /var/folders/pg/x6t89f2n7s7299rcw8hv33180000gn/C/org.llvm.clang/ModuleCache.noindex/Session.modulevalidation
               CLANG_WARN_BLOCK_CAPTURE_AUTORELEASING = YES
               CLANG_WARN_BOOL_CONVERSION = YES
               CLANG_WARN_COMMA = YES
               CLANG_WARN_CONSTANT_CONVERSION = YES
               CLANG_WARN_DEPRECATED_OBJC_IMPLEMENTATIONS = YES
               CLANG_WARN_DIRECT_OBJC_ISA_USAGE = YES_ERROR
               CLANG_WARN_DOCUMENTATION_COMMENTS = YES
               CLANG_WARN_EMPTY_BODY = YES
               CLANG_WARN_ENUM_CONVERSION = YES
               CLANG_WARN_INFINITE_RECURSION = YES
               CLANG_WARN_INT_CONVERSION = YES
               CLANG_WARN_NON_LITERAL_NULL_CONVERSION = YES
               CLANG_WARN_OBJC_IMPLICIT_RETAIN_SELF = YES
               CLANG_WARN_OBJC_LITERAL_CONVERSION = YES
               CLANG_WARN_OBJC_ROOT_CLASS = YES_ERROR
               CLANG_WARN_QUOTED_INCLUDE_IN_FRAMEWORK_HEADER = NO
               CLANG_WARN_RANGE_LOOP_ANALYSIS = YES
               CLANG_WARN_STRICT_PROTOTYPES = YES
               CLANG_WARN_SUSPICIOUS_MOVE = YES
               CLANG_WARN_UNGUARDED_AVAILABILITY = YES_AGGRESSIVE
               CLANG_WARN_UNREACHABLE_CODE = YES
               CLANG_WARN__DUPLICATE_METHOD_MATCH = YES
               CLASS_FILE_DIR = /Users/gregoriomorelli/Documents/vibra/build/ios/Pods.build/Release-iphonesimulator/Firebase.build/JavaClasses
               CLEAN_PRECOMPS = YES
               CLONE_HEADERS = NO
               CODESIGNING_FOLDER_PATH = /Users/gregoriomorelli/Documents/vibra/build/ios/Release-iphonesimulator/Firebase/
               CODE_SIGNING_ALLOWED = NO
               CODE_SIGNING_REQUIRED = YES
               CODE_SIGN_CONTEXT_CLASS = XCiPhoneSimulatorCodeSignContext
               CODE_SIGN_IDENTITY = -
               CODE_SIGN_INJECT_BASE_ENTITLEMENTS = YES
               COLOR_DIAGNOSTICS = NO
               COMBINE_HIDPI_IMAGES = NO
               COMPILATION_CACHE_CAS_PATH = /var/folders/pg/x6t89f2n7s7299rcw8hv33180000gn/C/com.apple.DeveloperTools/26.5-17F42/Xcode/CompilationCache.noindex
               COMPILATION_CACHE_KEEP_CAS_DIRECTORY = YES
               COMPILER_INDEX_STORE_ENABLE = Default
               COMPOSITE_SDK_DIRS = /Users/gregoriomorelli/Documents/vibra/build/ios/CompositeSDKs
               COMPRESS_PNG_FILES = YES
               CONFIGURATION = Release
               CONFIGURATION_BUILD_DIR = /Users/gregoriomorelli/Documents/vibra/build/ios/Release-iphonesimulator/Firebase
               CONFIGURATION_TEMP_DIR = /Users/gregoriomorelli/Documents/vibra/build/ios/Pods.build/Release-iphonesimulator
               COPYING_PRESERVES_HFS_DATA = NO
               COPY_HEADERS_RUN_UNIFDEF = NO
               COPY_PHASE_STRIP = NO
               CORRESPONDING_DEVICE_PLATFORM_DIR = /Applications/Xcode.app/Contents/Developer/Platforms/iPhoneOS.platform
               CORRESPONDING_DEVICE_PLATFORM_NAME = iphoneos
               CORRESPONDING_DEVICE_SDK_DIR = /Applications/Xcode.app/Contents/Developer/Platforms/iPhoneOS.platform/Developer/SDKs/iPhoneOS26.5.sdk
               CORRESPONDING_DEVICE_SDK_NAME = iphoneos26.5
               CP = /bin/cp
               CREATE_INFOPLIST_SECTION_IN_BINARY = NO
               CURRENT_ARCH = undefined_arch
               CURRENT_VARIANT = normal
               DEAD_CODE_STRIPPING = YES
               DEBUGGING_SYMBOLS = YES
               DEBUG_INFORMATION_FORMAT = dwarf-with-dsym
               DEBUG_INFORMATION_VERSION = compiler-default
               DEFAULT_COMPILER = com.apple.compilers.llvm.clang.1_0
               DEFAULT_DEXT_INSTALL_PATH = /System/Library/DriverExtensions
               DEFAULT_KEXT_INSTALL_PATH = /System/Library/Extensions
               DEFINES_MODULE = NO
               DEPLOYMENT_LOCATION = NO
               DEPLOYMENT_POSTPROCESSING = NO
               DEPLOYMENT_TARGET_SETTING_NAME = IPHONEOS_DEPLOYMENT_TARGET
               DEPLOYMENT_TARGET_SUGGESTED_VALUES = 12.0 12.1 12.2 12.3 12.4 13.0 13.1 13.2 13.3 13.4 13.5 13.6 14.0 14.1 14.2 14.3 14.4 14.5 14.6 14.7 15.0 15.1 15.2 15.3 15.4 15.5 15.6 16.0 16.1 16.2 16.3 16.4 16.5 16.6 17.0 17.1 17.2 17.3 17.4 17.5 17.6 18.0 18.1 18.2 18.3 18.4 18.5 18.6 26.0 26.2 26.3 26.4 26.5
               DERIVED_FILES_DIR = /Users/gregoriomorelli/Documents/vibra/build/ios/Pods.build/Release-iphonesimulator/Firebase.build/DerivedSources
               DERIVED_FILE_DIR = /Users/gregoriomorelli/Documents/vibra/build/ios/Pods.build/Release-iphonesimulator/Firebase.build/DerivedSources
               DERIVED_SOURCES_DIR = /Users/gregoriomorelli/Documents/vibra/build/ios/Pods.build/Release-iphonesimulator/Firebase.build/DerivedSources
               DEVELOPER_APPLICATIONS_DIR = /Applications/Xcode.app/Contents/Developer/Applications
               DEVELOPER_BIN_DIR = /Applications/Xcode.app/Contents/Developer/usr/bin
               DEVELOPER_DIR = /Applications/Xcode.app/Contents/Developer
               DEVELOPER_FRAMEWORKS_DIR = /Applications/Xcode.app/Contents/Developer/Library/Frameworks
               DEVELOPER_FRAMEWORKS_DIR_QUOTED = /Applications/Xcode.app/Contents/Developer/Library/Frameworks
               DEVELOPER_LIBRARY_DIR = /Applications/Xcode.app/Contents/Developer/Library
               DEVELOPER_SDK_DIR = /Applications/Xcode.app/Contents/Developer/Platforms/MacOSX.platform/Developer/SDKs
               DEVELOPER_TOOLS_DIR = /Applications/Xcode.app/Contents/Developer/Tools
               DEVELOPER_USR_DIR = /Applications/Xcode.app/Contents/Developer/usr
               DEVELOPMENT_LANGUAGE = en
               DIAGNOSE_MISSING_TARGET_DEPENDENCIES = YES
               DIFF = /usr/bin/diff
               DONT_GENERATE_INFOPLIST_FILE = NO
               DRIVERKIT_DEPLOYMENT_TARGET = 25.5
               DSTROOT = /tmp/Pods.dst
               DT_TOOLCHAIN_DIR = /Applications/Xcode.app/Contents/Developer/Toolchains/XcodeDefault.xctoolchain
               DUMP_DEPENDENCIES = NO
               DUMP_DEPENDENCIES_OUTPUT_PATH = /Users/gregoriomorelli/Documents/vibra/build/ios/Pods.build/Release-iphonesimulator/Firebase.build/Firebase-BuildDependencyInfo.json
               DWARF_DSYM_FILE_NAME = .dSYM
               DWARF_DSYM_FILE_SHOULD_ACCOMPANY_PRODUCT = NO
               DWARF_DSYM_FOLDER_PATH = /Users/gregoriomorelli/Documents/vibra/build/ios/Release-iphonesimulator/Firebase
               DYNAMIC_LIBRARY_EXTENSION = dylib
               EAGER_COMPILATION_ALLOW_SCRIPTS = NO
               EAGER_LINKING = NO
               EFFECTIVE_PLATFORM_NAME = -iphonesimulator
               EFFECTIVE_SWIFT_VERSION = 5
               EMBEDDED_CONTENT_CONTAINS_SWIFT = NO
               EMBED_ASSET_PACKS_IN_PRODUCT_BUNDLE = NO
               ENABLE_APP_SANDBOX = NO
               ENABLE_CODE_COVERAGE = YES
               ENABLE_COHORT_ARCHS = NO
               ENABLE_CPLUSPLUS_BOUNDS_SAFE_BUFFERS = NO
               ENABLE_C_BOUNDS_SAFETY = NO
               ENABLE_DEFAULT_HEADER_SEARCH_PATHS = YES
               ENABLE_DEFAULT_SEARCH_PATHS = YES
               ENABLE_ENHANCED_SECURITY = NO
               ENABLE_HARDENED_RUNTIME = NO
               ENABLE_HEADER_DEPENDENCIES = YES
               ENABLE_INCOMING_NETWORK_CONNECTIONS = NO
               ENABLE_NS_ASSERTIONS = NO
               ENABLE_ON_DEMAND_RESOURCES = NO
               ENABLE_OUTGOING_NETWORK_CONNECTIONS = NO
               ENABLE_POINTER_AUTHENTICATION = NO
               ENABLE_RESOURCE_ACCESS_AUDIO_INPUT = NO
               ENABLE_RESOURCE_ACCESS_BLUETOOTH = NO
               ENABLE_RESOURCE_ACCESS_CALENDARS = NO
               ENABLE_RESOURCE_ACCESS_CAMERA = NO
               ENABLE_RESOURCE_ACCESS_CONTACTS = NO
               ENABLE_RESOURCE_ACCESS_LOCATION = NO
               ENABLE_RESOURCE_ACCESS_PHOTO_LIBRARY = NO
               ENABLE_RESOURCE_ACCESS_PRINTING = NO
               ENABLE_RESOURCE_ACCESS_USB = NO
               ENABLE_SDK_IMPORTS = NO
               ENABLE_SECURITY_COMPILER_WARNINGS = NO
               ENABLE_STRICT_OBJC_MSGSEND = YES
               ENABLE_TESTABILITY = NO
               ENABLE_TESTING_SEARCH_PATHS = NO
               ENABLE_USER_SCRIPT_SANDBOXING = NO
               ENFORCE_VALID_ARCHS = YES
               ENTITLEMENTS_DESTINATION = __entitlements
               ENTITLEMENTS_REQUIRED = YES
               EXCLUDED_INSTALLSRC_SUBDIRECTORY_PATTERNS = .DS_Store .svn .git .hg CVS
               EXCLUDED_RECURSIVE_SEARCH_PATH_SUBDIRECTORIES = *.nib *.lproj *.framework *.gch *.xcode* *.xcassets *.icon (*) .DS_Store CVS .svn .git .hg *.pbproj *.pbxproj
               FILE_LIST = /Users/gregoriomorelli/Documents/vibra/build/ios/Pods.build/Release-iphonesimulator/Firebase.build/Objects/LinkFileList
               FIXED_FILES_DIR = /Users/gregoriomorelli/Documents/vibra/build/ios/Pods.build/Release-iphonesimulator/Firebase.build/FixedFiles
               FRAMEWORK_SEARCH_PATHS =  "/Users/gregoriomorelli/Documents/vibra/build/ios/Release-iphonesimulator/FirebaseCore" "/Users/gregoriomorelli/Documents/vibra/build/ios/Release-iphonesimulator/FirebaseCoreInternal" "/Users/gregoriomorelli/Documents/vibra/build/ios/Release-iphonesimulator/FirebaseInstallations" "/Users/gregoriomorelli/Documents/vibra/build/ios/Release-iphonesimulator/FirebaseMessaging" "/Users/gregoriomorelli/Documents/vibra/build/ios/Release-iphonesimulator/GoogleDataTransport" "/Users/gregoriomorelli/Documents/vibra/build/ios/Release-iphonesimulator/GoogleUtilities" "/Users/gregoriomorelli/Documents/vibra/build/ios/Release-iphonesimulator/PromisesObjC" "/Users/gregoriomorelli/Documents/vibra/build/ios/Release-iphonesimulator/nanopb"
               FRAMEWORK_VERSION = A
               FUSE_BUILD_PHASES = YES
               FUSE_BUILD_SCRIPT_PHASES = NO
               GCC3_VERSION = 3.3
               GCC_C_LANGUAGE_STANDARD = gnu11
               GCC_NO_COMMON_BLOCKS = YES
               GCC_OBJC_LEGACY_DISPATCH = YES
               GCC_PFE_FILE_C_DIALECTS = c objective-c c++ objective-c++
               GCC_PREPROCESSOR_DEFINITIONS = POD_CONFIGURATION_RELEASE=1  COCOAPODS=1
               GCC_TREAT_WARNINGS_AS_ERRORS = NO
               GCC_VERSION = com.apple.compilers.llvm.clang.1_0
               GCC_VERSION_IDENTIFIER = com_apple_compilers_llvm_clang_1_0
               GCC_WARN_64_TO_32_BIT_CONVERSION = YES
               GCC_WARN_ABOUT_RETURN_TYPE = YES_ERROR
               GCC_WARN_UNDECLARED_SELECTOR = YES
               GCC_WARN_UNINITIALIZED_AUTOS = YES_AGGRESSIVE
               GCC_WARN_UNUSED_FUNCTION = YES
               GCC_WARN_UNUSED_VARIABLE = YES
               GENERATED_MODULEMAP_DIR = /Users/gregoriomorelli/Documents/vibra/build/ios/GeneratedModuleMaps-iphonesimulator
               GENERATE_INFOPLIST_FILE = NO
               GENERATE_INTERMEDIATE_TEXT_BASED_STUBS = YES
               GENERATE_PKGINFO_FILE = NO
               GENERATE_PRELINK_OBJECT_FILE = NO
               GENERATE_PROFILING_CODE = NO
               GENERATE_TEXT_BASED_STUBS = NO
               GID = 20
               GROUP = staff
               HEADERMAP_INCLUDES_FLAT_ENTRIES_FOR_TARGET_BEING_BUILT = YES
               HEADERMAP_INCLUDES_FRAMEWORK_ENTRIES_FOR_ALL_PRODUCT_TYPES = YES
               HEADERMAP_INCLUDES_FRAMEWORK_ENTRIES_FOR_TARGETS_NOT_BEING_BUILT = YES
               HEADERMAP_INCLUDES_NONPUBLIC_NONPRIVATE_HEADERS = YES
               HEADERMAP_INCLUDES_PROJECT_HEADERS = YES
               HEADERMAP_USES_FRAMEWORK_PREFIX_ENTRIES = YES
               HEADERMAP_USES_VFS = NO
               HEADER_SEARCH_PATHS =  "/Users/gregoriomorelli/Documents/vibra/ios/Pods/Headers/Private" "/Users/gregoriomorelli/Documents/vibra/ios/Pods/Headers/Private/Firebase" "/Users/gregoriomorelli/Documents/vibra/ios/Pods/Headers/Public"
               HOME = /Users/gregoriomorelli
               HOST_ARCH = arm64
               HOST_PLATFORM = macosx
               ICONV = /usr/bin/iconv
               IMPLICIT_DEPENDENCY_DOMAIN = default
               INDEX_STORE_COMPRESS = NO
               INDEX_STORE_ONLY_PROJECT_FILES = NO
               INFOPLIST_ENABLE_CFBUNDLEICONS_MERGE = YES
               INFOPLIST_EXPAND_BUILD_SETTINGS = YES
               INFOPLIST_OUTPUT_FORMAT = binary
               INFOPLIST_PREPROCESS = NO
               INLINE_PRIVATE_FRAMEWORKS = NO
               INSTALLAPI_IGNORE_SKIP_INSTALL = YES
               INSTALLHDRS_COPY_PHASE = NO
               INSTALLHDRS_SCRIPT_PHASE = NO
               INSTALL_DIR = /tmp/Pods.dst
               INSTALL_GROUP = staff
               INSTALL_MODE_FLAG = u+w,go-w,a+rX
               INSTALL_OWNER = gregoriomorelli
               INSTALL_ROOT = /tmp/Pods.dst
               IPHONEOS_DEPLOYMENT_TARGET = 13.0
               IS_UNOPTIMIZED_BUILD = NO
               JAVAC_DEFAULT_FLAGS = -J-Xms64m -J-XX:NewSize=4M -J-Dfile.encoding=UTF8
               JAVA_APP_STUB = /System/Library/Frameworks/JavaVM.framework/Resources/MacOS/JavaApplicationStub
               JAVA_ARCHIVE_CLASSES = YES
               JAVA_ARCHIVE_TYPE = JAR
               JAVA_COMPILER = /usr/bin/javac
               JAVA_FRAMEWORK_RESOURCES_DIRS = Resources
               JAVA_JAR_FLAGS = cv
               JAVA_SOURCE_SUBDIR = .
               JAVA_USE_DEPENDENCIES = YES
               JAVA_ZIP_FLAGS = -urg
               JIKES_DEFAULT_FLAGS = +E +OLDCSO
               KEEP_PRIVATE_EXTERNS = NO
               LD_DEPENDENCY_INFO_FILE = /Users/gregoriomorelli/Documents/vibra/build/ios/Pods.build/Release-iphonesimulator/Firebase.build/Objects-normal/undefined_arch/Firebase_dependency_info.dat
               LD_EXPORT_SYMBOLS = YES
               LD_GENERATE_MAP_FILE = NO
               LD_MAP_FILE_PATH = /Users/gregoriomorelli/Documents/vibra/build/ios/Pods.build/Release-iphonesimulator/Firebase.build/Firebase-LinkMap-normal-undefined_arch.txt
               LD_NO_PIE = NO
               LD_QUOTE_LINKER_ARGUMENTS_FOR_COMPILER_DRIVER = YES
               LD_RUNPATH_SEARCH_PATHS =  @executable_path/Frameworks
               LD_SHARED_CACHE_ELIGIBLE = Automatic
               LD_WARN_DUPLICATE_LIBRARIES = NO
               LD_WARN_UNUSED_DYLIBS = NO
               LEGACY_DEVELOPER_DIR = /Applications/Xcode.app/Contents/PlugIns/Xcode3Core.ideplugin/Contents/SharedSupport/Developer
               LEX = lex
               LIBRARY_DEXT_INSTALL_PATH = /Library/DriverExtensions
               LIBRARY_FLAG_NOSPACE = YES
               LIBRARY_KEXT_INSTALL_PATH = /Library/Extensions
               LIBRARY_SEARCH_PATHS =  "/Applications/Xcode.app/Contents/Developer/Toolchains/XcodeDefault.xctoolchain/usr/lib/swift/iphonesimulator" /usr/lib/swift
               LINKER_DISPLAYS_MANGLED_NAMES = NO
               LINK_FILE_LIST_normal_arm64 = /Users/gregoriomorelli/Documents/vibra/build/ios/Pods.build/Release-iphonesimulator/Firebase.build/Objects-normal/arm64/Firebase.LinkFileList
               LINK_FILE_LIST_normal_x86_64 = /Users/gregoriomorelli/Documents/vibra/build/ios/Pods.build/Release-iphonesimulator/Firebase.build/Objects-normal/x86_64/Firebase.LinkFileList
               LINK_OBJC_RUNTIME = YES
               LINK_WITH_STANDARD_LIBRARIES = YES
               LLVM_TARGET_TRIPLE_OS_VERSION = ios13.0
               LLVM_TARGET_TRIPLE_SUFFIX = -simulator
               LLVM_TARGET_TRIPLE_VENDOR = apple
               LM_AUX_CONST_METADATA_LIST_PATH_normal_arm64 = /Users/gregoriomorelli/Documents/vibra/build/ios/Pods.build/Release-iphonesimulator/Firebase.build/Objects-normal/arm64/Firebase.SwiftConstValuesFileList
               LM_AUX_CONST_METADATA_LIST_PATH_normal_x86_64 = /Users/gregoriomorelli/Documents/vibra/build/ios/Pods.build/Release-iphonesimulator/Firebase.build/Objects-normal/x86_64/Firebase.SwiftConstValuesFileList
               LOCALIZATION_EXPORT_SUPPORTED = YES
               LOCALIZATION_PREFERS_STRING_CATALOGS = NO
               LOCALIZED_STRING_CODE_COMMENTS = NO
               LOCALIZED_STRING_MACRO_NAMES = NSLocalizedString CFCopyLocalizedString
               LOCALIZED_STRING_SWIFTUI_SUPPORT = YES
               LOCAL_ADMIN_APPS_DIR = /Applications/Utilities
               LOCAL_APPS_DIR = /Applications
               LOCAL_DEVELOPER_DIR = /Library/Developer
               LOCAL_LIBRARY_DIR = /Library
               LOCROOT = /Users/gregoriomorelli/Documents/vibra/ios/Pods
               LOCSYMROOT = /Users/gregoriomorelli/Documents/vibra/ios/Pods
               MACOSX_DEPLOYMENT_TARGET = 26.5
               MAC_OS_X_PRODUCT_BUILD_VERSION = 25F84
               MAC_OS_X_VERSION_ACTUAL = 260502
               MAC_OS_X_VERSION_MAJOR = 260000
               MAC_OS_X_VERSION_MINOR = 260500
               MAKE_MERGEABLE = NO
               MERGEABLE_LIBRARY = NO
               MERGED_BINARY_TYPE = none
               MERGE_LINKED_LIBRARIES = NO
               METAL_LIBRARY_FILE_BASE = default
               METAL_LIBRARY_OUTPUT_DIR = /Users/gregoriomorelli/Documents/vibra/build/ios/Release-iphonesimulator/Firebase/
               MTL_ENABLE_DEBUG_INFO = NO
               MTL_FAST_MATH = YES
               NATIVE_ARCH = arm64
               NATIVE_ARCH_32_BIT = arm
               NATIVE_ARCH_64_BIT = arm64
               NATIVE_ARCH_ACTUAL = arm64
               NO_COMMON = YES
               OBJC_ABI_VERSION = 2
               OBJECT_FILE_DIR = /Users/gregoriomorelli/Documents/vibra/build/ios/Pods.build/Release-iphonesimulator/Firebase.build/Objects
               OBJECT_FILE_DIR_normal = /Users/gregoriomorelli/Documents/vibra/build/ios/Pods.build/Release-iphonesimulator/Firebase.build/Objects-normal
               OBJROOT = /Users/gregoriomorelli/Documents/vibra/build/ios
               ONLY_ACTIVE_ARCH = NO
               OS = MACOS
               OSAC = /usr/bin/osacompile
               OTHER_LDFLAGS =  -weak_framework "UserNotifications"
               OTHER_SWIFT_FLAGS =  -D COCOAPODS
               PASCAL_STRINGS = YES
               PATH = /Applications/Xcode.app/Contents/SharedFrameworks/SwiftBuild.framework/Versions/A/PlugIns/SWBBuildService.bundle/Contents/PlugIns/SWBUniversalPlatformPlugin.bundle/Contents/Frameworks/SWBUniversalPlatform.framework/Resources:/Applications/Xcode.app/Contents/Developer/Toolchains/XcodeDefault.xctoolchain/usr/bin:/Applications/Xcode.app/Contents/Developer/Toolchains/XcodeDefault.xctoolchain/usr/local/bin:/Applications/Xcode.app/Contents/Developer/Toolchains/XcodeDefault.xctoolchain/usr/libexec:/Applications/Xcode.app/Contents/Developer/Platforms/iPhoneSimulator.platform/usr/bin:/Applications/Xcode.app/Contents/Developer/Platforms/iPhoneSimulator.platform/usr/local/bin:/Applications/Xcode.app/Contents/Developer/Platforms/iPhoneSimulator.platform/Developer/usr/bin:/Applications/Xcode.app/Contents/Developer/Platforms/iPhoneSimulator.platform/Developer/usr/local/bin:/Applications/Xcode.app/Contents/Developer/usr/bin:/Applications/Xcode.app/Contents/Developer/usr/local/bin:/Users/gregoriomorelli/.gemini/antigravity/bin:/Users/gregoriomorelli/Library/Application Support/Antigravity/bin:/opt/homebrew/bin:/opt/homebrew/sbin:/Library/Developer/CommandLineTools/usr/bin:/Users/gregoriomorelli/development/flutter/bin:/Users/gregoriomorelli/Library/Android/sdk/platform-tools:/Users/gregoriomorelli/Library/Android/sdk/cmdline-tools/latest/bin:/Users/gregoriomorelli/Library/Android/sdk/emulator:/Users/gregoriomorelli/.antigravity-ide/antigravity-ide/bin:/Users/gregoriomorelli/.antigravity/antigravity/bin:/Applications/XAMPP/xamppfiles/bin:/Users/gregoriomorelli/develop/flutter/bin:/usr/local/bin:/System/Cryptexes/App/usr/bin:/usr/bin:/bin:/usr/sbin:/sbin:/var/run/com.apple.security.cryptexd/codex.system/bootstrap/usr/local/bin:/var/run/com.apple.security.cryptexd/codex.system/bootstrap/usr/bin:/var/run/com.apple.security.cryptexd/codex.system/bootstrap/usr/appleinternal/bin:/pkg/env/global/bin:/Users/gregoriomorelli/.spicetify
               PATH_PREFIXES_EXCLUDED_FROM_HEADER_DEPENDENCIES = /usr/include /usr/local/include /System/Library/Frameworks /System/Library/PrivateFrameworks /Applications/Xcode.app/Contents/Developer/Headers /Applications/Xcode.app/Contents/Developer/SDKs /Applications/Xcode.app/Contents/Developer/Platforms
               PER_ARCH_MODULE_FILE_DIR = /Users/gregoriomorelli/Documents/vibra/build/ios/Pods.build/Release-iphonesimulator/Firebase.build/Objects-normal/undefined_arch
               PER_ARCH_OBJECT_FILE_DIR = /Users/gregoriomorelli/Documents/vibra/build/ios/Pods.build/Release-iphonesimulator/Firebase.build/Objects-normal/undefined_arch
               PER_VARIANT_OBJECT_FILE_DIR = /Users/gregoriomorelli/Documents/vibra/build/ios/Pods.build/Release-iphonesimulator/Firebase.build/Objects-normal
               PKGINFO_FILE_PATH = /Users/gregoriomorelli/Documents/vibra/build/ios/Pods.build/Release-iphonesimulator/Firebase.build/PkgInfo
               PLATFORM_DEVELOPER_APPLICATIONS_DIR = /Applications/Xcode.app/Contents/Developer/Platforms/iPhoneSimulator.platform/Developer/Applications
               PLATFORM_DEVELOPER_BIN_DIR = /Applications/Xcode.app/Contents/Developer/Platforms/iPhoneSimulator.platform/Developer/usr/bin
               PLATFORM_DEVELOPER_LIBRARY_DIR = /Applications/Xcode.app/Contents/Developer/Platforms/iPhoneSimulator.platform/Developer/Library
               PLATFORM_DEVELOPER_SDK_DIR = /Applications/Xcode.app/Contents/Developer/Platforms/iPhoneSimulator.platform/Developer/SDKs
               PLATFORM_DEVELOPER_TOOLS_DIR = /Applications/Xcode.app/Contents/Developer/Platforms/iPhoneSimulator.platform/Developer/Tools
               PLATFORM_DEVELOPER_USR_DIR = /Applications/Xcode.app/Contents/Developer/Platforms/iPhoneSimulator.platform/Developer/usr
               PLATFORM_DIR = /Applications/Xcode.app/Contents/Developer/Platforms/iPhoneSimulator.platform
               PLATFORM_DISPLAY_NAME = iOS Simulator
               PLATFORM_FAMILY_NAME = iOS
               PLATFORM_NAME = iphonesimulator
               PLATFORM_PREFERRED_ARCH = x86_64
               PLATFORM_PRODUCT_BUILD_VERSION = 23F73
               PLATFORM_REQUIRES_SWIFT_AUTOLINK_EXTRACT = NO
               PLATFORM_REQUIRES_SWIFT_MODULEWRAP = NO
               PLATFORM_USES_DSYMS = YES
               PLIST_FILE_OUTPUT_FORMAT = binary
               PODS_BUILD_DIR = /Users/gregoriomorelli/Documents/vibra/build/ios
               PODS_CONFIGURATION_BUILD_DIR = /Users/gregoriomorelli/Documents/vibra/build/ios/Release-iphonesimulator
               PODS_DEVELOPMENT_LANGUAGE = en
               PODS_ROOT = /Users/gregoriomorelli/Documents/vibra/ios/Pods
               PODS_TARGET_SRCROOT = /Users/gregoriomorelli/Documents/vibra/ios/Pods/Firebase
               PODS_XCFRAMEWORKS_BUILD_DIR = /Users/gregoriomorelli/Documents/vibra/build/ios/Release-iphonesimulator/XCFrameworkIntermediates
               PRECOMPS_INCLUDE_HEADERS_FROM_BUILT_PRODUCTS_DIR = YES
               PRECOMP_DESTINATION_DIR = /Users/gregoriomorelli/Documents/vibra/build/ios/Pods.build/Release-iphonesimulator/Firebase.build/PrefixHeaders
               PROCESSED_INFOPLIST_PATH = /Users/gregoriomorelli/Documents/vibra/build/ios/Pods.build/Release-iphonesimulator/Firebase.build/Objects-normal/undefined_arch/Processed-Info.plist
               PRODUCT_BUNDLE_IDENTIFIER = org.cocoapods.Firebase
               PRODUCT_MODULE_NAME = Firebase
               PRODUCT_NAME = Firebase
               PRODUCT_SETTINGS_PATH = 
               PROFILING_CODE = NO
               PROJECT = Pods
               PROJECT_DERIVED_FILE_DIR = /Users/gregoriomorelli/Documents/vibra/build/ios/Pods.build/DerivedSources
               PROJECT_DIR = /Users/gregoriomorelli/Documents/vibra/ios/Pods
               PROJECT_FILE_PATH = /Users/gregoriomorelli/Documents/vibra/ios/Pods/Pods.xcodeproj
               PROJECT_GUID = bfdfe7dc352907fc980b868725387e98
               PROJECT_NAME = Pods
               PROJECT_TEMP_DIR = /Users/gregoriomorelli/Documents/vibra/build/ios/Pods.build
               PROJECT_TEMP_ROOT = /Users/gregoriomorelli/Documents/vibra/build/ios
               RECOMMENDED_IPHONEOS_DEPLOYMENT_TARGET = 15.0
               RECURSIVE_SEARCH_PATHS_FOLLOW_SYMLINKS = YES
               REMOVE_CVS_FROM_RESOURCES = YES
               REMOVE_GIT_FROM_RESOURCES = YES
               REMOVE_HEADERS_FROM_EMBEDDED_BUNDLES = YES
               REMOVE_HG_FROM_RESOURCES = YES
               REMOVE_STATIC_EXECUTABLES_FROM_EMBEDDED_BUNDLES = YES
               REMOVE_SVN_FROM_RESOURCES = YES
               RESCHEDULE_INDEPENDENT_HEADERS_PHASES = YES
               REZ_COLLECTOR_DIR = /Users/gregoriomorelli/Documents/vibra/build/ios/Pods.build/Release-iphonesimulator/Firebase.build/ResourceManagerResources
               REZ_OBJECTS_DIR = /Users/gregoriomorelli/Documents/vibra/build/ios/Pods.build/Release-iphonesimulator/Firebase.build/ResourceManagerResources/Objects
               RPATH_ORIGIN = @loader_path
               RUNTIME_EXCEPTION_ALLOW_DYLD_ENVIRONMENT_VARIABLES = NO
               RUNTIME_EXCEPTION_ALLOW_JIT = NO
               RUNTIME_EXCEPTION_ALLOW_UNSIGNED_EXECUTABLE_MEMORY = NO
               RUNTIME_EXCEPTION_DEBUGGING_TOOL = NO
               RUNTIME_EXCEPTION_DISABLE_EXECUTABLE_PAGE_PROTECTION = NO
               RUNTIME_EXCEPTION_DISABLE_LIBRARY_VALIDATION = NO
               SCANNING_PCM_KEEP_CACHE_DIRECTORY = YES
               SCAN_ALL_SOURCE_FILES_FOR_INCLUDES = NO
               SDKROOT = /Applications/Xcode.app/Contents/Developer/Platforms/iPhoneSimulator.platform/Developer/SDKs/iPhoneSimulator26.5.sdk
               SDK_DIR = /Applications/Xcode.app/Contents/Developer/Platforms/iPhoneSimulator.platform/Developer/SDKs/iPhoneSimulator26.5.sdk
               SDK_DIR_iphonesimulator = /Applications/Xcode.app/Contents/Developer/Platforms/iPhoneSimulator.platform/Developer/SDKs/iPhoneSimulator26.5.sdk
               SDK_DIR_iphonesimulator26_5 = /Applications/Xcode.app/Contents/Developer/Platforms/iPhoneSimulator.platform/Developer/SDKs/iPhoneSimulator26.5.sdk
               SDK_NAME = iphonesimulator26.5
               SDK_NAMES = iphonesimulator26.5
               SDK_PRODUCT_BUILD_VERSION = 23F73
               SDK_STAT_CACHE_DIR = /var/folders/pg/x6t89f2n7s7299rcw8hv33180000gn/C/com.apple.DeveloperTools/26.5-17F42/Xcode
               SDK_STAT_CACHE_ENABLE = YES
               SDK_STAT_CACHE_PATH = /var/folders/pg/x6t89f2n7s7299rcw8hv33180000gn/C/com.apple.DeveloperTools/26.5-17F42/Xcode/SDKStatCaches.noindex/iphonesimulator26.5-23F73-6cfe768891a92b912361537c460fe42b.sdkstatcache
               SDK_VERSION = 26.5
               SDK_VERSION_ACTUAL = 260500
               SDK_VERSION_MAJOR = 260000
               SDK_VERSION_MINOR = 260500
               SED = /usr/bin/sed
               SEPARATE_STRIP = NO
               SEPARATE_SYMBOL_EDIT = NO
               SET_DIR_MODE_OWNER_GROUP = YES
               SET_FILE_MODE_OWNER_GROUP = NO
               SHALLOW_BUNDLE = NO
               SHARED_DERIVED_FILE_DIR = /Users/gregoriomorelli/Documents/vibra/build/ios/Release-iphonesimulator/Firebase/DerivedSources
               SHARED_PRECOMPS_DIR = /Users/gregoriomorelli/Documents/vibra/build/ios/SharedPrecompiledHeaders
               SKIP_INSTALL = YES
               SKIP_MERGEABLE_LIBRARY_BUNDLE_HOOK = NO
               SOURCE_ROOT = /Users/gregoriomorelli/Documents/vibra/ios/Pods
               SRCROOT = /Users/gregoriomorelli/Documents/vibra/ios/Pods
               STRINGSDATA_DIR = /Users/gregoriomorelli/Documents/vibra/build/ios/Pods.build/Release-iphonesimulator/Firebase.build/Objects-normal/undefined_arch
               STRINGSDATA_ROOT = /Users/gregoriomorelli/Documents/vibra/build/ios/Pods.build/Release-iphonesimulator/Firebase.build
               STRINGS_FILE_INFOPLIST_RENAME = YES
               STRINGS_FILE_OUTPUT_ENCODING = binary
               STRING_CATALOG_GENERATE_SYMBOLS = NO
               STRIP_BITCODE_FROM_COPIED_FILES = NO
               STRIP_INSTALLED_PRODUCT = NO
               STRIP_STYLE = all
               STRIP_SWIFT_SYMBOLS = YES
               SUPPORTED_DEVICE_FAMILIES = 1,2
               SUPPORTED_PLATFORMS = iphoneos iphonesimulator
               SUPPORTS_TEXT_BASED_API = NO
               SUPPRESS_WARNINGS = NO
               SWIFT_COMPILATION_MODE = wholemodule
               SWIFT_EMIT_CONST_VALUE_PROTOCOLS = AnyResolverProviding AppEntity AppEnum AppExtension AppIntent AppIntentsPackage AppShortcutProviding AppShortcutsProvider AppUnionValue AppUnionValueCasesProviding DynamicOptionsProvider EntityQuery ExtensionPointDefining IntentValueQuery Resolver TransientEntity _AssistantIntentsProvider _GenerativeFunctionExtractable _IntentValueRepresentable
               SWIFT_EMIT_LOC_STRINGS = NO
               SWIFT_ENABLE_EXPLICIT_MODULES = YES
               SWIFT_OPTIMIZATION_LEVEL = -O
               SWIFT_PLATFORM_TARGET_PREFIX = ios
               SWIFT_RESPONSE_FILE_PATH_normal_arm64 = /Users/gregoriomorelli/Documents/vibra/build/ios/Pods.build/Release-iphonesimulator/Firebase.build/Objects-normal/arm64/Firebase.SwiftFileList
               SWIFT_RESPONSE_FILE_PATH_normal_x86_64 = /Users/gregoriomorelli/Documents/vibra/build/ios/Pods.build/Release-iphonesimulator/Firebase.build/Objects-normal/x86_64/Firebase.SwiftFileList
               SWIFT_VERSION = 5.0
               SYMROOT = /Users/gregoriomorelli/Documents/vibra/ios/build
               SYSTEM_ADMIN_APPS_DIR = /Applications/Utilities
               SYSTEM_APPS_DIR = /Applications
               SYSTEM_CORE_SERVICES_DIR = /System/Library/CoreServices
               SYSTEM_DEMOS_DIR = /Applications/Extras
               SYSTEM_DEVELOPER_APPS_DIR = /Applications/Xcode.app/Contents/Developer/Applications
               SYSTEM_DEVELOPER_BIN_DIR = /Applications/Xcode.app/Contents/Developer/usr/bin
               SYSTEM_DEVELOPER_DEMOS_DIR = /Applications/Xcode.app/Contents/Developer/Applications/Utilities/Built Examples
               SYSTEM_DEVELOPER_DIR = /Applications/Xcode.app/Contents/Developer
               SYSTEM_DEVELOPER_DOC_DIR = /Applications/Xcode.app/Contents/Developer/ADC Reference Library
               SYSTEM_DEVELOPER_GRAPHICS_TOOLS_DIR = /Applications/Xcode.app/Contents/Developer/Applications/Graphics Tools
               SYSTEM_DEVELOPER_JAVA_TOOLS_DIR = /Applications/Xcode.app/Contents/Developer/Applications/Java Tools
               SYSTEM_DEVELOPER_PERFORMANCE_TOOLS_DIR = /Applications/Xcode.app/Contents/Developer/Applications/Performance Tools
               SYSTEM_DEVELOPER_RELEASENOTES_DIR = /Applications/Xcode.app/Contents/Developer/ADC Reference Library/releasenotes
               SYSTEM_DEVELOPER_TOOLS = /Applications/Xcode.app/Contents/Developer/Tools
               SYSTEM_DEVELOPER_TOOLS_DOC_DIR = /Applications/Xcode.app/Contents/Developer/ADC Reference Library/documentation/DeveloperTools
               SYSTEM_DEVELOPER_TOOLS_RELEASENOTES_DIR = /Applications/Xcode.app/Contents/Developer/ADC Reference Library/releasenotes/DeveloperTools
               SYSTEM_DEVELOPER_USR_DIR = /Applications/Xcode.app/Contents/Developer/usr
               SYSTEM_DEVELOPER_UTILITIES_DIR = /Applications/Xcode.app/Contents/Developer/Applications/Utilities
               SYSTEM_DEXT_INSTALL_PATH = /System/Library/DriverExtensions
               SYSTEM_DOCUMENTATION_DIR = /Library/Documentation
               SYSTEM_KEXT_INSTALL_PATH = /System/Library/Extensions
               SYSTEM_LIBRARY_DIR = /System/Library
               TAPI_DEMANGLE = YES
               TAPI_ENABLE_PROJECT_HEADERS = NO
               TAPI_LANGUAGE = objective-c
               TAPI_LANGUAGE_STANDARD = compiler-default
               TAPI_USE_SRCROOT = YES
               TAPI_VERIFY_MODE = Pedantic
               TARGETED_DEVICE_FAMILY = 1,2
               TARGETNAME = Firebase
               TARGET_BUILD_DIR = /Users/gregoriomorelli/Documents/vibra/build/ios/Release-iphonesimulator/Firebase
               TARGET_NAME = Firebase
               TARGET_TEMP_DIR = /Users/gregoriomorelli/Documents/vibra/build/ios/Pods.build/Release-iphonesimulator/Firebase.build
               TEMP_DIR = /Users/gregoriomorelli/Documents/vibra/build/ios/Pods.build/Release-iphonesimulator/Firebase.build
               TEMP_FILES_DIR = /Users/gregoriomorelli/Documents/vibra/build/ios/Pods.build/Release-iphonesimulator/Firebase.build
               TEMP_FILE_DIR = /Users/gregoriomorelli/Documents/vibra/build/ios/Pods.build/Release-iphonesimulator/Firebase.build
               TEMP_ROOT = /Users/gregoriomorelli/Documents/vibra/build/ios
               TEMP_SANDBOX_DIR = /Users/gregoriomorelli/Documents/vibra/build/ios/TemporaryTaskSandboxes
               TEST_FRAMEWORK_SEARCH_PATHS =  /Applications/Xcode.app/Contents/Developer/Platforms/iPhoneSimulator.platform/Developer/Library/Frameworks /Applications/Xcode.app/Contents/Developer/Platforms/iPhoneSimulator.platform/Developer/SDKs/iPhoneSimulator26.5.sdk/Developer/Library/Frameworks
               TEST_LIBRARY_SEARCH_PATHS =  /Applications/Xcode.app/Contents/Developer/Platforms/iPhoneSimulator.platform/Developer/usr/lib
               TOOLCHAINS = com.apple.dt.toolchain.XcodeDefault
               TOOLCHAIN_DIR = /Applications/Xcode.app/Contents/Developer/Toolchains/XcodeDefault.xctoolchain
               TREAT_MISSING_BASELINES_AS_TEST_FAILURES = NO
               TREAT_MISSING_SCRIPT_PHASE_OUTPUTS_AS_ERRORS = NO
               TVOS_DEPLOYMENT_TARGET = 26.5
               UID = 501
               UNINSTALLED_PRODUCTS_DIR = /Users/gregoriomorelli/Documents/vibra/build/ios/UninstalledProducts
               UNSTRIPPED_PRODUCT = NO
               USER = gregoriomorelli
               USER_APPS_DIR = /Users/gregoriomorelli/Applications
               USER_LIBRARY_DIR = /Users/gregoriomorelli/Library
               USE_DYNAMIC_NO_PIC = YES
               USE_HEADERMAP = YES
               USE_HEADER_SYMLINKS = NO
               USE_RECURSIVE_SCRIPT_INPUTS_IN_SCRIPT_PHASES = YES
               VALIDATE_DEVELOPMENT_ASSET_PATHS = YES_ERROR
               VALIDATE_PRODUCT = YES
               VALID_ARCHS = arm64 x86_64
               VERBOSE_PBXCP = NO
               VERSION_INFO_BUILDER = gregoriomorelli
               VERSION_INFO_FILE = Firebase_vers.c
               VERSION_INFO_STRING = "@(#)PROGRAM:Firebase  PROJECT:Pods-"
               WATCHOS_DEPLOYMENT_TARGET = 26.5
               WORKSPACE_DIR = /Users/gregoriomorelli/Documents/vibra/ios/Pods/Pods.xcodeproj
               WRAP_ASSET_PACKS_IN_SEPARATE_DIRECTORIES = NO
               XCODE_APP_SUPPORT_DIR = /Applications/Xcode.app/Contents/Developer/Library/Xcode
               XCODE_PRODUCT_BUILD_VERSION = 17F42
               XCODE_VERSION_ACTUAL = 2650
               XCODE_VERSION_MAJOR = 2600
               XCODE_VERSION_MINOR = 2650
               XPCSERVICES_FOLDER_PATH = /XPCServices
               XROS_DEPLOYMENT_TARGET = 26.5
               YACC = yacc
               _DISCOVER_COMMAND_LINE_LINKER_INPUTS = YES
               _DISCOVER_COMMAND_LINE_LINKER_INPUTS_INCLUDE_WL = YES
               _LD_MULTIARCH = YES
               __DIAGNOSE_DEPRECATED_ARCHS = YES
               __ORIGINAL_SDK_DEFINED_LLVM_TARGET_TRIPLE_SYS = ios
               arch = undefined_arch
               variant = normal

           Build settings for action build and target firebase_core:
               ACTION = build
               AD_HOC_CODE_SIGNING_ALLOWED = YES
               ALLOW_BUILD_REQUEST_OVERRIDES = NO
               ALLOW_TARGET_PLATFORM_SPECIALIZATION = NO
               ALTERNATE_GROUP = staff
               ALTERNATE_MODE = u+w,go-w,a+rX
               ALTERNATE_OWNER = gregoriomorelli
               ALTERNATIVE_DISTRIBUTION_WEB = NO
               ALWAYS_EMBED_SWIFT_STANDARD_LIBRARIES = NO
               ALWAYS_SEARCH_USER_PATHS = NO
               ALWAYS_USE_SEPARATE_HEADERMAPS = NO
               APPLICATION_EXTENSION_API_ONLY = NO
               APPLY_RULES_IN_COPY_FILES = NO
               APPLY_RULES_IN_COPY_HEADERS = NO
               APP_SHORTCUTS_ENABLE_FLEXIBLE_MATCHING = YES
               ARCHS = arm64 x86_64
               ARCHS_BASE = arm64 x86_64
               ARCHS_STANDARD = arm64 x86_64
               ARCHS_STANDARD_32_64_BIT = arm64 x86_64
               ARCHS_STANDARD_64_BIT = arm64 x86_64
               ARCHS_STANDARD_INCLUDING_64_BIT = arm64 x86_64
               ARCHS_UNIVERSAL_IPHONE_OS = arm64 x86_64
               AUTOMATICALLY_MERGE_DEPENDENCIES = NO
               AUTOMATION_APPLE_EVENTS = NO
               AVAILABLE_PLATFORMS = android appletvos appletvsimulator driverkit freebsd iphoneos iphonesimulator linux macosx none openbsd qnx watchos watchsimulator webassembly xros xrsimulator
               BUILD_ACTIVE_RESOURCES_ONLY = NO
               BUILD_COMPONENTS = headers build
               BUILD_DIR = /Users/gregoriomorelli/Documents/vibra/build/ios
               BUILD_LIBRARY_FOR_DISTRIBUTION = NO
               BUILD_ONLY_KNOWN_LOCALIZATIONS = NO
               BUILD_ROOT = /Users/gregoriomorelli/Documents/vibra/ios/build
               BUILD_STYLE = 
               BUILD_VARIANTS = normal
               BUILT_PRODUCTS_DIR = /Users/gregoriomorelli/Documents/vibra/build/ios/Release-iphonesimulator/firebase_core
               BUNDLE_CONTENTS_FOLDER_PATH_deep = Contents/
               BUNDLE_EXECUTABLE_FOLDER_NAME_deep = MacOS
               BUNDLE_EXTENSIONS_FOLDER_PATH = Extensions
               BUNDLE_FORMAT = shallow
               BUNDLE_FRAMEWORKS_FOLDER_PATH = Frameworks
               BUNDLE_PLUGINS_FOLDER_PATH = PlugIns
               BUNDLE_PRIVATE_HEADERS_FOLDER_PATH = PrivateHeaders
               BUNDLE_PUBLIC_HEADERS_FOLDER_PATH = Headers
               CACHE_ROOT = /var/folders/pg/x6t89f2n7s7299rcw8hv33180000gn/C/com.apple.DeveloperTools/26.5-17F42/Xcode
               CCHROOT = /var/folders/pg/x6t89f2n7s7299rcw8hv33180000gn/C/com.apple.DeveloperTools/26.5-17F42/Xcode
               CHMOD = /bin/chmod
               CHOWN = chown
               CLANG_ANALYZER_LOCALIZABILITY_NONLOCALIZED = YES
               CLANG_ANALYZER_NONNULL = YES
               CLANG_ANALYZER_NUMBER_OBJECT_CONVERSION = YES_AGGRESSIVE
               CLANG_CACHE_FINE_GRAINED_OUTPUTS = YES
               CLANG_CXX_LANGUAGE_STANDARD = gnu++14
               CLANG_CXX_LIBRARY = libc++
               CLANG_ENABLE_EXPLICIT_MODULES = YES
               CLANG_ENABLE_MODULES = YES
               CLANG_ENABLE_OBJC_ARC = YES
               CLANG_ENABLE_OBJC_WEAK = NO
               CLANG_MODULES_BUILD_SESSION_FILE = /var/folders/pg/x6t89f2n7s7299rcw8hv33180000gn/C/org.llvm.clang/ModuleCache.noindex/Session.modulevalidation
               CLANG_WARN_BLOCK_CAPTURE_AUTORELEASING = YES
               CLANG_WARN_BOOL_CONVERSION = YES
               CLANG_WARN_COMMA = YES
               CLANG_WARN_CONSTANT_CONVERSION = YES
               CLANG_WARN_DEPRECATED_OBJC_IMPLEMENTATIONS = YES
               CLANG_WARN_DIRECT_OBJC_ISA_USAGE = YES_ERROR
               CLANG_WARN_DOCUMENTATION_COMMENTS = YES
               CLANG_WARN_EMPTY_BODY = YES
               CLANG_WARN_ENUM_CONVERSION = YES
               CLANG_WARN_INFINITE_RECURSION = YES
               CLANG_WARN_INT_CONVERSION = YES
               CLANG_WARN_NON_LITERAL_NULL_CONVERSION = YES
               CLANG_WARN_OBJC_IMPLICIT_RETAIN_SELF = YES
               CLANG_WARN_OBJC_LITERAL_CONVERSION = YES
               CLANG_WARN_OBJC_ROOT_CLASS = YES_ERROR
               CLANG_WARN_QUOTED_INCLUDE_IN_FRAMEWORK_HEADER = NO
               CLANG_WARN_RANGE_LOOP_ANALYSIS = YES
               CLANG_WARN_STRICT_PROTOTYPES = YES
               CLANG_WARN_SUSPICIOUS_MOVE = YES
               CLANG_WARN_UNGUARDED_AVAILABILITY = YES_AGGRESSIVE
               CLANG_WARN_UNREACHABLE_CODE = YES
               CLANG_WARN__DUPLICATE_METHOD_MATCH = YES
               CLASS_FILE_DIR = /Users/gregoriomorelli/Documents/vibra/build/ios/Pods.build/Release-iphonesimulator/firebase_core.build/JavaClasses
               CLEAN_PRECOMPS = YES
               CLONE_HEADERS = NO
               CODESIGNING_FOLDER_PATH = /Users/gregoriomorelli/Documents/vibra/build/ios/Release-iphonesimulator/firebase_core/firebase_core.framework
               CODE_SIGNING_ALLOWED = YES
               CODE_SIGNING_REQUIRED = NO
               CODE_SIGNING_REQUIRES_TEAM = YES
               CODE_SIGN_CONTEXT_CLASS = XCiPhoneSimulatorCodeSignContext
               CODE_SIGN_IDENTITY = -
               CODE_SIGN_INJECT_BASE_ENTITLEMENTS = YES
               COLOR_DIAGNOSTICS = NO
               COMBINE_HIDPI_IMAGES = NO
               COMPILATION_CACHE_CAS_PATH = /var/folders/pg/x6t89f2n7s7299rcw8hv33180000gn/C/com.apple.DeveloperTools/26.5-17F42/Xcode/CompilationCache.noindex
               COMPILATION_CACHE_KEEP_CAS_DIRECTORY = YES
               COMPILER_INDEX_STORE_ENABLE = Default
               COMPOSITE_SDK_DIRS = /Users/gregoriomorelli/Documents/vibra/build/ios/CompositeSDKs
               COMPRESS_PNG_FILES = YES
               CONFIGURATION = Release
               CONFIGURATION_BUILD_DIR = /Users/gregoriomorelli/Documents/vibra/build/ios/Release-iphonesimulator/firebase_core
               CONFIGURATION_TEMP_DIR = /Users/gregoriomorelli/Documents/vibra/build/ios/Pods.build/Release-iphonesimulator
               CONTENTS_FOLDER_PATH = firebase_core.framework
               CONTENTS_FOLDER_PATH_SHALLOW_BUNDLE_NO = firebase_core.framework/A
               CONTENTS_FOLDER_PATH_SHALLOW_BUNDLE_YES = firebase_core.framework
               COPYING_PRESERVES_HFS_DATA = NO
               COPY_HEADERS_RUN_UNIFDEF = NO
               COPY_PHASE_STRIP = NO
               CORRESPONDING_DEVICE_PLATFORM_DIR = /Applications/Xcode.app/Contents/Developer/Platforms/iPhoneOS.platform
               CORRESPONDING_DEVICE_PLATFORM_NAME = iphoneos
               CORRESPONDING_DEVICE_SDK_DIR = /Applications/Xcode.app/Contents/Developer/Platforms/iPhoneOS.platform/Developer/SDKs/iPhoneOS26.5.sdk
               CORRESPONDING_DEVICE_SDK_NAME = iphoneos26.5
               CP = /bin/cp
               CREATE_INFOPLIST_SECTION_IN_BINARY = NO
               CURRENT_ARCH = undefined_arch
               CURRENT_PROJECT_VERSION = 1
               CURRENT_VARIANT = normal
               CURRENT_VERSION = Current
               DEAD_CODE_STRIPPING = YES
               DEBUGGING_SYMBOLS = YES
               DEBUG_INFORMATION_FORMAT = dwarf-with-dsym
               DEBUG_INFORMATION_VERSION = compiler-default
               DEFAULT_COMPILER = com.apple.compilers.llvm.clang.1_0
               DEFAULT_DEXT_INSTALL_PATH = /System/Library/DriverExtensions
               DEFAULT_KEXT_INSTALL_PATH = /System/Library/Extensions
               DEFINES_MODULE = YES
               DEPLOYMENT_LOCATION = NO
               DEPLOYMENT_POSTPROCESSING = NO
               DEPLOYMENT_TARGET_SETTING_NAME = IPHONEOS_DEPLOYMENT_TARGET
               DEPLOYMENT_TARGET_SUGGESTED_VALUES = 12.0 12.1 12.2 12.3 12.4 13.0 13.1 13.2 13.3 13.4 13.5 13.6 14.0 14.1 14.2 14.3 14.4 14.5 14.6 14.7 15.0 15.1 15.2 15.3 15.4 15.5 15.6 16.0 16.1 16.2 16.3 16.4 16.5 16.6 17.0 17.1 17.2 17.3 17.4 17.5 17.6 18.0 18.1 18.2 18.3 18.4 18.5 18.6 26.0 26.2 26.3 26.4 26.5
               DERIVED_FILES_DIR = /Users/gregoriomorelli/Documents/vibra/build/ios/Pods.build/Release-iphonesimulator/firebase_core.build/DerivedSources
               DERIVED_FILE_DIR = /Users/gregoriomorelli/Documents/vibra/build/ios/Pods.build/Release-iphonesimulator/firebase_core.build/DerivedSources
               DERIVED_SOURCES_DIR = /Users/gregoriomorelli/Documents/vibra/build/ios/Pods.build/Release-iphonesimulator/firebase_core.build/DerivedSources
               DEVELOPER_APPLICATIONS_DIR = /Applications/Xcode.app/Contents/Developer/Applications
               DEVELOPER_BIN_DIR = /Applications/Xcode.app/Contents/Developer/usr/bin
               DEVELOPER_DIR = /Applications/Xcode.app/Contents/Developer
               DEVELOPER_FRAMEWORKS_DIR = /Applications/Xcode.app/Contents/Developer/Library/Frameworks
               DEVELOPER_FRAMEWORKS_DIR_QUOTED = /Applications/Xcode.app/Contents/Developer/Library/Frameworks
               DEVELOPER_LIBRARY_DIR = /Applications/Xcode.app/Contents/Developer/Library
               DEVELOPER_SDK_DIR = /Applications/Xcode.app/Contents/Developer/Platforms/MacOSX.platform/Developer/SDKs
               DEVELOPER_TOOLS_DIR = /Applications/Xcode.app/Contents/Developer/Tools
               DEVELOPER_USR_DIR = /Applications/Xcode.app/Contents/Developer/usr
               DEVELOPMENT_LANGUAGE = en
               DIAGNOSE_MISSING_TARGET_DEPENDENCIES = YES
               DIFF = /usr/bin/diff
               DOCUMENTATION_FOLDER_PATH = firebase_core.framework/en.lproj/Documentation
               DONT_GENERATE_INFOPLIST_FILE = NO
               DRIVERKIT_DEPLOYMENT_TARGET = 25.5
               DSTROOT = /tmp/Pods.dst
               DT_TOOLCHAIN_DIR = /Applications/Xcode.app/Contents/Developer/Toolchains/XcodeDefault.xctoolchain
               DUMP_DEPENDENCIES = NO
               DUMP_DEPENDENCIES_OUTPUT_PATH = /Users/gregoriomorelli/Documents/vibra/build/ios/Pods.build/Release-iphonesimulator/firebase_core.build/firebase_core-BuildDependencyInfo.json
               DWARF_DSYM_FILE_NAME = firebase_core.framework.dSYM
               DWARF_DSYM_FILE_SHOULD_ACCOMPANY_PRODUCT = NO
               DWARF_DSYM_FOLDER_PATH = /Users/gregoriomorelli/Documents/vibra/build/ios/Release-iphonesimulator/firebase_core
               DYLIB_COMPATIBILITY_VERSION = 1
               DYLIB_CURRENT_VERSION = 1
               DYLIB_INSTALL_NAME_BASE = @rpath
               DYNAMIC_LIBRARY_EXTENSION = dylib
               EAGER_COMPILATION_ALLOW_SCRIPTS = NO
               EAGER_LINKING = NO
               EFFECTIVE_PLATFORM_NAME = -iphonesimulator
               EFFECTIVE_SWIFT_VERSION = 5
               EMBEDDED_CONTENT_CONTAINS_SWIFT = NO
               EMBED_ASSET_PACKS_IN_PRODUCT_BUNDLE = NO
               ENABLE_APP_SANDBOX = NO
               ENABLE_BITCODE = NO
               ENABLE_CODE_COVERAGE = YES
               ENABLE_COHORT_ARCHS = NO
               ENABLE_CPLUSPLUS_BOUNDS_SAFE_BUFFERS = NO
               ENABLE_C_BOUNDS_SAFETY = NO
               ENABLE_DEFAULT_HEADER_SEARCH_PATHS = YES
               ENABLE_DEFAULT_SEARCH_PATHS = YES
               ENABLE_ENHANCED_SECURITY = NO
               ENABLE_HARDENED_RUNTIME = NO
               ENABLE_HEADER_DEPENDENCIES = YES
               ENABLE_INCOMING_NETWORK_CONNECTIONS = NO
               ENABLE_MODULE_VERIFIER = NO
               ENABLE_NS_ASSERTIONS = NO
               ENABLE_ON_DEMAND_RESOURCES = NO
               ENABLE_OUTGOING_NETWORK_CONNECTIONS = NO
               ENABLE_POINTER_AUTHENTICATION = NO
               ENABLE_RESOURCE_ACCESS_AUDIO_INPUT = NO
               ENABLE_RESOURCE_ACCESS_BLUETOOTH = NO
               ENABLE_RESOURCE_ACCESS_CALENDARS = NO
               ENABLE_RESOURCE_ACCESS_CAMERA = NO
               ENABLE_RESOURCE_ACCESS_CONTACTS = NO
               ENABLE_RESOURCE_ACCESS_LOCATION = NO
               ENABLE_RESOURCE_ACCESS_PHOTO_LIBRARY = NO
               ENABLE_RESOURCE_ACCESS_PRINTING = NO
               ENABLE_RESOURCE_ACCESS_USB = NO
               ENABLE_SDK_IMPORTS = NO
               ENABLE_SECURITY_COMPILER_WARNINGS = NO
               ENABLE_STRICT_OBJC_MSGSEND = YES
               ENABLE_TESTABILITY = NO
               ENABLE_TESTING_SEARCH_PATHS = NO
               ENABLE_USER_SCRIPT_SANDBOXING = NO
               ENFORCE_VALID_ARCHS = YES
               ENTITLEMENTS_DESTINATION = __entitlements
               ENTITLEMENTS_REQUIRED = NO
               EXCLUDED_ARCHS =  i386
               EXCLUDED_INSTALLSRC_SUBDIRECTORY_PATTERNS = .DS_Store .svn .git .hg CVS
               EXCLUDED_RECURSIVE_SEARCH_PATH_SUBDIRECTORIES = *.nib *.lproj *.framework *.gch *.xcode* *.xcassets *.icon (*) .DS_Store CVS .svn .git .hg *.pbproj *.pbxproj
               EXECUTABLES_FOLDER_PATH = firebase_core.framework/en.lproj
               EXECUTABLE_FOLDER_PATH = firebase_core.framework
               EXECUTABLE_FOLDER_PATH_SHALLOW_BUNDLE_NO = firebase_core.framework
               EXECUTABLE_FOLDER_PATH_SHALLOW_BUNDLE_YES = firebase_core.framework
               EXECUTABLE_NAME = firebase_core
               EXECUTABLE_PATH = firebase_core.framework/firebase_core
               EXTENSIONS_FOLDER_PATH = firebase_core.framework/Extensions
               FILE_LIST = /Users/gregoriomorelli/Documents/vibra/build/ios/Pods.build/Release-iphonesimulator/firebase_core.build/Objects/LinkFileList
               FIXED_FILES_DIR = /Users/gregoriomorelli/Documents/vibra/build/ios/Pods.build/Release-iphonesimulator/firebase_core.build/FixedFiles
               FRAMEWORKS_FOLDER_PATH = firebase_core.framework/Frameworks
               FRAMEWORK_FLAG_PREFIX = -framework
               FRAMEWORK_SEARCH_PATHS = /Users/gregoriomorelli/Documents/vibra/build/ios/Release-iphonesimulator/firebase_core "/Users/gregoriomorelli/development/flutter/bin/cache/artifacts/engine/ios-release/Flutter.xcframework/ios-arm64_x86_64-simulator"  "/Users/gregoriomorelli/Documents/vibra/build/ios/Release-iphonesimulator/FirebaseCore" "/Users/gregoriomorelli/Documents/vibra/build/ios/Release-iphonesimulator/FirebaseCoreInternal" "/Users/gregoriomorelli/Documents/vibra/build/ios/Release-iphonesimulator/FirebaseInstallations" "/Users/gregoriomorelli/Documents/vibra/build/ios/Release-iphonesimulator/FirebaseMessaging" "/Users/gregoriomorelli/Documents/vibra/build/ios/Release-iphonesimulator/GoogleDataTransport" "/Users/gregoriomorelli/Documents/vibra/build/ios/Release-iphonesimulator/GoogleUtilities" "/Users/gregoriomorelli/Documents/vibra/build/ios/Release-iphonesimulator/PromisesObjC" "/Users/gregoriomorelli/Documents/vibra/build/ios/Release-iphonesimulator/nanopb"
               FRAMEWORK_VERSION = A
               FULL_PRODUCT_NAME = firebase_core.framework
               FUSE_BUILD_PHASES = YES
               FUSE_BUILD_SCRIPT_PHASES = NO
               GCC3_VERSION = 3.3
               GCC_C_LANGUAGE_STANDARD = gnu11
               GCC_INLINES_ARE_PRIVATE_EXTERN = YES
               GCC_NO_COMMON_BLOCKS = YES
               GCC_OBJC_LEGACY_DISPATCH = YES
               GCC_PFE_FILE_C_DIALECTS = c objective-c c++ objective-c++
               GCC_PREFIX_HEADER = Target Support Files/firebase_core/firebase_core-prefix.pch
               GCC_PREPROCESSOR_DEFINITIONS = POD_CONFIGURATION_RELEASE=1  COCOAPODS=1 LIBRARY_VERSION=\"3.15.2\" LIBRARY_NAME=\"flutter-fire-core\"
               GCC_TREAT_WARNINGS_AS_ERRORS = NO
               GCC_VERSION = com.apple.compilers.llvm.clang.1_0
               GCC_VERSION_IDENTIFIER = com_apple_compilers_llvm_clang_1_0
               GCC_WARN_64_TO_32_BIT_CONVERSION = YES
               GCC_WARN_ABOUT_RETURN_TYPE = YES_ERROR
               GCC_WARN_UNDECLARED_SELECTOR = YES
               GCC_WARN_UNINITIALIZED_AUTOS = YES_AGGRESSIVE
               GCC_WARN_UNUSED_FUNCTION = YES
               GCC_WARN_UNUSED_VARIABLE = YES
               GENERATED_MODULEMAP_DIR = /Users/gregoriomorelli/Documents/vibra/build/ios/GeneratedModuleMaps-iphonesimulator
               GENERATE_INFOPLIST_FILE = NO
               GENERATE_INTERMEDIATE_TEXT_BASED_STUBS = YES
               GENERATE_PKGINFO_FILE = NO
               GENERATE_PRELINK_OBJECT_FILE = NO
               GENERATE_PROFILING_CODE = NO
               GENERATE_TEXT_BASED_STUBS = NO
               GID = 20
               GROUP = staff
               HEADERMAP_INCLUDES_FLAT_ENTRIES_FOR_TARGET_BEING_BUILT = YES
               HEADERMAP_INCLUDES_FRAMEWORK_ENTRIES_FOR_ALL_PRODUCT_TYPES = YES
               HEADERMAP_INCLUDES_FRAMEWORK_ENTRIES_FOR_TARGETS_NOT_BEING_BUILT = YES
               HEADERMAP_INCLUDES_NONPUBLIC_NONPRIVATE_HEADERS = YES
               HEADERMAP_INCLUDES_PROJECT_HEADERS = YES
               HEADERMAP_USES_FRAMEWORK_PREFIX_ENTRIES = YES
               HEADERMAP_USES_VFS = YES
               HEADER_SEARCH_PATHS = /Users/gregoriomorelli/Documents/vibra/build/ios/Release-iphonesimulator/firebase_core/include  "/Users/gregoriomorelli/Documents/vibra/ios/Pods/Headers/Public"
               HOME = /Users/gregoriomorelli
               HOST_ARCH = arm64
               HOST_PLATFORM = macosx
               ICONV = /usr/bin/iconv
               IMPLICIT_DEPENDENCY_DOMAIN = default
               INDEX_STORE_COMPRESS = NO
               INDEX_STORE_ONLY_PROJECT_FILES = NO
               INFOPLIST_ENABLE_CFBUNDLEICONS_MERGE = YES
               INFOPLIST_EXPAND_BUILD_SETTINGS = YES
               INFOPLIST_FILE = Target Support Files/firebase_core/firebase_core-Info.plist
               INFOPLIST_OUTPUT_FORMAT = binary
               INFOPLIST_PATH = firebase_core.framework/Info.plist
               INFOPLIST_PREPROCESS = NO
               INFOSTRINGS_PATH = firebase_core.framework/en.lproj/InfoPlist.strings
               INLINE_PRIVATE_FRAMEWORKS = NO
               INSTALLAPI_IGNORE_SKIP_INSTALL = YES
               INSTALLHDRS_COPY_PHASE = NO
               INSTALLHDRS_SCRIPT_PHASE = NO
               INSTALL_DIR = /tmp/Pods.dst/Library/Frameworks
               INSTALL_GROUP = staff
               INSTALL_MODE_FLAG = u+w,go-w,a+rX
               INSTALL_OWNER = gregoriomorelli
               INSTALL_PATH = /Library/Frameworks
               INSTALL_ROOT = /tmp/Pods.dst
               IPHONEOS_DEPLOYMENT_TARGET = 13.0
               IS_UNOPTIMIZED_BUILD = NO
               JAVAC_DEFAULT_FLAGS = -J-Xms64m -J-XX:NewSize=4M -J-Dfile.encoding=UTF8
               JAVA_APP_STUB = /System/Library/Frameworks/JavaVM.framework/Resources/MacOS/JavaApplicationStub
               JAVA_ARCHIVE_CLASSES = YES
               JAVA_ARCHIVE_TYPE = JAR
               JAVA_COMPILER = /usr/bin/javac
               JAVA_FOLDER_PATH = firebase_core.framework/Java
               JAVA_FRAMEWORK_RESOURCES_DIRS = Resources
               JAVA_JAR_FLAGS = cv
               JAVA_SOURCE_SUBDIR = .
               JAVA_USE_DEPENDENCIES = YES
               JAVA_ZIP_FLAGS = -urg
               JIKES_DEFAULT_FLAGS = +E +OLDCSO
               KEEP_PRIVATE_EXTERNS = NO
               LD_DEPENDENCY_INFO_FILE = /Users/gregoriomorelli/Documents/vibra/build/ios/Pods.build/Release-iphonesimulator/firebase_core.build/Objects-normal/undefined_arch/firebase_core_dependency_info.dat
               LD_DYLIB_INSTALL_NAME = @rpath/firebase_core.framework/firebase_core
               LD_EXPORT_SYMBOLS = YES
               LD_GENERATE_MAP_FILE = NO
               LD_MAP_FILE_PATH = /Users/gregoriomorelli/Documents/vibra/build/ios/Pods.build/Release-iphonesimulator/firebase_core.build/firebase_core-LinkMap-normal-undefined_arch.txt
               LD_NO_PIE = NO
               LD_QUOTE_LINKER_ARGUMENTS_FOR_COMPILER_DRIVER = YES
               LD_RUNPATH_SEARCH_PATHS =  @executable_path/Frameworks @loader_path/Frameworks
               LD_SHARED_CACHE_ELIGIBLE = Automatic
               LD_WARN_DUPLICATE_LIBRARIES = NO
               LD_WARN_UNUSED_DYLIBS = NO
               LEGACY_DEVELOPER_DIR = /Applications/Xcode.app/Contents/PlugIns/Xcode3Core.ideplugin/Contents/SharedSupport/Developer
               LEX = lex
               LIBRARY_DEXT_INSTALL_PATH = /Library/DriverExtensions
               LIBRARY_FLAG_NOSPACE = YES
               LIBRARY_FLAG_PREFIX = -l
               LIBRARY_KEXT_INSTALL_PATH = /Library/Extensions
               LIBRARY_SEARCH_PATHS = /Users/gregoriomorelli/Documents/vibra/build/ios/Release-iphonesimulator/firebase_core 
               LINKER_DISPLAYS_MANGLED_NAMES = NO
               LINK_FILE_LIST_normal_arm64 = /Users/gregoriomorelli/Documents/vibra/build/ios/Pods.build/Release-iphonesimulator/firebase_core.build/Objects-normal/arm64/firebase_core.LinkFileList
               LINK_FILE_LIST_normal_x86_64 = /Users/gregoriomorelli/Documents/vibra/build/ios/Pods.build/Release-iphonesimulator/firebase_core.build/Objects-normal/x86_64/firebase_core.LinkFileList
               LINK_OBJC_RUNTIME = YES
               LINK_WITH_STANDARD_LIBRARIES = YES
               LLVM_TARGET_TRIPLE_OS_VERSION = ios13.0
               LLVM_TARGET_TRIPLE_SUFFIX = -simulator
               LLVM_TARGET_TRIPLE_VENDOR = apple
               LM_AUX_CONST_METADATA_LIST_PATH_normal_arm64 = /Users/gregoriomorelli/Documents/vibra/build/ios/Pods.build/Release-iphonesimulator/firebase_core.build/Objects-normal/arm64/firebase_core.SwiftConstValuesFileList
               LM_AUX_CONST_METADATA_LIST_PATH_normal_x86_64 = /Users/gregoriomorelli/Documents/vibra/build/ios/Pods.build/Release-iphonesimulator/firebase_core.build/Objects-normal/x86_64/firebase_core.SwiftConstValuesFileList
               LOCALIZATION_EXPORT_SUPPORTED = YES
               LOCALIZATION_PREFERS_STRING_CATALOGS = NO
               LOCALIZED_RESOURCES_FOLDER_PATH = firebase_core.framework/en.lproj
               LOCALIZED_STRING_CODE_COMMENTS = NO
               LOCALIZED_STRING_MACRO_NAMES = NSLocalizedString CFCopyLocalizedString
               LOCALIZED_STRING_SWIFTUI_SUPPORT = YES
               LOCAL_ADMIN_APPS_DIR = /Applications/Utilities
               LOCAL_APPS_DIR = /Applications
               LOCAL_DEVELOPER_DIR = /Library/Developer
               LOCAL_LIBRARY_DIR = /Library
               LOCROOT = /Users/gregoriomorelli/Documents/vibra/ios/Pods
               LOCSYMROOT = /Users/gregoriomorelli/Documents/vibra/ios/Pods
               MACH_O_TYPE = staticlib
               MACOSX_DEPLOYMENT_TARGET = 26.5
               MAC_OS_X_PRODUCT_BUILD_VERSION = 25F84
               MAC_OS_X_VERSION_ACTUAL = 260502
               MAC_OS_X_VERSION_MAJOR = 260000
               MAC_OS_X_VERSION_MINOR = 260500
               MAKE_MERGEABLE = NO
               MERGEABLE_LIBRARY = NO
               MERGED_BINARY_TYPE = none
               MERGE_LINKED_LIBRARIES = NO
               METAL_LIBRARY_FILE_BASE = default
               METAL_LIBRARY_OUTPUT_DIR = /Users/gregoriomorelli/Documents/vibra/build/ios/Release-iphonesimulator/firebase_core/firebase_core.framework
               MODULEMAP_FILE = Target Support Files/firebase_core/firebase_core.modulemap
               MODULES_FOLDER_PATH = firebase_core.framework/Modules
               MTL_ENABLE_DEBUG_INFO = NO
               MTL_FAST_MATH = YES
               NATIVE_ARCH = arm64
               NATIVE_ARCH_32_BIT = arm
               NATIVE_ARCH_64_BIT = arm64
               NATIVE_ARCH_ACTUAL = arm64
               NO_COMMON = YES
               OBJC_ABI_VERSION = 2
               OBJECT_FILE_DIR = /Users/gregoriomorelli/Documents/vibra/build/ios/Pods.build/Release-iphonesimulator/firebase_core.build/Objects
               OBJECT_FILE_DIR_normal = /Users/gregoriomorelli/Documents/vibra/build/ios/Pods.build/Release-iphonesimulator/firebase_core.build/Objects-normal
               OBJROOT = /Users/gregoriomorelli/Documents/vibra/build/ios
               ONLY_ACTIVE_ARCH = NO
               OS = MACOS
               OSAC = /usr/bin/osacompile
               OTHER_LDFLAGS =  -framework Flutter
               PACKAGE_TYPE = com.apple.package-type.wrapper.framework
               PASCAL_STRINGS = YES
               PATH = /Applications/Xcode.app/Contents/SharedFrameworks/SwiftBuild.framework/Versions/A/PlugIns/SWBBuildService.bundle/Contents/PlugIns/SWBUniversalPlatformPlugin.bundle/Contents/Frameworks/SWBUniversalPlatform.framework/Resources:/Applications/Xcode.app/Contents/Developer/Toolchains/XcodeDefault.xctoolchain/usr/bin:/Applications/Xcode.app/Contents/Developer/Toolchains/XcodeDefault.xctoolchain/usr/local/bin:/Applications/Xcode.app/Contents/Developer/Toolchains/XcodeDefault.xctoolchain/usr/libexec:/Applications/Xcode.app/Contents/Developer/Platforms/iPhoneSimulator.platform/usr/bin:/Applications/Xcode.app/Contents/Developer/Platforms/iPhoneSimulator.platform/usr/local/bin:/Applications/Xcode.app/Contents/Developer/Platforms/iPhoneSimulator.platform/Developer/usr/bin:/Applications/Xcode.app/Contents/Developer/Platforms/iPhoneSimulator.platform/Developer/usr/local/bin:/Applications/Xcode.app/Contents/Developer/usr/bin:/Applications/Xcode.app/Contents/Developer/usr/local/bin:/Users/gregoriomorelli/.gemini/antigravity/bin:/Users/gregoriomorelli/Library/Application Support/Antigravity/bin:/opt/homebrew/bin:/opt/homebrew/sbin:/Library/Developer/CommandLineTools/usr/bin:/Users/gregoriomorelli/development/flutter/bin:/Users/gregoriomorelli/Library/Android/sdk/platform-tools:/Users/gregoriomorelli/Library/Android/sdk/cmdline-tools/latest/bin:/Users/gregoriomorelli/Library/Android/sdk/emulator:/Users/gregoriomorelli/.antigravity-ide/antigravity-ide/bin:/Users/gregoriomorelli/.antigravity/antigravity/bin:/Applications/XAMPP/xamppfiles/bin:/Users/gregoriomorelli/develop/flutter/bin:/usr/local/bin:/System/Cryptexes/App/usr/bin:/usr/bin:/bin:/usr/sbin:/sbin:/var/run/com.apple.security.cryptexd/codex.system/bootstrap/usr/local/bin:/var/run/com.apple.security.cryptexd/codex.system/bootstrap/usr/bin:/var/run/com.apple.security.cryptexd/codex.system/bootstrap/usr/appleinternal/bin:/pkg/env/global/bin:/Users/gregoriomorelli/.spicetify
               PATH_PREFIXES_EXCLUDED_FROM_HEADER_DEPENDENCIES = /usr/include /usr/local/include /System/Library/Frameworks /System/Library/PrivateFrameworks /Applications/Xcode.app/Contents/Developer/Headers /Applications/Xcode.app/Contents/Developer/SDKs /Applications/Xcode.app/Contents/Developer/Platforms
               PBDEVELOPMENTPLIST_PATH = firebase_core.framework/pbdevelopment.plist
               PER_ARCH_MODULE_FILE_DIR = /Users/gregoriomorelli/Documents/vibra/build/ios/Pods.build/Release-iphonesimulator/firebase_core.build/Objects-normal/undefined_arch
               PER_ARCH_OBJECT_FILE_DIR = /Users/gregoriomorelli/Documents/vibra/build/ios/Pods.build/Release-iphonesimulator/firebase_core.build/Objects-normal/undefined_arch
               PER_VARIANT_OBJECT_FILE_DIR = /Users/gregoriomorelli/Documents/vibra/build/ios/Pods.build/Release-iphonesimulator/firebase_core.build/Objects-normal
               PKGINFO_FILE_PATH = /Users/gregoriomorelli/Documents/vibra/build/ios/Pods.build/Release-iphonesimulator/firebase_core.build/PkgInfo
               PKGINFO_PATH = firebase_core.framework/PkgInfo
               PLATFORM_DEVELOPER_APPLICATIONS_DIR = /Applications/Xcode.app/Contents/Developer/Platforms/iPhoneSimulator.platform/Developer/Applications
               PLATFORM_DEVELOPER_BIN_DIR = /Applications/Xcode.app/Contents/Developer/Platforms/iPhoneSimulator.platform/Developer/usr/bin
               PLATFORM_DEVELOPER_LIBRARY_DIR = /Applications/Xcode.app/Contents/Developer/Platforms/iPhoneSimulator.platform/Developer/Library
               PLATFORM_DEVELOPER_SDK_DIR = /Applications/Xcode.app/Contents/Developer/Platforms/iPhoneSimulator.platform/Developer/SDKs
               PLATFORM_DEVELOPER_TOOLS_DIR = /Applications/Xcode.app/Contents/Developer/Platforms/iPhoneSimulator.platform/Developer/Tools
               PLATFORM_DEVELOPER_USR_DIR = /Applications/Xcode.app/Contents/Developer/Platforms/iPhoneSimulator.platform/Developer/usr
               PLATFORM_DIR = /Applications/Xcode.app/Contents/Developer/Platforms/iPhoneSimulator.platform
               PLATFORM_DISPLAY_NAME = iOS Simulator
               PLATFORM_FAMILY_NAME = iOS
               PLATFORM_NAME = iphonesimulator
               PLATFORM_PREFERRED_ARCH = x86_64
               PLATFORM_PRODUCT_BUILD_VERSION = 23F73
               PLATFORM_REQUIRES_SWIFT_AUTOLINK_EXTRACT = NO
               PLATFORM_REQUIRES_SWIFT_MODULEWRAP = NO
               PLATFORM_USES_DSYMS = YES
               PLIST_FILE_OUTPUT_FORMAT = binary
               PLUGINS_FOLDER_PATH = firebase_core.framework/PlugIns
               PODS_BUILD_DIR = /Users/gregoriomorelli/Documents/vibra/build/ios
               PODS_CONFIGURATION_BUILD_DIR = /Users/gregoriomorelli/Documents/vibra/build/ios/Release-iphonesimulator
               PODS_DEVELOPMENT_LANGUAGE = en
               PODS_ROOT = /Users/gregoriomorelli/Documents/vibra/ios/Pods
               PODS_TARGET_SRCROOT = /Users/gregoriomorelli/Documents/vibra/ios/Pods/../.symlinks/plugins/firebase_core/ios
               PODS_XCFRAMEWORKS_BUILD_DIR = /Users/gregoriomorelli/Documents/vibra/build/ios/Release-iphonesimulator/XCFrameworkIntermediates
               PRECOMPS_INCLUDE_HEADERS_FROM_BUILT_PRODUCTS_DIR = YES
               PRECOMP_DESTINATION_DIR = /Users/gregoriomorelli/Documents/vibra/build/ios/Pods.build/Release-iphonesimulator/firebase_core.build/PrefixHeaders
               PRIVATE_HEADERS_FOLDER_PATH = firebase_core.framework/PrivateHeaders
               PROCESSED_INFOPLIST_PATH = /Users/gregoriomorelli/Documents/vibra/build/ios/Pods.build/Release-iphonesimulator/firebase_core.build/Objects-normal/undefined_arch/Processed-Info.plist
               PRODUCT_BUNDLE_IDENTIFIER = org.cocoapods.firebase-core
               PRODUCT_BUNDLE_PACKAGE_TYPE = FMWK
               PRODUCT_MODULE_NAME = firebase_core
               PRODUCT_NAME = firebase_core
               PRODUCT_SETTINGS_PATH = /Users/gregoriomorelli/Documents/vibra/ios/Pods/Target Support Files/firebase_core/firebase_core-Info.plist
               PRODUCT_TYPE = com.apple.product-type.framework
               PROFILING_CODE = NO
               PROJECT = Pods
               PROJECT_DERIVED_FILE_DIR = /Users/gregoriomorelli/Documents/vibra/build/ios/Pods.build/DerivedSources
               PROJECT_DIR = /Users/gregoriomorelli/Documents/vibra/ios/Pods
               PROJECT_FILE_PATH = /Users/gregoriomorelli/Documents/vibra/ios/Pods/Pods.xcodeproj
               PROJECT_GUID = bfdfe7dc352907fc980b868725387e98
               PROJECT_NAME = Pods
               PROJECT_TEMP_DIR = /Users/gregoriomorelli/Documents/vibra/build/ios/Pods.build
               PROJECT_TEMP_ROOT = /Users/gregoriomorelli/Documents/vibra/build/ios
               PUBLIC_HEADERS_FOLDER_PATH = firebase_core.framework/Headers
               RECOMMENDED_IPHONEOS_DEPLOYMENT_TARGET = 15.0
               RECURSIVE_SEARCH_PATHS_FOLLOW_SYMLINKS = YES
               REMOVE_CVS_FROM_RESOURCES = YES
               REMOVE_GIT_FROM_RESOURCES = YES
               REMOVE_HEADERS_FROM_EMBEDDED_BUNDLES = YES
               REMOVE_HG_FROM_RESOURCES = YES
               REMOVE_STATIC_EXECUTABLES_FROM_EMBEDDED_BUNDLES = YES
               REMOVE_SVN_FROM_RESOURCES = YES
               RESCHEDULE_INDEPENDENT_HEADERS_PHASES = YES
               REZ_COLLECTOR_DIR = /Users/gregoriomorelli/Documents/vibra/build/ios/Pods.build/Release-iphonesimulator/firebase_core.build/ResourceManagerResources
               REZ_OBJECTS_DIR = /Users/gregoriomorelli/Documents/vibra/build/ios/Pods.build/Release-iphonesimulator/firebase_core.build/ResourceManagerResources/Objects
               REZ_SEARCH_PATHS = /Users/gregoriomorelli/Documents/vibra/build/ios/Release-iphonesimulator/firebase_core 
               RPATH_ORIGIN = @loader_path
               RUNTIME_EXCEPTION_ALLOW_DYLD_ENVIRONMENT_VARIABLES = NO
               RUNTIME_EXCEPTION_ALLOW_JIT = NO
               RUNTIME_EXCEPTION_ALLOW_UNSIGNED_EXECUTABLE_MEMORY = NO
               RUNTIME_EXCEPTION_DEBUGGING_TOOL = NO
               RUNTIME_EXCEPTION_DISABLE_EXECUTABLE_PAGE_PROTECTION = NO
               RUNTIME_EXCEPTION_DISABLE_LIBRARY_VALIDATION = NO
               SCANNING_PCM_KEEP_CACHE_DIRECTORY = YES
               SCAN_ALL_SOURCE_FILES_FOR_INCLUDES = NO
               SCRIPTS_FOLDER_PATH = firebase_core.framework/Scripts
               SDKROOT = /Applications/Xcode.app/Contents/Developer/Platforms/iPhoneSimulator.platform/Developer/SDKs/iPhoneSimulator26.5.sdk
               SDK_DIR = /Applications/Xcode.app/Contents/Developer/Platforms/iPhoneSimulator.platform/Developer/SDKs/iPhoneSimulator26.5.sdk
               SDK_DIR_iphonesimulator = /Applications/Xcode.app/Contents/Developer/Platforms/iPhoneSimulator.platform/Developer/SDKs/iPhoneSimulator26.5.sdk
               SDK_DIR_iphonesimulator26_5 = /Applications/Xcode.app/Contents/Developer/Platforms/iPhoneSimulator.platform/Developer/SDKs/iPhoneSimulator26.5.sdk
               SDK_NAME = iphonesimulator26.5
               SDK_NAMES = iphonesimulator26.5
               SDK_PRODUCT_BUILD_VERSION = 23F73
               SDK_STAT_CACHE_DIR = /var/folders/pg/x6t89f2n7s7299rcw8hv33180000gn/C/com.apple.DeveloperTools/26.5-17F42/Xcode
               SDK_STAT_CACHE_ENABLE = YES
               SDK_STAT_CACHE_PATH = /var/folders/pg/x6t89f2n7s7299rcw8hv33180000gn/C/com.apple.DeveloperTools/26.5-17F42/Xcode/SDKStatCaches.noindex/iphonesimulator26.5-23F73-6cfe768891a92b912361537c460fe42b.sdkstatcache
               SDK_VERSION = 26.5
               SDK_VERSION_ACTUAL = 260500
               SDK_VERSION_MAJOR = 260000
               SDK_VERSION_MINOR = 260500
               SED = /usr/bin/sed
               SEPARATE_STRIP = NO
               SEPARATE_SYMBOL_EDIT = NO
               SET_DIR_MODE_OWNER_GROUP = YES
               SET_FILE_MODE_OWNER_GROUP = NO
               SHALLOW_BUNDLE = YES
               SHALLOW_BUNDLE_TRIPLE = ios-simulator
               SHALLOW_BUNDLE_ios_macabi = NO
               SHALLOW_BUNDLE_macos = NO
               SHARED_DERIVED_FILE_DIR = /Users/gregoriomorelli/Documents/vibra/build/ios/Release-iphonesimulator/firebase_core/DerivedSources
               SHARED_FRAMEWORKS_FOLDER_PATH = firebase_core.framework/SharedFrameworks
               SHARED_PRECOMPS_DIR = /Users/gregoriomorelli/Documents/vibra/build/ios/SharedPrecompiledHeaders
               SHARED_SUPPORT_FOLDER_PATH = firebase_core.framework
               SKIP_INSTALL = YES
               SKIP_MERGEABLE_LIBRARY_BUNDLE_HOOK = NO
               SOURCE_ROOT = /Users/gregoriomorelli/Documents/vibra/ios/Pods
               SRCROOT = /Users/gregoriomorelli/Documents/vibra/ios/Pods
               STRINGSDATA_DIR = /Users/gregoriomorelli/Documents/vibra/build/ios/Pods.build/Release-iphonesimulator/firebase_core.build/Objects-normal/undefined_arch
               STRINGSDATA_ROOT = /Users/gregoriomorelli/Documents/vibra/build/ios/Pods.build/Release-iphonesimulator/firebase_core.build
               STRINGS_FILE_INFOPLIST_RENAME = YES
               STRINGS_FILE_OUTPUT_ENCODING = binary
               STRING_CATALOG_GENERATE_SYMBOLS = NO
               STRIP_BITCODE_FROM_COPIED_FILES = NO
               STRIP_INSTALLED_PRODUCT = NO
               STRIP_STYLE = debugging
               STRIP_SWIFT_SYMBOLS = YES
               SUPPORTED_DEVICE_FAMILIES = 1,2
               SUPPORTED_PLATFORMS = iphoneos iphonesimulator
               SUPPORTS_TEXT_BASED_API = NO
               SUPPRESS_WARNINGS = NO
               SWIFT_ACTIVE_COMPILATION_CONDITIONS =  
               SWIFT_COMPILATION_MODE = wholemodule
               SWIFT_EMIT_CONST_VALUE_PROTOCOLS = AnyResolverProviding AppEntity AppEnum AppExtension AppIntent AppIntentsPackage AppShortcutProviding AppShortcutsProvider AppUnionValue AppUnionValueCasesProviding DynamicOptionsProvider EntityQuery ExtensionPointDefining IntentValueQuery Resolver TransientEntity _AssistantIntentsProvider _GenerativeFunctionExtractable _IntentValueRepresentable
               SWIFT_EMIT_LOC_STRINGS = NO
               SWIFT_ENABLE_EXPLICIT_MODULES = YES
               SWIFT_INSTALL_MODULE_FOR_DEPLOYMENT = YES
               SWIFT_INSTALL_OBJC_HEADER = YES
               SWIFT_OPTIMIZATION_LEVEL = -O
               SWIFT_PLATFORM_TARGET_PREFIX = ios
               SWIFT_RESPONSE_FILE_PATH_normal_arm64 = /Users/gregoriomorelli/Documents/vibra/build/ios/Pods.build/Release-iphonesimulator/firebase_core.build/Objects-normal/arm64/firebase_core.SwiftFileList
               SWIFT_RESPONSE_FILE_PATH_normal_x86_64 = /Users/gregoriomorelli/Documents/vibra/build/ios/Pods.build/Release-iphonesimulator/firebase_core.build/Objects-normal/x86_64/firebase_core.SwiftFileList
               SWIFT_VERSION = 5.0
               SYMROOT = /Users/gregoriomorelli/Documents/vibra/ios/build
               SYSTEM_ADMIN_APPS_DIR = /Applications/Utilities
               SYSTEM_APPS_DIR = /Applications
               SYSTEM_CORE_SERVICES_DIR = /System/Library/CoreServices
               SYSTEM_DEMOS_DIR = /Applications/Extras
               SYSTEM_DEVELOPER_APPS_DIR = /Applications/Xcode.app/Contents/Developer/Applications
               SYSTEM_DEVELOPER_BIN_DIR = /Applications/Xcode.app/Contents/Developer/usr/bin
               SYSTEM_DEVELOPER_DEMOS_DIR = /Applications/Xcode.app/Contents/Developer/Applications/Utilities/Built Examples
               SYSTEM_DEVELOPER_DIR = /Applications/Xcode.app/Contents/Developer
               SYSTEM_DEVELOPER_DOC_DIR = /Applications/Xcode.app/Contents/Developer/ADC Reference Library
               SYSTEM_DEVELOPER_GRAPHICS_TOOLS_DIR = /Applications/Xcode.app/Contents/Developer/Applications/Graphics Tools
               SYSTEM_DEVELOPER_JAVA_TOOLS_DIR = /Applications/Xcode.app/Contents/Developer/Applications/Java Tools
               SYSTEM_DEVELOPER_PERFORMANCE_TOOLS_DIR = /Applications/Xcode.app/Contents/Developer/Applications/Performance Tools
               SYSTEM_DEVELOPER_RELEASENOTES_DIR = /Applications/Xcode.app/Contents/Developer/ADC Reference Library/releasenotes
               SYSTEM_DEVELOPER_TOOLS = /Applications/Xcode.app/Contents/Developer/Tools
               SYSTEM_DEVELOPER_TOOLS_DOC_DIR = /Applications/Xcode.app/Contents/Developer/ADC Reference Library/documentation/DeveloperTools
               SYSTEM_DEVELOPER_TOOLS_RELEASENOTES_DIR = /Applications/Xcode.app/Contents/Developer/ADC Reference Library/releasenotes/DeveloperTools
               SYSTEM_DEVELOPER_USR_DIR = /Applications/Xcode.app/Contents/Developer/usr
               SYSTEM_DEVELOPER_UTILITIES_DIR = /Applications/Xcode.app/Contents/Developer/Applications/Utilities
               SYSTEM_DEXT_INSTALL_PATH = /System/Library/DriverExtensions
               SYSTEM_DOCUMENTATION_DIR = /Library/Documentation
               SYSTEM_EXTENSIONS_FOLDER_PATH = firebase_core.framework/SystemExtensions
               SYSTEM_EXTENSIONS_FOLDER_PATH_SHALLOW_BUNDLE_NO = firebase_core.framework/Library/SystemExtensions
               SYSTEM_EXTENSIONS_FOLDER_PATH_SHALLOW_BUNDLE_YES = firebase_core.framework/SystemExtensions
               SYSTEM_KEXT_INSTALL_PATH = /System/Library/Extensions
               SYSTEM_LIBRARY_DIR = /System/Library
               TAPI_DEMANGLE = YES
               TAPI_ENABLE_PROJECT_HEADERS = NO
               TAPI_LANGUAGE = objective-c
               TAPI_LANGUAGE_STANDARD = compiler-default
               TAPI_USE_SRCROOT = YES
               TAPI_VERIFY_MODE = Pedantic
               TARGETED_DEVICE_FAMILY = 1,2
               TARGETNAME = firebase_core
               TARGET_BUILD_DIR = /Users/gregoriomorelli/Documents/vibra/build/ios/Release-iphonesimulator/firebase_core
               TARGET_NAME = firebase_core
               TARGET_TEMP_DIR = /Users/gregoriomorelli/Documents/vibra/build/ios/Pods.build/Release-iphonesimulator/firebase_core.build
               TEMP_DIR = /Users/gregoriomorelli/Documents/vibra/build/ios/Pods.build/Release-iphonesimulator/firebase_core.build
               TEMP_FILES_DIR = /Users/gregoriomorelli/Documents/vibra/build/ios/Pods.build/Release-iphonesimulator/firebase_core.build
               TEMP_FILE_DIR = /Users/gregoriomorelli/Documents/vibra/build/ios/Pods.build/Release-iphonesimulator/firebase_core.build
               TEMP_ROOT = /Users/gregoriomorelli/Documents/vibra/build/ios
               TEMP_SANDBOX_DIR = /Users/gregoriomorelli/Documents/vibra/build/ios/TemporaryTaskSandboxes
               TEST_FRAMEWORK_SEARCH_PATHS =  /Applications/Xcode.app/Contents/Developer/Platforms/iPhoneSimulator.platform/Developer/Library/Frameworks /Applications/Xcode.app/Contents/Developer/Platforms/iPhoneSimulator.platform/Developer/SDKs/iPhoneSimulator26.5.sdk/Developer/Library/Frameworks
               TEST_LIBRARY_SEARCH_PATHS =  /Applications/Xcode.app/Contents/Developer/Platforms/iPhoneSimulator.platform/Developer/usr/lib
               TOOLCHAINS = com.apple.dt.toolchain.XcodeDefault
               TOOLCHAIN_DIR = /Applications/Xcode.app/Contents/Developer/Toolchains/XcodeDefault.xctoolchain
               TREAT_MISSING_BASELINES_AS_TEST_FAILURES = NO
               TREAT_MISSING_SCRIPT_PHASE_OUTPUTS_AS_ERRORS = NO
               TVOS_DEPLOYMENT_TARGET = 26.5
               UID = 501
               UNINSTALLED_PRODUCTS_DIR = /Users/gregoriomorelli/Documents/vibra/build/ios/UninstalledProducts
               UNLOCALIZED_RESOURCES_FOLDER_PATH = firebase_core.framework
               UNLOCALIZED_RESOURCES_FOLDER_PATH_SHALLOW_BUNDLE_NO = firebase_core.framework/Resources
               UNLOCALIZED_RESOURCES_FOLDER_PATH_SHALLOW_BUNDLE_YES = firebase_core.framework
               UNSTRIPPED_PRODUCT = NO
               USER = gregoriomorelli
               USER_APPS_DIR = /Users/gregoriomorelli/Applications
               USER_LIBRARY_DIR = /Users/gregoriomorelli/Library
               USE_DYNAMIC_NO_PIC = YES
               USE_HEADERMAP = YES
               USE_HEADER_SYMLINKS = NO
               USE_RECURSIVE_SCRIPT_INPUTS_IN_SCRIPT_PHASES = YES
               VALIDATE_DEVELOPMENT_ASSET_PATHS = YES_ERROR
               VALIDATE_PRODUCT = YES
               VALID_ARCHS = arm64 x86_64
               VERBOSE_PBXCP = NO
               VERSIONING_SYSTEM = apple-generic
               VERSIONPLIST_PATH = firebase_core.framework/version.plist
               VERSIONS_FOLDER_PATH = firebase_core.framework
               VERSIONS_FOLDER_PATH_SHALLOW_BUNDLE_NO = firebase_core.framework/Versions
               VERSIONS_FOLDER_PATH_SHALLOW_BUNDLE_YES = firebase_core.framework
               VERSION_INFO_BUILDER = gregoriomorelli
               VERSION_INFO_FILE = firebase_core_vers.c
               VERSION_INFO_STRING = "@(#)PROGRAM:firebase_core  PROJECT:Pods-1"
               WATCHOS_DEPLOYMENT_TARGET = 26.5
               WORKSPACE_DIR = /Users/gregoriomorelli/Documents/vibra/ios/Pods/Pods.xcodeproj
               WRAPPER_EXTENSION = framework
               WRAPPER_NAME = firebase_core.framework
               WRAPPER_SUFFIX = .framework
               WRAP_ASSET_PACKS_IN_SEPARATE_DIRECTORIES = NO
               XCODE_APP_SUPPORT_DIR = /Applications/Xcode.app/Contents/Developer/Library/Xcode
               XCODE_PRODUCT_BUILD_VERSION = 17F42
               XCODE_VERSION_ACTUAL = 2650
               XCODE_VERSION_MAJOR = 2600
               XCODE_VERSION_MINOR = 2650
               XPCSERVICES_FOLDER_PATH = firebase_core.framework/XPCServices
               XROS_DEPLOYMENT_TARGET = 26.5
               YACC = yacc
               _DISCOVER_COMMAND_LINE_LINKER_INPUTS = YES
               _DISCOVER_COMMAND_LINE_LINKER_INPUTS_INCLUDE_WL = YES
               _LD_MULTIARCH = YES
               _WRAPPER_CONTENTS_DIR_SHALLOW_BUNDLE_NO = /Contents
               _WRAPPER_PARENT_PATH_SHALLOW_BUNDLE_NO = /..
               _WRAPPER_RESOURCES_DIR_SHALLOW_BUNDLE_NO = /Resources
               __DIAGNOSE_DEPRECATED_ARCHS = YES
               __ORIGINAL_SDK_DEFINED_LLVM_TARGET_TRIPLE_SYS = ios
               arch = undefined_arch
               variant = normal

           Build settings for action build and target firebase_messaging:
               ACTION = build
               AD_HOC_CODE_SIGNING_ALLOWED = YES
               ALLOW_BUILD_REQUEST_OVERRIDES = NO
               ALLOW_TARGET_PLATFORM_SPECIALIZATION = NO
               ALTERNATE_GROUP = staff
               ALTERNATE_MODE = u+w,go-w,a+rX
               ALTERNATE_OWNER = gregoriomorelli
               ALTERNATIVE_DISTRIBUTION_WEB = NO
               ALWAYS_EMBED_SWIFT_STANDARD_LIBRARIES = NO
               ALWAYS_SEARCH_USER_PATHS = NO
               ALWAYS_USE_SEPARATE_HEADERMAPS = NO
               APPLICATION_EXTENSION_API_ONLY = NO
               APPLY_RULES_IN_COPY_FILES = NO
               APPLY_RULES_IN_COPY_HEADERS = NO
               APP_SHORTCUTS_ENABLE_FLEXIBLE_MATCHING = YES
               ARCHS = arm64 x86_64
               ARCHS_BASE = arm64 x86_64
               ARCHS_STANDARD = arm64 x86_64
               ARCHS_STANDARD_32_64_BIT = arm64 x86_64
               ARCHS_STANDARD_64_BIT = arm64 x86_64
               ARCHS_STANDARD_INCLUDING_64_BIT = arm64 x86_64
               ARCHS_UNIVERSAL_IPHONE_OS = arm64 x86_64
               AUTOMATICALLY_MERGE_DEPENDENCIES = NO
               AUTOMATION_APPLE_EVENTS = NO
               AVAILABLE_PLATFORMS = android appletvos appletvsimulator driverkit freebsd iphoneos iphonesimulator linux macosx none openbsd qnx watchos watchsimulator webassembly xros xrsimulator
               BUILD_ACTIVE_RESOURCES_ONLY = NO
               BUILD_COMPONENTS = headers build
               BUILD_DIR = /Users/gregoriomorelli/Documents/vibra/build/ios
               BUILD_LIBRARY_FOR_DISTRIBUTION = NO
               BUILD_ONLY_KNOWN_LOCALIZATIONS = NO
               BUILD_ROOT = /Users/gregoriomorelli/Documents/vibra/ios/build
               BUILD_STYLE = 
               BUILD_VARIANTS = normal
               BUILT_PRODUCTS_DIR = /Users/gregoriomorelli/Documents/vibra/build/ios/Release-iphonesimulator/firebase_messaging
               BUNDLE_CONTENTS_FOLDER_PATH_deep = Contents/
               BUNDLE_EXECUTABLE_FOLDER_NAME_deep = MacOS
               BUNDLE_EXTENSIONS_FOLDER_PATH = Extensions
               BUNDLE_FORMAT = shallow
               BUNDLE_FRAMEWORKS_FOLDER_PATH = Frameworks
               BUNDLE_PLUGINS_FOLDER_PATH = PlugIns
               BUNDLE_PRIVATE_HEADERS_FOLDER_PATH = PrivateHeaders
               BUNDLE_PUBLIC_HEADERS_FOLDER_PATH = Headers
               CACHE_ROOT = /var/folders/pg/x6t89f2n7s7299rcw8hv33180000gn/C/com.apple.DeveloperTools/26.5-17F42/Xcode
               CCHROOT = /var/folders/pg/x6t89f2n7s7299rcw8hv33180000gn/C/com.apple.DeveloperTools/26.5-17F42/Xcode
               CHMOD = /bin/chmod
               CHOWN = chown
               CLANG_ANALYZER_LOCALIZABILITY_NONLOCALIZED = YES
               CLANG_ANALYZER_NONNULL = YES
               CLANG_ANALYZER_NUMBER_OBJECT_CONVERSION = YES_AGGRESSIVE
               CLANG_CACHE_FINE_GRAINED_OUTPUTS = YES
               CLANG_CXX_LANGUAGE_STANDARD = gnu++14
               CLANG_CXX_LIBRARY = libc++
               CLANG_ENABLE_EXPLICIT_MODULES = YES
               CLANG_ENABLE_MODULES = YES
               CLANG_ENABLE_OBJC_ARC = YES
               CLANG_ENABLE_OBJC_WEAK = NO
               CLANG_MODULES_BUILD_SESSION_FILE = /var/folders/pg/x6t89f2n7s7299rcw8hv33180000gn/C/org.llvm.clang/ModuleCache.noindex/Session.modulevalidation
               CLANG_WARN_BLOCK_CAPTURE_AUTORELEASING = YES
               CLANG_WARN_BOOL_CONVERSION = YES
               CLANG_WARN_COMMA = YES
               CLANG_WARN_CONSTANT_CONVERSION = YES
               CLANG_WARN_DEPRECATED_OBJC_IMPLEMENTATIONS = YES
               CLANG_WARN_DIRECT_OBJC_ISA_USAGE = YES_ERROR
               CLANG_WARN_DOCUMENTATION_COMMENTS = YES
               CLANG_WARN_EMPTY_BODY = YES
               CLANG_WARN_ENUM_CONVERSION = YES
               CLANG_WARN_INFINITE_RECURSION = YES
               CLANG_WARN_INT_CONVERSION = YES
               CLANG_WARN_NON_LITERAL_NULL_CONVERSION = YES
               CLANG_WARN_OBJC_IMPLICIT_RETAIN_SELF = YES
               CLANG_WARN_OBJC_LITERAL_CONVERSION = YES
               CLANG_WARN_OBJC_ROOT_CLASS = YES_ERROR
               CLANG_WARN_QUOTED_INCLUDE_IN_FRAMEWORK_HEADER = NO
               CLANG_WARN_RANGE_LOOP_ANALYSIS = YES
               CLANG_WARN_STRICT_PROTOTYPES = YES
               CLANG_WARN_SUSPICIOUS_MOVE = YES
               CLANG_WARN_UNGUARDED_AVAILABILITY = YES_AGGRESSIVE
               CLANG_WARN_UNREACHABLE_CODE = YES
               CLANG_WARN__DUPLICATE_METHOD_MATCH = YES
               CLASS_FILE_DIR = /Users/gregoriomorelli/Documents/vibra/build/ios/Pods.build/Release-iphonesimulator/firebase_messaging.build/JavaClasses
               CLEAN_PRECOMPS = YES
               CLONE_HEADERS = NO
               CODESIGNING_FOLDER_PATH = /Users/gregoriomorelli/Documents/vibra/build/ios/Release-iphonesimulator/firebase_messaging/firebase_messaging.framework
               CODE_SIGNING_ALLOWED = YES
               CODE_SIGNING_REQUIRED = NO
               CODE_SIGNING_REQUIRES_TEAM = YES
               CODE_SIGN_CONTEXT_CLASS = XCiPhoneSimulatorCodeSignContext
               CODE_SIGN_IDENTITY = -
               CODE_SIGN_INJECT_BASE_ENTITLEMENTS = YES
               COLOR_DIAGNOSTICS = NO
               COMBINE_HIDPI_IMAGES = NO
               COMPILATION_CACHE_CAS_PATH = /var/folders/pg/x6t89f2n7s7299rcw8hv33180000gn/C/com.apple.DeveloperTools/26.5-17F42/Xcode/CompilationCache.noindex
               COMPILATION_CACHE_KEEP_CAS_DIRECTORY = YES
               COMPILER_INDEX_STORE_ENABLE = Default
               COMPOSITE_SDK_DIRS = /Users/gregoriomorelli/Documents/vibra/build/ios/CompositeSDKs
               COMPRESS_PNG_FILES = YES
               CONFIGURATION = Release
               CONFIGURATION_BUILD_DIR = /Users/gregoriomorelli/Documents/vibra/build/ios/Release-iphonesimulator/firebase_messaging
               CONFIGURATION_TEMP_DIR = /Users/gregoriomorelli/Documents/vibra/build/ios/Pods.build/Release-iphonesimulator
               CONTENTS_FOLDER_PATH = firebase_messaging.framework
               CONTENTS_FOLDER_PATH_SHALLOW_BUNDLE_NO = firebase_messaging.framework/A
               CONTENTS_FOLDER_PATH_SHALLOW_BUNDLE_YES = firebase_messaging.framework
               COPYING_PRESERVES_HFS_DATA = NO
               COPY_HEADERS_RUN_UNIFDEF = NO
               COPY_PHASE_STRIP = NO
               CORRESPONDING_DEVICE_PLATFORM_DIR = /Applications/Xcode.app/Contents/Developer/Platforms/iPhoneOS.platform
               CORRESPONDING_DEVICE_PLATFORM_NAME = iphoneos
               CORRESPONDING_DEVICE_SDK_DIR = /Applications/Xcode.app/Contents/Developer/Platforms/iPhoneOS.platform/Developer/SDKs/iPhoneOS26.5.sdk
               CORRESPONDING_DEVICE_SDK_NAME = iphoneos26.5
               CP = /bin/cp
               CREATE_INFOPLIST_SECTION_IN_BINARY = NO
               CURRENT_ARCH = undefined_arch
               CURRENT_PROJECT_VERSION = 1
               CURRENT_VARIANT = normal
               CURRENT_VERSION = Current
               DEAD_CODE_STRIPPING = YES
               DEBUGGING_SYMBOLS = YES
               DEBUG_INFORMATION_FORMAT = dwarf-with-dsym
               DEBUG_INFORMATION_VERSION = compiler-default
               DEFAULT_COMPILER = com.apple.compilers.llvm.clang.1_0
               DEFAULT_DEXT_INSTALL_PATH = /System/Library/DriverExtensions
               DEFAULT_KEXT_INSTALL_PATH = /System/Library/Extensions
               DEFINES_MODULE = YES
               DEPLOYMENT_LOCATION = NO
               DEPLOYMENT_POSTPROCESSING = NO
               DEPLOYMENT_TARGET_SETTING_NAME = IPHONEOS_DEPLOYMENT_TARGET
               DEPLOYMENT_TARGET_SUGGESTED_VALUES = 12.0 12.1 12.2 12.3 12.4 13.0 13.1 13.2 13.3 13.4 13.5 13.6 14.0 14.1 14.2 14.3 14.4 14.5 14.6 14.7 15.0 15.1 15.2 15.3 15.4 15.5 15.6 16.0 16.1 16.2 16.3 16.4 16.5 16.6 17.0 17.1 17.2 17.3 17.4 17.5 17.6 18.0 18.1 18.2 18.3 18.4 18.5 18.6 26.0 26.2 26.3 26.4 26.5
               DERIVED_FILES_DIR = /Users/gregoriomorelli/Documents/vibra/build/ios/Pods.build/Release-iphonesimulator/firebase_messaging.build/DerivedSources
               DERIVED_FILE_DIR = /Users/gregoriomorelli/Documents/vibra/build/ios/Pods.build/Release-iphonesimulator/firebase_messaging.build/DerivedSources
               DERIVED_SOURCES_DIR = /Users/gregoriomorelli/Documents/vibra/build/ios/Pods.build/Release-iphonesimulator/firebase_messaging.build/DerivedSources
               DEVELOPER_APPLICATIONS_DIR = /Applications/Xcode.app/Contents/Developer/Applications
               DEVELOPER_BIN_DIR = /Applications/Xcode.app/Contents/Developer/usr/bin
               DEVELOPER_DIR = /Applications/Xcode.app/Contents/Developer
               DEVELOPER_FRAMEWORKS_DIR = /Applications/Xcode.app/Contents/Developer/Library/Frameworks
               DEVELOPER_FRAMEWORKS_DIR_QUOTED = /Applications/Xcode.app/Contents/Developer/Library/Frameworks
               DEVELOPER_LIBRARY_DIR = /Applications/Xcode.app/Contents/Developer/Library
               DEVELOPER_SDK_DIR = /Applications/Xcode.app/Contents/Developer/Platforms/MacOSX.platform/Developer/SDKs
               DEVELOPER_TOOLS_DIR = /Applications/Xcode.app/Contents/Developer/Tools
               DEVELOPER_USR_DIR = /Applications/Xcode.app/Contents/Developer/usr
               DEVELOPMENT_LANGUAGE = en
               DIAGNOSE_MISSING_TARGET_DEPENDENCIES = YES
               DIFF = /usr/bin/diff
               DOCUMENTATION_FOLDER_PATH = firebase_messaging.framework/en.lproj/Documentation
               DONT_GENERATE_INFOPLIST_FILE = NO
               DRIVERKIT_DEPLOYMENT_TARGET = 25.5
               DSTROOT = /tmp/Pods.dst
               DT_TOOLCHAIN_DIR = /Applications/Xcode.app/Contents/Developer/Toolchains/XcodeDefault.xctoolchain
               DUMP_DEPENDENCIES = NO
               DUMP_DEPENDENCIES_OUTPUT_PATH = /Users/gregoriomorelli/Documents/vibra/build/ios/Pods.build/Release-iphonesimulator/firebase_messaging.build/firebase_messaging-BuildDependencyInfo.json
               DWARF_DSYM_FILE_NAME = firebase_messaging.framework.dSYM
               DWARF_DSYM_FILE_SHOULD_ACCOMPANY_PRODUCT = NO
               DWARF_DSYM_FOLDER_PATH = /Users/gregoriomorelli/Documents/vibra/build/ios/Release-iphonesimulator/firebase_messaging
               DYLIB_COMPATIBILITY_VERSION = 1
               DYLIB_CURRENT_VERSION = 1
               DYLIB_INSTALL_NAME_BASE = @rpath
               DYNAMIC_LIBRARY_EXTENSION = dylib
               EAGER_COMPILATION_ALLOW_SCRIPTS = NO
               EAGER_LINKING = NO
               EFFECTIVE_PLATFORM_NAME = -iphonesimulator
               EFFECTIVE_SWIFT_VERSION = 5
               EMBEDDED_CONTENT_CONTAINS_SWIFT = NO
               EMBED_ASSET_PACKS_IN_PRODUCT_BUNDLE = NO
               ENABLE_APP_SANDBOX = NO
               ENABLE_BITCODE = NO
               ENABLE_CODE_COVERAGE = YES
               ENABLE_COHORT_ARCHS = NO
               ENABLE_CPLUSPLUS_BOUNDS_SAFE_BUFFERS = NO
               ENABLE_C_BOUNDS_SAFETY = NO
               ENABLE_DEFAULT_HEADER_SEARCH_PATHS = YES
               ENABLE_DEFAULT_SEARCH_PATHS = YES
               ENABLE_ENHANCED_SECURITY = NO
               ENABLE_HARDENED_RUNTIME = NO
               ENABLE_HEADER_DEPENDENCIES = YES
               ENABLE_INCOMING_NETWORK_CONNECTIONS = NO
               ENABLE_MODULE_VERIFIER = NO
               ENABLE_NS_ASSERTIONS = NO
               ENABLE_ON_DEMAND_RESOURCES = NO
               ENABLE_OUTGOING_NETWORK_CONNECTIONS = NO
               ENABLE_POINTER_AUTHENTICATION = NO
               ENABLE_RESOURCE_ACCESS_AUDIO_INPUT = NO
               ENABLE_RESOURCE_ACCESS_BLUETOOTH = NO
               ENABLE_RESOURCE_ACCESS_CALENDARS = NO
               ENABLE_RESOURCE_ACCESS_CAMERA = NO
               ENABLE_RESOURCE_ACCESS_CONTACTS = NO
               ENABLE_RESOURCE_ACCESS_LOCATION = NO
               ENABLE_RESOURCE_ACCESS_PHOTO_LIBRARY = NO
               ENABLE_RESOURCE_ACCESS_PRINTING = NO
               ENABLE_RESOURCE_ACCESS_USB = NO
               ENABLE_SDK_IMPORTS = NO
               ENABLE_SECURITY_COMPILER_WARNINGS = NO
               ENABLE_STRICT_OBJC_MSGSEND = YES
               ENABLE_TESTABILITY = NO
               ENABLE_TESTING_SEARCH_PATHS = NO
               ENABLE_USER_SCRIPT_SANDBOXING = NO
               ENFORCE_VALID_ARCHS = YES
               ENTITLEMENTS_DESTINATION = __entitlements
               ENTITLEMENTS_REQUIRED = NO
               EXCLUDED_ARCHS =  i386
               EXCLUDED_INSTALLSRC_SUBDIRECTORY_PATTERNS = .DS_Store .svn .git .hg CVS
               EXCLUDED_RECURSIVE_SEARCH_PATH_SUBDIRECTORIES = *.nib *.lproj *.framework *.gch *.xcode* *.xcassets *.icon (*) .DS_Store CVS .svn .git .hg *.pbproj *.pbxproj
               EXECUTABLES_FOLDER_PATH = firebase_messaging.framework/en.lproj
               EXECUTABLE_FOLDER_PATH = firebase_messaging.framework
               EXECUTABLE_FOLDER_PATH_SHALLOW_BUNDLE_NO = firebase_messaging.framework
               EXECUTABLE_FOLDER_PATH_SHALLOW_BUNDLE_YES = firebase_messaging.framework
               EXECUTABLE_NAME = firebase_messaging
               EXECUTABLE_PATH = firebase_messaging.framework/firebase_messaging
               EXTENSIONS_FOLDER_PATH = firebase_messaging.framework/Extensions
               FILE_LIST = /Users/gregoriomorelli/Documents/vibra/build/ios/Pods.build/Release-iphonesimulator/firebase_messaging.build/Objects/LinkFileList
               FIXED_FILES_DIR = /Users/gregoriomorelli/Documents/vibra/build/ios/Pods.build/Release-iphonesimulator/firebase_messaging.build/FixedFiles
               FRAMEWORKS_FOLDER_PATH = firebase_messaging.framework/Frameworks
               FRAMEWORK_FLAG_PREFIX = -framework
               FRAMEWORK_SEARCH_PATHS = /Users/gregoriomorelli/Documents/vibra/build/ios/Release-iphonesimulator/firebase_messaging "/Users/gregoriomorelli/development/flutter/bin/cache/artifacts/engine/ios-release/Flutter.xcframework/ios-arm64_x86_64-simulator"  "/Users/gregoriomorelli/Documents/vibra/build/ios/Release-iphonesimulator/FirebaseCore" "/Users/gregoriomorelli/Documents/vibra/build/ios/Release-iphonesimulator/FirebaseCoreInternal" "/Users/gregoriomorelli/Documents/vibra/build/ios/Release-iphonesimulator/FirebaseInstallations" "/Users/gregoriomorelli/Documents/vibra/build/ios/Release-iphonesimulator/FirebaseMessaging" "/Users/gregoriomorelli/Documents/vibra/build/ios/Release-iphonesimulator/GoogleDataTransport" "/Users/gregoriomorelli/Documents/vibra/build/ios/Release-iphonesimulator/GoogleUtilities" "/Users/gregoriomorelli/Documents/vibra/build/ios/Release-iphonesimulator/PromisesObjC" "/Users/gregoriomorelli/Documents/vibra/build/ios/Release-iphonesimulator/firebase_core" "/Users/gregoriomorelli/Documents/vibra/build/ios/Release-iphonesimulator/nanopb"
               FRAMEWORK_VERSION = A
               FULL_PRODUCT_NAME = firebase_messaging.framework
               FUSE_BUILD_PHASES = YES
               FUSE_BUILD_SCRIPT_PHASES = NO
               GCC3_VERSION = 3.3
               GCC_C_LANGUAGE_STANDARD = gnu11
               GCC_INLINES_ARE_PRIVATE_EXTERN = YES
               GCC_NO_COMMON_BLOCKS = YES
               GCC_OBJC_LEGACY_DISPATCH = YES
               GCC_PFE_FILE_C_DIALECTS = c objective-c c++ objective-c++
               GCC_PREFIX_HEADER = Target Support Files/firebase_messaging/firebase_messaging-prefix.pch
               GCC_PREPROCESSOR_DEFINITIONS = POD_CONFIGURATION_RELEASE=1  COCOAPODS=1 LIBRARY_VERSION=\"15.2.10\" LIBRARY_NAME=\"flutter-fire-fcm\"
               GCC_TREAT_WARNINGS_AS_ERRORS = NO
               GCC_VERSION = com.apple.compilers.llvm.clang.1_0
               GCC_VERSION_IDENTIFIER = com_apple_compilers_llvm_clang_1_0
               GCC_WARN_64_TO_32_BIT_CONVERSION = YES
               GCC_WARN_ABOUT_RETURN_TYPE = YES_ERROR
               GCC_WARN_UNDECLARED_SELECTOR = YES
               GCC_WARN_UNINITIALIZED_AUTOS = YES_AGGRESSIVE
               GCC_WARN_UNUSED_FUNCTION = YES
               GCC_WARN_UNUSED_VARIABLE = YES
               GENERATED_MODULEMAP_DIR = /Users/gregoriomorelli/Documents/vibra/build/ios/GeneratedModuleMaps-iphonesimulator
               GENERATE_INFOPLIST_FILE = NO
               GENERATE_INTERMEDIATE_TEXT_BASED_STUBS = YES
               GENERATE_PKGINFO_FILE = NO
               GENERATE_PRELINK_OBJECT_FILE = NO
               GENERATE_PROFILING_CODE = NO
               GENERATE_TEXT_BASED_STUBS = NO
               GID = 20
               GROUP = staff
               HEADERMAP_INCLUDES_FLAT_ENTRIES_FOR_TARGET_BEING_BUILT = YES
               HEADERMAP_INCLUDES_FRAMEWORK_ENTRIES_FOR_ALL_PRODUCT_TYPES = YES
               HEADERMAP_INCLUDES_FRAMEWORK_ENTRIES_FOR_TARGETS_NOT_BEING_BUILT = YES
               HEADERMAP_INCLUDES_NONPUBLIC_NONPRIVATE_HEADERS = YES
               HEADERMAP_INCLUDES_PROJECT_HEADERS = YES
               HEADERMAP_USES_FRAMEWORK_PREFIX_ENTRIES = YES
               HEADERMAP_USES_VFS = YES
               HEADER_SEARCH_PATHS = /Users/gregoriomorelli/Documents/vibra/build/ios/Release-iphonesimulator/firebase_messaging/include  "/Users/gregoriomorelli/Documents/vibra/ios/Pods/Headers/Public"
               HOME = /Users/gregoriomorelli
               HOST_ARCH = arm64
               HOST_PLATFORM = macosx
               ICONV = /usr/bin/iconv
               IMPLICIT_DEPENDENCY_DOMAIN = default
               INDEX_STORE_COMPRESS = NO
               INDEX_STORE_ONLY_PROJECT_FILES = NO
               INFOPLIST_ENABLE_CFBUNDLEICONS_MERGE = YES
               INFOPLIST_EXPAND_BUILD_SETTINGS = YES
               INFOPLIST_FILE = Target Support Files/firebase_messaging/firebase_messaging-Info.plist
               INFOPLIST_OUTPUT_FORMAT = binary
               INFOPLIST_PATH = firebase_messaging.framework/Info.plist
               INFOPLIST_PREPROCESS = NO
               INFOSTRINGS_PATH = firebase_messaging.framework/en.lproj/InfoPlist.strings
               INLINE_PRIVATE_FRAMEWORKS = NO
               INSTALLAPI_IGNORE_SKIP_INSTALL = YES
               INSTALLHDRS_COPY_PHASE = NO
               INSTALLHDRS_SCRIPT_PHASE = NO
               INSTALL_DIR = /tmp/Pods.dst/Library/Frameworks
               INSTALL_GROUP = staff
               INSTALL_MODE_FLAG = u+w,go-w,a+rX
               INSTALL_OWNER = gregoriomorelli
               INSTALL_PATH = /Library/Frameworks
               INSTALL_ROOT = /tmp/Pods.dst
               IPHONEOS_DEPLOYMENT_TARGET = 13.0
               IS_UNOPTIMIZED_BUILD = NO
               JAVAC_DEFAULT_FLAGS = -J-Xms64m -J-XX:NewSize=4M -J-Dfile.encoding=UTF8
               JAVA_APP_STUB = /System/Library/Frameworks/JavaVM.framework/Resources/MacOS/JavaApplicationStub
               JAVA_ARCHIVE_CLASSES = YES
               JAVA_ARCHIVE_TYPE = JAR
               JAVA_COMPILER = /usr/bin/javac
               JAVA_FOLDER_PATH = firebase_messaging.framework/Java
               JAVA_FRAMEWORK_RESOURCES_DIRS = Resources
               JAVA_JAR_FLAGS = cv
               JAVA_SOURCE_SUBDIR = .
               JAVA_USE_DEPENDENCIES = YES
               JAVA_ZIP_FLAGS = -urg
               JIKES_DEFAULT_FLAGS = +E +OLDCSO
               KEEP_PRIVATE_EXTERNS = NO
               LD_DEPENDENCY_INFO_FILE = /Users/gregoriomorelli/Documents/vibra/build/ios/Pods.build/Release-iphonesimulator/firebase_messaging.build/Objects-normal/undefined_arch/firebase_messaging_dependency_info.dat
               LD_DYLIB_INSTALL_NAME = @rpath/firebase_messaging.framework/firebase_messaging
               LD_EXPORT_SYMBOLS = YES
               LD_GENERATE_MAP_FILE = NO
               LD_MAP_FILE_PATH = /Users/gregoriomorelli/Documents/vibra/build/ios/Pods.build/Release-iphonesimulator/firebase_messaging.build/firebase_messaging-LinkMap-normal-undefined_arch.txt
               LD_NO_PIE = NO
               LD_QUOTE_LINKER_ARGUMENTS_FOR_COMPILER_DRIVER = YES
               LD_RUNPATH_SEARCH_PATHS =  @executable_path/Frameworks @loader_path/Frameworks
               LD_SHARED_CACHE_ELIGIBLE = Automatic
               LD_WARN_DUPLICATE_LIBRARIES = NO
               LD_WARN_UNUSED_DYLIBS = NO
               LEGACY_DEVELOPER_DIR = /Applications/Xcode.app/Contents/PlugIns/Xcode3Core.ideplugin/Contents/SharedSupport/Developer
               LEX = lex
               LIBRARY_DEXT_INSTALL_PATH = /Library/DriverExtensions
               LIBRARY_FLAG_NOSPACE = YES
               LIBRARY_FLAG_PREFIX = -l
               LIBRARY_KEXT_INSTALL_PATH = /Library/Extensions
               LIBRARY_SEARCH_PATHS = /Users/gregoriomorelli/Documents/vibra/build/ios/Release-iphonesimulator/firebase_messaging 
               LINKER_DISPLAYS_MANGLED_NAMES = NO
               LINK_FILE_LIST_normal_arm64 = /Users/gregoriomorelli/Documents/vibra/build/ios/Pods.build/Release-iphonesimulator/firebase_messaging.build/Objects-normal/arm64/firebase_messaging.LinkFileList
               LINK_FILE_LIST_normal_x86_64 = /Users/gregoriomorelli/Documents/vibra/build/ios/Pods.build/Release-iphonesimulator/firebase_messaging.build/Objects-normal/x86_64/firebase_messaging.LinkFileList
               LINK_OBJC_RUNTIME = YES
               LINK_WITH_STANDARD_LIBRARIES = YES
               LLVM_TARGET_TRIPLE_OS_VERSION = ios13.0
               LLVM_TARGET_TRIPLE_SUFFIX = -simulator
               LLVM_TARGET_TRIPLE_VENDOR = apple
               LM_AUX_CONST_METADATA_LIST_PATH_normal_arm64 = /Users/gregoriomorelli/Documents/vibra/build/ios/Pods.build/Release-iphonesimulator/firebase_messaging.build/Objects-normal/arm64/firebase_messaging.SwiftConstValuesFileList
               LM_AUX_CONST_METADATA_LIST_PATH_normal_x86_64 = /Users/gregoriomorelli/Documents/vibra/build/ios/Pods.build/Release-iphonesimulator/firebase_messaging.build/Objects-normal/x86_64/firebase_messaging.SwiftConstValuesFileList
               LOCALIZATION_EXPORT_SUPPORTED = YES
               LOCALIZATION_PREFERS_STRING_CATALOGS = NO
               LOCALIZED_RESOURCES_FOLDER_PATH = firebase_messaging.framework/en.lproj
               LOCALIZED_STRING_CODE_COMMENTS = NO
               LOCALIZED_STRING_MACRO_NAMES = NSLocalizedString CFCopyLocalizedString
               LOCALIZED_STRING_SWIFTUI_SUPPORT = YES
               LOCAL_ADMIN_APPS_DIR = /Applications/Utilities
               LOCAL_APPS_DIR = /Applications
               LOCAL_DEVELOPER_DIR = /Library/Developer
               LOCAL_LIBRARY_DIR = /Library
               LOCROOT = /Users/gregoriomorelli/Documents/vibra/ios/Pods
               LOCSYMROOT = /Users/gregoriomorelli/Documents/vibra/ios/Pods
               MACH_O_TYPE = staticlib
               MACOSX_DEPLOYMENT_TARGET = 26.5
               MAC_OS_X_PRODUCT_BUILD_VERSION = 25F84
               MAC_OS_X_VERSION_ACTUAL = 260502
               MAC_OS_X_VERSION_MAJOR = 260000
               MAC_OS_X_VERSION_MINOR = 260500
               MAKE_MERGEABLE = NO
               MERGEABLE_LIBRARY = NO
               MERGED_BINARY_TYPE = none
               MERGE_LINKED_LIBRARIES = NO
               METAL_LIBRARY_FILE_BASE = default
               METAL_LIBRARY_OUTPUT_DIR = /Users/gregoriomorelli/Documents/vibra/build/ios/Release-iphonesimulator/firebase_messaging/firebase_messaging.framework
               MODULEMAP_FILE = Target Support Files/firebase_messaging/firebase_messaging.modulemap
               MODULES_FOLDER_PATH = firebase_messaging.framework/Modules
               MTL_ENABLE_DEBUG_INFO = NO
               MTL_FAST_MATH = YES
               NATIVE_ARCH = arm64
               NATIVE_ARCH_32_BIT = arm
               NATIVE_ARCH_64_BIT = arm64
               NATIVE_ARCH_ACTUAL = arm64
               NO_COMMON = YES
               OBJC_ABI_VERSION = 2
               OBJECT_FILE_DIR = /Users/gregoriomorelli/Documents/vibra/build/ios/Pods.build/Release-iphonesimulator/firebase_messaging.build/Objects
               OBJECT_FILE_DIR_normal = /Users/gregoriomorelli/Documents/vibra/build/ios/Pods.build/Release-iphonesimulator/firebase_messaging.build/Objects-normal
               OBJROOT = /Users/gregoriomorelli/Documents/vibra/build/ios
               ONLY_ACTIVE_ARCH = NO
               OS = MACOS
               OSAC = /usr/bin/osacompile
               OTHER_LDFLAGS =  -framework Flutter
               PACKAGE_TYPE = com.apple.package-type.wrapper.framework
               PASCAL_STRINGS = YES
               PATH = /Applications/Xcode.app/Contents/SharedFrameworks/SwiftBuild.framework/Versions/A/PlugIns/SWBBuildService.bundle/Contents/PlugIns/SWBUniversalPlatformPlugin.bundle/Contents/Frameworks/SWBUniversalPlatform.framework/Resources:/Applications/Xcode.app/Contents/Developer/Toolchains/XcodeDefault.xctoolchain/usr/bin:/Applications/Xcode.app/Contents/Developer/Toolchains/XcodeDefault.xctoolchain/usr/local/bin:/Applications/Xcode.app/Contents/Developer/Toolchains/XcodeDefault.xctoolchain/usr/libexec:/Applications/Xcode.app/Contents/Developer/Platforms/iPhoneSimulator.platform/usr/bin:/Applications/Xcode.app/Contents/Developer/Platforms/iPhoneSimulator.platform/usr/local/bin:/Applications/Xcode.app/Contents/Developer/Platforms/iPhoneSimulator.platform/Developer/usr/bin:/Applications/Xcode.app/Contents/Developer/Platforms/iPhoneSimulator.platform/Developer/usr/local/bin:/Applications/Xcode.app/Contents/Developer/usr/bin:/Applications/Xcode.app/Contents/Developer/usr/local/bin:/Users/gregoriomorelli/.gemini/antigravity/bin:/Users/gregoriomorelli/Library/Application Support/Antigravity/bin:/opt/homebrew/bin:/opt/homebrew/sbin:/Library/Developer/CommandLineTools/usr/bin:/Users/gregoriomorelli/development/flutter/bin:/Users/gregoriomorelli/Library/Android/sdk/platform-tools:/Users/gregoriomorelli/Library/Android/sdk/cmdline-tools/latest/bin:/Users/gregoriomorelli/Library/Android/sdk/emulator:/Users/gregoriomorelli/.antigravity-ide/antigravity-ide/bin:/Users/gregoriomorelli/.antigravity/antigravity/bin:/Applications/XAMPP/xamppfiles/bin:/Users/gregoriomorelli/develop/flutter/bin:/usr/local/bin:/System/Cryptexes/App/usr/bin:/usr/bin:/bin:/usr/sbin:/sbin:/var/run/com.apple.security.cryptexd/codex.system/bootstrap/usr/local/bin:/var/run/com.apple.security.cryptexd/codex.system/bootstrap/usr/bin:/var/run/com.apple.security.cryptexd/codex.system/bootstrap/usr/appleinternal/bin:/pkg/env/global/bin:/Users/gregoriomorelli/.spicetify
               PATH_PREFIXES_EXCLUDED_FROM_HEADER_DEPENDENCIES = /usr/include /usr/local/include /System/Library/Frameworks /System/Library/PrivateFrameworks /Applications/Xcode.app/Contents/Developer/Headers /Applications/Xcode.app/Contents/Developer/SDKs /Applications/Xcode.app/Contents/Developer/Platforms
               PBDEVELOPMENTPLIST_PATH = firebase_messaging.framework/pbdevelopment.plist
               PER_ARCH_MODULE_FILE_DIR = /Users/gregoriomorelli/Documents/vibra/build/ios/Pods.build/Release-iphonesimulator/firebase_messaging.build/Objects-normal/undefined_arch
               PER_ARCH_OBJECT_FILE_DIR = /Users/gregoriomorelli/Documents/vibra/build/ios/Pods.build/Release-iphonesimulator/firebase_messaging.build/Objects-normal/undefined_arch
               PER_VARIANT_OBJECT_FILE_DIR = /Users/gregoriomorelli/Documents/vibra/build/ios/Pods.build/Release-iphonesimulator/firebase_messaging.build/Objects-normal
               PKGINFO_FILE_PATH = /Users/gregoriomorelli/Documents/vibra/build/ios/Pods.build/Release-iphonesimulator/firebase_messaging.build/PkgInfo
               PKGINFO_PATH = firebase_messaging.framework/PkgInfo
               PLATFORM_DEVELOPER_APPLICATIONS_DIR = /Applications/Xcode.app/Contents/Developer/Platforms/iPhoneSimulator.platform/Developer/Applications
               PLATFORM_DEVELOPER_BIN_DIR = /Applications/Xcode.app/Contents/Developer/Platforms/iPhoneSimulator.platform/Developer/usr/bin
               PLATFORM_DEVELOPER_LIBRARY_DIR = /Applications/Xcode.app/Contents/Developer/Platforms/iPhoneSimulator.platform/Developer/Library
               PLATFORM_DEVELOPER_SDK_DIR = /Applications/Xcode.app/Contents/Developer/Platforms/iPhoneSimulator.platform/Developer/SDKs
               PLATFORM_DEVELOPER_TOOLS_DIR = /Applications/Xcode.app/Contents/Developer/Platforms/iPhoneSimulator.platform/Developer/Tools
               PLATFORM_DEVELOPER_USR_DIR = /Applications/Xcode.app/Contents/Developer/Platforms/iPhoneSimulator.platform/Developer/usr
               PLATFORM_DIR = /Applications/Xcode.app/Contents/Developer/Platforms/iPhoneSimulator.platform
               PLATFORM_DISPLAY_NAME = iOS Simulator
               PLATFORM_FAMILY_NAME = iOS
               PLATFORM_NAME = iphonesimulator
               PLATFORM_PREFERRED_ARCH = x86_64
               PLATFORM_PRODUCT_BUILD_VERSION = 23F73
               PLATFORM_REQUIRES_SWIFT_AUTOLINK_EXTRACT = NO
               PLATFORM_REQUIRES_SWIFT_MODULEWRAP = NO
               PLATFORM_USES_DSYMS = YES
               PLIST_FILE_OUTPUT_FORMAT = binary
               PLUGINS_FOLDER_PATH = firebase_messaging.framework/PlugIns
               PODS_BUILD_DIR = /Users/gregoriomorelli/Documents/vibra/build/ios
               PODS_CONFIGURATION_BUILD_DIR = /Users/gregoriomorelli/Documents/vibra/build/ios/Release-iphonesimulator
               PODS_DEVELOPMENT_LANGUAGE = en
               PODS_ROOT = /Users/gregoriomorelli/Documents/vibra/ios/Pods
               PODS_TARGET_SRCROOT = /Users/gregoriomorelli/Documents/vibra/ios/Pods/../.symlinks/plugins/firebase_messaging/ios
               PODS_XCFRAMEWORKS_BUILD_DIR = /Users/gregoriomorelli/Documents/vibra/build/ios/Release-iphonesimulator/XCFrameworkIntermediates
               PRECOMPS_INCLUDE_HEADERS_FROM_BUILT_PRODUCTS_DIR = YES
               PRECOMP_DESTINATION_DIR = /Users/gregoriomorelli/Documents/vibra/build/ios/Pods.build/Release-iphonesimulator/firebase_messaging.build/PrefixHeaders
               PRIVATE_HEADERS_FOLDER_PATH = firebase_messaging.framework/PrivateHeaders
               PROCESSED_INFOPLIST_PATH = /Users/gregoriomorelli/Documents/vibra/build/ios/Pods.build/Release-iphonesimulator/firebase_messaging.build/Objects-normal/undefined_arch/Processed-Info.plist
               PRODUCT_BUNDLE_IDENTIFIER = org.cocoapods.firebase-messaging
               PRODUCT_BUNDLE_PACKAGE_TYPE = FMWK
               PRODUCT_MODULE_NAME = firebase_messaging
               PRODUCT_NAME = firebase_messaging
               PRODUCT_SETTINGS_PATH = /Users/gregoriomorelli/Documents/vibra/ios/Pods/Target Support Files/firebase_messaging/firebase_messaging-Info.plist
               PRODUCT_TYPE = com.apple.product-type.framework
               PROFILING_CODE = NO
               PROJECT = Pods
               PROJECT_DERIVED_FILE_DIR = /Users/gregoriomorelli/Documents/vibra/build/ios/Pods.build/DerivedSources
               PROJECT_DIR = /Users/gregoriomorelli/Documents/vibra/ios/Pods
               PROJECT_FILE_PATH = /Users/gregoriomorelli/Documents/vibra/ios/Pods/Pods.xcodeproj
               PROJECT_GUID = bfdfe7dc352907fc980b868725387e98
               PROJECT_NAME = Pods
               PROJECT_TEMP_DIR = /Users/gregoriomorelli/Documents/vibra/build/ios/Pods.build
               PROJECT_TEMP_ROOT = /Users/gregoriomorelli/Documents/vibra/build/ios
               PUBLIC_HEADERS_FOLDER_PATH = firebase_messaging.framework/Headers
               RECOMMENDED_IPHONEOS_DEPLOYMENT_TARGET = 15.0
               RECURSIVE_SEARCH_PATHS_FOLLOW_SYMLINKS = YES
               REMOVE_CVS_FROM_RESOURCES = YES
               REMOVE_GIT_FROM_RESOURCES = YES
               REMOVE_HEADERS_FROM_EMBEDDED_BUNDLES = YES
               REMOVE_HG_FROM_RESOURCES = YES
               REMOVE_STATIC_EXECUTABLES_FROM_EMBEDDED_BUNDLES = YES
               REMOVE_SVN_FROM_RESOURCES = YES
               RESCHEDULE_INDEPENDENT_HEADERS_PHASES = YES
               REZ_COLLECTOR_DIR = /Users/gregoriomorelli/Documents/vibra/build/ios/Pods.build/Release-iphonesimulator/firebase_messaging.build/ResourceManagerResources
               REZ_OBJECTS_DIR = /Users/gregoriomorelli/Documents/vibra/build/ios/Pods.build/Release-iphonesimulator/firebase_messaging.build/ResourceManagerResources/Objects
               REZ_SEARCH_PATHS = /Users/gregoriomorelli/Documents/vibra/build/ios/Release-iphonesimulator/firebase_messaging 
               RPATH_ORIGIN = @loader_path
               RUNTIME_EXCEPTION_ALLOW_DYLD_ENVIRONMENT_VARIABLES = NO
               RUNTIME_EXCEPTION_ALLOW_JIT = NO
               RUNTIME_EXCEPTION_ALLOW_UNSIGNED_EXECUTABLE_MEMORY = NO
               RUNTIME_EXCEPTION_DEBUGGING_TOOL = NO
               RUNTIME_EXCEPTION_DISABLE_EXECUTABLE_PAGE_PROTECTION = NO
               RUNTIME_EXCEPTION_DISABLE_LIBRARY_VALIDATION = NO
               SCANNING_PCM_KEEP_CACHE_DIRECTORY = YES
               SCAN_ALL_SOURCE_FILES_FOR_INCLUDES = NO
               SCRIPTS_FOLDER_PATH = firebase_messaging.framework/Scripts
               SDKROOT = /Applications/Xcode.app/Contents/Developer/Platforms/iPhoneSimulator.platform/Developer/SDKs/iPhoneSimulator26.5.sdk
               SDK_DIR = /Applications/Xcode.app/Contents/Developer/Platforms/iPhoneSimulator.platform/Developer/SDKs/iPhoneSimulator26.5.sdk
               SDK_DIR_iphonesimulator = /Applications/Xcode.app/Contents/Developer/Platforms/iPhoneSimulator.platform/Developer/SDKs/iPhoneSimulator26.5.sdk
               SDK_DIR_iphonesimulator26_5 = /Applications/Xcode.app/Contents/Developer/Platforms/iPhoneSimulator.platform/Developer/SDKs/iPhoneSimulator26.5.sdk
               SDK_NAME = iphonesimulator26.5
               SDK_NAMES = iphonesimulator26.5
               SDK_PRODUCT_BUILD_VERSION = 23F73
               SDK_STAT_CACHE_DIR = /var/folders/pg/x6t89f2n7s7299rcw8hv33180000gn/C/com.apple.DeveloperTools/26.5-17F42/Xcode
               SDK_STAT_CACHE_ENABLE = YES
               SDK_STAT_CACHE_PATH = /var/folders/pg/x6t89f2n7s7299rcw8hv33180000gn/C/com.apple.DeveloperTools/26.5-17F42/Xcode/SDKStatCaches.noindex/iphonesimulator26.5-23F73-6cfe768891a92b912361537c460fe42b.sdkstatcache
               SDK_VERSION = 26.5
               SDK_VERSION_ACTUAL = 260500
               SDK_VERSION_MAJOR = 260000
               SDK_VERSION_MINOR = 260500
               SED = /usr/bin/sed
               SEPARATE_STRIP = NO
               SEPARATE_SYMBOL_EDIT = NO
               SET_DIR_MODE_OWNER_GROUP = YES
               SET_FILE_MODE_OWNER_GROUP = NO
               SHALLOW_BUNDLE = YES
               SHALLOW_BUNDLE_TRIPLE = ios-simulator
               SHALLOW_BUNDLE_ios_macabi = NO
               SHALLOW_BUNDLE_macos = NO
               SHARED_DERIVED_FILE_DIR = /Users/gregoriomorelli/Documents/vibra/build/ios/Release-iphonesimulator/firebase_messaging/DerivedSources
               SHARED_FRAMEWORKS_FOLDER_PATH = firebase_messaging.framework/SharedFrameworks
               SHARED_PRECOMPS_DIR = /Users/gregoriomorelli/Documents/vibra/build/ios/SharedPrecompiledHeaders
               SHARED_SUPPORT_FOLDER_PATH = firebase_messaging.framework
               SKIP_INSTALL = YES
               SKIP_MERGEABLE_LIBRARY_BUNDLE_HOOK = NO
               SOURCE_ROOT = /Users/gregoriomorelli/Documents/vibra/ios/Pods
               SRCROOT = /Users/gregoriomorelli/Documents/vibra/ios/Pods
               STRINGSDATA_DIR = /Users/gregoriomorelli/Documents/vibra/build/ios/Pods.build/Release-iphonesimulator/firebase_messaging.build/Objects-normal/undefined_arch
               STRINGSDATA_ROOT = /Users/gregoriomorelli/Documents/vibra/build/ios/Pods.build/Release-iphonesimulator/firebase_messaging.build
               STRINGS_FILE_INFOPLIST_RENAME = YES
               STRINGS_FILE_OUTPUT_ENCODING = binary
               STRING_CATALOG_GENERATE_SYMBOLS = NO
               STRIP_BITCODE_FROM_COPIED_FILES = NO
               STRIP_INSTALLED_PRODUCT = NO
               STRIP_STYLE = debugging
               STRIP_SWIFT_SYMBOLS = YES
               SUPPORTED_DEVICE_FAMILIES = 1,2
               SUPPORTED_PLATFORMS = iphoneos iphonesimulator
               SUPPORTS_TEXT_BASED_API = NO
               SUPPRESS_WARNINGS = NO
               SWIFT_ACTIVE_COMPILATION_CONDITIONS =  
               SWIFT_COMPILATION_MODE = wholemodule
               SWIFT_EMIT_CONST_VALUE_PROTOCOLS = AnyResolverProviding AppEntity AppEnum AppExtension AppIntent AppIntentsPackage AppShortcutProviding AppShortcutsProvider AppUnionValue AppUnionValueCasesProviding DynamicOptionsProvider EntityQuery ExtensionPointDefining IntentValueQuery Resolver TransientEntity _AssistantIntentsProvider _GenerativeFunctionExtractable _IntentValueRepresentable
               SWIFT_EMIT_LOC_STRINGS = NO
               SWIFT_ENABLE_EXPLICIT_MODULES = YES
               SWIFT_INSTALL_MODULE_FOR_DEPLOYMENT = YES
               SWIFT_INSTALL_OBJC_HEADER = YES
               SWIFT_OPTIMIZATION_LEVEL = -O
               SWIFT_PLATFORM_TARGET_PREFIX = ios
               SWIFT_RESPONSE_FILE_PATH_normal_arm64 = /Users/gregoriomorelli/Documents/vibra/build/ios/Pods.build/Release-iphonesimulator/firebase_messaging.build/Objects-normal/arm64/firebase_messaging.SwiftFileList
               SWIFT_RESPONSE_FILE_PATH_normal_x86_64 = /Users/gregoriomorelli/Documents/vibra/build/ios/Pods.build/Release-iphonesimulator/firebase_messaging.build/Objects-normal/x86_64/firebase_messaging.SwiftFileList
               SWIFT_VERSION = 5.0
               SYMROOT = /Users/gregoriomorelli/Documents/vibra/ios/build
               SYSTEM_ADMIN_APPS_DIR = /Applications/Utilities
               SYSTEM_APPS_DIR = /Applications
               SYSTEM_CORE_SERVICES_DIR = /System/Library/CoreServices
               SYSTEM_DEMOS_DIR = /Applications/Extras
               SYSTEM_DEVELOPER_APPS_DIR = /Applications/Xcode.app/Contents/Developer/Applications
               SYSTEM_DEVELOPER_BIN_DIR = /Applications/Xcode.app/Contents/Developer/usr/bin
               SYSTEM_DEVELOPER_DEMOS_DIR = /Applications/Xcode.app/Contents/Developer/Applications/Utilities/Built Examples
               SYSTEM_DEVELOPER_DIR = /Applications/Xcode.app/Contents/Developer
               SYSTEM_DEVELOPER_DOC_DIR = /Applications/Xcode.app/Contents/Developer/ADC Reference Library
               SYSTEM_DEVELOPER_GRAPHICS_TOOLS_DIR = /Applications/Xcode.app/Contents/Developer/Applications/Graphics Tools
               SYSTEM_DEVELOPER_JAVA_TOOLS_DIR = /Applications/Xcode.app/Contents/Developer/Applications/Java Tools
               SYSTEM_DEVELOPER_PERFORMANCE_TOOLS_DIR = /Applications/Xcode.app/Contents/Developer/Applications/Performance Tools
               SYSTEM_DEVELOPER_RELEASENOTES_DIR = /Applications/Xcode.app/Contents/Developer/ADC Reference Library/releasenotes
               SYSTEM_DEVELOPER_TOOLS = /Applications/Xcode.app/Contents/Developer/Tools
               SYSTEM_DEVELOPER_TOOLS_DOC_DIR = /Applications/Xcode.app/Contents/Developer/ADC Reference Library/documentation/DeveloperTools
               SYSTEM_DEVELOPER_TOOLS_RELEASENOTES_DIR = /Applications/Xcode.app/Contents/Developer/ADC Reference Library/releasenotes/DeveloperTools
               SYSTEM_DEVELOPER_USR_DIR = /Applications/Xcode.app/Contents/Developer/usr
               SYSTEM_DEVELOPER_UTILITIES_DIR = /Applications/Xcode.app/Contents/Developer/Applications/Utilities
               SYSTEM_DEXT_INSTALL_PATH = /System/Library/DriverExtensions
               SYSTEM_DOCUMENTATION_DIR = /Library/Documentation
               SYSTEM_EXTENSIONS_FOLDER_PATH = firebase_messaging.framework/SystemExtensions
               SYSTEM_EXTENSIONS_FOLDER_PATH_SHALLOW_BUNDLE_NO = firebase_messaging.framework/Library/SystemExtensions
               SYSTEM_EXTENSIONS_FOLDER_PATH_SHALLOW_BUNDLE_YES = firebase_messaging.framework/SystemExtensions
               SYSTEM_KEXT_INSTALL_PATH = /System/Library/Extensions
               SYSTEM_LIBRARY_DIR = /System/Library
               TAPI_DEMANGLE = YES
               TAPI_ENABLE_PROJECT_HEADERS = NO
               TAPI_LANGUAGE = objective-c
               TAPI_LANGUAGE_STANDARD = compiler-default
               TAPI_USE_SRCROOT = YES
               TAPI_VERIFY_MODE = Pedantic
               TARGETED_DEVICE_FAMILY = 1,2
               TARGETNAME = firebase_messaging
               TARGET_BUILD_DIR = /Users/gregoriomorelli/Documents/vibra/build/ios/Release-iphonesimulator/firebase_messaging
               TARGET_NAME = firebase_messaging
               TARGET_TEMP_DIR = /Users/gregoriomorelli/Documents/vibra/build/ios/Pods.build/Release-iphonesimulator/firebase_messaging.build
               TEMP_DIR = /Users/gregoriomorelli/Documents/vibra/build/ios/Pods.build/Release-iphonesimulator/firebase_messaging.build
               TEMP_FILES_DIR = /Users/gregoriomorelli/Documents/vibra/build/ios/Pods.build/Release-iphonesimulator/firebase_messaging.build
               TEMP_FILE_DIR = /Users/gregoriomorelli/Documents/vibra/build/ios/Pods.build/Release-iphonesimulator/firebase_messaging.build
               TEMP_ROOT = /Users/gregoriomorelli/Documents/vibra/build/ios
               TEMP_SANDBOX_DIR = /Users/gregoriomorelli/Documents/vibra/build/ios/TemporaryTaskSandboxes
               TEST_FRAMEWORK_SEARCH_PATHS =  /Applications/Xcode.app/Contents/Developer/Platforms/iPhoneSimulator.platform/Developer/Library/Frameworks /Applications/Xcode.app/Contents/Developer/Platforms/iPhoneSimulator.platform/Developer/SDKs/iPhoneSimulator26.5.sdk/Developer/Library/Frameworks
               TEST_LIBRARY_SEARCH_PATHS =  /Applications/Xcode.app/Contents/Developer/Platforms/iPhoneSimulator.platform/Developer/usr/lib
               TOOLCHAINS = com.apple.dt.toolchain.XcodeDefault
               TOOLCHAIN_DIR = /Applications/Xcode.app/Contents/Developer/Toolchains/XcodeDefault.xctoolchain
               TREAT_MISSING_BASELINES_AS_TEST_FAILURES = NO
               TREAT_MISSING_SCRIPT_PHASE_OUTPUTS_AS_ERRORS = NO
               TVOS_DEPLOYMENT_TARGET = 26.5
               UID = 501
               UNINSTALLED_PRODUCTS_DIR = /Users/gregoriomorelli/Documents/vibra/build/ios/UninstalledProducts
               UNLOCALIZED_RESOURCES_FOLDER_PATH = firebase_messaging.framework
               UNLOCALIZED_RESOURCES_FOLDER_PATH_SHALLOW_BUNDLE_NO = firebase_messaging.framework/Resources
               UNLOCALIZED_RESOURCES_FOLDER_PATH_SHALLOW_BUNDLE_YES = firebase_messaging.framework
               UNSTRIPPED_PRODUCT = NO
               USER = gregoriomorelli
               USER_APPS_DIR = /Users/gregoriomorelli/Applications
               USER_LIBRARY_DIR = /Users/gregoriomorelli/Library
               USE_DYNAMIC_NO_PIC = YES
               USE_HEADERMAP = YES
               USE_HEADER_SYMLINKS = NO
               USE_RECURSIVE_SCRIPT_INPUTS_IN_SCRIPT_PHASES = YES
               VALIDATE_DEVELOPMENT_ASSET_PATHS = YES_ERROR
               VALIDATE_PRODUCT = YES
               VALID_ARCHS = arm64 x86_64
               VERBOSE_PBXCP = NO
               VERSIONING_SYSTEM = apple-generic
               VERSIONPLIST_PATH = firebase_messaging.framework/version.plist
               VERSIONS_FOLDER_PATH = firebase_messaging.framework
               VERSIONS_FOLDER_PATH_SHALLOW_BUNDLE_NO = firebase_messaging.framework/Versions
               VERSIONS_FOLDER_PATH_SHALLOW_BUNDLE_YES = firebase_messaging.framework
               VERSION_INFO_BUILDER = gregoriomorelli
               VERSION_INFO_FILE = firebase_messaging_vers.c
               VERSION_INFO_STRING = "@(#)PROGRAM:firebase_messaging  PROJECT:Pods-1"
               WATCHOS_DEPLOYMENT_TARGET = 26.5
               WORKSPACE_DIR = /Users/gregoriomorelli/Documents/vibra/ios/Pods/Pods.xcodeproj
               WRAPPER_EXTENSION = framework
               WRAPPER_NAME = firebase_messaging.framework
               WRAPPER_SUFFIX = .framework
               WRAP_ASSET_PACKS_IN_SEPARATE_DIRECTORIES = NO
               XCODE_APP_SUPPORT_DIR = /Applications/Xcode.app/Contents/Developer/Library/Xcode
               XCODE_PRODUCT_BUILD_VERSION = 17F42
               XCODE_VERSION_ACTUAL = 2650
               XCODE_VERSION_MAJOR = 2600
               XCODE_VERSION_MINOR = 2650
               XPCSERVICES_FOLDER_PATH = firebase_messaging.framework/XPCServices
               XROS_DEPLOYMENT_TARGET = 26.5
               YACC = yacc
               _DISCOVER_COMMAND_LINE_LINKER_INPUTS = YES
               _DISCOVER_COMMAND_LINE_LINKER_INPUTS_INCLUDE_WL = YES
               _LD_MULTIARCH = YES
               _WRAPPER_CONTENTS_DIR_SHALLOW_BUNDLE_NO = /Contents
               _WRAPPER_PARENT_PATH_SHALLOW_BUNDLE_NO = /..
               _WRAPPER_RESOURCES_DIR_SHALLOW_BUNDLE_NO = /Resources
               __DIAGNOSE_DEPRECATED_ARCHS = YES
               __ORIGINAL_SDK_DEFINED_LLVM_TARGET_TRIPLE_SYS = ios
               arch = undefined_arch
               variant = normal

           Build settings for action build and target firebase_messaging-firebase_messaging_Privacy:
               ACTION = build
               AD_HOC_CODE_SIGNING_ALLOWED = YES
               ALLOW_BUILD_REQUEST_OVERRIDES = NO
               ALLOW_TARGET_PLATFORM_SPECIALIZATION = NO
               ALTERNATE_GROUP = staff
               ALTERNATE_MODE = u+w,go-w,a+rX
               ALTERNATE_OWNER = gregoriomorelli
               ALTERNATIVE_DISTRIBUTION_WEB = NO
               ALWAYS_EMBED_SWIFT_STANDARD_LIBRARIES = NO
               ALWAYS_SEARCH_USER_PATHS = NO
               ALWAYS_USE_SEPARATE_HEADERMAPS = NO
               APPLICATION_EXTENSION_API_ONLY = NO
               APPLY_RULES_IN_COPY_FILES = NO
               APPLY_RULES_IN_COPY_HEADERS = NO
               APP_SHORTCUTS_ENABLE_FLEXIBLE_MATCHING = YES
               ARCHS = arm64 x86_64
               ARCHS_BASE = arm64 x86_64
               ARCHS_STANDARD = arm64 x86_64
               ARCHS_STANDARD_32_64_BIT = arm64 x86_64
               ARCHS_STANDARD_64_BIT = arm64 x86_64
               ARCHS_STANDARD_INCLUDING_64_BIT = arm64 x86_64
               ARCHS_UNIVERSAL_IPHONE_OS = arm64 x86_64
               AUTOMATICALLY_MERGE_DEPENDENCIES = NO
               AUTOMATION_APPLE_EVENTS = NO
               AVAILABLE_PLATFORMS = android appletvos appletvsimulator driverkit freebsd iphoneos iphonesimulator linux macosx none openbsd qnx watchos watchsimulator webassembly xros xrsimulator
               BUILD_ACTIVE_RESOURCES_ONLY = NO
               BUILD_COMPONENTS = headers build
               BUILD_DIR = /Users/gregoriomorelli/Documents/vibra/build/ios
               BUILD_LIBRARY_FOR_DISTRIBUTION = NO
               BUILD_ONLY_KNOWN_LOCALIZATIONS = NO
               BUILD_ROOT = /Users/gregoriomorelli/Documents/vibra/ios/build
               BUILD_STYLE = 
               BUILD_VARIANTS = normal
               BUILT_PRODUCTS_DIR = /Users/gregoriomorelli/Documents/vibra/build/ios/Release-iphonesimulator/firebase_messaging
               BUNDLE_CONTENTS_FOLDER_PATH_deep = Contents/
               BUNDLE_EXECUTABLE_FOLDER_NAME_deep = MacOS
               BUNDLE_EXTENSIONS_FOLDER_PATH = Extensions
               BUNDLE_FORMAT = shallow
               BUNDLE_FRAMEWORKS_FOLDER_PATH = Frameworks
               BUNDLE_PLUGINS_FOLDER_PATH = PlugIns
               BUNDLE_PRIVATE_HEADERS_FOLDER_PATH = PrivateHeaders
               BUNDLE_PUBLIC_HEADERS_FOLDER_PATH = Headers
               CACHE_ROOT = /var/folders/pg/x6t89f2n7s7299rcw8hv33180000gn/C/com.apple.DeveloperTools/26.5-17F42/Xcode
               CCHROOT = /var/folders/pg/x6t89f2n7s7299rcw8hv33180000gn/C/com.apple.DeveloperTools/26.5-17F42/Xcode
               CHMOD = /bin/chmod
               CHOWN = chown
               CLANG_ANALYZER_LOCALIZABILITY_NONLOCALIZED = YES
               CLANG_ANALYZER_NONNULL = YES
               CLANG_ANALYZER_NUMBER_OBJECT_CONVERSION = YES_AGGRESSIVE
               CLANG_CACHE_FINE_GRAINED_OUTPUTS = YES
               CLANG_CXX_LANGUAGE_STANDARD = gnu++14
               CLANG_CXX_LIBRARY = libc++
               CLANG_ENABLE_EXPLICIT_MODULES = YES
               CLANG_ENABLE_MODULES = YES
               CLANG_ENABLE_OBJC_ARC = YES
               CLANG_ENABLE_OBJC_WEAK = YES
               CLANG_MODULES_BUILD_SESSION_FILE = /var/folders/pg/x6t89f2n7s7299rcw8hv33180000gn/C/org.llvm.clang/ModuleCache.noindex/Session.modulevalidation
               CLANG_WARN_BLOCK_CAPTURE_AUTORELEASING = YES
               CLANG_WARN_BOOL_CONVERSION = YES
               CLANG_WARN_COMMA = YES
               CLANG_WARN_CONSTANT_CONVERSION = YES
               CLANG_WARN_DEPRECATED_OBJC_IMPLEMENTATIONS = YES
               CLANG_WARN_DIRECT_OBJC_ISA_USAGE = YES_ERROR
               CLANG_WARN_DOCUMENTATION_COMMENTS = YES
               CLANG_WARN_EMPTY_BODY = YES
               CLANG_WARN_ENUM_CONVERSION = YES
               CLANG_WARN_INFINITE_RECURSION = YES
               CLANG_WARN_INT_CONVERSION = YES
               CLANG_WARN_NON_LITERAL_NULL_CONVERSION = YES
               CLANG_WARN_OBJC_IMPLICIT_RETAIN_SELF = YES
               CLANG_WARN_OBJC_LITERAL_CONVERSION = YES
               CLANG_WARN_OBJC_ROOT_CLASS = YES_ERROR
               CLANG_WARN_QUOTED_INCLUDE_IN_FRAMEWORK_HEADER = NO
               CLANG_WARN_RANGE_LOOP_ANALYSIS = YES
               CLANG_WARN_STRICT_PROTOTYPES = YES
               CLANG_WARN_SUSPICIOUS_MOVE = YES
               CLANG_WARN_UNGUARDED_AVAILABILITY = YES_AGGRESSIVE
               CLANG_WARN_UNREACHABLE_CODE = YES
               CLANG_WARN__DUPLICATE_METHOD_MATCH = YES
               CLASS_FILE_DIR = /Users/gregoriomorelli/Documents/vibra/build/ios/Pods.build/Release-iphonesimulator/firebase_messaging-firebase_messaging_Privacy.build/JavaClasses
               CLEAN_PRECOMPS = YES
               CLONE_HEADERS = NO
               CODESIGNING_FOLDER_PATH = /Users/gregoriomorelli/Documents/vibra/build/ios/Release-iphonesimulator/firebase_messaging/firebase_messaging_Privacy.bundle
               CODE_SIGNING_ALLOWED = NO
               CODE_SIGNING_IDENTITY = -
               CODE_SIGNING_REQUIRED = NO
               CODE_SIGN_CONTEXT_CLASS = XCiPhoneSimulatorCodeSignContext
               CODE_SIGN_IDENTITY = -
               CODE_SIGN_INJECT_BASE_ENTITLEMENTS = YES
               COLOR_DIAGNOSTICS = NO
               COMBINE_HIDPI_IMAGES = NO
               COMPILATION_CACHE_CAS_PATH = /var/folders/pg/x6t89f2n7s7299rcw8hv33180000gn/C/com.apple.DeveloperTools/26.5-17F42/Xcode/CompilationCache.noindex
               COMPILATION_CACHE_KEEP_CAS_DIRECTORY = YES
               COMPILER_INDEX_STORE_ENABLE = Default
               COMPOSITE_SDK_DIRS = /Users/gregoriomorelli/Documents/vibra/build/ios/CompositeSDKs
               COMPRESS_PNG_FILES = YES
               CONFIGURATION = Release
               CONFIGURATION_BUILD_DIR = /Users/gregoriomorelli/Documents/vibra/build/ios/Release-iphonesimulator/firebase_messaging
               CONFIGURATION_TEMP_DIR = /Users/gregoriomorelli/Documents/vibra/build/ios/Pods.build/Release-iphonesimulator
               CONTENTS_FOLDER_PATH = firebase_messaging_Privacy.bundle
               CONTENTS_FOLDER_PATH_SHALLOW_BUNDLE_NO = firebase_messaging_Privacy.bundle/Contents
               CONTENTS_FOLDER_PATH_SHALLOW_BUNDLE_YES = firebase_messaging_Privacy.bundle
               COPYING_PRESERVES_HFS_DATA = NO
               COPY_HEADERS_RUN_UNIFDEF = NO
               COPY_PHASE_STRIP = NO
               CORRESPONDING_DEVICE_PLATFORM_DIR = /Applications/Xcode.app/Contents/Developer/Platforms/iPhoneOS.platform
               CORRESPONDING_DEVICE_PLATFORM_NAME = iphoneos
               CORRESPONDING_DEVICE_SDK_DIR = /Applications/Xcode.app/Contents/Developer/Platforms/iPhoneOS.platform/Developer/SDKs/iPhoneOS26.5.sdk
               CORRESPONDING_DEVICE_SDK_NAME = iphoneos26.5
               CP = /bin/cp
               CREATE_INFOPLIST_SECTION_IN_BINARY = NO
               CURRENT_ARCH = undefined_arch
               CURRENT_VARIANT = normal
               DEAD_CODE_STRIPPING = YES
               DEBUGGING_SYMBOLS = YES
               DEBUG_INFORMATION_FORMAT = dwarf-with-dsym
               DEBUG_INFORMATION_VERSION = compiler-default
               DEFAULT_COMPILER = com.apple.compilers.llvm.clang.1_0
               DEFAULT_DEXT_INSTALL_PATH = /System/Library/DriverExtensions
               DEFAULT_KEXT_INSTALL_PATH = /System/Library/Extensions
               DEFINES_MODULE = YES
               DEPLOYMENT_LOCATION = NO
               DEPLOYMENT_POSTPROCESSING = NO
               DEPLOYMENT_TARGET_SETTING_NAME = IPHONEOS_DEPLOYMENT_TARGET
               DEPLOYMENT_TARGET_SUGGESTED_VALUES = 12.0 12.1 12.2 12.3 12.4 13.0 13.1 13.2 13.3 13.4 13.5 13.6 14.0 14.1 14.2 14.3 14.4 14.5 14.6 14.7 15.0 15.1 15.2 15.3 15.4 15.5 15.6 16.0 16.1 16.2 16.3 16.4 16.5 16.6 17.0 17.1 17.2 17.3 17.4 17.5 17.6 18.0 18.1 18.2 18.3 18.4 18.5 18.6 26.0 26.2 26.3 26.4 26.5
               DERIVED_FILES_DIR = /Users/gregoriomorelli/Documents/vibra/build/ios/Pods.build/Release-iphonesimulator/firebase_messaging-firebase_messaging_Privacy.build/DerivedSources
               DERIVED_FILE_DIR = /Users/gregoriomorelli/Documents/vibra/build/ios/Pods.build/Release-iphonesimulator/firebase_messaging-firebase_messaging_Privacy.build/DerivedSources
               DERIVED_SOURCES_DIR = /Users/gregoriomorelli/Documents/vibra/build/ios/Pods.build/Release-iphonesimulator/firebase_messaging-firebase_messaging_Privacy.build/DerivedSources
               DEVELOPER_APPLICATIONS_DIR = /Applications/Xcode.app/Contents/Developer/Applications
               DEVELOPER_BIN_DIR = /Applications/Xcode.app/Contents/Developer/usr/bin
               DEVELOPER_DIR = /Applications/Xcode.app/Contents/Developer
               DEVELOPER_FRAMEWORKS_DIR = /Applications/Xcode.app/Contents/Developer/Library/Frameworks
               DEVELOPER_FRAMEWORKS_DIR_QUOTED = /Applications/Xcode.app/Contents/Developer/Library/Frameworks
               DEVELOPER_LIBRARY_DIR = /Applications/Xcode.app/Contents/Developer/Library
               DEVELOPER_SDK_DIR = /Applications/Xcode.app/Contents/Developer/Platforms/MacOSX.platform/Developer/SDKs
               DEVELOPER_TOOLS_DIR = /Applications/Xcode.app/Contents/Developer/Tools
               DEVELOPER_USR_DIR = /Applications/Xcode.app/Contents/Developer/usr
               DEVELOPMENT_LANGUAGE = en
               DIAGNOSE_MISSING_TARGET_DEPENDENCIES = YES
               DIFF = /usr/bin/diff
               DOCUMENTATION_FOLDER_PATH = firebase_messaging_Privacy.bundle/en.lproj/Documentation
               DONT_GENERATE_INFOPLIST_FILE = NO
               DRIVERKIT_DEPLOYMENT_TARGET = 25.5
               DSTROOT = /tmp/Pods.dst
               DT_TOOLCHAIN_DIR = /Applications/Xcode.app/Contents/Developer/Toolchains/XcodeDefault.xctoolchain
               DUMP_DEPENDENCIES = NO
               DUMP_DEPENDENCIES_OUTPUT_PATH = /Users/gregoriomorelli/Documents/vibra/build/ios/Pods.build/Release-iphonesimulator/firebase_messaging-firebase_messaging_Privacy.build/firebase_messaging-firebase_messaging_Privacy-BuildDependencyInfo.json
               DWARF_DSYM_FILE_NAME = firebase_messaging_Privacy.bundle.dSYM
               DWARF_DSYM_FILE_SHOULD_ACCOMPANY_PRODUCT = NO
               DWARF_DSYM_FOLDER_PATH = /Users/gregoriomorelli/Documents/vibra/build/ios/Release-iphonesimulator/firebase_messaging
               DYNAMIC_LIBRARY_EXTENSION = dylib
               EAGER_COMPILATION_ALLOW_SCRIPTS = NO
               EAGER_LINKING = NO
               EFFECTIVE_PLATFORM_NAME = -iphonesimulator
               EFFECTIVE_SWIFT_VERSION = 5
               EMBEDDED_CONTENT_CONTAINS_SWIFT = NO
               EMBED_ASSET_PACKS_IN_PRODUCT_BUNDLE = NO
               ENABLE_APP_SANDBOX = NO
               ENABLE_CODE_COVERAGE = YES
               ENABLE_COHORT_ARCHS = NO
               ENABLE_CPLUSPLUS_BOUNDS_SAFE_BUFFERS = NO
               ENABLE_C_BOUNDS_SAFETY = NO
               ENABLE_DEFAULT_HEADER_SEARCH_PATHS = YES
               ENABLE_DEFAULT_SEARCH_PATHS = YES
               ENABLE_ENHANCED_SECURITY = NO
               ENABLE_HARDENED_RUNTIME = NO
               ENABLE_HEADER_DEPENDENCIES = YES
               ENABLE_INCOMING_NETWORK_CONNECTIONS = NO
               ENABLE_NS_ASSERTIONS = NO
               ENABLE_ON_DEMAND_RESOURCES = NO
               ENABLE_OUTGOING_NETWORK_CONNECTIONS = NO
               ENABLE_POINTER_AUTHENTICATION = NO
               ENABLE_RESOURCE_ACCESS_AUDIO_INPUT = NO
               ENABLE_RESOURCE_ACCESS_BLUETOOTH = NO
               ENABLE_RESOURCE_ACCESS_CALENDARS = NO
               ENABLE_RESOURCE_ACCESS_CAMERA = NO
               ENABLE_RESOURCE_ACCESS_CONTACTS = NO
               ENABLE_RESOURCE_ACCESS_LOCATION = NO
               ENABLE_RESOURCE_ACCESS_PHOTO_LIBRARY = NO
               ENABLE_RESOURCE_ACCESS_PRINTING = NO
               ENABLE_RESOURCE_ACCESS_USB = NO
               ENABLE_SDK_IMPORTS = NO
               ENABLE_SECURITY_COMPILER_WARNINGS = NO
               ENABLE_STRICT_OBJC_MSGSEND = YES
               ENABLE_TESTABILITY = NO
               ENABLE_TESTING_SEARCH_PATHS = NO
               ENABLE_USER_SCRIPT_SANDBOXING = NO
               ENFORCE_VALID_ARCHS = YES
               ENTITLEMENTS_DESTINATION = __entitlements
               ENTITLEMENTS_REQUIRED = NO
               EXCLUDED_INSTALLSRC_SUBDIRECTORY_PATTERNS = .DS_Store .svn .git .hg CVS
               EXCLUDED_RECURSIVE_SEARCH_PATH_SUBDIRECTORIES = *.nib *.lproj *.framework *.gch *.xcode* *.xcassets *.icon (*) .DS_Store CVS .svn .git .hg *.pbproj *.pbxproj
               EXECUTABLES_FOLDER_PATH = firebase_messaging_Privacy.bundle/Executables
               EXECUTABLE_FOLDER_PATH = firebase_messaging_Privacy.bundle
               EXECUTABLE_FOLDER_PATH_SHALLOW_BUNDLE_NO = firebase_messaging_Privacy.bundle/MacOS
               EXECUTABLE_FOLDER_PATH_SHALLOW_BUNDLE_YES = firebase_messaging_Privacy.bundle
               EXECUTABLE_NAME = firebase_messaging_Privacy
               EXECUTABLE_PATH = firebase_messaging_Privacy.bundle/firebase_messaging_Privacy
               EXPANDED_CODE_SIGN_IDENTITY = -
               EXTENSIONS_FOLDER_PATH = firebase_messaging_Privacy.bundle/Extensions
               FILE_LIST = /Users/gregoriomorelli/Documents/vibra/build/ios/Pods.build/Release-iphonesimulator/firebase_messaging-firebase_messaging_Privacy.build/Objects/LinkFileList
               FIXED_FILES_DIR = /Users/gregoriomorelli/Documents/vibra/build/ios/Pods.build/Release-iphonesimulator/firebase_messaging-firebase_messaging_Privacy.build/FixedFiles
               FRAMEWORKS_FOLDER_PATH = firebase_messaging_Privacy.bundle/Frameworks
               FRAMEWORK_FLAG_PREFIX = -framework
               FRAMEWORK_SEARCH_PATHS = /Users/gregoriomorelli/Documents/vibra/build/ios/Release-iphonesimulator/firebase_messaging  "/Users/gregoriomorelli/Documents/vibra/build/ios/Release-iphonesimulator/FirebaseCore" "/Users/gregoriomorelli/Documents/vibra/build/ios/Release-iphonesimulator/FirebaseCoreInternal" "/Users/gregoriomorelli/Documents/vibra/build/ios/Release-iphonesimulator/FirebaseInstallations" "/Users/gregoriomorelli/Documents/vibra/build/ios/Release-iphonesimulator/FirebaseMessaging" "/Users/gregoriomorelli/Documents/vibra/build/ios/Release-iphonesimulator/GoogleDataTransport" "/Users/gregoriomorelli/Documents/vibra/build/ios/Release-iphonesimulator/GoogleUtilities" "/Users/gregoriomorelli/Documents/vibra/build/ios/Release-iphonesimulator/PromisesObjC" "/Users/gregoriomorelli/Documents/vibra/build/ios/Release-iphonesimulator/firebase_core" "/Users/gregoriomorelli/Documents/vibra/build/ios/Release-iphonesimulator/nanopb"
               FRAMEWORK_VERSION = A
               FULL_PRODUCT_NAME = firebase_messaging_Privacy.bundle
               FUSE_BUILD_PHASES = YES
               FUSE_BUILD_SCRIPT_PHASES = NO
               GCC3_VERSION = 3.3
               GCC_C_LANGUAGE_STANDARD = gnu11
               GCC_INLINES_ARE_PRIVATE_EXTERN = YES
               GCC_NO_COMMON_BLOCKS = YES
               GCC_OBJC_LEGACY_DISPATCH = YES
               GCC_PFE_FILE_C_DIALECTS = c objective-c c++ objective-c++
               GCC_PREPROCESSOR_DEFINITIONS = POD_CONFIGURATION_RELEASE=1  COCOAPODS=1 LIBRARY_VERSION=\"15.2.10\" LIBRARY_NAME=\"flutter-fire-fcm\"
               GCC_TREAT_WARNINGS_AS_ERRORS = NO
               GCC_VERSION = com.apple.compilers.llvm.clang.1_0
               GCC_VERSION_IDENTIFIER = com_apple_compilers_llvm_clang_1_0
               GCC_WARN_64_TO_32_BIT_CONVERSION = YES
               GCC_WARN_ABOUT_RETURN_TYPE = YES_ERROR
               GCC_WARN_UNDECLARED_SELECTOR = YES
               GCC_WARN_UNINITIALIZED_AUTOS = YES_AGGRESSIVE
               GCC_WARN_UNUSED_FUNCTION = YES
               GCC_WARN_UNUSED_VARIABLE = YES
               GENERATED_MODULEMAP_DIR = /Users/gregoriomorelli/Documents/vibra/build/ios/GeneratedModuleMaps-iphonesimulator
               GENERATE_INFOPLIST_FILE = NO
               GENERATE_INTERMEDIATE_TEXT_BASED_STUBS = YES
               GENERATE_PKGINFO_FILE = NO
               GENERATE_PRELINK_OBJECT_FILE = NO
               GENERATE_PROFILING_CODE = NO
               GENERATE_TEXT_BASED_STUBS = NO
               GID = 20
               GROUP = staff
               HEADERMAP_INCLUDES_FLAT_ENTRIES_FOR_TARGET_BEING_BUILT = YES
               HEADERMAP_INCLUDES_FRAMEWORK_ENTRIES_FOR_ALL_PRODUCT_TYPES = YES
               HEADERMAP_INCLUDES_FRAMEWORK_ENTRIES_FOR_TARGETS_NOT_BEING_BUILT = YES
               HEADERMAP_INCLUDES_NONPUBLIC_NONPRIVATE_HEADERS = YES
               HEADERMAP_INCLUDES_PROJECT_HEADERS = YES
               HEADERMAP_USES_FRAMEWORK_PREFIX_ENTRIES = YES
               HEADERMAP_USES_VFS = YES
               HEADER_SEARCH_PATHS = /Users/gregoriomorelli/Documents/vibra/build/ios/Release-iphonesimulator/firebase_messaging/include  "/Users/gregoriomorelli/Documents/vibra/ios/Pods/Headers/Public"
               HOME = /Users/gregoriomorelli
               HOST_ARCH = arm64
               HOST_PLATFORM = macosx
               IBSC_MODULE = firebase_messaging
               ICONV = /usr/bin/iconv
               IMPLICIT_DEPENDENCY_DOMAIN = default
               INDEX_STORE_COMPRESS = NO
               INDEX_STORE_ONLY_PROJECT_FILES = NO
               INFOPLIST_ENABLE_CFBUNDLEICONS_MERGE = YES
               INFOPLIST_EXPAND_BUILD_SETTINGS = YES
               INFOPLIST_FILE = Target Support Files/firebase_messaging/ResourceBundle-firebase_messaging_Privacy-firebase_messaging-Info.plist
               INFOPLIST_OUTPUT_FORMAT = binary
               INFOPLIST_PATH = firebase_messaging_Privacy.bundle/Info.plist
               INFOPLIST_PREPROCESS = NO
               INFOSTRINGS_PATH = firebase_messaging_Privacy.bundle/en.lproj/InfoPlist.strings
               INLINE_PRIVATE_FRAMEWORKS = NO
               INSTALLAPI_IGNORE_SKIP_INSTALL = YES
               INSTALLHDRS_COPY_PHASE = NO
               INSTALLHDRS_SCRIPT_PHASE = NO
               INSTALL_DIR = /tmp/Pods.dst
               INSTALL_GROUP = staff
               INSTALL_MODE_FLAG = u+w,go-w,a+rX
               INSTALL_OWNER = gregoriomorelli
               INSTALL_ROOT = /tmp/Pods.dst
               IPHONEOS_DEPLOYMENT_TARGET = 13.0
               IS_UNOPTIMIZED_BUILD = NO
               JAVAC_DEFAULT_FLAGS = -J-Xms64m -J-XX:NewSize=4M -J-Dfile.encoding=UTF8
               JAVA_APP_STUB = /System/Library/Frameworks/JavaVM.framework/Resources/MacOS/JavaApplicationStub
               JAVA_ARCHIVE_CLASSES = YES
               JAVA_ARCHIVE_TYPE = JAR
               JAVA_COMPILER = /usr/bin/javac
               JAVA_FOLDER_PATH = firebase_messaging_Privacy.bundle/Java
               JAVA_FRAMEWORK_RESOURCES_DIRS = Resources
               JAVA_JAR_FLAGS = cv
               JAVA_SOURCE_SUBDIR = .
               JAVA_USE_DEPENDENCIES = YES
               JAVA_ZIP_FLAGS = -urg
               JIKES_DEFAULT_FLAGS = +E +OLDCSO
               KEEP_PRIVATE_EXTERNS = NO
               LD_DEPENDENCY_INFO_FILE = /Users/gregoriomorelli/Documents/vibra/build/ios/Pods.build/Release-iphonesimulator/firebase_messaging-firebase_messaging_Privacy.build/Objects-normal/undefined_arch/firebase_messaging_Privacy_dependency_info.dat
               LD_EXPORT_SYMBOLS = YES
               LD_GENERATE_MAP_FILE = NO
               LD_MAP_FILE_PATH = /Users/gregoriomorelli/Documents/vibra/build/ios/Pods.build/Release-iphonesimulator/firebase_messaging-firebase_messaging_Privacy.build/firebase_messaging_Privacy-LinkMap-normal-undefined_arch.txt
               LD_NO_PIE = NO
               LD_QUOTE_LINKER_ARGUMENTS_FOR_COMPILER_DRIVER = YES
               LD_SHARED_CACHE_ELIGIBLE = Automatic
               LD_WARN_DUPLICATE_LIBRARIES = NO
               LD_WARN_UNUSED_DYLIBS = NO
               LEGACY_DEVELOPER_DIR = /Applications/Xcode.app/Contents/PlugIns/Xcode3Core.ideplugin/Contents/SharedSupport/Developer
               LEX = lex
               LIBRARY_DEXT_INSTALL_PATH = /Library/DriverExtensions
               LIBRARY_FLAG_NOSPACE = YES
               LIBRARY_FLAG_PREFIX = -l
               LIBRARY_KEXT_INSTALL_PATH = /Library/Extensions
               LIBRARY_SEARCH_PATHS = /Users/gregoriomorelli/Documents/vibra/build/ios/Release-iphonesimulator/firebase_messaging 
               LINKER_DISPLAYS_MANGLED_NAMES = NO
               LINK_FILE_LIST_normal_arm64 = /Users/gregoriomorelli/Documents/vibra/build/ios/Pods.build/Release-iphonesimulator/firebase_messaging-firebase_messaging_Privacy.build/Objects-normal/arm64/firebase_messaging_Privacy.LinkFileList
               LINK_FILE_LIST_normal_x86_64 = /Users/gregoriomorelli/Documents/vibra/build/ios/Pods.build/Release-iphonesimulator/firebase_messaging-firebase_messaging_Privacy.build/Objects-normal/x86_64/firebase_messaging_Privacy.LinkFileList
               LINK_OBJC_RUNTIME = YES
               LINK_WITH_STANDARD_LIBRARIES = YES
               LLVM_TARGET_TRIPLE_OS_VERSION = ios13.0
               LLVM_TARGET_TRIPLE_SUFFIX = -simulator
               LLVM_TARGET_TRIPLE_VENDOR = apple
               LM_AUX_CONST_METADATA_LIST_PATH_normal_arm64 = /Users/gregoriomorelli/Documents/vibra/build/ios/Pods.build/Release-iphonesimulator/firebase_messaging-firebase_messaging_Privacy.build/Objects-normal/arm64/firebase_messaging_Privacy.SwiftConstValuesFileList
               LM_AUX_CONST_METADATA_LIST_PATH_normal_x86_64 = /Users/gregoriomorelli/Documents/vibra/build/ios/Pods.build/Release-iphonesimulator/firebase_messaging-firebase_messaging_Privacy.build/Objects-normal/x86_64/firebase_messaging_Privacy.SwiftConstValuesFileList
               LOCALIZATION_EXPORT_SUPPORTED = YES
               LOCALIZATION_PREFERS_STRING_CATALOGS = NO
               LOCALIZED_RESOURCES_FOLDER_PATH = firebase_messaging_Privacy.bundle/en.lproj
               LOCALIZED_STRING_CODE_COMMENTS = NO
               LOCALIZED_STRING_MACRO_NAMES = NSLocalizedString CFCopyLocalizedString
               LOCALIZED_STRING_SWIFTUI_SUPPORT = YES
               LOCAL_ADMIN_APPS_DIR = /Applications/Utilities
               LOCAL_APPS_DIR = /Applications
               LOCAL_DEVELOPER_DIR = /Library/Developer
               LOCAL_LIBRARY_DIR = /Library
               LOCROOT = /Users/gregoriomorelli/Documents/vibra/ios/Pods
               LOCSYMROOT = /Users/gregoriomorelli/Documents/vibra/ios/Pods
               MACH_O_TYPE = mh_bundle
               MACOSX_DEPLOYMENT_TARGET = 26.5
               MAC_OS_X_PRODUCT_BUILD_VERSION = 25F84
               MAC_OS_X_VERSION_ACTUAL = 260502
               MAC_OS_X_VERSION_MAJOR = 260000
               MAC_OS_X_VERSION_MINOR = 260500
               MAKE_MERGEABLE = NO
               MERGEABLE_LIBRARY = NO
               MERGED_BINARY_TYPE = none
               MERGE_LINKED_LIBRARIES = NO
               METAL_LIBRARY_FILE_BASE = default
               METAL_LIBRARY_OUTPUT_DIR = /Users/gregoriomorelli/Documents/vibra/build/ios/Release-iphonesimulator/firebase_messaging/firebase_messaging_Privacy.bundle
               MODULES_FOLDER_PATH = firebase_messaging_Privacy.bundle/Modules
               MTL_ENABLE_DEBUG_INFO = NO
               MTL_FAST_MATH = YES
               NATIVE_ARCH = arm64
               NATIVE_ARCH_32_BIT = arm
               NATIVE_ARCH_64_BIT = arm64
               NATIVE_ARCH_ACTUAL = arm64
               NO_COMMON = YES
               OBJC_ABI_VERSION = 2
               OBJECT_FILE_DIR = /Users/gregoriomorelli/Documents/vibra/build/ios/Pods.build/Release-iphonesimulator/firebase_messaging-firebase_messaging_Privacy.build/Objects
               OBJECT_FILE_DIR_normal = /Users/gregoriomorelli/Documents/vibra/build/ios/Pods.build/Release-iphonesimulator/firebase_messaging-firebase_messaging_Privacy.build/Objects-normal
               OBJROOT = /Users/gregoriomorelli/Documents/vibra/build/ios
               ONLY_ACTIVE_ARCH = NO
               OS = MACOS
               OSAC = /usr/bin/osacompile
               PACKAGE_TYPE = com.apple.package-type.wrapper
               PASCAL_STRINGS = YES
               PATH = /Applications/Xcode.app/Contents/SharedFrameworks/SwiftBuild.framework/Versions/A/PlugIns/SWBBuildService.bundle/Contents/PlugIns/SWBUniversalPlatformPlugin.bundle/Contents/Frameworks/SWBUniversalPlatform.framework/Resources:/Applications/Xcode.app/Contents/Developer/Toolchains/XcodeDefault.xctoolchain/usr/bin:/Applications/Xcode.app/Contents/Developer/Toolchains/XcodeDefault.xctoolchain/usr/local/bin:/Applications/Xcode.app/Contents/Developer/Toolchains/XcodeDefault.xctoolchain/usr/libexec:/Applications/Xcode.app/Contents/Developer/Platforms/iPhoneSimulator.platform/usr/bin:/Applications/Xcode.app/Contents/Developer/Platforms/iPhoneSimulator.platform/usr/local/bin:/Applications/Xcode.app/Contents/Developer/Platforms/iPhoneSimulator.platform/Developer/usr/bin:/Applications/Xcode.app/Contents/Developer/Platforms/iPhoneSimulator.platform/Developer/usr/local/bin:/Applications/Xcode.app/Contents/Developer/usr/bin:/Applications/Xcode.app/Contents/Developer/usr/local/bin:/Users/gregoriomorelli/.gemini/antigravity/bin:/Users/gregoriomorelli/Library/Application Support/Antigravity/bin:/opt/homebrew/bin:/opt/homebrew/sbin:/Library/Developer/CommandLineTools/usr/bin:/Users/gregoriomorelli/development/flutter/bin:/Users/gregoriomorelli/Library/Android/sdk/platform-tools:/Users/gregoriomorelli/Library/Android/sdk/cmdline-tools/latest/bin:/Users/gregoriomorelli/Library/Android/sdk/emulator:/Users/gregoriomorelli/.antigravity-ide/antigravity-ide/bin:/Users/gregoriomorelli/.antigravity/antigravity/bin:/Applications/XAMPP/xamppfiles/bin:/Users/gregoriomorelli/develop/flutter/bin:/usr/local/bin:/System/Cryptexes/App/usr/bin:/usr/bin:/bin:/usr/sbin:/sbin:/var/run/com.apple.security.cryptexd/codex.system/bootstrap/usr/local/bin:/var/run/com.apple.security.cryptexd/codex.system/bootstrap/usr/bin:/var/run/com.apple.security.cryptexd/codex.system/bootstrap/usr/appleinternal/bin:/pkg/env/global/bin:/Users/gregoriomorelli/.spicetify
               PATH_PREFIXES_EXCLUDED_FROM_HEADER_DEPENDENCIES = /usr/include /usr/local/include /System/Library/Frameworks /System/Library/PrivateFrameworks /Applications/Xcode.app/Contents/Developer/Headers /Applications/Xcode.app/Contents/Developer/SDKs /Applications/Xcode.app/Contents/Developer/Platforms
               PBDEVELOPMENTPLIST_PATH = firebase_messaging_Privacy.bundle/pbdevelopment.plist
               PER_ARCH_MODULE_FILE_DIR = /Users/gregoriomorelli/Documents/vibra/build/ios/Pods.build/Release-iphonesimulator/firebase_messaging-firebase_messaging_Privacy.build/Objects-normal/undefined_arch
               PER_ARCH_OBJECT_FILE_DIR = /Users/gregoriomorelli/Documents/vibra/build/ios/Pods.build/Release-iphonesimulator/firebase_messaging-firebase_messaging_Privacy.build/Objects-normal/undefined_arch
               PER_VARIANT_OBJECT_FILE_DIR = /Users/gregoriomorelli/Documents/vibra/build/ios/Pods.build/Release-iphonesimulator/firebase_messaging-firebase_messaging_Privacy.build/Objects-normal
               PKGINFO_FILE_PATH = /Users/gregoriomorelli/Documents/vibra/build/ios/Pods.build/Release-iphonesimulator/firebase_messaging-firebase_messaging_Privacy.build/PkgInfo
               PKGINFO_PATH = firebase_messaging_Privacy.bundle/PkgInfo
               PLATFORM_DEVELOPER_APPLICATIONS_DIR = /Applications/Xcode.app/Contents/Developer/Platforms/iPhoneSimulator.platform/Developer/Applications
               PLATFORM_DEVELOPER_BIN_DIR = /Applications/Xcode.app/Contents/Developer/Platforms/iPhoneSimulator.platform/Developer/usr/bin
               PLATFORM_DEVELOPER_LIBRARY_DIR = /Applications/Xcode.app/Contents/Developer/Platforms/iPhoneSimulator.platform/Developer/Library
               PLATFORM_DEVELOPER_SDK_DIR = /Applications/Xcode.app/Contents/Developer/Platforms/iPhoneSimulator.platform/Developer/SDKs
               PLATFORM_DEVELOPER_TOOLS_DIR = /Applications/Xcode.app/Contents/Developer/Platforms/iPhoneSimulator.platform/Developer/Tools
               PLATFORM_DEVELOPER_USR_DIR = /Applications/Xcode.app/Contents/Developer/Platforms/iPhoneSimulator.platform/Developer/usr
               PLATFORM_DIR = /Applications/Xcode.app/Contents/Developer/Platforms/iPhoneSimulator.platform
               PLATFORM_DISPLAY_NAME = iOS Simulator
               PLATFORM_FAMILY_NAME = iOS
               PLATFORM_NAME = iphonesimulator
               PLATFORM_PREFERRED_ARCH = x86_64
               PLATFORM_PRODUCT_BUILD_VERSION = 23F73
               PLATFORM_REQUIRES_SWIFT_AUTOLINK_EXTRACT = NO
               PLATFORM_REQUIRES_SWIFT_MODULEWRAP = NO
               PLATFORM_USES_DSYMS = YES
               PLIST_FILE_OUTPUT_FORMAT = binary
               PLUGINS_FOLDER_PATH = firebase_messaging_Privacy.bundle/PlugIns
               PODS_BUILD_DIR = /Users/gregoriomorelli/Documents/vibra/build/ios
               PODS_CONFIGURATION_BUILD_DIR = /Users/gregoriomorelli/Documents/vibra/build/ios/Release-iphonesimulator
               PODS_DEVELOPMENT_LANGUAGE = en
               PODS_ROOT = /Users/gregoriomorelli/Documents/vibra/ios/Pods
               PODS_TARGET_SRCROOT = /Users/gregoriomorelli/Documents/vibra/ios/Pods/../.symlinks/plugins/firebase_messaging/ios
               PODS_XCFRAMEWORKS_BUILD_DIR = /Users/gregoriomorelli/Documents/vibra/build/ios/Release-iphonesimulator/XCFrameworkIntermediates
               PRECOMPS_INCLUDE_HEADERS_FROM_BUILT_PRODUCTS_DIR = YES
               PRECOMP_DESTINATION_DIR = /Users/gregoriomorelli/Documents/vibra/build/ios/Pods.build/Release-iphonesimulator/firebase_messaging-firebase_messaging_Privacy.build/PrefixHeaders
               PRIVATE_HEADERS_FOLDER_PATH = firebase_messaging_Privacy.bundle/PrivateHeaders
               PROCESSED_INFOPLIST_PATH = /Users/gregoriomorelli/Documents/vibra/build/ios/Pods.build/Release-iphonesimulator/firebase_messaging-firebase_messaging_Privacy.build/Objects-normal/undefined_arch/Processed-Info.plist
               PRODUCT_BUNDLE_IDENTIFIER = org.cocoapods.firebase-messaging-Privacy
               PRODUCT_BUNDLE_PACKAGE_TYPE = BNDL
               PRODUCT_MODULE_NAME = firebase_messaging_Privacy
               PRODUCT_NAME = firebase_messaging_Privacy
               PRODUCT_SETTINGS_PATH = /Users/gregoriomorelli/Documents/vibra/ios/Pods/Target Support Files/firebase_messaging/ResourceBundle-firebase_messaging_Privacy-firebase_messaging-Info.plist
               PRODUCT_TYPE = com.apple.product-type.bundle
               PROFILING_CODE = NO
               PROJECT = Pods
               PROJECT_DERIVED_FILE_DIR = /Users/gregoriomorelli/Documents/vibra/build/ios/Pods.build/DerivedSources
               PROJECT_DIR = /Users/gregoriomorelli/Documents/vibra/ios/Pods
               PROJECT_FILE_PATH = /Users/gregoriomorelli/Documents/vibra/ios/Pods/Pods.xcodeproj
               PROJECT_GUID = bfdfe7dc352907fc980b868725387e98
               PROJECT_NAME = Pods
               PROJECT_TEMP_DIR = /Users/gregoriomorelli/Documents/vibra/build/ios/Pods.build
               PROJECT_TEMP_ROOT = /Users/gregoriomorelli/Documents/vibra/build/ios
               PUBLIC_HEADERS_FOLDER_PATH = firebase_messaging_Privacy.bundle/Headers
               RECOMMENDED_IPHONEOS_DEPLOYMENT_TARGET = 15.0
               RECURSIVE_SEARCH_PATHS_FOLLOW_SYMLINKS = YES
               REMOVE_CVS_FROM_RESOURCES = YES
               REMOVE_GIT_FROM_RESOURCES = YES
               REMOVE_HEADERS_FROM_EMBEDDED_BUNDLES = YES
               REMOVE_HG_FROM_RESOURCES = YES
               REMOVE_STATIC_EXECUTABLES_FROM_EMBEDDED_BUNDLES = YES
               REMOVE_SVN_FROM_RESOURCES = YES
               RESCHEDULE_INDEPENDENT_HEADERS_PHASES = YES
               REZ_COLLECTOR_DIR = /Users/gregoriomorelli/Documents/vibra/build/ios/Pods.build/Release-iphonesimulator/firebase_messaging-firebase_messaging_Privacy.build/ResourceManagerResources
               REZ_OBJECTS_DIR = /Users/gregoriomorelli/Documents/vibra/build/ios/Pods.build/Release-iphonesimulator/firebase_messaging-firebase_messaging_Privacy.build/ResourceManagerResources/Objects
               REZ_SEARCH_PATHS = /Users/gregoriomorelli/Documents/vibra/build/ios/Release-iphonesimulator/firebase_messaging 
               RPATH_ORIGIN = @loader_path
               RUNTIME_EXCEPTION_ALLOW_DYLD_ENVIRONMENT_VARIABLES = NO
               RUNTIME_EXCEPTION_ALLOW_JIT = NO
               RUNTIME_EXCEPTION_ALLOW_UNSIGNED_EXECUTABLE_MEMORY = NO
               RUNTIME_EXCEPTION_DEBUGGING_TOOL = NO
               RUNTIME_EXCEPTION_DISABLE_EXECUTABLE_PAGE_PROTECTION = NO
               RUNTIME_EXCEPTION_DISABLE_LIBRARY_VALIDATION = NO
               SCANNING_PCM_KEEP_CACHE_DIRECTORY = YES
               SCAN_ALL_SOURCE_FILES_FOR_INCLUDES = NO
               SCRIPTS_FOLDER_PATH = firebase_messaging_Privacy.bundle/Scripts
               SDKROOT = /Applications/Xcode.app/Contents/Developer/Platforms/iPhoneSimulator.platform/Developer/SDKs/iPhoneSimulator26.5.sdk
               SDK_DIR = /Applications/Xcode.app/Contents/Developer/Platforms/iPhoneSimulator.platform/Developer/SDKs/iPhoneSimulator26.5.sdk
               SDK_DIR_iphonesimulator = /Applications/Xcode.app/Contents/Developer/Platforms/iPhoneSimulator.platform/Developer/SDKs/iPhoneSimulator26.5.sdk
               SDK_DIR_iphonesimulator26_5 = /Applications/Xcode.app/Contents/Developer/Platforms/iPhoneSimulator.platform/Developer/SDKs/iPhoneSimulator26.5.sdk
               SDK_NAME = iphonesimulator26.5
               SDK_NAMES = iphonesimulator26.5
               SDK_PRODUCT_BUILD_VERSION = 23F73
               SDK_STAT_CACHE_DIR = /var/folders/pg/x6t89f2n7s7299rcw8hv33180000gn/C/com.apple.DeveloperTools/26.5-17F42/Xcode
               SDK_STAT_CACHE_ENABLE = YES
               SDK_STAT_CACHE_PATH = /var/folders/pg/x6t89f2n7s7299rcw8hv33180000gn/C/com.apple.DeveloperTools/26.5-17F42/Xcode/SDKStatCaches.noindex/iphonesimulator26.5-23F73-6cfe768891a92b912361537c460fe42b.sdkstatcache
               SDK_VERSION = 26.5
               SDK_VERSION_ACTUAL = 260500
               SDK_VERSION_MAJOR = 260000
               SDK_VERSION_MINOR = 260500
               SED = /usr/bin/sed
               SEPARATE_STRIP = NO
               SEPARATE_SYMBOL_EDIT = NO
               SET_DIR_MODE_OWNER_GROUP = YES
               SET_FILE_MODE_OWNER_GROUP = NO
               SHALLOW_BUNDLE = YES
               SHALLOW_BUNDLE_TRIPLE = ios-simulator
               SHALLOW_BUNDLE_ios_macabi = NO
               SHALLOW_BUNDLE_macos = NO
               SHARED_DERIVED_FILE_DIR = /Users/gregoriomorelli/Documents/vibra/build/ios/Release-iphonesimulator/firebase_messaging/DerivedSources
               SHARED_FRAMEWORKS_FOLDER_PATH = firebase_messaging_Privacy.bundle/SharedFrameworks
               SHARED_PRECOMPS_DIR = /Users/gregoriomorelli/Documents/vibra/build/ios/SharedPrecompiledHeaders
               SHARED_SUPPORT_FOLDER_PATH = firebase_messaging_Privacy.bundle/SharedSupport
               SKIP_INSTALL = YES
               SKIP_MERGEABLE_LIBRARY_BUNDLE_HOOK = NO
               SOURCE_ROOT = /Users/gregoriomorelli/Documents/vibra/ios/Pods
               SRCROOT = /Users/gregoriomorelli/Documents/vibra/ios/Pods
               STRINGSDATA_DIR = /Users/gregoriomorelli/Documents/vibra/build/ios/Pods.build/Release-iphonesimulator/firebase_messaging-firebase_messaging_Privacy.build/Objects-normal/undefined_arch
               STRINGSDATA_ROOT = /Users/gregoriomorelli/Documents/vibra/build/ios/Pods.build/Release-iphonesimulator/firebase_messaging-firebase_messaging_Privacy.build
               STRINGS_FILE_INFOPLIST_RENAME = YES
               STRINGS_FILE_OUTPUT_ENCODING = binary
               STRING_CATALOG_GENERATE_SYMBOLS = NO
               STRIP_BITCODE_FROM_COPIED_FILES = NO
               STRIP_INSTALLED_PRODUCT = NO
               STRIP_STYLE = non-global
               STRIP_SWIFT_SYMBOLS = YES
               SUPPORTED_DEVICE_FAMILIES = 1,2
               SUPPORTED_PLATFORMS = iphoneos iphonesimulator
               SUPPORTS_TEXT_BASED_API = NO
               SUPPRESS_WARNINGS = NO
               SWIFT_COMPILATION_MODE = wholemodule
               SWIFT_EMIT_CONST_VALUE_PROTOCOLS = AnyResolverProviding AppEntity AppEnum AppExtension AppIntent AppIntentsPackage AppShortcutProviding AppShortcutsProvider AppUnionValue AppUnionValueCasesProviding DynamicOptionsProvider EntityQuery ExtensionPointDefining IntentValueQuery Resolver TransientEntity _AssistantIntentsProvider _GenerativeFunctionExtractable _IntentValueRepresentable
               SWIFT_EMIT_LOC_STRINGS = NO
               SWIFT_ENABLE_EXPLICIT_MODULES = YES
               SWIFT_OPTIMIZATION_LEVEL = -O
               SWIFT_PLATFORM_TARGET_PREFIX = ios
               SWIFT_RESPONSE_FILE_PATH_normal_arm64 = /Users/gregoriomorelli/Documents/vibra/build/ios/Pods.build/Release-iphonesimulator/firebase_messaging-firebase_messaging_Privacy.build/Objects-normal/arm64/firebase_messaging_Privacy.SwiftFileList
               SWIFT_RESPONSE_FILE_PATH_normal_x86_64 = /Users/gregoriomorelli/Documents/vibra/build/ios/Pods.build/Release-iphonesimulator/firebase_messaging-firebase_messaging_Privacy.build/Objects-normal/x86_64/firebase_messaging_Privacy.SwiftFileList
               SWIFT_VERSION = 5.0
               SYMROOT = /Users/gregoriomorelli/Documents/vibra/ios/build
               SYSTEM_ADMIN_APPS_DIR = /Applications/Utilities
               SYSTEM_APPS_DIR = /Applications
               SYSTEM_CORE_SERVICES_DIR = /System/Library/CoreServices
               SYSTEM_DEMOS_DIR = /Applications/Extras
               SYSTEM_DEVELOPER_APPS_DIR = /Applications/Xcode.app/Contents/Developer/Applications
               SYSTEM_DEVELOPER_BIN_DIR = /Applications/Xcode.app/Contents/Developer/usr/bin
               SYSTEM_DEVELOPER_DEMOS_DIR = /Applications/Xcode.app/Contents/Developer/Applications/Utilities/Built Examples
               SYSTEM_DEVELOPER_DIR = /Applications/Xcode.app/Contents/Developer
               SYSTEM_DEVELOPER_DOC_DIR = /Applications/Xcode.app/Contents/Developer/ADC Reference Library
               SYSTEM_DEVELOPER_GRAPHICS_TOOLS_DIR = /Applications/Xcode.app/Contents/Developer/Applications/Graphics Tools
               SYSTEM_DEVELOPER_JAVA_TOOLS_DIR = /Applications/Xcode.app/Contents/Developer/Applications/Java Tools
               SYSTEM_DEVELOPER_PERFORMANCE_TOOLS_DIR = /Applications/Xcode.app/Contents/Developer/Applications/Performance Tools
               SYSTEM_DEVELOPER_RELEASENOTES_DIR = /Applications/Xcode.app/Contents/Developer/ADC Reference Library/releasenotes
               SYSTEM_DEVELOPER_TOOLS = /Applications/Xcode.app/Contents/Developer/Tools
               SYSTEM_DEVELOPER_TOOLS_DOC_DIR = /Applications/Xcode.app/Contents/Developer/ADC Reference Library/documentation/DeveloperTools
               SYSTEM_DEVELOPER_TOOLS_RELEASENOTES_DIR = /Applications/Xcode.app/Contents/Developer/ADC Reference Library/releasenotes/DeveloperTools
               SYSTEM_DEVELOPER_USR_DIR = /Applications/Xcode.app/Contents/Developer/usr
               SYSTEM_DEVELOPER_UTILITIES_DIR = /Applications/Xcode.app/Contents/Developer/Applications/Utilities
               SYSTEM_DEXT_INSTALL_PATH = /System/Library/DriverExtensions
               SYSTEM_DOCUMENTATION_DIR = /Library/Documentation
               SYSTEM_EXTENSIONS_FOLDER_PATH = firebase_messaging_Privacy.bundle/SystemExtensions
               SYSTEM_EXTENSIONS_FOLDER_PATH_SHALLOW_BUNDLE_NO = firebase_messaging_Privacy.bundle/Library/SystemExtensions
               SYSTEM_EXTENSIONS_FOLDER_PATH_SHALLOW_BUNDLE_YES = firebase_messaging_Privacy.bundle/SystemExtensions
               SYSTEM_KEXT_INSTALL_PATH = /System/Library/Extensions
               SYSTEM_LIBRARY_DIR = /System/Library
               TAPI_DEMANGLE = YES
               TAPI_ENABLE_PROJECT_HEADERS = NO
               TAPI_LANGUAGE = objective-c
               TAPI_LANGUAGE_STANDARD = compiler-default
               TAPI_USE_SRCROOT = YES
               TAPI_VERIFY_MODE = Pedantic
               TARGETED_DEVICE_FAMILY = 1,2
               TARGETNAME = firebase_messaging-firebase_messaging_Privacy
               TARGET_BUILD_DIR = /Users/gregoriomorelli/Documents/vibra/build/ios/Release-iphonesimulator/firebase_messaging
               TARGET_NAME = firebase_messaging-firebase_messaging_Privacy
               TARGET_TEMP_DIR = /Users/gregoriomorelli/Documents/vibra/build/ios/Pods.build/Release-iphonesimulator/firebase_messaging-firebase_messaging_Privacy.build
               TEMP_DIR = /Users/gregoriomorelli/Documents/vibra/build/ios/Pods.build/Release-iphonesimulator/firebase_messaging-firebase_messaging_Privacy.build
               TEMP_FILES_DIR = /Users/gregoriomorelli/Documents/vibra/build/ios/Pods.build/Release-iphonesimulator/firebase_messaging-firebase_messaging_Privacy.build
               TEMP_FILE_DIR = /Users/gregoriomorelli/Documents/vibra/build/ios/Pods.build/Release-iphonesimulator/firebase_messaging-firebase_messaging_Privacy.build
               TEMP_ROOT = /Users/gregoriomorelli/Documents/vibra/build/ios
               TEMP_SANDBOX_DIR = /Users/gregoriomorelli/Documents/vibra/build/ios/TemporaryTaskSandboxes
               TEST_FRAMEWORK_SEARCH_PATHS =  /Applications/Xcode.app/Contents/Developer/Platforms/iPhoneSimulator.platform/Developer/Library/Frameworks /Applications/Xcode.app/Contents/Developer/Platforms/iPhoneSimulator.platform/Developer/SDKs/iPhoneSimulator26.5.sdk/Developer/Library/Frameworks
               TEST_LIBRARY_SEARCH_PATHS =  /Applications/Xcode.app/Contents/Developer/Platforms/iPhoneSimulator.platform/Developer/usr/lib
               TOOLCHAINS = com.apple.dt.toolchain.XcodeDefault
               TOOLCHAIN_DIR = /Applications/Xcode.app/Contents/Developer/Toolchains/XcodeDefault.xctoolchain
               TREAT_MISSING_BASELINES_AS_TEST_FAILURES = NO
               TREAT_MISSING_SCRIPT_PHASE_OUTPUTS_AS_ERRORS = NO
               TVOS_DEPLOYMENT_TARGET = 26.5
               UID = 501
               UNINSTALLED_PRODUCTS_DIR = /Users/gregoriomorelli/Documents/vibra/build/ios/UninstalledProducts
               UNLOCALIZED_RESOURCES_FOLDER_PATH = firebase_messaging_Privacy.bundle
               UNLOCALIZED_RESOURCES_FOLDER_PATH_SHALLOW_BUNDLE_NO = firebase_messaging_Privacy.bundle/Resources
               UNLOCALIZED_RESOURCES_FOLDER_PATH_SHALLOW_BUNDLE_YES = firebase_messaging_Privacy.bundle
               UNSTRIPPED_PRODUCT = NO
               USER = gregoriomorelli
               USER_APPS_DIR = /Users/gregoriomorelli/Applications
               USER_LIBRARY_DIR = /Users/gregoriomorelli/Library
               USE_DYNAMIC_NO_PIC = YES
               USE_HEADERMAP = YES
               USE_HEADER_SYMLINKS = NO
               USE_RECURSIVE_SCRIPT_INPUTS_IN_SCRIPT_PHASES = YES
               VALIDATE_DEVELOPMENT_ASSET_PATHS = YES_ERROR
               VALIDATE_PRODUCT = NO
               VALID_ARCHS = arm64 x86_64
               VERBOSE_PBXCP = NO
               VERSIONPLIST_PATH = firebase_messaging_Privacy.bundle/version.plist
               VERSION_INFO_BUILDER = gregoriomorelli
               VERSION_INFO_FILE = firebase_messaging_Privacy_vers.c
               VERSION_INFO_STRING = "@(#)PROGRAM:firebase_messaging_Privacy  PROJECT:Pods-"
               WATCHOS_DEPLOYMENT_TARGET = 26.5
               WORKSPACE_DIR = /Users/gregoriomorelli/Documents/vibra/ios/Pods/Pods.xcodeproj
               WRAPPER_EXTENSION = bundle
               WRAPPER_NAME = firebase_messaging_Privacy.bundle
               WRAPPER_SUFFIX = .bundle
               WRAP_ASSET_PACKS_IN_SEPARATE_DIRECTORIES = NO
               XCODE_APP_SUPPORT_DIR = /Applications/Xcode.app/Contents/Developer/Library/Xcode
               XCODE_PRODUCT_BUILD_VERSION = 17F42
               XCODE_VERSION_ACTUAL = 2650
               XCODE_VERSION_MAJOR = 2600
               XCODE_VERSION_MINOR = 2650
               XPCSERVICES_FOLDER_PATH = firebase_messaging_Privacy.bundle/XPCServices
               XROS_DEPLOYMENT_TARGET = 26.5
               YACC = yacc
               _DISCOVER_COMMAND_LINE_LINKER_INPUTS = YES
               _DISCOVER_COMMAND_LINE_LINKER_INPUTS_INCLUDE_WL = YES
               _LD_MULTIARCH = YES
               _WRAPPER_CONTENTS_DIR_SHALLOW_BUNDLE_NO = /Contents
               _WRAPPER_PARENT_PATH_SHALLOW_BUNDLE_NO = /..
               _WRAPPER_RESOURCES_DIR_SHALLOW_BUNDLE_NO = /Resources
               __DIAGNOSE_DEPRECATED_ARCHS = YES
               __ORIGINAL_SDK_DEFINED_LLVM_TARGET_TRIPLE_SYS = ios
               arch = undefined_arch
               variant = normal

           Build settings for action build and target FirebaseCore:
               ACTION = build
               AD_HOC_CODE_SIGNING_ALLOWED = YES
               ALLOW_BUILD_REQUEST_OVERRIDES = NO
               ALLOW_TARGET_PLATFORM_SPECIALIZATION = NO
               ALTERNATE_GROUP = staff
               ALTERNATE_MODE = u+w,go-w,a+rX
               ALTERNATE_OWNER = gregoriomorelli
               ALTERNATIVE_DISTRIBUTION_WEB = NO
               ALWAYS_EMBED_SWIFT_STANDARD_LIBRARIES = NO
               ALWAYS_SEARCH_USER_PATHS = NO
               ALWAYS_USE_SEPARATE_HEADERMAPS = NO
               APPLICATION_EXTENSION_API_ONLY = NO
               APPLY_RULES_IN_COPY_FILES = NO
               APPLY_RULES_IN_COPY_HEADERS = NO
               APP_SHORTCUTS_ENABLE_FLEXIBLE_MATCHING = YES
               ARCHS = arm64 x86_64
               ARCHS_BASE = arm64 x86_64
               ARCHS_STANDARD = arm64 x86_64
               ARCHS_STANDARD_32_64_BIT = arm64 x86_64
               ARCHS_STANDARD_64_BIT = arm64 x86_64
               ARCHS_STANDARD_INCLUDING_64_BIT = arm64 x86_64
               ARCHS_UNIVERSAL_IPHONE_OS = arm64 x86_64
               AUTOMATICALLY_MERGE_DEPENDENCIES = NO
               AUTOMATION_APPLE_EVENTS = NO
               AVAILABLE_PLATFORMS = android appletvos appletvsimulator driverkit freebsd iphoneos iphonesimulator linux macosx none openbsd qnx watchos watchsimulator webassembly xros xrsimulator
               BUILD_ACTIVE_RESOURCES_ONLY = NO
               BUILD_COMPONENTS = headers build
               BUILD_DIR = /Users/gregoriomorelli/Documents/vibra/build/ios
               BUILD_LIBRARY_FOR_DISTRIBUTION = NO
               BUILD_ONLY_KNOWN_LOCALIZATIONS = NO
               BUILD_ROOT = /Users/gregoriomorelli/Documents/vibra/ios/build
               BUILD_STYLE = 
               BUILD_VARIANTS = normal
               BUILT_PRODUCTS_DIR = /Users/gregoriomorelli/Documents/vibra/build/ios/Release-iphonesimulator/FirebaseCore
               BUNDLE_CONTENTS_FOLDER_PATH_deep = Contents/
               BUNDLE_EXECUTABLE_FOLDER_NAME_deep = MacOS
               BUNDLE_EXTENSIONS_FOLDER_PATH = Extensions
               BUNDLE_FORMAT = shallow
               BUNDLE_FRAMEWORKS_FOLDER_PATH = Frameworks
               BUNDLE_PLUGINS_FOLDER_PATH = PlugIns
               BUNDLE_PRIVATE_HEADERS_FOLDER_PATH = PrivateHeaders
               BUNDLE_PUBLIC_HEADERS_FOLDER_PATH = Headers
               CACHE_ROOT = /var/folders/pg/x6t89f2n7s7299rcw8hv33180000gn/C/com.apple.DeveloperTools/26.5-17F42/Xcode
               CCHROOT = /var/folders/pg/x6t89f2n7s7299rcw8hv33180000gn/C/com.apple.DeveloperTools/26.5-17F42/Xcode
               CHMOD = /bin/chmod
               CHOWN = chown
               CLANG_ANALYZER_LOCALIZABILITY_NONLOCALIZED = YES
               CLANG_ANALYZER_NONNULL = YES
               CLANG_ANALYZER_NUMBER_OBJECT_CONVERSION = YES_AGGRESSIVE
               CLANG_CACHE_FINE_GRAINED_OUTPUTS = YES
               CLANG_CXX_LANGUAGE_STANDARD = gnu++14
               CLANG_CXX_LIBRARY = libc++
               CLANG_ENABLE_EXPLICIT_MODULES = YES
               CLANG_ENABLE_MODULES = YES
               CLANG_ENABLE_OBJC_ARC = YES
               CLANG_ENABLE_OBJC_WEAK = NO
               CLANG_MODULES_BUILD_SESSION_FILE = /var/folders/pg/x6t89f2n7s7299rcw8hv33180000gn/C/org.llvm.clang/ModuleCache.noindex/Session.modulevalidation
               CLANG_WARN_BLOCK_CAPTURE_AUTORELEASING = YES
               CLANG_WARN_BOOL_CONVERSION = YES
               CLANG_WARN_COMMA = YES
               CLANG_WARN_CONSTANT_CONVERSION = YES
               CLANG_WARN_DEPRECATED_OBJC_IMPLEMENTATIONS = YES
               CLANG_WARN_DIRECT_OBJC_ISA_USAGE = YES_ERROR
               CLANG_WARN_DOCUMENTATION_COMMENTS = YES
               CLANG_WARN_EMPTY_BODY = YES
               CLANG_WARN_ENUM_CONVERSION = YES
               CLANG_WARN_INFINITE_RECURSION = YES
               CLANG_WARN_INT_CONVERSION = YES
               CLANG_WARN_NON_LITERAL_NULL_CONVERSION = YES
               CLANG_WARN_OBJC_IMPLICIT_RETAIN_SELF = YES
               CLANG_WARN_OBJC_LITERAL_CONVERSION = YES
               CLANG_WARN_OBJC_ROOT_CLASS = YES_ERROR
               CLANG_WARN_QUOTED_INCLUDE_IN_FRAMEWORK_HEADER = NO
               CLANG_WARN_RANGE_LOOP_ANALYSIS = YES
               CLANG_WARN_STRICT_PROTOTYPES = YES
               CLANG_WARN_SUSPICIOUS_MOVE = YES
               CLANG_WARN_UNGUARDED_AVAILABILITY = YES_AGGRESSIVE
               CLANG_WARN_UNREACHABLE_CODE = YES
               CLANG_WARN__DUPLICATE_METHOD_MATCH = YES
               CLASS_FILE_DIR = /Users/gregoriomorelli/Documents/vibra/build/ios/Pods.build/Release-iphonesimulator/FirebaseCore.build/JavaClasses
               CLEAN_PRECOMPS = YES
               CLONE_HEADERS = NO
               CODESIGNING_FOLDER_PATH = /Users/gregoriomorelli/Documents/vibra/build/ios/Release-iphonesimulator/FirebaseCore/FirebaseCore.framework
               CODE_SIGNING_ALLOWED = YES
               CODE_SIGNING_REQUIRED = NO
               CODE_SIGNING_REQUIRES_TEAM = YES
               CODE_SIGN_CONTEXT_CLASS = XCiPhoneSimulatorCodeSignContext
               CODE_SIGN_IDENTITY = -
               CODE_SIGN_INJECT_BASE_ENTITLEMENTS = YES
               COLOR_DIAGNOSTICS = NO
               COMBINE_HIDPI_IMAGES = NO
               COMPILATION_CACHE_CAS_PATH = /var/folders/pg/x6t89f2n7s7299rcw8hv33180000gn/C/com.apple.DeveloperTools/26.5-17F42/Xcode/CompilationCache.noindex
               COMPILATION_CACHE_KEEP_CAS_DIRECTORY = YES
               COMPILER_INDEX_STORE_ENABLE = Default
               COMPOSITE_SDK_DIRS = /Users/gregoriomorelli/Documents/vibra/build/ios/CompositeSDKs
               COMPRESS_PNG_FILES = YES
               CONFIGURATION = Release
               CONFIGURATION_BUILD_DIR = /Users/gregoriomorelli/Documents/vibra/build/ios/Release-iphonesimulator/FirebaseCore
               CONFIGURATION_TEMP_DIR = /Users/gregoriomorelli/Documents/vibra/build/ios/Pods.build/Release-iphonesimulator
               CONTENTS_FOLDER_PATH = FirebaseCore.framework
               CONTENTS_FOLDER_PATH_SHALLOW_BUNDLE_NO = FirebaseCore.framework/A
               CONTENTS_FOLDER_PATH_SHALLOW_BUNDLE_YES = FirebaseCore.framework
               COPYING_PRESERVES_HFS_DATA = NO
               COPY_HEADERS_RUN_UNIFDEF = NO
               COPY_PHASE_STRIP = NO
               CORRESPONDING_DEVICE_PLATFORM_DIR = /Applications/Xcode.app/Contents/Developer/Platforms/iPhoneOS.platform
               CORRESPONDING_DEVICE_PLATFORM_NAME = iphoneos
               CORRESPONDING_DEVICE_SDK_DIR = /Applications/Xcode.app/Contents/Developer/Platforms/iPhoneOS.platform/Developer/SDKs/iPhoneOS26.5.sdk
               CORRESPONDING_DEVICE_SDK_NAME = iphoneos26.5
               CP = /bin/cp
               CREATE_INFOPLIST_SECTION_IN_BINARY = NO
               CURRENT_ARCH = undefined_arch
               CURRENT_PROJECT_VERSION = 1
               CURRENT_VARIANT = normal
               CURRENT_VERSION = Current
               DEAD_CODE_STRIPPING = YES
               DEBUGGING_SYMBOLS = YES
               DEBUG_INFORMATION_FORMAT = dwarf-with-dsym
               DEBUG_INFORMATION_VERSION = compiler-default
               DEFAULT_COMPILER = com.apple.compilers.llvm.clang.1_0
               DEFAULT_DEXT_INSTALL_PATH = /System/Library/DriverExtensions
               DEFAULT_KEXT_INSTALL_PATH = /System/Library/Extensions
               DEFINES_MODULE = YES
               DEPLOYMENT_LOCATION = NO
               DEPLOYMENT_POSTPROCESSING = NO
               DEPLOYMENT_TARGET_SETTING_NAME = IPHONEOS_DEPLOYMENT_TARGET
               DEPLOYMENT_TARGET_SUGGESTED_VALUES = 12.0 12.1 12.2 12.3 12.4 13.0 13.1 13.2 13.3 13.4 13.5 13.6 14.0 14.1 14.2 14.3 14.4 14.5 14.6 14.7 15.0 15.1 15.2 15.3 15.4 15.5 15.6 16.0 16.1 16.2 16.3 16.4 16.5 16.6 17.0 17.1 17.2 17.3 17.4 17.5 17.6 18.0 18.1 18.2 18.3 18.4 18.5 18.6 26.0 26.2 26.3 26.4 26.5
               DERIVED_FILES_DIR = /Users/gregoriomorelli/Documents/vibra/build/ios/Pods.build/Release-iphonesimulator/FirebaseCore.build/DerivedSources
               DERIVED_FILE_DIR = /Users/gregoriomorelli/Documents/vibra/build/ios/Pods.build/Release-iphonesimulator/FirebaseCore.build/DerivedSources
               DERIVED_SOURCES_DIR = /Users/gregoriomorelli/Documents/vibra/build/ios/Pods.build/Release-iphonesimulator/FirebaseCore.build/DerivedSources
               DEVELOPER_APPLICATIONS_DIR = /Applications/Xcode.app/Contents/Developer/Applications
               DEVELOPER_BIN_DIR = /Applications/Xcode.app/Contents/Developer/usr/bin
               DEVELOPER_DIR = /Applications/Xcode.app/Contents/Developer
               DEVELOPER_FRAMEWORKS_DIR = /Applications/Xcode.app/Contents/Developer/Library/Frameworks
               DEVELOPER_FRAMEWORKS_DIR_QUOTED = /Applications/Xcode.app/Contents/Developer/Library/Frameworks
               DEVELOPER_LIBRARY_DIR = /Applications/Xcode.app/Contents/Developer/Library
               DEVELOPER_SDK_DIR = /Applications/Xcode.app/Contents/Developer/Platforms/MacOSX.platform/Developer/SDKs
               DEVELOPER_TOOLS_DIR = /Applications/Xcode.app/Contents/Developer/Tools
               DEVELOPER_USR_DIR = /Applications/Xcode.app/Contents/Developer/usr
               DEVELOPMENT_LANGUAGE = en
               DIAGNOSE_MISSING_TARGET_DEPENDENCIES = YES
               DIFF = /usr/bin/diff
               DOCUMENTATION_FOLDER_PATH = FirebaseCore.framework/en.lproj/Documentation
               DONT_GENERATE_INFOPLIST_FILE = NO
               DRIVERKIT_DEPLOYMENT_TARGET = 25.5
               DSTROOT = /tmp/Pods.dst
               DT_TOOLCHAIN_DIR = /Applications/Xcode.app/Contents/Developer/Toolchains/XcodeDefault.xctoolchain
               DUMP_DEPENDENCIES = NO
               DUMP_DEPENDENCIES_OUTPUT_PATH = /Users/gregoriomorelli/Documents/vibra/build/ios/Pods.build/Release-iphonesimulator/FirebaseCore.build/FirebaseCore-BuildDependencyInfo.json
               DWARF_DSYM_FILE_NAME = FirebaseCore.framework.dSYM
               DWARF_DSYM_FILE_SHOULD_ACCOMPANY_PRODUCT = NO
               DWARF_DSYM_FOLDER_PATH = /Users/gregoriomorelli/Documents/vibra/build/ios/Release-iphonesimulator/FirebaseCore
               DYLIB_COMPATIBILITY_VERSION = 1
               DYLIB_CURRENT_VERSION = 1
               DYLIB_INSTALL_NAME_BASE = @rpath
               DYNAMIC_LIBRARY_EXTENSION = dylib
               EAGER_COMPILATION_ALLOW_SCRIPTS = NO
               EAGER_LINKING = NO
               EFFECTIVE_PLATFORM_NAME = -iphonesimulator
               EFFECTIVE_SWIFT_VERSION = 5
               EMBEDDED_CONTENT_CONTAINS_SWIFT = NO
               EMBED_ASSET_PACKS_IN_PRODUCT_BUNDLE = NO
               ENABLE_APP_SANDBOX = NO
               ENABLE_CODE_COVERAGE = YES
               ENABLE_COHORT_ARCHS = NO
               ENABLE_CPLUSPLUS_BOUNDS_SAFE_BUFFERS = NO
               ENABLE_C_BOUNDS_SAFETY = NO
               ENABLE_DEFAULT_HEADER_SEARCH_PATHS = YES
               ENABLE_DEFAULT_SEARCH_PATHS = YES
               ENABLE_ENHANCED_SECURITY = NO
               ENABLE_HARDENED_RUNTIME = NO
               ENABLE_HEADER_DEPENDENCIES = YES
               ENABLE_INCOMING_NETWORK_CONNECTIONS = NO
               ENABLE_MODULE_VERIFIER = NO
               ENABLE_NS_ASSERTIONS = NO
               ENABLE_ON_DEMAND_RESOURCES = NO
               ENABLE_OUTGOING_NETWORK_CONNECTIONS = NO
               ENABLE_POINTER_AUTHENTICATION = NO
               ENABLE_RESOURCE_ACCESS_AUDIO_INPUT = NO
               ENABLE_RESOURCE_ACCESS_BLUETOOTH = NO
               ENABLE_RESOURCE_ACCESS_CALENDARS = NO
               ENABLE_RESOURCE_ACCESS_CAMERA = NO
               ENABLE_RESOURCE_ACCESS_CONTACTS = NO
               ENABLE_RESOURCE_ACCESS_LOCATION = NO
               ENABLE_RESOURCE_ACCESS_PHOTO_LIBRARY = NO
               ENABLE_RESOURCE_ACCESS_PRINTING = NO
               ENABLE_RESOURCE_ACCESS_USB = NO
               ENABLE_SDK_IMPORTS = NO
               ENABLE_SECURITY_COMPILER_WARNINGS = NO
               ENABLE_STRICT_OBJC_MSGSEND = YES
               ENABLE_TESTABILITY = NO
               ENABLE_TESTING_SEARCH_PATHS = NO
               ENABLE_USER_SCRIPT_SANDBOXING = NO
               ENFORCE_VALID_ARCHS = YES
               ENTITLEMENTS_DESTINATION = __entitlements
               ENTITLEMENTS_REQUIRED = NO
               EXCLUDED_INSTALLSRC_SUBDIRECTORY_PATTERNS = .DS_Store .svn .git .hg CVS
               EXCLUDED_RECURSIVE_SEARCH_PATH_SUBDIRECTORIES = *.nib *.lproj *.framework *.gch *.xcode* *.xcassets *.icon (*) .DS_Store CVS .svn .git .hg *.pbproj *.pbxproj
               EXECUTABLES_FOLDER_PATH = FirebaseCore.framework/en.lproj
               EXECUTABLE_FOLDER_PATH = FirebaseCore.framework
               EXECUTABLE_FOLDER_PATH_SHALLOW_BUNDLE_NO = FirebaseCore.framework
               EXECUTABLE_FOLDER_PATH_SHALLOW_BUNDLE_YES = FirebaseCore.framework
               EXECUTABLE_NAME = FirebaseCore
               EXECUTABLE_PATH = FirebaseCore.framework/FirebaseCore
               EXTENSIONS_FOLDER_PATH = FirebaseCore.framework/Extensions
               FILE_LIST = /Users/gregoriomorelli/Documents/vibra/build/ios/Pods.build/Release-iphonesimulator/FirebaseCore.build/Objects/LinkFileList
               FIXED_FILES_DIR = /Users/gregoriomorelli/Documents/vibra/build/ios/Pods.build/Release-iphonesimulator/FirebaseCore.build/FixedFiles
               FRAMEWORKS_FOLDER_PATH = FirebaseCore.framework/Frameworks
               FRAMEWORK_FLAG_PREFIX = -framework
               FRAMEWORK_SEARCH_PATHS = /Users/gregoriomorelli/Documents/vibra/build/ios/Release-iphonesimulator/FirebaseCore  "/Users/gregoriomorelli/Documents/vibra/build/ios/Release-iphonesimulator/FirebaseCoreInternal" "/Users/gregoriomorelli/Documents/vibra/build/ios/Release-iphonesimulator/GoogleUtilities"
               FRAMEWORK_VERSION = A
               FULL_PRODUCT_NAME = FirebaseCore.framework
               FUSE_BUILD_PHASES = YES
               FUSE_BUILD_SCRIPT_PHASES = NO
               GCC3_VERSION = 3.3
               GCC_C_LANGUAGE_STANDARD = gnu11
               GCC_INLINES_ARE_PRIVATE_EXTERN = YES
               GCC_NO_COMMON_BLOCKS = YES
               GCC_OBJC_LEGACY_DISPATCH = YES
               GCC_PFE_FILE_C_DIALECTS = c objective-c c++ objective-c++
               GCC_PREPROCESSOR_DEFINITIONS = POD_CONFIGURATION_RELEASE=1  COCOAPODS=1 Firebase_VERSION=11.15.0
               GCC_TREAT_WARNINGS_AS_ERRORS = NO
               GCC_VERSION = com.apple.compilers.llvm.clang.1_0
               GCC_VERSION_IDENTIFIER = com_apple_compilers_llvm_clang_1_0
               GCC_WARN_64_TO_32_BIT_CONVERSION = YES
               GCC_WARN_ABOUT_RETURN_TYPE = YES_ERROR
               GCC_WARN_UNDECLARED_SELECTOR = YES
               GCC_WARN_UNINITIALIZED_AUTOS = YES_AGGRESSIVE
               GCC_WARN_UNUSED_FUNCTION = YES
               GCC_WARN_UNUSED_VARIABLE = YES
               GENERATED_MODULEMAP_DIR = /Users/gregoriomorelli/Documents/vibra/build/ios/GeneratedModuleMaps-iphonesimulator
               GENERATE_INFOPLIST_FILE = NO
               GENERATE_INTERMEDIATE_TEXT_BASED_STUBS = YES
               GENERATE_PKGINFO_FILE = NO
               GENERATE_PRELINK_OBJECT_FILE = NO
               GENERATE_PROFILING_CODE = NO
               GENERATE_TEXT_BASED_STUBS = NO
               GID = 20
               GROUP = staff
               HEADERMAP_INCLUDES_FLAT_ENTRIES_FOR_TARGET_BEING_BUILT = YES
               HEADERMAP_INCLUDES_FRAMEWORK_ENTRIES_FOR_ALL_PRODUCT_TYPES = YES
               HEADERMAP_INCLUDES_FRAMEWORK_ENTRIES_FOR_TARGETS_NOT_BEING_BUILT = YES
               HEADERMAP_INCLUDES_NONPUBLIC_NONPRIVATE_HEADERS = YES
               HEADERMAP_INCLUDES_PROJECT_HEADERS = YES
               HEADERMAP_USES_FRAMEWORK_PREFIX_ENTRIES = YES
               HEADERMAP_USES_VFS = YES
               HEADER_SEARCH_PATHS = /Users/gregoriomorelli/Documents/vibra/build/ios/Release-iphonesimulator/FirebaseCore/include  "/Users/gregoriomorelli/Documents/vibra/ios/Pods/FirebaseCore"
               HOME = /Users/gregoriomorelli
               HOST_ARCH = arm64
               HOST_PLATFORM = macosx
               ICONV = /usr/bin/iconv
               IMPLICIT_DEPENDENCY_DOMAIN = default
               INDEX_STORE_COMPRESS = NO
               INDEX_STORE_ONLY_PROJECT_FILES = NO
               INFOPLIST_ENABLE_CFBUNDLEICONS_MERGE = YES
               INFOPLIST_EXPAND_BUILD_SETTINGS = YES
               INFOPLIST_FILE = Target Support Files/FirebaseCore/FirebaseCore-Info.plist
               INFOPLIST_OUTPUT_FORMAT = binary
               INFOPLIST_PATH = FirebaseCore.framework/Info.plist
               INFOPLIST_PREPROCESS = NO
               INFOSTRINGS_PATH = FirebaseCore.framework/en.lproj/InfoPlist.strings
               INLINE_PRIVATE_FRAMEWORKS = NO
               INSTALLAPI_IGNORE_SKIP_INSTALL = YES
               INSTALLHDRS_COPY_PHASE = NO
               INSTALLHDRS_SCRIPT_PHASE = NO
               INSTALL_DIR = /tmp/Pods.dst/Library/Frameworks
               INSTALL_GROUP = staff
               INSTALL_MODE_FLAG = u+w,go-w,a+rX
               INSTALL_OWNER = gregoriomorelli
               INSTALL_PATH = /Library/Frameworks
               INSTALL_ROOT = /tmp/Pods.dst
               IPHONEOS_DEPLOYMENT_TARGET = 12.0
               IS_UNOPTIMIZED_BUILD = NO
               JAVAC_DEFAULT_FLAGS = -J-Xms64m -J-XX:NewSize=4M -J-Dfile.encoding=UTF8
               JAVA_APP_STUB = /System/Library/Frameworks/JavaVM.framework/Resources/MacOS/JavaApplicationStub
               JAVA_ARCHIVE_CLASSES = YES
               JAVA_ARCHIVE_TYPE = JAR
               JAVA_COMPILER = /usr/bin/javac
               JAVA_FOLDER_PATH = FirebaseCore.framework/Java
               JAVA_FRAMEWORK_RESOURCES_DIRS = Resources
               JAVA_JAR_FLAGS = cv
               JAVA_SOURCE_SUBDIR = .
               JAVA_USE_DEPENDENCIES = YES
               JAVA_ZIP_FLAGS = -urg
               JIKES_DEFAULT_FLAGS = +E +OLDCSO
               KEEP_PRIVATE_EXTERNS = NO
               LD_DEPENDENCY_INFO_FILE = /Users/gregoriomorelli/Documents/vibra/build/ios/Pods.build/Release-iphonesimulator/FirebaseCore.build/Objects-normal/undefined_arch/FirebaseCore_dependency_info.dat
               LD_DYLIB_INSTALL_NAME = @rpath/FirebaseCore.framework/FirebaseCore
               LD_EXPORT_SYMBOLS = YES
               LD_GENERATE_MAP_FILE = NO
               LD_MAP_FILE_PATH = /Users/gregoriomorelli/Documents/vibra/build/ios/Pods.build/Release-iphonesimulator/FirebaseCore.build/FirebaseCore-LinkMap-normal-undefined_arch.txt
               LD_NO_PIE = NO
               LD_QUOTE_LINKER_ARGUMENTS_FOR_COMPILER_DRIVER = YES
               LD_RUNPATH_SEARCH_PATHS =  @executable_path/Frameworks @loader_path/Frameworks
               LD_SHARED_CACHE_ELIGIBLE = Automatic
               LD_WARN_DUPLICATE_LIBRARIES = NO
               LD_WARN_UNUSED_DYLIBS = NO
               LEGACY_DEVELOPER_DIR = /Applications/Xcode.app/Contents/PlugIns/Xcode3Core.ideplugin/Contents/SharedSupport/Developer
               LEX = lex
               LIBRARY_DEXT_INSTALL_PATH = /Library/DriverExtensions
               LIBRARY_FLAG_NOSPACE = YES
               LIBRARY_FLAG_PREFIX = -l
               LIBRARY_KEXT_INSTALL_PATH = /Library/Extensions
               LIBRARY_SEARCH_PATHS = /Users/gregoriomorelli/Documents/vibra/build/ios/Release-iphonesimulator/FirebaseCore 
               LINKER_DISPLAYS_MANGLED_NAMES = NO
               LINK_FILE_LIST_normal_arm64 = /Users/gregoriomorelli/Documents/vibra/build/ios/Pods.build/Release-iphonesimulator/FirebaseCore.build/Objects-normal/arm64/FirebaseCore.LinkFileList
               LINK_FILE_LIST_normal_x86_64 = /Users/gregoriomorelli/Documents/vibra/build/ios/Pods.build/Release-iphonesimulator/FirebaseCore.build/Objects-normal/x86_64/FirebaseCore.LinkFileList
               LINK_OBJC_RUNTIME = YES
               LINK_WITH_STANDARD_LIBRARIES = YES
               LLVM_TARGET_TRIPLE_OS_VERSION = ios12.0
               LLVM_TARGET_TRIPLE_SUFFIX = -simulator
               LLVM_TARGET_TRIPLE_VENDOR = apple
               LM_AUX_CONST_METADATA_LIST_PATH_normal_arm64 = /Users/gregoriomorelli/Documents/vibra/build/ios/Pods.build/Release-iphonesimulator/FirebaseCore.build/Objects-normal/arm64/FirebaseCore.SwiftConstValuesFileList
               LM_AUX_CONST_METADATA_LIST_PATH_normal_x86_64 = /Users/gregoriomorelli/Documents/vibra/build/ios/Pods.build/Release-iphonesimulator/FirebaseCore.build/Objects-normal/x86_64/FirebaseCore.SwiftConstValuesFileList
               LOCALIZATION_EXPORT_SUPPORTED = YES
               LOCALIZATION_PREFERS_STRING_CATALOGS = NO
               LOCALIZED_RESOURCES_FOLDER_PATH = FirebaseCore.framework/en.lproj
               LOCALIZED_STRING_CODE_COMMENTS = NO
               LOCALIZED_STRING_MACRO_NAMES = NSLocalizedString CFCopyLocalizedString
               LOCALIZED_STRING_SWIFTUI_SUPPORT = YES
               LOCAL_ADMIN_APPS_DIR = /Applications/Utilities
               LOCAL_APPS_DIR = /Applications
               LOCAL_DEVELOPER_DIR = /Library/Developer
               LOCAL_LIBRARY_DIR = /Library
               LOCROOT = /Users/gregoriomorelli/Documents/vibra/ios/Pods
               LOCSYMROOT = /Users/gregoriomorelli/Documents/vibra/ios/Pods
               MACH_O_TYPE = mh_dylib
               MACOSX_DEPLOYMENT_TARGET = 26.5
               MAC_OS_X_PRODUCT_BUILD_VERSION = 25F84
               MAC_OS_X_VERSION_ACTUAL = 260502
               MAC_OS_X_VERSION_MAJOR = 260000
               MAC_OS_X_VERSION_MINOR = 260500
               MAKE_MERGEABLE = NO
               MERGEABLE_LIBRARY = NO
               MERGED_BINARY_TYPE = none
               MERGE_LINKED_LIBRARIES = NO
               METAL_LIBRARY_FILE_BASE = default
               METAL_LIBRARY_OUTPUT_DIR = /Users/gregoriomorelli/Documents/vibra/build/ios/Release-iphonesimulator/FirebaseCore/FirebaseCore.framework
               MODULEMAP_FILE = Target Support Files/FirebaseCore/FirebaseCore.modulemap
               MODULES_FOLDER_PATH = FirebaseCore.framework/Modules
               MTL_ENABLE_DEBUG_INFO = NO
               MTL_FAST_MATH = YES
               NATIVE_ARCH = arm64
               NATIVE_ARCH_32_BIT = arm
               NATIVE_ARCH_64_BIT = arm64
               NATIVE_ARCH_ACTUAL = arm64
               NO_COMMON = YES
               OBJC_ABI_VERSION = 2
               OBJECT_FILE_DIR = /Users/gregoriomorelli/Documents/vibra/build/ios/Pods.build/Release-iphonesimulator/FirebaseCore.build/Objects
               OBJECT_FILE_DIR_normal = /Users/gregoriomorelli/Documents/vibra/build/ios/Pods.build/Release-iphonesimulator/FirebaseCore.build/Objects-normal
               OBJROOT = /Users/gregoriomorelli/Documents/vibra/build/ios
               ONLY_ACTIVE_ARCH = NO
               OS = MACOS
               OSAC = /usr/bin/osacompile
               OTHER_CFLAGS =  -fno-autolink
               OTHER_CPLUSPLUSFLAGS =  -fno-autolink
               OTHER_LDFLAGS =  -framework "FirebaseCoreInternal" -framework "Foundation" -framework "GoogleUtilities" -framework "Security" -framework "SystemConfiguration" -framework "UIKit"
               PACKAGE_TYPE = com.apple.package-type.wrapper.framework
               PASCAL_STRINGS = YES
               PATH = /Applications/Xcode.app/Contents/SharedFrameworks/SwiftBuild.framework/Versions/A/PlugIns/SWBBuildService.bundle/Contents/PlugIns/SWBUniversalPlatformPlugin.bundle/Contents/Frameworks/SWBUniversalPlatform.framework/Resources:/Applications/Xcode.app/Contents/Developer/Toolchains/XcodeDefault.xctoolchain/usr/bin:/Applications/Xcode.app/Contents/Developer/Toolchains/XcodeDefault.xctoolchain/usr/local/bin:/Applications/Xcode.app/Contents/Developer/Toolchains/XcodeDefault.xctoolchain/usr/libexec:/Applications/Xcode.app/Contents/Developer/Platforms/iPhoneSimulator.platform/usr/bin:/Applications/Xcode.app/Contents/Developer/Platforms/iPhoneSimulator.platform/usr/local/bin:/Applications/Xcode.app/Contents/Developer/Platforms/iPhoneSimulator.platform/Developer/usr/bin:/Applications/Xcode.app/Contents/Developer/Platforms/iPhoneSimulator.platform/Developer/usr/local/bin:/Applications/Xcode.app/Contents/Developer/usr/bin:/Applications/Xcode.app/Contents/Developer/usr/local/bin:/Users/gregoriomorelli/.gemini/antigravity/bin:/Users/gregoriomorelli/Library/Application Support/Antigravity/bin:/opt/homebrew/bin:/opt/homebrew/sbin:/Library/Developer/CommandLineTools/usr/bin:/Users/gregoriomorelli/development/flutter/bin:/Users/gregoriomorelli/Library/Android/sdk/platform-tools:/Users/gregoriomorelli/Library/Android/sdk/cmdline-tools/latest/bin:/Users/gregoriomorelli/Library/Android/sdk/emulator:/Users/gregoriomorelli/.antigravity-ide/antigravity-ide/bin:/Users/gregoriomorelli/.antigravity/antigravity/bin:/Applications/XAMPP/xamppfiles/bin:/Users/gregoriomorelli/develop/flutter/bin:/usr/local/bin:/System/Cryptexes/App/usr/bin:/usr/bin:/bin:/usr/sbin:/sbin:/var/run/com.apple.security.cryptexd/codex.system/bootstrap/usr/local/bin:/var/run/com.apple.security.cryptexd/codex.system/bootstrap/usr/bin:/var/run/com.apple.security.cryptexd/codex.system/bootstrap/usr/appleinternal/bin:/pkg/env/global/bin:/Users/gregoriomorelli/.spicetify
               PATH_PREFIXES_EXCLUDED_FROM_HEADER_DEPENDENCIES = /usr/include /usr/local/include /System/Library/Frameworks /System/Library/PrivateFrameworks /Applications/Xcode.app/Contents/Developer/Headers /Applications/Xcode.app/Contents/Developer/SDKs /Applications/Xcode.app/Contents/Developer/Platforms
               PBDEVELOPMENTPLIST_PATH = FirebaseCore.framework/pbdevelopment.plist
               PER_ARCH_MODULE_FILE_DIR = /Users/gregoriomorelli/Documents/vibra/build/ios/Pods.build/Release-iphonesimulator/FirebaseCore.build/Objects-normal/undefined_arch
               PER_ARCH_OBJECT_FILE_DIR = /Users/gregoriomorelli/Documents/vibra/build/ios/Pods.build/Release-iphonesimulator/FirebaseCore.build/Objects-normal/undefined_arch
               PER_VARIANT_OBJECT_FILE_DIR = /Users/gregoriomorelli/Documents/vibra/build/ios/Pods.build/Release-iphonesimulator/FirebaseCore.build/Objects-normal
               PKGINFO_FILE_PATH = /Users/gregoriomorelli/Documents/vibra/build/ios/Pods.build/Release-iphonesimulator/FirebaseCore.build/PkgInfo
               PKGINFO_PATH = FirebaseCore.framework/PkgInfo
               PLATFORM_DEVELOPER_APPLICATIONS_DIR = /Applications/Xcode.app/Contents/Developer/Platforms/iPhoneSimulator.platform/Developer/Applications
               PLATFORM_DEVELOPER_BIN_DIR = /Applications/Xcode.app/Contents/Developer/Platforms/iPhoneSimulator.platform/Developer/usr/bin
               PLATFORM_DEVELOPER_LIBRARY_DIR = /Applications/Xcode.app/Contents/Developer/Platforms/iPhoneSimulator.platform/Developer/Library
               PLATFORM_DEVELOPER_SDK_DIR = /Applications/Xcode.app/Contents/Developer/Platforms/iPhoneSimulator.platform/Developer/SDKs
               PLATFORM_DEVELOPER_TOOLS_DIR = /Applications/Xcode.app/Contents/Developer/Platforms/iPhoneSimulator.platform/Developer/Tools
               PLATFORM_DEVELOPER_USR_DIR = /Applications/Xcode.app/Contents/Developer/Platforms/iPhoneSimulator.platform/Developer/usr
               PLATFORM_DIR = /Applications/Xcode.app/Contents/Developer/Platforms/iPhoneSimulator.platform
               PLATFORM_DISPLAY_NAME = iOS Simulator
               PLATFORM_FAMILY_NAME = iOS
               PLATFORM_NAME = iphonesimulator
               PLATFORM_PREFERRED_ARCH = x86_64
               PLATFORM_PRODUCT_BUILD_VERSION = 23F73
               PLATFORM_REQUIRES_SWIFT_AUTOLINK_EXTRACT = NO
               PLATFORM_REQUIRES_SWIFT_MODULEWRAP = NO
               PLATFORM_USES_DSYMS = YES
               PLIST_FILE_OUTPUT_FORMAT = binary
               PLUGINS_FOLDER_PATH = FirebaseCore.framework/PlugIns
               PODS_BUILD_DIR = /Users/gregoriomorelli/Documents/vibra/build/ios
               PODS_CONFIGURATION_BUILD_DIR = /Users/gregoriomorelli/Documents/vibra/build/ios/Release-iphonesimulator
               PODS_DEVELOPMENT_LANGUAGE = en
               PODS_ROOT = /Users/gregoriomorelli/Documents/vibra/ios/Pods
               PODS_TARGET_SRCROOT = /Users/gregoriomorelli/Documents/vibra/ios/Pods/FirebaseCore
               PODS_XCFRAMEWORKS_BUILD_DIR = /Users/gregoriomorelli/Documents/vibra/build/ios/Release-iphonesimulator/XCFrameworkIntermediates
               PRECOMPS_INCLUDE_HEADERS_FROM_BUILT_PRODUCTS_DIR = YES
               PRECOMP_DESTINATION_DIR = /Users/gregoriomorelli/Documents/vibra/build/ios/Pods.build/Release-iphonesimulator/FirebaseCore.build/PrefixHeaders
               PRIVATE_HEADERS_FOLDER_PATH = FirebaseCore.framework/PrivateHeaders
               PROCESSED_INFOPLIST_PATH = /Users/gregoriomorelli/Documents/vibra/build/ios/Pods.build/Release-iphonesimulator/FirebaseCore.build/Objects-normal/undefined_arch/Processed-Info.plist
               PRODUCT_BUNDLE_IDENTIFIER = org.cocoapods.FirebaseCore
               PRODUCT_BUNDLE_PACKAGE_TYPE = FMWK
               PRODUCT_MODULE_NAME = FirebaseCore
               PRODUCT_NAME = FirebaseCore
               PRODUCT_SETTINGS_PATH = /Users/gregoriomorelli/Documents/vibra/ios/Pods/Target Support Files/FirebaseCore/FirebaseCore-Info.plist
               PRODUCT_TYPE = com.apple.product-type.framework
               PROFILING_CODE = NO
               PROJECT = Pods
               PROJECT_DERIVED_FILE_DIR = /Users/gregoriomorelli/Documents/vibra/build/ios/Pods.build/DerivedSources
               PROJECT_DIR = /Users/gregoriomorelli/Documents/vibra/ios/Pods
               PROJECT_FILE_PATH = /Users/gregoriomorelli/Documents/vibra/ios/Pods/Pods.xcodeproj
               PROJECT_GUID = bfdfe7dc352907fc980b868725387e98
               PROJECT_NAME = Pods
               PROJECT_TEMP_DIR = /Users/gregoriomorelli/Documents/vibra/build/ios/Pods.build
               PROJECT_TEMP_ROOT = /Users/gregoriomorelli/Documents/vibra/build/ios
               PUBLIC_HEADERS_FOLDER_PATH = FirebaseCore.framework/Headers
               RECOMMENDED_IPHONEOS_DEPLOYMENT_TARGET = 15.0
               RECURSIVE_SEARCH_PATHS_FOLLOW_SYMLINKS = YES
               REMOVE_CVS_FROM_RESOURCES = YES
               REMOVE_GIT_FROM_RESOURCES = YES
               REMOVE_HEADERS_FROM_EMBEDDED_BUNDLES = YES
               REMOVE_HG_FROM_RESOURCES = YES
               REMOVE_STATIC_EXECUTABLES_FROM_EMBEDDED_BUNDLES = YES
               REMOVE_SVN_FROM_RESOURCES = YES
               RESCHEDULE_INDEPENDENT_HEADERS_PHASES = YES
               REZ_COLLECTOR_DIR = /Users/gregoriomorelli/Documents/vibra/build/ios/Pods.build/Release-iphonesimulator/FirebaseCore.build/ResourceManagerResources
               REZ_OBJECTS_DIR = /Users/gregoriomorelli/Documents/vibra/build/ios/Pods.build/Release-iphonesimulator/FirebaseCore.build/ResourceManagerResources/Objects
               REZ_SEARCH_PATHS = /Users/gregoriomorelli/Documents/vibra/build/ios/Release-iphonesimulator/FirebaseCore 
               RPATH_ORIGIN = @loader_path
               RUNTIME_EXCEPTION_ALLOW_DYLD_ENVIRONMENT_VARIABLES = NO
               RUNTIME_EXCEPTION_ALLOW_JIT = NO
               RUNTIME_EXCEPTION_ALLOW_UNSIGNED_EXECUTABLE_MEMORY = NO
               RUNTIME_EXCEPTION_DEBUGGING_TOOL = NO
               RUNTIME_EXCEPTION_DISABLE_EXECUTABLE_PAGE_PROTECTION = NO
               RUNTIME_EXCEPTION_DISABLE_LIBRARY_VALIDATION = NO
               SCANNING_PCM_KEEP_CACHE_DIRECTORY = YES
               SCAN_ALL_SOURCE_FILES_FOR_INCLUDES = NO
               SCRIPTS_FOLDER_PATH = FirebaseCore.framework/Scripts
               SDKROOT = /Applications/Xcode.app/Contents/Developer/Platforms/iPhoneSimulator.platform/Developer/SDKs/iPhoneSimulator26.5.sdk
               SDK_DIR = /Applications/Xcode.app/Contents/Developer/Platforms/iPhoneSimulator.platform/Developer/SDKs/iPhoneSimulator26.5.sdk
               SDK_DIR_iphonesimulator = /Applications/Xcode.app/Contents/Developer/Platforms/iPhoneSimulator.platform/Developer/SDKs/iPhoneSimulator26.5.sdk
               SDK_DIR_iphonesimulator26_5 = /Applications/Xcode.app/Contents/Developer/Platforms/iPhoneSimulator.platform/Developer/SDKs/iPhoneSimulator26.5.sdk
               SDK_NAME = iphonesimulator26.5
               SDK_NAMES = iphonesimulator26.5
               SDK_PRODUCT_BUILD_VERSION = 23F73
               SDK_STAT_CACHE_DIR = /var/folders/pg/x6t89f2n7s7299rcw8hv33180000gn/C/com.apple.DeveloperTools/26.5-17F42/Xcode
               SDK_STAT_CACHE_ENABLE = YES
               SDK_STAT_CACHE_PATH = /var/folders/pg/x6t89f2n7s7299rcw8hv33180000gn/C/com.apple.DeveloperTools/26.5-17F42/Xcode/SDKStatCaches.noindex/iphonesimulator26.5-23F73-6cfe768891a92b912361537c460fe42b.sdkstatcache
               SDK_VERSION = 26.5
               SDK_VERSION_ACTUAL = 260500
               SDK_VERSION_MAJOR = 260000
               SDK_VERSION_MINOR = 260500
               SED = /usr/bin/sed
               SEPARATE_STRIP = NO
               SEPARATE_SYMBOL_EDIT = NO
               SET_DIR_MODE_OWNER_GROUP = YES
               SET_FILE_MODE_OWNER_GROUP = NO
               SHALLOW_BUNDLE = YES
               SHALLOW_BUNDLE_TRIPLE = ios-simulator
               SHALLOW_BUNDLE_ios_macabi = NO
               SHALLOW_BUNDLE_macos = NO
               SHARED_DERIVED_FILE_DIR = /Users/gregoriomorelli/Documents/vibra/build/ios/Release-iphonesimulator/FirebaseCore/DerivedSources
               SHARED_FRAMEWORKS_FOLDER_PATH = FirebaseCore.framework/SharedFrameworks
               SHARED_PRECOMPS_DIR = /Users/gregoriomorelli/Documents/vibra/build/ios/SharedPrecompiledHeaders
               SHARED_SUPPORT_FOLDER_PATH = FirebaseCore.framework
               SKIP_INSTALL = YES
               SKIP_MERGEABLE_LIBRARY_BUNDLE_HOOK = NO
               SOURCE_ROOT = /Users/gregoriomorelli/Documents/vibra/ios/Pods
               SRCROOT = /Users/gregoriomorelli/Documents/vibra/ios/Pods
               STRINGSDATA_DIR = /Users/gregoriomorelli/Documents/vibra/build/ios/Pods.build/Release-iphonesimulator/FirebaseCore.build/Objects-normal/undefined_arch
               STRINGSDATA_ROOT = /Users/gregoriomorelli/Documents/vibra/build/ios/Pods.build/Release-iphonesimulator/FirebaseCore.build
               STRINGS_FILE_INFOPLIST_RENAME = YES
               STRINGS_FILE_OUTPUT_ENCODING = binary
               STRING_CATALOG_GENERATE_SYMBOLS = NO
               STRIP_BITCODE_FROM_COPIED_FILES = NO
               STRIP_INSTALLED_PRODUCT = NO
               STRIP_STYLE = debugging
               STRIP_SWIFT_SYMBOLS = YES
               SUPPORTED_DEVICE_FAMILIES = 1,2
               SUPPORTED_PLATFORMS = iphoneos iphonesimulator
               SUPPORTS_TEXT_BASED_API = NO
               SUPPRESS_WARNINGS = NO
               SWIFT_ACTIVE_COMPILATION_CONDITIONS =  
               SWIFT_COMPILATION_MODE = wholemodule
               SWIFT_EMIT_CONST_VALUE_PROTOCOLS = AnyResolverProviding AppEntity AppEnum AppExtension AppIntent AppIntentsPackage AppShortcutProviding AppShortcutsProvider AppUnionValue AppUnionValueCasesProviding DynamicOptionsProvider EntityQuery ExtensionPointDefining IntentValueQuery Resolver TransientEntity _AssistantIntentsProvider _GenerativeFunctionExtractable _IntentValueRepresentable
               SWIFT_EMIT_LOC_STRINGS = NO
               SWIFT_ENABLE_EXPLICIT_MODULES = YES
               SWIFT_INSTALL_MODULE_FOR_DEPLOYMENT = YES
               SWIFT_INSTALL_OBJC_HEADER = YES
               SWIFT_OPTIMIZATION_LEVEL = -O
               SWIFT_PLATFORM_TARGET_PREFIX = ios
               SWIFT_RESPONSE_FILE_PATH_normal_arm64 = /Users/gregoriomorelli/Documents/vibra/build/ios/Pods.build/Release-iphonesimulator/FirebaseCore.build/Objects-normal/arm64/FirebaseCore.SwiftFileList
               SWIFT_RESPONSE_FILE_PATH_normal_x86_64 = /Users/gregoriomorelli/Documents/vibra/build/ios/Pods.build/Release-iphonesimulator/FirebaseCore.build/Objects-normal/x86_64/FirebaseCore.SwiftFileList
               SWIFT_VERSION = 5.9
               SYMROOT = /Users/gregoriomorelli/Documents/vibra/ios/build
               SYSTEM_ADMIN_APPS_DIR = /Applications/Utilities
               SYSTEM_APPS_DIR = /Applications
               SYSTEM_CORE_SERVICES_DIR = /System/Library/CoreServices
               SYSTEM_DEMOS_DIR = /Applications/Extras
               SYSTEM_DEVELOPER_APPS_DIR = /Applications/Xcode.app/Contents/Developer/Applications
               SYSTEM_DEVELOPER_BIN_DIR = /Applications/Xcode.app/Contents/Developer/usr/bin
               SYSTEM_DEVELOPER_DEMOS_DIR = /Applications/Xcode.app/Contents/Developer/Applications/Utilities/Built Examples
               SYSTEM_DEVELOPER_DIR = /Applications/Xcode.app/Contents/Developer
               SYSTEM_DEVELOPER_DOC_DIR = /Applications/Xcode.app/Contents/Developer/ADC Reference Library
               SYSTEM_DEVELOPER_GRAPHICS_TOOLS_DIR = /Applications/Xcode.app/Contents/Developer/Applications/Graphics Tools
               SYSTEM_DEVELOPER_JAVA_TOOLS_DIR = /Applications/Xcode.app/Contents/Developer/Applications/Java Tools
               SYSTEM_DEVELOPER_PERFORMANCE_TOOLS_DIR = /Applications/Xcode.app/Contents/Developer/Applications/Performance Tools
               SYSTEM_DEVELOPER_RELEASENOTES_DIR = /Applications/Xcode.app/Contents/Developer/ADC Reference Library/releasenotes
               SYSTEM_DEVELOPER_TOOLS = /Applications/Xcode.app/Contents/Developer/Tools
               SYSTEM_DEVELOPER_TOOLS_DOC_DIR = /Applications/Xcode.app/Contents/Developer/ADC Reference Library/documentation/DeveloperTools
               SYSTEM_DEVELOPER_TOOLS_RELEASENOTES_DIR = /Applications/Xcode.app/Contents/Developer/ADC Reference Library/releasenotes/DeveloperTools
               SYSTEM_DEVELOPER_USR_DIR = /Applications/Xcode.app/Contents/Developer/usr
               SYSTEM_DEVELOPER_UTILITIES_DIR = /Applications/Xcode.app/Contents/Developer/Applications/Utilities
               SYSTEM_DEXT_INSTALL_PATH = /System/Library/DriverExtensions
               SYSTEM_DOCUMENTATION_DIR = /Library/Documentation
               SYSTEM_EXTENSIONS_FOLDER_PATH = FirebaseCore.framework/SystemExtensions
               SYSTEM_EXTENSIONS_FOLDER_PATH_SHALLOW_BUNDLE_NO = FirebaseCore.framework/Library/SystemExtensions
               SYSTEM_EXTENSIONS_FOLDER_PATH_SHALLOW_BUNDLE_YES = FirebaseCore.framework/SystemExtensions
               SYSTEM_KEXT_INSTALL_PATH = /System/Library/Extensions
               SYSTEM_LIBRARY_DIR = /System/Library
               TAPI_DEMANGLE = YES
               TAPI_ENABLE_PROJECT_HEADERS = NO
               TAPI_LANGUAGE = objective-c
               TAPI_LANGUAGE_STANDARD = compiler-default
               TAPI_USE_SRCROOT = YES
               TAPI_VERIFY_MODE = Pedantic
               TARGETED_DEVICE_FAMILY = 1,2
               TARGETNAME = FirebaseCore
               TARGET_BUILD_DIR = /Users/gregoriomorelli/Documents/vibra/build/ios/Release-iphonesimulator/FirebaseCore
               TARGET_NAME = FirebaseCore
               TARGET_TEMP_DIR = /Users/gregoriomorelli/Documents/vibra/build/ios/Pods.build/Release-iphonesimulator/FirebaseCore.build
               TEMP_DIR = /Users/gregoriomorelli/Documents/vibra/build/ios/Pods.build/Release-iphonesimulator/FirebaseCore.build
               TEMP_FILES_DIR = /Users/gregoriomorelli/Documents/vibra/build/ios/Pods.build/Release-iphonesimulator/FirebaseCore.build
               TEMP_FILE_DIR = /Users/gregoriomorelli/Documents/vibra/build/ios/Pods.build/Release-iphonesimulator/FirebaseCore.build
               TEMP_ROOT = /Users/gregoriomorelli/Documents/vibra/build/ios
               TEMP_SANDBOX_DIR = /Users/gregoriomorelli/Documents/vibra/build/ios/TemporaryTaskSandboxes
               TEST_FRAMEWORK_SEARCH_PATHS =  /Applications/Xcode.app/Contents/Developer/Platforms/iPhoneSimulator.platform/Developer/Library/Frameworks /Applications/Xcode.app/Contents/Developer/Platforms/iPhoneSimulator.platform/Developer/SDKs/iPhoneSimulator26.5.sdk/Developer/Library/Frameworks
               TEST_LIBRARY_SEARCH_PATHS =  /Applications/Xcode.app/Contents/Developer/Platforms/iPhoneSimulator.platform/Developer/usr/lib
               TOOLCHAINS = com.apple.dt.toolchain.XcodeDefault
               TOOLCHAIN_DIR = /Applications/Xcode.app/Contents/Developer/Toolchains/XcodeDefault.xctoolchain
               TREAT_MISSING_BASELINES_AS_TEST_FAILURES = NO
               TREAT_MISSING_SCRIPT_PHASE_OUTPUTS_AS_ERRORS = NO
               TVOS_DEPLOYMENT_TARGET = 26.5
               UID = 501
               UNINSTALLED_PRODUCTS_DIR = /Users/gregoriomorelli/Documents/vibra/build/ios/UninstalledProducts
               UNLOCALIZED_RESOURCES_FOLDER_PATH = FirebaseCore.framework
               UNLOCALIZED_RESOURCES_FOLDER_PATH_SHALLOW_BUNDLE_NO = FirebaseCore.framework/Resources
               UNLOCALIZED_RESOURCES_FOLDER_PATH_SHALLOW_BUNDLE_YES = FirebaseCore.framework
               UNSTRIPPED_PRODUCT = NO
               USER = gregoriomorelli
               USER_APPS_DIR = /Users/gregoriomorelli/Applications
               USER_LIBRARY_DIR = /Users/gregoriomorelli/Library
               USE_DYNAMIC_NO_PIC = YES
               USE_HEADERMAP = YES
               USE_HEADER_SYMLINKS = NO
               USE_RECURSIVE_SCRIPT_INPUTS_IN_SCRIPT_PHASES = YES
               VALIDATE_DEVELOPMENT_ASSET_PATHS = YES_ERROR
               VALIDATE_PRODUCT = YES
               VALID_ARCHS = arm64 x86_64
               VERBOSE_PBXCP = NO
               VERSIONING_SYSTEM = apple-generic
               VERSIONPLIST_PATH = FirebaseCore.framework/version.plist
               VERSIONS_FOLDER_PATH = FirebaseCore.framework
               VERSIONS_FOLDER_PATH_SHALLOW_BUNDLE_NO = FirebaseCore.framework/Versions
               VERSIONS_FOLDER_PATH_SHALLOW_BUNDLE_YES = FirebaseCore.framework
               VERSION_INFO_BUILDER = gregoriomorelli
               VERSION_INFO_FILE = FirebaseCore_vers.c
               VERSION_INFO_STRING = "@(#)PROGRAM:FirebaseCore  PROJECT:Pods-1"
               WATCHOS_DEPLOYMENT_TARGET = 26.5
               WORKSPACE_DIR = /Users/gregoriomorelli/Documents/vibra/ios/Pods/Pods.xcodeproj
               WRAPPER_EXTENSION = framework
               WRAPPER_NAME = FirebaseCore.framework
               WRAPPER_SUFFIX = .framework
               WRAP_ASSET_PACKS_IN_SEPARATE_DIRECTORIES = NO
               XCODE_APP_SUPPORT_DIR = /Applications/Xcode.app/Contents/Developer/Library/Xcode
               XCODE_PRODUCT_BUILD_VERSION = 17F42
               XCODE_VERSION_ACTUAL = 2650
               XCODE_VERSION_MAJOR = 2600
               XCODE_VERSION_MINOR = 2650
               XPCSERVICES_FOLDER_PATH = FirebaseCore.framework/XPCServices
               XROS_DEPLOYMENT_TARGET = 26.5
               YACC = yacc
               _DISCOVER_COMMAND_LINE_LINKER_INPUTS = YES
               _DISCOVER_COMMAND_LINE_LINKER_INPUTS_INCLUDE_WL = YES
               _LD_MULTIARCH = YES
               _WRAPPER_CONTENTS_DIR_SHALLOW_BUNDLE_NO = /Contents
               _WRAPPER_PARENT_PATH_SHALLOW_BUNDLE_NO = /..
               _WRAPPER_RESOURCES_DIR_SHALLOW_BUNDLE_NO = /Resources
               __DIAGNOSE_DEPRECATED_ARCHS = YES
               __ORIGINAL_SDK_DEFINED_LLVM_TARGET_TRIPLE_SYS = ios
               arch = undefined_arch
               variant = normal

           Build settings for action build and target FirebaseCore-FirebaseCore_Privacy:
               ACTION = build
               AD_HOC_CODE_SIGNING_ALLOWED = YES
               ALLOW_BUILD_REQUEST_OVERRIDES = NO
               ALLOW_TARGET_PLATFORM_SPECIALIZATION = NO
               ALTERNATE_GROUP = staff
               ALTERNATE_MODE = u+w,go-w,a+rX
               ALTERNATE_OWNER = gregoriomorelli
               ALTERNATIVE_DISTRIBUTION_WEB = NO
               ALWAYS_EMBED_SWIFT_STANDARD_LIBRARIES = NO
               ALWAYS_SEARCH_USER_PATHS = NO
               ALWAYS_USE_SEPARATE_HEADERMAPS = NO
               APPLICATION_EXTENSION_API_ONLY = NO
               APPLY_RULES_IN_COPY_FILES = NO
               APPLY_RULES_IN_COPY_HEADERS = NO
               APP_SHORTCUTS_ENABLE_FLEXIBLE_MATCHING = YES
               ARCHS = arm64 x86_64
               ARCHS_BASE = arm64 x86_64
               ARCHS_STANDARD = arm64 x86_64
               ARCHS_STANDARD_32_64_BIT = arm64 x86_64
               ARCHS_STANDARD_64_BIT = arm64 x86_64
               ARCHS_STANDARD_INCLUDING_64_BIT = arm64 x86_64
               ARCHS_UNIVERSAL_IPHONE_OS = arm64 x86_64
               AUTOMATICALLY_MERGE_DEPENDENCIES = NO
               AUTOMATION_APPLE_EVENTS = NO
               AVAILABLE_PLATFORMS = android appletvos appletvsimulator driverkit freebsd iphoneos iphonesimulator linux macosx none openbsd qnx watchos watchsimulator webassembly xros xrsimulator
               BUILD_ACTIVE_RESOURCES_ONLY = NO
               BUILD_COMPONENTS = headers build
               BUILD_DIR = /Users/gregoriomorelli/Documents/vibra/build/ios
               BUILD_LIBRARY_FOR_DISTRIBUTION = NO
               BUILD_ONLY_KNOWN_LOCALIZATIONS = NO
               BUILD_ROOT = /Users/gregoriomorelli/Documents/vibra/ios/build
               BUILD_STYLE = 
               BUILD_VARIANTS = normal
               BUILT_PRODUCTS_DIR = /Users/gregoriomorelli/Documents/vibra/build/ios/Release-iphonesimulator/FirebaseCore
               BUNDLE_CONTENTS_FOLDER_PATH_deep = Contents/
               BUNDLE_EXECUTABLE_FOLDER_NAME_deep = MacOS
               BUNDLE_EXTENSIONS_FOLDER_PATH = Extensions
               BUNDLE_FORMAT = shallow
               BUNDLE_FRAMEWORKS_FOLDER_PATH = Frameworks
               BUNDLE_PLUGINS_FOLDER_PATH = PlugIns
               BUNDLE_PRIVATE_HEADERS_FOLDER_PATH = PrivateHeaders
               BUNDLE_PUBLIC_HEADERS_FOLDER_PATH = Headers
               CACHE_ROOT = /var/folders/pg/x6t89f2n7s7299rcw8hv33180000gn/C/com.apple.DeveloperTools/26.5-17F42/Xcode
               CCHROOT = /var/folders/pg/x6t89f2n7s7299rcw8hv33180000gn/C/com.apple.DeveloperTools/26.5-17F42/Xcode
               CHMOD = /bin/chmod
               CHOWN = chown
               CLANG_ANALYZER_LOCALIZABILITY_NONLOCALIZED = YES
               CLANG_ANALYZER_NONNULL = YES
               CLANG_ANALYZER_NUMBER_OBJECT_CONVERSION = YES_AGGRESSIVE
               CLANG_CACHE_FINE_GRAINED_OUTPUTS = YES
               CLANG_CXX_LANGUAGE_STANDARD = gnu++14
               CLANG_CXX_LIBRARY = libc++
               CLANG_ENABLE_EXPLICIT_MODULES = YES
               CLANG_ENABLE_MODULES = YES
               CLANG_ENABLE_OBJC_ARC = YES
               CLANG_ENABLE_OBJC_WEAK = YES
               CLANG_MODULES_BUILD_SESSION_FILE = /var/folders/pg/x6t89f2n7s7299rcw8hv33180000gn/C/org.llvm.clang/ModuleCache.noindex/Session.modulevalidation
               CLANG_WARN_BLOCK_CAPTURE_AUTORELEASING = YES
               CLANG_WARN_BOOL_CONVERSION = YES
               CLANG_WARN_COMMA = YES
               CLANG_WARN_CONSTANT_CONVERSION = YES
               CLANG_WARN_DEPRECATED_OBJC_IMPLEMENTATIONS = YES
               CLANG_WARN_DIRECT_OBJC_ISA_USAGE = YES_ERROR
               CLANG_WARN_DOCUMENTATION_COMMENTS = YES
               CLANG_WARN_EMPTY_BODY = YES
               CLANG_WARN_ENUM_CONVERSION = YES
               CLANG_WARN_INFINITE_RECURSION = YES
               CLANG_WARN_INT_CONVERSION = YES
               CLANG_WARN_NON_LITERAL_NULL_CONVERSION = YES
               CLANG_WARN_OBJC_IMPLICIT_RETAIN_SELF = YES
               CLANG_WARN_OBJC_LITERAL_CONVERSION = YES
               CLANG_WARN_OBJC_ROOT_CLASS = YES_ERROR
               CLANG_WARN_QUOTED_INCLUDE_IN_FRAMEWORK_HEADER = NO
               CLANG_WARN_RANGE_LOOP_ANALYSIS = YES
               CLANG_WARN_STRICT_PROTOTYPES = YES
               CLANG_WARN_SUSPICIOUS_MOVE = YES
               CLANG_WARN_UNGUARDED_AVAILABILITY = YES_AGGRESSIVE
               CLANG_WARN_UNREACHABLE_CODE = YES
               CLANG_WARN__DUPLICATE_METHOD_MATCH = YES
               CLASS_FILE_DIR = /Users/gregoriomorelli/Documents/vibra/build/ios/Pods.build/Release-iphonesimulator/FirebaseCore-FirebaseCore_Privacy.build/JavaClasses
               CLEAN_PRECOMPS = YES
               CLONE_HEADERS = NO
               CODESIGNING_FOLDER_PATH = /Users/gregoriomorelli/Documents/vibra/build/ios/Release-iphonesimulator/FirebaseCore/FirebaseCore_Privacy.bundle
               CODE_SIGNING_ALLOWED = NO
               CODE_SIGNING_IDENTITY = -
               CODE_SIGNING_REQUIRED = NO
               CODE_SIGN_CONTEXT_CLASS = XCiPhoneSimulatorCodeSignContext
               CODE_SIGN_IDENTITY = -
               CODE_SIGN_INJECT_BASE_ENTITLEMENTS = YES
               COLOR_DIAGNOSTICS = NO
               COMBINE_HIDPI_IMAGES = NO
               COMPILATION_CACHE_CAS_PATH = /var/folders/pg/x6t89f2n7s7299rcw8hv33180000gn/C/com.apple.DeveloperTools/26.5-17F42/Xcode/CompilationCache.noindex
               COMPILATION_CACHE_KEEP_CAS_DIRECTORY = YES
               COMPILER_INDEX_STORE_ENABLE = Default
               COMPOSITE_SDK_DIRS = /Users/gregoriomorelli/Documents/vibra/build/ios/CompositeSDKs
               COMPRESS_PNG_FILES = YES
               CONFIGURATION = Release
               CONFIGURATION_BUILD_DIR = /Users/gregoriomorelli/Documents/vibra/build/ios/Release-iphonesimulator/FirebaseCore
               CONFIGURATION_TEMP_DIR = /Users/gregoriomorelli/Documents/vibra/build/ios/Pods.build/Release-iphonesimulator
               CONTENTS_FOLDER_PATH = FirebaseCore_Privacy.bundle
               CONTENTS_FOLDER_PATH_SHALLOW_BUNDLE_NO = FirebaseCore_Privacy.bundle/Contents
               CONTENTS_FOLDER_PATH_SHALLOW_BUNDLE_YES = FirebaseCore_Privacy.bundle
               COPYING_PRESERVES_HFS_DATA = NO
               COPY_HEADERS_RUN_UNIFDEF = NO
               COPY_PHASE_STRIP = NO
               CORRESPONDING_DEVICE_PLATFORM_DIR = /Applications/Xcode.app/Contents/Developer/Platforms/iPhoneOS.platform
               CORRESPONDING_DEVICE_PLATFORM_NAME = iphoneos
               CORRESPONDING_DEVICE_SDK_DIR = /Applications/Xcode.app/Contents/Developer/Platforms/iPhoneOS.platform/Developer/SDKs/iPhoneOS26.5.sdk
               CORRESPONDING_DEVICE_SDK_NAME = iphoneos26.5
               CP = /bin/cp
               CREATE_INFOPLIST_SECTION_IN_BINARY = NO
               CURRENT_ARCH = undefined_arch
               CURRENT_VARIANT = normal
               DEAD_CODE_STRIPPING = YES
               DEBUGGING_SYMBOLS = YES
               DEBUG_INFORMATION_FORMAT = dwarf-with-dsym
               DEBUG_INFORMATION_VERSION = compiler-default
               DEFAULT_COMPILER = com.apple.compilers.llvm.clang.1_0
               DEFAULT_DEXT_INSTALL_PATH = /System/Library/DriverExtensions
               DEFAULT_KEXT_INSTALL_PATH = /System/Library/Extensions
               DEFINES_MODULE = NO
               DEPLOYMENT_LOCATION = NO
               DEPLOYMENT_POSTPROCESSING = NO
               DEPLOYMENT_TARGET_SETTING_NAME = IPHONEOS_DEPLOYMENT_TARGET
               DEPLOYMENT_TARGET_SUGGESTED_VALUES = 12.0 12.1 12.2 12.3 12.4 13.0 13.1 13.2 13.3 13.4 13.5 13.6 14.0 14.1 14.2 14.3 14.4 14.5 14.6 14.7 15.0 15.1 15.2 15.3 15.4 15.5 15.6 16.0 16.1 16.2 16.3 16.4 16.5 16.6 17.0 17.1 17.2 17.3 17.4 17.5 17.6 18.0 18.1 18.2 18.3 18.4 18.5 18.6 26.0 26.2 26.3 26.4 26.5
               DERIVED_FILES_DIR = /Users/gregoriomorelli/Documents/vibra/build/ios/Pods.build/Release-iphonesimulator/FirebaseCore-FirebaseCore_Privacy.build/DerivedSources
               DERIVED_FILE_DIR = /Users/gregoriomorelli/Documents/vibra/build/ios/Pods.build/Release-iphonesimulator/FirebaseCore-FirebaseCore_Privacy.build/DerivedSources
               DERIVED_SOURCES_DIR = /Users/gregoriomorelli/Documents/vibra/build/ios/Pods.build/Release-iphonesimulator/FirebaseCore-FirebaseCore_Privacy.build/DerivedSources
               DEVELOPER_APPLICATIONS_DIR = /Applications/Xcode.app/Contents/Developer/Applications
               DEVELOPER_BIN_DIR = /Applications/Xcode.app/Contents/Developer/usr/bin
               DEVELOPER_DIR = /Applications/Xcode.app/Contents/Developer
               DEVELOPER_FRAMEWORKS_DIR = /Applications/Xcode.app/Contents/Developer/Library/Frameworks
               DEVELOPER_FRAMEWORKS_DIR_QUOTED = /Applications/Xcode.app/Contents/Developer/Library/Frameworks
               DEVELOPER_LIBRARY_DIR = /Applications/Xcode.app/Contents/Developer/Library
               DEVELOPER_SDK_DIR = /Applications/Xcode.app/Contents/Developer/Platforms/MacOSX.platform/Developer/SDKs
               DEVELOPER_TOOLS_DIR = /Applications/Xcode.app/Contents/Developer/Tools
               DEVELOPER_USR_DIR = /Applications/Xcode.app/Contents/Developer/usr
               DEVELOPMENT_LANGUAGE = en
               DIAGNOSE_MISSING_TARGET_DEPENDENCIES = YES
               DIFF = /usr/bin/diff
               DOCUMENTATION_FOLDER_PATH = FirebaseCore_Privacy.bundle/en.lproj/Documentation
               DONT_GENERATE_INFOPLIST_FILE = NO
               DRIVERKIT_DEPLOYMENT_TARGET = 25.5
               DSTROOT = /tmp/Pods.dst
               DT_TOOLCHAIN_DIR = /Applications/Xcode.app/Contents/Developer/Toolchains/XcodeDefault.xctoolchain
               DUMP_DEPENDENCIES = NO
               DUMP_DEPENDENCIES_OUTPUT_PATH = /Users/gregoriomorelli/Documents/vibra/build/ios/Pods.build/Release-iphonesimulator/FirebaseCore-FirebaseCore_Privacy.build/FirebaseCore-FirebaseCore_Privacy-BuildDependencyInfo.json
               DWARF_DSYM_FILE_NAME = FirebaseCore_Privacy.bundle.dSYM
               DWARF_DSYM_FILE_SHOULD_ACCOMPANY_PRODUCT = NO
               DWARF_DSYM_FOLDER_PATH = /Users/gregoriomorelli/Documents/vibra/build/ios/Release-iphonesimulator/FirebaseCore
               DYNAMIC_LIBRARY_EXTENSION = dylib
               EAGER_COMPILATION_ALLOW_SCRIPTS = NO
               EAGER_LINKING = NO
               EFFECTIVE_PLATFORM_NAME = -iphonesimulator
               EFFECTIVE_SWIFT_VERSION = 5
               EMBEDDED_CONTENT_CONTAINS_SWIFT = NO
               EMBED_ASSET_PACKS_IN_PRODUCT_BUNDLE = NO
               ENABLE_APP_SANDBOX = NO
               ENABLE_CODE_COVERAGE = YES
               ENABLE_COHORT_ARCHS = NO
               ENABLE_CPLUSPLUS_BOUNDS_SAFE_BUFFERS = NO
               ENABLE_C_BOUNDS_SAFETY = NO
               ENABLE_DEFAULT_HEADER_SEARCH_PATHS = YES
               ENABLE_DEFAULT_SEARCH_PATHS = YES
               ENABLE_ENHANCED_SECURITY = NO
               ENABLE_HARDENED_RUNTIME = NO
               ENABLE_HEADER_DEPENDENCIES = YES
               ENABLE_INCOMING_NETWORK_CONNECTIONS = NO
               ENABLE_NS_ASSERTIONS = NO
               ENABLE_ON_DEMAND_RESOURCES = NO
               ENABLE_OUTGOING_NETWORK_CONNECTIONS = NO
               ENABLE_POINTER_AUTHENTICATION = NO
               ENABLE_RESOURCE_ACCESS_AUDIO_INPUT = NO
               ENABLE_RESOURCE_ACCESS_BLUETOOTH = NO
               ENABLE_RESOURCE_ACCESS_CALENDARS = NO
               ENABLE_RESOURCE_ACCESS_CAMERA = NO
               ENABLE_RESOURCE_ACCESS_CONTACTS = NO
               ENABLE_RESOURCE_ACCESS_LOCATION = NO
               ENABLE_RESOURCE_ACCESS_PHOTO_LIBRARY = NO
               ENABLE_RESOURCE_ACCESS_PRINTING = NO
               ENABLE_RESOURCE_ACCESS_USB = NO
               ENABLE_SDK_IMPORTS = NO
               ENABLE_SECURITY_COMPILER_WARNINGS = NO
               ENABLE_STRICT_OBJC_MSGSEND = YES
               ENABLE_TESTABILITY = NO
               ENABLE_TESTING_SEARCH_PATHS = NO
               ENABLE_USER_SCRIPT_SANDBOXING = NO
               ENFORCE_VALID_ARCHS = YES
               ENTITLEMENTS_DESTINATION = __entitlements
               ENTITLEMENTS_REQUIRED = NO
               EXCLUDED_INSTALLSRC_SUBDIRECTORY_PATTERNS = .DS_Store .svn .git .hg CVS
               EXCLUDED_RECURSIVE_SEARCH_PATH_SUBDIRECTORIES = *.nib *.lproj *.framework *.gch *.xcode* *.xcassets *.icon (*) .DS_Store CVS .svn .git .hg *.pbproj *.pbxproj
               EXECUTABLES_FOLDER_PATH = FirebaseCore_Privacy.bundle/Executables
               EXECUTABLE_FOLDER_PATH = FirebaseCore_Privacy.bundle
               EXECUTABLE_FOLDER_PATH_SHALLOW_BUNDLE_NO = FirebaseCore_Privacy.bundle/MacOS
               EXECUTABLE_FOLDER_PATH_SHALLOW_BUNDLE_YES = FirebaseCore_Privacy.bundle
               EXECUTABLE_NAME = FirebaseCore_Privacy
               EXECUTABLE_PATH = FirebaseCore_Privacy.bundle/FirebaseCore_Privacy
               EXPANDED_CODE_SIGN_IDENTITY = -
               EXTENSIONS_FOLDER_PATH = FirebaseCore_Privacy.bundle/Extensions
               FILE_LIST = /Users/gregoriomorelli/Documents/vibra/build/ios/Pods.build/Release-iphonesimulator/FirebaseCore-FirebaseCore_Privacy.build/Objects/LinkFileList
               FIXED_FILES_DIR = /Users/gregoriomorelli/Documents/vibra/build/ios/Pods.build/Release-iphonesimulator/FirebaseCore-FirebaseCore_Privacy.build/FixedFiles
               FRAMEWORKS_FOLDER_PATH = FirebaseCore_Privacy.bundle/Frameworks
               FRAMEWORK_FLAG_PREFIX = -framework
               FRAMEWORK_SEARCH_PATHS = /Users/gregoriomorelli/Documents/vibra/build/ios/Release-iphonesimulator/FirebaseCore  "/Users/gregoriomorelli/Documents/vibra/build/ios/Release-iphonesimulator/FirebaseCoreInternal" "/Users/gregoriomorelli/Documents/vibra/build/ios/Release-iphonesimulator/GoogleUtilities"
               FRAMEWORK_VERSION = A
               FULL_PRODUCT_NAME = FirebaseCore_Privacy.bundle
               FUSE_BUILD_PHASES = YES
               FUSE_BUILD_SCRIPT_PHASES = NO
               GCC3_VERSION = 3.3
               GCC_C_LANGUAGE_STANDARD = gnu11
               GCC_INLINES_ARE_PRIVATE_EXTERN = YES
               GCC_NO_COMMON_BLOCKS = YES
               GCC_OBJC_LEGACY_DISPATCH = YES
               GCC_PFE_FILE_C_DIALECTS = c objective-c c++ objective-c++
               GCC_PREPROCESSOR_DEFINITIONS = POD_CONFIGURATION_RELEASE=1  COCOAPODS=1 Firebase_VERSION=11.15.0
               GCC_TREAT_WARNINGS_AS_ERRORS = NO
               GCC_VERSION = com.apple.compilers.llvm.clang.1_0
               GCC_VERSION_IDENTIFIER = com_apple_compilers_llvm_clang_1_0
               GCC_WARN_64_TO_32_BIT_CONVERSION = YES
               GCC_WARN_ABOUT_RETURN_TYPE = YES_ERROR
               GCC_WARN_UNDECLARED_SELECTOR = YES
               GCC_WARN_UNINITIALIZED_AUTOS = YES_AGGRESSIVE
               GCC_WARN_UNUSED_FUNCTION = YES
               GCC_WARN_UNUSED_VARIABLE = YES
               GENERATED_MODULEMAP_DIR = /Users/gregoriomorelli/Documents/vibra/build/ios/GeneratedModuleMaps-iphonesimulator
               GENERATE_INFOPLIST_FILE = NO
               GENERATE_INTERMEDIATE_TEXT_BASED_STUBS = YES
               GENERATE_PKGINFO_FILE = NO
               GENERATE_PRELINK_OBJECT_FILE = NO
               GENERATE_PROFILING_CODE = NO
               GENERATE_TEXT_BASED_STUBS = NO
               GID = 20
               GROUP = staff
               HEADERMAP_INCLUDES_FLAT_ENTRIES_FOR_TARGET_BEING_BUILT = YES
               HEADERMAP_INCLUDES_FRAMEWORK_ENTRIES_FOR_ALL_PRODUCT_TYPES = YES
               HEADERMAP_INCLUDES_FRAMEWORK_ENTRIES_FOR_TARGETS_NOT_BEING_BUILT = YES
               HEADERMAP_INCLUDES_NONPUBLIC_NONPRIVATE_HEADERS = YES
               HEADERMAP_INCLUDES_PROJECT_HEADERS = YES
               HEADERMAP_USES_FRAMEWORK_PREFIX_ENTRIES = YES
               HEADERMAP_USES_VFS = NO
               HEADER_SEARCH_PATHS = /Users/gregoriomorelli/Documents/vibra/build/ios/Release-iphonesimulator/FirebaseCore/include  "/Users/gregoriomorelli/Documents/vibra/ios/Pods/FirebaseCore"
               HOME = /Users/gregoriomorelli
               HOST_ARCH = arm64
               HOST_PLATFORM = macosx
               IBSC_MODULE = FirebaseCore
               ICONV = /usr/bin/iconv
               IMPLICIT_DEPENDENCY_DOMAIN = default
               INDEX_STORE_COMPRESS = NO
               INDEX_STORE_ONLY_PROJECT_FILES = NO
               INFOPLIST_ENABLE_CFBUNDLEICONS_MERGE = YES
               INFOPLIST_EXPAND_BUILD_SETTINGS = YES
               INFOPLIST_FILE = Target Support Files/FirebaseCore/ResourceBundle-FirebaseCore_Privacy-FirebaseCore-Info.plist
               INFOPLIST_OUTPUT_FORMAT = binary
               INFOPLIST_PATH = FirebaseCore_Privacy.bundle/Info.plist
               INFOPLIST_PREPROCESS = NO
               INFOSTRINGS_PATH = FirebaseCore_Privacy.bundle/en.lproj/InfoPlist.strings
               INLINE_PRIVATE_FRAMEWORKS = NO
               INSTALLAPI_IGNORE_SKIP_INSTALL = YES
               INSTALLHDRS_COPY_PHASE = NO
               INSTALLHDRS_SCRIPT_PHASE = NO
               INSTALL_DIR = /tmp/Pods.dst
               INSTALL_GROUP = staff
               INSTALL_MODE_FLAG = u+w,go-w,a+rX
               INSTALL_OWNER = gregoriomorelli
               INSTALL_ROOT = /tmp/Pods.dst
               IPHONEOS_DEPLOYMENT_TARGET = 12.0
               IS_UNOPTIMIZED_BUILD = NO
               JAVAC_DEFAULT_FLAGS = -J-Xms64m -J-XX:NewSize=4M -J-Dfile.encoding=UTF8
               JAVA_APP_STUB = /System/Library/Frameworks/JavaVM.framework/Resources/MacOS/JavaApplicationStub
               JAVA_ARCHIVE_CLASSES = YES
               JAVA_ARCHIVE_TYPE = JAR
               JAVA_COMPILER = /usr/bin/javac
               JAVA_FOLDER_PATH = FirebaseCore_Privacy.bundle/Java
               JAVA_FRAMEWORK_RESOURCES_DIRS = Resources
               JAVA_JAR_FLAGS = cv
               JAVA_SOURCE_SUBDIR = .
               JAVA_USE_DEPENDENCIES = YES
               JAVA_ZIP_FLAGS = -urg
               JIKES_DEFAULT_FLAGS = +E +OLDCSO
               KEEP_PRIVATE_EXTERNS = NO
               LD_DEPENDENCY_INFO_FILE = /Users/gregoriomorelli/Documents/vibra/build/ios/Pods.build/Release-iphonesimulator/FirebaseCore-FirebaseCore_Privacy.build/Objects-normal/undefined_arch/FirebaseCore_Privacy_dependency_info.dat
               LD_EXPORT_SYMBOLS = YES
               LD_GENERATE_MAP_FILE = NO
               LD_MAP_FILE_PATH = /Users/gregoriomorelli/Documents/vibra/build/ios/Pods.build/Release-iphonesimulator/FirebaseCore-FirebaseCore_Privacy.build/FirebaseCore_Privacy-LinkMap-normal-undefined_arch.txt
               LD_NO_PIE = NO
               LD_QUOTE_LINKER_ARGUMENTS_FOR_COMPILER_DRIVER = YES
               LD_SHARED_CACHE_ELIGIBLE = Automatic
               LD_WARN_DUPLICATE_LIBRARIES = NO
               LD_WARN_UNUSED_DYLIBS = NO
               LEGACY_DEVELOPER_DIR = /Applications/Xcode.app/Contents/PlugIns/Xcode3Core.ideplugin/Contents/SharedSupport/Developer
               LEX = lex
               LIBRARY_DEXT_INSTALL_PATH = /Library/DriverExtensions
               LIBRARY_FLAG_NOSPACE = YES
               LIBRARY_FLAG_PREFIX = -l
               LIBRARY_KEXT_INSTALL_PATH = /Library/Extensions
               LIBRARY_SEARCH_PATHS = /Users/gregoriomorelli/Documents/vibra/build/ios/Release-iphonesimulator/FirebaseCore 
               LINKER_DISPLAYS_MANGLED_NAMES = NO
               LINK_FILE_LIST_normal_arm64 = /Users/gregoriomorelli/Documents/vibra/build/ios/Pods.build/Release-iphonesimulator/FirebaseCore-FirebaseCore_Privacy.build/Objects-normal/arm64/FirebaseCore_Privacy.LinkFileList
               LINK_FILE_LIST_normal_x86_64 = /Users/gregoriomorelli/Documents/vibra/build/ios/Pods.build/Release-iphonesimulator/FirebaseCore-FirebaseCore_Privacy.build/Objects-normal/x86_64/FirebaseCore_Privacy.LinkFileList
               LINK_OBJC_RUNTIME = YES
               LINK_WITH_STANDARD_LIBRARIES = YES
               LLVM_TARGET_TRIPLE_OS_VERSION = ios12.0
               LLVM_TARGET_TRIPLE_SUFFIX = -simulator
               LLVM_TARGET_TRIPLE_VENDOR = apple
               LM_AUX_CONST_METADATA_LIST_PATH_normal_arm64 = /Users/gregoriomorelli/Documents/vibra/build/ios/Pods.build/Release-iphonesimulator/FirebaseCore-FirebaseCore_Privacy.build/Objects-normal/arm64/FirebaseCore_Privacy.SwiftConstValuesFileList
               LM_AUX_CONST_METADATA_LIST_PATH_normal_x86_64 = /Users/gregoriomorelli/Documents/vibra/build/ios/Pods.build/Release-iphonesimulator/FirebaseCore-FirebaseCore_Privacy.build/Objects-normal/x86_64/FirebaseCore_Privacy.SwiftConstValuesFileList
               LOCALIZATION_EXPORT_SUPPORTED = YES
               LOCALIZATION_PREFERS_STRING_CATALOGS = NO
               LOCALIZED_RESOURCES_FOLDER_PATH = FirebaseCore_Privacy.bundle/en.lproj
               LOCALIZED_STRING_CODE_COMMENTS = NO
               LOCALIZED_STRING_MACRO_NAMES = NSLocalizedString CFCopyLocalizedString
               LOCALIZED_STRING_SWIFTUI_SUPPORT = YES
               LOCAL_ADMIN_APPS_DIR = /Applications/Utilities
               LOCAL_APPS_DIR = /Applications
               LOCAL_DEVELOPER_DIR = /Library/Developer
               LOCAL_LIBRARY_DIR = /Library
               LOCROOT = /Users/gregoriomorelli/Documents/vibra/ios/Pods
               LOCSYMROOT = /Users/gregoriomorelli/Documents/vibra/ios/Pods
               MACH_O_TYPE = mh_bundle
               MACOSX_DEPLOYMENT_TARGET = 26.5
               MAC_OS_X_PRODUCT_BUILD_VERSION = 25F84
               MAC_OS_X_VERSION_ACTUAL = 260502
               MAC_OS_X_VERSION_MAJOR = 260000
               MAC_OS_X_VERSION_MINOR = 260500
               MAKE_MERGEABLE = NO
               MERGEABLE_LIBRARY = NO
               MERGED_BINARY_TYPE = none
               MERGE_LINKED_LIBRARIES = NO
               METAL_LIBRARY_FILE_BASE = default
               METAL_LIBRARY_OUTPUT_DIR = /Users/gregoriomorelli/Documents/vibra/build/ios/Release-iphonesimulator/FirebaseCore/FirebaseCore_Privacy.bundle
               MODULES_FOLDER_PATH = FirebaseCore_Privacy.bundle/Modules
               MTL_ENABLE_DEBUG_INFO = NO
               MTL_FAST_MATH = YES
               NATIVE_ARCH = arm64
               NATIVE_ARCH_32_BIT = arm
               NATIVE_ARCH_64_BIT = arm64
               NATIVE_ARCH_ACTUAL = arm64
               NO_COMMON = YES
               OBJC_ABI_VERSION = 2
               OBJECT_FILE_DIR = /Users/gregoriomorelli/Documents/vibra/build/ios/Pods.build/Release-iphonesimulator/FirebaseCore-FirebaseCore_Privacy.build/Objects
               OBJECT_FILE_DIR_normal = /Users/gregoriomorelli/Documents/vibra/build/ios/Pods.build/Release-iphonesimulator/FirebaseCore-FirebaseCore_Privacy.build/Objects-normal
               OBJROOT = /Users/gregoriomorelli/Documents/vibra/build/ios
               ONLY_ACTIVE_ARCH = NO
               OS = MACOS
               OSAC = /usr/bin/osacompile
               OTHER_CFLAGS =  -fno-autolink
               OTHER_CPLUSPLUSFLAGS =  -fno-autolink
               OTHER_LDFLAGS =  -framework "FirebaseCoreInternal" -framework "Foundation" -framework "GoogleUtilities" -framework "Security" -framework "SystemConfiguration" -framework "UIKit"
               PACKAGE_TYPE = com.apple.package-type.wrapper
               PASCAL_STRINGS = YES
               PATH = /Applications/Xcode.app/Contents/SharedFrameworks/SwiftBuild.framework/Versions/A/PlugIns/SWBBuildService.bundle/Contents/PlugIns/SWBUniversalPlatformPlugin.bundle/Contents/Frameworks/SWBUniversalPlatform.framework/Resources:/Applications/Xcode.app/Contents/Developer/Toolchains/XcodeDefault.xctoolchain/usr/bin:/Applications/Xcode.app/Contents/Developer/Toolchains/XcodeDefault.xctoolchain/usr/local/bin:/Applications/Xcode.app/Contents/Developer/Toolchains/XcodeDefault.xctoolchain/usr/libexec:/Applications/Xcode.app/Contents/Developer/Platforms/iPhoneSimulator.platform/usr/bin:/Applications/Xcode.app/Contents/Developer/Platforms/iPhoneSimulator.platform/usr/local/bin:/Applications/Xcode.app/Contents/Developer/Platforms/iPhoneSimulator.platform/Developer/usr/bin:/Applications/Xcode.app/Contents/Developer/Platforms/iPhoneSimulator.platform/Developer/usr/local/bin:/Applications/Xcode.app/Contents/Developer/usr/bin:/Applications/Xcode.app/Contents/Developer/usr/local/bin:/Users/gregoriomorelli/.gemini/antigravity/bin:/Users/gregoriomorelli/Library/Application Support/Antigravity/bin:/opt/homebrew/bin:/opt/homebrew/sbin:/Library/Developer/CommandLineTools/usr/bin:/Users/gregoriomorelli/development/flutter/bin:/Users/gregoriomorelli/Library/Android/sdk/platform-tools:/Users/gregoriomorelli/Library/Android/sdk/cmdline-tools/latest/bin:/Users/gregoriomorelli/Library/Android/sdk/emulator:/Users/gregoriomorelli/.antigravity-ide/antigravity-ide/bin:/Users/gregoriomorelli/.antigravity/antigravity/bin:/Applications/XAMPP/xamppfiles/bin:/Users/gregoriomorelli/develop/flutter/bin:/usr/local/bin:/System/Cryptexes/App/usr/bin:/usr/bin:/bin:/usr/sbin:/sbin:/var/run/com.apple.security.cryptexd/codex.system/bootstrap/usr/local/bin:/var/run/com.apple.security.cryptexd/codex.system/bootstrap/usr/bin:/var/run/com.apple.security.cryptexd/codex.system/bootstrap/usr/appleinternal/bin:/pkg/env/global/bin:/Users/gregoriomorelli/.spicetify
               PATH_PREFIXES_EXCLUDED_FROM_HEADER_DEPENDENCIES = /usr/include /usr/local/include /System/Library/Frameworks /System/Library/PrivateFrameworks /Applications/Xcode.app/Contents/Developer/Headers /Applications/Xcode.app/Contents/Developer/SDKs /Applications/Xcode.app/Contents/Developer/Platforms
               PBDEVELOPMENTPLIST_PATH = FirebaseCore_Privacy.bundle/pbdevelopment.plist
               PER_ARCH_MODULE_FILE_DIR = /Users/gregoriomorelli/Documents/vibra/build/ios/Pods.build/Release-iphonesimulator/FirebaseCore-FirebaseCore_Privacy.build/Objects-normal/undefined_arch
               PER_ARCH_OBJECT_FILE_DIR = /Users/gregoriomorelli/Documents/vibra/build/ios/Pods.build/Release-iphonesimulator/FirebaseCore-FirebaseCore_Privacy.build/Objects-normal/undefined_arch
               PER_VARIANT_OBJECT_FILE_DIR = /Users/gregoriomorelli/Documents/vibra/build/ios/Pods.build/Release-iphonesimulator/FirebaseCore-FirebaseCore_Privacy.build/Objects-normal
               PKGINFO_FILE_PATH = /Users/gregoriomorelli/Documents/vibra/build/ios/Pods.build/Release-iphonesimulator/FirebaseCore-FirebaseCore_Privacy.build/PkgInfo
               PKGINFO_PATH = FirebaseCore_Privacy.bundle/PkgInfo
               PLATFORM_DEVELOPER_APPLICATIONS_DIR = /Applications/Xcode.app/Contents/Developer/Platforms/iPhoneSimulator.platform/Developer/Applications
               PLATFORM_DEVELOPER_BIN_DIR = /Applications/Xcode.app/Contents/Developer/Platforms/iPhoneSimulator.platform/Developer/usr/bin
               PLATFORM_DEVELOPER_LIBRARY_DIR = /Applications/Xcode.app/Contents/Developer/Platforms/iPhoneSimulator.platform/Developer/Library
               PLATFORM_DEVELOPER_SDK_DIR = /Applications/Xcode.app/Contents/Developer/Platforms/iPhoneSimulator.platform/Developer/SDKs
               PLATFORM_DEVELOPER_TOOLS_DIR = /Applications/Xcode.app/Contents/Developer/Platforms/iPhoneSimulator.platform/Developer/Tools
               PLATFORM_DEVELOPER_USR_DIR = /Applications/Xcode.app/Contents/Developer/Platforms/iPhoneSimulator.platform/Developer/usr
               PLATFORM_DIR = /Applications/Xcode.app/Contents/Developer/Platforms/iPhoneSimulator.platform
               PLATFORM_DISPLAY_NAME = iOS Simulator
               PLATFORM_FAMILY_NAME = iOS
               PLATFORM_NAME = iphonesimulator
               PLATFORM_PREFERRED_ARCH = x86_64
               PLATFORM_PRODUCT_BUILD_VERSION = 23F73
               PLATFORM_REQUIRES_SWIFT_AUTOLINK_EXTRACT = NO
               PLATFORM_REQUIRES_SWIFT_MODULEWRAP = NO
               PLATFORM_USES_DSYMS = YES
               PLIST_FILE_OUTPUT_FORMAT = binary
               PLUGINS_FOLDER_PATH = FirebaseCore_Privacy.bundle/PlugIns
               PODS_BUILD_DIR = /Users/gregoriomorelli/Documents/vibra/build/ios
               PODS_CONFIGURATION_BUILD_DIR = /Users/gregoriomorelli/Documents/vibra/build/ios/Release-iphonesimulator
               PODS_DEVELOPMENT_LANGUAGE = en
               PODS_ROOT = /Users/gregoriomorelli/Documents/vibra/ios/Pods
               PODS_TARGET_SRCROOT = /Users/gregoriomorelli/Documents/vibra/ios/Pods/FirebaseCore
               PODS_XCFRAMEWORKS_BUILD_DIR = /Users/gregoriomorelli/Documents/vibra/build/ios/Release-iphonesimulator/XCFrameworkIntermediates
               PRECOMPS_INCLUDE_HEADERS_FROM_BUILT_PRODUCTS_DIR = YES
               PRECOMP_DESTINATION_DIR = /Users/gregoriomorelli/Documents/vibra/build/ios/Pods.build/Release-iphonesimulator/FirebaseCore-FirebaseCore_Privacy.build/PrefixHeaders
               PRIVATE_HEADERS_FOLDER_PATH = FirebaseCore_Privacy.bundle/PrivateHeaders
               PROCESSED_INFOPLIST_PATH = /Users/gregoriomorelli/Documents/vibra/build/ios/Pods.build/Release-iphonesimulator/FirebaseCore-FirebaseCore_Privacy.build/Objects-normal/undefined_arch/Processed-Info.plist
               PRODUCT_BUNDLE_IDENTIFIER = org.cocoapods.FirebaseCore-Privacy
               PRODUCT_BUNDLE_PACKAGE_TYPE = BNDL
               PRODUCT_MODULE_NAME = FirebaseCore_Privacy
               PRODUCT_NAME = FirebaseCore_Privacy
               PRODUCT_SETTINGS_PATH = /Users/gregoriomorelli/Documents/vibra/ios/Pods/Target Support Files/FirebaseCore/ResourceBundle-FirebaseCore_Privacy-FirebaseCore-Info.plist
               PRODUCT_TYPE = com.apple.product-type.bundle
               PROFILING_CODE = NO
               PROJECT = Pods
               PROJECT_DERIVED_FILE_DIR = /Users/gregoriomorelli/Documents/vibra/build/ios/Pods.build/DerivedSources
               PROJECT_DIR = /Users/gregoriomorelli/Documents/vibra/ios/Pods
               PROJECT_FILE_PATH = /Users/gregoriomorelli/Documents/vibra/ios/Pods/Pods.xcodeproj
               PROJECT_GUID = bfdfe7dc352907fc980b868725387e98
               PROJECT_NAME = Pods
               PROJECT_TEMP_DIR = /Users/gregoriomorelli/Documents/vibra/build/ios/Pods.build
               PROJECT_TEMP_ROOT = /Users/gregoriomorelli/Documents/vibra/build/ios
               PUBLIC_HEADERS_FOLDER_PATH = FirebaseCore_Privacy.bundle/Headers
               RECOMMENDED_IPHONEOS_DEPLOYMENT_TARGET = 15.0
               RECURSIVE_SEARCH_PATHS_FOLLOW_SYMLINKS = YES
               REMOVE_CVS_FROM_RESOURCES = YES
               REMOVE_GIT_FROM_RESOURCES = YES
               REMOVE_HEADERS_FROM_EMBEDDED_BUNDLES = YES
               REMOVE_HG_FROM_RESOURCES = YES
               REMOVE_STATIC_EXECUTABLES_FROM_EMBEDDED_BUNDLES = YES
               REMOVE_SVN_FROM_RESOURCES = YES
               RESCHEDULE_INDEPENDENT_HEADERS_PHASES = YES
               REZ_COLLECTOR_DIR = /Users/gregoriomorelli/Documents/vibra/build/ios/Pods.build/Release-iphonesimulator/FirebaseCore-FirebaseCore_Privacy.build/ResourceManagerResources
               REZ_OBJECTS_DIR = /Users/gregoriomorelli/Documents/vibra/build/ios/Pods.build/Release-iphonesimulator/FirebaseCore-FirebaseCore_Privacy.build/ResourceManagerResources/Objects
               REZ_SEARCH_PATHS = /Users/gregoriomorelli/Documents/vibra/build/ios/Release-iphonesimulator/FirebaseCore 
               RPATH_ORIGIN = @loader_path
               RUNTIME_EXCEPTION_ALLOW_DYLD_ENVIRONMENT_VARIABLES = NO
               RUNTIME_EXCEPTION_ALLOW_JIT = NO
               RUNTIME_EXCEPTION_ALLOW_UNSIGNED_EXECUTABLE_MEMORY = NO
               RUNTIME_EXCEPTION_DEBUGGING_TOOL = NO
               RUNTIME_EXCEPTION_DISABLE_EXECUTABLE_PAGE_PROTECTION = NO
               RUNTIME_EXCEPTION_DISABLE_LIBRARY_VALIDATION = NO
               SCANNING_PCM_KEEP_CACHE_DIRECTORY = YES
               SCAN_ALL_SOURCE_FILES_FOR_INCLUDES = NO
               SCRIPTS_FOLDER_PATH = FirebaseCore_Privacy.bundle/Scripts
               SDKROOT = /Applications/Xcode.app/Contents/Developer/Platforms/iPhoneSimulator.platform/Developer/SDKs/iPhoneSimulator26.5.sdk
               SDK_DIR = /Applications/Xcode.app/Contents/Developer/Platforms/iPhoneSimulator.platform/Developer/SDKs/iPhoneSimulator26.5.sdk
               SDK_DIR_iphonesimulator = /Applications/Xcode.app/Contents/Developer/Platforms/iPhoneSimulator.platform/Developer/SDKs/iPhoneSimulator26.5.sdk
               SDK_DIR_iphonesimulator26_5 = /Applications/Xcode.app/Contents/Developer/Platforms/iPhoneSimulator.platform/Developer/SDKs/iPhoneSimulator26.5.sdk
               SDK_NAME = iphonesimulator26.5
               SDK_NAMES = iphonesimulator26.5
               SDK_PRODUCT_BUILD_VERSION = 23F73
               SDK_STAT_CACHE_DIR = /var/folders/pg/x6t89f2n7s7299rcw8hv33180000gn/C/com.apple.DeveloperTools/26.5-17F42/Xcode
               SDK_STAT_CACHE_ENABLE = YES
               SDK_STAT_CACHE_PATH = /var/folders/pg/x6t89f2n7s7299rcw8hv33180000gn/C/com.apple.DeveloperTools/26.5-17F42/Xcode/SDKStatCaches.noindex/iphonesimulator26.5-23F73-6cfe768891a92b912361537c460fe42b.sdkstatcache
               SDK_VERSION = 26.5
               SDK_VERSION_ACTUAL = 260500
               SDK_VERSION_MAJOR = 260000
               SDK_VERSION_MINOR = 260500
               SED = /usr/bin/sed
               SEPARATE_STRIP = NO
               SEPARATE_SYMBOL_EDIT = NO
               SET_DIR_MODE_OWNER_GROUP = YES
               SET_FILE_MODE_OWNER_GROUP = NO
               SHALLOW_BUNDLE = YES
               SHALLOW_BUNDLE_TRIPLE = ios-simulator
               SHALLOW_BUNDLE_ios_macabi = NO
               SHALLOW_BUNDLE_macos = NO
               SHARED_DERIVED_FILE_DIR = /Users/gregoriomorelli/Documents/vibra/build/ios/Release-iphonesimulator/FirebaseCore/DerivedSources
               SHARED_FRAMEWORKS_FOLDER_PATH = FirebaseCore_Privacy.bundle/SharedFrameworks
               SHARED_PRECOMPS_DIR = /Users/gregoriomorelli/Documents/vibra/build/ios/SharedPrecompiledHeaders
               SHARED_SUPPORT_FOLDER_PATH = FirebaseCore_Privacy.bundle/SharedSupport
               SKIP_INSTALL = YES
               SKIP_MERGEABLE_LIBRARY_BUNDLE_HOOK = NO
               SOURCE_ROOT = /Users/gregoriomorelli/Documents/vibra/ios/Pods
               SRCROOT = /Users/gregoriomorelli/Documents/vibra/ios/Pods
               STRINGSDATA_DIR = /Users/gregoriomorelli/Documents/vibra/build/ios/Pods.build/Release-iphonesimulator/FirebaseCore-FirebaseCore_Privacy.build/Objects-normal/undefined_arch
               STRINGSDATA_ROOT = /Users/gregoriomorelli/Documents/vibra/build/ios/Pods.build/Release-iphonesimulator/FirebaseCore-FirebaseCore_Privacy.build
               STRINGS_FILE_INFOPLIST_RENAME = YES
               STRINGS_FILE_OUTPUT_ENCODING = binary
               STRING_CATALOG_GENERATE_SYMBOLS = NO
               STRIP_BITCODE_FROM_COPIED_FILES = NO
               STRIP_INSTALLED_PRODUCT = NO
               STRIP_STYLE = non-global
               STRIP_SWIFT_SYMBOLS = YES
               SUPPORTED_DEVICE_FAMILIES = 1,2
               SUPPORTED_PLATFORMS = iphoneos iphonesimulator
               SUPPORTS_TEXT_BASED_API = NO
               SUPPRESS_WARNINGS = NO
               SWIFT_COMPILATION_MODE = wholemodule
               SWIFT_EMIT_CONST_VALUE_PROTOCOLS = AnyResolverProviding AppEntity AppEnum AppExtension AppIntent AppIntentsPackage AppShortcutProviding AppShortcutsProvider AppUnionValue AppUnionValueCasesProviding DynamicOptionsProvider EntityQuery ExtensionPointDefining IntentValueQuery Resolver TransientEntity _AssistantIntentsProvider _GenerativeFunctionExtractable _IntentValueRepresentable
               SWIFT_EMIT_LOC_STRINGS = NO
               SWIFT_ENABLE_EXPLICIT_MODULES = YES
               SWIFT_OPTIMIZATION_LEVEL = -O
               SWIFT_PLATFORM_TARGET_PREFIX = ios
               SWIFT_RESPONSE_FILE_PATH_normal_arm64 = /Users/gregoriomorelli/Documents/vibra/build/ios/Pods.build/Release-iphonesimulator/FirebaseCore-FirebaseCore_Privacy.build/Objects-normal/arm64/FirebaseCore_Privacy.SwiftFileList
               SWIFT_RESPONSE_FILE_PATH_normal_x86_64 = /Users/gregoriomorelli/Documents/vibra/build/ios/Pods.build/Release-iphonesimulator/FirebaseCore-FirebaseCore_Privacy.build/Objects-normal/x86_64/FirebaseCore_Privacy.SwiftFileList
               SWIFT_VERSION = 5.0
               SYMROOT = /Users/gregoriomorelli/Documents/vibra/ios/build
               SYSTEM_ADMIN_APPS_DIR = /Applications/Utilities
               SYSTEM_APPS_DIR = /Applications
               SYSTEM_CORE_SERVICES_DIR = /System/Library/CoreServices
               SYSTEM_DEMOS_DIR = /Applications/Extras
               SYSTEM_DEVELOPER_APPS_DIR = /Applications/Xcode.app/Contents/Developer/Applications
               SYSTEM_DEVELOPER_BIN_DIR = /Applications/Xcode.app/Contents/Developer/usr/bin
               SYSTEM_DEVELOPER_DEMOS_DIR = /Applications/Xcode.app/Contents/Developer/Applications/Utilities/Built Examples
               SYSTEM_DEVELOPER_DIR = /Applications/Xcode.app/Contents/Developer
               SYSTEM_DEVELOPER_DOC_DIR = /Applications/Xcode.app/Contents/Developer/ADC Reference Library
               SYSTEM_DEVELOPER_GRAPHICS_TOOLS_DIR = /Applications/Xcode.app/Contents/Developer/Applications/Graphics Tools
               SYSTEM_DEVELOPER_JAVA_TOOLS_DIR = /Applications/Xcode.app/Contents/Developer/Applications/Java Tools
               SYSTEM_DEVELOPER_PERFORMANCE_TOOLS_DIR = /Applications/Xcode.app/Contents/Developer/Applications/Performance Tools
               SYSTEM_DEVELOPER_RELEASENOTES_DIR = /Applications/Xcode.app/Contents/Developer/ADC Reference Library/releasenotes
               SYSTEM_DEVELOPER_TOOLS = /Applications/Xcode.app/Contents/Developer/Tools
               SYSTEM_DEVELOPER_TOOLS_DOC_DIR = /Applications/Xcode.app/Contents/Developer/ADC Reference Library/documentation/DeveloperTools
               SYSTEM_DEVELOPER_TOOLS_RELEASENOTES_DIR = /Applications/Xcode.app/Contents/Developer/ADC Reference Library/releasenotes/DeveloperTools
               SYSTEM_DEVELOPER_USR_DIR = /Applications/Xcode.app/Contents/Developer/usr
               SYSTEM_DEVELOPER_UTILITIES_DIR = /Applications/Xcode.app/Contents/Developer/Applications/Utilities
               SYSTEM_DEXT_INSTALL_PATH = /System/Library/DriverExtensions
               SYSTEM_DOCUMENTATION_DIR = /Library/Documentation
               SYSTEM_EXTENSIONS_FOLDER_PATH = FirebaseCore_Privacy.bundle/SystemExtensions
               SYSTEM_EXTENSIONS_FOLDER_PATH_SHALLOW_BUNDLE_NO = FirebaseCore_Privacy.bundle/Library/SystemExtensions
               SYSTEM_EXTENSIONS_FOLDER_PATH_SHALLOW_BUNDLE_YES = FirebaseCore_Privacy.bundle/SystemExtensions
               SYSTEM_KEXT_INSTALL_PATH = /System/Library/Extensions
               SYSTEM_LIBRARY_DIR = /System/Library
               TAPI_DEMANGLE = YES
               TAPI_ENABLE_PROJECT_HEADERS = NO
               TAPI_LANGUAGE = objective-c
               TAPI_LANGUAGE_STANDARD = compiler-default
               TAPI_USE_SRCROOT = YES
               TAPI_VERIFY_MODE = Pedantic
               TARGETED_DEVICE_FAMILY = 1,2
               TARGETNAME = FirebaseCore-FirebaseCore_Privacy
               TARGET_BUILD_DIR = /Users/gregoriomorelli/Documents/vibra/build/ios/Release-iphonesimulator/FirebaseCore
               TARGET_NAME = FirebaseCore-FirebaseCore_Privacy
               TARGET_TEMP_DIR = /Users/gregoriomorelli/Documents/vibra/build/ios/Pods.build/Release-iphonesimulator/FirebaseCore-FirebaseCore_Privacy.build
               TEMP_DIR = /Users/gregoriomorelli/Documents/vibra/build/ios/Pods.build/Release-iphonesimulator/FirebaseCore-FirebaseCore_Privacy.build
               TEMP_FILES_DIR = /Users/gregoriomorelli/Documents/vibra/build/ios/Pods.build/Release-iphonesimulator/FirebaseCore-FirebaseCore_Privacy.build
               TEMP_FILE_DIR = /Users/gregoriomorelli/Documents/vibra/build/ios/Pods.build/Release-iphonesimulator/FirebaseCore-FirebaseCore_Privacy.build
               TEMP_ROOT = /Users/gregoriomorelli/Documents/vibra/build/ios
               TEMP_SANDBOX_DIR = /Users/gregoriomorelli/Documents/vibra/build/ios/TemporaryTaskSandboxes
               TEST_FRAMEWORK_SEARCH_PATHS =  /Applications/Xcode.app/Contents/Developer/Platforms/iPhoneSimulator.platform/Developer/Library/Frameworks /Applications/Xcode.app/Contents/Developer/Platforms/iPhoneSimulator.platform/Developer/SDKs/iPhoneSimulator26.5.sdk/Developer/Library/Frameworks
               TEST_LIBRARY_SEARCH_PATHS =  /Applications/Xcode.app/Contents/Developer/Platforms/iPhoneSimulator.platform/Developer/usr/lib
               TOOLCHAINS = com.apple.dt.toolchain.XcodeDefault
               TOOLCHAIN_DIR = /Applications/Xcode.app/Contents/Developer/Toolchains/XcodeDefault.xctoolchain
               TREAT_MISSING_BASELINES_AS_TEST_FAILURES = NO
               TREAT_MISSING_SCRIPT_PHASE_OUTPUTS_AS_ERRORS = NO
               TVOS_DEPLOYMENT_TARGET = 26.5
               UID = 501
               UNINSTALLED_PRODUCTS_DIR = /Users/gregoriomorelli/Documents/vibra/build/ios/UninstalledProducts
               UNLOCALIZED_RESOURCES_FOLDER_PATH = FirebaseCore_Privacy.bundle
               UNLOCALIZED_RESOURCES_FOLDER_PATH_SHALLOW_BUNDLE_NO = FirebaseCore_Privacy.bundle/Resources
               UNLOCALIZED_RESOURCES_FOLDER_PATH_SHALLOW_BUNDLE_YES = FirebaseCore_Privacy.bundle
               UNSTRIPPED_PRODUCT = NO
               USER = gregoriomorelli
               USER_APPS_DIR = /Users/gregoriomorelli/Applications
               USER_LIBRARY_DIR = /Users/gregoriomorelli/Library
               USE_DYNAMIC_NO_PIC = YES
               USE_HEADERMAP = YES
               USE_HEADER_SYMLINKS = NO
               USE_RECURSIVE_SCRIPT_INPUTS_IN_SCRIPT_PHASES = YES
               VALIDATE_DEVELOPMENT_ASSET_PATHS = YES_ERROR
               VALIDATE_PRODUCT = NO
               VALID_ARCHS = arm64 x86_64
               VERBOSE_PBXCP = NO
               VERSIONPLIST_PATH = FirebaseCore_Privacy.bundle/version.plist
               VERSION_INFO_BUILDER = gregoriomorelli
               VERSION_INFO_FILE = FirebaseCore_Privacy_vers.c
               VERSION_INFO_STRING = "@(#)PROGRAM:FirebaseCore_Privacy  PROJECT:Pods-"
               WATCHOS_DEPLOYMENT_TARGET = 26.5
               WORKSPACE_DIR = /Users/gregoriomorelli/Documents/vibra/ios/Pods/Pods.xcodeproj
               WRAPPER_EXTENSION = bundle
               WRAPPER_NAME = FirebaseCore_Privacy.bundle
               WRAPPER_SUFFIX = .bundle
               WRAP_ASSET_PACKS_IN_SEPARATE_DIRECTORIES = NO
               XCODE_APP_SUPPORT_DIR = /Applications/Xcode.app/Contents/Developer/Library/Xcode
               XCODE_PRODUCT_BUILD_VERSION = 17F42
               XCODE_VERSION_ACTUAL = 2650
               XCODE_VERSION_MAJOR = 2600
               XCODE_VERSION_MINOR = 2650
               XPCSERVICES_FOLDER_PATH = FirebaseCore_Privacy.bundle/XPCServices
               XROS_DEPLOYMENT_TARGET = 26.5
               YACC = yacc
               _DISCOVER_COMMAND_LINE_LINKER_INPUTS = YES
               _DISCOVER_COMMAND_LINE_LINKER_INPUTS_INCLUDE_WL = YES
               _LD_MULTIARCH = YES
               _WRAPPER_CONTENTS_DIR_SHALLOW_BUNDLE_NO = /Contents
               _WRAPPER_PARENT_PATH_SHALLOW_BUNDLE_NO = /..
               _WRAPPER_RESOURCES_DIR_SHALLOW_BUNDLE_NO = /Resources
               __DIAGNOSE_DEPRECATED_ARCHS = YES
               __ORIGINAL_SDK_DEFINED_LLVM_TARGET_TRIPLE_SYS = ios
               arch = undefined_arch
               variant = normal

           Build settings for action build and target FirebaseCoreInternal:
               ACTION = build
               AD_HOC_CODE_SIGNING_ALLOWED = YES
               ALLOW_BUILD_REQUEST_OVERRIDES = NO
               ALLOW_TARGET_PLATFORM_SPECIALIZATION = NO
               ALTERNATE_GROUP = staff
               ALTERNATE_MODE = u+w,go-w,a+rX
               ALTERNATE_OWNER = gregoriomorelli
               ALTERNATIVE_DISTRIBUTION_WEB = NO
               ALWAYS_EMBED_SWIFT_STANDARD_LIBRARIES = NO
               ALWAYS_SEARCH_USER_PATHS = NO
               ALWAYS_USE_SEPARATE_HEADERMAPS = NO
               APPLICATION_EXTENSION_API_ONLY = NO
               APPLY_RULES_IN_COPY_FILES = NO
               APPLY_RULES_IN_COPY_HEADERS = NO
               APP_SHORTCUTS_ENABLE_FLEXIBLE_MATCHING = YES
               ARCHS = arm64 x86_64
               ARCHS_BASE = arm64 x86_64
               ARCHS_STANDARD = arm64 x86_64
               ARCHS_STANDARD_32_64_BIT = arm64 x86_64
               ARCHS_STANDARD_64_BIT = arm64 x86_64
               ARCHS_STANDARD_INCLUDING_64_BIT = arm64 x86_64
               ARCHS_UNIVERSAL_IPHONE_OS = arm64 x86_64
               AUTOMATICALLY_MERGE_DEPENDENCIES = NO
               AUTOMATION_APPLE_EVENTS = NO
               AVAILABLE_PLATFORMS = android appletvos appletvsimulator driverkit freebsd iphoneos iphonesimulator linux macosx none openbsd qnx watchos watchsimulator webassembly xros xrsimulator
               BUILD_ACTIVE_RESOURCES_ONLY = NO
               BUILD_COMPONENTS = headers build
               BUILD_DIR = /Users/gregoriomorelli/Documents/vibra/build/ios
               BUILD_LIBRARY_FOR_DISTRIBUTION = NO
               BUILD_ONLY_KNOWN_LOCALIZATIONS = NO
               BUILD_ROOT = /Users/gregoriomorelli/Documents/vibra/ios/build
               BUILD_STYLE = 
               BUILD_VARIANTS = normal
               BUILT_PRODUCTS_DIR = /Users/gregoriomorelli/Documents/vibra/build/ios/Release-iphonesimulator/FirebaseCoreInternal
               BUNDLE_CONTENTS_FOLDER_PATH_deep = Contents/
               BUNDLE_EXECUTABLE_FOLDER_NAME_deep = MacOS
               BUNDLE_EXTENSIONS_FOLDER_PATH = Extensions
               BUNDLE_FORMAT = shallow
               BUNDLE_FRAMEWORKS_FOLDER_PATH = Frameworks
               BUNDLE_PLUGINS_FOLDER_PATH = PlugIns
               BUNDLE_PRIVATE_HEADERS_FOLDER_PATH = PrivateHeaders
               BUNDLE_PUBLIC_HEADERS_FOLDER_PATH = Headers
               CACHE_ROOT = /var/folders/pg/x6t89f2n7s7299rcw8hv33180000gn/C/com.apple.DeveloperTools/26.5-17F42/Xcode
               CCHROOT = /var/folders/pg/x6t89f2n7s7299rcw8hv33180000gn/C/com.apple.DeveloperTools/26.5-17F42/Xcode
               CHMOD = /bin/chmod
               CHOWN = chown
               CLANG_ANALYZER_LOCALIZABILITY_NONLOCALIZED = YES
               CLANG_ANALYZER_NONNULL = YES
               CLANG_ANALYZER_NUMBER_OBJECT_CONVERSION = YES_AGGRESSIVE
               CLANG_CACHE_FINE_GRAINED_OUTPUTS = YES
               CLANG_CXX_LANGUAGE_STANDARD = gnu++14
               CLANG_CXX_LIBRARY = libc++
               CLANG_ENABLE_EXPLICIT_MODULES = YES
               CLANG_ENABLE_MODULES = YES
               CLANG_ENABLE_OBJC_ARC = YES
               CLANG_ENABLE_OBJC_WEAK = NO
               CLANG_MODULES_BUILD_SESSION_FILE = /var/folders/pg/x6t89f2n7s7299rcw8hv33180000gn/C/org.llvm.clang/ModuleCache.noindex/Session.modulevalidation
               CLANG_WARN_BLOCK_CAPTURE_AUTORELEASING = YES
               CLANG_WARN_BOOL_CONVERSION = YES
               CLANG_WARN_COMMA = YES
               CLANG_WARN_CONSTANT_CONVERSION = YES
               CLANG_WARN_DEPRECATED_OBJC_IMPLEMENTATIONS = YES
               CLANG_WARN_DIRECT_OBJC_ISA_USAGE = YES_ERROR
               CLANG_WARN_DOCUMENTATION_COMMENTS = YES
               CLANG_WARN_EMPTY_BODY = YES
               CLANG_WARN_ENUM_CONVERSION = YES
               CLANG_WARN_INFINITE_RECURSION = YES
               CLANG_WARN_INT_CONVERSION = YES
               CLANG_WARN_NON_LITERAL_NULL_CONVERSION = YES
               CLANG_WARN_OBJC_IMPLICIT_RETAIN_SELF = YES
               CLANG_WARN_OBJC_LITERAL_CONVERSION = YES
               CLANG_WARN_OBJC_ROOT_CLASS = YES_ERROR
               CLANG_WARN_QUOTED_INCLUDE_IN_FRAMEWORK_HEADER = NO
               CLANG_WARN_RANGE_LOOP_ANALYSIS = YES
               CLANG_WARN_STRICT_PROTOTYPES = YES
               CLANG_WARN_SUSPICIOUS_MOVE = YES
               CLANG_WARN_UNGUARDED_AVAILABILITY = YES_AGGRESSIVE
               CLANG_WARN_UNREACHABLE_CODE = YES
               CLANG_WARN__DUPLICATE_METHOD_MATCH = YES
               CLASS_FILE_DIR = /Users/gregoriomorelli/Documents/vibra/build/ios/Pods.build/Release-iphonesimulator/FirebaseCoreInternal.build/JavaClasses
               CLEAN_PRECOMPS = YES
               CLONE_HEADERS = NO
               CODESIGNING_FOLDER_PATH = /Users/gregoriomorelli/Documents/vibra/build/ios/Release-iphonesimulator/FirebaseCoreInternal/FirebaseCoreInternal.framework
               CODE_SIGNING_ALLOWED = YES
               CODE_SIGNING_REQUIRED = NO
               CODE_SIGNING_REQUIRES_TEAM = YES
               CODE_SIGN_CONTEXT_CLASS = XCiPhoneSimulatorCodeSignContext
               CODE_SIGN_IDENTITY = -
               CODE_SIGN_INJECT_BASE_ENTITLEMENTS = YES
               COLOR_DIAGNOSTICS = NO
               COMBINE_HIDPI_IMAGES = NO
               COMPILATION_CACHE_CAS_PATH = /var/folders/pg/x6t89f2n7s7299rcw8hv33180000gn/C/com.apple.DeveloperTools/26.5-17F42/Xcode/CompilationCache.noindex
               COMPILATION_CACHE_KEEP_CAS_DIRECTORY = YES
               COMPILER_INDEX_STORE_ENABLE = Default
               COMPOSITE_SDK_DIRS = /Users/gregoriomorelli/Documents/vibra/build/ios/CompositeSDKs
               COMPRESS_PNG_FILES = YES
               CONFIGURATION = Release
               CONFIGURATION_BUILD_DIR = /Users/gregoriomorelli/Documents/vibra/build/ios/Release-iphonesimulator/FirebaseCoreInternal
               CONFIGURATION_TEMP_DIR = /Users/gregoriomorelli/Documents/vibra/build/ios/Pods.build/Release-iphonesimulator
               CONTENTS_FOLDER_PATH = FirebaseCoreInternal.framework
               CONTENTS_FOLDER_PATH_SHALLOW_BUNDLE_NO = FirebaseCoreInternal.framework/A
               CONTENTS_FOLDER_PATH_SHALLOW_BUNDLE_YES = FirebaseCoreInternal.framework
               COPYING_PRESERVES_HFS_DATA = NO
               COPY_HEADERS_RUN_UNIFDEF = NO
               COPY_PHASE_STRIP = NO
               CORRESPONDING_DEVICE_PLATFORM_DIR = /Applications/Xcode.app/Contents/Developer/Platforms/iPhoneOS.platform
               CORRESPONDING_DEVICE_PLATFORM_NAME = iphoneos
               CORRESPONDING_DEVICE_SDK_DIR = /Applications/Xcode.app/Contents/Developer/Platforms/iPhoneOS.platform/Developer/SDKs/iPhoneOS26.5.sdk
               CORRESPONDING_DEVICE_SDK_NAME = iphoneos26.5
               CP = /bin/cp
               CREATE_INFOPLIST_SECTION_IN_BINARY = NO
               CURRENT_ARCH = undefined_arch
               CURRENT_PROJECT_VERSION = 1
               CURRENT_VARIANT = normal
               CURRENT_VERSION = Current
               DEAD_CODE_STRIPPING = YES
               DEBUGGING_SYMBOLS = YES
               DEBUG_INFORMATION_FORMAT = dwarf-with-dsym
               DEBUG_INFORMATION_VERSION = compiler-default
               DEFAULT_COMPILER = com.apple.compilers.llvm.clang.1_0
               DEFAULT_DEXT_INSTALL_PATH = /System/Library/DriverExtensions
               DEFAULT_KEXT_INSTALL_PATH = /System/Library/Extensions
               DEFINES_MODULE = YES
               DEPLOYMENT_LOCATION = NO
               DEPLOYMENT_POSTPROCESSING = NO
               DEPLOYMENT_TARGET_SETTING_NAME = IPHONEOS_DEPLOYMENT_TARGET
               DEPLOYMENT_TARGET_SUGGESTED_VALUES = 12.0 12.1 12.2 12.3 12.4 13.0 13.1 13.2 13.3 13.4 13.5 13.6 14.0 14.1 14.2 14.3 14.4 14.5 14.6 14.7 15.0 15.1 15.2 15.3 15.4 15.5 15.6 16.0 16.1 16.2 16.3 16.4 16.5 16.6 17.0 17.1 17.2 17.3 17.4 17.5 17.6 18.0 18.1 18.2 18.3 18.4 18.5 18.6 26.0 26.2 26.3 26.4 26.5
               DERIVED_FILES_DIR = /Users/gregoriomorelli/Documents/vibra/build/ios/Pods.build/Release-iphonesimulator/FirebaseCoreInternal.build/DerivedSources
               DERIVED_FILE_DIR = /Users/gregoriomorelli/Documents/vibra/build/ios/Pods.build/Release-iphonesimulator/FirebaseCoreInternal.build/DerivedSources
               DERIVED_SOURCES_DIR = /Users/gregoriomorelli/Documents/vibra/build/ios/Pods.build/Release-iphonesimulator/FirebaseCoreInternal.build/DerivedSources
               DEVELOPER_APPLICATIONS_DIR = /Applications/Xcode.app/Contents/Developer/Applications
               DEVELOPER_BIN_DIR = /Applications/Xcode.app/Contents/Developer/usr/bin
               DEVELOPER_DIR = /Applications/Xcode.app/Contents/Developer
               DEVELOPER_FRAMEWORKS_DIR = /Applications/Xcode.app/Contents/Developer/Library/Frameworks
               DEVELOPER_FRAMEWORKS_DIR_QUOTED = /Applications/Xcode.app/Contents/Developer/Library/Frameworks
               DEVELOPER_LIBRARY_DIR = /Applications/Xcode.app/Contents/Developer/Library
               DEVELOPER_SDK_DIR = /Applications/Xcode.app/Contents/Developer/Platforms/MacOSX.platform/Developer/SDKs
               DEVELOPER_TOOLS_DIR = /Applications/Xcode.app/Contents/Developer/Tools
               DEVELOPER_USR_DIR = /Applications/Xcode.app/Contents/Developer/usr
               DEVELOPMENT_LANGUAGE = en
               DIAGNOSE_MISSING_TARGET_DEPENDENCIES = YES
               DIFF = /usr/bin/diff
               DOCUMENTATION_FOLDER_PATH = FirebaseCoreInternal.framework/en.lproj/Documentation
               DONT_GENERATE_INFOPLIST_FILE = NO
               DRIVERKIT_DEPLOYMENT_TARGET = 25.5
               DSTROOT = /tmp/Pods.dst
               DT_TOOLCHAIN_DIR = /Applications/Xcode.app/Contents/Developer/Toolchains/XcodeDefault.xctoolchain
               DUMP_DEPENDENCIES = NO
               DUMP_DEPENDENCIES_OUTPUT_PATH = /Users/gregoriomorelli/Documents/vibra/build/ios/Pods.build/Release-iphonesimulator/FirebaseCoreInternal.build/FirebaseCoreInternal-BuildDependencyInfo.json
               DWARF_DSYM_FILE_NAME = FirebaseCoreInternal.framework.dSYM
               DWARF_DSYM_FILE_SHOULD_ACCOMPANY_PRODUCT = NO
               DWARF_DSYM_FOLDER_PATH = /Users/gregoriomorelli/Documents/vibra/build/ios/Release-iphonesimulator/FirebaseCoreInternal
               DYLIB_COMPATIBILITY_VERSION = 1
               DYLIB_CURRENT_VERSION = 1
               DYLIB_INSTALL_NAME_BASE = @rpath
               DYNAMIC_LIBRARY_EXTENSION = dylib
               EAGER_COMPILATION_ALLOW_SCRIPTS = NO
               EAGER_LINKING = NO
               EFFECTIVE_PLATFORM_NAME = -iphonesimulator
               EFFECTIVE_SWIFT_VERSION = 5
               EMBEDDED_CONTENT_CONTAINS_SWIFT = NO
               EMBED_ASSET_PACKS_IN_PRODUCT_BUNDLE = NO
               ENABLE_APP_SANDBOX = NO
               ENABLE_CODE_COVERAGE = YES
               ENABLE_COHORT_ARCHS = NO
               ENABLE_CPLUSPLUS_BOUNDS_SAFE_BUFFERS = NO
               ENABLE_C_BOUNDS_SAFETY = NO
               ENABLE_DEFAULT_HEADER_SEARCH_PATHS = YES
               ENABLE_DEFAULT_SEARCH_PATHS = YES
               ENABLE_ENHANCED_SECURITY = NO
               ENABLE_HARDENED_RUNTIME = NO
               ENABLE_HEADER_DEPENDENCIES = YES
               ENABLE_INCOMING_NETWORK_CONNECTIONS = NO
               ENABLE_MODULE_VERIFIER = NO
               ENABLE_NS_ASSERTIONS = NO
               ENABLE_ON_DEMAND_RESOURCES = NO
               ENABLE_OUTGOING_NETWORK_CONNECTIONS = NO
               ENABLE_POINTER_AUTHENTICATION = NO
               ENABLE_RESOURCE_ACCESS_AUDIO_INPUT = NO
               ENABLE_RESOURCE_ACCESS_BLUETOOTH = NO
               ENABLE_RESOURCE_ACCESS_CALENDARS = NO
               ENABLE_RESOURCE_ACCESS_CAMERA = NO
               ENABLE_RESOURCE_ACCESS_CONTACTS = NO
               ENABLE_RESOURCE_ACCESS_LOCATION = NO
               ENABLE_RESOURCE_ACCESS_PHOTO_LIBRARY = NO
               ENABLE_RESOURCE_ACCESS_PRINTING = NO
               ENABLE_RESOURCE_ACCESS_USB = NO
               ENABLE_SDK_IMPORTS = NO
               ENABLE_SECURITY_COMPILER_WARNINGS = NO
               ENABLE_STRICT_OBJC_MSGSEND = YES
               ENABLE_TESTABILITY = NO
               ENABLE_TESTING_SEARCH_PATHS = NO
               ENABLE_USER_SCRIPT_SANDBOXING = NO
               ENFORCE_VALID_ARCHS = YES
               ENTITLEMENTS_DESTINATION = __entitlements
               ENTITLEMENTS_REQUIRED = NO
               EXCLUDED_INSTALLSRC_SUBDIRECTORY_PATTERNS = .DS_Store .svn .git .hg CVS
               EXCLUDED_RECURSIVE_SEARCH_PATH_SUBDIRECTORIES = *.nib *.lproj *.framework *.gch *.xcode* *.xcassets *.icon (*) .DS_Store CVS .svn .git .hg *.pbproj *.pbxproj
               EXECUTABLES_FOLDER_PATH = FirebaseCoreInternal.framework/en.lproj
               EXECUTABLE_FOLDER_PATH = FirebaseCoreInternal.framework
               EXECUTABLE_FOLDER_PATH_SHALLOW_BUNDLE_NO = FirebaseCoreInternal.framework
               EXECUTABLE_FOLDER_PATH_SHALLOW_BUNDLE_YES = FirebaseCoreInternal.framework
               EXECUTABLE_NAME = FirebaseCoreInternal
               EXECUTABLE_PATH = FirebaseCoreInternal.framework/FirebaseCoreInternal
               EXTENSIONS_FOLDER_PATH = FirebaseCoreInternal.framework/Extensions
               FILE_LIST = /Users/gregoriomorelli/Documents/vibra/build/ios/Pods.build/Release-iphonesimulator/FirebaseCoreInternal.build/Objects/LinkFileList
               FIXED_FILES_DIR = /Users/gregoriomorelli/Documents/vibra/build/ios/Pods.build/Release-iphonesimulator/FirebaseCoreInternal.build/FixedFiles
               FRAMEWORKS_FOLDER_PATH = FirebaseCoreInternal.framework/Frameworks
               FRAMEWORK_FLAG_PREFIX = -framework
               FRAMEWORK_SEARCH_PATHS = /Users/gregoriomorelli/Documents/vibra/build/ios/Release-iphonesimulator/FirebaseCoreInternal  "/Users/gregoriomorelli/Documents/vibra/build/ios/Release-iphonesimulator/GoogleUtilities"
               FRAMEWORK_VERSION = A
               FULL_PRODUCT_NAME = FirebaseCoreInternal.framework
               FUSE_BUILD_PHASES = YES
               FUSE_BUILD_SCRIPT_PHASES = NO
               GCC3_VERSION = 3.3
               GCC_C_LANGUAGE_STANDARD = gnu11
               GCC_INLINES_ARE_PRIVATE_EXTERN = YES
               GCC_NO_COMMON_BLOCKS = YES
               GCC_OBJC_LEGACY_DISPATCH = YES
               GCC_PFE_FILE_C_DIALECTS = c objective-c c++ objective-c++
               GCC_PREFIX_HEADER = Target Support Files/FirebaseCoreInternal/FirebaseCoreInternal-prefix.pch
               GCC_PREPROCESSOR_DEFINITIONS = POD_CONFIGURATION_RELEASE=1  COCOAPODS=1
               GCC_TREAT_WARNINGS_AS_ERRORS = NO
               GCC_VERSION = com.apple.compilers.llvm.clang.1_0
               GCC_VERSION_IDENTIFIER = com_apple_compilers_llvm_clang_1_0
               GCC_WARN_64_TO_32_BIT_CONVERSION = YES
               GCC_WARN_ABOUT_RETURN_TYPE = YES_ERROR
               GCC_WARN_UNDECLARED_SELECTOR = YES
               GCC_WARN_UNINITIALIZED_AUTOS = YES_AGGRESSIVE
               GCC_WARN_UNUSED_FUNCTION = YES
               GCC_WARN_UNUSED_VARIABLE = YES
               GENERATED_MODULEMAP_DIR = /Users/gregoriomorelli/Documents/vibra/build/ios/GeneratedModuleMaps-iphonesimulator
               GENERATE_INFOPLIST_FILE = NO
               GENERATE_INTERMEDIATE_TEXT_BASED_STUBS = YES
               GENERATE_PKGINFO_FILE = NO
               GENERATE_PRELINK_OBJECT_FILE = NO
               GENERATE_PROFILING_CODE = NO
               GENERATE_TEXT_BASED_STUBS = NO
               GID = 20
               GROUP = staff
               HEADERMAP_INCLUDES_FLAT_ENTRIES_FOR_TARGET_BEING_BUILT = YES
               HEADERMAP_INCLUDES_FRAMEWORK_ENTRIES_FOR_ALL_PRODUCT_TYPES = YES
               HEADERMAP_INCLUDES_FRAMEWORK_ENTRIES_FOR_TARGETS_NOT_BEING_BUILT = YES
               HEADERMAP_INCLUDES_NONPUBLIC_NONPRIVATE_HEADERS = YES
               HEADERMAP_INCLUDES_PROJECT_HEADERS = YES
               HEADERMAP_USES_FRAMEWORK_PREFIX_ENTRIES = YES
               HEADERMAP_USES_VFS = YES
               HEADER_SEARCH_PATHS = /Users/gregoriomorelli/Documents/vibra/build/ios/Release-iphonesimulator/FirebaseCoreInternal/include 
               HOME = /Users/gregoriomorelli
               HOST_ARCH = arm64
               HOST_PLATFORM = macosx
               ICONV = /usr/bin/iconv
               IMPLICIT_DEPENDENCY_DOMAIN = default
               INDEX_STORE_COMPRESS = NO
               INDEX_STORE_ONLY_PROJECT_FILES = NO
               INFOPLIST_ENABLE_CFBUNDLEICONS_MERGE = YES
               INFOPLIST_EXPAND_BUILD_SETTINGS = YES
               INFOPLIST_FILE = Target Support Files/FirebaseCoreInternal/FirebaseCoreInternal-Info.plist
               INFOPLIST_OUTPUT_FORMAT = binary
               INFOPLIST_PATH = FirebaseCoreInternal.framework/Info.plist
               INFOPLIST_PREPROCESS = NO
               INFOSTRINGS_PATH = FirebaseCoreInternal.framework/en.lproj/InfoPlist.strings
               INLINE_PRIVATE_FRAMEWORKS = NO
               INSTALLAPI_IGNORE_SKIP_INSTALL = YES
               INSTALLHDRS_COPY_PHASE = NO
               INSTALLHDRS_SCRIPT_PHASE = NO
               INSTALL_DIR = /tmp/Pods.dst/Library/Frameworks
               INSTALL_GROUP = staff
               INSTALL_MODE_FLAG = u+w,go-w,a+rX
               INSTALL_OWNER = gregoriomorelli
               INSTALL_PATH = /Library/Frameworks
               INSTALL_ROOT = /tmp/Pods.dst
               IPHONEOS_DEPLOYMENT_TARGET = 12.0
               IS_UNOPTIMIZED_BUILD = NO
               JAVAC_DEFAULT_FLAGS = -J-Xms64m -J-XX:NewSize=4M -J-Dfile.encoding=UTF8
               JAVA_APP_STUB = /System/Library/Frameworks/JavaVM.framework/Resources/MacOS/JavaApplicationStub
               JAVA_ARCHIVE_CLASSES = YES
               JAVA_ARCHIVE_TYPE = JAR
               JAVA_COMPILER = /usr/bin/javac
               JAVA_FOLDER_PATH = FirebaseCoreInternal.framework/Java
               JAVA_FRAMEWORK_RESOURCES_DIRS = Resources
               JAVA_JAR_FLAGS = cv
               JAVA_SOURCE_SUBDIR = .
               JAVA_USE_DEPENDENCIES = YES
               JAVA_ZIP_FLAGS = -urg
               JIKES_DEFAULT_FLAGS = +E +OLDCSO
               KEEP_PRIVATE_EXTERNS = NO
               LD_DEPENDENCY_INFO_FILE = /Users/gregoriomorelli/Documents/vibra/build/ios/Pods.build/Release-iphonesimulator/FirebaseCoreInternal.build/Objects-normal/undefined_arch/FirebaseCoreInternal_dependency_info.dat
               LD_DYLIB_INSTALL_NAME = @rpath/FirebaseCoreInternal.framework/FirebaseCoreInternal
               LD_EXPORT_SYMBOLS = YES
               LD_GENERATE_MAP_FILE = NO
               LD_MAP_FILE_PATH = /Users/gregoriomorelli/Documents/vibra/build/ios/Pods.build/Release-iphonesimulator/FirebaseCoreInternal.build/FirebaseCoreInternal-LinkMap-normal-undefined_arch.txt
               LD_NO_PIE = NO
               LD_QUOTE_LINKER_ARGUMENTS_FOR_COMPILER_DRIVER = YES
               LD_RUNPATH_SEARCH_PATHS =  @executable_path/Frameworks @loader_path/Frameworks
               LD_SHARED_CACHE_ELIGIBLE = Automatic
               LD_WARN_DUPLICATE_LIBRARIES = NO
               LD_WARN_UNUSED_DYLIBS = NO
               LEGACY_DEVELOPER_DIR = /Applications/Xcode.app/Contents/PlugIns/Xcode3Core.ideplugin/Contents/SharedSupport/Developer
               LEX = lex
               LIBRARY_DEXT_INSTALL_PATH = /Library/DriverExtensions
               LIBRARY_FLAG_NOSPACE = YES
               LIBRARY_FLAG_PREFIX = -l
               LIBRARY_KEXT_INSTALL_PATH = /Library/Extensions
               LIBRARY_SEARCH_PATHS = /Users/gregoriomorelli/Documents/vibra/build/ios/Release-iphonesimulator/FirebaseCoreInternal /Applications/Xcode.app/Contents/Developer/Toolchains/XcodeDefault.xctoolchain/usr/lib/swift/iphonesimulator /Applications/Xcode.app/Contents/Developer/Platforms/iPhoneSimulator.platform/Developer/SDKs/iPhoneSimulator26.5.sdk/usr/lib/swift
               LINKER_DISPLAYS_MANGLED_NAMES = NO
               LINK_FILE_LIST_normal_arm64 = /Users/gregoriomorelli/Documents/vibra/build/ios/Pods.build/Release-iphonesimulator/FirebaseCoreInternal.build/Objects-normal/arm64/FirebaseCoreInternal.LinkFileList
               LINK_FILE_LIST_normal_x86_64 = /Users/gregoriomorelli/Documents/vibra/build/ios/Pods.build/Release-iphonesimulator/FirebaseCoreInternal.build/Objects-normal/x86_64/FirebaseCoreInternal.LinkFileList
               LINK_OBJC_RUNTIME = YES
               LINK_WITH_STANDARD_LIBRARIES = YES
               LLVM_TARGET_TRIPLE_OS_VERSION = ios12.0
               LLVM_TARGET_TRIPLE_SUFFIX = -simulator
               LLVM_TARGET_TRIPLE_VENDOR = apple
               LM_AUX_CONST_METADATA_LIST_PATH_normal_arm64 = /Users/gregoriomorelli/Documents/vibra/build/ios/Pods.build/Release-iphonesimulator/FirebaseCoreInternal.build/Objects-normal/arm64/FirebaseCoreInternal.SwiftConstValuesFileList
               LM_AUX_CONST_METADATA_LIST_PATH_normal_x86_64 = /Users/gregoriomorelli/Documents/vibra/build/ios/Pods.build/Release-iphonesimulator/FirebaseCoreInternal.build/Objects-normal/x86_64/FirebaseCoreInternal.SwiftConstValuesFileList
               LOCALIZATION_EXPORT_SUPPORTED = YES
               LOCALIZATION_PREFERS_STRING_CATALOGS = NO
               LOCALIZED_RESOURCES_FOLDER_PATH = FirebaseCoreInternal.framework/en.lproj
               LOCALIZED_STRING_CODE_COMMENTS = NO
               LOCALIZED_STRING_MACRO_NAMES = NSLocalizedString CFCopyLocalizedString
               LOCALIZED_STRING_SWIFTUI_SUPPORT = YES
               LOCAL_ADMIN_APPS_DIR = /Applications/Utilities
               LOCAL_APPS_DIR = /Applications
               LOCAL_DEVELOPER_DIR = /Library/Developer
               LOCAL_LIBRARY_DIR = /Library
               LOCROOT = /Users/gregoriomorelli/Documents/vibra/ios/Pods
               LOCSYMROOT = /Users/gregoriomorelli/Documents/vibra/ios/Pods
               MACH_O_TYPE = mh_dylib
               MACOSX_DEPLOYMENT_TARGET = 26.5
               MAC_OS_X_PRODUCT_BUILD_VERSION = 25F84
               MAC_OS_X_VERSION_ACTUAL = 260502
               MAC_OS_X_VERSION_MAJOR = 260000
               MAC_OS_X_VERSION_MINOR = 260500
               MAKE_MERGEABLE = NO
               MERGEABLE_LIBRARY = NO
               MERGED_BINARY_TYPE = none
               MERGE_LINKED_LIBRARIES = NO
               METAL_LIBRARY_FILE_BASE = default
               METAL_LIBRARY_OUTPUT_DIR = /Users/gregoriomorelli/Documents/vibra/build/ios/Release-iphonesimulator/FirebaseCoreInternal/FirebaseCoreInternal.framework
               MODULEMAP_FILE = Target Support Files/FirebaseCoreInternal/FirebaseCoreInternal.modulemap
               MODULES_FOLDER_PATH = FirebaseCoreInternal.framework/Modules
               MTL_ENABLE_DEBUG_INFO = NO
               MTL_FAST_MATH = YES
               NATIVE_ARCH = arm64
               NATIVE_ARCH_32_BIT = arm
               NATIVE_ARCH_64_BIT = arm64
               NATIVE_ARCH_ACTUAL = arm64
               NO_COMMON = YES
               OBJC_ABI_VERSION = 2
               OBJECT_FILE_DIR = /Users/gregoriomorelli/Documents/vibra/build/ios/Pods.build/Release-iphonesimulator/FirebaseCoreInternal.build/Objects
               OBJECT_FILE_DIR_normal = /Users/gregoriomorelli/Documents/vibra/build/ios/Pods.build/Release-iphonesimulator/FirebaseCoreInternal.build/Objects-normal
               OBJROOT = /Users/gregoriomorelli/Documents/vibra/build/ios
               ONLY_ACTIVE_ARCH = NO
               OS = MACOS
               OSAC = /usr/bin/osacompile
               OTHER_LDFLAGS =  -framework "GoogleUtilities" -framework "Security" -framework "SystemConfiguration"
               OTHER_SWIFT_FLAGS =  -D COCOAPODS
               PACKAGE_TYPE = com.apple.package-type.wrapper.framework
               PASCAL_STRINGS = YES
               PATH = /Applications/Xcode.app/Contents/SharedFrameworks/SwiftBuild.framework/Versions/A/PlugIns/SWBBuildService.bundle/Contents/PlugIns/SWBUniversalPlatformPlugin.bundle/Contents/Frameworks/SWBUniversalPlatform.framework/Resources:/Applications/Xcode.app/Contents/Developer/Toolchains/XcodeDefault.xctoolchain/usr/bin:/Applications/Xcode.app/Contents/Developer/Toolchains/XcodeDefault.xctoolchain/usr/local/bin:/Applications/Xcode.app/Contents/Developer/Toolchains/XcodeDefault.xctoolchain/usr/libexec:/Applications/Xcode.app/Contents/Developer/Platforms/iPhoneSimulator.platform/usr/bin:/Applications/Xcode.app/Contents/Developer/Platforms/iPhoneSimulator.platform/usr/local/bin:/Applications/Xcode.app/Contents/Developer/Platforms/iPhoneSimulator.platform/Developer/usr/bin:/Applications/Xcode.app/Contents/Developer/Platforms/iPhoneSimulator.platform/Developer/usr/local/bin:/Applications/Xcode.app/Contents/Developer/usr/bin:/Applications/Xcode.app/Contents/Developer/usr/local/bin:/Users/gregoriomorelli/.gemini/antigravity/bin:/Users/gregoriomorelli/Library/Application Support/Antigravity/bin:/opt/homebrew/bin:/opt/homebrew/sbin:/Library/Developer/CommandLineTools/usr/bin:/Users/gregoriomorelli/development/flutter/bin:/Users/gregoriomorelli/Library/Android/sdk/platform-tools:/Users/gregoriomorelli/Library/Android/sdk/cmdline-tools/latest/bin:/Users/gregoriomorelli/Library/Android/sdk/emulator:/Users/gregoriomorelli/.antigravity-ide/antigravity-ide/bin:/Users/gregoriomorelli/.antigravity/antigravity/bin:/Applications/XAMPP/xamppfiles/bin:/Users/gregoriomorelli/develop/flutter/bin:/usr/local/bin:/System/Cryptexes/App/usr/bin:/usr/bin:/bin:/usr/sbin:/sbin:/var/run/com.apple.security.cryptexd/codex.system/bootstrap/usr/local/bin:/var/run/com.apple.security.cryptexd/codex.system/bootstrap/usr/bin:/var/run/com.apple.security.cryptexd/codex.system/bootstrap/usr/appleinternal/bin:/pkg/env/global/bin:/Users/gregoriomorelli/.spicetify
               PATH_PREFIXES_EXCLUDED_FROM_HEADER_DEPENDENCIES = /usr/include /usr/local/include /System/Library/Frameworks /System/Library/PrivateFrameworks /Applications/Xcode.app/Contents/Developer/Headers /Applications/Xcode.app/Contents/Developer/SDKs /Applications/Xcode.app/Contents/Developer/Platforms
               PBDEVELOPMENTPLIST_PATH = FirebaseCoreInternal.framework/pbdevelopment.plist
               PER_ARCH_MODULE_FILE_DIR = /Users/gregoriomorelli/Documents/vibra/build/ios/Pods.build/Release-iphonesimulator/FirebaseCoreInternal.build/Objects-normal/undefined_arch
               PER_ARCH_OBJECT_FILE_DIR = /Users/gregoriomorelli/Documents/vibra/build/ios/Pods.build/Release-iphonesimulator/FirebaseCoreInternal.build/Objects-normal/undefined_arch
               PER_VARIANT_OBJECT_FILE_DIR = /Users/gregoriomorelli/Documents/vibra/build/ios/Pods.build/Release-iphonesimulator/FirebaseCoreInternal.build/Objects-normal
               PKGINFO_FILE_PATH = /Users/gregoriomorelli/Documents/vibra/build/ios/Pods.build/Release-iphonesimulator/FirebaseCoreInternal.build/PkgInfo
               PKGINFO_PATH = FirebaseCoreInternal.framework/PkgInfo
               PLATFORM_DEVELOPER_APPLICATIONS_DIR = /Applications/Xcode.app/Contents/Developer/Platforms/iPhoneSimulator.platform/Developer/Applications
               PLATFORM_DEVELOPER_BIN_DIR = /Applications/Xcode.app/Contents/Developer/Platforms/iPhoneSimulator.platform/Developer/usr/bin
               PLATFORM_DEVELOPER_LIBRARY_DIR = /Applications/Xcode.app/Contents/Developer/Platforms/iPhoneSimulator.platform/Developer/Library
               PLATFORM_DEVELOPER_SDK_DIR = /Applications/Xcode.app/Contents/Developer/Platforms/iPhoneSimulator.platform/Developer/SDKs
               PLATFORM_DEVELOPER_TOOLS_DIR = /Applications/Xcode.app/Contents/Developer/Platforms/iPhoneSimulator.platform/Developer/Tools
               PLATFORM_DEVELOPER_USR_DIR = /Applications/Xcode.app/Contents/Developer/Platforms/iPhoneSimulator.platform/Developer/usr
               PLATFORM_DIR = /Applications/Xcode.app/Contents/Developer/Platforms/iPhoneSimulator.platform
               PLATFORM_DISPLAY_NAME = iOS Simulator
               PLATFORM_FAMILY_NAME = iOS
               PLATFORM_NAME = iphonesimulator
               PLATFORM_PREFERRED_ARCH = x86_64
               PLATFORM_PRODUCT_BUILD_VERSION = 23F73
               PLATFORM_REQUIRES_SWIFT_AUTOLINK_EXTRACT = NO
               PLATFORM_REQUIRES_SWIFT_MODULEWRAP = NO
               PLATFORM_USES_DSYMS = YES
               PLIST_FILE_OUTPUT_FORMAT = binary
               PLUGINS_FOLDER_PATH = FirebaseCoreInternal.framework/PlugIns
               PODS_BUILD_DIR = /Users/gregoriomorelli/Documents/vibra/build/ios
               PODS_CONFIGURATION_BUILD_DIR = /Users/gregoriomorelli/Documents/vibra/build/ios/Release-iphonesimulator
               PODS_DEVELOPMENT_LANGUAGE = en
               PODS_ROOT = /Users/gregoriomorelli/Documents/vibra/ios/Pods
               PODS_TARGET_SRCROOT = /Users/gregoriomorelli/Documents/vibra/ios/Pods/FirebaseCoreInternal
               PODS_XCFRAMEWORKS_BUILD_DIR = /Users/gregoriomorelli/Documents/vibra/build/ios/Release-iphonesimulator/XCFrameworkIntermediates
               PRECOMPS_INCLUDE_HEADERS_FROM_BUILT_PRODUCTS_DIR = YES
               PRECOMP_DESTINATION_DIR = /Users/gregoriomorelli/Documents/vibra/build/ios/Pods.build/Release-iphonesimulator/FirebaseCoreInternal.build/PrefixHeaders
               PRIVATE_HEADERS_FOLDER_PATH = FirebaseCoreInternal.framework/PrivateHeaders
               PROCESSED_INFOPLIST_PATH = /Users/gregoriomorelli/Documents/vibra/build/ios/Pods.build/Release-iphonesimulator/FirebaseCoreInternal.build/Objects-normal/undefined_arch/Processed-Info.plist
               PRODUCT_BUNDLE_IDENTIFIER = org.cocoapods.FirebaseCoreInternal
               PRODUCT_BUNDLE_PACKAGE_TYPE = FMWK
               PRODUCT_MODULE_NAME = FirebaseCoreInternal
               PRODUCT_NAME = FirebaseCoreInternal
               PRODUCT_SETTINGS_PATH = /Users/gregoriomorelli/Documents/vibra/ios/Pods/Target Support Files/FirebaseCoreInternal/FirebaseCoreInternal-Info.plist
               PRODUCT_TYPE = com.apple.product-type.framework
               PROFILING_CODE = NO
               PROJECT = Pods
               PROJECT_DERIVED_FILE_DIR = /Users/gregoriomorelli/Documents/vibra/build/ios/Pods.build/DerivedSources
               PROJECT_DIR = /Users/gregoriomorelli/Documents/vibra/ios/Pods
               PROJECT_FILE_PATH = /Users/gregoriomorelli/Documents/vibra/ios/Pods/Pods.xcodeproj
               PROJECT_GUID = bfdfe7dc352907fc980b868725387e98
               PROJECT_NAME = Pods
               PROJECT_TEMP_DIR = /Users/gregoriomorelli/Documents/vibra/build/ios/Pods.build
               PROJECT_TEMP_ROOT = /Users/gregoriomorelli/Documents/vibra/build/ios
               PUBLIC_HEADERS_FOLDER_PATH = FirebaseCoreInternal.framework/Headers
               RECOMMENDED_IPHONEOS_DEPLOYMENT_TARGET = 15.0
               RECURSIVE_SEARCH_PATHS_FOLLOW_SYMLINKS = YES
               REMOVE_CVS_FROM_RESOURCES = YES
               REMOVE_GIT_FROM_RESOURCES = YES
               REMOVE_HEADERS_FROM_EMBEDDED_BUNDLES = YES
               REMOVE_HG_FROM_RESOURCES = YES
               REMOVE_STATIC_EXECUTABLES_FROM_EMBEDDED_BUNDLES = YES
               REMOVE_SVN_FROM_RESOURCES = YES
               RESCHEDULE_INDEPENDENT_HEADERS_PHASES = YES
               REZ_COLLECTOR_DIR = /Users/gregoriomorelli/Documents/vibra/build/ios/Pods.build/Release-iphonesimulator/FirebaseCoreInternal.build/ResourceManagerResources
               REZ_OBJECTS_DIR = /Users/gregoriomorelli/Documents/vibra/build/ios/Pods.build/Release-iphonesimulator/FirebaseCoreInternal.build/ResourceManagerResources/Objects
               REZ_SEARCH_PATHS = /Users/gregoriomorelli/Documents/vibra/build/ios/Release-iphonesimulator/FirebaseCoreInternal 
               RPATH_ORIGIN = @loader_path
               RUNTIME_EXCEPTION_ALLOW_DYLD_ENVIRONMENT_VARIABLES = NO
               RUNTIME_EXCEPTION_ALLOW_JIT = NO
               RUNTIME_EXCEPTION_ALLOW_UNSIGNED_EXECUTABLE_MEMORY = NO
               RUNTIME_EXCEPTION_DEBUGGING_TOOL = NO
               RUNTIME_EXCEPTION_DISABLE_EXECUTABLE_PAGE_PROTECTION = NO
               RUNTIME_EXCEPTION_DISABLE_LIBRARY_VALIDATION = NO
               SCANNING_PCM_KEEP_CACHE_DIRECTORY = YES
               SCAN_ALL_SOURCE_FILES_FOR_INCLUDES = NO
               SCRIPTS_FOLDER_PATH = FirebaseCoreInternal.framework/Scripts
               SDKROOT = /Applications/Xcode.app/Contents/Developer/Platforms/iPhoneSimulator.platform/Developer/SDKs/iPhoneSimulator26.5.sdk
               SDK_DIR = /Applications/Xcode.app/Contents/Developer/Platforms/iPhoneSimulator.platform/Developer/SDKs/iPhoneSimulator26.5.sdk
               SDK_DIR_iphonesimulator = /Applications/Xcode.app/Contents/Developer/Platforms/iPhoneSimulator.platform/Developer/SDKs/iPhoneSimulator26.5.sdk
               SDK_DIR_iphonesimulator26_5 = /Applications/Xcode.app/Contents/Developer/Platforms/iPhoneSimulator.platform/Developer/SDKs/iPhoneSimulator26.5.sdk
               SDK_NAME = iphonesimulator26.5
               SDK_NAMES = iphonesimulator26.5
               SDK_PRODUCT_BUILD_VERSION = 23F73
               SDK_STAT_CACHE_DIR = /var/folders/pg/x6t89f2n7s7299rcw8hv33180000gn/C/com.apple.DeveloperTools/26.5-17F42/Xcode
               SDK_STAT_CACHE_ENABLE = YES
               SDK_STAT_CACHE_PATH = /var/folders/pg/x6t89f2n7s7299rcw8hv33180000gn/C/com.apple.DeveloperTools/26.5-17F42/Xcode/SDKStatCaches.noindex/iphonesimulator26.5-23F73-6cfe768891a92b912361537c460fe42b.sdkstatcache
               SDK_VERSION = 26.5
               SDK_VERSION_ACTUAL = 260500
               SDK_VERSION_MAJOR = 260000
               SDK_VERSION_MINOR = 260500
               SED = /usr/bin/sed
               SEPARATE_STRIP = NO
               SEPARATE_SYMBOL_EDIT = NO
               SET_DIR_MODE_OWNER_GROUP = YES
               SET_FILE_MODE_OWNER_GROUP = NO
               SHALLOW_BUNDLE = YES
               SHALLOW_BUNDLE_TRIPLE = ios-simulator
               SHALLOW_BUNDLE_ios_macabi = NO
               SHALLOW_BUNDLE_macos = NO
               SHARED_DERIVED_FILE_DIR = /Users/gregoriomorelli/Documents/vibra/build/ios/Release-iphonesimulator/FirebaseCoreInternal/DerivedSources
               SHARED_FRAMEWORKS_FOLDER_PATH = FirebaseCoreInternal.framework/SharedFrameworks
               SHARED_PRECOMPS_DIR = /Users/gregoriomorelli/Documents/vibra/build/ios/SharedPrecompiledHeaders
               SHARED_SUPPORT_FOLDER_PATH = FirebaseCoreInternal.framework
               SKIP_INSTALL = YES
               SKIP_MERGEABLE_LIBRARY_BUNDLE_HOOK = NO
               SOURCE_ROOT = /Users/gregoriomorelli/Documents/vibra/ios/Pods
               SRCROOT = /Users/gregoriomorelli/Documents/vibra/ios/Pods
               STRINGSDATA_DIR = /Users/gregoriomorelli/Documents/vibra/build/ios/Pods.build/Release-iphonesimulator/FirebaseCoreInternal.build/Objects-normal/undefined_arch
               STRINGSDATA_ROOT = /Users/gregoriomorelli/Documents/vibra/build/ios/Pods.build/Release-iphonesimulator/FirebaseCoreInternal.build
               STRINGS_FILE_INFOPLIST_RENAME = YES
               STRINGS_FILE_OUTPUT_ENCODING = binary
               STRING_CATALOG_GENERATE_SYMBOLS = NO
               STRIP_BITCODE_FROM_COPIED_FILES = NO
               STRIP_INSTALLED_PRODUCT = NO
               STRIP_STYLE = debugging
               STRIP_SWIFT_SYMBOLS = YES
               SUPPORTED_DEVICE_FAMILIES = 1,2
               SUPPORTED_PLATFORMS = iphoneos iphonesimulator
               SUPPORTS_TEXT_BASED_API = NO
               SUPPRESS_WARNINGS = NO
               SWIFT_ACTIVE_COMPILATION_CONDITIONS =  
               SWIFT_COMPILATION_MODE = wholemodule
               SWIFT_EMIT_CONST_VALUE_PROTOCOLS = AnyResolverProviding AppEntity AppEnum AppExtension AppIntent AppIntentsPackage AppShortcutProviding AppShortcutsProvider AppUnionValue AppUnionValueCasesProviding DynamicOptionsProvider EntityQuery ExtensionPointDefining IntentValueQuery Resolver TransientEntity _AssistantIntentsProvider _GenerativeFunctionExtractable _IntentValueRepresentable
               SWIFT_EMIT_LOC_STRINGS = NO
               SWIFT_ENABLE_EXPLICIT_MODULES = YES
               SWIFT_INSTALL_MODULE_FOR_DEPLOYMENT = YES
               SWIFT_INSTALL_OBJC_HEADER = YES
               SWIFT_OPTIMIZATION_LEVEL = -O
               SWIFT_PLATFORM_TARGET_PREFIX = ios
               SWIFT_RESPONSE_FILE_PATH_normal_arm64 = /Users/gregoriomorelli/Documents/vibra/build/ios/Pods.build/Release-iphonesimulator/FirebaseCoreInternal.build/Objects-normal/arm64/FirebaseCoreInternal.SwiftFileList
               SWIFT_RESPONSE_FILE_PATH_normal_x86_64 = /Users/gregoriomorelli/Documents/vibra/build/ios/Pods.build/Release-iphonesimulator/FirebaseCoreInternal.build/Objects-normal/x86_64/FirebaseCoreInternal.SwiftFileList
               SWIFT_VERSION = 5.9
               SYMROOT = /Users/gregoriomorelli/Documents/vibra/ios/build
               SYSTEM_ADMIN_APPS_DIR = /Applications/Utilities
               SYSTEM_APPS_DIR = /Applications
               SYSTEM_CORE_SERVICES_DIR = /System/Library/CoreServices
               SYSTEM_DEMOS_DIR = /Applications/Extras
               SYSTEM_DEVELOPER_APPS_DIR = /Applications/Xcode.app/Contents/Developer/Applications
               SYSTEM_DEVELOPER_BIN_DIR = /Applications/Xcode.app/Contents/Developer/usr/bin
               SYSTEM_DEVELOPER_DEMOS_DIR = /Applications/Xcode.app/Contents/Developer/Applications/Utilities/Built Examples
               SYSTEM_DEVELOPER_DIR = /Applications/Xcode.app/Contents/Developer
               SYSTEM_DEVELOPER_DOC_DIR = /Applications/Xcode.app/Contents/Developer/ADC Reference Library
               SYSTEM_DEVELOPER_GRAPHICS_TOOLS_DIR = /Applications/Xcode.app/Contents/Developer/Applications/Graphics Tools
               SYSTEM_DEVELOPER_JAVA_TOOLS_DIR = /Applications/Xcode.app/Contents/Developer/Applications/Java Tools
               SYSTEM_DEVELOPER_PERFORMANCE_TOOLS_DIR = /Applications/Xcode.app/Contents/Developer/Applications/Performance Tools
               SYSTEM_DEVELOPER_RELEASENOTES_DIR = /Applications/Xcode.app/Contents/Developer/ADC Reference Library/releasenotes
               SYSTEM_DEVELOPER_TOOLS = /Applications/Xcode.app/Contents/Developer/Tools
               SYSTEM_DEVELOPER_TOOLS_DOC_DIR = /Applications/Xcode.app/Contents/Developer/ADC Reference Library/documentation/DeveloperTools
               SYSTEM_DEVELOPER_TOOLS_RELEASENOTES_DIR = /Applications/Xcode.app/Contents/Developer/ADC Reference Library/releasenotes/DeveloperTools
               SYSTEM_DEVELOPER_USR_DIR = /Applications/Xcode.app/Contents/Developer/usr
               SYSTEM_DEVELOPER_UTILITIES_DIR = /Applications/Xcode.app/Contents/Developer/Applications/Utilities
               SYSTEM_DEXT_INSTALL_PATH = /System/Library/DriverExtensions
               SYSTEM_DOCUMENTATION_DIR = /Library/Documentation
               SYSTEM_EXTENSIONS_FOLDER_PATH = FirebaseCoreInternal.framework/SystemExtensions
               SYSTEM_EXTENSIONS_FOLDER_PATH_SHALLOW_BUNDLE_NO = FirebaseCoreInternal.framework/Library/SystemExtensions
               SYSTEM_EXTENSIONS_FOLDER_PATH_SHALLOW_BUNDLE_YES = FirebaseCoreInternal.framework/SystemExtensions
               SYSTEM_KEXT_INSTALL_PATH = /System/Library/Extensions
               SYSTEM_LIBRARY_DIR = /System/Library
               TAPI_DEMANGLE = YES
               TAPI_ENABLE_PROJECT_HEADERS = NO
               TAPI_LANGUAGE = objective-c
               TAPI_LANGUAGE_STANDARD = compiler-default
               TAPI_USE_SRCROOT = YES
               TAPI_VERIFY_MODE = Pedantic
               TARGETED_DEVICE_FAMILY = 1,2
               TARGETNAME = FirebaseCoreInternal
               TARGET_BUILD_DIR = /Users/gregoriomorelli/Documents/vibra/build/ios/Release-iphonesimulator/FirebaseCoreInternal
               TARGET_NAME = FirebaseCoreInternal
               TARGET_TEMP_DIR = /Users/gregoriomorelli/Documents/vibra/build/ios/Pods.build/Release-iphonesimulator/FirebaseCoreInternal.build
               TEMP_DIR = /Users/gregoriomorelli/Documents/vibra/build/ios/Pods.build/Release-iphonesimulator/FirebaseCoreInternal.build
               TEMP_FILES_DIR = /Users/gregoriomorelli/Documents/vibra/build/ios/Pods.build/Release-iphonesimulator/FirebaseCoreInternal.build
               TEMP_FILE_DIR = /Users/gregoriomorelli/Documents/vibra/build/ios/Pods.build/Release-iphonesimulator/FirebaseCoreInternal.build
               TEMP_ROOT = /Users/gregoriomorelli/Documents/vibra/build/ios
               TEMP_SANDBOX_DIR = /Users/gregoriomorelli/Documents/vibra/build/ios/TemporaryTaskSandboxes
               TEST_FRAMEWORK_SEARCH_PATHS =  /Applications/Xcode.app/Contents/Developer/Platforms/iPhoneSimulator.platform/Developer/Library/Frameworks /Applications/Xcode.app/Contents/Developer/Platforms/iPhoneSimulator.platform/Developer/SDKs/iPhoneSimulator26.5.sdk/Developer/Library/Frameworks
               TEST_LIBRARY_SEARCH_PATHS =  /Applications/Xcode.app/Contents/Developer/Platforms/iPhoneSimulator.platform/Developer/usr/lib
               TOOLCHAINS = com.apple.dt.toolchain.XcodeDefault
               TOOLCHAIN_DIR = /Applications/Xcode.app/Contents/Developer/Toolchains/XcodeDefault.xctoolchain
               TREAT_MISSING_BASELINES_AS_TEST_FAILURES = NO
               TREAT_MISSING_SCRIPT_PHASE_OUTPUTS_AS_ERRORS = NO
               TVOS_DEPLOYMENT_TARGET = 26.5
               UID = 501
               UNINSTALLED_PRODUCTS_DIR = /Users/gregoriomorelli/Documents/vibra/build/ios/UninstalledProducts
               UNLOCALIZED_RESOURCES_FOLDER_PATH = FirebaseCoreInternal.framework
               UNLOCALIZED_RESOURCES_FOLDER_PATH_SHALLOW_BUNDLE_NO = FirebaseCoreInternal.framework/Resources
               UNLOCALIZED_RESOURCES_FOLDER_PATH_SHALLOW_BUNDLE_YES = FirebaseCoreInternal.framework
               UNSTRIPPED_PRODUCT = NO
               USER = gregoriomorelli
               USER_APPS_DIR = /Users/gregoriomorelli/Applications
               USER_LIBRARY_DIR = /Users/gregoriomorelli/Library
               USE_DYNAMIC_NO_PIC = YES
               USE_HEADERMAP = YES
               USE_HEADER_SYMLINKS = NO
               USE_RECURSIVE_SCRIPT_INPUTS_IN_SCRIPT_PHASES = YES
               VALIDATE_DEVELOPMENT_ASSET_PATHS = YES_ERROR
               VALIDATE_PRODUCT = YES
               VALID_ARCHS = arm64 x86_64
               VERBOSE_PBXCP = NO
               VERSIONING_SYSTEM = apple-generic
               VERSIONPLIST_PATH = FirebaseCoreInternal.framework/version.plist
               VERSIONS_FOLDER_PATH = FirebaseCoreInternal.framework
               VERSIONS_FOLDER_PATH_SHALLOW_BUNDLE_NO = FirebaseCoreInternal.framework/Versions
               VERSIONS_FOLDER_PATH_SHALLOW_BUNDLE_YES = FirebaseCoreInternal.framework
               VERSION_INFO_BUILDER = gregoriomorelli
               VERSION_INFO_FILE = FirebaseCoreInternal_vers.c
               VERSION_INFO_STRING = "@(#)PROGRAM:FirebaseCoreInternal  PROJECT:Pods-1"
               WATCHOS_DEPLOYMENT_TARGET = 26.5
               WORKSPACE_DIR = /Users/gregoriomorelli/Documents/vibra/ios/Pods/Pods.xcodeproj
               WRAPPER_EXTENSION = framework
               WRAPPER_NAME = FirebaseCoreInternal.framework
               WRAPPER_SUFFIX = .framework
               WRAP_ASSET_PACKS_IN_SEPARATE_DIRECTORIES = NO
               XCODE_APP_SUPPORT_DIR = /Applications/Xcode.app/Contents/Developer/Library/Xcode
               XCODE_PRODUCT_BUILD_VERSION = 17F42
               XCODE_VERSION_ACTUAL = 2650
               XCODE_VERSION_MAJOR = 2600
               XCODE_VERSION_MINOR = 2650
               XPCSERVICES_FOLDER_PATH = FirebaseCoreInternal.framework/XPCServices
               XROS_DEPLOYMENT_TARGET = 26.5
               YACC = yacc
               _DISCOVER_COMMAND_LINE_LINKER_INPUTS = YES
               _DISCOVER_COMMAND_LINE_LINKER_INPUTS_INCLUDE_WL = YES
               _LD_MULTIARCH = YES
               _WRAPPER_CONTENTS_DIR_SHALLOW_BUNDLE_NO = /Contents
               _WRAPPER_PARENT_PATH_SHALLOW_BUNDLE_NO = /..
               _WRAPPER_RESOURCES_DIR_SHALLOW_BUNDLE_NO = /Resources
               __DIAGNOSE_DEPRECATED_ARCHS = YES
               __ORIGINAL_SDK_DEFINED_LLVM_TARGET_TRIPLE_SYS = ios
               arch = undefined_arch
               variant = normal

           Build settings for action build and target FirebaseCoreInternal-FirebaseCoreInternal_Privacy:
               ACTION = build
               AD_HOC_CODE_SIGNING_ALLOWED = YES
               ALLOW_BUILD_REQUEST_OVERRIDES = NO
               ALLOW_TARGET_PLATFORM_SPECIALIZATION = NO
               ALTERNATE_GROUP = staff
               ALTERNATE_MODE = u+w,go-w,a+rX
               ALTERNATE_OWNER = gregoriomorelli
               ALTERNATIVE_DISTRIBUTION_WEB = NO
               ALWAYS_EMBED_SWIFT_STANDARD_LIBRARIES = NO
               ALWAYS_SEARCH_USER_PATHS = NO
               ALWAYS_USE_SEPARATE_HEADERMAPS = NO
               APPLICATION_EXTENSION_API_ONLY = NO
               APPLY_RULES_IN_COPY_FILES = NO
               APPLY_RULES_IN_COPY_HEADERS = NO
               APP_SHORTCUTS_ENABLE_FLEXIBLE_MATCHING = YES
               ARCHS = arm64 x86_64
               ARCHS_BASE = arm64 x86_64
               ARCHS_STANDARD = arm64 x86_64
               ARCHS_STANDARD_32_64_BIT = arm64 x86_64
               ARCHS_STANDARD_64_BIT = arm64 x86_64
               ARCHS_STANDARD_INCLUDING_64_BIT = arm64 x86_64
               ARCHS_UNIVERSAL_IPHONE_OS = arm64 x86_64
               AUTOMATICALLY_MERGE_DEPENDENCIES = NO
               AUTOMATION_APPLE_EVENTS = NO
               AVAILABLE_PLATFORMS = android appletvos appletvsimulator driverkit freebsd iphoneos iphonesimulator linux macosx none openbsd qnx watchos watchsimulator webassembly xros xrsimulator
               BUILD_ACTIVE_RESOURCES_ONLY = NO
               BUILD_COMPONENTS = headers build
               BUILD_DIR = /Users/gregoriomorelli/Documents/vibra/build/ios
               BUILD_LIBRARY_FOR_DISTRIBUTION = NO
               BUILD_ONLY_KNOWN_LOCALIZATIONS = NO
               BUILD_ROOT = /Users/gregoriomorelli/Documents/vibra/ios/build
               BUILD_STYLE = 
               BUILD_VARIANTS = normal
               BUILT_PRODUCTS_DIR = /Users/gregoriomorelli/Documents/vibra/build/ios/Release-iphonesimulator/FirebaseCoreInternal
               BUNDLE_CONTENTS_FOLDER_PATH_deep = Contents/
               BUNDLE_EXECUTABLE_FOLDER_NAME_deep = MacOS
               BUNDLE_EXTENSIONS_FOLDER_PATH = Extensions
               BUNDLE_FORMAT = shallow
               BUNDLE_FRAMEWORKS_FOLDER_PATH = Frameworks
               BUNDLE_PLUGINS_FOLDER_PATH = PlugIns
               BUNDLE_PRIVATE_HEADERS_FOLDER_PATH = PrivateHeaders
               BUNDLE_PUBLIC_HEADERS_FOLDER_PATH = Headers
               CACHE_ROOT = /var/folders/pg/x6t89f2n7s7299rcw8hv33180000gn/C/com.apple.DeveloperTools/26.5-17F42/Xcode
               CCHROOT = /var/folders/pg/x6t89f2n7s7299rcw8hv33180000gn/C/com.apple.DeveloperTools/26.5-17F42/Xcode
               CHMOD = /bin/chmod
               CHOWN = chown
               CLANG_ANALYZER_LOCALIZABILITY_NONLOCALIZED = YES
               CLANG_ANALYZER_NONNULL = YES
               CLANG_ANALYZER_NUMBER_OBJECT_CONVERSION = YES_AGGRESSIVE
               CLANG_CACHE_FINE_GRAINED_OUTPUTS = YES
               CLANG_CXX_LANGUAGE_STANDARD = gnu++14
               CLANG_CXX_LIBRARY = libc++
               CLANG_ENABLE_EXPLICIT_MODULES = YES
               CLANG_ENABLE_MODULES = YES
               CLANG_ENABLE_OBJC_ARC = YES
               CLANG_ENABLE_OBJC_WEAK = YES
               CLANG_MODULES_BUILD_SESSION_FILE = /var/folders/pg/x6t89f2n7s7299rcw8hv33180000gn/C/org.llvm.clang/ModuleCache.noindex/Session.modulevalidation
               CLANG_WARN_BLOCK_CAPTURE_AUTORELEASING = YES
               CLANG_WARN_BOOL_CONVERSION = YES
               CLANG_WARN_COMMA = YES
               CLANG_WARN_CONSTANT_CONVERSION = YES
               CLANG_WARN_DEPRECATED_OBJC_IMPLEMENTATIONS = YES
               CLANG_WARN_DIRECT_OBJC_ISA_USAGE = YES_ERROR
               CLANG_WARN_DOCUMENTATION_COMMENTS = YES
               CLANG_WARN_EMPTY_BODY = YES
               CLANG_WARN_ENUM_CONVERSION = YES
               CLANG_WARN_INFINITE_RECURSION = YES
               CLANG_WARN_INT_CONVERSION = YES
               CLANG_WARN_NON_LITERAL_NULL_CONVERSION = YES
               CLANG_WARN_OBJC_IMPLICIT_RETAIN_SELF = YES
               CLANG_WARN_OBJC_LITERAL_CONVERSION = YES
               CLANG_WARN_OBJC_ROOT_CLASS = YES_ERROR
               CLANG_WARN_QUOTED_INCLUDE_IN_FRAMEWORK_HEADER = NO
               CLANG_WARN_RANGE_LOOP_ANALYSIS = YES
               CLANG_WARN_STRICT_PROTOTYPES = YES
               CLANG_WARN_SUSPICIOUS_MOVE = YES
               CLANG_WARN_UNGUARDED_AVAILABILITY = YES_AGGRESSIVE
               CLANG_WARN_UNREACHABLE_CODE = YES
               CLANG_WARN__DUPLICATE_METHOD_MATCH = YES
               CLASS_FILE_DIR = /Users/gregoriomorelli/Documents/vibra/build/ios/Pods.build/Release-iphonesimulator/FirebaseCoreInternal-FirebaseCoreInternal_Privacy.build/JavaClasses
               CLEAN_PRECOMPS = YES
               CLONE_HEADERS = NO
               CODESIGNING_FOLDER_PATH = /Users/gregoriomorelli/Documents/vibra/build/ios/Release-iphonesimulator/FirebaseCoreInternal/FirebaseCoreInternal_Privacy.bundle
               CODE_SIGNING_ALLOWED = NO
               CODE_SIGNING_IDENTITY = -
               CODE_SIGNING_REQUIRED = NO
               CODE_SIGN_CONTEXT_CLASS = XCiPhoneSimulatorCodeSignContext
               CODE_SIGN_IDENTITY = -
               CODE_SIGN_INJECT_BASE_ENTITLEMENTS = YES
               COLOR_DIAGNOSTICS = NO
               COMBINE_HIDPI_IMAGES = NO
               COMPILATION_CACHE_CAS_PATH = /var/folders/pg/x6t89f2n7s7299rcw8hv33180000gn/C/com.apple.DeveloperTools/26.5-17F42/Xcode/CompilationCache.noindex
               COMPILATION_CACHE_KEEP_CAS_DIRECTORY = YES
               COMPILER_INDEX_STORE_ENABLE = Default
               COMPOSITE_SDK_DIRS = /Users/gregoriomorelli/Documents/vibra/build/ios/CompositeSDKs
               COMPRESS_PNG_FILES = YES
               CONFIGURATION = Release
               CONFIGURATION_BUILD_DIR = /Users/gregoriomorelli/Documents/vibra/build/ios/Release-iphonesimulator/FirebaseCoreInternal
               CONFIGURATION_TEMP_DIR = /Users/gregoriomorelli/Documents/vibra/build/ios/Pods.build/Release-iphonesimulator
               CONTENTS_FOLDER_PATH = FirebaseCoreInternal_Privacy.bundle
               CONTENTS_FOLDER_PATH_SHALLOW_BUNDLE_NO = FirebaseCoreInternal_Privacy.bundle/Contents
               CONTENTS_FOLDER_PATH_SHALLOW_BUNDLE_YES = FirebaseCoreInternal_Privacy.bundle
               COPYING_PRESERVES_HFS_DATA = NO
               COPY_HEADERS_RUN_UNIFDEF = NO
               COPY_PHASE_STRIP = NO
               CORRESPONDING_DEVICE_PLATFORM_DIR = /Applications/Xcode.app/Contents/Developer/Platforms/iPhoneOS.platform
               CORRESPONDING_DEVICE_PLATFORM_NAME = iphoneos
               CORRESPONDING_DEVICE_SDK_DIR = /Applications/Xcode.app/Contents/Developer/Platforms/iPhoneOS.platform/Developer/SDKs/iPhoneOS26.5.sdk
               CORRESPONDING_DEVICE_SDK_NAME = iphoneos26.5
               CP = /bin/cp
               CREATE_INFOPLIST_SECTION_IN_BINARY = NO
               CURRENT_ARCH = undefined_arch
               CURRENT_VARIANT = normal
               DEAD_CODE_STRIPPING = YES
               DEBUGGING_SYMBOLS = YES
               DEBUG_INFORMATION_FORMAT = dwarf-with-dsym
               DEBUG_INFORMATION_VERSION = compiler-default
               DEFAULT_COMPILER = com.apple.compilers.llvm.clang.1_0
               DEFAULT_DEXT_INSTALL_PATH = /System/Library/DriverExtensions
               DEFAULT_KEXT_INSTALL_PATH = /System/Library/Extensions
               DEFINES_MODULE = NO
               DEPLOYMENT_LOCATION = NO
               DEPLOYMENT_POSTPROCESSING = NO
               DEPLOYMENT_TARGET_SETTING_NAME = IPHONEOS_DEPLOYMENT_TARGET
               DEPLOYMENT_TARGET_SUGGESTED_VALUES = 12.0 12.1 12.2 12.3 12.4 13.0 13.1 13.2 13.3 13.4 13.5 13.6 14.0 14.1 14.2 14.3 14.4 14.5 14.6 14.7 15.0 15.1 15.2 15.3 15.4 15.5 15.6 16.0 16.1 16.2 16.3 16.4 16.5 16.6 17.0 17.1 17.2 17.3 17.4 17.5 17.6 18.0 18.1 18.2 18.3 18.4 18.5 18.6 26.0 26.2 26.3 26.4 26.5
               DERIVED_FILES_DIR = /Users/gregoriomorelli/Documents/vibra/build/ios/Pods.build/Release-iphonesimulator/FirebaseCoreInternal-FirebaseCoreInternal_Privacy.build/DerivedSources
               DERIVED_FILE_DIR = /Users/gregoriomorelli/Documents/vibra/build/ios/Pods.build/Release-iphonesimulator/FirebaseCoreInternal-FirebaseCoreInternal_Privacy.build/DerivedSources
               DERIVED_SOURCES_DIR = /Users/gregoriomorelli/Documents/vibra/build/ios/Pods.build/Release-iphonesimulator/FirebaseCoreInternal-FirebaseCoreInternal_Privacy.build/DerivedSources
               DEVELOPER_APPLICATIONS_DIR = /Applications/Xcode.app/Contents/Developer/Applications
               DEVELOPER_BIN_DIR = /Applications/Xcode.app/Contents/Developer/usr/bin
               DEVELOPER_DIR = /Applications/Xcode.app/Contents/Developer
               DEVELOPER_FRAMEWORKS_DIR = /Applications/Xcode.app/Contents/Developer/Library/Frameworks
               DEVELOPER_FRAMEWORKS_DIR_QUOTED = /Applications/Xcode.app/Contents/Developer/Library/Frameworks
               DEVELOPER_LIBRARY_DIR = /Applications/Xcode.app/Contents/Developer/Library
               DEVELOPER_SDK_DIR = /Applications/Xcode.app/Contents/Developer/Platforms/MacOSX.platform/Developer/SDKs
               DEVELOPER_TOOLS_DIR = /Applications/Xcode.app/Contents/Developer/Tools
               DEVELOPER_USR_DIR = /Applications/Xcode.app/Contents/Developer/usr
               DEVELOPMENT_LANGUAGE = en
               DIAGNOSE_MISSING_TARGET_DEPENDENCIES = YES
               DIFF = /usr/bin/diff
               DOCUMENTATION_FOLDER_PATH = FirebaseCoreInternal_Privacy.bundle/en.lproj/Documentation
               DONT_GENERATE_INFOPLIST_FILE = NO
               DRIVERKIT_DEPLOYMENT_TARGET = 25.5
               DSTROOT = /tmp/Pods.dst
               DT_TOOLCHAIN_DIR = /Applications/Xcode.app/Contents/Developer/Toolchains/XcodeDefault.xctoolchain
               DUMP_DEPENDENCIES = NO
               DUMP_DEPENDENCIES_OUTPUT_PATH = /Users/gregoriomorelli/Documents/vibra/build/ios/Pods.build/Release-iphonesimulator/FirebaseCoreInternal-FirebaseCoreInternal_Privacy.build/FirebaseCoreInternal-FirebaseCoreInternal_Privacy-BuildDependencyInfo.json
               DWARF_DSYM_FILE_NAME = FirebaseCoreInternal_Privacy.bundle.dSYM
               DWARF_DSYM_FILE_SHOULD_ACCOMPANY_PRODUCT = NO
               DWARF_DSYM_FOLDER_PATH = /Users/gregoriomorelli/Documents/vibra/build/ios/Release-iphonesimulator/FirebaseCoreInternal
               DYNAMIC_LIBRARY_EXTENSION = dylib
               EAGER_COMPILATION_ALLOW_SCRIPTS = NO
               EAGER_LINKING = NO
               EFFECTIVE_PLATFORM_NAME = -iphonesimulator
               EFFECTIVE_SWIFT_VERSION = 5
               EMBEDDED_CONTENT_CONTAINS_SWIFT = NO
               EMBED_ASSET_PACKS_IN_PRODUCT_BUNDLE = NO
               ENABLE_APP_SANDBOX = NO
               ENABLE_CODE_COVERAGE = YES
               ENABLE_COHORT_ARCHS = NO
               ENABLE_CPLUSPLUS_BOUNDS_SAFE_BUFFERS = NO
               ENABLE_C_BOUNDS_SAFETY = NO
               ENABLE_DEFAULT_HEADER_SEARCH_PATHS = YES
               ENABLE_DEFAULT_SEARCH_PATHS = YES
               ENABLE_ENHANCED_SECURITY = NO
               ENABLE_HARDENED_RUNTIME = NO
               ENABLE_HEADER_DEPENDENCIES = YES
               ENABLE_INCOMING_NETWORK_CONNECTIONS = NO
               ENABLE_NS_ASSERTIONS = NO
               ENABLE_ON_DEMAND_RESOURCES = NO
               ENABLE_OUTGOING_NETWORK_CONNECTIONS = NO
               ENABLE_POINTER_AUTHENTICATION = NO
               ENABLE_RESOURCE_ACCESS_AUDIO_INPUT = NO
               ENABLE_RESOURCE_ACCESS_BLUETOOTH = NO
               ENABLE_RESOURCE_ACCESS_CALENDARS = NO
               ENABLE_RESOURCE_ACCESS_CAMERA = NO
               ENABLE_RESOURCE_ACCESS_CONTACTS = NO
               ENABLE_RESOURCE_ACCESS_LOCATION = NO
               ENABLE_RESOURCE_ACCESS_PHOTO_LIBRARY = NO
               ENABLE_RESOURCE_ACCESS_PRINTING = NO
               ENABLE_RESOURCE_ACCESS_USB = NO
               ENABLE_SDK_IMPORTS = NO
               ENABLE_SECURITY_COMPILER_WARNINGS = NO
               ENABLE_STRICT_OBJC_MSGSEND = YES
               ENABLE_TESTABILITY = NO
               ENABLE_TESTING_SEARCH_PATHS = NO
               ENABLE_USER_SCRIPT_SANDBOXING = NO
               ENFORCE_VALID_ARCHS = YES
               ENTITLEMENTS_DESTINATION = __entitlements
               ENTITLEMENTS_REQUIRED = NO
               EXCLUDED_INSTALLSRC_SUBDIRECTORY_PATTERNS = .DS_Store .svn .git .hg CVS
               EXCLUDED_RECURSIVE_SEARCH_PATH_SUBDIRECTORIES = *.nib *.lproj *.framework *.gch *.xcode* *.xcassets *.icon (*) .DS_Store CVS .svn .git .hg *.pbproj *.pbxproj
               EXECUTABLES_FOLDER_PATH = FirebaseCoreInternal_Privacy.bundle/Executables
               EXECUTABLE_FOLDER_PATH = FirebaseCoreInternal_Privacy.bundle
               EXECUTABLE_FOLDER_PATH_SHALLOW_BUNDLE_NO = FirebaseCoreInternal_Privacy.bundle/MacOS
               EXECUTABLE_FOLDER_PATH_SHALLOW_BUNDLE_YES = FirebaseCoreInternal_Privacy.bundle
               EXECUTABLE_NAME = FirebaseCoreInternal_Privacy
               EXECUTABLE_PATH = FirebaseCoreInternal_Privacy.bundle/FirebaseCoreInternal_Privacy
               EXPANDED_CODE_SIGN_IDENTITY = -
               EXTENSIONS_FOLDER_PATH = FirebaseCoreInternal_Privacy.bundle/Extensions
               FILE_LIST = /Users/gregoriomorelli/Documents/vibra/build/ios/Pods.build/Release-iphonesimulator/FirebaseCoreInternal-FirebaseCoreInternal_Privacy.build/Objects/LinkFileList
               FIXED_FILES_DIR = /Users/gregoriomorelli/Documents/vibra/build/ios/Pods.build/Release-iphonesimulator/FirebaseCoreInternal-FirebaseCoreInternal_Privacy.build/FixedFiles
               FRAMEWORKS_FOLDER_PATH = FirebaseCoreInternal_Privacy.bundle/Frameworks
               FRAMEWORK_FLAG_PREFIX = -framework
               FRAMEWORK_SEARCH_PATHS = /Users/gregoriomorelli/Documents/vibra/build/ios/Release-iphonesimulator/FirebaseCoreInternal  "/Users/gregoriomorelli/Documents/vibra/build/ios/Release-iphonesimulator/GoogleUtilities"
               FRAMEWORK_VERSION = A
               FULL_PRODUCT_NAME = FirebaseCoreInternal_Privacy.bundle
               FUSE_BUILD_PHASES = YES
               FUSE_BUILD_SCRIPT_PHASES = NO
               GCC3_VERSION = 3.3
               GCC_C_LANGUAGE_STANDARD = gnu11
               GCC_INLINES_ARE_PRIVATE_EXTERN = YES
               GCC_NO_COMMON_BLOCKS = YES
               GCC_OBJC_LEGACY_DISPATCH = YES
               GCC_PFE_FILE_C_DIALECTS = c objective-c c++ objective-c++
               GCC_PREPROCESSOR_DEFINITIONS = POD_CONFIGURATION_RELEASE=1  COCOAPODS=1
               GCC_TREAT_WARNINGS_AS_ERRORS = NO
               GCC_VERSION = com.apple.compilers.llvm.clang.1_0
               GCC_VERSION_IDENTIFIER = com_apple_compilers_llvm_clang_1_0
               GCC_WARN_64_TO_32_BIT_CONVERSION = YES
               GCC_WARN_ABOUT_RETURN_TYPE = YES_ERROR
               GCC_WARN_UNDECLARED_SELECTOR = YES
               GCC_WARN_UNINITIALIZED_AUTOS = YES_AGGRESSIVE
               GCC_WARN_UNUSED_FUNCTION = YES
               GCC_WARN_UNUSED_VARIABLE = YES
               GENERATED_MODULEMAP_DIR = /Users/gregoriomorelli/Documents/vibra/build/ios/GeneratedModuleMaps-iphonesimulator
               GENERATE_INFOPLIST_FILE = NO
               GENERATE_INTERMEDIATE_TEXT_BASED_STUBS = YES
               GENERATE_PKGINFO_FILE = NO
               GENERATE_PRELINK_OBJECT_FILE = NO
               GENERATE_PROFILING_CODE = NO
               GENERATE_TEXT_BASED_STUBS = NO
               GID = 20
               GROUP = staff
               HEADERMAP_INCLUDES_FLAT_ENTRIES_FOR_TARGET_BEING_BUILT = YES
               HEADERMAP_INCLUDES_FRAMEWORK_ENTRIES_FOR_ALL_PRODUCT_TYPES = YES
               HEADERMAP_INCLUDES_FRAMEWORK_ENTRIES_FOR_TARGETS_NOT_BEING_BUILT = YES
               HEADERMAP_INCLUDES_NONPUBLIC_NONPRIVATE_HEADERS = YES
               HEADERMAP_INCLUDES_PROJECT_HEADERS = YES
               HEADERMAP_USES_FRAMEWORK_PREFIX_ENTRIES = YES
               HEADERMAP_USES_VFS = NO
               HEADER_SEARCH_PATHS = /Users/gregoriomorelli/Documents/vibra/build/ios/Release-iphonesimulator/FirebaseCoreInternal/include 
               HOME = /Users/gregoriomorelli
               HOST_ARCH = arm64
               HOST_PLATFORM = macosx
               IBSC_MODULE = FirebaseCoreInternal
               ICONV = /usr/bin/iconv
               IMPLICIT_DEPENDENCY_DOMAIN = default
               INDEX_STORE_COMPRESS = NO
               INDEX_STORE_ONLY_PROJECT_FILES = NO
               INFOPLIST_ENABLE_CFBUNDLEICONS_MERGE = YES
               INFOPLIST_EXPAND_BUILD_SETTINGS = YES
               INFOPLIST_FILE = Target Support Files/FirebaseCoreInternal/ResourceBundle-FirebaseCoreInternal_Privacy-FirebaseCoreInternal-Info.plist
               INFOPLIST_OUTPUT_FORMAT = binary
               INFOPLIST_PATH = FirebaseCoreInternal_Privacy.bundle/Info.plist
               INFOPLIST_PREPROCESS = NO
               INFOSTRINGS_PATH = FirebaseCoreInternal_Privacy.bundle/en.lproj/InfoPlist.strings
               INLINE_PRIVATE_FRAMEWORKS = NO
               INSTALLAPI_IGNORE_SKIP_INSTALL = YES
               INSTALLHDRS_COPY_PHASE = NO
               INSTALLHDRS_SCRIPT_PHASE = NO
               INSTALL_DIR = /tmp/Pods.dst
               INSTALL_GROUP = staff
               INSTALL_MODE_FLAG = u+w,go-w,a+rX
               INSTALL_OWNER = gregoriomorelli
               INSTALL_ROOT = /tmp/Pods.dst
               IPHONEOS_DEPLOYMENT_TARGET = 12.0
               IS_UNOPTIMIZED_BUILD = NO
               JAVAC_DEFAULT_FLAGS = -J-Xms64m -J-XX:NewSize=4M -J-Dfile.encoding=UTF8
               JAVA_APP_STUB = /System/Library/Frameworks/JavaVM.framework/Resources/MacOS/JavaApplicationStub
               JAVA_ARCHIVE_CLASSES = YES
               JAVA_ARCHIVE_TYPE = JAR
               JAVA_COMPILER = /usr/bin/javac
               JAVA_FOLDER_PATH = FirebaseCoreInternal_Privacy.bundle/Java
               JAVA_FRAMEWORK_RESOURCES_DIRS = Resources
               JAVA_JAR_FLAGS = cv
               JAVA_SOURCE_SUBDIR = .
               JAVA_USE_DEPENDENCIES = YES
               JAVA_ZIP_FLAGS = -urg
               JIKES_DEFAULT_FLAGS = +E +OLDCSO
               KEEP_PRIVATE_EXTERNS = NO
               LD_DEPENDENCY_INFO_FILE = /Users/gregoriomorelli/Documents/vibra/build/ios/Pods.build/Release-iphonesimulator/FirebaseCoreInternal-FirebaseCoreInternal_Privacy.build/Objects-normal/undefined_arch/FirebaseCoreInternal_Privacy_dependency_info.dat
               LD_EXPORT_SYMBOLS = YES
               LD_GENERATE_MAP_FILE = NO
               LD_MAP_FILE_PATH = /Users/gregoriomorelli/Documents/vibra/build/ios/Pods.build/Release-iphonesimulator/FirebaseCoreInternal-FirebaseCoreInternal_Privacy.build/FirebaseCoreInternal_Privacy-LinkMap-normal-undefined_arch.txt
               LD_NO_PIE = NO
               LD_QUOTE_LINKER_ARGUMENTS_FOR_COMPILER_DRIVER = YES
               LD_SHARED_CACHE_ELIGIBLE = Automatic
               LD_WARN_DUPLICATE_LIBRARIES = NO
               LD_WARN_UNUSED_DYLIBS = NO
               LEGACY_DEVELOPER_DIR = /Applications/Xcode.app/Contents/PlugIns/Xcode3Core.ideplugin/Contents/SharedSupport/Developer
               LEX = lex
               LIBRARY_DEXT_INSTALL_PATH = /Library/DriverExtensions
               LIBRARY_FLAG_NOSPACE = YES
               LIBRARY_FLAG_PREFIX = -l
               LIBRARY_KEXT_INSTALL_PATH = /Library/Extensions
               LIBRARY_SEARCH_PATHS = /Users/gregoriomorelli/Documents/vibra/build/ios/Release-iphonesimulator/FirebaseCoreInternal /Applications/Xcode.app/Contents/Developer/Toolchains/XcodeDefault.xctoolchain/usr/lib/swift/iphonesimulator /Applications/Xcode.app/Contents/Developer/Platforms/iPhoneSimulator.platform/Developer/SDKs/iPhoneSimulator26.5.sdk/usr/lib/swift
               LINKER_DISPLAYS_MANGLED_NAMES = NO
               LINK_FILE_LIST_normal_arm64 = /Users/gregoriomorelli/Documents/vibra/build/ios/Pods.build/Release-iphonesimulator/FirebaseCoreInternal-FirebaseCoreInternal_Privacy.build/Objects-normal/arm64/FirebaseCoreInternal_Privacy.LinkFileList
               LINK_FILE_LIST_normal_x86_64 = /Users/gregoriomorelli/Documents/vibra/build/ios/Pods.build/Release-iphonesimulator/FirebaseCoreInternal-FirebaseCoreInternal_Privacy.build/Objects-normal/x86_64/FirebaseCoreInternal_Privacy.LinkFileList
               LINK_OBJC_RUNTIME = YES
               LINK_WITH_STANDARD_LIBRARIES = YES
               LLVM_TARGET_TRIPLE_OS_VERSION = ios12.0
               LLVM_TARGET_TRIPLE_SUFFIX = -simulator
               LLVM_TARGET_TRIPLE_VENDOR = apple
               LM_AUX_CONST_METADATA_LIST_PATH_normal_arm64 = /Users/gregoriomorelli/Documents/vibra/build/ios/Pods.build/Release-iphonesimulator/FirebaseCoreInternal-FirebaseCoreInternal_Privacy.build/Objects-normal/arm64/FirebaseCoreInternal_Privacy.SwiftConstValuesFileList
               LM_AUX_CONST_METADATA_LIST_PATH_normal_x86_64 = /Users/gregoriomorelli/Documents/vibra/build/ios/Pods.build/Release-iphonesimulator/FirebaseCoreInternal-FirebaseCoreInternal_Privacy.build/Objects-normal/x86_64/FirebaseCoreInternal_Privacy.SwiftConstValuesFileList
               LOCALIZATION_EXPORT_SUPPORTED = YES
               LOCALIZATION_PREFERS_STRING_CATALOGS = NO
               LOCALIZED_RESOURCES_FOLDER_PATH = FirebaseCoreInternal_Privacy.bundle/en.lproj
               LOCALIZED_STRING_CODE_COMMENTS = NO
               LOCALIZED_STRING_MACRO_NAMES = NSLocalizedString CFCopyLocalizedString
               LOCALIZED_STRING_SWIFTUI_SUPPORT = YES
               LOCAL_ADMIN_APPS_DIR = /Applications/Utilities
               LOCAL_APPS_DIR = /Applications
               LOCAL_DEVELOPER_DIR = /Library/Developer
               LOCAL_LIBRARY_DIR = /Library
               LOCROOT = /Users/gregoriomorelli/Documents/vibra/ios/Pods
               LOCSYMROOT = /Users/gregoriomorelli/Documents/vibra/ios/Pods
               MACH_O_TYPE = mh_bundle
               MACOSX_DEPLOYMENT_TARGET = 26.5
               MAC_OS_X_PRODUCT_BUILD_VERSION = 25F84
               MAC_OS_X_VERSION_ACTUAL = 260502
               MAC_OS_X_VERSION_MAJOR = 260000
               MAC_OS_X_VERSION_MINOR = 260500
               MAKE_MERGEABLE = NO
               MERGEABLE_LIBRARY = NO
               MERGED_BINARY_TYPE = none
               MERGE_LINKED_LIBRARIES = NO
               METAL_LIBRARY_FILE_BASE = default
               METAL_LIBRARY_OUTPUT_DIR = /Users/gregoriomorelli/Documents/vibra/build/ios/Release-iphonesimulator/FirebaseCoreInternal/FirebaseCoreInternal_Privacy.bundle
               MODULES_FOLDER_PATH = FirebaseCoreInternal_Privacy.bundle/Modules
               MTL_ENABLE_DEBUG_INFO = NO
               MTL_FAST_MATH = YES
               NATIVE_ARCH = arm64
               NATIVE_ARCH_32_BIT = arm
               NATIVE_ARCH_64_BIT = arm64
               NATIVE_ARCH_ACTUAL = arm64
               NO_COMMON = YES
               OBJC_ABI_VERSION = 2
               OBJECT_FILE_DIR = /Users/gregoriomorelli/Documents/vibra/build/ios/Pods.build/Release-iphonesimulator/FirebaseCoreInternal-FirebaseCoreInternal_Privacy.build/Objects
               OBJECT_FILE_DIR_normal = /Users/gregoriomorelli/Documents/vibra/build/ios/Pods.build/Release-iphonesimulator/FirebaseCoreInternal-FirebaseCoreInternal_Privacy.build/Objects-normal
               OBJROOT = /Users/gregoriomorelli/Documents/vibra/build/ios
               ONLY_ACTIVE_ARCH = NO
               OS = MACOS
               OSAC = /usr/bin/osacompile
               OTHER_LDFLAGS =  -framework "GoogleUtilities" -framework "Security" -framework "SystemConfiguration"
               OTHER_SWIFT_FLAGS =  -D COCOAPODS
               PACKAGE_TYPE = com.apple.package-type.wrapper
               PASCAL_STRINGS = YES
               PATH = /Applications/Xcode.app/Contents/SharedFrameworks/SwiftBuild.framework/Versions/A/PlugIns/SWBBuildService.bundle/Contents/PlugIns/SWBUniversalPlatformPlugin.bundle/Contents/Frameworks/SWBUniversalPlatform.framework/Resources:/Applications/Xcode.app/Contents/Developer/Toolchains/XcodeDefault.xctoolchain/usr/bin:/Applications/Xcode.app/Contents/Developer/Toolchains/XcodeDefault.xctoolchain/usr/local/bin:/Applications/Xcode.app/Contents/Developer/Toolchains/XcodeDefault.xctoolchain/usr/libexec:/Applications/Xcode.app/Contents/Developer/Platforms/iPhoneSimulator.platform/usr/bin:/Applications/Xcode.app/Contents/Developer/Platforms/iPhoneSimulator.platform/usr/local/bin:/Applications/Xcode.app/Contents/Developer/Platforms/iPhoneSimulator.platform/Developer/usr/bin:/Applications/Xcode.app/Contents/Developer/Platforms/iPhoneSimulator.platform/Developer/usr/local/bin:/Applications/Xcode.app/Contents/Developer/usr/bin:/Applications/Xcode.app/Contents/Developer/usr/local/bin:/Users/gregoriomorelli/.gemini/antigravity/bin:/Users/gregoriomorelli/Library/Application Support/Antigravity/bin:/opt/homebrew/bin:/opt/homebrew/sbin:/Library/Developer/CommandLineTools/usr/bin:/Users/gregoriomorelli/development/flutter/bin:/Users/gregoriomorelli/Library/Android/sdk/platform-tools:/Users/gregoriomorelli/Library/Android/sdk/cmdline-tools/latest/bin:/Users/gregoriomorelli/Library/Android/sdk/emulator:/Users/gregoriomorelli/.antigravity-ide/antigravity-ide/bin:/Users/gregoriomorelli/.antigravity/antigravity/bin:/Applications/XAMPP/xamppfiles/bin:/Users/gregoriomorelli/develop/flutter/bin:/usr/local/bin:/System/Cryptexes/App/usr/bin:/usr/bin:/bin:/usr/sbin:/sbin:/var/run/com.apple.security.cryptexd/codex.system/bootstrap/usr/local/bin:/var/run/com.apple.security.cryptexd/codex.system/bootstrap/usr/bin:/var/run/com.apple.security.cryptexd/codex.system/bootstrap/usr/appleinternal/bin:/pkg/env/global/bin:/Users/gregoriomorelli/.spicetify
               PATH_PREFIXES_EXCLUDED_FROM_HEADER_DEPENDENCIES = /usr/include /usr/local/include /System/Library/Frameworks /System/Library/PrivateFrameworks /Applications/Xcode.app/Contents/Developer/Headers /Applications/Xcode.app/Contents/Developer/SDKs /Applications/Xcode.app/Contents/Developer/Platforms
               PBDEVELOPMENTPLIST_PATH = FirebaseCoreInternal_Privacy.bundle/pbdevelopment.plist
               PER_ARCH_MODULE_FILE_DIR = /Users/gregoriomorelli/Documents/vibra/build/ios/Pods.build/Release-iphonesimulator/FirebaseCoreInternal-FirebaseCoreInternal_Privacy.build/Objects-normal/undefined_arch
               PER_ARCH_OBJECT_FILE_DIR = /Users/gregoriomorelli/Documents/vibra/build/ios/Pods.build/Release-iphonesimulator/FirebaseCoreInternal-FirebaseCoreInternal_Privacy.build/Objects-normal/undefined_arch
               PER_VARIANT_OBJECT_FILE_DIR = /Users/gregoriomorelli/Documents/vibra/build/ios/Pods.build/Release-iphonesimulator/FirebaseCoreInternal-FirebaseCoreInternal_Privacy.build/Objects-normal
               PKGINFO_FILE_PATH = /Users/gregoriomorelli/Documents/vibra/build/ios/Pods.build/Release-iphonesimulator/FirebaseCoreInternal-FirebaseCoreInternal_Privacy.build/PkgInfo
               PKGINFO_PATH = FirebaseCoreInternal_Privacy.bundle/PkgInfo
               PLATFORM_DEVELOPER_APPLICATIONS_DIR = /Applications/Xcode.app/Contents/Developer/Platforms/iPhoneSimulator.platform/Developer/Applications
               PLATFORM_DEVELOPER_BIN_DIR = /Applications/Xcode.app/Contents/Developer/Platforms/iPhoneSimulator.platform/Developer/usr/bin
               PLATFORM_DEVELOPER_LIBRARY_DIR = /Applications/Xcode.app/Contents/Developer/Platforms/iPhoneSimulator.platform/Developer/Library
               PLATFORM_DEVELOPER_SDK_DIR = /Applications/Xcode.app/Contents/Developer/Platforms/iPhoneSimulator.platform/Developer/SDKs
               PLATFORM_DEVELOPER_TOOLS_DIR = /Applications/Xcode.app/Contents/Developer/Platforms/iPhoneSimulator.platform/Developer/Tools
               PLATFORM_DEVELOPER_USR_DIR = /Applications/Xcode.app/Contents/Developer/Platforms/iPhoneSimulator.platform/Developer/usr
               PLATFORM_DIR = /Applications/Xcode.app/Contents/Developer/Platforms/iPhoneSimulator.platform
               PLATFORM_DISPLAY_NAME = iOS Simulator
               PLATFORM_FAMILY_NAME = iOS
               PLATFORM_NAME = iphonesimulator
               PLATFORM_PREFERRED_ARCH = x86_64
               PLATFORM_PRODUCT_BUILD_VERSION = 23F73
               PLATFORM_REQUIRES_SWIFT_AUTOLINK_EXTRACT = NO
               PLATFORM_REQUIRES_SWIFT_MODULEWRAP = NO
               PLATFORM_USES_DSYMS = YES
               PLIST_FILE_OUTPUT_FORMAT = binary
               PLUGINS_FOLDER_PATH = FirebaseCoreInternal_Privacy.bundle/PlugIns
               PODS_BUILD_DIR = /Users/gregoriomorelli/Documents/vibra/build/ios
               PODS_CONFIGURATION_BUILD_DIR = /Users/gregoriomorelli/Documents/vibra/build/ios/Release-iphonesimulator
               PODS_DEVELOPMENT_LANGUAGE = en
               PODS_ROOT = /Users/gregoriomorelli/Documents/vibra/ios/Pods
               PODS_TARGET_SRCROOT = /Users/gregoriomorelli/Documents/vibra/ios/Pods/FirebaseCoreInternal
               PODS_XCFRAMEWORKS_BUILD_DIR = /Users/gregoriomorelli/Documents/vibra/build/ios/Release-iphonesimulator/XCFrameworkIntermediates
               PRECOMPS_INCLUDE_HEADERS_FROM_BUILT_PRODUCTS_DIR = YES
               PRECOMP_DESTINATION_DIR = /Users/gregoriomorelli/Documents/vibra/build/ios/Pods.build/Release-iphonesimulator/FirebaseCoreInternal-FirebaseCoreInternal_Privacy.build/PrefixHeaders
               PRIVATE_HEADERS_FOLDER_PATH = FirebaseCoreInternal_Privacy.bundle/PrivateHeaders
               PROCESSED_INFOPLIST_PATH = /Users/gregoriomorelli/Documents/vibra/build/ios/Pods.build/Release-iphonesimulator/FirebaseCoreInternal-FirebaseCoreInternal_Privacy.build/Objects-normal/undefined_arch/Processed-Info.plist
               PRODUCT_BUNDLE_IDENTIFIER = org.cocoapods.FirebaseCoreInternal-Privacy
               PRODUCT_BUNDLE_PACKAGE_TYPE = BNDL
               PRODUCT_MODULE_NAME = FirebaseCoreInternal_Privacy
               PRODUCT_NAME = FirebaseCoreInternal_Privacy
               PRODUCT_SETTINGS_PATH = /Users/gregoriomorelli/Documents/vibra/ios/Pods/Target Support Files/FirebaseCoreInternal/ResourceBundle-FirebaseCoreInternal_Privacy-FirebaseCoreInternal-Info.plist
               PRODUCT_TYPE = com.apple.product-type.bundle
               PROFILING_CODE = NO
               PROJECT = Pods
               PROJECT_DERIVED_FILE_DIR = /Users/gregoriomorelli/Documents/vibra/build/ios/Pods.build/DerivedSources
               PROJECT_DIR = /Users/gregoriomorelli/Documents/vibra/ios/Pods
               PROJECT_FILE_PATH = /Users/gregoriomorelli/Documents/vibra/ios/Pods/Pods.xcodeproj
               PROJECT_GUID = bfdfe7dc352907fc980b868725387e98
               PROJECT_NAME = Pods
               PROJECT_TEMP_DIR = /Users/gregoriomorelli/Documents/vibra/build/ios/Pods.build
               PROJECT_TEMP_ROOT = /Users/gregoriomorelli/Documents/vibra/build/ios
               PUBLIC_HEADERS_FOLDER_PATH = FirebaseCoreInternal_Privacy.bundle/Headers
               RECOMMENDED_IPHONEOS_DEPLOYMENT_TARGET = 15.0
               RECURSIVE_SEARCH_PATHS_FOLLOW_SYMLINKS = YES
               REMOVE_CVS_FROM_RESOURCES = YES
               REMOVE_GIT_FROM_RESOURCES = YES
               REMOVE_HEADERS_FROM_EMBEDDED_BUNDLES = YES
               REMOVE_HG_FROM_RESOURCES = YES
               REMOVE_STATIC_EXECUTABLES_FROM_EMBEDDED_BUNDLES = YES
               REMOVE_SVN_FROM_RESOURCES = YES
               RESCHEDULE_INDEPENDENT_HEADERS_PHASES = YES
               REZ_COLLECTOR_DIR = /Users/gregoriomorelli/Documents/vibra/build/ios/Pods.build/Release-iphonesimulator/FirebaseCoreInternal-FirebaseCoreInternal_Privacy.build/ResourceManagerResources
               REZ_OBJECTS_DIR = /Users/gregoriomorelli/Documents/vibra/build/ios/Pods.build/Release-iphonesimulator/FirebaseCoreInternal-FirebaseCoreInternal_Privacy.build/ResourceManagerResources/Objects
               REZ_SEARCH_PATHS = /Users/gregoriomorelli/Documents/vibra/build/ios/Release-iphonesimulator/FirebaseCoreInternal 
               RPATH_ORIGIN = @loader_path
               RUNTIME_EXCEPTION_ALLOW_DYLD_ENVIRONMENT_VARIABLES = NO
               RUNTIME_EXCEPTION_ALLOW_JIT = NO
               RUNTIME_EXCEPTION_ALLOW_UNSIGNED_EXECUTABLE_MEMORY = NO
               RUNTIME_EXCEPTION_DEBUGGING_TOOL = NO
               RUNTIME_EXCEPTION_DISABLE_EXECUTABLE_PAGE_PROTECTION = NO
               RUNTIME_EXCEPTION_DISABLE_LIBRARY_VALIDATION = NO
               SCANNING_PCM_KEEP_CACHE_DIRECTORY = YES
               SCAN_ALL_SOURCE_FILES_FOR_INCLUDES = NO
               SCRIPTS_FOLDER_PATH = FirebaseCoreInternal_Privacy.bundle/Scripts
               SDKROOT = /Applications/Xcode.app/Contents/Developer/Platforms/iPhoneSimulator.platform/Developer/SDKs/iPhoneSimulator26.5.sdk
               SDK_DIR = /Applications/Xcode.app/Contents/Developer/Platforms/iPhoneSimulator.platform/Developer/SDKs/iPhoneSimulator26.5.sdk
               SDK_DIR_iphonesimulator = /Applications/Xcode.app/Contents/Developer/Platforms/iPhoneSimulator.platform/Developer/SDKs/iPhoneSimulator26.5.sdk
               SDK_DIR_iphonesimulator26_5 = /Applications/Xcode.app/Contents/Developer/Platforms/iPhoneSimulator.platform/Developer/SDKs/iPhoneSimulator26.5.sdk
               SDK_NAME = iphonesimulator26.5
               SDK_NAMES = iphonesimulator26.5
               SDK_PRODUCT_BUILD_VERSION = 23F73
               SDK_STAT_CACHE_DIR = /var/folders/pg/x6t89f2n7s7299rcw8hv33180000gn/C/com.apple.DeveloperTools/26.5-17F42/Xcode
               SDK_STAT_CACHE_ENABLE = YES
               SDK_STAT_CACHE_PATH = /var/folders/pg/x6t89f2n7s7299rcw8hv33180000gn/C/com.apple.DeveloperTools/26.5-17F42/Xcode/SDKStatCaches.noindex/iphonesimulator26.5-23F73-6cfe768891a92b912361537c460fe42b.sdkstatcache
               SDK_VERSION = 26.5
               SDK_VERSION_ACTUAL = 260500
               SDK_VERSION_MAJOR = 260000
               SDK_VERSION_MINOR = 260500
               SED = /usr/bin/sed
               SEPARATE_STRIP = NO
               SEPARATE_SYMBOL_EDIT = NO
               SET_DIR_MODE_OWNER_GROUP = YES
               SET_FILE_MODE_OWNER_GROUP = NO
               SHALLOW_BUNDLE = YES
               SHALLOW_BUNDLE_TRIPLE = ios-simulator
               SHALLOW_BUNDLE_ios_macabi = NO
               SHALLOW_BUNDLE_macos = NO
               SHARED_DERIVED_FILE_DIR = /Users/gregoriomorelli/Documents/vibra/build/ios/Release-iphonesimulator/FirebaseCoreInternal/DerivedSources
               SHARED_FRAMEWORKS_FOLDER_PATH = FirebaseCoreInternal_Privacy.bundle/SharedFrameworks
               SHARED_PRECOMPS_DIR = /Users/gregoriomorelli/Documents/vibra/build/ios/SharedPrecompiledHeaders
               SHARED_SUPPORT_FOLDER_PATH = FirebaseCoreInternal_Privacy.bundle/SharedSupport
               SKIP_INSTALL = YES
               SKIP_MERGEABLE_LIBRARY_BUNDLE_HOOK = NO
               SOURCE_ROOT = /Users/gregoriomorelli/Documents/vibra/ios/Pods
               SRCROOT = /Users/gregoriomorelli/Documents/vibra/ios/Pods
               STRINGSDATA_DIR = /Users/gregoriomorelli/Documents/vibra/build/ios/Pods.build/Release-iphonesimulator/FirebaseCoreInternal-FirebaseCoreInternal_Privacy.build/Objects-normal/undefined_arch
               STRINGSDATA_ROOT = /Users/gregoriomorelli/Documents/vibra/build/ios/Pods.build/Release-iphonesimulator/FirebaseCoreInternal-FirebaseCoreInternal_Privacy.build
               STRINGS_FILE_INFOPLIST_RENAME = YES
               STRINGS_FILE_OUTPUT_ENCODING = binary
               STRING_CATALOG_GENERATE_SYMBOLS = NO
               STRIP_BITCODE_FROM_COPIED_FILES = NO
               STRIP_INSTALLED_PRODUCT = NO
               STRIP_STYLE = non-global
               STRIP_SWIFT_SYMBOLS = YES
               SUPPORTED_DEVICE_FAMILIES = 1,2
               SUPPORTED_PLATFORMS = iphoneos iphonesimulator
               SUPPORTS_TEXT_BASED_API = NO
               SUPPRESS_WARNINGS = NO
               SWIFT_COMPILATION_MODE = wholemodule
               SWIFT_EMIT_CONST_VALUE_PROTOCOLS = AnyResolverProviding AppEntity AppEnum AppExtension AppIntent AppIntentsPackage AppShortcutProviding AppShortcutsProvider AppUnionValue AppUnionValueCasesProviding DynamicOptionsProvider EntityQuery ExtensionPointDefining IntentValueQuery Resolver TransientEntity _AssistantIntentsProvider _GenerativeFunctionExtractable _IntentValueRepresentable
               SWIFT_EMIT_LOC_STRINGS = NO
               SWIFT_ENABLE_EXPLICIT_MODULES = YES
               SWIFT_OPTIMIZATION_LEVEL = -O
               SWIFT_PLATFORM_TARGET_PREFIX = ios
               SWIFT_RESPONSE_FILE_PATH_normal_arm64 = /Users/gregoriomorelli/Documents/vibra/build/ios/Pods.build/Release-iphonesimulator/FirebaseCoreInternal-FirebaseCoreInternal_Privacy.build/Objects-normal/arm64/FirebaseCoreInternal_Privacy.SwiftFileList
               SWIFT_RESPONSE_FILE_PATH_normal_x86_64 = /Users/gregoriomorelli/Documents/vibra/build/ios/Pods.build/Release-iphonesimulator/FirebaseCoreInternal-FirebaseCoreInternal_Privacy.build/Objects-normal/x86_64/FirebaseCoreInternal_Privacy.SwiftFileList
               SWIFT_VERSION = 5.0
               SYMROOT = /Users/gregoriomorelli/Documents/vibra/ios/build
               SYSTEM_ADMIN_APPS_DIR = /Applications/Utilities
               SYSTEM_APPS_DIR = /Applications
               SYSTEM_CORE_SERVICES_DIR = /System/Library/CoreServices
               SYSTEM_DEMOS_DIR = /Applications/Extras
               SYSTEM_DEVELOPER_APPS_DIR = /Applications/Xcode.app/Contents/Developer/Applications
               SYSTEM_DEVELOPER_BIN_DIR = /Applications/Xcode.app/Contents/Developer/usr/bin
               SYSTEM_DEVELOPER_DEMOS_DIR = /Applications/Xcode.app/Contents/Developer/Applications/Utilities/Built Examples
               SYSTEM_DEVELOPER_DIR = /Applications/Xcode.app/Contents/Developer
               SYSTEM_DEVELOPER_DOC_DIR = /Applications/Xcode.app/Contents/Developer/ADC Reference Library
               SYSTEM_DEVELOPER_GRAPHICS_TOOLS_DIR = /Applications/Xcode.app/Contents/Developer/Applications/Graphics Tools
               SYSTEM_DEVELOPER_JAVA_TOOLS_DIR = /Applications/Xcode.app/Contents/Developer/Applications/Java Tools
               SYSTEM_DEVELOPER_PERFORMANCE_TOOLS_DIR = /Applications/Xcode.app/Contents/Developer/Applications/Performance Tools
               SYSTEM_DEVELOPER_RELEASENOTES_DIR = /Applications/Xcode.app/Contents/Developer/ADC Reference Library/releasenotes
               SYSTEM_DEVELOPER_TOOLS = /Applications/Xcode.app/Contents/Developer/Tools
               SYSTEM_DEVELOPER_TOOLS_DOC_DIR = /Applications/Xcode.app/Contents/Developer/ADC Reference Library/documentation/DeveloperTools
               SYSTEM_DEVELOPER_TOOLS_RELEASENOTES_DIR = /Applications/Xcode.app/Contents/Developer/ADC Reference Library/releasenotes/DeveloperTools
               SYSTEM_DEVELOPER_USR_DIR = /Applications/Xcode.app/Contents/Developer/usr
               SYSTEM_DEVELOPER_UTILITIES_DIR = /Applications/Xcode.app/Contents/Developer/Applications/Utilities
               SYSTEM_DEXT_INSTALL_PATH = /System/Library/DriverExtensions
               SYSTEM_DOCUMENTATION_DIR = /Library/Documentation
               SYSTEM_EXTENSIONS_FOLDER_PATH = FirebaseCoreInternal_Privacy.bundle/SystemExtensions
               SYSTEM_EXTENSIONS_FOLDER_PATH_SHALLOW_BUNDLE_NO = FirebaseCoreInternal_Privacy.bundle/Library/SystemExtensions
               SYSTEM_EXTENSIONS_FOLDER_PATH_SHALLOW_BUNDLE_YES = FirebaseCoreInternal_Privacy.bundle/SystemExtensions
               SYSTEM_KEXT_INSTALL_PATH = /System/Library/Extensions
               SYSTEM_LIBRARY_DIR = /System/Library
               TAPI_DEMANGLE = YES
               TAPI_ENABLE_PROJECT_HEADERS = NO
               TAPI_LANGUAGE = objective-c
               TAPI_LANGUAGE_STANDARD = compiler-default
               TAPI_USE_SRCROOT = YES
               TAPI_VERIFY_MODE = Pedantic
               TARGETED_DEVICE_FAMILY = 1,2
               TARGETNAME = FirebaseCoreInternal-FirebaseCoreInternal_Privacy
               TARGET_BUILD_DIR = /Users/gregoriomorelli/Documents/vibra/build/ios/Release-iphonesimulator/FirebaseCoreInternal
               TARGET_NAME = FirebaseCoreInternal-FirebaseCoreInternal_Privacy
               TARGET_TEMP_DIR = /Users/gregoriomorelli/Documents/vibra/build/ios/Pods.build/Release-iphonesimulator/FirebaseCoreInternal-FirebaseCoreInternal_Privacy.build
               TEMP_DIR = /Users/gregoriomorelli/Documents/vibra/build/ios/Pods.build/Release-iphonesimulator/FirebaseCoreInternal-FirebaseCoreInternal_Privacy.build
               TEMP_FILES_DIR = /Users/gregoriomorelli/Documents/vibra/build/ios/Pods.build/Release-iphonesimulator/FirebaseCoreInternal-FirebaseCoreInternal_Privacy.build
               TEMP_FILE_DIR = /Users/gregoriomorelli/Documents/vibra/build/ios/Pods.build/Release-iphonesimulator/FirebaseCoreInternal-FirebaseCoreInternal_Privacy.build
               TEMP_ROOT = /Users/gregoriomorelli/Documents/vibra/build/ios
               TEMP_SANDBOX_DIR = /Users/gregoriomorelli/Documents/vibra/build/ios/TemporaryTaskSandboxes
               TEST_FRAMEWORK_SEARCH_PATHS =  /Applications/Xcode.app/Contents/Developer/Platforms/iPhoneSimulator.platform/Developer/Library/Frameworks /Applications/Xcode.app/Contents/Developer/Platforms/iPhoneSimulator.platform/Developer/SDKs/iPhoneSimulator26.5.sdk/Developer/Library/Frameworks
               TEST_LIBRARY_SEARCH_PATHS =  /Applications/Xcode.app/Contents/Developer/Platforms/iPhoneSimulator.platform/Developer/usr/lib
               TOOLCHAINS = com.apple.dt.toolchain.XcodeDefault
               TOOLCHAIN_DIR = /Applications/Xcode.app/Contents/Developer/Toolchains/XcodeDefault.xctoolchain
               TREAT_MISSING_BASELINES_AS_TEST_FAILURES = NO
               TREAT_MISSING_SCRIPT_PHASE_OUTPUTS_AS_ERRORS = NO
               TVOS_DEPLOYMENT_TARGET = 26.5
               UID = 501
               UNINSTALLED_PRODUCTS_DIR = /Users/gregoriomorelli/Documents/vibra/build/ios/UninstalledProducts
               UNLOCALIZED_RESOURCES_FOLDER_PATH = FirebaseCoreInternal_Privacy.bundle
               UNLOCALIZED_RESOURCES_FOLDER_PATH_SHALLOW_BUNDLE_NO = FirebaseCoreInternal_Privacy.bundle/Resources
               UNLOCALIZED_RESOURCES_FOLDER_PATH_SHALLOW_BUNDLE_YES = FirebaseCoreInternal_Privacy.bundle
               UNSTRIPPED_PRODUCT = NO
               USER = gregoriomorelli
               USER_APPS_DIR = /Users/gregoriomorelli/Applications
               USER_LIBRARY_DIR = /Users/gregoriomorelli/Library
               USE_DYNAMIC_NO_PIC = YES
               USE_HEADERMAP = YES
               USE_HEADER_SYMLINKS = NO
               USE_RECURSIVE_SCRIPT_INPUTS_IN_SCRIPT_PHASES = YES
               VALIDATE_DEVELOPMENT_ASSET_PATHS = YES_ERROR
               VALIDATE_PRODUCT = NO
               VALID_ARCHS = arm64 x86_64
               VERBOSE_PBXCP = NO
               VERSIONPLIST_PATH = FirebaseCoreInternal_Privacy.bundle/version.plist
               VERSION_INFO_BUILDER = gregoriomorelli
               VERSION_INFO_FILE = FirebaseCoreInternal_Privacy_vers.c
               VERSION_INFO_STRING = "@(#)PROGRAM:FirebaseCoreInternal_Privacy  PROJECT:Pods-"
               WATCHOS_DEPLOYMENT_TARGET = 26.5
               WORKSPACE_DIR = /Users/gregoriomorelli/Documents/vibra/ios/Pods/Pods.xcodeproj
               WRAPPER_EXTENSION = bundle
               WRAPPER_NAME = FirebaseCoreInternal_Privacy.bundle
               WRAPPER_SUFFIX = .bundle
               WRAP_ASSET_PACKS_IN_SEPARATE_DIRECTORIES = NO
               XCODE_APP_SUPPORT_DIR = /Applications/Xcode.app/Contents/Developer/Library/Xcode
               XCODE_PRODUCT_BUILD_VERSION = 17F42
               XCODE_VERSION_ACTUAL = 2650
               XCODE_VERSION_MAJOR = 2600
               XCODE_VERSION_MINOR = 2650
               XPCSERVICES_FOLDER_PATH = FirebaseCoreInternal_Privacy.bundle/XPCServices
               XROS_DEPLOYMENT_TARGET = 26.5
               YACC = yacc
               _DISCOVER_COMMAND_LINE_LINKER_INPUTS = YES
               _DISCOVER_COMMAND_LINE_LINKER_INPUTS_INCLUDE_WL = YES
               _LD_MULTIARCH = YES
               _WRAPPER_CONTENTS_DIR_SHALLOW_BUNDLE_NO = /Contents
               _WRAPPER_PARENT_PATH_SHALLOW_BUNDLE_NO = /..
               _WRAPPER_RESOURCES_DIR_SHALLOW_BUNDLE_NO = /Resources
               __DIAGNOSE_DEPRECATED_ARCHS = YES
               __ORIGINAL_SDK_DEFINED_LLVM_TARGET_TRIPLE_SYS = ios
               arch = undefined_arch
               variant = normal

           Build settings for action build and target FirebaseInstallations:
               ACTION = build
               AD_HOC_CODE_SIGNING_ALLOWED = YES
               ALLOW_BUILD_REQUEST_OVERRIDES = NO
               ALLOW_TARGET_PLATFORM_SPECIALIZATION = NO
               ALTERNATE_GROUP = staff
               ALTERNATE_MODE = u+w,go-w,a+rX
               ALTERNATE_OWNER = gregoriomorelli
               ALTERNATIVE_DISTRIBUTION_WEB = NO
               ALWAYS_EMBED_SWIFT_STANDARD_LIBRARIES = NO
               ALWAYS_SEARCH_USER_PATHS = NO
               ALWAYS_USE_SEPARATE_HEADERMAPS = NO
               APPLICATION_EXTENSION_API_ONLY = NO
               APPLY_RULES_IN_COPY_FILES = NO
               APPLY_RULES_IN_COPY_HEADERS = NO
               APP_SHORTCUTS_ENABLE_FLEXIBLE_MATCHING = YES
               ARCHS = arm64 x86_64
               ARCHS_BASE = arm64 x86_64
               ARCHS_STANDARD = arm64 x86_64
               ARCHS_STANDARD_32_64_BIT = arm64 x86_64
               ARCHS_STANDARD_64_BIT = arm64 x86_64
               ARCHS_STANDARD_INCLUDING_64_BIT = arm64 x86_64
               ARCHS_UNIVERSAL_IPHONE_OS = arm64 x86_64
               AUTOMATICALLY_MERGE_DEPENDENCIES = NO
               AUTOMATION_APPLE_EVENTS = NO
               AVAILABLE_PLATFORMS = android appletvos appletvsimulator driverkit freebsd iphoneos iphonesimulator linux macosx none openbsd qnx watchos watchsimulator webassembly xros xrsimulator
               BUILD_ACTIVE_RESOURCES_ONLY = NO
               BUILD_COMPONENTS = headers build
               BUILD_DIR = /Users/gregoriomorelli/Documents/vibra/build/ios
               BUILD_LIBRARY_FOR_DISTRIBUTION = NO
               BUILD_ONLY_KNOWN_LOCALIZATIONS = NO
               BUILD_ROOT = /Users/gregoriomorelli/Documents/vibra/ios/build
               BUILD_STYLE = 
               BUILD_VARIANTS = normal
               BUILT_PRODUCTS_DIR = /Users/gregoriomorelli/Documents/vibra/build/ios/Release-iphonesimulator/FirebaseInstallations
               BUNDLE_CONTENTS_FOLDER_PATH_deep = Contents/
               BUNDLE_EXECUTABLE_FOLDER_NAME_deep = MacOS
               BUNDLE_EXTENSIONS_FOLDER_PATH = Extensions
               BUNDLE_FORMAT = shallow
               BUNDLE_FRAMEWORKS_FOLDER_PATH = Frameworks
               BUNDLE_PLUGINS_FOLDER_PATH = PlugIns
               BUNDLE_PRIVATE_HEADERS_FOLDER_PATH = PrivateHeaders
               BUNDLE_PUBLIC_HEADERS_FOLDER_PATH = Headers
               CACHE_ROOT = /var/folders/pg/x6t89f2n7s7299rcw8hv33180000gn/C/com.apple.DeveloperTools/26.5-17F42/Xcode
               CCHROOT = /var/folders/pg/x6t89f2n7s7299rcw8hv33180000gn/C/com.apple.DeveloperTools/26.5-17F42/Xcode
               CHMOD = /bin/chmod
               CHOWN = chown
               CLANG_ANALYZER_LOCALIZABILITY_NONLOCALIZED = YES
               CLANG_ANALYZER_NONNULL = YES
               CLANG_ANALYZER_NUMBER_OBJECT_CONVERSION = YES_AGGRESSIVE
               CLANG_CACHE_FINE_GRAINED_OUTPUTS = YES
               CLANG_CXX_LANGUAGE_STANDARD = gnu++14
               CLANG_CXX_LIBRARY = libc++
               CLANG_ENABLE_EXPLICIT_MODULES = YES
               CLANG_ENABLE_MODULES = YES
               CLANG_ENABLE_OBJC_ARC = YES
               CLANG_ENABLE_OBJC_WEAK = NO
               CLANG_MODULES_BUILD_SESSION_FILE = /var/folders/pg/x6t89f2n7s7299rcw8hv33180000gn/C/org.llvm.clang/ModuleCache.noindex/Session.modulevalidation
               CLANG_WARN_BLOCK_CAPTURE_AUTORELEASING = YES
               CLANG_WARN_BOOL_CONVERSION = YES
               CLANG_WARN_COMMA = YES
               CLANG_WARN_CONSTANT_CONVERSION = YES
               CLANG_WARN_DEPRECATED_OBJC_IMPLEMENTATIONS = YES
               CLANG_WARN_DIRECT_OBJC_ISA_USAGE = YES_ERROR
               CLANG_WARN_DOCUMENTATION_COMMENTS = YES
               CLANG_WARN_EMPTY_BODY = YES
               CLANG_WARN_ENUM_CONVERSION = YES
               CLANG_WARN_INFINITE_RECURSION = YES
               CLANG_WARN_INT_CONVERSION = YES
               CLANG_WARN_NON_LITERAL_NULL_CONVERSION = YES
               CLANG_WARN_OBJC_IMPLICIT_RETAIN_SELF = YES
               CLANG_WARN_OBJC_LITERAL_CONVERSION = YES
               CLANG_WARN_OBJC_ROOT_CLASS = YES_ERROR
               CLANG_WARN_QUOTED_INCLUDE_IN_FRAMEWORK_HEADER = NO
               CLANG_WARN_RANGE_LOOP_ANALYSIS = YES
               CLANG_WARN_STRICT_PROTOTYPES = YES
               CLANG_WARN_SUSPICIOUS_MOVE = YES
               CLANG_WARN_UNGUARDED_AVAILABILITY = YES_AGGRESSIVE
               CLANG_WARN_UNREACHABLE_CODE = YES
               CLANG_WARN__DUPLICATE_METHOD_MATCH = YES
               CLASS_FILE_DIR = /Users/gregoriomorelli/Documents/vibra/build/ios/Pods.build/Release-iphonesimulator/FirebaseInstallations.build/JavaClasses
               CLEAN_PRECOMPS = YES
               CLONE_HEADERS = NO
               CODESIGNING_FOLDER_PATH = /Users/gregoriomorelli/Documents/vibra/build/ios/Release-iphonesimulator/FirebaseInstallations/FirebaseInstallations.framework
               CODE_SIGNING_ALLOWED = YES
               CODE_SIGNING_REQUIRED = NO
               CODE_SIGNING_REQUIRES_TEAM = YES
               CODE_SIGN_CONTEXT_CLASS = XCiPhoneSimulatorCodeSignContext
               CODE_SIGN_IDENTITY = -
               CODE_SIGN_INJECT_BASE_ENTITLEMENTS = YES
               COLOR_DIAGNOSTICS = NO
               COMBINE_HIDPI_IMAGES = NO
               COMPILATION_CACHE_CAS_PATH = /var/folders/pg/x6t89f2n7s7299rcw8hv33180000gn/C/com.apple.DeveloperTools/26.5-17F42/Xcode/CompilationCache.noindex
               COMPILATION_CACHE_KEEP_CAS_DIRECTORY = YES
               COMPILER_INDEX_STORE_ENABLE = Default
               COMPOSITE_SDK_DIRS = /Users/gregoriomorelli/Documents/vibra/build/ios/CompositeSDKs
               COMPRESS_PNG_FILES = YES
               CONFIGURATION = Release
               CONFIGURATION_BUILD_DIR = /Users/gregoriomorelli/Documents/vibra/build/ios/Release-iphonesimulator/FirebaseInstallations
               CONFIGURATION_TEMP_DIR = /Users/gregoriomorelli/Documents/vibra/build/ios/Pods.build/Release-iphonesimulator
               CONTENTS_FOLDER_PATH = FirebaseInstallations.framework
               CONTENTS_FOLDER_PATH_SHALLOW_BUNDLE_NO = FirebaseInstallations.framework/A
               CONTENTS_FOLDER_PATH_SHALLOW_BUNDLE_YES = FirebaseInstallations.framework
               COPYING_PRESERVES_HFS_DATA = NO
               COPY_HEADERS_RUN_UNIFDEF = NO
               COPY_PHASE_STRIP = NO
               CORRESPONDING_DEVICE_PLATFORM_DIR = /Applications/Xcode.app/Contents/Developer/Platforms/iPhoneOS.platform
               CORRESPONDING_DEVICE_PLATFORM_NAME = iphoneos
               CORRESPONDING_DEVICE_SDK_DIR = /Applications/Xcode.app/Contents/Developer/Platforms/iPhoneOS.platform/Developer/SDKs/iPhoneOS26.5.sdk
               CORRESPONDING_DEVICE_SDK_NAME = iphoneos26.5
               CP = /bin/cp
               CREATE_INFOPLIST_SECTION_IN_BINARY = NO
               CURRENT_ARCH = undefined_arch
               CURRENT_PROJECT_VERSION = 1
               CURRENT_VARIANT = normal
               CURRENT_VERSION = Current
               DEAD_CODE_STRIPPING = YES
               DEBUGGING_SYMBOLS = YES
               DEBUG_INFORMATION_FORMAT = dwarf-with-dsym
               DEBUG_INFORMATION_VERSION = compiler-default
               DEFAULT_COMPILER = com.apple.compilers.llvm.clang.1_0
               DEFAULT_DEXT_INSTALL_PATH = /System/Library/DriverExtensions
               DEFAULT_KEXT_INSTALL_PATH = /System/Library/Extensions
               DEFINES_MODULE = YES
               DEPLOYMENT_LOCATION = NO
               DEPLOYMENT_POSTPROCESSING = NO
               DEPLOYMENT_TARGET_SETTING_NAME = IPHONEOS_DEPLOYMENT_TARGET
               DEPLOYMENT_TARGET_SUGGESTED_VALUES = 12.0 12.1 12.2 12.3 12.4 13.0 13.1 13.2 13.3 13.4 13.5 13.6 14.0 14.1 14.2 14.3 14.4 14.5 14.6 14.7 15.0 15.1 15.2 15.3 15.4 15.5 15.6 16.0 16.1 16.2 16.3 16.4 16.5 16.6 17.0 17.1 17.2 17.3 17.4 17.5 17.6 18.0 18.1 18.2 18.3 18.4 18.5 18.6 26.0 26.2 26.3 26.4 26.5
               DERIVED_FILES_DIR = /Users/gregoriomorelli/Documents/vibra/build/ios/Pods.build/Release-iphonesimulator/FirebaseInstallations.build/DerivedSources
               DERIVED_FILE_DIR = /Users/gregoriomorelli/Documents/vibra/build/ios/Pods.build/Release-iphonesimulator/FirebaseInstallations.build/DerivedSources
               DERIVED_SOURCES_DIR = /Users/gregoriomorelli/Documents/vibra/build/ios/Pods.build/Release-iphonesimulator/FirebaseInstallations.build/DerivedSources
               DEVELOPER_APPLICATIONS_DIR = /Applications/Xcode.app/Contents/Developer/Applications
               DEVELOPER_BIN_DIR = /Applications/Xcode.app/Contents/Developer/usr/bin
               DEVELOPER_DIR = /Applications/Xcode.app/Contents/Developer
               DEVELOPER_FRAMEWORKS_DIR = /Applications/Xcode.app/Contents/Developer/Library/Frameworks
               DEVELOPER_FRAMEWORKS_DIR_QUOTED = /Applications/Xcode.app/Contents/Developer/Library/Frameworks
               DEVELOPER_LIBRARY_DIR = /Applications/Xcode.app/Contents/Developer/Library
               DEVELOPER_SDK_DIR = /Applications/Xcode.app/Contents/Developer/Platforms/MacOSX.platform/Developer/SDKs
               DEVELOPER_TOOLS_DIR = /Applications/Xcode.app/Contents/Developer/Tools
               DEVELOPER_USR_DIR = /Applications/Xcode.app/Contents/Developer/usr
               DEVELOPMENT_LANGUAGE = en
               DIAGNOSE_MISSING_TARGET_DEPENDENCIES = YES
               DIFF = /usr/bin/diff
               DOCUMENTATION_FOLDER_PATH = FirebaseInstallations.framework/en.lproj/Documentation
               DONT_GENERATE_INFOPLIST_FILE = NO
               DRIVERKIT_DEPLOYMENT_TARGET = 25.5
               DSTROOT = /tmp/Pods.dst
               DT_TOOLCHAIN_DIR = /Applications/Xcode.app/Contents/Developer/Toolchains/XcodeDefault.xctoolchain
               DUMP_DEPENDENCIES = NO
               DUMP_DEPENDENCIES_OUTPUT_PATH = /Users/gregoriomorelli/Documents/vibra/build/ios/Pods.build/Release-iphonesimulator/FirebaseInstallations.build/FirebaseInstallations-BuildDependencyInfo.json
               DWARF_DSYM_FILE_NAME = FirebaseInstallations.framework.dSYM
               DWARF_DSYM_FILE_SHOULD_ACCOMPANY_PRODUCT = NO
               DWARF_DSYM_FOLDER_PATH = /Users/gregoriomorelli/Documents/vibra/build/ios/Release-iphonesimulator/FirebaseInstallations
               DYLIB_COMPATIBILITY_VERSION = 1
               DYLIB_CURRENT_VERSION = 1
               DYLIB_INSTALL_NAME_BASE = @rpath
               DYNAMIC_LIBRARY_EXTENSION = dylib
               EAGER_COMPILATION_ALLOW_SCRIPTS = NO
               EAGER_LINKING = NO
               EFFECTIVE_PLATFORM_NAME = -iphonesimulator
               EFFECTIVE_SWIFT_VERSION = 5
               EMBEDDED_CONTENT_CONTAINS_SWIFT = NO
               EMBED_ASSET_PACKS_IN_PRODUCT_BUNDLE = NO
               ENABLE_APP_SANDBOX = NO
               ENABLE_CODE_COVERAGE = YES
               ENABLE_COHORT_ARCHS = NO
               ENABLE_CPLUSPLUS_BOUNDS_SAFE_BUFFERS = NO
               ENABLE_C_BOUNDS_SAFETY = NO
               ENABLE_DEFAULT_HEADER_SEARCH_PATHS = YES
               ENABLE_DEFAULT_SEARCH_PATHS = YES
               ENABLE_ENHANCED_SECURITY = NO
               ENABLE_HARDENED_RUNTIME = NO
               ENABLE_HEADER_DEPENDENCIES = YES
               ENABLE_INCOMING_NETWORK_CONNECTIONS = NO
               ENABLE_MODULE_VERIFIER = NO
               ENABLE_NS_ASSERTIONS = NO
               ENABLE_ON_DEMAND_RESOURCES = NO
               ENABLE_OUTGOING_NETWORK_CONNECTIONS = NO
               ENABLE_POINTER_AUTHENTICATION = NO
               ENABLE_RESOURCE_ACCESS_AUDIO_INPUT = NO
               ENABLE_RESOURCE_ACCESS_BLUETOOTH = NO
               ENABLE_RESOURCE_ACCESS_CALENDARS = NO
               ENABLE_RESOURCE_ACCESS_CAMERA = NO
               ENABLE_RESOURCE_ACCESS_CONTACTS = NO
               ENABLE_RESOURCE_ACCESS_LOCATION = NO
               ENABLE_RESOURCE_ACCESS_PHOTO_LIBRARY = NO
               ENABLE_RESOURCE_ACCESS_PRINTING = NO
               ENABLE_RESOURCE_ACCESS_USB = NO
               ENABLE_SDK_IMPORTS = NO
               ENABLE_SECURITY_COMPILER_WARNINGS = NO
               ENABLE_STRICT_OBJC_MSGSEND = YES
               ENABLE_TESTABILITY = NO
               ENABLE_TESTING_SEARCH_PATHS = NO
               ENABLE_USER_SCRIPT_SANDBOXING = NO
               ENFORCE_VALID_ARCHS = YES
               ENTITLEMENTS_DESTINATION = __entitlements
               ENTITLEMENTS_REQUIRED = NO
               EXCLUDED_INSTALLSRC_SUBDIRECTORY_PATTERNS = .DS_Store .svn .git .hg CVS
               EXCLUDED_RECURSIVE_SEARCH_PATH_SUBDIRECTORIES = *.nib *.lproj *.framework *.gch *.xcode* *.xcassets *.icon (*) .DS_Store CVS .svn .git .hg *.pbproj *.pbxproj
               EXECUTABLES_FOLDER_PATH = FirebaseInstallations.framework/en.lproj
               EXECUTABLE_FOLDER_PATH = FirebaseInstallations.framework
               EXECUTABLE_FOLDER_PATH_SHALLOW_BUNDLE_NO = FirebaseInstallations.framework
               EXECUTABLE_FOLDER_PATH_SHALLOW_BUNDLE_YES = FirebaseInstallations.framework
               EXECUTABLE_NAME = FirebaseInstallations
               EXECUTABLE_PATH = FirebaseInstallations.framework/FirebaseInstallations
               EXTENSIONS_FOLDER_PATH = FirebaseInstallations.framework/Extensions
               FILE_LIST = /Users/gregoriomorelli/Documents/vibra/build/ios/Pods.build/Release-iphonesimulator/FirebaseInstallations.build/Objects/LinkFileList
               FIXED_FILES_DIR = /Users/gregoriomorelli/Documents/vibra/build/ios/Pods.build/Release-iphonesimulator/FirebaseInstallations.build/FixedFiles
               FRAMEWORKS_FOLDER_PATH = FirebaseInstallations.framework/Frameworks
               FRAMEWORK_FLAG_PREFIX = -framework
               FRAMEWORK_SEARCH_PATHS = /Users/gregoriomorelli/Documents/vibra/build/ios/Release-iphonesimulator/FirebaseInstallations  "/Users/gregoriomorelli/Documents/vibra/build/ios/Release-iphonesimulator/FirebaseCore" "/Users/gregoriomorelli/Documents/vibra/build/ios/Release-iphonesimulator/FirebaseCoreInternal" "/Users/gregoriomorelli/Documents/vibra/build/ios/Release-iphonesimulator/GoogleUtilities" "/Users/gregoriomorelli/Documents/vibra/build/ios/Release-iphonesimulator/PromisesObjC"
               FRAMEWORK_VERSION = A
               FULL_PRODUCT_NAME = FirebaseInstallations.framework
               FUSE_BUILD_PHASES = YES
               FUSE_BUILD_SCRIPT_PHASES = NO
               GCC3_VERSION = 3.3
               GCC_C_LANGUAGE_STANDARD = gnu11
               GCC_INLINES_ARE_PRIVATE_EXTERN = YES
               GCC_NO_COMMON_BLOCKS = YES
               GCC_OBJC_LEGACY_DISPATCH = YES
               GCC_PFE_FILE_C_DIALECTS = c objective-c c++ objective-c++
               GCC_PREPROCESSOR_DEFINITIONS = POD_CONFIGURATION_RELEASE=1  COCOAPODS=1
               GCC_TREAT_WARNINGS_AS_ERRORS = NO
               GCC_VERSION = com.apple.compilers.llvm.clang.1_0
               GCC_VERSION_IDENTIFIER = com_apple_compilers_llvm_clang_1_0
               GCC_WARN_64_TO_32_BIT_CONVERSION = YES
               GCC_WARN_ABOUT_RETURN_TYPE = YES_ERROR
               GCC_WARN_UNDECLARED_SELECTOR = YES
               GCC_WARN_UNINITIALIZED_AUTOS = YES_AGGRESSIVE
               GCC_WARN_UNUSED_FUNCTION = YES
               GCC_WARN_UNUSED_VARIABLE = YES
               GENERATED_MODULEMAP_DIR = /Users/gregoriomorelli/Documents/vibra/build/ios/GeneratedModuleMaps-iphonesimulator
               GENERATE_INFOPLIST_FILE = NO
               GENERATE_INTERMEDIATE_TEXT_BASED_STUBS = YES
               GENERATE_PKGINFO_FILE = NO
               GENERATE_PRELINK_OBJECT_FILE = NO
               GENERATE_PROFILING_CODE = NO
               GENERATE_TEXT_BASED_STUBS = NO
               GID = 20
               GROUP = staff
               HEADERMAP_INCLUDES_FLAT_ENTRIES_FOR_TARGET_BEING_BUILT = YES
               HEADERMAP_INCLUDES_FRAMEWORK_ENTRIES_FOR_ALL_PRODUCT_TYPES = YES
               HEADERMAP_INCLUDES_FRAMEWORK_ENTRIES_FOR_TARGETS_NOT_BEING_BUILT = YES
               HEADERMAP_INCLUDES_NONPUBLIC_NONPRIVATE_HEADERS = YES
               HEADERMAP_INCLUDES_PROJECT_HEADERS = YES
               HEADERMAP_USES_FRAMEWORK_PREFIX_ENTRIES = YES
               HEADERMAP_USES_VFS = YES
               HEADER_SEARCH_PATHS = /Users/gregoriomorelli/Documents/vibra/build/ios/Release-iphonesimulator/FirebaseInstallations/include  "/Users/gregoriomorelli/Documents/vibra/ios/Pods/FirebaseInstallations"
               HOME = /Users/gregoriomorelli
               HOST_ARCH = arm64
               HOST_PLATFORM = macosx
               ICONV = /usr/bin/iconv
               IMPLICIT_DEPENDENCY_DOMAIN = default
               INDEX_STORE_COMPRESS = NO
               INDEX_STORE_ONLY_PROJECT_FILES = NO
               INFOPLIST_ENABLE_CFBUNDLEICONS_MERGE = YES
               INFOPLIST_EXPAND_BUILD_SETTINGS = YES
               INFOPLIST_FILE = Target Support Files/FirebaseInstallations/FirebaseInstallations-Info.plist
               INFOPLIST_OUTPUT_FORMAT = binary
               INFOPLIST_PATH = FirebaseInstallations.framework/Info.plist
               INFOPLIST_PREPROCESS = NO
               INFOSTRINGS_PATH = FirebaseInstallations.framework/en.lproj/InfoPlist.strings
               INLINE_PRIVATE_FRAMEWORKS = NO
               INSTALLAPI_IGNORE_SKIP_INSTALL = YES
               INSTALLHDRS_COPY_PHASE = NO
               INSTALLHDRS_SCRIPT_PHASE = NO
               INSTALL_DIR = /tmp/Pods.dst/Library/Frameworks
               INSTALL_GROUP = staff
               INSTALL_MODE_FLAG = u+w,go-w,a+rX
               INSTALL_OWNER = gregoriomorelli
               INSTALL_PATH = /Library/Frameworks
               INSTALL_ROOT = /tmp/Pods.dst
               IPHONEOS_DEPLOYMENT_TARGET = 12.0
               IS_UNOPTIMIZED_BUILD = NO
               JAVAC_DEFAULT_FLAGS = -J-Xms64m -J-XX:NewSize=4M -J-Dfile.encoding=UTF8
               JAVA_APP_STUB = /System/Library/Frameworks/JavaVM.framework/Resources/MacOS/JavaApplicationStub
               JAVA_ARCHIVE_CLASSES = YES
               JAVA_ARCHIVE_TYPE = JAR
               JAVA_COMPILER = /usr/bin/javac
               JAVA_FOLDER_PATH = FirebaseInstallations.framework/Java
               JAVA_FRAMEWORK_RESOURCES_DIRS = Resources
               JAVA_JAR_FLAGS = cv
               JAVA_SOURCE_SUBDIR = .
               JAVA_USE_DEPENDENCIES = YES
               JAVA_ZIP_FLAGS = -urg
               JIKES_DEFAULT_FLAGS = +E +OLDCSO
               KEEP_PRIVATE_EXTERNS = NO
               LD_DEPENDENCY_INFO_FILE = /Users/gregoriomorelli/Documents/vibra/build/ios/Pods.build/Release-iphonesimulator/FirebaseInstallations.build/Objects-normal/undefined_arch/FirebaseInstallations_dependency_info.dat
               LD_DYLIB_INSTALL_NAME = @rpath/FirebaseInstallations.framework/FirebaseInstallations
               LD_EXPORT_SYMBOLS = YES
               LD_GENERATE_MAP_FILE = NO
               LD_MAP_FILE_PATH = /Users/gregoriomorelli/Documents/vibra/build/ios/Pods.build/Release-iphonesimulator/FirebaseInstallations.build/FirebaseInstallations-LinkMap-normal-undefined_arch.txt
               LD_NO_PIE = NO
               LD_QUOTE_LINKER_ARGUMENTS_FOR_COMPILER_DRIVER = YES
               LD_RUNPATH_SEARCH_PATHS =  @executable_path/Frameworks @loader_path/Frameworks
               LD_SHARED_CACHE_ELIGIBLE = Automatic
               LD_WARN_DUPLICATE_LIBRARIES = NO
               LD_WARN_UNUSED_DYLIBS = NO
               LEGACY_DEVELOPER_DIR = /Applications/Xcode.app/Contents/PlugIns/Xcode3Core.ideplugin/Contents/SharedSupport/Developer
               LEX = lex
               LIBRARY_DEXT_INSTALL_PATH = /Library/DriverExtensions
               LIBRARY_FLAG_NOSPACE = YES
               LIBRARY_FLAG_PREFIX = -l
               LIBRARY_KEXT_INSTALL_PATH = /Library/Extensions
               LIBRARY_SEARCH_PATHS = /Users/gregoriomorelli/Documents/vibra/build/ios/Release-iphonesimulator/FirebaseInstallations 
               LINKER_DISPLAYS_MANGLED_NAMES = NO
               LINK_FILE_LIST_normal_arm64 = /Users/gregoriomorelli/Documents/vibra/build/ios/Pods.build/Release-iphonesimulator/FirebaseInstallations.build/Objects-normal/arm64/FirebaseInstallations.LinkFileList
               LINK_FILE_LIST_normal_x86_64 = /Users/gregoriomorelli/Documents/vibra/build/ios/Pods.build/Release-iphonesimulator/FirebaseInstallations.build/Objects-normal/x86_64/FirebaseInstallations.LinkFileList
               LINK_OBJC_RUNTIME = YES
               LINK_WITH_STANDARD_LIBRARIES = YES
               LLVM_TARGET_TRIPLE_OS_VERSION = ios12.0
               LLVM_TARGET_TRIPLE_SUFFIX = -simulator
               LLVM_TARGET_TRIPLE_VENDOR = apple
               LM_AUX_CONST_METADATA_LIST_PATH_normal_arm64 = /Users/gregoriomorelli/Documents/vibra/build/ios/Pods.build/Release-iphonesimulator/FirebaseInstallations.build/Objects-normal/arm64/FirebaseInstallations.SwiftConstValuesFileList
               LM_AUX_CONST_METADATA_LIST_PATH_normal_x86_64 = /Users/gregoriomorelli/Documents/vibra/build/ios/Pods.build/Release-iphonesimulator/FirebaseInstallations.build/Objects-normal/x86_64/FirebaseInstallations.SwiftConstValuesFileList
               LOCALIZATION_EXPORT_SUPPORTED = YES
               LOCALIZATION_PREFERS_STRING_CATALOGS = NO
               LOCALIZED_RESOURCES_FOLDER_PATH = FirebaseInstallations.framework/en.lproj
               LOCALIZED_STRING_CODE_COMMENTS = NO
               LOCALIZED_STRING_MACRO_NAMES = NSLocalizedString CFCopyLocalizedString
               LOCALIZED_STRING_SWIFTUI_SUPPORT = YES
               LOCAL_ADMIN_APPS_DIR = /Applications/Utilities
               LOCAL_APPS_DIR = /Applications
               LOCAL_DEVELOPER_DIR = /Library/Developer
               LOCAL_LIBRARY_DIR = /Library
               LOCROOT = /Users/gregoriomorelli/Documents/vibra/ios/Pods
               LOCSYMROOT = /Users/gregoriomorelli/Documents/vibra/ios/Pods
               MACH_O_TYPE = mh_dylib
               MACOSX_DEPLOYMENT_TARGET = 26.5
               MAC_OS_X_PRODUCT_BUILD_VERSION = 25F84
               MAC_OS_X_VERSION_ACTUAL = 260502
               MAC_OS_X_VERSION_MAJOR = 260000
               MAC_OS_X_VERSION_MINOR = 260500
               MAKE_MERGEABLE = NO
               MERGEABLE_LIBRARY = NO
               MERGED_BINARY_TYPE = none
               MERGE_LINKED_LIBRARIES = NO
               METAL_LIBRARY_FILE_BASE = default
               METAL_LIBRARY_OUTPUT_DIR = /Users/gregoriomorelli/Documents/vibra/build/ios/Release-iphonesimulator/FirebaseInstallations/FirebaseInstallations.framework
               MODULEMAP_FILE = Target Support Files/FirebaseInstallations/FirebaseInstallations.modulemap
               MODULES_FOLDER_PATH = FirebaseInstallations.framework/Modules
               MTL_ENABLE_DEBUG_INFO = NO
               MTL_FAST_MATH = YES
               NATIVE_ARCH = arm64
               NATIVE_ARCH_32_BIT = arm
               NATIVE_ARCH_64_BIT = arm64
               NATIVE_ARCH_ACTUAL = arm64
               NO_COMMON = YES
               OBJC_ABI_VERSION = 2
               OBJECT_FILE_DIR = /Users/gregoriomorelli/Documents/vibra/build/ios/Pods.build/Release-iphonesimulator/FirebaseInstallations.build/Objects
               OBJECT_FILE_DIR_normal = /Users/gregoriomorelli/Documents/vibra/build/ios/Pods.build/Release-iphonesimulator/FirebaseInstallations.build/Objects-normal
               OBJROOT = /Users/gregoriomorelli/Documents/vibra/build/ios
               ONLY_ACTIVE_ARCH = NO
               OS = MACOS
               OSAC = /usr/bin/osacompile
               OTHER_LDFLAGS =  -framework "FBLPromises" -framework "FirebaseCore" -framework "Foundation" -framework "GoogleUtilities" -framework "Security" -framework "SystemConfiguration" -framework "UIKit"
               PACKAGE_TYPE = com.apple.package-type.wrapper.framework
               PASCAL_STRINGS = YES
               PATH = /Applications/Xcode.app/Contents/SharedFrameworks/SwiftBuild.framework/Versions/A/PlugIns/SWBBuildService.bundle/Contents/PlugIns/SWBUniversalPlatformPlugin.bundle/Contents/Frameworks/SWBUniversalPlatform.framework/Resources:/Applications/Xcode.app/Contents/Developer/Toolchains/XcodeDefault.xctoolchain/usr/bin:/Applications/Xcode.app/Contents/Developer/Toolchains/XcodeDefault.xctoolchain/usr/local/bin:/Applications/Xcode.app/Contents/Developer/Toolchains/XcodeDefault.xctoolchain/usr/libexec:/Applications/Xcode.app/Contents/Developer/Platforms/iPhoneSimulator.platform/usr/bin:/Applications/Xcode.app/Contents/Developer/Platforms/iPhoneSimulator.platform/usr/local/bin:/Applications/Xcode.app/Contents/Developer/Platforms/iPhoneSimulator.platform/Developer/usr/bin:/Applications/Xcode.app/Contents/Developer/Platforms/iPhoneSimulator.platform/Developer/usr/local/bin:/Applications/Xcode.app/Contents/Developer/usr/bin:/Applications/Xcode.app/Contents/Developer/usr/local/bin:/Users/gregoriomorelli/.gemini/antigravity/bin:/Users/gregoriomorelli/Library/Application Support/Antigravity/bin:/opt/homebrew/bin:/opt/homebrew/sbin:/Library/Developer/CommandLineTools/usr/bin:/Users/gregoriomorelli/development/flutter/bin:/Users/gregoriomorelli/Library/Android/sdk/platform-tools:/Users/gregoriomorelli/Library/Android/sdk/cmdline-tools/latest/bin:/Users/gregoriomorelli/Library/Android/sdk/emulator:/Users/gregoriomorelli/.antigravity-ide/antigravity-ide/bin:/Users/gregoriomorelli/.antigravity/antigravity/bin:/Applications/XAMPP/xamppfiles/bin:/Users/gregoriomorelli/develop/flutter/bin:/usr/local/bin:/System/Cryptexes/App/usr/bin:/usr/bin:/bin:/usr/sbin:/sbin:/var/run/com.apple.security.cryptexd/codex.system/bootstrap/usr/local/bin:/var/run/com.apple.security.cryptexd/codex.system/bootstrap/usr/bin:/var/run/com.apple.security.cryptexd/codex.system/bootstrap/usr/appleinternal/bin:/pkg/env/global/bin:/Users/gregoriomorelli/.spicetify
               PATH_PREFIXES_EXCLUDED_FROM_HEADER_DEPENDENCIES = /usr/include /usr/local/include /System/Library/Frameworks /System/Library/PrivateFrameworks /Applications/Xcode.app/Contents/Developer/Headers /Applications/Xcode.app/Contents/Developer/SDKs /Applications/Xcode.app/Contents/Developer/Platforms
               PBDEVELOPMENTPLIST_PATH = FirebaseInstallations.framework/pbdevelopment.plist
               PER_ARCH_MODULE_FILE_DIR = /Users/gregoriomorelli/Documents/vibra/build/ios/Pods.build/Release-iphonesimulator/FirebaseInstallations.build/Objects-normal/undefined_arch
               PER_ARCH_OBJECT_FILE_DIR = /Users/gregoriomorelli/Documents/vibra/build/ios/Pods.build/Release-iphonesimulator/FirebaseInstallations.build/Objects-normal/undefined_arch
               PER_VARIANT_OBJECT_FILE_DIR = /Users/gregoriomorelli/Documents/vibra/build/ios/Pods.build/Release-iphonesimulator/FirebaseInstallations.build/Objects-normal
               PKGINFO_FILE_PATH = /Users/gregoriomorelli/Documents/vibra/build/ios/Pods.build/Release-iphonesimulator/FirebaseInstallations.build/PkgInfo
               PKGINFO_PATH = FirebaseInstallations.framework/PkgInfo
               PLATFORM_DEVELOPER_APPLICATIONS_DIR = /Applications/Xcode.app/Contents/Developer/Platforms/iPhoneSimulator.platform/Developer/Applications
               PLATFORM_DEVELOPER_BIN_DIR = /Applications/Xcode.app/Contents/Developer/Platforms/iPhoneSimulator.platform/Developer/usr/bin
               PLATFORM_DEVELOPER_LIBRARY_DIR = /Applications/Xcode.app/Contents/Developer/Platforms/iPhoneSimulator.platform/Developer/Library
               PLATFORM_DEVELOPER_SDK_DIR = /Applications/Xcode.app/Contents/Developer/Platforms/iPhoneSimulator.platform/Developer/SDKs
               PLATFORM_DEVELOPER_TOOLS_DIR = /Applications/Xcode.app/Contents/Developer/Platforms/iPhoneSimulator.platform/Developer/Tools
               PLATFORM_DEVELOPER_USR_DIR = /Applications/Xcode.app/Contents/Developer/Platforms/iPhoneSimulator.platform/Developer/usr
               PLATFORM_DIR = /Applications/Xcode.app/Contents/Developer/Platforms/iPhoneSimulator.platform
               PLATFORM_DISPLAY_NAME = iOS Simulator
               PLATFORM_FAMILY_NAME = iOS
               PLATFORM_NAME = iphonesimulator
               PLATFORM_PREFERRED_ARCH = x86_64
               PLATFORM_PRODUCT_BUILD_VERSION = 23F73
               PLATFORM_REQUIRES_SWIFT_AUTOLINK_EXTRACT = NO
               PLATFORM_REQUIRES_SWIFT_MODULEWRAP = NO
               PLATFORM_USES_DSYMS = YES
               PLIST_FILE_OUTPUT_FORMAT = binary
               PLUGINS_FOLDER_PATH = FirebaseInstallations.framework/PlugIns
               PODS_BUILD_DIR = /Users/gregoriomorelli/Documents/vibra/build/ios
               PODS_CONFIGURATION_BUILD_DIR = /Users/gregoriomorelli/Documents/vibra/build/ios/Release-iphonesimulator
               PODS_DEVELOPMENT_LANGUAGE = en
               PODS_ROOT = /Users/gregoriomorelli/Documents/vibra/ios/Pods
               PODS_TARGET_SRCROOT = /Users/gregoriomorelli/Documents/vibra/ios/Pods/FirebaseInstallations
               PODS_XCFRAMEWORKS_BUILD_DIR = /Users/gregoriomorelli/Documents/vibra/build/ios/Release-iphonesimulator/XCFrameworkIntermediates
               PRECOMPS_INCLUDE_HEADERS_FROM_BUILT_PRODUCTS_DIR = YES
               PRECOMP_DESTINATION_DIR = /Users/gregoriomorelli/Documents/vibra/build/ios/Pods.build/Release-iphonesimulator/FirebaseInstallations.build/PrefixHeaders
               PRIVATE_HEADERS_FOLDER_PATH = FirebaseInstallations.framework/PrivateHeaders
               PROCESSED_INFOPLIST_PATH = /Users/gregoriomorelli/Documents/vibra/build/ios/Pods.build/Release-iphonesimulator/FirebaseInstallations.build/Objects-normal/undefined_arch/Processed-Info.plist
               PRODUCT_BUNDLE_IDENTIFIER = org.cocoapods.FirebaseInstallations
               PRODUCT_BUNDLE_PACKAGE_TYPE = FMWK
               PRODUCT_MODULE_NAME = FirebaseInstallations
               PRODUCT_NAME = FirebaseInstallations
               PRODUCT_SETTINGS_PATH = /Users/gregoriomorelli/Documents/vibra/ios/Pods/Target Support Files/FirebaseInstallations/FirebaseInstallations-Info.plist
               PRODUCT_TYPE = com.apple.product-type.framework
               PROFILING_CODE = NO
               PROJECT = Pods
               PROJECT_DERIVED_FILE_DIR = /Users/gregoriomorelli/Documents/vibra/build/ios/Pods.build/DerivedSources
               PROJECT_DIR = /Users/gregoriomorelli/Documents/vibra/ios/Pods
               PROJECT_FILE_PATH = /Users/gregoriomorelli/Documents/vibra/ios/Pods/Pods.xcodeproj
               PROJECT_GUID = bfdfe7dc352907fc980b868725387e98
               PROJECT_NAME = Pods
               PROJECT_TEMP_DIR = /Users/gregoriomorelli/Documents/vibra/build/ios/Pods.build
               PROJECT_TEMP_ROOT = /Users/gregoriomorelli/Documents/vibra/build/ios
               PUBLIC_HEADERS_FOLDER_PATH = FirebaseInstallations.framework/Headers
               RECOMMENDED_IPHONEOS_DEPLOYMENT_TARGET = 15.0
               RECURSIVE_SEARCH_PATHS_FOLLOW_SYMLINKS = YES
               REMOVE_CVS_FROM_RESOURCES = YES
               REMOVE_GIT_FROM_RESOURCES = YES
               REMOVE_HEADERS_FROM_EMBEDDED_BUNDLES = YES
               REMOVE_HG_FROM_RESOURCES = YES
               REMOVE_STATIC_EXECUTABLES_FROM_EMBEDDED_BUNDLES = YES
               REMOVE_SVN_FROM_RESOURCES = YES
               RESCHEDULE_INDEPENDENT_HEADERS_PHASES = YES
               REZ_COLLECTOR_DIR = /Users/gregoriomorelli/Documents/vibra/build/ios/Pods.build/Release-iphonesimulator/FirebaseInstallations.build/ResourceManagerResources
               REZ_OBJECTS_DIR = /Users/gregoriomorelli/Documents/vibra/build/ios/Pods.build/Release-iphonesimulator/FirebaseInstallations.build/ResourceManagerResources/Objects
               REZ_SEARCH_PATHS = /Users/gregoriomorelli/Documents/vibra/build/ios/Release-iphonesimulator/FirebaseInstallations 
               RPATH_ORIGIN = @loader_path
               RUNTIME_EXCEPTION_ALLOW_DYLD_ENVIRONMENT_VARIABLES = NO
               RUNTIME_EXCEPTION_ALLOW_JIT = NO
               RUNTIME_EXCEPTION_ALLOW_UNSIGNED_EXECUTABLE_MEMORY = NO
               RUNTIME_EXCEPTION_DEBUGGING_TOOL = NO
               RUNTIME_EXCEPTION_DISABLE_EXECUTABLE_PAGE_PROTECTION = NO
               RUNTIME_EXCEPTION_DISABLE_LIBRARY_VALIDATION = NO
               SCANNING_PCM_KEEP_CACHE_DIRECTORY = YES
               SCAN_ALL_SOURCE_FILES_FOR_INCLUDES = NO
               SCRIPTS_FOLDER_PATH = FirebaseInstallations.framework/Scripts
               SDKROOT = /Applications/Xcode.app/Contents/Developer/Platforms/iPhoneSimulator.platform/Developer/SDKs/iPhoneSimulator26.5.sdk
               SDK_DIR = /Applications/Xcode.app/Contents/Developer/Platforms/iPhoneSimulator.platform/Developer/SDKs/iPhoneSimulator26.5.sdk
               SDK_DIR_iphonesimulator = /Applications/Xcode.app/Contents/Developer/Platforms/iPhoneSimulator.platform/Developer/SDKs/iPhoneSimulator26.5.sdk
               SDK_DIR_iphonesimulator26_5 = /Applications/Xcode.app/Contents/Developer/Platforms/iPhoneSimulator.platform/Developer/SDKs/iPhoneSimulator26.5.sdk
               SDK_NAME = iphonesimulator26.5
               SDK_NAMES = iphonesimulator26.5
               SDK_PRODUCT_BUILD_VERSION = 23F73
               SDK_STAT_CACHE_DIR = /var/folders/pg/x6t89f2n7s7299rcw8hv33180000gn/C/com.apple.DeveloperTools/26.5-17F42/Xcode
               SDK_STAT_CACHE_ENABLE = YES
               SDK_STAT_CACHE_PATH = /var/folders/pg/x6t89f2n7s7299rcw8hv33180000gn/C/com.apple.DeveloperTools/26.5-17F42/Xcode/SDKStatCaches.noindex/iphonesimulator26.5-23F73-6cfe768891a92b912361537c460fe42b.sdkstatcache
               SDK_VERSION = 26.5
               SDK_VERSION_ACTUAL = 260500
               SDK_VERSION_MAJOR = 260000
               SDK_VERSION_MINOR = 260500
               SED = /usr/bin/sed
               SEPARATE_STRIP = NO
               SEPARATE_SYMBOL_EDIT = NO
               SET_DIR_MODE_OWNER_GROUP = YES
               SET_FILE_MODE_OWNER_GROUP = NO
               SHALLOW_BUNDLE = YES
               SHALLOW_BUNDLE_TRIPLE = ios-simulator
               SHALLOW_BUNDLE_ios_macabi = NO
               SHALLOW_BUNDLE_macos = NO
               SHARED_DERIVED_FILE_DIR = /Users/gregoriomorelli/Documents/vibra/build/ios/Release-iphonesimulator/FirebaseInstallations/DerivedSources
               SHARED_FRAMEWORKS_FOLDER_PATH = FirebaseInstallations.framework/SharedFrameworks
               SHARED_PRECOMPS_DIR = /Users/gregoriomorelli/Documents/vibra/build/ios/SharedPrecompiledHeaders
               SHARED_SUPPORT_FOLDER_PATH = FirebaseInstallations.framework
               SKIP_INSTALL = YES
               SKIP_MERGEABLE_LIBRARY_BUNDLE_HOOK = NO
               SOURCE_ROOT = /Users/gregoriomorelli/Documents/vibra/ios/Pods
               SRCROOT = /Users/gregoriomorelli/Documents/vibra/ios/Pods
               STRINGSDATA_DIR = /Users/gregoriomorelli/Documents/vibra/build/ios/Pods.build/Release-iphonesimulator/FirebaseInstallations.build/Objects-normal/undefined_arch
               STRINGSDATA_ROOT = /Users/gregoriomorelli/Documents/vibra/build/ios/Pods.build/Release-iphonesimulator/FirebaseInstallations.build
               STRINGS_FILE_INFOPLIST_RENAME = YES
               STRINGS_FILE_OUTPUT_ENCODING = binary
               STRING_CATALOG_GENERATE_SYMBOLS = NO
               STRIP_BITCODE_FROM_COPIED_FILES = NO
               STRIP_INSTALLED_PRODUCT = NO
               STRIP_STYLE = debugging
               STRIP_SWIFT_SYMBOLS = YES
               SUPPORTED_DEVICE_FAMILIES = 1,2
               SUPPORTED_PLATFORMS = iphoneos iphonesimulator
               SUPPORTS_TEXT_BASED_API = NO
               SUPPRESS_WARNINGS = NO
               SWIFT_ACTIVE_COMPILATION_CONDITIONS =  
               SWIFT_COMPILATION_MODE = wholemodule
               SWIFT_EMIT_CONST_VALUE_PROTOCOLS = AnyResolverProviding AppEntity AppEnum AppExtension AppIntent AppIntentsPackage AppShortcutProviding AppShortcutsProvider AppUnionValue AppUnionValueCasesProviding DynamicOptionsProvider EntityQuery ExtensionPointDefining IntentValueQuery Resolver TransientEntity _AssistantIntentsProvider _GenerativeFunctionExtractable _IntentValueRepresentable
               SWIFT_EMIT_LOC_STRINGS = NO
               SWIFT_ENABLE_EXPLICIT_MODULES = YES
               SWIFT_INSTALL_MODULE_FOR_DEPLOYMENT = YES
               SWIFT_INSTALL_OBJC_HEADER = YES
               SWIFT_OPTIMIZATION_LEVEL = -O
               SWIFT_PLATFORM_TARGET_PREFIX = ios
               SWIFT_RESPONSE_FILE_PATH_normal_arm64 = /Users/gregoriomorelli/Documents/vibra/build/ios/Pods.build/Release-iphonesimulator/FirebaseInstallations.build/Objects-normal/arm64/FirebaseInstallations.SwiftFileList
               SWIFT_RESPONSE_FILE_PATH_normal_x86_64 = /Users/gregoriomorelli/Documents/vibra/build/ios/Pods.build/Release-iphonesimulator/FirebaseInstallations.build/Objects-normal/x86_64/FirebaseInstallations.SwiftFileList
               SWIFT_VERSION = 5.9
               SYMROOT = /Users/gregoriomorelli/Documents/vibra/ios/build
               SYSTEM_ADMIN_APPS_DIR = /Applications/Utilities
               SYSTEM_APPS_DIR = /Applications
               SYSTEM_CORE_SERVICES_DIR = /System/Library/CoreServices
               SYSTEM_DEMOS_DIR = /Applications/Extras
               SYSTEM_DEVELOPER_APPS_DIR = /Applications/Xcode.app/Contents/Developer/Applications
               SYSTEM_DEVELOPER_BIN_DIR = /Applications/Xcode.app/Contents/Developer/usr/bin
               SYSTEM_DEVELOPER_DEMOS_DIR = /Applications/Xcode.app/Contents/Developer/Applications/Utilities/Built Examples
               SYSTEM_DEVELOPER_DIR = /Applications/Xcode.app/Contents/Developer
               SYSTEM_DEVELOPER_DOC_DIR = /Applications/Xcode.app/Contents/Developer/ADC Reference Library
               SYSTEM_DEVELOPER_GRAPHICS_TOOLS_DIR = /Applications/Xcode.app/Contents/Developer/Applications/Graphics Tools
               SYSTEM_DEVELOPER_JAVA_TOOLS_DIR = /Applications/Xcode.app/Contents/Developer/Applications/Java Tools
               SYSTEM_DEVELOPER_PERFORMANCE_TOOLS_DIR = /Applications/Xcode.app/Contents/Developer/Applications/Performance Tools
               SYSTEM_DEVELOPER_RELEASENOTES_DIR = /Applications/Xcode.app/Contents/Developer/ADC Reference Library/releasenotes
               SYSTEM_DEVELOPER_TOOLS = /Applications/Xcode.app/Contents/Developer/Tools
               SYSTEM_DEVELOPER_TOOLS_DOC_DIR = /Applications/Xcode.app/Contents/Developer/ADC Reference Library/documentation/DeveloperTools
               SYSTEM_DEVELOPER_TOOLS_RELEASENOTES_DIR = /Applications/Xcode.app/Contents/Developer/ADC Reference Library/releasenotes/DeveloperTools
               SYSTEM_DEVELOPER_USR_DIR = /Applications/Xcode.app/Contents/Developer/usr
               SYSTEM_DEVELOPER_UTILITIES_DIR = /Applications/Xcode.app/Contents/Developer/Applications/Utilities
               SYSTEM_DEXT_INSTALL_PATH = /System/Library/DriverExtensions
               SYSTEM_DOCUMENTATION_DIR = /Library/Documentation
               SYSTEM_EXTENSIONS_FOLDER_PATH = FirebaseInstallations.framework/SystemExtensions
               SYSTEM_EXTENSIONS_FOLDER_PATH_SHALLOW_BUNDLE_NO = FirebaseInstallations.framework/Library/SystemExtensions
               SYSTEM_EXTENSIONS_FOLDER_PATH_SHALLOW_BUNDLE_YES = FirebaseInstallations.framework/SystemExtensions
               SYSTEM_KEXT_INSTALL_PATH = /System/Library/Extensions
               SYSTEM_LIBRARY_DIR = /System/Library
               TAPI_DEMANGLE = YES
               TAPI_ENABLE_PROJECT_HEADERS = NO
               TAPI_LANGUAGE = objective-c
               TAPI_LANGUAGE_STANDARD = compiler-default
               TAPI_USE_SRCROOT = YES
               TAPI_VERIFY_MODE = Pedantic
               TARGETED_DEVICE_FAMILY = 1,2
               TARGETNAME = FirebaseInstallations
               TARGET_BUILD_DIR = /Users/gregoriomorelli/Documents/vibra/build/ios/Release-iphonesimulator/FirebaseInstallations
               TARGET_NAME = FirebaseInstallations
               TARGET_TEMP_DIR = /Users/gregoriomorelli/Documents/vibra/build/ios/Pods.build/Release-iphonesimulator/FirebaseInstallations.build
               TEMP_DIR = /Users/gregoriomorelli/Documents/vibra/build/ios/Pods.build/Release-iphonesimulator/FirebaseInstallations.build
               TEMP_FILES_DIR = /Users/gregoriomorelli/Documents/vibra/build/ios/Pods.build/Release-iphonesimulator/FirebaseInstallations.build
               TEMP_FILE_DIR = /Users/gregoriomorelli/Documents/vibra/build/ios/Pods.build/Release-iphonesimulator/FirebaseInstallations.build
               TEMP_ROOT = /Users/gregoriomorelli/Documents/vibra/build/ios
               TEMP_SANDBOX_DIR = /Users/gregoriomorelli/Documents/vibra/build/ios/TemporaryTaskSandboxes
               TEST_FRAMEWORK_SEARCH_PATHS =  /Applications/Xcode.app/Contents/Developer/Platforms/iPhoneSimulator.platform/Developer/Library/Frameworks /Applications/Xcode.app/Contents/Developer/Platforms/iPhoneSimulator.platform/Developer/SDKs/iPhoneSimulator26.5.sdk/Developer/Library/Frameworks
               TEST_LIBRARY_SEARCH_PATHS =  /Applications/Xcode.app/Contents/Developer/Platforms/iPhoneSimulator.platform/Developer/usr/lib
               TOOLCHAINS = com.apple.dt.toolchain.XcodeDefault
               TOOLCHAIN_DIR = /Applications/Xcode.app/Contents/Developer/Toolchains/XcodeDefault.xctoolchain
               TREAT_MISSING_BASELINES_AS_TEST_FAILURES = NO
               TREAT_MISSING_SCRIPT_PHASE_OUTPUTS_AS_ERRORS = NO
               TVOS_DEPLOYMENT_TARGET = 26.5
               UID = 501
               UNINSTALLED_PRODUCTS_DIR = /Users/gregoriomorelli/Documents/vibra/build/ios/UninstalledProducts
               UNLOCALIZED_RESOURCES_FOLDER_PATH = FirebaseInstallations.framework
               UNLOCALIZED_RESOURCES_FOLDER_PATH_SHALLOW_BUNDLE_NO = FirebaseInstallations.framework/Resources
               UNLOCALIZED_RESOURCES_FOLDER_PATH_SHALLOW_BUNDLE_YES = FirebaseInstallations.framework
               UNSTRIPPED_PRODUCT = NO
               USER = gregoriomorelli
               USER_APPS_DIR = /Users/gregoriomorelli/Applications
               USER_LIBRARY_DIR = /Users/gregoriomorelli/Library
               USE_DYNAMIC_NO_PIC = YES
               USE_HEADERMAP = YES
               USE_HEADER_SYMLINKS = NO
               USE_RECURSIVE_SCRIPT_INPUTS_IN_SCRIPT_PHASES = YES
               VALIDATE_DEVELOPMENT_ASSET_PATHS = YES_ERROR
               VALIDATE_PRODUCT = YES
               VALID_ARCHS = arm64 x86_64
               VERBOSE_PBXCP = NO
               VERSIONING_SYSTEM = apple-generic
               VERSIONPLIST_PATH = FirebaseInstallations.framework/version.plist
               VERSIONS_FOLDER_PATH = FirebaseInstallations.framework
               VERSIONS_FOLDER_PATH_SHALLOW_BUNDLE_NO = FirebaseInstallations.framework/Versions
               VERSIONS_FOLDER_PATH_SHALLOW_BUNDLE_YES = FirebaseInstallations.framework
               VERSION_INFO_BUILDER = gregoriomorelli
               VERSION_INFO_FILE = FirebaseInstallations_vers.c
               VERSION_INFO_STRING = "@(#)PROGRAM:FirebaseInstallations  PROJECT:Pods-1"
               WATCHOS_DEPLOYMENT_TARGET = 26.5
               WORKSPACE_DIR = /Users/gregoriomorelli/Documents/vibra/ios/Pods/Pods.xcodeproj
               WRAPPER_EXTENSION = framework
               WRAPPER_NAME = FirebaseInstallations.framework
               WRAPPER_SUFFIX = .framework
               WRAP_ASSET_PACKS_IN_SEPARATE_DIRECTORIES = NO
               XCODE_APP_SUPPORT_DIR = /Applications/Xcode.app/Contents/Developer/Library/Xcode
               XCODE_PRODUCT_BUILD_VERSION = 17F42
               XCODE_VERSION_ACTUAL = 2650
               XCODE_VERSION_MAJOR = 2600
               XCODE_VERSION_MINOR = 2650
               XPCSERVICES_FOLDER_PATH = FirebaseInstallations.framework/XPCServices
               XROS_DEPLOYMENT_TARGET = 26.5
               YACC = yacc
               _DISCOVER_COMMAND_LINE_LINKER_INPUTS = YES
               _DISCOVER_COMMAND_LINE_LINKER_INPUTS_INCLUDE_WL = YES
               _LD_MULTIARCH = YES
               _WRAPPER_CONTENTS_DIR_SHALLOW_BUNDLE_NO = /Contents
               _WRAPPER_PARENT_PATH_SHALLOW_BUNDLE_NO = /..
               _WRAPPER_RESOURCES_DIR_SHALLOW_BUNDLE_NO = /Resources
               __DIAGNOSE_DEPRECATED_ARCHS = YES
               __ORIGINAL_SDK_DEFINED_LLVM_TARGET_TRIPLE_SYS = ios
               arch = undefined_arch
               variant = normal

           Build settings for action build and target FirebaseInstallations-FirebaseInstallations_Privacy:
               ACTION = build
               AD_HOC_CODE_SIGNING_ALLOWED = YES
               ALLOW_BUILD_REQUEST_OVERRIDES = NO
               ALLOW_TARGET_PLATFORM_SPECIALIZATION = NO
               ALTERNATE_GROUP = staff
               ALTERNATE_MODE = u+w,go-w,a+rX
               ALTERNATE_OWNER = gregoriomorelli
               ALTERNATIVE_DISTRIBUTION_WEB = NO
               ALWAYS_EMBED_SWIFT_STANDARD_LIBRARIES = NO
               ALWAYS_SEARCH_USER_PATHS = NO
               ALWAYS_USE_SEPARATE_HEADERMAPS = NO
               APPLICATION_EXTENSION_API_ONLY = NO
               APPLY_RULES_IN_COPY_FILES = NO
               APPLY_RULES_IN_COPY_HEADERS = NO
               APP_SHORTCUTS_ENABLE_FLEXIBLE_MATCHING = YES
               ARCHS = arm64 x86_64
               ARCHS_BASE = arm64 x86_64
               ARCHS_STANDARD = arm64 x86_64
               ARCHS_STANDARD_32_64_BIT = arm64 x86_64
               ARCHS_STANDARD_64_BIT = arm64 x86_64
               ARCHS_STANDARD_INCLUDING_64_BIT = arm64 x86_64
               ARCHS_UNIVERSAL_IPHONE_OS = arm64 x86_64
               AUTOMATICALLY_MERGE_DEPENDENCIES = NO
               AUTOMATION_APPLE_EVENTS = NO
               AVAILABLE_PLATFORMS = android appletvos appletvsimulator driverkit freebsd iphoneos iphonesimulator linux macosx none openbsd qnx watchos watchsimulator webassembly xros xrsimulator
               BUILD_ACTIVE_RESOURCES_ONLY = NO
               BUILD_COMPONENTS = headers build
               BUILD_DIR = /Users/gregoriomorelli/Documents/vibra/build/ios
               BUILD_LIBRARY_FOR_DISTRIBUTION = NO
               BUILD_ONLY_KNOWN_LOCALIZATIONS = NO
               BUILD_ROOT = /Users/gregoriomorelli/Documents/vibra/ios/build
               BUILD_STYLE = 
               BUILD_VARIANTS = normal
               BUILT_PRODUCTS_DIR = /Users/gregoriomorelli/Documents/vibra/build/ios/Release-iphonesimulator/FirebaseInstallations
               BUNDLE_CONTENTS_FOLDER_PATH_deep = Contents/
               BUNDLE_EXECUTABLE_FOLDER_NAME_deep = MacOS
               BUNDLE_EXTENSIONS_FOLDER_PATH = Extensions
               BUNDLE_FORMAT = shallow
               BUNDLE_FRAMEWORKS_FOLDER_PATH = Frameworks
               BUNDLE_PLUGINS_FOLDER_PATH = PlugIns
               BUNDLE_PRIVATE_HEADERS_FOLDER_PATH = PrivateHeaders
               BUNDLE_PUBLIC_HEADERS_FOLDER_PATH = Headers
               CACHE_ROOT = /var/folders/pg/x6t89f2n7s7299rcw8hv33180000gn/C/com.apple.DeveloperTools/26.5-17F42/Xcode
               CCHROOT = /var/folders/pg/x6t89f2n7s7299rcw8hv33180000gn/C/com.apple.DeveloperTools/26.5-17F42/Xcode
               CHMOD = /bin/chmod
               CHOWN = chown
               CLANG_ANALYZER_LOCALIZABILITY_NONLOCALIZED = YES
               CLANG_ANALYZER_NONNULL = YES
               CLANG_ANALYZER_NUMBER_OBJECT_CONVERSION = YES_AGGRESSIVE
               CLANG_CACHE_FINE_GRAINED_OUTPUTS = YES
               CLANG_CXX_LANGUAGE_STANDARD = gnu++14
               CLANG_CXX_LIBRARY = libc++
               CLANG_ENABLE_EXPLICIT_MODULES = YES
               CLANG_ENABLE_MODULES = YES
               CLANG_ENABLE_OBJC_ARC = YES
               CLANG_ENABLE_OBJC_WEAK = YES
               CLANG_MODULES_BUILD_SESSION_FILE = /var/folders/pg/x6t89f2n7s7299rcw8hv33180000gn/C/org.llvm.clang/ModuleCache.noindex/Session.modulevalidation
               CLANG_WARN_BLOCK_CAPTURE_AUTORELEASING = YES
               CLANG_WARN_BOOL_CONVERSION = YES
               CLANG_WARN_COMMA = YES
               CLANG_WARN_CONSTANT_CONVERSION = YES
               CLANG_WARN_DEPRECATED_OBJC_IMPLEMENTATIONS = YES
               CLANG_WARN_DIRECT_OBJC_ISA_USAGE = YES_ERROR
               CLANG_WARN_DOCUMENTATION_COMMENTS = YES
               CLANG_WARN_EMPTY_BODY = YES
               CLANG_WARN_ENUM_CONVERSION = YES
               CLANG_WARN_INFINITE_RECURSION = YES
               CLANG_WARN_INT_CONVERSION = YES
               CLANG_WARN_NON_LITERAL_NULL_CONVERSION = YES
               CLANG_WARN_OBJC_IMPLICIT_RETAIN_SELF = YES
               CLANG_WARN_OBJC_LITERAL_CONVERSION = YES
               CLANG_WARN_OBJC_ROOT_CLASS = YES_ERROR
               CLANG_WARN_QUOTED_INCLUDE_IN_FRAMEWORK_HEADER = NO
               CLANG_WARN_RANGE_LOOP_ANALYSIS = YES
               CLANG_WARN_STRICT_PROTOTYPES = YES
               CLANG_WARN_SUSPICIOUS_MOVE = YES
               CLANG_WARN_UNGUARDED_AVAILABILITY = YES_AGGRESSIVE
               CLANG_WARN_UNREACHABLE_CODE = YES
               CLANG_WARN__DUPLICATE_METHOD_MATCH = YES
               CLASS_FILE_DIR = /Users/gregoriomorelli/Documents/vibra/build/ios/Pods.build/Release-iphonesimulator/FirebaseInstallations-FirebaseInstallations_Privacy.build/JavaClasses
               CLEAN_PRECOMPS = YES
               CLONE_HEADERS = NO
               CODESIGNING_FOLDER_PATH = /Users/gregoriomorelli/Documents/vibra/build/ios/Release-iphonesimulator/FirebaseInstallations/FirebaseInstallations_Privacy.bundle
               CODE_SIGNING_ALLOWED = NO
               CODE_SIGNING_IDENTITY = -
               CODE_SIGNING_REQUIRED = NO
               CODE_SIGN_CONTEXT_CLASS = XCiPhoneSimulatorCodeSignContext
               CODE_SIGN_IDENTITY = -
               CODE_SIGN_INJECT_BASE_ENTITLEMENTS = YES
               COLOR_DIAGNOSTICS = NO
               COMBINE_HIDPI_IMAGES = NO
               COMPILATION_CACHE_CAS_PATH = /var/folders/pg/x6t89f2n7s7299rcw8hv33180000gn/C/com.apple.DeveloperTools/26.5-17F42/Xcode/CompilationCache.noindex
               COMPILATION_CACHE_KEEP_CAS_DIRECTORY = YES
               COMPILER_INDEX_STORE_ENABLE = Default
               COMPOSITE_SDK_DIRS = /Users/gregoriomorelli/Documents/vibra/build/ios/CompositeSDKs
               COMPRESS_PNG_FILES = YES
               CONFIGURATION = Release
               CONFIGURATION_BUILD_DIR = /Users/gregoriomorelli/Documents/vibra/build/ios/Release-iphonesimulator/FirebaseInstallations
               CONFIGURATION_TEMP_DIR = /Users/gregoriomorelli/Documents/vibra/build/ios/Pods.build/Release-iphonesimulator
               CONTENTS_FOLDER_PATH = FirebaseInstallations_Privacy.bundle
               CONTENTS_FOLDER_PATH_SHALLOW_BUNDLE_NO = FirebaseInstallations_Privacy.bundle/Contents
               CONTENTS_FOLDER_PATH_SHALLOW_BUNDLE_YES = FirebaseInstallations_Privacy.bundle
               COPYING_PRESERVES_HFS_DATA = NO
               COPY_HEADERS_RUN_UNIFDEF = NO
               COPY_PHASE_STRIP = NO
               CORRESPONDING_DEVICE_PLATFORM_DIR = /Applications/Xcode.app/Contents/Developer/Platforms/iPhoneOS.platform
               CORRESPONDING_DEVICE_PLATFORM_NAME = iphoneos
               CORRESPONDING_DEVICE_SDK_DIR = /Applications/Xcode.app/Contents/Developer/Platforms/iPhoneOS.platform/Developer/SDKs/iPhoneOS26.5.sdk
               CORRESPONDING_DEVICE_SDK_NAME = iphoneos26.5
               CP = /bin/cp
               CREATE_INFOPLIST_SECTION_IN_BINARY = NO
               CURRENT_ARCH = undefined_arch
               CURRENT_VARIANT = normal
               DEAD_CODE_STRIPPING = YES
               DEBUGGING_SYMBOLS = YES
               DEBUG_INFORMATION_FORMAT = dwarf-with-dsym
               DEBUG_INFORMATION_VERSION = compiler-default
               DEFAULT_COMPILER = com.apple.compilers.llvm.clang.1_0
               DEFAULT_DEXT_INSTALL_PATH = /System/Library/DriverExtensions
               DEFAULT_KEXT_INSTALL_PATH = /System/Library/Extensions
               DEFINES_MODULE = NO
               DEPLOYMENT_LOCATION = NO
               DEPLOYMENT_POSTPROCESSING = NO
               DEPLOYMENT_TARGET_SETTING_NAME = IPHONEOS_DEPLOYMENT_TARGET
               DEPLOYMENT_TARGET_SUGGESTED_VALUES = 12.0 12.1 12.2 12.3 12.4 13.0 13.1 13.2 13.3 13.4 13.5 13.6 14.0 14.1 14.2 14.3 14.4 14.5 14.6 14.7 15.0 15.1 15.2 15.3 15.4 15.5 15.6 16.0 16.1 16.2 16.3 16.4 16.5 16.6 17.0 17.1 17.2 17.3 17.4 17.5 17.6 18.0 18.1 18.2 18.3 18.4 18.5 18.6 26.0 26.2 26.3 26.4 26.5
               DERIVED_FILES_DIR = /Users/gregoriomorelli/Documents/vibra/build/ios/Pods.build/Release-iphonesimulator/FirebaseInstallations-FirebaseInstallations_Privacy.build/DerivedSources
               DERIVED_FILE_DIR = /Users/gregoriomorelli/Documents/vibra/build/ios/Pods.build/Release-iphonesimulator/FirebaseInstallations-FirebaseInstallations_Privacy.build/DerivedSources
               DERIVED_SOURCES_DIR = /Users/gregoriomorelli/Documents/vibra/build/ios/Pods.build/Release-iphonesimulator/FirebaseInstallations-FirebaseInstallations_Privacy.build/DerivedSources
               DEVELOPER_APPLICATIONS_DIR = /Applications/Xcode.app/Contents/Developer/Applications
               DEVELOPER_BIN_DIR = /Applications/Xcode.app/Contents/Developer/usr/bin
               DEVELOPER_DIR = /Applications/Xcode.app/Contents/Developer
               DEVELOPER_FRAMEWORKS_DIR = /Applications/Xcode.app/Contents/Developer/Library/Frameworks
               DEVELOPER_FRAMEWORKS_DIR_QUOTED = /Applications/Xcode.app/Contents/Developer/Library/Frameworks
               DEVELOPER_LIBRARY_DIR = /Applications/Xcode.app/Contents/Developer/Library
               DEVELOPER_SDK_DIR = /Applications/Xcode.app/Contents/Developer/Platforms/MacOSX.platform/Developer/SDKs
               DEVELOPER_TOOLS_DIR = /Applications/Xcode.app/Contents/Developer/Tools
               DEVELOPER_USR_DIR = /Applications/Xcode.app/Contents/Developer/usr
               DEVELOPMENT_LANGUAGE = en
               DIAGNOSE_MISSING_TARGET_DEPENDENCIES = YES
               DIFF = /usr/bin/diff
               DOCUMENTATION_FOLDER_PATH = FirebaseInstallations_Privacy.bundle/en.lproj/Documentation
               DONT_GENERATE_INFOPLIST_FILE = NO
               DRIVERKIT_DEPLOYMENT_TARGET = 25.5
               DSTROOT = /tmp/Pods.dst
               DT_TOOLCHAIN_DIR = /Applications/Xcode.app/Contents/Developer/Toolchains/XcodeDefault.xctoolchain
               DUMP_DEPENDENCIES = NO
               DUMP_DEPENDENCIES_OUTPUT_PATH = /Users/gregoriomorelli/Documents/vibra/build/ios/Pods.build/Release-iphonesimulator/FirebaseInstallations-FirebaseInstallations_Privacy.build/FirebaseInstallations-FirebaseInstallations_Privacy-BuildDependencyInfo.json
               DWARF_DSYM_FILE_NAME = FirebaseInstallations_Privacy.bundle.dSYM
               DWARF_DSYM_FILE_SHOULD_ACCOMPANY_PRODUCT = NO
               DWARF_DSYM_FOLDER_PATH = /Users/gregoriomorelli/Documents/vibra/build/ios/Release-iphonesimulator/FirebaseInstallations
               DYNAMIC_LIBRARY_EXTENSION = dylib
               EAGER_COMPILATION_ALLOW_SCRIPTS = NO
               EAGER_LINKING = NO
               EFFECTIVE_PLATFORM_NAME = -iphonesimulator
               EFFECTIVE_SWIFT_VERSION = 5
               EMBEDDED_CONTENT_CONTAINS_SWIFT = NO
               EMBED_ASSET_PACKS_IN_PRODUCT_BUNDLE = NO
               ENABLE_APP_SANDBOX = NO
               ENABLE_CODE_COVERAGE = YES
               ENABLE_COHORT_ARCHS = NO
               ENABLE_CPLUSPLUS_BOUNDS_SAFE_BUFFERS = NO
               ENABLE_C_BOUNDS_SAFETY = NO
               ENABLE_DEFAULT_HEADER_SEARCH_PATHS = YES
               ENABLE_DEFAULT_SEARCH_PATHS = YES
               ENABLE_ENHANCED_SECURITY = NO
               ENABLE_HARDENED_RUNTIME = NO
               ENABLE_HEADER_DEPENDENCIES = YES
               ENABLE_INCOMING_NETWORK_CONNECTIONS = NO
               ENABLE_NS_ASSERTIONS = NO
               ENABLE_ON_DEMAND_RESOURCES = NO
               ENABLE_OUTGOING_NETWORK_CONNECTIONS = NO
               ENABLE_POINTER_AUTHENTICATION = NO
               ENABLE_RESOURCE_ACCESS_AUDIO_INPUT = NO
               ENABLE_RESOURCE_ACCESS_BLUETOOTH = NO
               ENABLE_RESOURCE_ACCESS_CALENDARS = NO
               ENABLE_RESOURCE_ACCESS_CAMERA = NO
               ENABLE_RESOURCE_ACCESS_CONTACTS = NO
               ENABLE_RESOURCE_ACCESS_LOCATION = NO
               ENABLE_RESOURCE_ACCESS_PHOTO_LIBRARY = NO
               ENABLE_RESOURCE_ACCESS_PRINTING = NO
               ENABLE_RESOURCE_ACCESS_USB = NO
               ENABLE_SDK_IMPORTS = NO
               ENABLE_SECURITY_COMPILER_WARNINGS = NO
               ENABLE_STRICT_OBJC_MSGSEND = YES
               ENABLE_TESTABILITY = NO
               ENABLE_TESTING_SEARCH_PATHS = NO
               ENABLE_USER_SCRIPT_SANDBOXING = NO
               ENFORCE_VALID_ARCHS = YES
               ENTITLEMENTS_DESTINATION = __entitlements
               ENTITLEMENTS_REQUIRED = NO
               EXCLUDED_INSTALLSRC_SUBDIRECTORY_PATTERNS = .DS_Store .svn .git .hg CVS
               EXCLUDED_RECURSIVE_SEARCH_PATH_SUBDIRECTORIES = *.nib *.lproj *.framework *.gch *.xcode* *.xcassets *.icon (*) .DS_Store CVS .svn .git .hg *.pbproj *.pbxproj
               EXECUTABLES_FOLDER_PATH = FirebaseInstallations_Privacy.bundle/Executables
               EXECUTABLE_FOLDER_PATH = FirebaseInstallations_Privacy.bundle
               EXECUTABLE_FOLDER_PATH_SHALLOW_BUNDLE_NO = FirebaseInstallations_Privacy.bundle/MacOS
               EXECUTABLE_FOLDER_PATH_SHALLOW_BUNDLE_YES = FirebaseInstallations_Privacy.bundle
               EXECUTABLE_NAME = FirebaseInstallations_Privacy
               EXECUTABLE_PATH = FirebaseInstallations_Privacy.bundle/FirebaseInstallations_Privacy
               EXPANDED_CODE_SIGN_IDENTITY = -
               EXTENSIONS_FOLDER_PATH = FirebaseInstallations_Privacy.bundle/Extensions
               FILE_LIST = /Users/gregoriomorelli/Documents/vibra/build/ios/Pods.build/Release-iphonesimulator/FirebaseInstallations-FirebaseInstallations_Privacy.build/Objects/LinkFileList
               FIXED_FILES_DIR = /Users/gregoriomorelli/Documents/vibra/build/ios/Pods.build/Release-iphonesimulator/FirebaseInstallations-FirebaseInstallations_Privacy.build/FixedFiles
               FRAMEWORKS_FOLDER_PATH = FirebaseInstallations_Privacy.bundle/Frameworks
               FRAMEWORK_FLAG_PREFIX = -framework
               FRAMEWORK_SEARCH_PATHS = /Users/gregoriomorelli/Documents/vibra/build/ios/Release-iphonesimulator/FirebaseInstallations  "/Users/gregoriomorelli/Documents/vibra/build/ios/Release-iphonesimulator/FirebaseCore" "/Users/gregoriomorelli/Documents/vibra/build/ios/Release-iphonesimulator/FirebaseCoreInternal" "/Users/gregoriomorelli/Documents/vibra/build/ios/Release-iphonesimulator/GoogleUtilities" "/Users/gregoriomorelli/Documents/vibra/build/ios/Release-iphonesimulator/PromisesObjC"
               FRAMEWORK_VERSION = A
               FULL_PRODUCT_NAME = FirebaseInstallations_Privacy.bundle
               FUSE_BUILD_PHASES = YES
               FUSE_BUILD_SCRIPT_PHASES = NO
               GCC3_VERSION = 3.3
               GCC_C_LANGUAGE_STANDARD = gnu11
               GCC_INLINES_ARE_PRIVATE_EXTERN = YES
               GCC_NO_COMMON_BLOCKS = YES
               GCC_OBJC_LEGACY_DISPATCH = YES
               GCC_PFE_FILE_C_DIALECTS = c objective-c c++ objective-c++
               GCC_PREPROCESSOR_DEFINITIONS = POD_CONFIGURATION_RELEASE=1  COCOAPODS=1
               GCC_TREAT_WARNINGS_AS_ERRORS = NO
               GCC_VERSION = com.apple.compilers.llvm.clang.1_0
               GCC_VERSION_IDENTIFIER = com_apple_compilers_llvm_clang_1_0
               GCC_WARN_64_TO_32_BIT_CONVERSION = YES
               GCC_WARN_ABOUT_RETURN_TYPE = YES_ERROR
               GCC_WARN_UNDECLARED_SELECTOR = YES
               GCC_WARN_UNINITIALIZED_AUTOS = YES_AGGRESSIVE
               GCC_WARN_UNUSED_FUNCTION = YES
               GCC_WARN_UNUSED_VARIABLE = YES
               GENERATED_MODULEMAP_DIR = /Users/gregoriomorelli/Documents/vibra/build/ios/GeneratedModuleMaps-iphonesimulator
               GENERATE_INFOPLIST_FILE = NO
               GENERATE_INTERMEDIATE_TEXT_BASED_STUBS = YES
               GENERATE_PKGINFO_FILE = NO
               GENERATE_PRELINK_OBJECT_FILE = NO
               GENERATE_PROFILING_CODE = NO
               GENERATE_TEXT_BASED_STUBS = NO
               GID = 20
               GROUP = staff
               HEADERMAP_INCLUDES_FLAT_ENTRIES_FOR_TARGET_BEING_BUILT = YES
               HEADERMAP_INCLUDES_FRAMEWORK_ENTRIES_FOR_ALL_PRODUCT_TYPES = YES
               HEADERMAP_INCLUDES_FRAMEWORK_ENTRIES_FOR_TARGETS_NOT_BEING_BUILT = YES
               HEADERMAP_INCLUDES_NONPUBLIC_NONPRIVATE_HEADERS = YES
               HEADERMAP_INCLUDES_PROJECT_HEADERS = YES
               HEADERMAP_USES_FRAMEWORK_PREFIX_ENTRIES = YES
               HEADERMAP_USES_VFS = NO
               HEADER_SEARCH_PATHS = /Users/gregoriomorelli/Documents/vibra/build/ios/Release-iphonesimulator/FirebaseInstallations/include  "/Users/gregoriomorelli/Documents/vibra/ios/Pods/FirebaseInstallations"
               HOME = /Users/gregoriomorelli
               HOST_ARCH = arm64
               HOST_PLATFORM = macosx
               IBSC_MODULE = FirebaseInstallations
               ICONV = /usr/bin/iconv
               IMPLICIT_DEPENDENCY_DOMAIN = default
               INDEX_STORE_COMPRESS = NO
               INDEX_STORE_ONLY_PROJECT_FILES = NO
               INFOPLIST_ENABLE_CFBUNDLEICONS_MERGE = YES
               INFOPLIST_EXPAND_BUILD_SETTINGS = YES
               INFOPLIST_FILE = Target Support Files/FirebaseInstallations/ResourceBundle-FirebaseInstallations_Privacy-FirebaseInstallations-Info.plist
               INFOPLIST_OUTPUT_FORMAT = binary
               INFOPLIST_PATH = FirebaseInstallations_Privacy.bundle/Info.plist
               INFOPLIST_PREPROCESS = NO
               INFOSTRINGS_PATH = FirebaseInstallations_Privacy.bundle/en.lproj/InfoPlist.strings
               INLINE_PRIVATE_FRAMEWORKS = NO
               INSTALLAPI_IGNORE_SKIP_INSTALL = YES
               INSTALLHDRS_COPY_PHASE = NO
               INSTALLHDRS_SCRIPT_PHASE = NO
               INSTALL_DIR = /tmp/Pods.dst
               INSTALL_GROUP = staff
               INSTALL_MODE_FLAG = u+w,go-w,a+rX
               INSTALL_OWNER = gregoriomorelli
               INSTALL_ROOT = /tmp/Pods.dst
               IPHONEOS_DEPLOYMENT_TARGET = 12.0
               IS_UNOPTIMIZED_BUILD = NO
               JAVAC_DEFAULT_FLAGS = -J-Xms64m -J-XX:NewSize=4M -J-Dfile.encoding=UTF8
               JAVA_APP_STUB = /System/Library/Frameworks/JavaVM.framework/Resources/MacOS/JavaApplicationStub
               JAVA_ARCHIVE_CLASSES = YES
               JAVA_ARCHIVE_TYPE = JAR
               JAVA_COMPILER = /usr/bin/javac
               JAVA_FOLDER_PATH = FirebaseInstallations_Privacy.bundle/Java
               JAVA_FRAMEWORK_RESOURCES_DIRS = Resources
               JAVA_JAR_FLAGS = cv
               JAVA_SOURCE_SUBDIR = .
               JAVA_USE_DEPENDENCIES = YES
               JAVA_ZIP_FLAGS = -urg
               JIKES_DEFAULT_FLAGS = +E +OLDCSO
               KEEP_PRIVATE_EXTERNS = NO
               LD_DEPENDENCY_INFO_FILE = /Users/gregoriomorelli/Documents/vibra/build/ios/Pods.build/Release-iphonesimulator/FirebaseInstallations-FirebaseInstallations_Privacy.build/Objects-normal/undefined_arch/FirebaseInstallations_Privacy_dependency_info.dat
               LD_EXPORT_SYMBOLS = YES
               LD_GENERATE_MAP_FILE = NO
               LD_MAP_FILE_PATH = /Users/gregoriomorelli/Documents/vibra/build/ios/Pods.build/Release-iphonesimulator/FirebaseInstallations-FirebaseInstallations_Privacy.build/FirebaseInstallations_Privacy-LinkMap-normal-undefined_arch.txt
               LD_NO_PIE = NO
               LD_QUOTE_LINKER_ARGUMENTS_FOR_COMPILER_DRIVER = YES
               LD_SHARED_CACHE_ELIGIBLE = Automatic
               LD_WARN_DUPLICATE_LIBRARIES = NO
               LD_WARN_UNUSED_DYLIBS = NO
               LEGACY_DEVELOPER_DIR = /Applications/Xcode.app/Contents/PlugIns/Xcode3Core.ideplugin/Contents/SharedSupport/Developer
               LEX = lex
               LIBRARY_DEXT_INSTALL_PATH = /Library/DriverExtensions
               LIBRARY_FLAG_NOSPACE = YES
               LIBRARY_FLAG_PREFIX = -l
               LIBRARY_KEXT_INSTALL_PATH = /Library/Extensions
               LIBRARY_SEARCH_PATHS = /Users/gregoriomorelli/Documents/vibra/build/ios/Release-iphonesimulator/FirebaseInstallations 
               LINKER_DISPLAYS_MANGLED_NAMES = NO
               LINK_FILE_LIST_normal_arm64 = /Users/gregoriomorelli/Documents/vibra/build/ios/Pods.build/Release-iphonesimulator/FirebaseInstallations-FirebaseInstallations_Privacy.build/Objects-normal/arm64/FirebaseInstallations_Privacy.LinkFileList
               LINK_FILE_LIST_normal_x86_64 = /Users/gregoriomorelli/Documents/vibra/build/ios/Pods.build/Release-iphonesimulator/FirebaseInstallations-FirebaseInstallations_Privacy.build/Objects-normal/x86_64/FirebaseInstallations_Privacy.LinkFileList
               LINK_OBJC_RUNTIME = YES
               LINK_WITH_STANDARD_LIBRARIES = YES
               LLVM_TARGET_TRIPLE_OS_VERSION = ios12.0
               LLVM_TARGET_TRIPLE_SUFFIX = -simulator
               LLVM_TARGET_TRIPLE_VENDOR = apple
               LM_AUX_CONST_METADATA_LIST_PATH_normal_arm64 = /Users/gregoriomorelli/Documents/vibra/build/ios/Pods.build/Release-iphonesimulator/FirebaseInstallations-FirebaseInstallations_Privacy.build/Objects-normal/arm64/FirebaseInstallations_Privacy.SwiftConstValuesFileList
               LM_AUX_CONST_METADATA_LIST_PATH_normal_x86_64 = /Users/gregoriomorelli/Documents/vibra/build/ios/Pods.build/Release-iphonesimulator/FirebaseInstallations-FirebaseInstallations_Privacy.build/Objects-normal/x86_64/FirebaseInstallations_Privacy.SwiftConstValuesFileList
               LOCALIZATION_EXPORT_SUPPORTED = YES
               LOCALIZATION_PREFERS_STRING_CATALOGS = NO
               LOCALIZED_RESOURCES_FOLDER_PATH = FirebaseInstallations_Privacy.bundle/en.lproj
               LOCALIZED_STRING_CODE_COMMENTS = NO
               LOCALIZED_STRING_MACRO_NAMES = NSLocalizedString CFCopyLocalizedString
               LOCALIZED_STRING_SWIFTUI_SUPPORT = YES
               LOCAL_ADMIN_APPS_DIR = /Applications/Utilities
               LOCAL_APPS_DIR = /Applications
               LOCAL_DEVELOPER_DIR = /Library/Developer
               LOCAL_LIBRARY_DIR = /Library
               LOCROOT = /Users/gregoriomorelli/Documents/vibra/ios/Pods
               LOCSYMROOT = /Users/gregoriomorelli/Documents/vibra/ios/Pods
               MACH_O_TYPE = mh_bundle
               MACOSX_DEPLOYMENT_TARGET = 26.5
               MAC_OS_X_PRODUCT_BUILD_VERSION = 25F84
               MAC_OS_X_VERSION_ACTUAL = 260502
               MAC_OS_X_VERSION_MAJOR = 260000
               MAC_OS_X_VERSION_MINOR = 260500
               MAKE_MERGEABLE = NO
               MERGEABLE_LIBRARY = NO
               MERGED_BINARY_TYPE = none
               MERGE_LINKED_LIBRARIES = NO
               METAL_LIBRARY_FILE_BASE = default
               METAL_LIBRARY_OUTPUT_DIR = /Users/gregoriomorelli/Documents/vibra/build/ios/Release-iphonesimulator/FirebaseInstallations/FirebaseInstallations_Privacy.bundle
               MODULES_FOLDER_PATH = FirebaseInstallations_Privacy.bundle/Modules
               MTL_ENABLE_DEBUG_INFO = NO
               MTL_FAST_MATH = YES
               NATIVE_ARCH = arm64
               NATIVE_ARCH_32_BIT = arm
               NATIVE_ARCH_64_BIT = arm64
               NATIVE_ARCH_ACTUAL = arm64
               NO_COMMON = YES
               OBJC_ABI_VERSION = 2
               OBJECT_FILE_DIR = /Users/gregoriomorelli/Documents/vibra/build/ios/Pods.build/Release-iphonesimulator/FirebaseInstallations-FirebaseInstallations_Privacy.build/Objects
               OBJECT_FILE_DIR_normal = /Users/gregoriomorelli/Documents/vibra/build/ios/Pods.build/Release-iphonesimulator/FirebaseInstallations-FirebaseInstallations_Privacy.build/Objects-normal
               OBJROOT = /Users/gregoriomorelli/Documents/vibra/build/ios
               ONLY_ACTIVE_ARCH = NO
               OS = MACOS
               OSAC = /usr/bin/osacompile
               OTHER_LDFLAGS =  -framework "FBLPromises" -framework "FirebaseCore" -framework "Foundation" -framework "GoogleUtilities" -framework "Security" -framework "SystemConfiguration" -framework "UIKit"
               PACKAGE_TYPE = com.apple.package-type.wrapper
               PASCAL_STRINGS = YES
               PATH = /Applications/Xcode.app/Contents/SharedFrameworks/SwiftBuild.framework/Versions/A/PlugIns/SWBBuildService.bundle/Contents/PlugIns/SWBUniversalPlatformPlugin.bundle/Contents/Frameworks/SWBUniversalPlatform.framework/Resources:/Applications/Xcode.app/Contents/Developer/Toolchains/XcodeDefault.xctoolchain/usr/bin:/Applications/Xcode.app/Contents/Developer/Toolchains/XcodeDefault.xctoolchain/usr/local/bin:/Applications/Xcode.app/Contents/Developer/Toolchains/XcodeDefault.xctoolchain/usr/libexec:/Applications/Xcode.app/Contents/Developer/Platforms/iPhoneSimulator.platform/usr/bin:/Applications/Xcode.app/Contents/Developer/Platforms/iPhoneSimulator.platform/usr/local/bin:/Applications/Xcode.app/Contents/Developer/Platforms/iPhoneSimulator.platform/Developer/usr/bin:/Applications/Xcode.app/Contents/Developer/Platforms/iPhoneSimulator.platform/Developer/usr/local/bin:/Applications/Xcode.app/Contents/Developer/usr/bin:/Applications/Xcode.app/Contents/Developer/usr/local/bin:/Users/gregoriomorelli/.gemini/antigravity/bin:/Users/gregoriomorelli/Library/Application Support/Antigravity/bin:/opt/homebrew/bin:/opt/homebrew/sbin:/Library/Developer/CommandLineTools/usr/bin:/Users/gregoriomorelli/development/flutter/bin:/Users/gregoriomorelli/Library/Android/sdk/platform-tools:/Users/gregoriomorelli/Library/Android/sdk/cmdline-tools/latest/bin:/Users/gregoriomorelli/Library/Android/sdk/emulator:/Users/gregoriomorelli/.antigravity-ide/antigravity-ide/bin:/Users/gregoriomorelli/.antigravity/antigravity/bin:/Applications/XAMPP/xamppfiles/bin:/Users/gregoriomorelli/develop/flutter/bin:/usr/local/bin:/System/Cryptexes/App/usr/bin:/usr/bin:/bin:/usr/sbin:/sbin:/var/run/com.apple.security.cryptexd/codex.system/bootstrap/usr/local/bin:/var/run/com.apple.security.cryptexd/codex.system/bootstrap/usr/bin:/var/run/com.apple.security.cryptexd/codex.system/bootstrap/usr/appleinternal/bin:/pkg/env/global/bin:/Users/gregoriomorelli/.spicetify
               PATH_PREFIXES_EXCLUDED_FROM_HEADER_DEPENDENCIES = /usr/include /usr/local/include /System/Library/Frameworks /System/Library/PrivateFrameworks /Applications/Xcode.app/Contents/Developer/Headers /Applications/Xcode.app/Contents/Developer/SDKs /Applications/Xcode.app/Contents/Developer/Platforms
               PBDEVELOPMENTPLIST_PATH = FirebaseInstallations_Privacy.bundle/pbdevelopment.plist
               PER_ARCH_MODULE_FILE_DIR = /Users/gregoriomorelli/Documents/vibra/build/ios/Pods.build/Release-iphonesimulator/FirebaseInstallations-FirebaseInstallations_Privacy.build/Objects-normal/undefined_arch
               PER_ARCH_OBJECT_FILE_DIR = /Users/gregoriomorelli/Documents/vibra/build/ios/Pods.build/Release-iphonesimulator/FirebaseInstallations-FirebaseInstallations_Privacy.build/Objects-normal/undefined_arch
               PER_VARIANT_OBJECT_FILE_DIR = /Users/gregoriomorelli/Documents/vibra/build/ios/Pods.build/Release-iphonesimulator/FirebaseInstallations-FirebaseInstallations_Privacy.build/Objects-normal
               PKGINFO_FILE_PATH = /Users/gregoriomorelli/Documents/vibra/build/ios/Pods.build/Release-iphonesimulator/FirebaseInstallations-FirebaseInstallations_Privacy.build/PkgInfo
               PKGINFO_PATH = FirebaseInstallations_Privacy.bundle/PkgInfo
               PLATFORM_DEVELOPER_APPLICATIONS_DIR = /Applications/Xcode.app/Contents/Developer/Platforms/iPhoneSimulator.platform/Developer/Applications
               PLATFORM_DEVELOPER_BIN_DIR = /Applications/Xcode.app/Contents/Developer/Platforms/iPhoneSimulator.platform/Developer/usr/bin
               PLATFORM_DEVELOPER_LIBRARY_DIR = /Applications/Xcode.app/Contents/Developer/Platforms/iPhoneSimulator.platform/Developer/Library
               PLATFORM_DEVELOPER_SDK_DIR = /Applications/Xcode.app/Contents/Developer/Platforms/iPhoneSimulator.platform/Developer/SDKs
               PLATFORM_DEVELOPER_TOOLS_DIR = /Applications/Xcode.app/Contents/Developer/Platforms/iPhoneSimulator.platform/Developer/Tools
               PLATFORM_DEVELOPER_USR_DIR = /Applications/Xcode.app/Contents/Developer/Platforms/iPhoneSimulator.platform/Developer/usr
               PLATFORM_DIR = /Applications/Xcode.app/Contents/Developer/Platforms/iPhoneSimulator.platform
               PLATFORM_DISPLAY_NAME = iOS Simulator
               PLATFORM_FAMILY_NAME = iOS
               PLATFORM_NAME = iphonesimulator
               PLATFORM_PREFERRED_ARCH = x86_64
               PLATFORM_PRODUCT_BUILD_VERSION = 23F73
               PLATFORM_REQUIRES_SWIFT_AUTOLINK_EXTRACT = NO
               PLATFORM_REQUIRES_SWIFT_MODULEWRAP = NO
               PLATFORM_USES_DSYMS = YES
               PLIST_FILE_OUTPUT_FORMAT = binary
               PLUGINS_FOLDER_PATH = FirebaseInstallations_Privacy.bundle/PlugIns
               PODS_BUILD_DIR = /Users/gregoriomorelli/Documents/vibra/build/ios
               PODS_CONFIGURATION_BUILD_DIR = /Users/gregoriomorelli/Documents/vibra/build/ios/Release-iphonesimulator
               PODS_DEVELOPMENT_LANGUAGE = en
               PODS_ROOT = /Users/gregoriomorelli/Documents/vibra/ios/Pods
               PODS_TARGET_SRCROOT = /Users/gregoriomorelli/Documents/vibra/ios/Pods/FirebaseInstallations
               PODS_XCFRAMEWORKS_BUILD_DIR = /Users/gregoriomorelli/Documents/vibra/build/ios/Release-iphonesimulator/XCFrameworkIntermediates
               PRECOMPS_INCLUDE_HEADERS_FROM_BUILT_PRODUCTS_DIR = YES
               PRECOMP_DESTINATION_DIR = /Users/gregoriomorelli/Documents/vibra/build/ios/Pods.build/Release-iphonesimulator/FirebaseInstallations-FirebaseInstallations_Privacy.build/PrefixHeaders
               PRIVATE_HEADERS_FOLDER_PATH = FirebaseInstallations_Privacy.bundle/PrivateHeaders
               PROCESSED_INFOPLIST_PATH = /Users/gregoriomorelli/Documents/vibra/build/ios/Pods.build/Release-iphonesimulator/FirebaseInstallations-FirebaseInstallations_Privacy.build/Objects-normal/undefined_arch/Processed-Info.plist
               PRODUCT_BUNDLE_IDENTIFIER = org.cocoapods.FirebaseInstallations-Privacy
               PRODUCT_BUNDLE_PACKAGE_TYPE = BNDL
               PRODUCT_MODULE_NAME = FirebaseInstallations_Privacy
               PRODUCT_NAME = FirebaseInstallations_Privacy
               PRODUCT_SETTINGS_PATH = /Users/gregoriomorelli/Documents/vibra/ios/Pods/Target Support Files/FirebaseInstallations/ResourceBundle-FirebaseInstallations_Privacy-FirebaseInstallations-Info.plist
               PRODUCT_TYPE = com.apple.product-type.bundle
               PROFILING_CODE = NO
               PROJECT = Pods
               PROJECT_DERIVED_FILE_DIR = /Users/gregoriomorelli/Documents/vibra/build/ios/Pods.build/DerivedSources
               PROJECT_DIR = /Users/gregoriomorelli/Documents/vibra/ios/Pods
               PROJECT_FILE_PATH = /Users/gregoriomorelli/Documents/vibra/ios/Pods/Pods.xcodeproj
               PROJECT_GUID = bfdfe7dc352907fc980b868725387e98
               PROJECT_NAME = Pods
               PROJECT_TEMP_DIR = /Users/gregoriomorelli/Documents/vibra/build/ios/Pods.build
               PROJECT_TEMP_ROOT = /Users/gregoriomorelli/Documents/vibra/build/ios
               PUBLIC_HEADERS_FOLDER_PATH = FirebaseInstallations_Privacy.bundle/Headers
               RECOMMENDED_IPHONEOS_DEPLOYMENT_TARGET = 15.0
               RECURSIVE_SEARCH_PATHS_FOLLOW_SYMLINKS = YES
               REMOVE_CVS_FROM_RESOURCES = YES
               REMOVE_GIT_FROM_RESOURCES = YES
               REMOVE_HEADERS_FROM_EMBEDDED_BUNDLES = YES
               REMOVE_HG_FROM_RESOURCES = YES
               REMOVE_STATIC_EXECUTABLES_FROM_EMBEDDED_BUNDLES = YES
               REMOVE_SVN_FROM_RESOURCES = YES
               RESCHEDULE_INDEPENDENT_HEADERS_PHASES = YES
               REZ_COLLECTOR_DIR = /Users/gregoriomorelli/Documents/vibra/build/ios/Pods.build/Release-iphonesimulator/FirebaseInstallations-FirebaseInstallations_Privacy.build/ResourceManagerResources
               REZ_OBJECTS_DIR = /Users/gregoriomorelli/Documents/vibra/build/ios/Pods.build/Release-iphonesimulator/FirebaseInstallations-FirebaseInstallations_Privacy.build/ResourceManagerResources/Objects
               REZ_SEARCH_PATHS = /Users/gregoriomorelli/Documents/vibra/build/ios/Release-iphonesimulator/FirebaseInstallations 
               RPATH_ORIGIN = @loader_path
               RUNTIME_EXCEPTION_ALLOW_DYLD_ENVIRONMENT_VARIABLES = NO
               RUNTIME_EXCEPTION_ALLOW_JIT = NO
               RUNTIME_EXCEPTION_ALLOW_UNSIGNED_EXECUTABLE_MEMORY = NO
               RUNTIME_EXCEPTION_DEBUGGING_TOOL = NO
               RUNTIME_EXCEPTION_DISABLE_EXECUTABLE_PAGE_PROTECTION = NO
               RUNTIME_EXCEPTION_DISABLE_LIBRARY_VALIDATION = NO
               SCANNING_PCM_KEEP_CACHE_DIRECTORY = YES
               SCAN_ALL_SOURCE_FILES_FOR_INCLUDES = NO
               SCRIPTS_FOLDER_PATH = FirebaseInstallations_Privacy.bundle/Scripts
               SDKROOT = /Applications/Xcode.app/Contents/Developer/Platforms/iPhoneSimulator.platform/Developer/SDKs/iPhoneSimulator26.5.sdk
               SDK_DIR = /Applications/Xcode.app/Contents/Developer/Platforms/iPhoneSimulator.platform/Developer/SDKs/iPhoneSimulator26.5.sdk
               SDK_DIR_iphonesimulator = /Applications/Xcode.app/Contents/Developer/Platforms/iPhoneSimulator.platform/Developer/SDKs/iPhoneSimulator26.5.sdk
               SDK_DIR_iphonesimulator26_5 = /Applications/Xcode.app/Contents/Developer/Platforms/iPhoneSimulator.platform/Developer/SDKs/iPhoneSimulator26.5.sdk
               SDK_NAME = iphonesimulator26.5
               SDK_NAMES = iphonesimulator26.5
               SDK_PRODUCT_BUILD_VERSION = 23F73
               SDK_STAT_CACHE_DIR = /var/folders/pg/x6t89f2n7s7299rcw8hv33180000gn/C/com.apple.DeveloperTools/26.5-17F42/Xcode
               SDK_STAT_CACHE_ENABLE = YES
               SDK_STAT_CACHE_PATH = /var/folders/pg/x6t89f2n7s7299rcw8hv33180000gn/C/com.apple.DeveloperTools/26.5-17F42/Xcode/SDKStatCaches.noindex/iphonesimulator26.5-23F73-6cfe768891a92b912361537c460fe42b.sdkstatcache
               SDK_VERSION = 26.5
               SDK_VERSION_ACTUAL = 260500
               SDK_VERSION_MAJOR = 260000
               SDK_VERSION_MINOR = 260500
               SED = /usr/bin/sed
               SEPARATE_STRIP = NO
               SEPARATE_SYMBOL_EDIT = NO
               SET_DIR_MODE_OWNER_GROUP = YES
               SET_FILE_MODE_OWNER_GROUP = NO
               SHALLOW_BUNDLE = YES
               SHALLOW_BUNDLE_TRIPLE = ios-simulator
               SHALLOW_BUNDLE_ios_macabi = NO
               SHALLOW_BUNDLE_macos = NO
               SHARED_DERIVED_FILE_DIR = /Users/gregoriomorelli/Documents/vibra/build/ios/Release-iphonesimulator/FirebaseInstallations/DerivedSources
               SHARED_FRAMEWORKS_FOLDER_PATH = FirebaseInstallations_Privacy.bundle/SharedFrameworks
               SHARED_PRECOMPS_DIR = /Users/gregoriomorelli/Documents/vibra/build/ios/SharedPrecompiledHeaders
               SHARED_SUPPORT_FOLDER_PATH = FirebaseInstallations_Privacy.bundle/SharedSupport
               SKIP_INSTALL = YES
               SKIP_MERGEABLE_LIBRARY_BUNDLE_HOOK = NO
               SOURCE_ROOT = /Users/gregoriomorelli/Documents/vibra/ios/Pods
               SRCROOT = /Users/gregoriomorelli/Documents/vibra/ios/Pods
               STRINGSDATA_DIR = /Users/gregoriomorelli/Documents/vibra/build/ios/Pods.build/Release-iphonesimulator/FirebaseInstallations-FirebaseInstallations_Privacy.build/Objects-normal/undefined_arch
               STRINGSDATA_ROOT = /Users/gregoriomorelli/Documents/vibra/build/ios/Pods.build/Release-iphonesimulator/FirebaseInstallations-FirebaseInstallations_Privacy.build
               STRINGS_FILE_INFOPLIST_RENAME = YES
               STRINGS_FILE_OUTPUT_ENCODING = binary
               STRING_CATALOG_GENERATE_SYMBOLS = NO
               STRIP_BITCODE_FROM_COPIED_FILES = NO
               STRIP_INSTALLED_PRODUCT = NO
               STRIP_STYLE = non-global
               STRIP_SWIFT_SYMBOLS = YES
               SUPPORTED_DEVICE_FAMILIES = 1,2
               SUPPORTED_PLATFORMS = iphoneos iphonesimulator
               SUPPORTS_TEXT_BASED_API = NO
               SUPPRESS_WARNINGS = NO
               SWIFT_COMPILATION_MODE = wholemodule
               SWIFT_EMIT_CONST_VALUE_PROTOCOLS = AnyResolverProviding AppEntity AppEnum AppExtension AppIntent AppIntentsPackage AppShortcutProviding AppShortcutsProvider AppUnionValue AppUnionValueCasesProviding DynamicOptionsProvider EntityQuery ExtensionPointDefining IntentValueQuery Resolver TransientEntity _AssistantIntentsProvider _GenerativeFunctionExtractable _IntentValueRepresentable
               SWIFT_EMIT_LOC_STRINGS = NO
               SWIFT_ENABLE_EXPLICIT_MODULES = YES
               SWIFT_OPTIMIZATION_LEVEL = -O
               SWIFT_PLATFORM_TARGET_PREFIX = ios
               SWIFT_RESPONSE_FILE_PATH_normal_arm64 = /Users/gregoriomorelli/Documents/vibra/build/ios/Pods.build/Release-iphonesimulator/FirebaseInstallations-FirebaseInstallations_Privacy.build/Objects-normal/arm64/FirebaseInstallations_Privacy.SwiftFileList
               SWIFT_RESPONSE_FILE_PATH_normal_x86_64 = /Users/gregoriomorelli/Documents/vibra/build/ios/Pods.build/Release-iphonesimulator/FirebaseInstallations-FirebaseInstallations_Privacy.build/Objects-normal/x86_64/FirebaseInstallations_Privacy.SwiftFileList
               SWIFT_VERSION = 5.0
               SYMROOT = /Users/gregoriomorelli/Documents/vibra/ios/build
               SYSTEM_ADMIN_APPS_DIR = /Applications/Utilities
               SYSTEM_APPS_DIR = /Applications
               SYSTEM_CORE_SERVICES_DIR = /System/Library/CoreServices
               SYSTEM_DEMOS_DIR = /Applications/Extras
               SYSTEM_DEVELOPER_APPS_DIR = /Applications/Xcode.app/Contents/Developer/Applications
               SYSTEM_DEVELOPER_BIN_DIR = /Applications/Xcode.app/Contents/Developer/usr/bin
               SYSTEM_DEVELOPER_DEMOS_DIR = /Applications/Xcode.app/Contents/Developer/Applications/Utilities/Built Examples
               SYSTEM_DEVELOPER_DIR = /Applications/Xcode.app/Contents/Developer
               SYSTEM_DEVELOPER_DOC_DIR = /Applications/Xcode.app/Contents/Developer/ADC Reference Library
               SYSTEM_DEVELOPER_GRAPHICS_TOOLS_DIR = /Applications/Xcode.app/Contents/Developer/Applications/Graphics Tools
               SYSTEM_DEVELOPER_JAVA_TOOLS_DIR = /Applications/Xcode.app/Contents/Developer/Applications/Java Tools
               SYSTEM_DEVELOPER_PERFORMANCE_TOOLS_DIR = /Applications/Xcode.app/Contents/Developer/Applications/Performance Tools
               SYSTEM_DEVELOPER_RELEASENOTES_DIR = /Applications/Xcode.app/Contents/Developer/ADC Reference Library/releasenotes
               SYSTEM_DEVELOPER_TOOLS = /Applications/Xcode.app/Contents/Developer/Tools
               SYSTEM_DEVELOPER_TOOLS_DOC_DIR = /Applications/Xcode.app/Contents/Developer/ADC Reference Library/documentation/DeveloperTools
               SYSTEM_DEVELOPER_TOOLS_RELEASENOTES_DIR = /Applications/Xcode.app/Contents/Developer/ADC Reference Library/releasenotes/DeveloperTools
               SYSTEM_DEVELOPER_USR_DIR = /Applications/Xcode.app/Contents/Developer/usr
               SYSTEM_DEVELOPER_UTILITIES_DIR = /Applications/Xcode.app/Contents/Developer/Applications/Utilities
               SYSTEM_DEXT_INSTALL_PATH = /System/Library/DriverExtensions
               SYSTEM_DOCUMENTATION_DIR = /Library/Documentation
               SYSTEM_EXTENSIONS_FOLDER_PATH = FirebaseInstallations_Privacy.bundle/SystemExtensions
               SYSTEM_EXTENSIONS_FOLDER_PATH_SHALLOW_BUNDLE_NO = FirebaseInstallations_Privacy.bundle/Library/SystemExtensions
               SYSTEM_EXTENSIONS_FOLDER_PATH_SHALLOW_BUNDLE_YES = FirebaseInstallations_Privacy.bundle/SystemExtensions
               SYSTEM_KEXT_INSTALL_PATH = /System/Library/Extensions
               SYSTEM_LIBRARY_DIR = /System/Library
               TAPI_DEMANGLE = YES
               TAPI_ENABLE_PROJECT_HEADERS = NO
               TAPI_LANGUAGE = objective-c
               TAPI_LANGUAGE_STANDARD = compiler-default
               TAPI_USE_SRCROOT = YES
               TAPI_VERIFY_MODE = Pedantic
               TARGETED_DEVICE_FAMILY = 1,2
               TARGETNAME = FirebaseInstallations-FirebaseInstallations_Privacy
               TARGET_BUILD_DIR = /Users/gregoriomorelli/Documents/vibra/build/ios/Release-iphonesimulator/FirebaseInstallations
               TARGET_NAME = FirebaseInstallations-FirebaseInstallations_Privacy
               TARGET_TEMP_DIR = /Users/gregoriomorelli/Documents/vibra/build/ios/Pods.build/Release-iphonesimulator/FirebaseInstallations-FirebaseInstallations_Privacy.build
               TEMP_DIR = /Users/gregoriomorelli/Documents/vibra/build/ios/Pods.build/Release-iphonesimulator/FirebaseInstallations-FirebaseInstallations_Privacy.build
               TEMP_FILES_DIR = /Users/gregoriomorelli/Documents/vibra/build/ios/Pods.build/Release-iphonesimulator/FirebaseInstallations-FirebaseInstallations_Privacy.build
               TEMP_FILE_DIR = /Users/gregoriomorelli/Documents/vibra/build/ios/Pods.build/Release-iphonesimulator/FirebaseInstallations-FirebaseInstallations_Privacy.build
               TEMP_ROOT = /Users/gregoriomorelli/Documents/vibra/build/ios
               TEMP_SANDBOX_DIR = /Users/gregoriomorelli/Documents/vibra/build/ios/TemporaryTaskSandboxes
               TEST_FRAMEWORK_SEARCH_PATHS =  /Applications/Xcode.app/Contents/Developer/Platforms/iPhoneSimulator.platform/Developer/Library/Frameworks /Applications/Xcode.app/Contents/Developer/Platforms/iPhoneSimulator.platform/Developer/SDKs/iPhoneSimulator26.5.sdk/Developer/Library/Frameworks
               TEST_LIBRARY_SEARCH_PATHS =  /Applications/Xcode.app/Contents/Developer/Platforms/iPhoneSimulator.platform/Developer/usr/lib
               TOOLCHAINS = com.apple.dt.toolchain.XcodeDefault
               TOOLCHAIN_DIR = /Applications/Xcode.app/Contents/Developer/Toolchains/XcodeDefault.xctoolchain
               TREAT_MISSING_BASELINES_AS_TEST_FAILURES = NO
               TREAT_MISSING_SCRIPT_PHASE_OUTPUTS_AS_ERRORS = NO
               TVOS_DEPLOYMENT_TARGET = 26.5
               UID = 501
               UNINSTALLED_PRODUCTS_DIR = /Users/gregoriomorelli/Documents/vibra/build/ios/UninstalledProducts
               UNLOCALIZED_RESOURCES_FOLDER_PATH = FirebaseInstallations_Privacy.bundle
               UNLOCALIZED_RESOURCES_FOLDER_PATH_SHALLOW_BUNDLE_NO = FirebaseInstallations_Privacy.bundle/Resources
               UNLOCALIZED_RESOURCES_FOLDER_PATH_SHALLOW_BUNDLE_YES = FirebaseInstallations_Privacy.bundle
               UNSTRIPPED_PRODUCT = NO
               USER = gregoriomorelli
               USER_APPS_DIR = /Users/gregoriomorelli/Applications
               USER_LIBRARY_DIR = /Users/gregoriomorelli/Library
               USE_DYNAMIC_NO_PIC = YES
               USE_HEADERMAP = YES
               USE_HEADER_SYMLINKS = NO
               USE_RECURSIVE_SCRIPT_INPUTS_IN_SCRIPT_PHASES = YES
               VALIDATE_DEVELOPMENT_ASSET_PATHS = YES_ERROR
               VALIDATE_PRODUCT = NO
               VALID_ARCHS = arm64 x86_64
               VERBOSE_PBXCP = NO
               VERSIONPLIST_PATH = FirebaseInstallations_Privacy.bundle/version.plist
               VERSION_INFO_BUILDER = gregoriomorelli
               VERSION_INFO_FILE = FirebaseInstallations_Privacy_vers.c
               VERSION_INFO_STRING = "@(#)PROGRAM:FirebaseInstallations_Privacy  PROJECT:Pods-"
               WATCHOS_DEPLOYMENT_TARGET = 26.5
               WORKSPACE_DIR = /Users/gregoriomorelli/Documents/vibra/ios/Pods/Pods.xcodeproj
               WRAPPER_EXTENSION = bundle
               WRAPPER_NAME = FirebaseInstallations_Privacy.bundle
               WRAPPER_SUFFIX = .bundle
               WRAP_ASSET_PACKS_IN_SEPARATE_DIRECTORIES = NO
               XCODE_APP_SUPPORT_DIR = /Applications/Xcode.app/Contents/Developer/Library/Xcode
               XCODE_PRODUCT_BUILD_VERSION = 17F42
               XCODE_VERSION_ACTUAL = 2650
               XCODE_VERSION_MAJOR = 2600
               XCODE_VERSION_MINOR = 2650
               XPCSERVICES_FOLDER_PATH = FirebaseInstallations_Privacy.bundle/XPCServices
               XROS_DEPLOYMENT_TARGET = 26.5
               YACC = yacc
               _DISCOVER_COMMAND_LINE_LINKER_INPUTS = YES
               _DISCOVER_COMMAND_LINE_LINKER_INPUTS_INCLUDE_WL = YES
               _LD_MULTIARCH = YES
               _WRAPPER_CONTENTS_DIR_SHALLOW_BUNDLE_NO = /Contents
               _WRAPPER_PARENT_PATH_SHALLOW_BUNDLE_NO = /..
               _WRAPPER_RESOURCES_DIR_SHALLOW_BUNDLE_NO = /Resources
               __DIAGNOSE_DEPRECATED_ARCHS = YES
               __ORIGINAL_SDK_DEFINED_LLVM_TARGET_TRIPLE_SYS = ios
               arch = undefined_arch
               variant = normal

           Build settings for action build and target FirebaseMessaging:
               ACTION = build
               AD_HOC_CODE_SIGNING_ALLOWED = YES
               ALLOW_BUILD_REQUEST_OVERRIDES = NO
               ALLOW_TARGET_PLATFORM_SPECIALIZATION = NO
               ALTERNATE_GROUP = staff
               ALTERNATE_MODE = u+w,go-w,a+rX
               ALTERNATE_OWNER = gregoriomorelli
               ALTERNATIVE_DISTRIBUTION_WEB = NO
               ALWAYS_EMBED_SWIFT_STANDARD_LIBRARIES = NO
               ALWAYS_SEARCH_USER_PATHS = NO
               ALWAYS_USE_SEPARATE_HEADERMAPS = NO
               APPLICATION_EXTENSION_API_ONLY = NO
               APPLY_RULES_IN_COPY_FILES = NO
               APPLY_RULES_IN_COPY_HEADERS = NO
               APP_SHORTCUTS_ENABLE_FLEXIBLE_MATCHING = YES
               ARCHS = arm64 x86_64
               ARCHS_BASE = arm64 x86_64
               ARCHS_STANDARD = arm64 x86_64
               ARCHS_STANDARD_32_64_BIT = arm64 x86_64
               ARCHS_STANDARD_64_BIT = arm64 x86_64
               ARCHS_STANDARD_INCLUDING_64_BIT = arm64 x86_64
               ARCHS_UNIVERSAL_IPHONE_OS = arm64 x86_64
               AUTOMATICALLY_MERGE_DEPENDENCIES = NO
               AUTOMATION_APPLE_EVENTS = NO
               AVAILABLE_PLATFORMS = android appletvos appletvsimulator driverkit freebsd iphoneos iphonesimulator linux macosx none openbsd qnx watchos watchsimulator webassembly xros xrsimulator
               BUILD_ACTIVE_RESOURCES_ONLY = NO
               BUILD_COMPONENTS = headers build
               BUILD_DIR = /Users/gregoriomorelli/Documents/vibra/build/ios
               BUILD_LIBRARY_FOR_DISTRIBUTION = NO
               BUILD_ONLY_KNOWN_LOCALIZATIONS = NO
               BUILD_ROOT = /Users/gregoriomorelli/Documents/vibra/ios/build
               BUILD_STYLE = 
               BUILD_VARIANTS = normal
               BUILT_PRODUCTS_DIR = /Users/gregoriomorelli/Documents/vibra/build/ios/Release-iphonesimulator/FirebaseMessaging
               BUNDLE_CONTENTS_FOLDER_PATH_deep = Contents/
               BUNDLE_EXECUTABLE_FOLDER_NAME_deep = MacOS
               BUNDLE_EXTENSIONS_FOLDER_PATH = Extensions
               BUNDLE_FORMAT = shallow
               BUNDLE_FRAMEWORKS_FOLDER_PATH = Frameworks
               BUNDLE_PLUGINS_FOLDER_PATH = PlugIns
               BUNDLE_PRIVATE_HEADERS_FOLDER_PATH = PrivateHeaders
               BUNDLE_PUBLIC_HEADERS_FOLDER_PATH = Headers
               CACHE_ROOT = /var/folders/pg/x6t89f2n7s7299rcw8hv33180000gn/C/com.apple.DeveloperTools/26.5-17F42/Xcode
               CCHROOT = /var/folders/pg/x6t89f2n7s7299rcw8hv33180000gn/C/com.apple.DeveloperTools/26.5-17F42/Xcode
               CHMOD = /bin/chmod
               CHOWN = chown
               CLANG_ANALYZER_LOCALIZABILITY_NONLOCALIZED = YES
               CLANG_ANALYZER_NONNULL = YES
               CLANG_ANALYZER_NUMBER_OBJECT_CONVERSION = YES_AGGRESSIVE
               CLANG_CACHE_FINE_GRAINED_OUTPUTS = YES
               CLANG_CXX_LANGUAGE_STANDARD = gnu++14
               CLANG_CXX_LIBRARY = libc++
               CLANG_ENABLE_EXPLICIT_MODULES = YES
               CLANG_ENABLE_MODULES = YES
               CLANG_ENABLE_OBJC_ARC = YES
               CLANG_ENABLE_OBJC_WEAK = NO
               CLANG_MODULES_BUILD_SESSION_FILE = /var/folders/pg/x6t89f2n7s7299rcw8hv33180000gn/C/org.llvm.clang/ModuleCache.noindex/Session.modulevalidation
               CLANG_WARN_BLOCK_CAPTURE_AUTORELEASING = YES
               CLANG_WARN_BOOL_CONVERSION = YES
               CLANG_WARN_COMMA = YES
               CLANG_WARN_CONSTANT_CONVERSION = YES
               CLANG_WARN_DEPRECATED_OBJC_IMPLEMENTATIONS = YES
               CLANG_WARN_DIRECT_OBJC_ISA_USAGE = YES_ERROR
               CLANG_WARN_DOCUMENTATION_COMMENTS = YES
               CLANG_WARN_EMPTY_BODY = YES
               CLANG_WARN_ENUM_CONVERSION = YES
               CLANG_WARN_INFINITE_RECURSION = YES
               CLANG_WARN_INT_CONVERSION = YES
               CLANG_WARN_NON_LITERAL_NULL_CONVERSION = YES
               CLANG_WARN_OBJC_IMPLICIT_RETAIN_SELF = YES
               CLANG_WARN_OBJC_LITERAL_CONVERSION = YES
               CLANG_WARN_OBJC_ROOT_CLASS = YES_ERROR
               CLANG_WARN_QUOTED_INCLUDE_IN_FRAMEWORK_HEADER = NO
               CLANG_WARN_RANGE_LOOP_ANALYSIS = YES
               CLANG_WARN_STRICT_PROTOTYPES = YES
               CLANG_WARN_SUSPICIOUS_MOVE = YES
               CLANG_WARN_UNGUARDED_AVAILABILITY = YES_AGGRESSIVE
               CLANG_WARN_UNREACHABLE_CODE = YES
               CLANG_WARN__DUPLICATE_METHOD_MATCH = YES
               CLASS_FILE_DIR = /Users/gregoriomorelli/Documents/vibra/build/ios/Pods.build/Release-iphonesimulator/FirebaseMessaging.build/JavaClasses
               CLEAN_PRECOMPS = YES
               CLONE_HEADERS = NO
               CODESIGNING_FOLDER_PATH = /Users/gregoriomorelli/Documents/vibra/build/ios/Release-iphonesimulator/FirebaseMessaging/FirebaseMessaging.framework
               CODE_SIGNING_ALLOWED = YES
               CODE_SIGNING_REQUIRED = NO
               CODE_SIGNING_REQUIRES_TEAM = YES
               CODE_SIGN_CONTEXT_CLASS = XCiPhoneSimulatorCodeSignContext
               CODE_SIGN_IDENTITY = -
               CODE_SIGN_INJECT_BASE_ENTITLEMENTS = YES
               COLOR_DIAGNOSTICS = NO
               COMBINE_HIDPI_IMAGES = NO
               COMPILATION_CACHE_CAS_PATH = /var/folders/pg/x6t89f2n7s7299rcw8hv33180000gn/C/com.apple.DeveloperTools/26.5-17F42/Xcode/CompilationCache.noindex
               COMPILATION_CACHE_KEEP_CAS_DIRECTORY = YES
               COMPILER_INDEX_STORE_ENABLE = Default
               COMPOSITE_SDK_DIRS = /Users/gregoriomorelli/Documents/vibra/build/ios/CompositeSDKs
               COMPRESS_PNG_FILES = YES
               CONFIGURATION = Release
               CONFIGURATION_BUILD_DIR = /Users/gregoriomorelli/Documents/vibra/build/ios/Release-iphonesimulator/FirebaseMessaging
               CONFIGURATION_TEMP_DIR = /Users/gregoriomorelli/Documents/vibra/build/ios/Pods.build/Release-iphonesimulator
               CONTENTS_FOLDER_PATH = FirebaseMessaging.framework
               CONTENTS_FOLDER_PATH_SHALLOW_BUNDLE_NO = FirebaseMessaging.framework/A
               CONTENTS_FOLDER_PATH_SHALLOW_BUNDLE_YES = FirebaseMessaging.framework
               COPYING_PRESERVES_HFS_DATA = NO
               COPY_HEADERS_RUN_UNIFDEF = NO
               COPY_PHASE_STRIP = NO
               CORRESPONDING_DEVICE_PLATFORM_DIR = /Applications/Xcode.app/Contents/Developer/Platforms/iPhoneOS.platform
               CORRESPONDING_DEVICE_PLATFORM_NAME = iphoneos
               CORRESPONDING_DEVICE_SDK_DIR = /Applications/Xcode.app/Contents/Developer/Platforms/iPhoneOS.platform/Developer/SDKs/iPhoneOS26.5.sdk
               CORRESPONDING_DEVICE_SDK_NAME = iphoneos26.5
               CP = /bin/cp
               CREATE_INFOPLIST_SECTION_IN_BINARY = NO
               CURRENT_ARCH = undefined_arch
               CURRENT_PROJECT_VERSION = 1
               CURRENT_VARIANT = normal
               CURRENT_VERSION = Current
               DEAD_CODE_STRIPPING = YES
               DEBUGGING_SYMBOLS = YES
               DEBUG_INFORMATION_FORMAT = dwarf-with-dsym
               DEBUG_INFORMATION_VERSION = compiler-default
               DEFAULT_COMPILER = com.apple.compilers.llvm.clang.1_0
               DEFAULT_DEXT_INSTALL_PATH = /System/Library/DriverExtensions
               DEFAULT_KEXT_INSTALL_PATH = /System/Library/Extensions
               DEFINES_MODULE = YES
               DEPLOYMENT_LOCATION = NO
               DEPLOYMENT_POSTPROCESSING = NO
               DEPLOYMENT_TARGET_SETTING_NAME = IPHONEOS_DEPLOYMENT_TARGET
               DEPLOYMENT_TARGET_SUGGESTED_VALUES = 12.0 12.1 12.2 12.3 12.4 13.0 13.1 13.2 13.3 13.4 13.5 13.6 14.0 14.1 14.2 14.3 14.4 14.5 14.6 14.7 15.0 15.1 15.2 15.3 15.4 15.5 15.6 16.0 16.1 16.2 16.3 16.4 16.5 16.6 17.0 17.1 17.2 17.3 17.4 17.5 17.6 18.0 18.1 18.2 18.3 18.4 18.5 18.6 26.0 26.2 26.3 26.4 26.5
               DERIVED_FILES_DIR = /Users/gregoriomorelli/Documents/vibra/build/ios/Pods.build/Release-iphonesimulator/FirebaseMessaging.build/DerivedSources
               DERIVED_FILE_DIR = /Users/gregoriomorelli/Documents/vibra/build/ios/Pods.build/Release-iphonesimulator/FirebaseMessaging.build/DerivedSources
               DERIVED_SOURCES_DIR = /Users/gregoriomorelli/Documents/vibra/build/ios/Pods.build/Release-iphonesimulator/FirebaseMessaging.build/DerivedSources
               DEVELOPER_APPLICATIONS_DIR = /Applications/Xcode.app/Contents/Developer/Applications
               DEVELOPER_BIN_DIR = /Applications/Xcode.app/Contents/Developer/usr/bin
               DEVELOPER_DIR = /Applications/Xcode.app/Contents/Developer
               DEVELOPER_FRAMEWORKS_DIR = /Applications/Xcode.app/Contents/Developer/Library/Frameworks
               DEVELOPER_FRAMEWORKS_DIR_QUOTED = /Applications/Xcode.app/Contents/Developer/Library/Frameworks
               DEVELOPER_LIBRARY_DIR = /Applications/Xcode.app/Contents/Developer/Library
               DEVELOPER_SDK_DIR = /Applications/Xcode.app/Contents/Developer/Platforms/MacOSX.platform/Developer/SDKs
               DEVELOPER_TOOLS_DIR = /Applications/Xcode.app/Contents/Developer/Tools
               DEVELOPER_USR_DIR = /Applications/Xcode.app/Contents/Developer/usr
               DEVELOPMENT_LANGUAGE = en
               DIAGNOSE_MISSING_TARGET_DEPENDENCIES = YES
               DIFF = /usr/bin/diff
               DOCUMENTATION_FOLDER_PATH = FirebaseMessaging.framework/en.lproj/Documentation
               DONT_GENERATE_INFOPLIST_FILE = NO
               DRIVERKIT_DEPLOYMENT_TARGET = 25.5
               DSTROOT = /tmp/Pods.dst
               DT_TOOLCHAIN_DIR = /Applications/Xcode.app/Contents/Developer/Toolchains/XcodeDefault.xctoolchain
               DUMP_DEPENDENCIES = NO
               DUMP_DEPENDENCIES_OUTPUT_PATH = /Users/gregoriomorelli/Documents/vibra/build/ios/Pods.build/Release-iphonesimulator/FirebaseMessaging.build/FirebaseMessaging-BuildDependencyInfo.json
               DWARF_DSYM_FILE_NAME = FirebaseMessaging.framework.dSYM
               DWARF_DSYM_FILE_SHOULD_ACCOMPANY_PRODUCT = NO
               DWARF_DSYM_FOLDER_PATH = /Users/gregoriomorelli/Documents/vibra/build/ios/Release-iphonesimulator/FirebaseMessaging
               DYLIB_COMPATIBILITY_VERSION = 1
               DYLIB_CURRENT_VERSION = 1
               DYLIB_INSTALL_NAME_BASE = @rpath
               DYNAMIC_LIBRARY_EXTENSION = dylib
               EAGER_COMPILATION_ALLOW_SCRIPTS = NO
               EAGER_LINKING = NO
               EFFECTIVE_PLATFORM_NAME = -iphonesimulator
               EFFECTIVE_SWIFT_VERSION = 5
               EMBEDDED_CONTENT_CONTAINS_SWIFT = NO
               EMBED_ASSET_PACKS_IN_PRODUCT_BUNDLE = NO
               ENABLE_APP_SANDBOX = NO
               ENABLE_CODE_COVERAGE = YES
               ENABLE_COHORT_ARCHS = NO
               ENABLE_CPLUSPLUS_BOUNDS_SAFE_BUFFERS = NO
               ENABLE_C_BOUNDS_SAFETY = NO
               ENABLE_DEFAULT_HEADER_SEARCH_PATHS = YES
               ENABLE_DEFAULT_SEARCH_PATHS = YES
               ENABLE_ENHANCED_SECURITY = NO
               ENABLE_HARDENED_RUNTIME = NO
               ENABLE_HEADER_DEPENDENCIES = YES
               ENABLE_INCOMING_NETWORK_CONNECTIONS = NO
               ENABLE_MODULE_VERIFIER = NO
               ENABLE_NS_ASSERTIONS = NO
               ENABLE_ON_DEMAND_RESOURCES = NO
               ENABLE_OUTGOING_NETWORK_CONNECTIONS = NO
               ENABLE_POINTER_AUTHENTICATION = NO
               ENABLE_RESOURCE_ACCESS_AUDIO_INPUT = NO
               ENABLE_RESOURCE_ACCESS_BLUETOOTH = NO
               ENABLE_RESOURCE_ACCESS_CALENDARS = NO
               ENABLE_RESOURCE_ACCESS_CAMERA = NO
               ENABLE_RESOURCE_ACCESS_CONTACTS = NO
               ENABLE_RESOURCE_ACCESS_LOCATION = NO
               ENABLE_RESOURCE_ACCESS_PHOTO_LIBRARY = NO
               ENABLE_RESOURCE_ACCESS_PRINTING = NO
               ENABLE_RESOURCE_ACCESS_USB = NO
               ENABLE_SDK_IMPORTS = NO
               ENABLE_SECURITY_COMPILER_WARNINGS = NO
               ENABLE_STRICT_OBJC_MSGSEND = YES
               ENABLE_TESTABILITY = NO
               ENABLE_TESTING_SEARCH_PATHS = NO
               ENABLE_USER_SCRIPT_SANDBOXING = NO
               ENFORCE_VALID_ARCHS = YES
               ENTITLEMENTS_DESTINATION = __entitlements
               ENTITLEMENTS_REQUIRED = NO
               EXCLUDED_INSTALLSRC_SUBDIRECTORY_PATTERNS = .DS_Store .svn .git .hg CVS
               EXCLUDED_RECURSIVE_SEARCH_PATH_SUBDIRECTORIES = *.nib *.lproj *.framework *.gch *.xcode* *.xcassets *.icon (*) .DS_Store CVS .svn .git .hg *.pbproj *.pbxproj
               EXECUTABLES_FOLDER_PATH = FirebaseMessaging.framework/en.lproj
               EXECUTABLE_FOLDER_PATH = FirebaseMessaging.framework
               EXECUTABLE_FOLDER_PATH_SHALLOW_BUNDLE_NO = FirebaseMessaging.framework
               EXECUTABLE_FOLDER_PATH_SHALLOW_BUNDLE_YES = FirebaseMessaging.framework
               EXECUTABLE_NAME = FirebaseMessaging
               EXECUTABLE_PATH = FirebaseMessaging.framework/FirebaseMessaging
               EXTENSIONS_FOLDER_PATH = FirebaseMessaging.framework/Extensions
               FILE_LIST = /Users/gregoriomorelli/Documents/vibra/build/ios/Pods.build/Release-iphonesimulator/FirebaseMessaging.build/Objects/LinkFileList
               FIXED_FILES_DIR = /Users/gregoriomorelli/Documents/vibra/build/ios/Pods.build/Release-iphonesimulator/FirebaseMessaging.build/FixedFiles
               FRAMEWORKS_FOLDER_PATH = FirebaseMessaging.framework/Frameworks
               FRAMEWORK_FLAG_PREFIX = -framework
               FRAMEWORK_SEARCH_PATHS = /Users/gregoriomorelli/Documents/vibra/build/ios/Release-iphonesimulator/FirebaseMessaging  "/Users/gregoriomorelli/Documents/vibra/build/ios/Release-iphonesimulator/FirebaseCore" "/Users/gregoriomorelli/Documents/vibra/build/ios/Release-iphonesimulator/FirebaseCoreInternal" "/Users/gregoriomorelli/Documents/vibra/build/ios/Release-iphonesimulator/FirebaseInstallations" "/Users/gregoriomorelli/Documents/vibra/build/ios/Release-iphonesimulator/GoogleDataTransport" "/Users/gregoriomorelli/Documents/vibra/build/ios/Release-iphonesimulator/GoogleUtilities" "/Users/gregoriomorelli/Documents/vibra/build/ios/Release-iphonesimulator/PromisesObjC" "/Users/gregoriomorelli/Documents/vibra/build/ios/Release-iphonesimulator/nanopb"
               FRAMEWORK_VERSION = A
               FULL_PRODUCT_NAME = FirebaseMessaging.framework
               FUSE_BUILD_PHASES = YES
               FUSE_BUILD_SCRIPT_PHASES = NO
               GCC3_VERSION = 3.3
               GCC_C_LANGUAGE_STANDARD = gnu11
               GCC_INLINES_ARE_PRIVATE_EXTERN = YES
               GCC_NO_COMMON_BLOCKS = YES
               GCC_OBJC_LEGACY_DISPATCH = YES
               GCC_PFE_FILE_C_DIALECTS = c objective-c c++ objective-c++
               GCC_PREPROCESSOR_DEFINITIONS = POD_CONFIGURATION_RELEASE=1  COCOAPODS=1 PB_FIELD_32BIT=1 PB_NO_PACKED_STRUCTS=1 PB_ENABLE_MALLOC=1
               GCC_TREAT_WARNINGS_AS_ERRORS = NO
               GCC_VERSION = com.apple.compilers.llvm.clang.1_0
               GCC_VERSION_IDENTIFIER = com_apple_compilers_llvm_clang_1_0
               GCC_WARN_64_TO_32_BIT_CONVERSION = YES
               GCC_WARN_ABOUT_RETURN_TYPE = YES_ERROR
               GCC_WARN_UNDECLARED_SELECTOR = YES
               GCC_WARN_UNINITIALIZED_AUTOS = YES_AGGRESSIVE
               GCC_WARN_UNUSED_FUNCTION = YES
               GCC_WARN_UNUSED_VARIABLE = YES
               GENERATED_MODULEMAP_DIR = /Users/gregoriomorelli/Documents/vibra/build/ios/GeneratedModuleMaps-iphonesimulator
               GENERATE_INFOPLIST_FILE = NO
               GENERATE_INTERMEDIATE_TEXT_BASED_STUBS = YES
               GENERATE_PKGINFO_FILE = NO
               GENERATE_PRELINK_OBJECT_FILE = NO
               GENERATE_PROFILING_CODE = NO
               GENERATE_TEXT_BASED_STUBS = NO
               GID = 20
               GROUP = staff
               HEADERMAP_INCLUDES_FLAT_ENTRIES_FOR_TARGET_BEING_BUILT = YES
               HEADERMAP_INCLUDES_FRAMEWORK_ENTRIES_FOR_ALL_PRODUCT_TYPES = YES
               HEADERMAP_INCLUDES_FRAMEWORK_ENTRIES_FOR_TARGETS_NOT_BEING_BUILT = YES
               HEADERMAP_INCLUDES_NONPUBLIC_NONPRIVATE_HEADERS = YES
               HEADERMAP_INCLUDES_PROJECT_HEADERS = YES
               HEADERMAP_USES_FRAMEWORK_PREFIX_ENTRIES = YES
               HEADERMAP_USES_VFS = YES
               HEADER_SEARCH_PATHS = /Users/gregoriomorelli/Documents/vibra/build/ios/Release-iphonesimulator/FirebaseMessaging/include  "/Users/gregoriomorelli/Documents/vibra/ios/Pods/FirebaseMessaging"
               HOME = /Users/gregoriomorelli
               HOST_ARCH = arm64
               HOST_PLATFORM = macosx
               ICONV = /usr/bin/iconv
               IMPLICIT_DEPENDENCY_DOMAIN = default
               INDEX_STORE_COMPRESS = NO
               INDEX_STORE_ONLY_PROJECT_FILES = NO
               INFOPLIST_ENABLE_CFBUNDLEICONS_MERGE = YES
               INFOPLIST_EXPAND_BUILD_SETTINGS = YES
               INFOPLIST_FILE = Target Support Files/FirebaseMessaging/FirebaseMessaging-Info.plist
               INFOPLIST_OUTPUT_FORMAT = binary
               INFOPLIST_PATH = FirebaseMessaging.framework/Info.plist
               INFOPLIST_PREPROCESS = NO
               INFOSTRINGS_PATH = FirebaseMessaging.framework/en.lproj/InfoPlist.strings
               INLINE_PRIVATE_FRAMEWORKS = NO
               INSTALLAPI_IGNORE_SKIP_INSTALL = YES
               INSTALLHDRS_COPY_PHASE = NO
               INSTALLHDRS_SCRIPT_PHASE = NO
               INSTALL_DIR = /tmp/Pods.dst/Library/Frameworks
               INSTALL_GROUP = staff
               INSTALL_MODE_FLAG = u+w,go-w,a+rX
               INSTALL_OWNER = gregoriomorelli
               INSTALL_PATH = /Library/Frameworks
               INSTALL_ROOT = /tmp/Pods.dst
               IPHONEOS_DEPLOYMENT_TARGET = 13.0
               IS_UNOPTIMIZED_BUILD = NO
               JAVAC_DEFAULT_FLAGS = -J-Xms64m -J-XX:NewSize=4M -J-Dfile.encoding=UTF8
               JAVA_APP_STUB = /System/Library/Frameworks/JavaVM.framework/Resources/MacOS/JavaApplicationStub
               JAVA_ARCHIVE_CLASSES = YES
               JAVA_ARCHIVE_TYPE = JAR
               JAVA_COMPILER = /usr/bin/javac
               JAVA_FOLDER_PATH = FirebaseMessaging.framework/Java
               JAVA_FRAMEWORK_RESOURCES_DIRS = Resources
               JAVA_JAR_FLAGS = cv
               JAVA_SOURCE_SUBDIR = .
               JAVA_USE_DEPENDENCIES = YES
               JAVA_ZIP_FLAGS = -urg
               JIKES_DEFAULT_FLAGS = +E +OLDCSO
               KEEP_PRIVATE_EXTERNS = NO
               LD_DEPENDENCY_INFO_FILE = /Users/gregoriomorelli/Documents/vibra/build/ios/Pods.build/Release-iphonesimulator/FirebaseMessaging.build/Objects-normal/undefined_arch/FirebaseMessaging_dependency_info.dat
               LD_DYLIB_INSTALL_NAME = @rpath/FirebaseMessaging.framework/FirebaseMessaging
               LD_EXPORT_SYMBOLS = YES
               LD_GENERATE_MAP_FILE = NO
               LD_MAP_FILE_PATH = /Users/gregoriomorelli/Documents/vibra/build/ios/Pods.build/Release-iphonesimulator/FirebaseMessaging.build/FirebaseMessaging-LinkMap-normal-undefined_arch.txt
               LD_NO_PIE = NO
               LD_QUOTE_LINKER_ARGUMENTS_FOR_COMPILER_DRIVER = YES
               LD_RUNPATH_SEARCH_PATHS =  @executable_path/Frameworks @loader_path/Frameworks
               LD_SHARED_CACHE_ELIGIBLE = Automatic
               LD_WARN_DUPLICATE_LIBRARIES = NO
               LD_WARN_UNUSED_DYLIBS = NO
               LEGACY_DEVELOPER_DIR = /Applications/Xcode.app/Contents/PlugIns/Xcode3Core.ideplugin/Contents/SharedSupport/Developer
               LEX = lex
               LIBRARY_DEXT_INSTALL_PATH = /Library/DriverExtensions
               LIBRARY_FLAG_NOSPACE = YES
               LIBRARY_FLAG_PREFIX = -l
               LIBRARY_KEXT_INSTALL_PATH = /Library/Extensions
               LIBRARY_SEARCH_PATHS = /Users/gregoriomorelli/Documents/vibra/build/ios/Release-iphonesimulator/FirebaseMessaging 
               LINKER_DISPLAYS_MANGLED_NAMES = NO
               LINK_FILE_LIST_normal_arm64 = /Users/gregoriomorelli/Documents/vibra/build/ios/Pods.build/Release-iphonesimulator/FirebaseMessaging.build/Objects-normal/arm64/FirebaseMessaging.LinkFileList
               LINK_FILE_LIST_normal_x86_64 = /Users/gregoriomorelli/Documents/vibra/build/ios/Pods.build/Release-iphonesimulator/FirebaseMessaging.build/Objects-normal/x86_64/FirebaseMessaging.LinkFileList
               LINK_OBJC_RUNTIME = YES
               LINK_WITH_STANDARD_LIBRARIES = YES
               LLVM_TARGET_TRIPLE_OS_VERSION = ios13.0
               LLVM_TARGET_TRIPLE_SUFFIX = -simulator
               LLVM_TARGET_TRIPLE_VENDOR = apple
               LM_AUX_CONST_METADATA_LIST_PATH_normal_arm64 = /Users/gregoriomorelli/Documents/vibra/build/ios/Pods.build/Release-iphonesimulator/FirebaseMessaging.build/Objects-normal/arm64/FirebaseMessaging.SwiftConstValuesFileList
               LM_AUX_CONST_METADATA_LIST_PATH_normal_x86_64 = /Users/gregoriomorelli/Documents/vibra/build/ios/Pods.build/Release-iphonesimulator/FirebaseMessaging.build/Objects-normal/x86_64/FirebaseMessaging.SwiftConstValuesFileList
               LOCALIZATION_EXPORT_SUPPORTED = YES
               LOCALIZATION_PREFERS_STRING_CATALOGS = NO
               LOCALIZED_RESOURCES_FOLDER_PATH = FirebaseMessaging.framework/en.lproj
               LOCALIZED_STRING_CODE_COMMENTS = NO
               LOCALIZED_STRING_MACRO_NAMES = NSLocalizedString CFCopyLocalizedString
               LOCALIZED_STRING_SWIFTUI_SUPPORT = YES
               LOCAL_ADMIN_APPS_DIR = /Applications/Utilities
               LOCAL_APPS_DIR = /Applications
               LOCAL_DEVELOPER_DIR = /Library/Developer
               LOCAL_LIBRARY_DIR = /Library
               LOCROOT = /Users/gregoriomorelli/Documents/vibra/ios/Pods
               LOCSYMROOT = /Users/gregoriomorelli/Documents/vibra/ios/Pods
               MACH_O_TYPE = mh_dylib
               MACOSX_DEPLOYMENT_TARGET = 26.5
               MAC_OS_X_PRODUCT_BUILD_VERSION = 25F84
               MAC_OS_X_VERSION_ACTUAL = 260502
               MAC_OS_X_VERSION_MAJOR = 260000
               MAC_OS_X_VERSION_MINOR = 260500
               MAKE_MERGEABLE = NO
               MERGEABLE_LIBRARY = NO
               MERGED_BINARY_TYPE = none
               MERGE_LINKED_LIBRARIES = NO
               METAL_LIBRARY_FILE_BASE = default
               METAL_LIBRARY_OUTPUT_DIR = /Users/gregoriomorelli/Documents/vibra/build/ios/Release-iphonesimulator/FirebaseMessaging/FirebaseMessaging.framework
               MODULEMAP_FILE = Target Support Files/FirebaseMessaging/FirebaseMessaging.modulemap
               MODULES_FOLDER_PATH = FirebaseMessaging.framework/Modules
               MTL_ENABLE_DEBUG_INFO = NO
               MTL_FAST_MATH = YES
               NATIVE_ARCH = arm64
               NATIVE_ARCH_32_BIT = arm
               NATIVE_ARCH_64_BIT = arm64
               NATIVE_ARCH_ACTUAL = arm64
               NO_COMMON = YES
               OBJC_ABI_VERSION = 2
               OBJECT_FILE_DIR = /Users/gregoriomorelli/Documents/vibra/build/ios/Pods.build/Release-iphonesimulator/FirebaseMessaging.build/Objects
               OBJECT_FILE_DIR_normal = /Users/gregoriomorelli/Documents/vibra/build/ios/Pods.build/Release-iphonesimulator/FirebaseMessaging.build/Objects-normal
               OBJROOT = /Users/gregoriomorelli/Documents/vibra/build/ios
               ONLY_ACTIVE_ARCH = NO
               OS = MACOS
               OSAC = /usr/bin/osacompile
               OTHER_LDFLAGS =  -l"sqlite3" -framework "CoreTelephony" -framework "FirebaseCore" -framework "FirebaseInstallations" -framework "Foundation" -framework "GoogleDataTransport" -framework "GoogleUtilities" -framework "Security" -framework "SystemConfiguration" -framework "UIKit" -framework "nanopb" -weak_framework "UserNotifications"
               PACKAGE_TYPE = com.apple.package-type.wrapper.framework
               PASCAL_STRINGS = YES
               PATH = /Applications/Xcode.app/Contents/SharedFrameworks/SwiftBuild.framework/Versions/A/PlugIns/SWBBuildService.bundle/Contents/PlugIns/SWBUniversalPlatformPlugin.bundle/Contents/Frameworks/SWBUniversalPlatform.framework/Resources:/Applications/Xcode.app/Contents/Developer/Toolchains/XcodeDefault.xctoolchain/usr/bin:/Applications/Xcode.app/Contents/Developer/Toolchains/XcodeDefault.xctoolchain/usr/local/bin:/Applications/Xcode.app/Contents/Developer/Toolchains/XcodeDefault.xctoolchain/usr/libexec:/Applications/Xcode.app/Contents/Developer/Platforms/iPhoneSimulator.platform/usr/bin:/Applications/Xcode.app/Contents/Developer/Platforms/iPhoneSimulator.platform/usr/local/bin:/Applications/Xcode.app/Contents/Developer/Platforms/iPhoneSimulator.platform/Developer/usr/bin:/Applications/Xcode.app/Contents/Developer/Platforms/iPhoneSimulator.platform/Developer/usr/local/bin:/Applications/Xcode.app/Contents/Developer/usr/bin:/Applications/Xcode.app/Contents/Developer/usr/local/bin:/Users/gregoriomorelli/.gemini/antigravity/bin:/Users/gregoriomorelli/Library/Application Support/Antigravity/bin:/opt/homebrew/bin:/opt/homebrew/sbin:/Library/Developer/CommandLineTools/usr/bin:/Users/gregoriomorelli/development/flutter/bin:/Users/gregoriomorelli/Library/Android/sdk/platform-tools:/Users/gregoriomorelli/Library/Android/sdk/cmdline-tools/latest/bin:/Users/gregoriomorelli/Library/Android/sdk/emulator:/Users/gregoriomorelli/.antigravity-ide/antigravity-ide/bin:/Users/gregoriomorelli/.antigravity/antigravity/bin:/Applications/XAMPP/xamppfiles/bin:/Users/gregoriomorelli/develop/flutter/bin:/usr/local/bin:/System/Cryptexes/App/usr/bin:/usr/bin:/bin:/usr/sbin:/sbin:/var/run/com.apple.security.cryptexd/codex.system/bootstrap/usr/local/bin:/var/run/com.apple.security.cryptexd/codex.system/bootstrap/usr/bin:/var/run/com.apple.security.cryptexd/codex.system/bootstrap/usr/appleinternal/bin:/pkg/env/global/bin:/Users/gregoriomorelli/.spicetify
               PATH_PREFIXES_EXCLUDED_FROM_HEADER_DEPENDENCIES = /usr/include /usr/local/include /System/Library/Frameworks /System/Library/PrivateFrameworks /Applications/Xcode.app/Contents/Developer/Headers /Applications/Xcode.app/Contents/Developer/SDKs /Applications/Xcode.app/Contents/Developer/Platforms
               PBDEVELOPMENTPLIST_PATH = FirebaseMessaging.framework/pbdevelopment.plist
               PER_ARCH_MODULE_FILE_DIR = /Users/gregoriomorelli/Documents/vibra/build/ios/Pods.build/Release-iphonesimulator/FirebaseMessaging.build/Objects-normal/undefined_arch
               PER_ARCH_OBJECT_FILE_DIR = /Users/gregoriomorelli/Documents/vibra/build/ios/Pods.build/Release-iphonesimulator/FirebaseMessaging.build/Objects-normal/undefined_arch
               PER_VARIANT_OBJECT_FILE_DIR = /Users/gregoriomorelli/Documents/vibra/build/ios/Pods.build/Release-iphonesimulator/FirebaseMessaging.build/Objects-normal
               PKGINFO_FILE_PATH = /Users/gregoriomorelli/Documents/vibra/build/ios/Pods.build/Release-iphonesimulator/FirebaseMessaging.build/PkgInfo
               PKGINFO_PATH = FirebaseMessaging.framework/PkgInfo
               PLATFORM_DEVELOPER_APPLICATIONS_DIR = /Applications/Xcode.app/Contents/Developer/Platforms/iPhoneSimulator.platform/Developer/Applications
               PLATFORM_DEVELOPER_BIN_DIR = /Applications/Xcode.app/Contents/Developer/Platforms/iPhoneSimulator.platform/Developer/usr/bin
               PLATFORM_DEVELOPER_LIBRARY_DIR = /Applications/Xcode.app/Contents/Developer/Platforms/iPhoneSimulator.platform/Developer/Library
               PLATFORM_DEVELOPER_SDK_DIR = /Applications/Xcode.app/Contents/Developer/Platforms/iPhoneSimulator.platform/Developer/SDKs
               PLATFORM_DEVELOPER_TOOLS_DIR = /Applications/Xcode.app/Contents/Developer/Platforms/iPhoneSimulator.platform/Developer/Tools
               PLATFORM_DEVELOPER_USR_DIR = /Applications/Xcode.app/Contents/Developer/Platforms/iPhoneSimulator.platform/Developer/usr
               PLATFORM_DIR = /Applications/Xcode.app/Contents/Developer/Platforms/iPhoneSimulator.platform
               PLATFORM_DISPLAY_NAME = iOS Simulator
               PLATFORM_FAMILY_NAME = iOS
               PLATFORM_NAME = iphonesimulator
               PLATFORM_PREFERRED_ARCH = x86_64
               PLATFORM_PRODUCT_BUILD_VERSION = 23F73
               PLATFORM_REQUIRES_SWIFT_AUTOLINK_EXTRACT = NO
               PLATFORM_REQUIRES_SWIFT_MODULEWRAP = NO
               PLATFORM_USES_DSYMS = YES
               PLIST_FILE_OUTPUT_FORMAT = binary
               PLUGINS_FOLDER_PATH = FirebaseMessaging.framework/PlugIns
               PODS_BUILD_DIR = /Users/gregoriomorelli/Documents/vibra/build/ios
               PODS_CONFIGURATION_BUILD_DIR = /Users/gregoriomorelli/Documents/vibra/build/ios/Release-iphonesimulator
               PODS_DEVELOPMENT_LANGUAGE = en
               PODS_ROOT = /Users/gregoriomorelli/Documents/vibra/ios/Pods
               PODS_TARGET_SRCROOT = /Users/gregoriomorelli/Documents/vibra/ios/Pods/FirebaseMessaging
               PODS_XCFRAMEWORKS_BUILD_DIR = /Users/gregoriomorelli/Documents/vibra/build/ios/Release-iphonesimulator/XCFrameworkIntermediates
               PRECOMPS_INCLUDE_HEADERS_FROM_BUILT_PRODUCTS_DIR = YES
               PRECOMP_DESTINATION_DIR = /Users/gregoriomorelli/Documents/vibra/build/ios/Pods.build/Release-iphonesimulator/FirebaseMessaging.build/PrefixHeaders
               PRIVATE_HEADERS_FOLDER_PATH = FirebaseMessaging.framework/PrivateHeaders
               PROCESSED_INFOPLIST_PATH = /Users/gregoriomorelli/Documents/vibra/build/ios/Pods.build/Release-iphonesimulator/FirebaseMessaging.build/Objects-normal/undefined_arch/Processed-Info.plist
               PRODUCT_BUNDLE_IDENTIFIER = org.cocoapods.FirebaseMessaging
               PRODUCT_BUNDLE_PACKAGE_TYPE = FMWK
               PRODUCT_MODULE_NAME = FirebaseMessaging
               PRODUCT_NAME = FirebaseMessaging
               PRODUCT_SETTINGS_PATH = /Users/gregoriomorelli/Documents/vibra/ios/Pods/Target Support Files/FirebaseMessaging/FirebaseMessaging-Info.plist
               PRODUCT_TYPE = com.apple.product-type.framework
               PROFILING_CODE = NO
               PROJECT = Pods
               PROJECT_DERIVED_FILE_DIR = /Users/gregoriomorelli/Documents/vibra/build/ios/Pods.build/DerivedSources
               PROJECT_DIR = /Users/gregoriomorelli/Documents/vibra/ios/Pods
               PROJECT_FILE_PATH = /Users/gregoriomorelli/Documents/vibra/ios/Pods/Pods.xcodeproj
               PROJECT_GUID = bfdfe7dc352907fc980b868725387e98
               PROJECT_NAME = Pods
               PROJECT_TEMP_DIR = /Users/gregoriomorelli/Documents/vibra/build/ios/Pods.build
               PROJECT_TEMP_ROOT = /Users/gregoriomorelli/Documents/vibra/build/ios
               PUBLIC_HEADERS_FOLDER_PATH = FirebaseMessaging.framework/Headers
               RECOMMENDED_IPHONEOS_DEPLOYMENT_TARGET = 15.0
               RECURSIVE_SEARCH_PATHS_FOLLOW_SYMLINKS = YES
               REMOVE_CVS_FROM_RESOURCES = YES
               REMOVE_GIT_FROM_RESOURCES = YES
               REMOVE_HEADERS_FROM_EMBEDDED_BUNDLES = YES
               REMOVE_HG_FROM_RESOURCES = YES
               REMOVE_STATIC_EXECUTABLES_FROM_EMBEDDED_BUNDLES = YES
               REMOVE_SVN_FROM_RESOURCES = YES
               RESCHEDULE_INDEPENDENT_HEADERS_PHASES = YES
               REZ_COLLECTOR_DIR = /Users/gregoriomorelli/Documents/vibra/build/ios/Pods.build/Release-iphonesimulator/FirebaseMessaging.build/ResourceManagerResources
               REZ_OBJECTS_DIR = /Users/gregoriomorelli/Documents/vibra/build/ios/Pods.build/Release-iphonesimulator/FirebaseMessaging.build/ResourceManagerResources/Objects
               REZ_SEARCH_PATHS = /Users/gregoriomorelli/Documents/vibra/build/ios/Release-iphonesimulator/FirebaseMessaging 
               RPATH_ORIGIN = @loader_path
               RUNTIME_EXCEPTION_ALLOW_DYLD_ENVIRONMENT_VARIABLES = NO
               RUNTIME_EXCEPTION_ALLOW_JIT = NO
               RUNTIME_EXCEPTION_ALLOW_UNSIGNED_EXECUTABLE_MEMORY = NO
               RUNTIME_EXCEPTION_DEBUGGING_TOOL = NO
               RUNTIME_EXCEPTION_DISABLE_EXECUTABLE_PAGE_PROTECTION = NO
               RUNTIME_EXCEPTION_DISABLE_LIBRARY_VALIDATION = NO
               SCANNING_PCM_KEEP_CACHE_DIRECTORY = YES
               SCAN_ALL_SOURCE_FILES_FOR_INCLUDES = NO
               SCRIPTS_FOLDER_PATH = FirebaseMessaging.framework/Scripts
               SDKROOT = /Applications/Xcode.app/Contents/Developer/Platforms/iPhoneSimulator.platform/Developer/SDKs/iPhoneSimulator26.5.sdk
               SDK_DIR = /Applications/Xcode.app/Contents/Developer/Platforms/iPhoneSimulator.platform/Developer/SDKs/iPhoneSimulator26.5.sdk
               SDK_DIR_iphonesimulator = /Applications/Xcode.app/Contents/Developer/Platforms/iPhoneSimulator.platform/Developer/SDKs/iPhoneSimulator26.5.sdk
               SDK_DIR_iphonesimulator26_5 = /Applications/Xcode.app/Contents/Developer/Platforms/iPhoneSimulator.platform/Developer/SDKs/iPhoneSimulator26.5.sdk
               SDK_NAME = iphonesimulator26.5
               SDK_NAMES = iphonesimulator26.5
               SDK_PRODUCT_BUILD_VERSION = 23F73
               SDK_STAT_CACHE_DIR = /var/folders/pg/x6t89f2n7s7299rcw8hv33180000gn/C/com.apple.DeveloperTools/26.5-17F42/Xcode
               SDK_STAT_CACHE_ENABLE = YES
               SDK_STAT_CACHE_PATH = /var/folders/pg/x6t89f2n7s7299rcw8hv33180000gn/C/com.apple.DeveloperTools/26.5-17F42/Xcode/SDKStatCaches.noindex/iphonesimulator26.5-23F73-6cfe768891a92b912361537c460fe42b.sdkstatcache
               SDK_VERSION = 26.5
               SDK_VERSION_ACTUAL = 260500
               SDK_VERSION_MAJOR = 260000
               SDK_VERSION_MINOR = 260500
               SED = /usr/bin/sed
               SEPARATE_STRIP = NO
               SEPARATE_SYMBOL_EDIT = NO
               SET_DIR_MODE_OWNER_GROUP = YES
               SET_FILE_MODE_OWNER_GROUP = NO
               SHALLOW_BUNDLE = YES
               SHALLOW_BUNDLE_TRIPLE = ios-simulator
               SHALLOW_BUNDLE_ios_macabi = NO
               SHALLOW_BUNDLE_macos = NO
               SHARED_DERIVED_FILE_DIR = /Users/gregoriomorelli/Documents/vibra/build/ios/Release-iphonesimulator/FirebaseMessaging/DerivedSources
               SHARED_FRAMEWORKS_FOLDER_PATH = FirebaseMessaging.framework/SharedFrameworks
               SHARED_PRECOMPS_DIR = /Users/gregoriomorelli/Documents/vibra/build/ios/SharedPrecompiledHeaders
               SHARED_SUPPORT_FOLDER_PATH = FirebaseMessaging.framework
               SKIP_INSTALL = YES
               SKIP_MERGEABLE_LIBRARY_BUNDLE_HOOK = NO
               SOURCE_ROOT = /Users/gregoriomorelli/Documents/vibra/ios/Pods
               SRCROOT = /Users/gregoriomorelli/Documents/vibra/ios/Pods
               STRINGSDATA_DIR = /Users/gregoriomorelli/Documents/vibra/build/ios/Pods.build/Release-iphonesimulator/FirebaseMessaging.build/Objects-normal/undefined_arch
               STRINGSDATA_ROOT = /Users/gregoriomorelli/Documents/vibra/build/ios/Pods.build/Release-iphonesimulator/FirebaseMessaging.build
               STRINGS_FILE_INFOPLIST_RENAME = YES
               STRINGS_FILE_OUTPUT_ENCODING = binary
               STRING_CATALOG_GENERATE_SYMBOLS = NO
               STRIP_BITCODE_FROM_COPIED_FILES = NO
               STRIP_INSTALLED_PRODUCT = NO
               STRIP_STYLE = debugging
               STRIP_SWIFT_SYMBOLS = YES
               SUPPORTED_DEVICE_FAMILIES = 1,2
               SUPPORTED_PLATFORMS = iphoneos iphonesimulator
               SUPPORTS_TEXT_BASED_API = NO
               SUPPRESS_WARNINGS = NO
               SWIFT_ACTIVE_COMPILATION_CONDITIONS =  
               SWIFT_COMPILATION_MODE = wholemodule
               SWIFT_EMIT_CONST_VALUE_PROTOCOLS = AnyResolverProviding AppEntity AppEnum AppExtension AppIntent AppIntentsPackage AppShortcutProviding AppShortcutsProvider AppUnionValue AppUnionValueCasesProviding DynamicOptionsProvider EntityQuery ExtensionPointDefining IntentValueQuery Resolver TransientEntity _AssistantIntentsProvider _GenerativeFunctionExtractable _IntentValueRepresentable
               SWIFT_EMIT_LOC_STRINGS = NO
               SWIFT_ENABLE_EXPLICIT_MODULES = YES
               SWIFT_INSTALL_MODULE_FOR_DEPLOYMENT = YES
               SWIFT_INSTALL_OBJC_HEADER = YES
               SWIFT_OPTIMIZATION_LEVEL = -O
               SWIFT_PLATFORM_TARGET_PREFIX = ios
               SWIFT_RESPONSE_FILE_PATH_normal_arm64 = /Users/gregoriomorelli/Documents/vibra/build/ios/Pods.build/Release-iphonesimulator/FirebaseMessaging.build/Objects-normal/arm64/FirebaseMessaging.SwiftFileList
               SWIFT_RESPONSE_FILE_PATH_normal_x86_64 = /Users/gregoriomorelli/Documents/vibra/build/ios/Pods.build/Release-iphonesimulator/FirebaseMessaging.build/Objects-normal/x86_64/FirebaseMessaging.SwiftFileList
               SWIFT_VERSION = 5.9
               SYMROOT = /Users/gregoriomorelli/Documents/vibra/ios/build
               SYSTEM_ADMIN_APPS_DIR = /Applications/Utilities
               SYSTEM_APPS_DIR = /Applications
               SYSTEM_CORE_SERVICES_DIR = /System/Library/CoreServices
               SYSTEM_DEMOS_DIR = /Applications/Extras
               SYSTEM_DEVELOPER_APPS_DIR = /Applications/Xcode.app/Contents/Developer/Applications
               SYSTEM_DEVELOPER_BIN_DIR = /Applications/Xcode.app/Contents/Developer/usr/bin
               SYSTEM_DEVELOPER_DEMOS_DIR = /Applications/Xcode.app/Contents/Developer/Applications/Utilities/Built Examples
               SYSTEM_DEVELOPER_DIR = /Applications/Xcode.app/Contents/Developer
               SYSTEM_DEVELOPER_DOC_DIR = /Applications/Xcode.app/Contents/Developer/ADC Reference Library
               SYSTEM_DEVELOPER_GRAPHICS_TOOLS_DIR = /Applications/Xcode.app/Contents/Developer/Applications/Graphics Tools
               SYSTEM_DEVELOPER_JAVA_TOOLS_DIR = /Applications/Xcode.app/Contents/Developer/Applications/Java Tools
               SYSTEM_DEVELOPER_PERFORMANCE_TOOLS_DIR = /Applications/Xcode.app/Contents/Developer/Applications/Performance Tools
               SYSTEM_DEVELOPER_RELEASENOTES_DIR = /Applications/Xcode.app/Contents/Developer/ADC Reference Library/releasenotes
               SYSTEM_DEVELOPER_TOOLS = /Applications/Xcode.app/Contents/Developer/Tools
               SYSTEM_DEVELOPER_TOOLS_DOC_DIR = /Applications/Xcode.app/Contents/Developer/ADC Reference Library/documentation/DeveloperTools
               SYSTEM_DEVELOPER_TOOLS_RELEASENOTES_DIR = /Applications/Xcode.app/Contents/Developer/ADC Reference Library/releasenotes/DeveloperTools
               SYSTEM_DEVELOPER_USR_DIR = /Applications/Xcode.app/Contents/Developer/usr
               SYSTEM_DEVELOPER_UTILITIES_DIR = /Applications/Xcode.app/Contents/Developer/Applications/Utilities
               SYSTEM_DEXT_INSTALL_PATH = /System/Library/DriverExtensions
               SYSTEM_DOCUMENTATION_DIR = /Library/Documentation
               SYSTEM_EXTENSIONS_FOLDER_PATH = FirebaseMessaging.framework/SystemExtensions
               SYSTEM_EXTENSIONS_FOLDER_PATH_SHALLOW_BUNDLE_NO = FirebaseMessaging.framework/Library/SystemExtensions
               SYSTEM_EXTENSIONS_FOLDER_PATH_SHALLOW_BUNDLE_YES = FirebaseMessaging.framework/SystemExtensions
               SYSTEM_KEXT_INSTALL_PATH = /System/Library/Extensions
               SYSTEM_LIBRARY_DIR = /System/Library
               TAPI_DEMANGLE = YES
               TAPI_ENABLE_PROJECT_HEADERS = NO
               TAPI_LANGUAGE = objective-c
               TAPI_LANGUAGE_STANDARD = compiler-default
               TAPI_USE_SRCROOT = YES
               TAPI_VERIFY_MODE = Pedantic
               TARGETED_DEVICE_FAMILY = 1,2
               TARGETNAME = FirebaseMessaging
               TARGET_BUILD_DIR = /Users/gregoriomorelli/Documents/vibra/build/ios/Release-iphonesimulator/FirebaseMessaging
               TARGET_NAME = FirebaseMessaging
               TARGET_TEMP_DIR = /Users/gregoriomorelli/Documents/vibra/build/ios/Pods.build/Release-iphonesimulator/FirebaseMessaging.build
               TEMP_DIR = /Users/gregoriomorelli/Documents/vibra/build/ios/Pods.build/Release-iphonesimulator/FirebaseMessaging.build
               TEMP_FILES_DIR = /Users/gregoriomorelli/Documents/vibra/build/ios/Pods.build/Release-iphonesimulator/FirebaseMessaging.build
               TEMP_FILE_DIR = /Users/gregoriomorelli/Documents/vibra/build/ios/Pods.build/Release-iphonesimulator/FirebaseMessaging.build
               TEMP_ROOT = /Users/gregoriomorelli/Documents/vibra/build/ios
               TEMP_SANDBOX_DIR = /Users/gregoriomorelli/Documents/vibra/build/ios/TemporaryTaskSandboxes
               TEST_FRAMEWORK_SEARCH_PATHS =  /Applications/Xcode.app/Contents/Developer/Platforms/iPhoneSimulator.platform/Developer/Library/Frameworks /Applications/Xcode.app/Contents/Developer/Platforms/iPhoneSimulator.platform/Developer/SDKs/iPhoneSimulator26.5.sdk/Developer/Library/Frameworks
               TEST_LIBRARY_SEARCH_PATHS =  /Applications/Xcode.app/Contents/Developer/Platforms/iPhoneSimulator.platform/Developer/usr/lib
               TOOLCHAINS = com.apple.dt.toolchain.XcodeDefault
               TOOLCHAIN_DIR = /Applications/Xcode.app/Contents/Developer/Toolchains/XcodeDefault.xctoolchain
               TREAT_MISSING_BASELINES_AS_TEST_FAILURES = NO
               TREAT_MISSING_SCRIPT_PHASE_OUTPUTS_AS_ERRORS = NO
               TVOS_DEPLOYMENT_TARGET = 26.5
               UID = 501
               UNINSTALLED_PRODUCTS_DIR = /Users/gregoriomorelli/Documents/vibra/build/ios/UninstalledProducts
               UNLOCALIZED_RESOURCES_FOLDER_PATH = FirebaseMessaging.framework
               UNLOCALIZED_RESOURCES_FOLDER_PATH_SHALLOW_BUNDLE_NO = FirebaseMessaging.framework/Resources
               UNLOCALIZED_RESOURCES_FOLDER_PATH_SHALLOW_BUNDLE_YES = FirebaseMessaging.framework
               UNSTRIPPED_PRODUCT = NO
               USER = gregoriomorelli
               USER_APPS_DIR = /Users/gregoriomorelli/Applications
               USER_LIBRARY_DIR = /Users/gregoriomorelli/Library
               USE_DYNAMIC_NO_PIC = YES
               USE_HEADERMAP = YES
               USE_HEADER_SYMLINKS = NO
               USE_RECURSIVE_SCRIPT_INPUTS_IN_SCRIPT_PHASES = YES
               VALIDATE_DEVELOPMENT_ASSET_PATHS = YES_ERROR
               VALIDATE_PRODUCT = YES
               VALID_ARCHS = arm64 x86_64
               VERBOSE_PBXCP = NO
               VERSIONING_SYSTEM = apple-generic
               VERSIONPLIST_PATH = FirebaseMessaging.framework/version.plist
               VERSIONS_FOLDER_PATH = FirebaseMessaging.framework
               VERSIONS_FOLDER_PATH_SHALLOW_BUNDLE_NO = FirebaseMessaging.framework/Versions
               VERSIONS_FOLDER_PATH_SHALLOW_BUNDLE_YES = FirebaseMessaging.framework
               VERSION_INFO_BUILDER = gregoriomorelli
               VERSION_INFO_FILE = FirebaseMessaging_vers.c
               VERSION_INFO_STRING = "@(#)PROGRAM:FirebaseMessaging  PROJECT:Pods-1"
               WATCHOS_DEPLOYMENT_TARGET = 26.5
               WORKSPACE_DIR = /Users/gregoriomorelli/Documents/vibra/ios/Pods/Pods.xcodeproj
               WRAPPER_EXTENSION = framework
               WRAPPER_NAME = FirebaseMessaging.framework
               WRAPPER_SUFFIX = .framework
               WRAP_ASSET_PACKS_IN_SEPARATE_DIRECTORIES = NO
               XCODE_APP_SUPPORT_DIR = /Applications/Xcode.app/Contents/Developer/Library/Xcode
               XCODE_PRODUCT_BUILD_VERSION = 17F42
               XCODE_VERSION_ACTUAL = 2650
               XCODE_VERSION_MAJOR = 2600
               XCODE_VERSION_MINOR = 2650
               XPCSERVICES_FOLDER_PATH = FirebaseMessaging.framework/XPCServices
               XROS_DEPLOYMENT_TARGET = 26.5
               YACC = yacc
               _DISCOVER_COMMAND_LINE_LINKER_INPUTS = YES
               _DISCOVER_COMMAND_LINE_LINKER_INPUTS_INCLUDE_WL = YES
               _LD_MULTIARCH = YES
               _WRAPPER_CONTENTS_DIR_SHALLOW_BUNDLE_NO = /Contents
               _WRAPPER_PARENT_PATH_SHALLOW_BUNDLE_NO = /..
               _WRAPPER_RESOURCES_DIR_SHALLOW_BUNDLE_NO = /Resources
               __DIAGNOSE_DEPRECATED_ARCHS = YES
               __ORIGINAL_SDK_DEFINED_LLVM_TARGET_TRIPLE_SYS = ios
               arch = undefined_arch
               variant = normal

           Build settings for action build and target FirebaseMessaging-FirebaseMessaging_Privacy:
               ACTION = build
               AD_HOC_CODE_SIGNING_ALLOWED = YES
               ALLOW_BUILD_REQUEST_OVERRIDES = NO
               ALLOW_TARGET_PLATFORM_SPECIALIZATION = NO
               ALTERNATE_GROUP = staff
               ALTERNATE_MODE = u+w,go-w,a+rX
               ALTERNATE_OWNER = gregoriomorelli
               ALTERNATIVE_DISTRIBUTION_WEB = NO
               ALWAYS_EMBED_SWIFT_STANDARD_LIBRARIES = NO
               ALWAYS_SEARCH_USER_PATHS = NO
               ALWAYS_USE_SEPARATE_HEADERMAPS = NO
               APPLICATION_EXTENSION_API_ONLY = NO
               APPLY_RULES_IN_COPY_FILES = NO
               APPLY_RULES_IN_COPY_HEADERS = NO
               APP_SHORTCUTS_ENABLE_FLEXIBLE_MATCHING = YES
               ARCHS = arm64 x86_64
               ARCHS_BASE = arm64 x86_64
               ARCHS_STANDARD = arm64 x86_64
               ARCHS_STANDARD_32_64_BIT = arm64 x86_64
               ARCHS_STANDARD_64_BIT = arm64 x86_64
               ARCHS_STANDARD_INCLUDING_64_BIT = arm64 x86_64
               ARCHS_UNIVERSAL_IPHONE_OS = arm64 x86_64
               AUTOMATICALLY_MERGE_DEPENDENCIES = NO
               AUTOMATION_APPLE_EVENTS = NO
               AVAILABLE_PLATFORMS = android appletvos appletvsimulator driverkit freebsd iphoneos iphonesimulator linux macosx none openbsd qnx watchos watchsimulator webassembly xros xrsimulator
               BUILD_ACTIVE_RESOURCES_ONLY = NO
               BUILD_COMPONENTS = headers build
               BUILD_DIR = /Users/gregoriomorelli/Documents/vibra/build/ios
               BUILD_LIBRARY_FOR_DISTRIBUTION = NO
               BUILD_ONLY_KNOWN_LOCALIZATIONS = NO
               BUILD_ROOT = /Users/gregoriomorelli/Documents/vibra/ios/build
               BUILD_STYLE = 
               BUILD_VARIANTS = normal
               BUILT_PRODUCTS_DIR = /Users/gregoriomorelli/Documents/vibra/build/ios/Release-iphonesimulator/FirebaseMessaging
               BUNDLE_CONTENTS_FOLDER_PATH_deep = Contents/
               BUNDLE_EXECUTABLE_FOLDER_NAME_deep = MacOS
               BUNDLE_EXTENSIONS_FOLDER_PATH = Extensions
               BUNDLE_FORMAT = shallow
               BUNDLE_FRAMEWORKS_FOLDER_PATH = Frameworks
               BUNDLE_PLUGINS_FOLDER_PATH = PlugIns
               BUNDLE_PRIVATE_HEADERS_FOLDER_PATH = PrivateHeaders
               BUNDLE_PUBLIC_HEADERS_FOLDER_PATH = Headers
               CACHE_ROOT = /var/folders/pg/x6t89f2n7s7299rcw8hv33180000gn/C/com.apple.DeveloperTools/26.5-17F42/Xcode
               CCHROOT = /var/folders/pg/x6t89f2n7s7299rcw8hv33180000gn/C/com.apple.DeveloperTools/26.5-17F42/Xcode
               CHMOD = /bin/chmod
               CHOWN = chown
               CLANG_ANALYZER_LOCALIZABILITY_NONLOCALIZED = YES
               CLANG_ANALYZER_NONNULL = YES
               CLANG_ANALYZER_NUMBER_OBJECT_CONVERSION = YES_AGGRESSIVE
               CLANG_CACHE_FINE_GRAINED_OUTPUTS = YES
               CLANG_CXX_LANGUAGE_STANDARD = gnu++14
               CLANG_CXX_LIBRARY = libc++
               CLANG_ENABLE_EXPLICIT_MODULES = YES
               CLANG_ENABLE_MODULES = YES
               CLANG_ENABLE_OBJC_ARC = YES
               CLANG_ENABLE_OBJC_WEAK = YES
               CLANG_MODULES_BUILD_SESSION_FILE = /var/folders/pg/x6t89f2n7s7299rcw8hv33180000gn/C/org.llvm.clang/ModuleCache.noindex/Session.modulevalidation
               CLANG_WARN_BLOCK_CAPTURE_AUTORELEASING = YES
               CLANG_WARN_BOOL_CONVERSION = YES
               CLANG_WARN_COMMA = YES
               CLANG_WARN_CONSTANT_CONVERSION = YES
               CLANG_WARN_DEPRECATED_OBJC_IMPLEMENTATIONS = YES
               CLANG_WARN_DIRECT_OBJC_ISA_USAGE = YES_ERROR
               CLANG_WARN_DOCUMENTATION_COMMENTS = YES
               CLANG_WARN_EMPTY_BODY = YES
               CLANG_WARN_ENUM_CONVERSION = YES
               CLANG_WARN_INFINITE_RECURSION = YES
               CLANG_WARN_INT_CONVERSION = YES
               CLANG_WARN_NON_LITERAL_NULL_CONVERSION = YES
               CLANG_WARN_OBJC_IMPLICIT_RETAIN_SELF = YES
               CLANG_WARN_OBJC_LITERAL_CONVERSION = YES
               CLANG_WARN_OBJC_ROOT_CLASS = YES_ERROR
               CLANG_WARN_QUOTED_INCLUDE_IN_FRAMEWORK_HEADER = NO
               CLANG_WARN_RANGE_LOOP_ANALYSIS = YES
               CLANG_WARN_STRICT_PROTOTYPES = YES
               CLANG_WARN_SUSPICIOUS_MOVE = YES
               CLANG_WARN_UNGUARDED_AVAILABILITY = YES_AGGRESSIVE
               CLANG_WARN_UNREACHABLE_CODE = YES
               CLANG_WARN__DUPLICATE_METHOD_MATCH = YES
               CLASS_FILE_DIR = /Users/gregoriomorelli/Documents/vibra/build/ios/Pods.build/Release-iphonesimulator/FirebaseMessaging-FirebaseMessaging_Privacy.build/JavaClasses
               CLEAN_PRECOMPS = YES
               CLONE_HEADERS = NO
               CODESIGNING_FOLDER_PATH = /Users/gregoriomorelli/Documents/vibra/build/ios/Release-iphonesimulator/FirebaseMessaging/FirebaseMessaging_Privacy.bundle
               CODE_SIGNING_ALLOWED = NO
               CODE_SIGNING_IDENTITY = -
               CODE_SIGNING_REQUIRED = NO
               CODE_SIGN_CONTEXT_CLASS = XCiPhoneSimulatorCodeSignContext
               CODE_SIGN_IDENTITY = -
               CODE_SIGN_INJECT_BASE_ENTITLEMENTS = YES
               COLOR_DIAGNOSTICS = NO
               COMBINE_HIDPI_IMAGES = NO
               COMPILATION_CACHE_CAS_PATH = /var/folders/pg/x6t89f2n7s7299rcw8hv33180000gn/C/com.apple.DeveloperTools/26.5-17F42/Xcode/CompilationCache.noindex
               COMPILATION_CACHE_KEEP_CAS_DIRECTORY = YES
               COMPILER_INDEX_STORE_ENABLE = Default
               COMPOSITE_SDK_DIRS = /Users/gregoriomorelli/Documents/vibra/build/ios/CompositeSDKs
               COMPRESS_PNG_FILES = YES
               CONFIGURATION = Release
               CONFIGURATION_BUILD_DIR = /Users/gregoriomorelli/Documents/vibra/build/ios/Release-iphonesimulator/FirebaseMessaging
               CONFIGURATION_TEMP_DIR = /Users/gregoriomorelli/Documents/vibra/build/ios/Pods.build/Release-iphonesimulator
               CONTENTS_FOLDER_PATH = FirebaseMessaging_Privacy.bundle
               CONTENTS_FOLDER_PATH_SHALLOW_BUNDLE_NO = FirebaseMessaging_Privacy.bundle/Contents
               CONTENTS_FOLDER_PATH_SHALLOW_BUNDLE_YES = FirebaseMessaging_Privacy.bundle
               COPYING_PRESERVES_HFS_DATA = NO
               COPY_HEADERS_RUN_UNIFDEF = NO
               COPY_PHASE_STRIP = NO
               CORRESPONDING_DEVICE_PLATFORM_DIR = /Applications/Xcode.app/Contents/Developer/Platforms/iPhoneOS.platform
               CORRESPONDING_DEVICE_PLATFORM_NAME = iphoneos
               CORRESPONDING_DEVICE_SDK_DIR = /Applications/Xcode.app/Contents/Developer/Platforms/iPhoneOS.platform/Developer/SDKs/iPhoneOS26.5.sdk
               CORRESPONDING_DEVICE_SDK_NAME = iphoneos26.5
               CP = /bin/cp
               CREATE_INFOPLIST_SECTION_IN_BINARY = NO
               CURRENT_ARCH = undefined_arch
               CURRENT_VARIANT = normal
               DEAD_CODE_STRIPPING = YES
               DEBUGGING_SYMBOLS = YES
               DEBUG_INFORMATION_FORMAT = dwarf-with-dsym
               DEBUG_INFORMATION_VERSION = compiler-default
               DEFAULT_COMPILER = com.apple.compilers.llvm.clang.1_0
               DEFAULT_DEXT_INSTALL_PATH = /System/Library/DriverExtensions
               DEFAULT_KEXT_INSTALL_PATH = /System/Library/Extensions
               DEFINES_MODULE = NO
               DEPLOYMENT_LOCATION = NO
               DEPLOYMENT_POSTPROCESSING = NO
               DEPLOYMENT_TARGET_SETTING_NAME = IPHONEOS_DEPLOYMENT_TARGET
               DEPLOYMENT_TARGET_SUGGESTED_VALUES = 12.0 12.1 12.2 12.3 12.4 13.0 13.1 13.2 13.3 13.4 13.5 13.6 14.0 14.1 14.2 14.3 14.4 14.5 14.6 14.7 15.0 15.1 15.2 15.3 15.4 15.5 15.6 16.0 16.1 16.2 16.3 16.4 16.5 16.6 17.0 17.1 17.2 17.3 17.4 17.5 17.6 18.0 18.1 18.2 18.3 18.4 18.5 18.6 26.0 26.2 26.3 26.4 26.5
               DERIVED_FILES_DIR = /Users/gregoriomorelli/Documents/vibra/build/ios/Pods.build/Release-iphonesimulator/FirebaseMessaging-FirebaseMessaging_Privacy.build/DerivedSources
               DERIVED_FILE_DIR = /Users/gregoriomorelli/Documents/vibra/build/ios/Pods.build/Release-iphonesimulator/FirebaseMessaging-FirebaseMessaging_Privacy.build/DerivedSources
               DERIVED_SOURCES_DIR = /Users/gregoriomorelli/Documents/vibra/build/ios/Pods.build/Release-iphonesimulator/FirebaseMessaging-FirebaseMessaging_Privacy.build/DerivedSources
               DEVELOPER_APPLICATIONS_DIR = /Applications/Xcode.app/Contents/Developer/Applications
               DEVELOPER_BIN_DIR = /Applications/Xcode.app/Contents/Developer/usr/bin
               DEVELOPER_DIR = /Applications/Xcode.app/Contents/Developer
               DEVELOPER_FRAMEWORKS_DIR = /Applications/Xcode.app/Contents/Developer/Library/Frameworks
               DEVELOPER_FRAMEWORKS_DIR_QUOTED = /Applications/Xcode.app/Contents/Developer/Library/Frameworks
               DEVELOPER_LIBRARY_DIR = /Applications/Xcode.app/Contents/Developer/Library
               DEVELOPER_SDK_DIR = /Applications/Xcode.app/Contents/Developer/Platforms/MacOSX.platform/Developer/SDKs
               DEVELOPER_TOOLS_DIR = /Applications/Xcode.app/Contents/Developer/Tools
               DEVELOPER_USR_DIR = /Applications/Xcode.app/Contents/Developer/usr
               DEVELOPMENT_LANGUAGE = en
               DIAGNOSE_MISSING_TARGET_DEPENDENCIES = YES
               DIFF = /usr/bin/diff
               DOCUMENTATION_FOLDER_PATH = FirebaseMessaging_Privacy.bundle/en.lproj/Documentation
               DONT_GENERATE_INFOPLIST_FILE = NO
               DRIVERKIT_DEPLOYMENT_TARGET = 25.5
               DSTROOT = /tmp/Pods.dst
               DT_TOOLCHAIN_DIR = /Applications/Xcode.app/Contents/Developer/Toolchains/XcodeDefault.xctoolchain
               DUMP_DEPENDENCIES = NO
               DUMP_DEPENDENCIES_OUTPUT_PATH = /Users/gregoriomorelli/Documents/vibra/build/ios/Pods.build/Release-iphonesimulator/FirebaseMessaging-FirebaseMessaging_Privacy.build/FirebaseMessaging-FirebaseMessaging_Privacy-BuildDependencyInfo.json
               DWARF_DSYM_FILE_NAME = FirebaseMessaging_Privacy.bundle.dSYM
               DWARF_DSYM_FILE_SHOULD_ACCOMPANY_PRODUCT = NO
               DWARF_DSYM_FOLDER_PATH = /Users/gregoriomorelli/Documents/vibra/build/ios/Release-iphonesimulator/FirebaseMessaging
               DYNAMIC_LIBRARY_EXTENSION = dylib
               EAGER_COMPILATION_ALLOW_SCRIPTS = NO
               EAGER_LINKING = NO
               EFFECTIVE_PLATFORM_NAME = -iphonesimulator
               EFFECTIVE_SWIFT_VERSION = 5
               EMBEDDED_CONTENT_CONTAINS_SWIFT = NO
               EMBED_ASSET_PACKS_IN_PRODUCT_BUNDLE = NO
               ENABLE_APP_SANDBOX = NO
               ENABLE_CODE_COVERAGE = YES
               ENABLE_COHORT_ARCHS = NO
               ENABLE_CPLUSPLUS_BOUNDS_SAFE_BUFFERS = NO
               ENABLE_C_BOUNDS_SAFETY = NO
               ENABLE_DEFAULT_HEADER_SEARCH_PATHS = YES
               ENABLE_DEFAULT_SEARCH_PATHS = YES
               ENABLE_ENHANCED_SECURITY = NO
               ENABLE_HARDENED_RUNTIME = NO
               ENABLE_HEADER_DEPENDENCIES = YES
               ENABLE_INCOMING_NETWORK_CONNECTIONS = NO
               ENABLE_NS_ASSERTIONS = NO
               ENABLE_ON_DEMAND_RESOURCES = NO
               ENABLE_OUTGOING_NETWORK_CONNECTIONS = NO
               ENABLE_POINTER_AUTHENTICATION = NO
               ENABLE_RESOURCE_ACCESS_AUDIO_INPUT = NO
               ENABLE_RESOURCE_ACCESS_BLUETOOTH = NO
               ENABLE_RESOURCE_ACCESS_CALENDARS = NO
               ENABLE_RESOURCE_ACCESS_CAMERA = NO
               ENABLE_RESOURCE_ACCESS_CONTACTS = NO
               ENABLE_RESOURCE_ACCESS_LOCATION = NO
               ENABLE_RESOURCE_ACCESS_PHOTO_LIBRARY = NO
               ENABLE_RESOURCE_ACCESS_PRINTING = NO
               ENABLE_RESOURCE_ACCESS_USB = NO
               ENABLE_SDK_IMPORTS = NO
               ENABLE_SECURITY_COMPILER_WARNINGS = NO
               ENABLE_STRICT_OBJC_MSGSEND = YES
               ENABLE_TESTABILITY = NO
               ENABLE_TESTING_SEARCH_PATHS = NO
               ENABLE_USER_SCRIPT_SANDBOXING = NO
               ENFORCE_VALID_ARCHS = YES
               ENTITLEMENTS_DESTINATION = __entitlements
               ENTITLEMENTS_REQUIRED = NO
               EXCLUDED_INSTALLSRC_SUBDIRECTORY_PATTERNS = .DS_Store .svn .git .hg CVS
               EXCLUDED_RECURSIVE_SEARCH_PATH_SUBDIRECTORIES = *.nib *.lproj *.framework *.gch *.xcode* *.xcassets *.icon (*) .DS_Store CVS .svn .git .hg *.pbproj *.pbxproj
               EXECUTABLES_FOLDER_PATH = FirebaseMessaging_Privacy.bundle/Executables
               EXECUTABLE_FOLDER_PATH = FirebaseMessaging_Privacy.bundle
               EXECUTABLE_FOLDER_PATH_SHALLOW_BUNDLE_NO = FirebaseMessaging_Privacy.bundle/MacOS
               EXECUTABLE_FOLDER_PATH_SHALLOW_BUNDLE_YES = FirebaseMessaging_Privacy.bundle
               EXECUTABLE_NAME = FirebaseMessaging_Privacy
               EXECUTABLE_PATH = FirebaseMessaging_Privacy.bundle/FirebaseMessaging_Privacy
               EXPANDED_CODE_SIGN_IDENTITY = -
               EXTENSIONS_FOLDER_PATH = FirebaseMessaging_Privacy.bundle/Extensions
               FILE_LIST = /Users/gregoriomorelli/Documents/vibra/build/ios/Pods.build/Release-iphonesimulator/FirebaseMessaging-FirebaseMessaging_Privacy.build/Objects/LinkFileList
               FIXED_FILES_DIR = /Users/gregoriomorelli/Documents/vibra/build/ios/Pods.build/Release-iphonesimulator/FirebaseMessaging-FirebaseMessaging_Privacy.build/FixedFiles
               FRAMEWORKS_FOLDER_PATH = FirebaseMessaging_Privacy.bundle/Frameworks
               FRAMEWORK_FLAG_PREFIX = -framework
               FRAMEWORK_SEARCH_PATHS = /Users/gregoriomorelli/Documents/vibra/build/ios/Release-iphonesimulator/FirebaseMessaging  "/Users/gregoriomorelli/Documents/vibra/build/ios/Release-iphonesimulator/FirebaseCore" "/Users/gregoriomorelli/Documents/vibra/build/ios/Release-iphonesimulator/FirebaseCoreInternal" "/Users/gregoriomorelli/Documents/vibra/build/ios/Release-iphonesimulator/FirebaseInstallations" "/Users/gregoriomorelli/Documents/vibra/build/ios/Release-iphonesimulator/GoogleDataTransport" "/Users/gregoriomorelli/Documents/vibra/build/ios/Release-iphonesimulator/GoogleUtilities" "/Users/gregoriomorelli/Documents/vibra/build/ios/Release-iphonesimulator/PromisesObjC" "/Users/gregoriomorelli/Documents/vibra/build/ios/Release-iphonesimulator/nanopb"
               FRAMEWORK_VERSION = A
               FULL_PRODUCT_NAME = FirebaseMessaging_Privacy.bundle
               FUSE_BUILD_PHASES = YES
               FUSE_BUILD_SCRIPT_PHASES = NO
               GCC3_VERSION = 3.3
               GCC_C_LANGUAGE_STANDARD = gnu11
               GCC_INLINES_ARE_PRIVATE_EXTERN = YES
               GCC_NO_COMMON_BLOCKS = YES
               GCC_OBJC_LEGACY_DISPATCH = YES
               GCC_PFE_FILE_C_DIALECTS = c objective-c c++ objective-c++
               GCC_PREPROCESSOR_DEFINITIONS = POD_CONFIGURATION_RELEASE=1  COCOAPODS=1 PB_FIELD_32BIT=1 PB_NO_PACKED_STRUCTS=1 PB_ENABLE_MALLOC=1
               GCC_TREAT_WARNINGS_AS_ERRORS = NO
               GCC_VERSION = com.apple.compilers.llvm.clang.1_0
               GCC_VERSION_IDENTIFIER = com_apple_compilers_llvm_clang_1_0
               GCC_WARN_64_TO_32_BIT_CONVERSION = YES
               GCC_WARN_ABOUT_RETURN_TYPE = YES_ERROR
               GCC_WARN_UNDECLARED_SELECTOR = YES
               GCC_WARN_UNINITIALIZED_AUTOS = YES_AGGRESSIVE
               GCC_WARN_UNUSED_FUNCTION = YES
               GCC_WARN_UNUSED_VARIABLE = YES
               GENERATED_MODULEMAP_DIR = /Users/gregoriomorelli/Documents/vibra/build/ios/GeneratedModuleMaps-iphonesimulator
               GENERATE_INFOPLIST_FILE = NO
               GENERATE_INTERMEDIATE_TEXT_BASED_STUBS = YES
               GENERATE_PKGINFO_FILE = NO
               GENERATE_PRELINK_OBJECT_FILE = NO
               GENERATE_PROFILING_CODE = NO
               GENERATE_TEXT_BASED_STUBS = NO
               GID = 20
               GROUP = staff
               HEADERMAP_INCLUDES_FLAT_ENTRIES_FOR_TARGET_BEING_BUILT = YES
               HEADERMAP_INCLUDES_FRAMEWORK_ENTRIES_FOR_ALL_PRODUCT_TYPES = YES
               HEADERMAP_INCLUDES_FRAMEWORK_ENTRIES_FOR_TARGETS_NOT_BEING_BUILT = YES
               HEADERMAP_INCLUDES_NONPUBLIC_NONPRIVATE_HEADERS = YES
               HEADERMAP_INCLUDES_PROJECT_HEADERS = YES
               HEADERMAP_USES_FRAMEWORK_PREFIX_ENTRIES = YES
               HEADERMAP_USES_VFS = NO
               HEADER_SEARCH_PATHS = /Users/gregoriomorelli/Documents/vibra/build/ios/Release-iphonesimulator/FirebaseMessaging/include  "/Users/gregoriomorelli/Documents/vibra/ios/Pods/FirebaseMessaging"
               HOME = /Users/gregoriomorelli
               HOST_ARCH = arm64
               HOST_PLATFORM = macosx
               IBSC_MODULE = FirebaseMessaging
               ICONV = /usr/bin/iconv
               IMPLICIT_DEPENDENCY_DOMAIN = default
               INDEX_STORE_COMPRESS = NO
               INDEX_STORE_ONLY_PROJECT_FILES = NO
               INFOPLIST_ENABLE_CFBUNDLEICONS_MERGE = YES
               INFOPLIST_EXPAND_BUILD_SETTINGS = YES
               INFOPLIST_FILE = Target Support Files/FirebaseMessaging/ResourceBundle-FirebaseMessaging_Privacy-FirebaseMessaging-Info.plist
               INFOPLIST_OUTPUT_FORMAT = binary
               INFOPLIST_PATH = FirebaseMessaging_Privacy.bundle/Info.plist
               INFOPLIST_PREPROCESS = NO
               INFOSTRINGS_PATH = FirebaseMessaging_Privacy.bundle/en.lproj/InfoPlist.strings
               INLINE_PRIVATE_FRAMEWORKS = NO
               INSTALLAPI_IGNORE_SKIP_INSTALL = YES
               INSTALLHDRS_COPY_PHASE = NO
               INSTALLHDRS_SCRIPT_PHASE = NO
               INSTALL_DIR = /tmp/Pods.dst
               INSTALL_GROUP = staff
               INSTALL_MODE_FLAG = u+w,go-w,a+rX
               INSTALL_OWNER = gregoriomorelli
               INSTALL_ROOT = /tmp/Pods.dst
               IPHONEOS_DEPLOYMENT_TARGET = 13.0
               IS_UNOPTIMIZED_BUILD = NO
               JAVAC_DEFAULT_FLAGS = -J-Xms64m -J-XX:NewSize=4M -J-Dfile.encoding=UTF8
               JAVA_APP_STUB = /System/Library/Frameworks/JavaVM.framework/Resources/MacOS/JavaApplicationStub
               JAVA_ARCHIVE_CLASSES = YES
               JAVA_ARCHIVE_TYPE = JAR
               JAVA_COMPILER = /usr/bin/javac
               JAVA_FOLDER_PATH = FirebaseMessaging_Privacy.bundle/Java
               JAVA_FRAMEWORK_RESOURCES_DIRS = Resources
               JAVA_JAR_FLAGS = cv
               JAVA_SOURCE_SUBDIR = .
               JAVA_USE_DEPENDENCIES = YES
               JAVA_ZIP_FLAGS = -urg
               JIKES_DEFAULT_FLAGS = +E +OLDCSO
               KEEP_PRIVATE_EXTERNS = NO
               LD_DEPENDENCY_INFO_FILE = /Users/gregoriomorelli/Documents/vibra/build/ios/Pods.build/Release-iphonesimulator/FirebaseMessaging-FirebaseMessaging_Privacy.build/Objects-normal/undefined_arch/FirebaseMessaging_Privacy_dependency_info.dat
               LD_EXPORT_SYMBOLS = YES
               LD_GENERATE_MAP_FILE = NO
               LD_MAP_FILE_PATH = /Users/gregoriomorelli/Documents/vibra/build/ios/Pods.build/Release-iphonesimulator/FirebaseMessaging-FirebaseMessaging_Privacy.build/FirebaseMessaging_Privacy-LinkMap-normal-undefined_arch.txt
               LD_NO_PIE = NO
               LD_QUOTE_LINKER_ARGUMENTS_FOR_COMPILER_DRIVER = YES
               LD_SHARED_CACHE_ELIGIBLE = Automatic
               LD_WARN_DUPLICATE_LIBRARIES = NO
               LD_WARN_UNUSED_DYLIBS = NO
               LEGACY_DEVELOPER_DIR = /Applications/Xcode.app/Contents/PlugIns/Xcode3Core.ideplugin/Contents/SharedSupport/Developer
               LEX = lex
               LIBRARY_DEXT_INSTALL_PATH = /Library/DriverExtensions
               LIBRARY_FLAG_NOSPACE = YES
               LIBRARY_FLAG_PREFIX = -l
               LIBRARY_KEXT_INSTALL_PATH = /Library/Extensions
               LIBRARY_SEARCH_PATHS = /Users/gregoriomorelli/Documents/vibra/build/ios/Release-iphonesimulator/FirebaseMessaging 
               LINKER_DISPLAYS_MANGLED_NAMES = NO
               LINK_FILE_LIST_normal_arm64 = /Users/gregoriomorelli/Documents/vibra/build/ios/Pods.build/Release-iphonesimulator/FirebaseMessaging-FirebaseMessaging_Privacy.build/Objects-normal/arm64/FirebaseMessaging_Privacy.LinkFileList
               LINK_FILE_LIST_normal_x86_64 = /Users/gregoriomorelli/Documents/vibra/build/ios/Pods.build/Release-iphonesimulator/FirebaseMessaging-FirebaseMessaging_Privacy.build/Objects-normal/x86_64/FirebaseMessaging_Privacy.LinkFileList
               LINK_OBJC_RUNTIME = YES
               LINK_WITH_STANDARD_LIBRARIES = YES
               LLVM_TARGET_TRIPLE_OS_VERSION = ios13.0
               LLVM_TARGET_TRIPLE_SUFFIX = -simulator
               LLVM_TARGET_TRIPLE_VENDOR = apple
               LM_AUX_CONST_METADATA_LIST_PATH_normal_arm64 = /Users/gregoriomorelli/Documents/vibra/build/ios/Pods.build/Release-iphonesimulator/FirebaseMessaging-FirebaseMessaging_Privacy.build/Objects-normal/arm64/FirebaseMessaging_Privacy.SwiftConstValuesFileList
               LM_AUX_CONST_METADATA_LIST_PATH_normal_x86_64 = /Users/gregoriomorelli/Documents/vibra/build/ios/Pods.build/Release-iphonesimulator/FirebaseMessaging-FirebaseMessaging_Privacy.build/Objects-normal/x86_64/FirebaseMessaging_Privacy.SwiftConstValuesFileList
               LOCALIZATION_EXPORT_SUPPORTED = YES
               LOCALIZATION_PREFERS_STRING_CATALOGS = NO
               LOCALIZED_RESOURCES_FOLDER_PATH = FirebaseMessaging_Privacy.bundle/en.lproj
               LOCALIZED_STRING_CODE_COMMENTS = NO
               LOCALIZED_STRING_MACRO_NAMES = NSLocalizedString CFCopyLocalizedString
               LOCALIZED_STRING_SWIFTUI_SUPPORT = YES
               LOCAL_ADMIN_APPS_DIR = /Applications/Utilities
               LOCAL_APPS_DIR = /Applications
               LOCAL_DEVELOPER_DIR = /Library/Developer
               LOCAL_LIBRARY_DIR = /Library
               LOCROOT = /Users/gregoriomorelli/Documents/vibra/ios/Pods
               LOCSYMROOT = /Users/gregoriomorelli/Documents/vibra/ios/Pods
               MACH_O_TYPE = mh_bundle
               MACOSX_DEPLOYMENT_TARGET = 26.5
               MAC_OS_X_PRODUCT_BUILD_VERSION = 25F84
               MAC_OS_X_VERSION_ACTUAL = 260502
               MAC_OS_X_VERSION_MAJOR = 260000
               MAC_OS_X_VERSION_MINOR = 260500
               MAKE_MERGEABLE = NO
               MERGEABLE_LIBRARY = NO
               MERGED_BINARY_TYPE = none
               MERGE_LINKED_LIBRARIES = NO
               METAL_LIBRARY_FILE_BASE = default
               METAL_LIBRARY_OUTPUT_DIR = /Users/gregoriomorelli/Documents/vibra/build/ios/Release-iphonesimulator/FirebaseMessaging/FirebaseMessaging_Privacy.bundle
               MODULES_FOLDER_PATH = FirebaseMessaging_Privacy.bundle/Modules
               MTL_ENABLE_DEBUG_INFO = NO
               MTL_FAST_MATH = YES
               NATIVE_ARCH = arm64
               NATIVE_ARCH_32_BIT = arm
               NATIVE_ARCH_64_BIT = arm64
               NATIVE_ARCH_ACTUAL = arm64
               NO_COMMON = YES
               OBJC_ABI_VERSION = 2
               OBJECT_FILE_DIR = /Users/gregoriomorelli/Documents/vibra/build/ios/Pods.build/Release-iphonesimulator/FirebaseMessaging-FirebaseMessaging_Privacy.build/Objects
               OBJECT_FILE_DIR_normal = /Users/gregoriomorelli/Documents/vibra/build/ios/Pods.build/Release-iphonesimulator/FirebaseMessaging-FirebaseMessaging_Privacy.build/Objects-normal
               OBJROOT = /Users/gregoriomorelli/Documents/vibra/build/ios
               ONLY_ACTIVE_ARCH = NO
               OS = MACOS
               OSAC = /usr/bin/osacompile
               OTHER_LDFLAGS =  -l"sqlite3" -framework "CoreTelephony" -framework "FirebaseCore" -framework "FirebaseInstallations" -framework "Foundation" -framework "GoogleDataTransport" -framework "GoogleUtilities" -framework "Security" -framework "SystemConfiguration" -framework "UIKit" -framework "nanopb" -weak_framework "UserNotifications"
               PACKAGE_TYPE = com.apple.package-type.wrapper
               PASCAL_STRINGS = YES
               PATH = /Applications/Xcode.app/Contents/SharedFrameworks/SwiftBuild.framework/Versions/A/PlugIns/SWBBuildService.bundle/Contents/PlugIns/SWBUniversalPlatformPlugin.bundle/Contents/Frameworks/SWBUniversalPlatform.framework/Resources:/Applications/Xcode.app/Contents/Developer/Toolchains/XcodeDefault.xctoolchain/usr/bin:/Applications/Xcode.app/Contents/Developer/Toolchains/XcodeDefault.xctoolchain/usr/local/bin:/Applications/Xcode.app/Contents/Developer/Toolchains/XcodeDefault.xctoolchain/usr/libexec:/Applications/Xcode.app/Contents/Developer/Platforms/iPhoneSimulator.platform/usr/bin:/Applications/Xcode.app/Contents/Developer/Platforms/iPhoneSimulator.platform/usr/local/bin:/Applications/Xcode.app/Contents/Developer/Platforms/iPhoneSimulator.platform/Developer/usr/bin:/Applications/Xcode.app/Contents/Developer/Platforms/iPhoneSimulator.platform/Developer/usr/local/bin:/Applications/Xcode.app/Contents/Developer/usr/bin:/Applications/Xcode.app/Contents/Developer/usr/local/bin:/Users/gregoriomorelli/.gemini/antigravity/bin:/Users/gregoriomorelli/Library/Application Support/Antigravity/bin:/opt/homebrew/bin:/opt/homebrew/sbin:/Library/Developer/CommandLineTools/usr/bin:/Users/gregoriomorelli/development/flutter/bin:/Users/gregoriomorelli/Library/Android/sdk/platform-tools:/Users/gregoriomorelli/Library/Android/sdk/cmdline-tools/latest/bin:/Users/gregoriomorelli/Library/Android/sdk/emulator:/Users/gregoriomorelli/.antigravity-ide/antigravity-ide/bin:/Users/gregoriomorelli/.antigravity/antigravity/bin:/Applications/XAMPP/xamppfiles/bin:/Users/gregoriomorelli/develop/flutter/bin:/usr/local/bin:/System/Cryptexes/App/usr/bin:/usr/bin:/bin:/usr/sbin:/sbin:/var/run/com.apple.security.cryptexd/codex.system/bootstrap/usr/local/bin:/var/run/com.apple.security.cryptexd/codex.system/bootstrap/usr/bin:/var/run/com.apple.security.cryptexd/codex.system/bootstrap/usr/appleinternal/bin:/pkg/env/global/bin:/Users/gregoriomorelli/.spicetify
               PATH_PREFIXES_EXCLUDED_FROM_HEADER_DEPENDENCIES = /usr/include /usr/local/include /System/Library/Frameworks /System/Library/PrivateFrameworks /Applications/Xcode.app/Contents/Developer/Headers /Applications/Xcode.app/Contents/Developer/SDKs /Applications/Xcode.app/Contents/Developer/Platforms
               PBDEVELOPMENTPLIST_PATH = FirebaseMessaging_Privacy.bundle/pbdevelopment.plist
               PER_ARCH_MODULE_FILE_DIR = /Users/gregoriomorelli/Documents/vibra/build/ios/Pods.build/Release-iphonesimulator/FirebaseMessaging-FirebaseMessaging_Privacy.build/Objects-normal/undefined_arch
               PER_ARCH_OBJECT_FILE_DIR = /Users/gregoriomorelli/Documents/vibra/build/ios/Pods.build/Release-iphonesimulator/FirebaseMessaging-FirebaseMessaging_Privacy.build/Objects-normal/undefined_arch
               PER_VARIANT_OBJECT_FILE_DIR = /Users/gregoriomorelli/Documents/vibra/build/ios/Pods.build/Release-iphonesimulator/FirebaseMessaging-FirebaseMessaging_Privacy.build/Objects-normal
               PKGINFO_FILE_PATH = /Users/gregoriomorelli/Documents/vibra/build/ios/Pods.build/Release-iphonesimulator/FirebaseMessaging-FirebaseMessaging_Privacy.build/PkgInfo
               PKGINFO_PATH = FirebaseMessaging_Privacy.bundle/PkgInfo
               PLATFORM_DEVELOPER_APPLICATIONS_DIR = /Applications/Xcode.app/Contents/Developer/Platforms/iPhoneSimulator.platform/Developer/Applications
               PLATFORM_DEVELOPER_BIN_DIR = /Applications/Xcode.app/Contents/Developer/Platforms/iPhoneSimulator.platform/Developer/usr/bin
               PLATFORM_DEVELOPER_LIBRARY_DIR = /Applications/Xcode.app/Contents/Developer/Platforms/iPhoneSimulator.platform/Developer/Library
               PLATFORM_DEVELOPER_SDK_DIR = /Applications/Xcode.app/Contents/Developer/Platforms/iPhoneSimulator.platform/Developer/SDKs
               PLATFORM_DEVELOPER_TOOLS_DIR = /Applications/Xcode.app/Contents/Developer/Platforms/iPhoneSimulator.platform/Developer/Tools
               PLATFORM_DEVELOPER_USR_DIR = /Applications/Xcode.app/Contents/Developer/Platforms/iPhoneSimulator.platform/Developer/usr
               PLATFORM_DIR = /Applications/Xcode.app/Contents/Developer/Platforms/iPhoneSimulator.platform
               PLATFORM_DISPLAY_NAME = iOS Simulator
               PLATFORM_FAMILY_NAME = iOS
               PLATFORM_NAME = iphonesimulator
               PLATFORM_PREFERRED_ARCH = x86_64
               PLATFORM_PRODUCT_BUILD_VERSION = 23F73
               PLATFORM_REQUIRES_SWIFT_AUTOLINK_EXTRACT = NO
               PLATFORM_REQUIRES_SWIFT_MODULEWRAP = NO
               PLATFORM_USES_DSYMS = YES
               PLIST_FILE_OUTPUT_FORMAT = binary
               PLUGINS_FOLDER_PATH = FirebaseMessaging_Privacy.bundle/PlugIns
               PODS_BUILD_DIR = /Users/gregoriomorelli/Documents/vibra/build/ios
               PODS_CONFIGURATION_BUILD_DIR = /Users/gregoriomorelli/Documents/vibra/build/ios/Release-iphonesimulator
               PODS_DEVELOPMENT_LANGUAGE = en
               PODS_ROOT = /Users/gregoriomorelli/Documents/vibra/ios/Pods
               PODS_TARGET_SRCROOT = /Users/gregoriomorelli/Documents/vibra/ios/Pods/FirebaseMessaging
               PODS_XCFRAMEWORKS_BUILD_DIR = /Users/gregoriomorelli/Documents/vibra/build/ios/Release-iphonesimulator/XCFrameworkIntermediates
               PRECOMPS_INCLUDE_HEADERS_FROM_BUILT_PRODUCTS_DIR = YES
               PRECOMP_DESTINATION_DIR = /Users/gregoriomorelli/Documents/vibra/build/ios/Pods.build/Release-iphonesimulator/FirebaseMessaging-FirebaseMessaging_Privacy.build/PrefixHeaders
               PRIVATE_HEADERS_FOLDER_PATH = FirebaseMessaging_Privacy.bundle/PrivateHeaders
               PROCESSED_INFOPLIST_PATH = /Users/gregoriomorelli/Documents/vibra/build/ios/Pods.build/Release-iphonesimulator/FirebaseMessaging-FirebaseMessaging_Privacy.build/Objects-normal/undefined_arch/Processed-Info.plist
               PRODUCT_BUNDLE_IDENTIFIER = org.cocoapods.FirebaseMessaging-Privacy
               PRODUCT_BUNDLE_PACKAGE_TYPE = BNDL
               PRODUCT_MODULE_NAME = FirebaseMessaging_Privacy
               PRODUCT_NAME = FirebaseMessaging_Privacy
               PRODUCT_SETTINGS_PATH = /Users/gregoriomorelli/Documents/vibra/ios/Pods/Target Support Files/FirebaseMessaging/ResourceBundle-FirebaseMessaging_Privacy-FirebaseMessaging-Info.plist
               PRODUCT_TYPE = com.apple.product-type.bundle
               PROFILING_CODE = NO
               PROJECT = Pods
               PROJECT_DERIVED_FILE_DIR = /Users/gregoriomorelli/Documents/vibra/build/ios/Pods.build/DerivedSources
               PROJECT_DIR = /Users/gregoriomorelli/Documents/vibra/ios/Pods
               PROJECT_FILE_PATH = /Users/gregoriomorelli/Documents/vibra/ios/Pods/Pods.xcodeproj
               PROJECT_GUID = bfdfe7dc352907fc980b868725387e98
               PROJECT_NAME = Pods
               PROJECT_TEMP_DIR = /Users/gregoriomorelli/Documents/vibra/build/ios/Pods.build
               PROJECT_TEMP_ROOT = /Users/gregoriomorelli/Documents/vibra/build/ios
               PUBLIC_HEADERS_FOLDER_PATH = FirebaseMessaging_Privacy.bundle/Headers
               RECOMMENDED_IPHONEOS_DEPLOYMENT_TARGET = 15.0
               RECURSIVE_SEARCH_PATHS_FOLLOW_SYMLINKS = YES
               REMOVE_CVS_FROM_RESOURCES = YES
               REMOVE_GIT_FROM_RESOURCES = YES
               REMOVE_HEADERS_FROM_EMBEDDED_BUNDLES = YES
               REMOVE_HG_FROM_RESOURCES = YES
               REMOVE_STATIC_EXECUTABLES_FROM_EMBEDDED_BUNDLES = YES
               REMOVE_SVN_FROM_RESOURCES = YES
               RESCHEDULE_INDEPENDENT_HEADERS_PHASES = YES
               REZ_COLLECTOR_DIR = /Users/gregoriomorelli/Documents/vibra/build/ios/Pods.build/Release-iphonesimulator/FirebaseMessaging-FirebaseMessaging_Privacy.build/ResourceManagerResources
               REZ_OBJECTS_DIR = /Users/gregoriomorelli/Documents/vibra/build/ios/Pods.build/Release-iphonesimulator/FirebaseMessaging-FirebaseMessaging_Privacy.build/ResourceManagerResources/Objects
               REZ_SEARCH_PATHS = /Users/gregoriomorelli/Documents/vibra/build/ios/Release-iphonesimulator/FirebaseMessaging 
               RPATH_ORIGIN = @loader_path
               RUNTIME_EXCEPTION_ALLOW_DYLD_ENVIRONMENT_VARIABLES = NO
               RUNTIME_EXCEPTION_ALLOW_JIT = NO
               RUNTIME_EXCEPTION_ALLOW_UNSIGNED_EXECUTABLE_MEMORY = NO
               RUNTIME_EXCEPTION_DEBUGGING_TOOL = NO
               RUNTIME_EXCEPTION_DISABLE_EXECUTABLE_PAGE_PROTECTION = NO
               RUNTIME_EXCEPTION_DISABLE_LIBRARY_VALIDATION = NO
               SCANNING_PCM_KEEP_CACHE_DIRECTORY = YES
               SCAN_ALL_SOURCE_FILES_FOR_INCLUDES = NO
               SCRIPTS_FOLDER_PATH = FirebaseMessaging_Privacy.bundle/Scripts
               SDKROOT = /Applications/Xcode.app/Contents/Developer/Platforms/iPhoneSimulator.platform/Developer/SDKs/iPhoneSimulator26.5.sdk
               SDK_DIR = /Applications/Xcode.app/Contents/Developer/Platforms/iPhoneSimulator.platform/Developer/SDKs/iPhoneSimulator26.5.sdk
               SDK_DIR_iphonesimulator = /Applications/Xcode.app/Contents/Developer/Platforms/iPhoneSimulator.platform/Developer/SDKs/iPhoneSimulator26.5.sdk
               SDK_DIR_iphonesimulator26_5 = /Applications/Xcode.app/Contents/Developer/Platforms/iPhoneSimulator.platform/Developer/SDKs/iPhoneSimulator26.5.sdk
               SDK_NAME = iphonesimulator26.5
               SDK_NAMES = iphonesimulator26.5
               SDK_PRODUCT_BUILD_VERSION = 23F73
               SDK_STAT_CACHE_DIR = /var/folders/pg/x6t89f2n7s7299rcw8hv33180000gn/C/com.apple.DeveloperTools/26.5-17F42/Xcode
               SDK_STAT_CACHE_ENABLE = YES
               SDK_STAT_CACHE_PATH = /var/folders/pg/x6t89f2n7s7299rcw8hv33180000gn/C/com.apple.DeveloperTools/26.5-17F42/Xcode/SDKStatCaches.noindex/iphonesimulator26.5-23F73-6cfe768891a92b912361537c460fe42b.sdkstatcache
               SDK_VERSION = 26.5
               SDK_VERSION_ACTUAL = 260500
               SDK_VERSION_MAJOR = 260000
               SDK_VERSION_MINOR = 260500
               SED = /usr/bin/sed
               SEPARATE_STRIP = NO
               SEPARATE_SYMBOL_EDIT = NO
               SET_DIR_MODE_OWNER_GROUP = YES
               SET_FILE_MODE_OWNER_GROUP = NO
               SHALLOW_BUNDLE = YES
               SHALLOW_BUNDLE_TRIPLE = ios-simulator
               SHALLOW_BUNDLE_ios_macabi = NO
               SHALLOW_BUNDLE_macos = NO
               SHARED_DERIVED_FILE_DIR = /Users/gregoriomorelli/Documents/vibra/build/ios/Release-iphonesimulator/FirebaseMessaging/DerivedSources
               SHARED_FRAMEWORKS_FOLDER_PATH = FirebaseMessaging_Privacy.bundle/SharedFrameworks
               SHARED_PRECOMPS_DIR = /Users/gregoriomorelli/Documents/vibra/build/ios/SharedPrecompiledHeaders
               SHARED_SUPPORT_FOLDER_PATH = FirebaseMessaging_Privacy.bundle/SharedSupport
               SKIP_INSTALL = YES
               SKIP_MERGEABLE_LIBRARY_BUNDLE_HOOK = NO
               SOURCE_ROOT = /Users/gregoriomorelli/Documents/vibra/ios/Pods
               SRCROOT = /Users/gregoriomorelli/Documents/vibra/ios/Pods
               STRINGSDATA_DIR = /Users/gregoriomorelli/Documents/vibra/build/ios/Pods.build/Release-iphonesimulator/FirebaseMessaging-FirebaseMessaging_Privacy.build/Objects-normal/undefined_arch
               STRINGSDATA_ROOT = /Users/gregoriomorelli/Documents/vibra/build/ios/Pods.build/Release-iphonesimulator/FirebaseMessaging-FirebaseMessaging_Privacy.build
               STRINGS_FILE_INFOPLIST_RENAME = YES
               STRINGS_FILE_OUTPUT_ENCODING = binary
               STRING_CATALOG_GENERATE_SYMBOLS = NO
               STRIP_BITCODE_FROM_COPIED_FILES = NO
               STRIP_INSTALLED_PRODUCT = NO
               STRIP_STYLE = non-global
               STRIP_SWIFT_SYMBOLS = YES
               SUPPORTED_DEVICE_FAMILIES = 1,2
               SUPPORTED_PLATFORMS = iphoneos iphonesimulator
               SUPPORTS_TEXT_BASED_API = NO
               SUPPRESS_WARNINGS = NO
               SWIFT_COMPILATION_MODE = wholemodule
               SWIFT_EMIT_CONST_VALUE_PROTOCOLS = AnyResolverProviding AppEntity AppEnum AppExtension AppIntent AppIntentsPackage AppShortcutProviding AppShortcutsProvider AppUnionValue AppUnionValueCasesProviding DynamicOptionsProvider EntityQuery ExtensionPointDefining IntentValueQuery Resolver TransientEntity _AssistantIntentsProvider _GenerativeFunctionExtractable _IntentValueRepresentable
               SWIFT_EMIT_LOC_STRINGS = NO
               SWIFT_ENABLE_EXPLICIT_MODULES = YES
               SWIFT_OPTIMIZATION_LEVEL = -O
               SWIFT_PLATFORM_TARGET_PREFIX = ios
               SWIFT_RESPONSE_FILE_PATH_normal_arm64 = /Users/gregoriomorelli/Documents/vibra/build/ios/Pods.build/Release-iphonesimulator/FirebaseMessaging-FirebaseMessaging_Privacy.build/Objects-normal/arm64/FirebaseMessaging_Privacy.SwiftFileList
               SWIFT_RESPONSE_FILE_PATH_normal_x86_64 = /Users/gregoriomorelli/Documents/vibra/build/ios/Pods.build/Release-iphonesimulator/FirebaseMessaging-FirebaseMessaging_Privacy.build/Objects-normal/x86_64/FirebaseMessaging_Privacy.SwiftFileList
               SWIFT_VERSION = 5.0
               SYMROOT = /Users/gregoriomorelli/Documents/vibra/ios/build
               SYSTEM_ADMIN_APPS_DIR = /Applications/Utilities
               SYSTEM_APPS_DIR = /Applications
               SYSTEM_CORE_SERVICES_DIR = /System/Library/CoreServices
               SYSTEM_DEMOS_DIR = /Applications/Extras
               SYSTEM_DEVELOPER_APPS_DIR = /Applications/Xcode.app/Contents/Developer/Applications
               SYSTEM_DEVELOPER_BIN_DIR = /Applications/Xcode.app/Contents/Developer/usr/bin
               SYSTEM_DEVELOPER_DEMOS_DIR = /Applications/Xcode.app/Contents/Developer/Applications/Utilities/Built Examples
               SYSTEM_DEVELOPER_DIR = /Applications/Xcode.app/Contents/Developer
               SYSTEM_DEVELOPER_DOC_DIR = /Applications/Xcode.app/Contents/Developer/ADC Reference Library
               SYSTEM_DEVELOPER_GRAPHICS_TOOLS_DIR = /Applications/Xcode.app/Contents/Developer/Applications/Graphics Tools
               SYSTEM_DEVELOPER_JAVA_TOOLS_DIR = /Applications/Xcode.app/Contents/Developer/Applications/Java Tools
               SYSTEM_DEVELOPER_PERFORMANCE_TOOLS_DIR = /Applications/Xcode.app/Contents/Developer/Applications/Performance Tools
               SYSTEM_DEVELOPER_RELEASENOTES_DIR = /Applications/Xcode.app/Contents/Developer/ADC Reference Library/releasenotes
               SYSTEM_DEVELOPER_TOOLS = /Applications/Xcode.app/Contents/Developer/Tools
               SYSTEM_DEVELOPER_TOOLS_DOC_DIR = /Applications/Xcode.app/Contents/Developer/ADC Reference Library/documentation/DeveloperTools
               SYSTEM_DEVELOPER_TOOLS_RELEASENOTES_DIR = /Applications/Xcode.app/Contents/Developer/ADC Reference Library/releasenotes/DeveloperTools
               SYSTEM_DEVELOPER_USR_DIR = /Applications/Xcode.app/Contents/Developer/usr
               SYSTEM_DEVELOPER_UTILITIES_DIR = /Applications/Xcode.app/Contents/Developer/Applications/Utilities
               SYSTEM_DEXT_INSTALL_PATH = /System/Library/DriverExtensions
               SYSTEM_DOCUMENTATION_DIR = /Library/Documentation
               SYSTEM_EXTENSIONS_FOLDER_PATH = FirebaseMessaging_Privacy.bundle/SystemExtensions
               SYSTEM_EXTENSIONS_FOLDER_PATH_SHALLOW_BUNDLE_NO = FirebaseMessaging_Privacy.bundle/Library/SystemExtensions
               SYSTEM_EXTENSIONS_FOLDER_PATH_SHALLOW_BUNDLE_YES = FirebaseMessaging_Privacy.bundle/SystemExtensions
               SYSTEM_KEXT_INSTALL_PATH = /System/Library/Extensions
               SYSTEM_LIBRARY_DIR = /System/Library
               TAPI_DEMANGLE = YES
               TAPI_ENABLE_PROJECT_HEADERS = NO
               TAPI_LANGUAGE = objective-c
               TAPI_LANGUAGE_STANDARD = compiler-default
               TAPI_USE_SRCROOT = YES
               TAPI_VERIFY_MODE = Pedantic
               TARGETED_DEVICE_FAMILY = 1,2
               TARGETNAME = FirebaseMessaging-FirebaseMessaging_Privacy
               TARGET_BUILD_DIR = /Users/gregoriomorelli/Documents/vibra/build/ios/Release-iphonesimulator/FirebaseMessaging
               TARGET_NAME = FirebaseMessaging-FirebaseMessaging_Privacy
               TARGET_TEMP_DIR = /Users/gregoriomorelli/Documents/vibra/build/ios/Pods.build/Release-iphonesimulator/FirebaseMessaging-FirebaseMessaging_Privacy.build
               TEMP_DIR = /Users/gregoriomorelli/Documents/vibra/build/ios/Pods.build/Release-iphonesimulator/FirebaseMessaging-FirebaseMessaging_Privacy.build
               TEMP_FILES_DIR = /Users/gregoriomorelli/Documents/vibra/build/ios/Pods.build/Release-iphonesimulator/FirebaseMessaging-FirebaseMessaging_Privacy.build
               TEMP_FILE_DIR = /Users/gregoriomorelli/Documents/vibra/build/ios/Pods.build/Release-iphonesimulator/FirebaseMessaging-FirebaseMessaging_Privacy.build
               TEMP_ROOT = /Users/gregoriomorelli/Documents/vibra/build/ios
               TEMP_SANDBOX_DIR = /Users/gregoriomorelli/Documents/vibra/build/ios/TemporaryTaskSandboxes
               TEST_FRAMEWORK_SEARCH_PATHS =  /Applications/Xcode.app/Contents/Developer/Platforms/iPhoneSimulator.platform/Developer/Library/Frameworks /Applications/Xcode.app/Contents/Developer/Platforms/iPhoneSimulator.platform/Developer/SDKs/iPhoneSimulator26.5.sdk/Developer/Library/Frameworks
               TEST_LIBRARY_SEARCH_PATHS =  /Applications/Xcode.app/Contents/Developer/Platforms/iPhoneSimulator.platform/Developer/usr/lib
               TOOLCHAINS = com.apple.dt.toolchain.XcodeDefault
               TOOLCHAIN_DIR = /Applications/Xcode.app/Contents/Developer/Toolchains/XcodeDefault.xctoolchain
               TREAT_MISSING_BASELINES_AS_TEST_FAILURES = NO
               TREAT_MISSING_SCRIPT_PHASE_OUTPUTS_AS_ERRORS = NO
               TVOS_DEPLOYMENT_TARGET = 26.5
               UID = 501
               UNINSTALLED_PRODUCTS_DIR = /Users/gregoriomorelli/Documents/vibra/build/ios/UninstalledProducts
               UNLOCALIZED_RESOURCES_FOLDER_PATH = FirebaseMessaging_Privacy.bundle
               UNLOCALIZED_RESOURCES_FOLDER_PATH_SHALLOW_BUNDLE_NO = FirebaseMessaging_Privacy.bundle/Resources
               UNLOCALIZED_RESOURCES_FOLDER_PATH_SHALLOW_BUNDLE_YES = FirebaseMessaging_Privacy.bundle
               UNSTRIPPED_PRODUCT = NO
               USER = gregoriomorelli
               USER_APPS_DIR = /Users/gregoriomorelli/Applications
               USER_LIBRARY_DIR = /Users/gregoriomorelli/Library
               USE_DYNAMIC_NO_PIC = YES
               USE_HEADERMAP = YES
               USE_HEADER_SYMLINKS = NO
               USE_RECURSIVE_SCRIPT_INPUTS_IN_SCRIPT_PHASES = YES
               VALIDATE_DEVELOPMENT_ASSET_PATHS = YES_ERROR
               VALIDATE_PRODUCT = NO
               VALID_ARCHS = arm64 x86_64
               VERBOSE_PBXCP = NO
               VERSIONPLIST_PATH = FirebaseMessaging_Privacy.bundle/version.plist
               VERSION_INFO_BUILDER = gregoriomorelli
               VERSION_INFO_FILE = FirebaseMessaging_Privacy_vers.c
               VERSION_INFO_STRING = "@(#)PROGRAM:FirebaseMessaging_Privacy  PROJECT:Pods-"
               WATCHOS_DEPLOYMENT_TARGET = 26.5
               WORKSPACE_DIR = /Users/gregoriomorelli/Documents/vibra/ios/Pods/Pods.xcodeproj
               WRAPPER_EXTENSION = bundle
               WRAPPER_NAME = FirebaseMessaging_Privacy.bundle
               WRAPPER_SUFFIX = .bundle
               WRAP_ASSET_PACKS_IN_SEPARATE_DIRECTORIES = NO
               XCODE_APP_SUPPORT_DIR = /Applications/Xcode.app/Contents/Developer/Library/Xcode
               XCODE_PRODUCT_BUILD_VERSION = 17F42
               XCODE_VERSION_ACTUAL = 2650
               XCODE_VERSION_MAJOR = 2600
               XCODE_VERSION_MINOR = 2650
               XPCSERVICES_FOLDER_PATH = FirebaseMessaging_Privacy.bundle/XPCServices
               XROS_DEPLOYMENT_TARGET = 26.5
               YACC = yacc
               _DISCOVER_COMMAND_LINE_LINKER_INPUTS = YES
               _DISCOVER_COMMAND_LINE_LINKER_INPUTS_INCLUDE_WL = YES
               _LD_MULTIARCH = YES
               _WRAPPER_CONTENTS_DIR_SHALLOW_BUNDLE_NO = /Contents
               _WRAPPER_PARENT_PATH_SHALLOW_BUNDLE_NO = /..
               _WRAPPER_RESOURCES_DIR_SHALLOW_BUNDLE_NO = /Resources
               __DIAGNOSE_DEPRECATED_ARCHS = YES
               __ORIGINAL_SDK_DEFINED_LLVM_TARGET_TRIPLE_SYS = ios
               arch = undefined_arch
               variant = normal

           Build settings for action build and target Flutter:
               ACTION = build
               AD_HOC_CODE_SIGNING_ALLOWED = YES
               ALLOW_BUILD_REQUEST_OVERRIDES = NO
               ALLOW_TARGET_PLATFORM_SPECIALIZATION = NO
               ALTERNATE_GROUP = staff
               ALTERNATE_MODE = u+w,go-w,a+rX
               ALTERNATE_OWNER = gregoriomorelli
               ALTERNATIVE_DISTRIBUTION_WEB = NO
               ALWAYS_EMBED_SWIFT_STANDARD_LIBRARIES = NO
               ALWAYS_SEARCH_USER_PATHS = NO
               ALWAYS_USE_SEPARATE_HEADERMAPS = NO
               APPLICATION_EXTENSION_API_ONLY = NO
               APPLY_RULES_IN_COPY_FILES = NO
               APPLY_RULES_IN_COPY_HEADERS = NO
               APP_SHORTCUTS_ENABLE_FLEXIBLE_MATCHING = YES
               ARCHS = arm64 x86_64
               ARCHS_BASE = arm64 x86_64
               ARCHS_STANDARD = arm64 x86_64
               ARCHS_STANDARD_32_64_BIT = arm64 x86_64
               ARCHS_STANDARD_64_BIT = arm64 x86_64
               ARCHS_STANDARD_INCLUDING_64_BIT = arm64 x86_64
               ARCHS_UNIVERSAL_IPHONE_OS = arm64 x86_64
               ASSETCATALOG_COMPILER_APPICON_NAME = AppIcon
               ASSETCATALOG_COMPILER_GLOBAL_ACCENT_COLOR_NAME = AccentColor
               AUTOMATICALLY_MERGE_DEPENDENCIES = NO
               AUTOMATION_APPLE_EVENTS = NO
               AVAILABLE_PLATFORMS = android appletvos appletvsimulator driverkit freebsd iphoneos iphonesimulator linux macosx none openbsd qnx watchos watchsimulator webassembly xros xrsimulator
               BUILD_ACTIVE_RESOURCES_ONLY = NO
               BUILD_COMPONENTS = headers build
               BUILD_DIR = /Users/gregoriomorelli/Documents/vibra/build/ios
               BUILD_LIBRARY_FOR_DISTRIBUTION = NO
               BUILD_ONLY_KNOWN_LOCALIZATIONS = NO
               BUILD_ROOT = /Users/gregoriomorelli/Documents/vibra/ios/build
               BUILD_STYLE = 
               BUILD_VARIANTS = normal
               BUILT_PRODUCTS_DIR = /Users/gregoriomorelli/Documents/vibra/build/ios/Release-iphonesimulator/Flutter
               BUNDLE_CONTENTS_FOLDER_PATH_deep = Contents/
               BUNDLE_EXECUTABLE_FOLDER_NAME_deep = MacOS
               BUNDLE_EXTENSIONS_FOLDER_PATH = Extensions
               BUNDLE_FORMAT = shallow
               BUNDLE_FRAMEWORKS_FOLDER_PATH = Frameworks
               BUNDLE_PLUGINS_FOLDER_PATH = PlugIns
               BUNDLE_PRIVATE_HEADERS_FOLDER_PATH = PrivateHeaders
               BUNDLE_PUBLIC_HEADERS_FOLDER_PATH = Headers
               CACHE_ROOT = /var/folders/pg/x6t89f2n7s7299rcw8hv33180000gn/C/com.apple.DeveloperTools/26.5-17F42/Xcode
               CCHROOT = /var/folders/pg/x6t89f2n7s7299rcw8hv33180000gn/C/com.apple.DeveloperTools/26.5-17F42/Xcode
               CHMOD = /bin/chmod
               CHOWN = chown
               CLANG_ANALYZER_LOCALIZABILITY_NONLOCALIZED = YES
               CLANG_ANALYZER_NONNULL = YES
               CLANG_ANALYZER_NUMBER_OBJECT_CONVERSION = YES_AGGRESSIVE
               CLANG_CACHE_FINE_GRAINED_OUTPUTS = YES
               CLANG_CXX_LANGUAGE_STANDARD = gnu++14
               CLANG_CXX_LIBRARY = libc++
               CLANG_ENABLE_EXPLICIT_MODULES = YES
               CLANG_ENABLE_MODULES = YES
               CLANG_ENABLE_OBJC_ARC = YES
               CLANG_ENABLE_OBJC_WEAK = NO
               CLANG_MODULES_BUILD_SESSION_FILE = /var/folders/pg/x6t89f2n7s7299rcw8hv33180000gn/C/org.llvm.clang/ModuleCache.noindex/Session.modulevalidation
               CLANG_WARN_BLOCK_CAPTURE_AUTORELEASING = YES
               CLANG_WARN_BOOL_CONVERSION = YES
               CLANG_WARN_COMMA = YES
               CLANG_WARN_CONSTANT_CONVERSION = YES
               CLANG_WARN_DEPRECATED_OBJC_IMPLEMENTATIONS = YES
               CLANG_WARN_DIRECT_OBJC_ISA_USAGE = YES_ERROR
               CLANG_WARN_DOCUMENTATION_COMMENTS = YES
               CLANG_WARN_EMPTY_BODY = YES
               CLANG_WARN_ENUM_CONVERSION = YES
               CLANG_WARN_INFINITE_RECURSION = YES
               CLANG_WARN_INT_CONVERSION = YES
               CLANG_WARN_NON_LITERAL_NULL_CONVERSION = YES
               CLANG_WARN_OBJC_IMPLICIT_RETAIN_SELF = YES
               CLANG_WARN_OBJC_LITERAL_CONVERSION = YES
               CLANG_WARN_OBJC_ROOT_CLASS = YES_ERROR
               CLANG_WARN_QUOTED_INCLUDE_IN_FRAMEWORK_HEADER = NO
               CLANG_WARN_RANGE_LOOP_ANALYSIS = YES
               CLANG_WARN_STRICT_PROTOTYPES = YES
               CLANG_WARN_SUSPICIOUS_MOVE = YES
               CLANG_WARN_UNGUARDED_AVAILABILITY = YES_AGGRESSIVE
               CLANG_WARN_UNREACHABLE_CODE = YES
               CLANG_WARN__DUPLICATE_METHOD_MATCH = YES
               CLASS_FILE_DIR = /Users/gregoriomorelli/Documents/vibra/build/ios/Pods.build/Release-iphonesimulator/Flutter.build/JavaClasses
               CLEAN_PRECOMPS = YES
               CLONE_HEADERS = NO
               CODESIGNING_FOLDER_PATH = /Users/gregoriomorelli/Documents/vibra/build/ios/Release-iphonesimulator/Flutter/
               CODE_SIGNING_ALLOWED = NO
               CODE_SIGNING_REQUIRED = YES
               CODE_SIGN_CONTEXT_CLASS = XCiPhoneSimulatorCodeSignContext
               CODE_SIGN_IDENTITY = -
               CODE_SIGN_INJECT_BASE_ENTITLEMENTS = YES
               COLOR_DIAGNOSTICS = NO
               COMBINE_HIDPI_IMAGES = NO
               COMPILATION_CACHE_CAS_PATH = /var/folders/pg/x6t89f2n7s7299rcw8hv33180000gn/C/com.apple.DeveloperTools/26.5-17F42/Xcode/CompilationCache.noindex
               COMPILATION_CACHE_KEEP_CAS_DIRECTORY = YES
               COMPILER_INDEX_STORE_ENABLE = Default
               COMPOSITE_SDK_DIRS = /Users/gregoriomorelli/Documents/vibra/build/ios/CompositeSDKs
               COMPRESS_PNG_FILES = YES
               CONFIGURATION = Release
               CONFIGURATION_BUILD_DIR = /Users/gregoriomorelli/Documents/vibra/build/ios/Release-iphonesimulator/Flutter
               CONFIGURATION_TEMP_DIR = /Users/gregoriomorelli/Documents/vibra/build/ios/Pods.build/Release-iphonesimulator
               COPYING_PRESERVES_HFS_DATA = NO
               COPY_HEADERS_RUN_UNIFDEF = NO
               COPY_PHASE_STRIP = NO
               CORRESPONDING_DEVICE_PLATFORM_DIR = /Applications/Xcode.app/Contents/Developer/Platforms/iPhoneOS.platform
               CORRESPONDING_DEVICE_PLATFORM_NAME = iphoneos
               CORRESPONDING_DEVICE_SDK_DIR = /Applications/Xcode.app/Contents/Developer/Platforms/iPhoneOS.platform/Developer/SDKs/iPhoneOS26.5.sdk
               CORRESPONDING_DEVICE_SDK_NAME = iphoneos26.5
               CP = /bin/cp
               CREATE_INFOPLIST_SECTION_IN_BINARY = NO
               CURRENT_ARCH = undefined_arch
               CURRENT_VARIANT = normal
               DEAD_CODE_STRIPPING = YES
               DEBUGGING_SYMBOLS = YES
               DEBUG_INFORMATION_FORMAT = dwarf-with-dsym
               DEBUG_INFORMATION_VERSION = compiler-default
               DEFAULT_COMPILER = com.apple.compilers.llvm.clang.1_0
               DEFAULT_DEXT_INSTALL_PATH = /System/Library/DriverExtensions
               DEFAULT_KEXT_INSTALL_PATH = /System/Library/Extensions
               DEFINES_MODULE = NO
               DEPLOYMENT_LOCATION = NO
               DEPLOYMENT_POSTPROCESSING = NO
               DEPLOYMENT_TARGET_SETTING_NAME = IPHONEOS_DEPLOYMENT_TARGET
               DEPLOYMENT_TARGET_SUGGESTED_VALUES = 12.0 12.1 12.2 12.3 12.4 13.0 13.1 13.2 13.3 13.4 13.5 13.6 14.0 14.1 14.2 14.3 14.4 14.5 14.6 14.7 15.0 15.1 15.2 15.3 15.4 15.5 15.6 16.0 16.1 16.2 16.3 16.4 16.5 16.6 17.0 17.1 17.2 17.3 17.4 17.5 17.6 18.0 18.1 18.2 18.3 18.4 18.5 18.6 26.0 26.2 26.3 26.4 26.5
               DERIVED_FILES_DIR = /Users/gregoriomorelli/Documents/vibra/build/ios/Pods.build/Release-iphonesimulator/Flutter.build/DerivedSources
               DERIVED_FILE_DIR = /Users/gregoriomorelli/Documents/vibra/build/ios/Pods.build/Release-iphonesimulator/Flutter.build/DerivedSources
               DERIVED_SOURCES_DIR = /Users/gregoriomorelli/Documents/vibra/build/ios/Pods.build/Release-iphonesimulator/Flutter.build/DerivedSources
               DEVELOPER_APPLICATIONS_DIR = /Applications/Xcode.app/Contents/Developer/Applications
               DEVELOPER_BIN_DIR = /Applications/Xcode.app/Contents/Developer/usr/bin
               DEVELOPER_DIR = /Applications/Xcode.app/Contents/Developer
               DEVELOPER_FRAMEWORKS_DIR = /Applications/Xcode.app/Contents/Developer/Library/Frameworks
               DEVELOPER_FRAMEWORKS_DIR_QUOTED = /Applications/Xcode.app/Contents/Developer/Library/Frameworks
               DEVELOPER_LIBRARY_DIR = /Applications/Xcode.app/Contents/Developer/Library
               DEVELOPER_SDK_DIR = /Applications/Xcode.app/Contents/Developer/Platforms/MacOSX.platform/Developer/SDKs
               DEVELOPER_TOOLS_DIR = /Applications/Xcode.app/Contents/Developer/Tools
               DEVELOPER_USR_DIR = /Applications/Xcode.app/Contents/Developer/usr
               DEVELOPMENT_LANGUAGE = en
               DIAGNOSE_MISSING_TARGET_DEPENDENCIES = YES
               DIFF = /usr/bin/diff
               DONT_GENERATE_INFOPLIST_FILE = NO
               DRIVERKIT_DEPLOYMENT_TARGET = 25.5
               DSTROOT = /tmp/Pods.dst
               DT_TOOLCHAIN_DIR = /Applications/Xcode.app/Contents/Developer/Toolchains/XcodeDefault.xctoolchain
               DUMP_DEPENDENCIES = NO
               DUMP_DEPENDENCIES_OUTPUT_PATH = /Users/gregoriomorelli/Documents/vibra/build/ios/Pods.build/Release-iphonesimulator/Flutter.build/Flutter-BuildDependencyInfo.json
               DWARF_DSYM_FILE_NAME = .dSYM
               DWARF_DSYM_FILE_SHOULD_ACCOMPANY_PRODUCT = NO
               DWARF_DSYM_FOLDER_PATH = /Users/gregoriomorelli/Documents/vibra/build/ios/Release-iphonesimulator/Flutter
               DYNAMIC_LIBRARY_EXTENSION = dylib
               EAGER_COMPILATION_ALLOW_SCRIPTS = NO
               EAGER_LINKING = NO
               EFFECTIVE_PLATFORM_NAME = -iphonesimulator
               EFFECTIVE_SWIFT_VERSION = 5
               EMBEDDED_CONTENT_CONTAINS_SWIFT = NO
               EMBED_ASSET_PACKS_IN_PRODUCT_BUNDLE = NO
               ENABLE_APP_SANDBOX = NO
               ENABLE_CODE_COVERAGE = YES
               ENABLE_COHORT_ARCHS = NO
               ENABLE_CPLUSPLUS_BOUNDS_SAFE_BUFFERS = NO
               ENABLE_C_BOUNDS_SAFETY = NO
               ENABLE_DEFAULT_HEADER_SEARCH_PATHS = YES
               ENABLE_DEFAULT_SEARCH_PATHS = YES
               ENABLE_ENHANCED_SECURITY = NO
               ENABLE_HARDENED_RUNTIME = NO
               ENABLE_HEADER_DEPENDENCIES = YES
               ENABLE_INCOMING_NETWORK_CONNECTIONS = NO
               ENABLE_NS_ASSERTIONS = NO
               ENABLE_ON_DEMAND_RESOURCES = NO
               ENABLE_OUTGOING_NETWORK_CONNECTIONS = NO
               ENABLE_POINTER_AUTHENTICATION = NO
               ENABLE_RESOURCE_ACCESS_AUDIO_INPUT = NO
               ENABLE_RESOURCE_ACCESS_BLUETOOTH = NO
               ENABLE_RESOURCE_ACCESS_CALENDARS = NO
               ENABLE_RESOURCE_ACCESS_CAMERA = NO
               ENABLE_RESOURCE_ACCESS_CONTACTS = NO
               ENABLE_RESOURCE_ACCESS_LOCATION = NO
               ENABLE_RESOURCE_ACCESS_PHOTO_LIBRARY = NO
               ENABLE_RESOURCE_ACCESS_PRINTING = NO
               ENABLE_RESOURCE_ACCESS_USB = NO
               ENABLE_SDK_IMPORTS = NO
               ENABLE_SECURITY_COMPILER_WARNINGS = NO
               ENABLE_STRICT_OBJC_MSGSEND = YES
               ENABLE_TESTABILITY = NO
               ENABLE_TESTING_SEARCH_PATHS = NO
               ENABLE_USER_SCRIPT_SANDBOXING = NO
               ENFORCE_VALID_ARCHS = YES
               ENTITLEMENTS_DESTINATION = __entitlements
               ENTITLEMENTS_REQUIRED = YES
               EXCLUDED_INSTALLSRC_SUBDIRECTORY_PATTERNS = .DS_Store .svn .git .hg CVS
               EXCLUDED_RECURSIVE_SEARCH_PATH_SUBDIRECTORIES = *.nib *.lproj *.framework *.gch *.xcode* *.xcassets *.icon (*) .DS_Store CVS .svn .git .hg *.pbproj *.pbxproj
               FILE_LIST = /Users/gregoriomorelli/Documents/vibra/build/ios/Pods.build/Release-iphonesimulator/Flutter.build/Objects/LinkFileList
               FIXED_FILES_DIR = /Users/gregoriomorelli/Documents/vibra/build/ios/Pods.build/Release-iphonesimulator/Flutter.build/FixedFiles
               FRAMEWORK_VERSION = A
               FUSE_BUILD_PHASES = YES
               FUSE_BUILD_SCRIPT_PHASES = NO
               GCC3_VERSION = 3.3
               GCC_C_LANGUAGE_STANDARD = gnu11
               GCC_NO_COMMON_BLOCKS = YES
               GCC_OBJC_LEGACY_DISPATCH = YES
               GCC_PFE_FILE_C_DIALECTS = c objective-c c++ objective-c++
               GCC_PREPROCESSOR_DEFINITIONS = POD_CONFIGURATION_RELEASE=1  COCOAPODS=1
               GCC_TREAT_WARNINGS_AS_ERRORS = NO
               GCC_VERSION = com.apple.compilers.llvm.clang.1_0
               GCC_VERSION_IDENTIFIER = com_apple_compilers_llvm_clang_1_0
               GCC_WARN_64_TO_32_BIT_CONVERSION = YES
               GCC_WARN_ABOUT_RETURN_TYPE = YES_ERROR
               GCC_WARN_UNDECLARED_SELECTOR = YES
               GCC_WARN_UNINITIALIZED_AUTOS = YES_AGGRESSIVE
               GCC_WARN_UNUSED_FUNCTION = YES
               GCC_WARN_UNUSED_VARIABLE = YES
               GENERATED_MODULEMAP_DIR = /Users/gregoriomorelli/Documents/vibra/build/ios/GeneratedModuleMaps-iphonesimulator
               GENERATE_INFOPLIST_FILE = NO
               GENERATE_INTERMEDIATE_TEXT_BASED_STUBS = YES
               GENERATE_PKGINFO_FILE = NO
               GENERATE_PRELINK_OBJECT_FILE = NO
               GENERATE_PROFILING_CODE = NO
               GENERATE_TEXT_BASED_STUBS = NO
               GID = 20
               GROUP = staff
               HEADERMAP_INCLUDES_FLAT_ENTRIES_FOR_TARGET_BEING_BUILT = YES
               HEADERMAP_INCLUDES_FRAMEWORK_ENTRIES_FOR_ALL_PRODUCT_TYPES = YES
               HEADERMAP_INCLUDES_FRAMEWORK_ENTRIES_FOR_TARGETS_NOT_BEING_BUILT = YES
               HEADERMAP_INCLUDES_NONPUBLIC_NONPRIVATE_HEADERS = YES
               HEADERMAP_INCLUDES_PROJECT_HEADERS = YES
               HEADERMAP_USES_FRAMEWORK_PREFIX_ENTRIES = YES
               HEADERMAP_USES_VFS = NO
               HOME = /Users/gregoriomorelli
               HOST_ARCH = arm64
               HOST_PLATFORM = macosx
               ICONV = /usr/bin/iconv
               IMPLICIT_DEPENDENCY_DOMAIN = default
               INDEX_STORE_COMPRESS = NO
               INDEX_STORE_ONLY_PROJECT_FILES = NO
               INFOPLIST_ENABLE_CFBUNDLEICONS_MERGE = YES
               INFOPLIST_EXPAND_BUILD_SETTINGS = YES
               INFOPLIST_OUTPUT_FORMAT = binary
               INFOPLIST_PREPROCESS = NO
               INLINE_PRIVATE_FRAMEWORKS = NO
               INSTALLAPI_IGNORE_SKIP_INSTALL = YES
               INSTALLHDRS_COPY_PHASE = NO
               INSTALLHDRS_SCRIPT_PHASE = NO
               INSTALL_DIR = /tmp/Pods.dst
               INSTALL_GROUP = staff
               INSTALL_MODE_FLAG = u+w,go-w,a+rX
               INSTALL_OWNER = gregoriomorelli
               INSTALL_ROOT = /tmp/Pods.dst
               IPHONEOS_DEPLOYMENT_TARGET = 13.0
               IS_UNOPTIMIZED_BUILD = NO
               JAVAC_DEFAULT_FLAGS = -J-Xms64m -J-XX:NewSize=4M -J-Dfile.encoding=UTF8
               JAVA_APP_STUB = /System/Library/Frameworks/JavaVM.framework/Resources/MacOS/JavaApplicationStub
               JAVA_ARCHIVE_CLASSES = YES
               JAVA_ARCHIVE_TYPE = JAR
               JAVA_COMPILER = /usr/bin/javac
               JAVA_FRAMEWORK_RESOURCES_DIRS = Resources
               JAVA_JAR_FLAGS = cv
               JAVA_SOURCE_SUBDIR = .
               JAVA_USE_DEPENDENCIES = YES
               JAVA_ZIP_FLAGS = -urg
               JIKES_DEFAULT_FLAGS = +E +OLDCSO
               KEEP_PRIVATE_EXTERNS = NO
               LD_DEPENDENCY_INFO_FILE = /Users/gregoriomorelli/Documents/vibra/build/ios/Pods.build/Release-iphonesimulator/Flutter.build/Objects-normal/undefined_arch/Flutter_dependency_info.dat
               LD_EXPORT_SYMBOLS = YES
               LD_GENERATE_MAP_FILE = NO
               LD_MAP_FILE_PATH = /Users/gregoriomorelli/Documents/vibra/build/ios/Pods.build/Release-iphonesimulator/Flutter.build/Flutter-LinkMap-normal-undefined_arch.txt
               LD_NO_PIE = NO
               LD_QUOTE_LINKER_ARGUMENTS_FOR_COMPILER_DRIVER = YES
               LD_RUNPATH_SEARCH_PATHS =  @executable_path/Frameworks
               LD_SHARED_CACHE_ELIGIBLE = Automatic
               LD_WARN_DUPLICATE_LIBRARIES = NO
               LD_WARN_UNUSED_DYLIBS = NO
               LEGACY_DEVELOPER_DIR = /Applications/Xcode.app/Contents/PlugIns/Xcode3Core.ideplugin/Contents/SharedSupport/Developer
               LEX = lex
               LIBRARY_DEXT_INSTALL_PATH = /Library/DriverExtensions
               LIBRARY_FLAG_NOSPACE = YES
               LIBRARY_KEXT_INSTALL_PATH = /Library/Extensions
               LINKER_DISPLAYS_MANGLED_NAMES = NO
               LINK_FILE_LIST_normal_arm64 = /Users/gregoriomorelli/Documents/vibra/build/ios/Pods.build/Release-iphonesimulator/Flutter.build/Objects-normal/arm64/Flutter.LinkFileList
               LINK_FILE_LIST_normal_x86_64 = /Users/gregoriomorelli/Documents/vibra/build/ios/Pods.build/Release-iphonesimulator/Flutter.build/Objects-normal/x86_64/Flutter.LinkFileList
               LINK_OBJC_RUNTIME = YES
               LINK_WITH_STANDARD_LIBRARIES = YES
               LLVM_TARGET_TRIPLE_OS_VERSION = ios13.0
               LLVM_TARGET_TRIPLE_SUFFIX = -simulator
               LLVM_TARGET_TRIPLE_VENDOR = apple
               LM_AUX_CONST_METADATA_LIST_PATH_normal_arm64 = /Users/gregoriomorelli/Documents/vibra/build/ios/Pods.build/Release-iphonesimulator/Flutter.build/Objects-normal/arm64/Flutter.SwiftConstValuesFileList
               LM_AUX_CONST_METADATA_LIST_PATH_normal_x86_64 = /Users/gregoriomorelli/Documents/vibra/build/ios/Pods.build/Release-iphonesimulator/Flutter.build/Objects-normal/x86_64/Flutter.SwiftConstValuesFileList
               LOCALIZATION_EXPORT_SUPPORTED = YES
               LOCALIZATION_PREFERS_STRING_CATALOGS = NO
               LOCALIZED_STRING_CODE_COMMENTS = NO
               LOCALIZED_STRING_MACRO_NAMES = NSLocalizedString CFCopyLocalizedString
               LOCALIZED_STRING_SWIFTUI_SUPPORT = YES
               LOCAL_ADMIN_APPS_DIR = /Applications/Utilities
               LOCAL_APPS_DIR = /Applications
               LOCAL_DEVELOPER_DIR = /Library/Developer
               LOCAL_LIBRARY_DIR = /Library
               LOCROOT = /Users/gregoriomorelli/Documents/vibra/ios/Pods
               LOCSYMROOT = /Users/gregoriomorelli/Documents/vibra/ios/Pods
               MACOSX_DEPLOYMENT_TARGET = 26.5
               MAC_OS_X_PRODUCT_BUILD_VERSION = 25F84
               MAC_OS_X_VERSION_ACTUAL = 260502
               MAC_OS_X_VERSION_MAJOR = 260000
               MAC_OS_X_VERSION_MINOR = 260500
               MAKE_MERGEABLE = NO
               MERGEABLE_LIBRARY = NO
               MERGED_BINARY_TYPE = none
               MERGE_LINKED_LIBRARIES = NO
               METAL_LIBRARY_FILE_BASE = default
               METAL_LIBRARY_OUTPUT_DIR = /Users/gregoriomorelli/Documents/vibra/build/ios/Release-iphonesimulator/Flutter/
               MTL_ENABLE_DEBUG_INFO = NO
               MTL_FAST_MATH = YES
               NATIVE_ARCH = arm64
               NATIVE_ARCH_32_BIT = arm
               NATIVE_ARCH_64_BIT = arm64
               NATIVE_ARCH_ACTUAL = arm64
               NO_COMMON = YES
               OBJC_ABI_VERSION = 2
               OBJECT_FILE_DIR = /Users/gregoriomorelli/Documents/vibra/build/ios/Pods.build/Release-iphonesimulator/Flutter.build/Objects
               OBJECT_FILE_DIR_normal = /Users/gregoriomorelli/Documents/vibra/build/ios/Pods.build/Release-iphonesimulator/Flutter.build/Objects-normal
               OBJROOT = /Users/gregoriomorelli/Documents/vibra/build/ios
               ONLY_ACTIVE_ARCH = NO
               OS = MACOS
               OSAC = /usr/bin/osacompile
               PASCAL_STRINGS = YES
               PATH = /Applications/Xcode.app/Contents/SharedFrameworks/SwiftBuild.framework/Versions/A/PlugIns/SWBBuildService.bundle/Contents/PlugIns/SWBUniversalPlatformPlugin.bundle/Contents/Frameworks/SWBUniversalPlatform.framework/Resources:/Applications/Xcode.app/Contents/Developer/Toolchains/XcodeDefault.xctoolchain/usr/bin:/Applications/Xcode.app/Contents/Developer/Toolchains/XcodeDefault.xctoolchain/usr/local/bin:/Applications/Xcode.app/Contents/Developer/Toolchains/XcodeDefault.xctoolchain/usr/libexec:/Applications/Xcode.app/Contents/Developer/Platforms/iPhoneSimulator.platform/usr/bin:/Applications/Xcode.app/Contents/Developer/Platforms/iPhoneSimulator.platform/usr/local/bin:/Applications/Xcode.app/Contents/Developer/Platforms/iPhoneSimulator.platform/Developer/usr/bin:/Applications/Xcode.app/Contents/Developer/Platforms/iPhoneSimulator.platform/Developer/usr/local/bin:/Applications/Xcode.app/Contents/Developer/usr/bin:/Applications/Xcode.app/Contents/Developer/usr/local/bin:/Users/gregoriomorelli/.gemini/antigravity/bin:/Users/gregoriomorelli/Library/Application Support/Antigravity/bin:/opt/homebrew/bin:/opt/homebrew/sbin:/Library/Developer/CommandLineTools/usr/bin:/Users/gregoriomorelli/development/flutter/bin:/Users/gregoriomorelli/Library/Android/sdk/platform-tools:/Users/gregoriomorelli/Library/Android/sdk/cmdline-tools/latest/bin:/Users/gregoriomorelli/Library/Android/sdk/emulator:/Users/gregoriomorelli/.antigravity-ide/antigravity-ide/bin:/Users/gregoriomorelli/.antigravity/antigravity/bin:/Applications/XAMPP/xamppfiles/bin:/Users/gregoriomorelli/develop/flutter/bin:/usr/local/bin:/System/Cryptexes/App/usr/bin:/usr/bin:/bin:/usr/sbin:/sbin:/var/run/com.apple.security.cryptexd/codex.system/bootstrap/usr/local/bin:/var/run/com.apple.security.cryptexd/codex.system/bootstrap/usr/bin:/var/run/com.apple.security.cryptexd/codex.system/bootstrap/usr/appleinternal/bin:/pkg/env/global/bin:/Users/gregoriomorelli/.spicetify
               PATH_PREFIXES_EXCLUDED_FROM_HEADER_DEPENDENCIES = /usr/include /usr/local/include /System/Library/Frameworks /System/Library/PrivateFrameworks /Applications/Xcode.app/Contents/Developer/Headers /Applications/Xcode.app/Contents/Developer/SDKs /Applications/Xcode.app/Contents/Developer/Platforms
               PER_ARCH_MODULE_FILE_DIR = /Users/gregoriomorelli/Documents/vibra/build/ios/Pods.build/Release-iphonesimulator/Flutter.build/Objects-normal/undefined_arch
               PER_ARCH_OBJECT_FILE_DIR = /Users/gregoriomorelli/Documents/vibra/build/ios/Pods.build/Release-iphonesimulator/Flutter.build/Objects-normal/undefined_arch
               PER_VARIANT_OBJECT_FILE_DIR = /Users/gregoriomorelli/Documents/vibra/build/ios/Pods.build/Release-iphonesimulator/Flutter.build/Objects-normal
               PKGINFO_FILE_PATH = /Users/gregoriomorelli/Documents/vibra/build/ios/Pods.build/Release-iphonesimulator/Flutter.build/PkgInfo
               PLATFORM_DEVELOPER_APPLICATIONS_DIR = /Applications/Xcode.app/Contents/Developer/Platforms/iPhoneSimulator.platform/Developer/Applications
               PLATFORM_DEVELOPER_BIN_DIR = /Applications/Xcode.app/Contents/Developer/Platforms/iPhoneSimulator.platform/Developer/usr/bin
               PLATFORM_DEVELOPER_LIBRARY_DIR = /Applications/Xcode.app/Contents/Developer/Platforms/iPhoneSimulator.platform/Developer/Library
               PLATFORM_DEVELOPER_SDK_DIR = /Applications/Xcode.app/Contents/Developer/Platforms/iPhoneSimulator.platform/Developer/SDKs
               PLATFORM_DEVELOPER_TOOLS_DIR = /Applications/Xcode.app/Contents/Developer/Platforms/iPhoneSimulator.platform/Developer/Tools
               PLATFORM_DEVELOPER_USR_DIR = /Applications/Xcode.app/Contents/Developer/Platforms/iPhoneSimulator.platform/Developer/usr
               PLATFORM_DIR = /Applications/Xcode.app/Contents/Developer/Platforms/iPhoneSimulator.platform
               PLATFORM_DISPLAY_NAME = iOS Simulator
               PLATFORM_FAMILY_NAME = iOS
               PLATFORM_NAME = iphonesimulator
               PLATFORM_PREFERRED_ARCH = x86_64
               PLATFORM_PRODUCT_BUILD_VERSION = 23F73
               PLATFORM_REQUIRES_SWIFT_AUTOLINK_EXTRACT = NO
               PLATFORM_REQUIRES_SWIFT_MODULEWRAP = NO
               PLATFORM_USES_DSYMS = YES
               PLIST_FILE_OUTPUT_FORMAT = binary
               PODS_BUILD_DIR = /Users/gregoriomorelli/Documents/vibra/build/ios
               PODS_CONFIGURATION_BUILD_DIR = /Users/gregoriomorelli/Documents/vibra/build/ios/Release-iphonesimulator
               PODS_DEVELOPMENT_LANGUAGE = en
               PODS_ROOT = /Users/gregoriomorelli/Documents/vibra/ios/Pods
               PODS_TARGET_SRCROOT = /Users/gregoriomorelli/Documents/vibra/ios/Pods/../Flutter
               PODS_XCFRAMEWORKS_BUILD_DIR = /Users/gregoriomorelli/Documents/vibra/build/ios/Release-iphonesimulator/XCFrameworkIntermediates
               PRECOMPS_INCLUDE_HEADERS_FROM_BUILT_PRODUCTS_DIR = YES
               PRECOMP_DESTINATION_DIR = /Users/gregoriomorelli/Documents/vibra/build/ios/Pods.build/Release-iphonesimulator/Flutter.build/PrefixHeaders
               PROCESSED_INFOPLIST_PATH = /Users/gregoriomorelli/Documents/vibra/build/ios/Pods.build/Release-iphonesimulator/Flutter.build/Objects-normal/undefined_arch/Processed-Info.plist
               PRODUCT_BUNDLE_IDENTIFIER = org.cocoapods.Flutter
               PRODUCT_MODULE_NAME = Flutter
               PRODUCT_NAME = Flutter
               PRODUCT_SETTINGS_PATH = 
               PROFILING_CODE = NO
               PROJECT = Pods
               PROJECT_DERIVED_FILE_DIR = /Users/gregoriomorelli/Documents/vibra/build/ios/Pods.build/DerivedSources
               PROJECT_DIR = /Users/gregoriomorelli/Documents/vibra/ios/Pods
               PROJECT_FILE_PATH = /Users/gregoriomorelli/Documents/vibra/ios/Pods/Pods.xcodeproj
               PROJECT_GUID = bfdfe7dc352907fc980b868725387e98
               PROJECT_NAME = Pods
               PROJECT_TEMP_DIR = /Users/gregoriomorelli/Documents/vibra/build/ios/Pods.build
               PROJECT_TEMP_ROOT = /Users/gregoriomorelli/Documents/vibra/build/ios
               RECOMMENDED_IPHONEOS_DEPLOYMENT_TARGET = 15.0
               RECURSIVE_SEARCH_PATHS_FOLLOW_SYMLINKS = YES
               REMOVE_CVS_FROM_RESOURCES = YES
               REMOVE_GIT_FROM_RESOURCES = YES
               REMOVE_HEADERS_FROM_EMBEDDED_BUNDLES = YES
               REMOVE_HG_FROM_RESOURCES = YES
               REMOVE_STATIC_EXECUTABLES_FROM_EMBEDDED_BUNDLES = YES
               REMOVE_SVN_FROM_RESOURCES = YES
               RESCHEDULE_INDEPENDENT_HEADERS_PHASES = YES
               REZ_COLLECTOR_DIR = /Users/gregoriomorelli/Documents/vibra/build/ios/Pods.build/Release-iphonesimulator/Flutter.build/ResourceManagerResources
               REZ_OBJECTS_DIR = /Users/gregoriomorelli/Documents/vibra/build/ios/Pods.build/Release-iphonesimulator/Flutter.build/ResourceManagerResources/Objects
               RPATH_ORIGIN = @loader_path
               RUNTIME_EXCEPTION_ALLOW_DYLD_ENVIRONMENT_VARIABLES = NO
               RUNTIME_EXCEPTION_ALLOW_JIT = NO
               RUNTIME_EXCEPTION_ALLOW_UNSIGNED_EXECUTABLE_MEMORY = NO
               RUNTIME_EXCEPTION_DEBUGGING_TOOL = NO
               RUNTIME_EXCEPTION_DISABLE_EXECUTABLE_PAGE_PROTECTION = NO
               RUNTIME_EXCEPTION_DISABLE_LIBRARY_VALIDATION = NO
               SCANNING_PCM_KEEP_CACHE_DIRECTORY = YES
               SCAN_ALL_SOURCE_FILES_FOR_INCLUDES = NO
               SDKROOT = /Applications/Xcode.app/Contents/Developer/Platforms/iPhoneSimulator.platform/Developer/SDKs/iPhoneSimulator26.5.sdk
               SDK_DIR = /Applications/Xcode.app/Contents/Developer/Platforms/iPhoneSimulator.platform/Developer/SDKs/iPhoneSimulator26.5.sdk
               SDK_DIR_iphonesimulator = /Applications/Xcode.app/Contents/Developer/Platforms/iPhoneSimulator.platform/Developer/SDKs/iPhoneSimulator26.5.sdk
               SDK_DIR_iphonesimulator26_5 = /Applications/Xcode.app/Contents/Developer/Platforms/iPhoneSimulator.platform/Developer/SDKs/iPhoneSimulator26.5.sdk
               SDK_NAME = iphonesimulator26.5
               SDK_NAMES = iphonesimulator26.5
               SDK_PRODUCT_BUILD_VERSION = 23F73
               SDK_STAT_CACHE_DIR = /var/folders/pg/x6t89f2n7s7299rcw8hv33180000gn/C/com.apple.DeveloperTools/26.5-17F42/Xcode
               SDK_STAT_CACHE_ENABLE = YES
               SDK_STAT_CACHE_PATH = /var/folders/pg/x6t89f2n7s7299rcw8hv33180000gn/C/com.apple.DeveloperTools/26.5-17F42/Xcode/SDKStatCaches.noindex/iphonesimulator26.5-23F73-6cfe768891a92b912361537c460fe42b.sdkstatcache
               SDK_VERSION = 26.5
               SDK_VERSION_ACTUAL = 260500
               SDK_VERSION_MAJOR = 260000
               SDK_VERSION_MINOR = 260500
               SED = /usr/bin/sed
               SEPARATE_STRIP = NO
               SEPARATE_SYMBOL_EDIT = NO
               SET_DIR_MODE_OWNER_GROUP = YES
               SET_FILE_MODE_OWNER_GROUP = NO
               SHALLOW_BUNDLE = NO
               SHARED_DERIVED_FILE_DIR = /Users/gregoriomorelli/Documents/vibra/build/ios/Release-iphonesimulator/Flutter/DerivedSources
               SHARED_PRECOMPS_DIR = /Users/gregoriomorelli/Documents/vibra/build/ios/SharedPrecompiledHeaders
               SKIP_INSTALL = YES
               SKIP_MERGEABLE_LIBRARY_BUNDLE_HOOK = NO
               SOURCE_ROOT = /Users/gregoriomorelli/Documents/vibra/ios/Pods
               SRCROOT = /Users/gregoriomorelli/Documents/vibra/ios/Pods
               STRINGSDATA_DIR = /Users/gregoriomorelli/Documents/vibra/build/ios/Pods.build/Release-iphonesimulator/Flutter.build/Objects-normal/undefined_arch
               STRINGSDATA_ROOT = /Users/gregoriomorelli/Documents/vibra/build/ios/Pods.build/Release-iphonesimulator/Flutter.build
               STRINGS_FILE_INFOPLIST_RENAME = YES
               STRINGS_FILE_OUTPUT_ENCODING = binary
               STRING_CATALOG_GENERATE_SYMBOLS = NO
               STRIP_BITCODE_FROM_COPIED_FILES = NO
               STRIP_INSTALLED_PRODUCT = NO
               STRIP_STYLE = all
               STRIP_SWIFT_SYMBOLS = YES
               SUPPORTED_DEVICE_FAMILIES = 1,2
               SUPPORTED_PLATFORMS = iphoneos iphonesimulator
               SUPPORTS_TEXT_BASED_API = NO
               SUPPRESS_WARNINGS = NO
               SWIFT_COMPILATION_MODE = wholemodule
               SWIFT_EMIT_CONST_VALUE_PROTOCOLS = AnyResolverProviding AppEntity AppEnum AppExtension AppIntent AppIntentsPackage AppShortcutProviding AppShortcutsProvider AppUnionValue AppUnionValueCasesProviding DynamicOptionsProvider EntityQuery ExtensionPointDefining IntentValueQuery Resolver TransientEntity _AssistantIntentsProvider _GenerativeFunctionExtractable _IntentValueRepresentable
               SWIFT_EMIT_LOC_STRINGS = NO
               SWIFT_ENABLE_EXPLICIT_MODULES = YES
               SWIFT_OPTIMIZATION_LEVEL = -O
               SWIFT_PLATFORM_TARGET_PREFIX = ios
               SWIFT_RESPONSE_FILE_PATH_normal_arm64 = /Users/gregoriomorelli/Documents/vibra/build/ios/Pods.build/Release-iphonesimulator/Flutter.build/Objects-normal/arm64/Flutter.SwiftFileList
               SWIFT_RESPONSE_FILE_PATH_normal_x86_64 = /Users/gregoriomorelli/Documents/vibra/build/ios/Pods.build/Release-iphonesimulator/Flutter.build/Objects-normal/x86_64/Flutter.SwiftFileList
               SWIFT_VERSION = 5.0
               SYMROOT = /Users/gregoriomorelli/Documents/vibra/ios/build
               SYSTEM_ADMIN_APPS_DIR = /Applications/Utilities
               SYSTEM_APPS_DIR = /Applications
               SYSTEM_CORE_SERVICES_DIR = /System/Library/CoreServices
               SYSTEM_DEMOS_DIR = /Applications/Extras
               SYSTEM_DEVELOPER_APPS_DIR = /Applications/Xcode.app/Contents/Developer/Applications
               SYSTEM_DEVELOPER_BIN_DIR = /Applications/Xcode.app/Contents/Developer/usr/bin
               SYSTEM_DEVELOPER_DEMOS_DIR = /Applications/Xcode.app/Contents/Developer/Applications/Utilities/Built Examples
               SYSTEM_DEVELOPER_DIR = /Applications/Xcode.app/Contents/Developer
               SYSTEM_DEVELOPER_DOC_DIR = /Applications/Xcode.app/Contents/Developer/ADC Reference Library
               SYSTEM_DEVELOPER_GRAPHICS_TOOLS_DIR = /Applications/Xcode.app/Contents/Developer/Applications/Graphics Tools
               SYSTEM_DEVELOPER_JAVA_TOOLS_DIR = /Applications/Xcode.app/Contents/Developer/Applications/Java Tools
               SYSTEM_DEVELOPER_PERFORMANCE_TOOLS_DIR = /Applications/Xcode.app/Contents/Developer/Applications/Performance Tools
               SYSTEM_DEVELOPER_RELEASENOTES_DIR = /Applications/Xcode.app/Contents/Developer/ADC Reference Library/releasenotes
               SYSTEM_DEVELOPER_TOOLS = /Applications/Xcode.app/Contents/Developer/Tools
               SYSTEM_DEVELOPER_TOOLS_DOC_DIR = /Applications/Xcode.app/Contents/Developer/ADC Reference Library/documentation/DeveloperTools
               SYSTEM_DEVELOPER_TOOLS_RELEASENOTES_DIR = /Applications/Xcode.app/Contents/Developer/ADC Reference Library/releasenotes/DeveloperTools
               SYSTEM_DEVELOPER_USR_DIR = /Applications/Xcode.app/Contents/Developer/usr
               SYSTEM_DEVELOPER_UTILITIES_DIR = /Applications/Xcode.app/Contents/Developer/Applications/Utilities
               SYSTEM_DEXT_INSTALL_PATH = /System/Library/DriverExtensions
               SYSTEM_DOCUMENTATION_DIR = /Library/Documentation
               SYSTEM_KEXT_INSTALL_PATH = /System/Library/Extensions
               SYSTEM_LIBRARY_DIR = /System/Library
               TAPI_DEMANGLE = YES
               TAPI_ENABLE_PROJECT_HEADERS = NO
               TAPI_LANGUAGE = objective-c
               TAPI_LANGUAGE_STANDARD = compiler-default
               TAPI_USE_SRCROOT = YES
               TAPI_VERIFY_MODE = Pedantic
               TARGETED_DEVICE_FAMILY = 1,2
               TARGETNAME = Flutter
               TARGET_BUILD_DIR = /Users/gregoriomorelli/Documents/vibra/build/ios/Release-iphonesimulator/Flutter
               TARGET_NAME = Flutter
               TARGET_TEMP_DIR = /Users/gregoriomorelli/Documents/vibra/build/ios/Pods.build/Release-iphonesimulator/Flutter.build
               TEMP_DIR = /Users/gregoriomorelli/Documents/vibra/build/ios/Pods.build/Release-iphonesimulator/Flutter.build
               TEMP_FILES_DIR = /Users/gregoriomorelli/Documents/vibra/build/ios/Pods.build/Release-iphonesimulator/Flutter.build
               TEMP_FILE_DIR = /Users/gregoriomorelli/Documents/vibra/build/ios/Pods.build/Release-iphonesimulator/Flutter.build
               TEMP_ROOT = /Users/gregoriomorelli/Documents/vibra/build/ios
               TEMP_SANDBOX_DIR = /Users/gregoriomorelli/Documents/vibra/build/ios/TemporaryTaskSandboxes
               TEST_FRAMEWORK_SEARCH_PATHS =  /Applications/Xcode.app/Contents/Developer/Platforms/iPhoneSimulator.platform/Developer/Library/Frameworks /Applications/Xcode.app/Contents/Developer/Platforms/iPhoneSimulator.platform/Developer/SDKs/iPhoneSimulator26.5.sdk/Developer/Library/Frameworks
               TEST_LIBRARY_SEARCH_PATHS =  /Applications/Xcode.app/Contents/Developer/Platforms/iPhoneSimulator.platform/Developer/usr/lib
               TOOLCHAINS = com.apple.dt.toolchain.XcodeDefault
               TOOLCHAIN_DIR = /Applications/Xcode.app/Contents/Developer/Toolchains/XcodeDefault.xctoolchain
               TREAT_MISSING_BASELINES_AS_TEST_FAILURES = NO
               TREAT_MISSING_SCRIPT_PHASE_OUTPUTS_AS_ERRORS = NO
               TVOS_DEPLOYMENT_TARGET = 26.5
               UID = 501
               UNINSTALLED_PRODUCTS_DIR = /Users/gregoriomorelli/Documents/vibra/build/ios/UninstalledProducts
               UNSTRIPPED_PRODUCT = NO
               USER = gregoriomorelli
               USER_APPS_DIR = /Users/gregoriomorelli/Applications
               USER_LIBRARY_DIR = /Users/gregoriomorelli/Library
               USE_DYNAMIC_NO_PIC = YES
               USE_HEADERMAP = YES
               USE_HEADER_SYMLINKS = NO
               USE_RECURSIVE_SCRIPT_INPUTS_IN_SCRIPT_PHASES = YES
               VALIDATE_DEVELOPMENT_ASSET_PATHS = YES_ERROR
               VALIDATE_PRODUCT = YES
               VALID_ARCHS = arm64 x86_64
               VERBOSE_PBXCP = NO
               VERSION_INFO_BUILDER = gregoriomorelli
               VERSION_INFO_FILE = Flutter_vers.c
               VERSION_INFO_STRING = "@(#)PROGRAM:Flutter  PROJECT:Pods-"
               WATCHOS_DEPLOYMENT_TARGET = 26.5
               WORKSPACE_DIR = /Users/gregoriomorelli/Documents/vibra/ios/Pods/Pods.xcodeproj
               WRAP_ASSET_PACKS_IN_SEPARATE_DIRECTORIES = NO
               XCODE_APP_SUPPORT_DIR = /Applications/Xcode.app/Contents/Developer/Library/Xcode
               XCODE_PRODUCT_BUILD_VERSION = 17F42
               XCODE_VERSION_ACTUAL = 2650
               XCODE_VERSION_MAJOR = 2600
               XCODE_VERSION_MINOR = 2650
               XPCSERVICES_FOLDER_PATH = /XPCServices
               XROS_DEPLOYMENT_TARGET = 26.5
               YACC = yacc
               _DISCOVER_COMMAND_LINE_LINKER_INPUTS = YES
               _DISCOVER_COMMAND_LINE_LINKER_INPUTS_INCLUDE_WL = YES
               _LD_MULTIARCH = YES
               __DIAGNOSE_DEPRECATED_ARCHS = YES
               __ORIGINAL_SDK_DEFINED_LLVM_TARGET_TRIPLE_SYS = ios
               arch = undefined_arch
               variant = normal

           Build settings for action build and target flutter_appauth:
               ACTION = build
               AD_HOC_CODE_SIGNING_ALLOWED = YES
               ALLOW_BUILD_REQUEST_OVERRIDES = NO
               ALLOW_TARGET_PLATFORM_SPECIALIZATION = NO
               ALTERNATE_GROUP = staff
               ALTERNATE_MODE = u+w,go-w,a+rX
               ALTERNATE_OWNER = gregoriomorelli
               ALTERNATIVE_DISTRIBUTION_WEB = NO
               ALWAYS_EMBED_SWIFT_STANDARD_LIBRARIES = NO
               ALWAYS_SEARCH_USER_PATHS = NO
               ALWAYS_USE_SEPARATE_HEADERMAPS = NO
               APPLICATION_EXTENSION_API_ONLY = NO
               APPLY_RULES_IN_COPY_FILES = NO
               APPLY_RULES_IN_COPY_HEADERS = NO
               APP_SHORTCUTS_ENABLE_FLEXIBLE_MATCHING = YES
               ARCHS = arm64 x86_64
               ARCHS_BASE = arm64 x86_64
               ARCHS_STANDARD = arm64 x86_64
               ARCHS_STANDARD_32_64_BIT = arm64 x86_64
               ARCHS_STANDARD_64_BIT = arm64 x86_64
               ARCHS_STANDARD_INCLUDING_64_BIT = arm64 x86_64
               ARCHS_UNIVERSAL_IPHONE_OS = arm64 x86_64
               AUTOMATICALLY_MERGE_DEPENDENCIES = NO
               AUTOMATION_APPLE_EVENTS = NO
               AVAILABLE_PLATFORMS = android appletvos appletvsimulator driverkit freebsd iphoneos iphonesimulator linux macosx none openbsd qnx watchos watchsimulator webassembly xros xrsimulator
               BUILD_ACTIVE_RESOURCES_ONLY = NO
               BUILD_COMPONENTS = headers build
               BUILD_DIR = /Users/gregoriomorelli/Documents/vibra/build/ios
               BUILD_LIBRARY_FOR_DISTRIBUTION = NO
               BUILD_ONLY_KNOWN_LOCALIZATIONS = NO
               BUILD_ROOT = /Users/gregoriomorelli/Documents/vibra/ios/build
               BUILD_STYLE = 
               BUILD_VARIANTS = normal
               BUILT_PRODUCTS_DIR = /Users/gregoriomorelli/Documents/vibra/build/ios/Release-iphonesimulator/flutter_appauth
               BUNDLE_CONTENTS_FOLDER_PATH_deep = Contents/
               BUNDLE_EXECUTABLE_FOLDER_NAME_deep = MacOS
               BUNDLE_EXTENSIONS_FOLDER_PATH = Extensions
               BUNDLE_FORMAT = shallow
               BUNDLE_FRAMEWORKS_FOLDER_PATH = Frameworks
               BUNDLE_PLUGINS_FOLDER_PATH = PlugIns
               BUNDLE_PRIVATE_HEADERS_FOLDER_PATH = PrivateHeaders
               BUNDLE_PUBLIC_HEADERS_FOLDER_PATH = Headers
               CACHE_ROOT = /var/folders/pg/x6t89f2n7s7299rcw8hv33180000gn/C/com.apple.DeveloperTools/26.5-17F42/Xcode
               CCHROOT = /var/folders/pg/x6t89f2n7s7299rcw8hv33180000gn/C/com.apple.DeveloperTools/26.5-17F42/Xcode
               CHMOD = /bin/chmod
               CHOWN = chown
               CLANG_ANALYZER_LOCALIZABILITY_NONLOCALIZED = YES
               CLANG_ANALYZER_NONNULL = YES
               CLANG_ANALYZER_NUMBER_OBJECT_CONVERSION = YES_AGGRESSIVE
               CLANG_CACHE_FINE_GRAINED_OUTPUTS = YES
               CLANG_CXX_LANGUAGE_STANDARD = gnu++14
               CLANG_CXX_LIBRARY = libc++
               CLANG_ENABLE_EXPLICIT_MODULES = YES
               CLANG_ENABLE_MODULES = YES
               CLANG_ENABLE_OBJC_ARC = YES
               CLANG_ENABLE_OBJC_WEAK = NO
               CLANG_MODULES_BUILD_SESSION_FILE = /var/folders/pg/x6t89f2n7s7299rcw8hv33180000gn/C/org.llvm.clang/ModuleCache.noindex/Session.modulevalidation
               CLANG_WARN_BLOCK_CAPTURE_AUTORELEASING = YES
               CLANG_WARN_BOOL_CONVERSION = YES
               CLANG_WARN_COMMA = YES
               CLANG_WARN_CONSTANT_CONVERSION = YES
               CLANG_WARN_DEPRECATED_OBJC_IMPLEMENTATIONS = YES
               CLANG_WARN_DIRECT_OBJC_ISA_USAGE = YES_ERROR
               CLANG_WARN_DOCUMENTATION_COMMENTS = YES
               CLANG_WARN_EMPTY_BODY = YES
               CLANG_WARN_ENUM_CONVERSION = YES
               CLANG_WARN_INFINITE_RECURSION = YES
               CLANG_WARN_INT_CONVERSION = YES
               CLANG_WARN_NON_LITERAL_NULL_CONVERSION = YES
               CLANG_WARN_OBJC_IMPLICIT_RETAIN_SELF = YES
               CLANG_WARN_OBJC_LITERAL_CONVERSION = YES
               CLANG_WARN_OBJC_ROOT_CLASS = YES_ERROR
               CLANG_WARN_QUOTED_INCLUDE_IN_FRAMEWORK_HEADER = NO
               CLANG_WARN_RANGE_LOOP_ANALYSIS = YES
               CLANG_WARN_STRICT_PROTOTYPES = YES
               CLANG_WARN_SUSPICIOUS_MOVE = YES
               CLANG_WARN_UNGUARDED_AVAILABILITY = YES_AGGRESSIVE
               CLANG_WARN_UNREACHABLE_CODE = YES
               CLANG_WARN__DUPLICATE_METHOD_MATCH = YES
               CLASS_FILE_DIR = /Users/gregoriomorelli/Documents/vibra/build/ios/Pods.build/Release-iphonesimulator/flutter_appauth.build/JavaClasses
               CLEAN_PRECOMPS = YES
               CLONE_HEADERS = NO
               CODESIGNING_FOLDER_PATH = /Users/gregoriomorelli/Documents/vibra/build/ios/Release-iphonesimulator/flutter_appauth/flutter_appauth.framework
               CODE_SIGNING_ALLOWED = YES
               CODE_SIGNING_REQUIRED = NO
               CODE_SIGNING_REQUIRES_TEAM = YES
               CODE_SIGN_CONTEXT_CLASS = XCiPhoneSimulatorCodeSignContext
               CODE_SIGN_IDENTITY = -
               CODE_SIGN_INJECT_BASE_ENTITLEMENTS = YES
               COLOR_DIAGNOSTICS = NO
               COMBINE_HIDPI_IMAGES = NO
               COMPILATION_CACHE_CAS_PATH = /var/folders/pg/x6t89f2n7s7299rcw8hv33180000gn/C/com.apple.DeveloperTools/26.5-17F42/Xcode/CompilationCache.noindex
               COMPILATION_CACHE_KEEP_CAS_DIRECTORY = YES
               COMPILER_INDEX_STORE_ENABLE = Default
               COMPOSITE_SDK_DIRS = /Users/gregoriomorelli/Documents/vibra/build/ios/CompositeSDKs
               COMPRESS_PNG_FILES = YES
               CONFIGURATION = Release
               CONFIGURATION_BUILD_DIR = /Users/gregoriomorelli/Documents/vibra/build/ios/Release-iphonesimulator/flutter_appauth
               CONFIGURATION_TEMP_DIR = /Users/gregoriomorelli/Documents/vibra/build/ios/Pods.build/Release-iphonesimulator
               CONTENTS_FOLDER_PATH = flutter_appauth.framework
               CONTENTS_FOLDER_PATH_SHALLOW_BUNDLE_NO = flutter_appauth.framework/A
               CONTENTS_FOLDER_PATH_SHALLOW_BUNDLE_YES = flutter_appauth.framework
               COPYING_PRESERVES_HFS_DATA = NO
               COPY_HEADERS_RUN_UNIFDEF = NO
               COPY_PHASE_STRIP = NO
               CORRESPONDING_DEVICE_PLATFORM_DIR = /Applications/Xcode.app/Contents/Developer/Platforms/iPhoneOS.platform
               CORRESPONDING_DEVICE_PLATFORM_NAME = iphoneos
               CORRESPONDING_DEVICE_SDK_DIR = /Applications/Xcode.app/Contents/Developer/Platforms/iPhoneOS.platform/Developer/SDKs/iPhoneOS26.5.sdk
               CORRESPONDING_DEVICE_SDK_NAME = iphoneos26.5
               CP = /bin/cp
               CREATE_INFOPLIST_SECTION_IN_BINARY = NO
               CURRENT_ARCH = undefined_arch
               CURRENT_PROJECT_VERSION = 1
               CURRENT_VARIANT = normal
               CURRENT_VERSION = Current
               DEAD_CODE_STRIPPING = YES
               DEBUGGING_SYMBOLS = YES
               DEBUG_INFORMATION_FORMAT = dwarf-with-dsym
               DEBUG_INFORMATION_VERSION = compiler-default
               DEFAULT_COMPILER = com.apple.compilers.llvm.clang.1_0
               DEFAULT_DEXT_INSTALL_PATH = /System/Library/DriverExtensions
               DEFAULT_KEXT_INSTALL_PATH = /System/Library/Extensions
               DEFINES_MODULE = YES
               DEPLOYMENT_LOCATION = NO
               DEPLOYMENT_POSTPROCESSING = NO
               DEPLOYMENT_TARGET_SETTING_NAME = IPHONEOS_DEPLOYMENT_TARGET
               DEPLOYMENT_TARGET_SUGGESTED_VALUES = 12.0 12.1 12.2 12.3 12.4 13.0 13.1 13.2 13.3 13.4 13.5 13.6 14.0 14.1 14.2 14.3 14.4 14.5 14.6 14.7 15.0 15.1 15.2 15.3 15.4 15.5 15.6 16.0 16.1 16.2 16.3 16.4 16.5 16.6 17.0 17.1 17.2 17.3 17.4 17.5 17.6 18.0 18.1 18.2 18.3 18.4 18.5 18.6 26.0 26.2 26.3 26.4 26.5
               DERIVED_FILES_DIR = /Users/gregoriomorelli/Documents/vibra/build/ios/Pods.build/Release-iphonesimulator/flutter_appauth.build/DerivedSources
               DERIVED_FILE_DIR = /Users/gregoriomorelli/Documents/vibra/build/ios/Pods.build/Release-iphonesimulator/flutter_appauth.build/DerivedSources
               DERIVED_SOURCES_DIR = /Users/gregoriomorelli/Documents/vibra/build/ios/Pods.build/Release-iphonesimulator/flutter_appauth.build/DerivedSources
               DEVELOPER_APPLICATIONS_DIR = /Applications/Xcode.app/Contents/Developer/Applications
               DEVELOPER_BIN_DIR = /Applications/Xcode.app/Contents/Developer/usr/bin
               DEVELOPER_DIR = /Applications/Xcode.app/Contents/Developer
               DEVELOPER_FRAMEWORKS_DIR = /Applications/Xcode.app/Contents/Developer/Library/Frameworks
               DEVELOPER_FRAMEWORKS_DIR_QUOTED = /Applications/Xcode.app/Contents/Developer/Library/Frameworks
               DEVELOPER_LIBRARY_DIR = /Applications/Xcode.app/Contents/Developer/Library
               DEVELOPER_SDK_DIR = /Applications/Xcode.app/Contents/Developer/Platforms/MacOSX.platform/Developer/SDKs
               DEVELOPER_TOOLS_DIR = /Applications/Xcode.app/Contents/Developer/Tools
               DEVELOPER_USR_DIR = /Applications/Xcode.app/Contents/Developer/usr
               DEVELOPMENT_LANGUAGE = en
               DIAGNOSE_MISSING_TARGET_DEPENDENCIES = YES
               DIFF = /usr/bin/diff
               DOCUMENTATION_FOLDER_PATH = flutter_appauth.framework/en.lproj/Documentation
               DONT_GENERATE_INFOPLIST_FILE = NO
               DRIVERKIT_DEPLOYMENT_TARGET = 25.5
               DSTROOT = /tmp/Pods.dst
               DT_TOOLCHAIN_DIR = /Applications/Xcode.app/Contents/Developer/Toolchains/XcodeDefault.xctoolchain
               DUMP_DEPENDENCIES = NO
               DUMP_DEPENDENCIES_OUTPUT_PATH = /Users/gregoriomorelli/Documents/vibra/build/ios/Pods.build/Release-iphonesimulator/flutter_appauth.build/flutter_appauth-BuildDependencyInfo.json
               DWARF_DSYM_FILE_NAME = flutter_appauth.framework.dSYM
               DWARF_DSYM_FILE_SHOULD_ACCOMPANY_PRODUCT = NO
               DWARF_DSYM_FOLDER_PATH = /Users/gregoriomorelli/Documents/vibra/build/ios/Release-iphonesimulator/flutter_appauth
               DYLIB_COMPATIBILITY_VERSION = 1
               DYLIB_CURRENT_VERSION = 1
               DYLIB_INSTALL_NAME_BASE = @rpath
               DYNAMIC_LIBRARY_EXTENSION = dylib
               EAGER_COMPILATION_ALLOW_SCRIPTS = NO
               EAGER_LINKING = NO
               EFFECTIVE_PLATFORM_NAME = -iphonesimulator
               EFFECTIVE_SWIFT_VERSION = 5
               EMBEDDED_CONTENT_CONTAINS_SWIFT = NO
               EMBED_ASSET_PACKS_IN_PRODUCT_BUNDLE = NO
               ENABLE_APP_SANDBOX = NO
               ENABLE_BITCODE = NO
               ENABLE_CODE_COVERAGE = YES
               ENABLE_COHORT_ARCHS = NO
               ENABLE_CPLUSPLUS_BOUNDS_SAFE_BUFFERS = NO
               ENABLE_C_BOUNDS_SAFETY = NO
               ENABLE_DEFAULT_HEADER_SEARCH_PATHS = YES
               ENABLE_DEFAULT_SEARCH_PATHS = YES
               ENABLE_ENHANCED_SECURITY = NO
               ENABLE_HARDENED_RUNTIME = NO
               ENABLE_HEADER_DEPENDENCIES = YES
               ENABLE_INCOMING_NETWORK_CONNECTIONS = NO
               ENABLE_MODULE_VERIFIER = NO
               ENABLE_NS_ASSERTIONS = NO
               ENABLE_ON_DEMAND_RESOURCES = NO
               ENABLE_OUTGOING_NETWORK_CONNECTIONS = NO
               ENABLE_POINTER_AUTHENTICATION = NO
               ENABLE_RESOURCE_ACCESS_AUDIO_INPUT = NO
               ENABLE_RESOURCE_ACCESS_BLUETOOTH = NO
               ENABLE_RESOURCE_ACCESS_CALENDARS = NO
               ENABLE_RESOURCE_ACCESS_CAMERA = NO
               ENABLE_RESOURCE_ACCESS_CONTACTS = NO
               ENABLE_RESOURCE_ACCESS_LOCATION = NO
               ENABLE_RESOURCE_ACCESS_PHOTO_LIBRARY = NO
               ENABLE_RESOURCE_ACCESS_PRINTING = NO
               ENABLE_RESOURCE_ACCESS_USB = NO
               ENABLE_SDK_IMPORTS = NO
               ENABLE_SECURITY_COMPILER_WARNINGS = NO
               ENABLE_STRICT_OBJC_MSGSEND = YES
               ENABLE_TESTABILITY = NO
               ENABLE_TESTING_SEARCH_PATHS = NO
               ENABLE_USER_SCRIPT_SANDBOXING = NO
               ENFORCE_VALID_ARCHS = YES
               ENTITLEMENTS_DESTINATION = __entitlements
               ENTITLEMENTS_REQUIRED = NO
               EXCLUDED_ARCHS =  i386
               EXCLUDED_INSTALLSRC_SUBDIRECTORY_PATTERNS = .DS_Store .svn .git .hg CVS
               EXCLUDED_RECURSIVE_SEARCH_PATH_SUBDIRECTORIES = *.nib *.lproj *.framework *.gch *.xcode* *.xcassets *.icon (*) .DS_Store CVS .svn .git .hg *.pbproj *.pbxproj
               EXECUTABLES_FOLDER_PATH = flutter_appauth.framework/en.lproj
               EXECUTABLE_FOLDER_PATH = flutter_appauth.framework
               EXECUTABLE_FOLDER_PATH_SHALLOW_BUNDLE_NO = flutter_appauth.framework
               EXECUTABLE_FOLDER_PATH_SHALLOW_BUNDLE_YES = flutter_appauth.framework
               EXECUTABLE_NAME = flutter_appauth
               EXECUTABLE_PATH = flutter_appauth.framework/flutter_appauth
               EXTENSIONS_FOLDER_PATH = flutter_appauth.framework/Extensions
               FILE_LIST = /Users/gregoriomorelli/Documents/vibra/build/ios/Pods.build/Release-iphonesimulator/flutter_appauth.build/Objects/LinkFileList
               FIXED_FILES_DIR = /Users/gregoriomorelli/Documents/vibra/build/ios/Pods.build/Release-iphonesimulator/flutter_appauth.build/FixedFiles
               FRAMEWORKS_FOLDER_PATH = flutter_appauth.framework/Frameworks
               FRAMEWORK_FLAG_PREFIX = -framework
               FRAMEWORK_SEARCH_PATHS = /Users/gregoriomorelli/Documents/vibra/build/ios/Release-iphonesimulator/flutter_appauth "/Users/gregoriomorelli/development/flutter/bin/cache/artifacts/engine/ios-release/Flutter.xcframework/ios-arm64_x86_64-simulator"  "/Users/gregoriomorelli/Documents/vibra/build/ios/Release-iphonesimulator/AppAuth"
               FRAMEWORK_VERSION = A
               FULL_PRODUCT_NAME = flutter_appauth.framework
               FUSE_BUILD_PHASES = YES
               FUSE_BUILD_SCRIPT_PHASES = NO
               GCC3_VERSION = 3.3
               GCC_C_LANGUAGE_STANDARD = gnu11
               GCC_INLINES_ARE_PRIVATE_EXTERN = YES
               GCC_NO_COMMON_BLOCKS = YES
               GCC_OBJC_LEGACY_DISPATCH = YES
               GCC_PFE_FILE_C_DIALECTS = c objective-c c++ objective-c++
               GCC_PREFIX_HEADER = Target Support Files/flutter_appauth/flutter_appauth-prefix.pch
               GCC_PREPROCESSOR_DEFINITIONS = POD_CONFIGURATION_RELEASE=1  COCOAPODS=1
               GCC_TREAT_WARNINGS_AS_ERRORS = NO
               GCC_VERSION = com.apple.compilers.llvm.clang.1_0
               GCC_VERSION_IDENTIFIER = com_apple_compilers_llvm_clang_1_0
               GCC_WARN_64_TO_32_BIT_CONVERSION = YES
               GCC_WARN_ABOUT_RETURN_TYPE = YES_ERROR
               GCC_WARN_UNDECLARED_SELECTOR = YES
               GCC_WARN_UNINITIALIZED_AUTOS = YES_AGGRESSIVE
               GCC_WARN_UNUSED_FUNCTION = YES
               GCC_WARN_UNUSED_VARIABLE = YES
               GENERATED_MODULEMAP_DIR = /Users/gregoriomorelli/Documents/vibra/build/ios/GeneratedModuleMaps-iphonesimulator
               GENERATE_INFOPLIST_FILE = NO
               GENERATE_INTERMEDIATE_TEXT_BASED_STUBS = YES
               GENERATE_PKGINFO_FILE = NO
               GENERATE_PRELINK_OBJECT_FILE = NO
               GENERATE_PROFILING_CODE = NO
               GENERATE_TEXT_BASED_STUBS = NO
               GID = 20
               GROUP = staff
               HEADERMAP_INCLUDES_FLAT_ENTRIES_FOR_TARGET_BEING_BUILT = YES
               HEADERMAP_INCLUDES_FRAMEWORK_ENTRIES_FOR_ALL_PRODUCT_TYPES = YES
               HEADERMAP_INCLUDES_FRAMEWORK_ENTRIES_FOR_TARGETS_NOT_BEING_BUILT = YES
               HEADERMAP_INCLUDES_NONPUBLIC_NONPRIVATE_HEADERS = YES
               HEADERMAP_INCLUDES_PROJECT_HEADERS = YES
               HEADERMAP_USES_FRAMEWORK_PREFIX_ENTRIES = YES
               HEADERMAP_USES_VFS = YES
               HEADER_SEARCH_PATHS = /Users/gregoriomorelli/Documents/vibra/build/ios/Release-iphonesimulator/flutter_appauth/include 
               HOME = /Users/gregoriomorelli
               HOST_ARCH = arm64
               HOST_PLATFORM = macosx
               ICONV = /usr/bin/iconv
               IMPLICIT_DEPENDENCY_DOMAIN = default
               INDEX_STORE_COMPRESS = NO
               INDEX_STORE_ONLY_PROJECT_FILES = NO
               INFOPLIST_ENABLE_CFBUNDLEICONS_MERGE = YES
               INFOPLIST_EXPAND_BUILD_SETTINGS = YES
               INFOPLIST_FILE = Target Support Files/flutter_appauth/flutter_appauth-Info.plist
               INFOPLIST_OUTPUT_FORMAT = binary
               INFOPLIST_PATH = flutter_appauth.framework/Info.plist
               INFOPLIST_PREPROCESS = NO
               INFOSTRINGS_PATH = flutter_appauth.framework/en.lproj/InfoPlist.strings
               INLINE_PRIVATE_FRAMEWORKS = NO
               INSTALLAPI_IGNORE_SKIP_INSTALL = YES
               INSTALLHDRS_COPY_PHASE = NO
               INSTALLHDRS_SCRIPT_PHASE = NO
               INSTALL_DIR = /tmp/Pods.dst/Library/Frameworks
               INSTALL_GROUP = staff
               INSTALL_MODE_FLAG = u+w,go-w,a+rX
               INSTALL_OWNER = gregoriomorelli
               INSTALL_PATH = /Library/Frameworks
               INSTALL_ROOT = /tmp/Pods.dst
               IPHONEOS_DEPLOYMENT_TARGET = 13.0
               IS_UNOPTIMIZED_BUILD = NO
               JAVAC_DEFAULT_FLAGS = -J-Xms64m -J-XX:NewSize=4M -J-Dfile.encoding=UTF8
               JAVA_APP_STUB = /System/Library/Frameworks/JavaVM.framework/Resources/MacOS/JavaApplicationStub
               JAVA_ARCHIVE_CLASSES = YES
               JAVA_ARCHIVE_TYPE = JAR
               JAVA_COMPILER = /usr/bin/javac
               JAVA_FOLDER_PATH = flutter_appauth.framework/Java
               JAVA_FRAMEWORK_RESOURCES_DIRS = Resources
               JAVA_JAR_FLAGS = cv
               JAVA_SOURCE_SUBDIR = .
               JAVA_USE_DEPENDENCIES = YES
               JAVA_ZIP_FLAGS = -urg
               JIKES_DEFAULT_FLAGS = +E +OLDCSO
               KEEP_PRIVATE_EXTERNS = NO
               LD_DEPENDENCY_INFO_FILE = /Users/gregoriomorelli/Documents/vibra/build/ios/Pods.build/Release-iphonesimulator/flutter_appauth.build/Objects-normal/undefined_arch/flutter_appauth_dependency_info.dat
               LD_DYLIB_INSTALL_NAME = @rpath/flutter_appauth.framework/flutter_appauth
               LD_EXPORT_SYMBOLS = YES
               LD_GENERATE_MAP_FILE = NO
               LD_MAP_FILE_PATH = /Users/gregoriomorelli/Documents/vibra/build/ios/Pods.build/Release-iphonesimulator/flutter_appauth.build/flutter_appauth-LinkMap-normal-undefined_arch.txt
               LD_NO_PIE = NO
               LD_QUOTE_LINKER_ARGUMENTS_FOR_COMPILER_DRIVER = YES
               LD_RUNPATH_SEARCH_PATHS =  @executable_path/Frameworks @loader_path/Frameworks
               LD_SHARED_CACHE_ELIGIBLE = Automatic
               LD_WARN_DUPLICATE_LIBRARIES = NO
               LD_WARN_UNUSED_DYLIBS = NO
               LEGACY_DEVELOPER_DIR = /Applications/Xcode.app/Contents/PlugIns/Xcode3Core.ideplugin/Contents/SharedSupport/Developer
               LEX = lex
               LIBRARY_DEXT_INSTALL_PATH = /Library/DriverExtensions
               LIBRARY_FLAG_NOSPACE = YES
               LIBRARY_FLAG_PREFIX = -l
               LIBRARY_KEXT_INSTALL_PATH = /Library/Extensions
               LIBRARY_SEARCH_PATHS = /Users/gregoriomorelli/Documents/vibra/build/ios/Release-iphonesimulator/flutter_appauth 
               LINKER_DISPLAYS_MANGLED_NAMES = NO
               LINK_FILE_LIST_normal_arm64 = /Users/gregoriomorelli/Documents/vibra/build/ios/Pods.build/Release-iphonesimulator/flutter_appauth.build/Objects-normal/arm64/flutter_appauth.LinkFileList
               LINK_FILE_LIST_normal_x86_64 = /Users/gregoriomorelli/Documents/vibra/build/ios/Pods.build/Release-iphonesimulator/flutter_appauth.build/Objects-normal/x86_64/flutter_appauth.LinkFileList
               LINK_OBJC_RUNTIME = YES
               LINK_WITH_STANDARD_LIBRARIES = YES
               LLVM_TARGET_TRIPLE_OS_VERSION = ios13.0
               LLVM_TARGET_TRIPLE_SUFFIX = -simulator
               LLVM_TARGET_TRIPLE_VENDOR = apple
               LM_AUX_CONST_METADATA_LIST_PATH_normal_arm64 = /Users/gregoriomorelli/Documents/vibra/build/ios/Pods.build/Release-iphonesimulator/flutter_appauth.build/Objects-normal/arm64/flutter_appauth.SwiftConstValuesFileList
               LM_AUX_CONST_METADATA_LIST_PATH_normal_x86_64 = /Users/gregoriomorelli/Documents/vibra/build/ios/Pods.build/Release-iphonesimulator/flutter_appauth.build/Objects-normal/x86_64/flutter_appauth.SwiftConstValuesFileList
               LOCALIZATION_EXPORT_SUPPORTED = YES
               LOCALIZATION_PREFERS_STRING_CATALOGS = NO
               LOCALIZED_RESOURCES_FOLDER_PATH = flutter_appauth.framework/en.lproj
               LOCALIZED_STRING_CODE_COMMENTS = NO
               LOCALIZED_STRING_MACRO_NAMES = NSLocalizedString CFCopyLocalizedString
               LOCALIZED_STRING_SWIFTUI_SUPPORT = YES
               LOCAL_ADMIN_APPS_DIR = /Applications/Utilities
               LOCAL_APPS_DIR = /Applications
               LOCAL_DEVELOPER_DIR = /Library/Developer
               LOCAL_LIBRARY_DIR = /Library
               LOCROOT = /Users/gregoriomorelli/Documents/vibra/ios/Pods
               LOCSYMROOT = /Users/gregoriomorelli/Documents/vibra/ios/Pods
               MACH_O_TYPE = mh_dylib
               MACOSX_DEPLOYMENT_TARGET = 26.5
               MAC_OS_X_PRODUCT_BUILD_VERSION = 25F84
               MAC_OS_X_VERSION_ACTUAL = 260502
               MAC_OS_X_VERSION_MAJOR = 260000
               MAC_OS_X_VERSION_MINOR = 260500
               MAKE_MERGEABLE = NO
               MERGEABLE_LIBRARY = NO
               MERGED_BINARY_TYPE = none
               MERGE_LINKED_LIBRARIES = NO
               METAL_LIBRARY_FILE_BASE = default
               METAL_LIBRARY_OUTPUT_DIR = /Users/gregoriomorelli/Documents/vibra/build/ios/Release-iphonesimulator/flutter_appauth/flutter_appauth.framework
               MODULEMAP_FILE = Target Support Files/flutter_appauth/flutter_appauth.modulemap
               MODULES_FOLDER_PATH = flutter_appauth.framework/Modules
               MTL_ENABLE_DEBUG_INFO = NO
               MTL_FAST_MATH = YES
               NATIVE_ARCH = arm64
               NATIVE_ARCH_32_BIT = arm
               NATIVE_ARCH_64_BIT = arm64
               NATIVE_ARCH_ACTUAL = arm64
               NO_COMMON = YES
               OBJC_ABI_VERSION = 2
               OBJECT_FILE_DIR = /Users/gregoriomorelli/Documents/vibra/build/ios/Pods.build/Release-iphonesimulator/flutter_appauth.build/Objects
               OBJECT_FILE_DIR_normal = /Users/gregoriomorelli/Documents/vibra/build/ios/Pods.build/Release-iphonesimulator/flutter_appauth.build/Objects-normal
               OBJROOT = /Users/gregoriomorelli/Documents/vibra/build/ios
               ONLY_ACTIVE_ARCH = NO
               OS = MACOS
               OSAC = /usr/bin/osacompile
               OTHER_LDFLAGS =  -framework "AppAuth" -framework "SafariServices" -weak_framework "AuthenticationServices" -framework Flutter
               PACKAGE_TYPE = com.apple.package-type.wrapper.framework
               PASCAL_STRINGS = YES
               PATH = /Applications/Xcode.app/Contents/SharedFrameworks/SwiftBuild.framework/Versions/A/PlugIns/SWBBuildService.bundle/Contents/PlugIns/SWBUniversalPlatformPlugin.bundle/Contents/Frameworks/SWBUniversalPlatform.framework/Resources:/Applications/Xcode.app/Contents/Developer/Toolchains/XcodeDefault.xctoolchain/usr/bin:/Applications/Xcode.app/Contents/Developer/Toolchains/XcodeDefault.xctoolchain/usr/local/bin:/Applications/Xcode.app/Contents/Developer/Toolchains/XcodeDefault.xctoolchain/usr/libexec:/Applications/Xcode.app/Contents/Developer/Platforms/iPhoneSimulator.platform/usr/bin:/Applications/Xcode.app/Contents/Developer/Platforms/iPhoneSimulator.platform/usr/local/bin:/Applications/Xcode.app/Contents/Developer/Platforms/iPhoneSimulator.platform/Developer/usr/bin:/Applications/Xcode.app/Contents/Developer/Platforms/iPhoneSimulator.platform/Developer/usr/local/bin:/Applications/Xcode.app/Contents/Developer/usr/bin:/Applications/Xcode.app/Contents/Developer/usr/local/bin:/Users/gregoriomorelli/.gemini/antigravity/bin:/Users/gregoriomorelli/Library/Application Support/Antigravity/bin:/opt/homebrew/bin:/opt/homebrew/sbin:/Library/Developer/CommandLineTools/usr/bin:/Users/gregoriomorelli/development/flutter/bin:/Users/gregoriomorelli/Library/Android/sdk/platform-tools:/Users/gregoriomorelli/Library/Android/sdk/cmdline-tools/latest/bin:/Users/gregoriomorelli/Library/Android/sdk/emulator:/Users/gregoriomorelli/.antigravity-ide/antigravity-ide/bin:/Users/gregoriomorelli/.antigravity/antigravity/bin:/Applications/XAMPP/xamppfiles/bin:/Users/gregoriomorelli/develop/flutter/bin:/usr/local/bin:/System/Cryptexes/App/usr/bin:/usr/bin:/bin:/usr/sbin:/sbin:/var/run/com.apple.security.cryptexd/codex.system/bootstrap/usr/local/bin:/var/run/com.apple.security.cryptexd/codex.system/bootstrap/usr/bin:/var/run/com.apple.security.cryptexd/codex.system/bootstrap/usr/appleinternal/bin:/pkg/env/global/bin:/Users/gregoriomorelli/.spicetify
               PATH_PREFIXES_EXCLUDED_FROM_HEADER_DEPENDENCIES = /usr/include /usr/local/include /System/Library/Frameworks /System/Library/PrivateFrameworks /Applications/Xcode.app/Contents/Developer/Headers /Applications/Xcode.app/Contents/Developer/SDKs /Applications/Xcode.app/Contents/Developer/Platforms
               PBDEVELOPMENTPLIST_PATH = flutter_appauth.framework/pbdevelopment.plist
               PER_ARCH_MODULE_FILE_DIR = /Users/gregoriomorelli/Documents/vibra/build/ios/Pods.build/Release-iphonesimulator/flutter_appauth.build/Objects-normal/undefined_arch
               PER_ARCH_OBJECT_FILE_DIR = /Users/gregoriomorelli/Documents/vibra/build/ios/Pods.build/Release-iphonesimulator/flutter_appauth.build/Objects-normal/undefined_arch
               PER_VARIANT_OBJECT_FILE_DIR = /Users/gregoriomorelli/Documents/vibra/build/ios/Pods.build/Release-iphonesimulator/flutter_appauth.build/Objects-normal
               PKGINFO_FILE_PATH = /Users/gregoriomorelli/Documents/vibra/build/ios/Pods.build/Release-iphonesimulator/flutter_appauth.build/PkgInfo
               PKGINFO_PATH = flutter_appauth.framework/PkgInfo
               PLATFORM_DEVELOPER_APPLICATIONS_DIR = /Applications/Xcode.app/Contents/Developer/Platforms/iPhoneSimulator.platform/Developer/Applications
               PLATFORM_DEVELOPER_BIN_DIR = /Applications/Xcode.app/Contents/Developer/Platforms/iPhoneSimulator.platform/Developer/usr/bin
               PLATFORM_DEVELOPER_LIBRARY_DIR = /Applications/Xcode.app/Contents/Developer/Platforms/iPhoneSimulator.platform/Developer/Library
               PLATFORM_DEVELOPER_SDK_DIR = /Applications/Xcode.app/Contents/Developer/Platforms/iPhoneSimulator.platform/Developer/SDKs
               PLATFORM_DEVELOPER_TOOLS_DIR = /Applications/Xcode.app/Contents/Developer/Platforms/iPhoneSimulator.platform/Developer/Tools
               PLATFORM_DEVELOPER_USR_DIR = /Applications/Xcode.app/Contents/Developer/Platforms/iPhoneSimulator.platform/Developer/usr
               PLATFORM_DIR = /Applications/Xcode.app/Contents/Developer/Platforms/iPhoneSimulator.platform
               PLATFORM_DISPLAY_NAME = iOS Simulator
               PLATFORM_FAMILY_NAME = iOS
               PLATFORM_NAME = iphonesimulator
               PLATFORM_PREFERRED_ARCH = x86_64
               PLATFORM_PRODUCT_BUILD_VERSION = 23F73
               PLATFORM_REQUIRES_SWIFT_AUTOLINK_EXTRACT = NO
               PLATFORM_REQUIRES_SWIFT_MODULEWRAP = NO
               PLATFORM_USES_DSYMS = YES
               PLIST_FILE_OUTPUT_FORMAT = binary
               PLUGINS_FOLDER_PATH = flutter_appauth.framework/PlugIns
               PODS_BUILD_DIR = /Users/gregoriomorelli/Documents/vibra/build/ios
               PODS_CONFIGURATION_BUILD_DIR = /Users/gregoriomorelli/Documents/vibra/build/ios/Release-iphonesimulator
               PODS_DEVELOPMENT_LANGUAGE = en
               PODS_ROOT = /Users/gregoriomorelli/Documents/vibra/ios/Pods
               PODS_TARGET_SRCROOT = /Users/gregoriomorelli/Documents/vibra/ios/Pods/../.symlinks/plugins/flutter_appauth/ios
               PODS_XCFRAMEWORKS_BUILD_DIR = /Users/gregoriomorelli/Documents/vibra/build/ios/Release-iphonesimulator/XCFrameworkIntermediates
               PRECOMPS_INCLUDE_HEADERS_FROM_BUILT_PRODUCTS_DIR = YES
               PRECOMP_DESTINATION_DIR = /Users/gregoriomorelli/Documents/vibra/build/ios/Pods.build/Release-iphonesimulator/flutter_appauth.build/PrefixHeaders
               PRIVATE_HEADERS_FOLDER_PATH = flutter_appauth.framework/PrivateHeaders
               PROCESSED_INFOPLIST_PATH = /Users/gregoriomorelli/Documents/vibra/build/ios/Pods.build/Release-iphonesimulator/flutter_appauth.build/Objects-normal/undefined_arch/Processed-Info.plist
               PRODUCT_BUNDLE_IDENTIFIER = org.cocoapods.flutter-appauth
               PRODUCT_BUNDLE_PACKAGE_TYPE = FMWK
               PRODUCT_MODULE_NAME = flutter_appauth
               PRODUCT_NAME = flutter_appauth
               PRODUCT_SETTINGS_PATH = /Users/gregoriomorelli/Documents/vibra/ios/Pods/Target Support Files/flutter_appauth/flutter_appauth-Info.plist
               PRODUCT_TYPE = com.apple.product-type.framework
               PROFILING_CODE = NO
               PROJECT = Pods
               PROJECT_DERIVED_FILE_DIR = /Users/gregoriomorelli/Documents/vibra/build/ios/Pods.build/DerivedSources
               PROJECT_DIR = /Users/gregoriomorelli/Documents/vibra/ios/Pods
               PROJECT_FILE_PATH = /Users/gregoriomorelli/Documents/vibra/ios/Pods/Pods.xcodeproj
               PROJECT_GUID = bfdfe7dc352907fc980b868725387e98
               PROJECT_NAME = Pods
               PROJECT_TEMP_DIR = /Users/gregoriomorelli/Documents/vibra/build/ios/Pods.build
               PROJECT_TEMP_ROOT = /Users/gregoriomorelli/Documents/vibra/build/ios
               PUBLIC_HEADERS_FOLDER_PATH = flutter_appauth.framework/Headers
               RECOMMENDED_IPHONEOS_DEPLOYMENT_TARGET = 15.0
               RECURSIVE_SEARCH_PATHS_FOLLOW_SYMLINKS = YES
               REMOVE_CVS_FROM_RESOURCES = YES
               REMOVE_GIT_FROM_RESOURCES = YES
               REMOVE_HEADERS_FROM_EMBEDDED_BUNDLES = YES
               REMOVE_HG_FROM_RESOURCES = YES
               REMOVE_STATIC_EXECUTABLES_FROM_EMBEDDED_BUNDLES = YES
               REMOVE_SVN_FROM_RESOURCES = YES
               RESCHEDULE_INDEPENDENT_HEADERS_PHASES = YES
               REZ_COLLECTOR_DIR = /Users/gregoriomorelli/Documents/vibra/build/ios/Pods.build/Release-iphonesimulator/flutter_appauth.build/ResourceManagerResources
               REZ_OBJECTS_DIR = /Users/gregoriomorelli/Documents/vibra/build/ios/Pods.build/Release-iphonesimulator/flutter_appauth.build/ResourceManagerResources/Objects
               REZ_SEARCH_PATHS = /Users/gregoriomorelli/Documents/vibra/build/ios/Release-iphonesimulator/flutter_appauth 
               RPATH_ORIGIN = @loader_path
               RUNTIME_EXCEPTION_ALLOW_DYLD_ENVIRONMENT_VARIABLES = NO
               RUNTIME_EXCEPTION_ALLOW_JIT = NO
               RUNTIME_EXCEPTION_ALLOW_UNSIGNED_EXECUTABLE_MEMORY = NO
               RUNTIME_EXCEPTION_DEBUGGING_TOOL = NO
               RUNTIME_EXCEPTION_DISABLE_EXECUTABLE_PAGE_PROTECTION = NO
               RUNTIME_EXCEPTION_DISABLE_LIBRARY_VALIDATION = NO
               SCANNING_PCM_KEEP_CACHE_DIRECTORY = YES
               SCAN_ALL_SOURCE_FILES_FOR_INCLUDES = NO
               SCRIPTS_FOLDER_PATH = flutter_appauth.framework/Scripts
               SDKROOT = /Applications/Xcode.app/Contents/Developer/Platforms/iPhoneSimulator.platform/Developer/SDKs/iPhoneSimulator26.5.sdk
               SDK_DIR = /Applications/Xcode.app/Contents/Developer/Platforms/iPhoneSimulator.platform/Developer/SDKs/iPhoneSimulator26.5.sdk
               SDK_DIR_iphonesimulator = /Applications/Xcode.app/Contents/Developer/Platforms/iPhoneSimulator.platform/Developer/SDKs/iPhoneSimulator26.5.sdk
               SDK_DIR_iphonesimulator26_5 = /Applications/Xcode.app/Contents/Developer/Platforms/iPhoneSimulator.platform/Developer/SDKs/iPhoneSimulator26.5.sdk
               SDK_NAME = iphonesimulator26.5
               SDK_NAMES = iphonesimulator26.5
               SDK_PRODUCT_BUILD_VERSION = 23F73
               SDK_STAT_CACHE_DIR = /var/folders/pg/x6t89f2n7s7299rcw8hv33180000gn/C/com.apple.DeveloperTools/26.5-17F42/Xcode
               SDK_STAT_CACHE_ENABLE = YES
               SDK_STAT_CACHE_PATH = /var/folders/pg/x6t89f2n7s7299rcw8hv33180000gn/C/com.apple.DeveloperTools/26.5-17F42/Xcode/SDKStatCaches.noindex/iphonesimulator26.5-23F73-6cfe768891a92b912361537c460fe42b.sdkstatcache
               SDK_VERSION = 26.5
               SDK_VERSION_ACTUAL = 260500
               SDK_VERSION_MAJOR = 260000
               SDK_VERSION_MINOR = 260500
               SED = /usr/bin/sed
               SEPARATE_STRIP = NO
               SEPARATE_SYMBOL_EDIT = NO
               SET_DIR_MODE_OWNER_GROUP = YES
               SET_FILE_MODE_OWNER_GROUP = NO
               SHALLOW_BUNDLE = YES
               SHALLOW_BUNDLE_TRIPLE = ios-simulator
               SHALLOW_BUNDLE_ios_macabi = NO
               SHALLOW_BUNDLE_macos = NO
               SHARED_DERIVED_FILE_DIR = /Users/gregoriomorelli/Documents/vibra/build/ios/Release-iphonesimulator/flutter_appauth/DerivedSources
               SHARED_FRAMEWORKS_FOLDER_PATH = flutter_appauth.framework/SharedFrameworks
               SHARED_PRECOMPS_DIR = /Users/gregoriomorelli/Documents/vibra/build/ios/SharedPrecompiledHeaders
               SHARED_SUPPORT_FOLDER_PATH = flutter_appauth.framework
               SKIP_INSTALL = YES
               SKIP_MERGEABLE_LIBRARY_BUNDLE_HOOK = NO
               SOURCE_ROOT = /Users/gregoriomorelli/Documents/vibra/ios/Pods
               SRCROOT = /Users/gregoriomorelli/Documents/vibra/ios/Pods
               STRINGSDATA_DIR = /Users/gregoriomorelli/Documents/vibra/build/ios/Pods.build/Release-iphonesimulator/flutter_appauth.build/Objects-normal/undefined_arch
               STRINGSDATA_ROOT = /Users/gregoriomorelli/Documents/vibra/build/ios/Pods.build/Release-iphonesimulator/flutter_appauth.build
               STRINGS_FILE_INFOPLIST_RENAME = YES
               STRINGS_FILE_OUTPUT_ENCODING = binary
               STRING_CATALOG_GENERATE_SYMBOLS = NO
               STRIP_BITCODE_FROM_COPIED_FILES = NO
               STRIP_INSTALLED_PRODUCT = NO
               STRIP_STYLE = debugging
               STRIP_SWIFT_SYMBOLS = YES
               SUPPORTED_DEVICE_FAMILIES = 1,2
               SUPPORTED_PLATFORMS = iphoneos iphonesimulator
               SUPPORTS_TEXT_BASED_API = NO
               SUPPRESS_WARNINGS = NO
               SWIFT_ACTIVE_COMPILATION_CONDITIONS =  
               SWIFT_COMPILATION_MODE = wholemodule
               SWIFT_EMIT_CONST_VALUE_PROTOCOLS = AnyResolverProviding AppEntity AppEnum AppExtension AppIntent AppIntentsPackage AppShortcutProviding AppShortcutsProvider AppUnionValue AppUnionValueCasesProviding DynamicOptionsProvider EntityQuery ExtensionPointDefining IntentValueQuery Resolver TransientEntity _AssistantIntentsProvider _GenerativeFunctionExtractable _IntentValueRepresentable
               SWIFT_EMIT_LOC_STRINGS = NO
               SWIFT_ENABLE_EXPLICIT_MODULES = YES
               SWIFT_INSTALL_MODULE_FOR_DEPLOYMENT = YES
               SWIFT_INSTALL_OBJC_HEADER = YES
               SWIFT_OPTIMIZATION_LEVEL = -O
               SWIFT_PLATFORM_TARGET_PREFIX = ios
               SWIFT_RESPONSE_FILE_PATH_normal_arm64 = /Users/gregoriomorelli/Documents/vibra/build/ios/Pods.build/Release-iphonesimulator/flutter_appauth.build/Objects-normal/arm64/flutter_appauth.SwiftFileList
               SWIFT_RESPONSE_FILE_PATH_normal_x86_64 = /Users/gregoriomorelli/Documents/vibra/build/ios/Pods.build/Release-iphonesimulator/flutter_appauth.build/Objects-normal/x86_64/flutter_appauth.SwiftFileList
               SWIFT_VERSION = 5.0
               SYMROOT = /Users/gregoriomorelli/Documents/vibra/ios/build
               SYSTEM_ADMIN_APPS_DIR = /Applications/Utilities
               SYSTEM_APPS_DIR = /Applications
               SYSTEM_CORE_SERVICES_DIR = /System/Library/CoreServices
               SYSTEM_DEMOS_DIR = /Applications/Extras
               SYSTEM_DEVELOPER_APPS_DIR = /Applications/Xcode.app/Contents/Developer/Applications
               SYSTEM_DEVELOPER_BIN_DIR = /Applications/Xcode.app/Contents/Developer/usr/bin
               SYSTEM_DEVELOPER_DEMOS_DIR = /Applications/Xcode.app/Contents/Developer/Applications/Utilities/Built Examples
               SYSTEM_DEVELOPER_DIR = /Applications/Xcode.app/Contents/Developer
               SYSTEM_DEVELOPER_DOC_DIR = /Applications/Xcode.app/Contents/Developer/ADC Reference Library
               SYSTEM_DEVELOPER_GRAPHICS_TOOLS_DIR = /Applications/Xcode.app/Contents/Developer/Applications/Graphics Tools
               SYSTEM_DEVELOPER_JAVA_TOOLS_DIR = /Applications/Xcode.app/Contents/Developer/Applications/Java Tools
               SYSTEM_DEVELOPER_PERFORMANCE_TOOLS_DIR = /Applications/Xcode.app/Contents/Developer/Applications/Performance Tools
               SYSTEM_DEVELOPER_RELEASENOTES_DIR = /Applications/Xcode.app/Contents/Developer/ADC Reference Library/releasenotes
               SYSTEM_DEVELOPER_TOOLS = /Applications/Xcode.app/Contents/Developer/Tools
               SYSTEM_DEVELOPER_TOOLS_DOC_DIR = /Applications/Xcode.app/Contents/Developer/ADC Reference Library/documentation/DeveloperTools
               SYSTEM_DEVELOPER_TOOLS_RELEASENOTES_DIR = /Applications/Xcode.app/Contents/Developer/ADC Reference Library/releasenotes/DeveloperTools
               SYSTEM_DEVELOPER_USR_DIR = /Applications/Xcode.app/Contents/Developer/usr
               SYSTEM_DEVELOPER_UTILITIES_DIR = /Applications/Xcode.app/Contents/Developer/Applications/Utilities
               SYSTEM_DEXT_INSTALL_PATH = /System/Library/DriverExtensions
               SYSTEM_DOCUMENTATION_DIR = /Library/Documentation
               SYSTEM_EXTENSIONS_FOLDER_PATH = flutter_appauth.framework/SystemExtensions
               SYSTEM_EXTENSIONS_FOLDER_PATH_SHALLOW_BUNDLE_NO = flutter_appauth.framework/Library/SystemExtensions
               SYSTEM_EXTENSIONS_FOLDER_PATH_SHALLOW_BUNDLE_YES = flutter_appauth.framework/SystemExtensions
               SYSTEM_KEXT_INSTALL_PATH = /System/Library/Extensions
               SYSTEM_LIBRARY_DIR = /System/Library
               TAPI_DEMANGLE = YES
               TAPI_ENABLE_PROJECT_HEADERS = NO
               TAPI_LANGUAGE = objective-c
               TAPI_LANGUAGE_STANDARD = compiler-default
               TAPI_USE_SRCROOT = YES
               TAPI_VERIFY_MODE = Pedantic
               TARGETED_DEVICE_FAMILY = 1,2
               TARGETNAME = flutter_appauth
               TARGET_BUILD_DIR = /Users/gregoriomorelli/Documents/vibra/build/ios/Release-iphonesimulator/flutter_appauth
               TARGET_NAME = flutter_appauth
               TARGET_TEMP_DIR = /Users/gregoriomorelli/Documents/vibra/build/ios/Pods.build/Release-iphonesimulator/flutter_appauth.build
               TEMP_DIR = /Users/gregoriomorelli/Documents/vibra/build/ios/Pods.build/Release-iphonesimulator/flutter_appauth.build
               TEMP_FILES_DIR = /Users/gregoriomorelli/Documents/vibra/build/ios/Pods.build/Release-iphonesimulator/flutter_appauth.build
               TEMP_FILE_DIR = /Users/gregoriomorelli/Documents/vibra/build/ios/Pods.build/Release-iphonesimulator/flutter_appauth.build
               TEMP_ROOT = /Users/gregoriomorelli/Documents/vibra/build/ios
               TEMP_SANDBOX_DIR = /Users/gregoriomorelli/Documents/vibra/build/ios/TemporaryTaskSandboxes
               TEST_FRAMEWORK_SEARCH_PATHS =  /Applications/Xcode.app/Contents/Developer/Platforms/iPhoneSimulator.platform/Developer/Library/Frameworks /Applications/Xcode.app/Contents/Developer/Platforms/iPhoneSimulator.platform/Developer/SDKs/iPhoneSimulator26.5.sdk/Developer/Library/Frameworks
               TEST_LIBRARY_SEARCH_PATHS =  /Applications/Xcode.app/Contents/Developer/Platforms/iPhoneSimulator.platform/Developer/usr/lib
               TOOLCHAINS = com.apple.dt.toolchain.XcodeDefault
               TOOLCHAIN_DIR = /Applications/Xcode.app/Contents/Developer/Toolchains/XcodeDefault.xctoolchain
               TREAT_MISSING_BASELINES_AS_TEST_FAILURES = NO
               TREAT_MISSING_SCRIPT_PHASE_OUTPUTS_AS_ERRORS = NO
               TVOS_DEPLOYMENT_TARGET = 26.5
               UID = 501
               UNINSTALLED_PRODUCTS_DIR = /Users/gregoriomorelli/Documents/vibra/build/ios/UninstalledProducts
               UNLOCALIZED_RESOURCES_FOLDER_PATH = flutter_appauth.framework
               UNLOCALIZED_RESOURCES_FOLDER_PATH_SHALLOW_BUNDLE_NO = flutter_appauth.framework/Resources
               UNLOCALIZED_RESOURCES_FOLDER_PATH_SHALLOW_BUNDLE_YES = flutter_appauth.framework
               UNSTRIPPED_PRODUCT = NO
               USER = gregoriomorelli
               USER_APPS_DIR = /Users/gregoriomorelli/Applications
               USER_LIBRARY_DIR = /Users/gregoriomorelli/Library
               USE_DYNAMIC_NO_PIC = YES
               USE_HEADERMAP = YES
               USE_HEADER_SYMLINKS = NO
               USE_RECURSIVE_SCRIPT_INPUTS_IN_SCRIPT_PHASES = YES
               VALIDATE_DEVELOPMENT_ASSET_PATHS = YES_ERROR
               VALIDATE_PRODUCT = YES
               VALID_ARCHS = arm64 x86_64
               VERBOSE_PBXCP = NO
               VERSIONING_SYSTEM = apple-generic
               VERSIONPLIST_PATH = flutter_appauth.framework/version.plist
               VERSIONS_FOLDER_PATH = flutter_appauth.framework
               VERSIONS_FOLDER_PATH_SHALLOW_BUNDLE_NO = flutter_appauth.framework/Versions
               VERSIONS_FOLDER_PATH_SHALLOW_BUNDLE_YES = flutter_appauth.framework
               VERSION_INFO_BUILDER = gregoriomorelli
               VERSION_INFO_FILE = flutter_appauth_vers.c
               VERSION_INFO_STRING = "@(#)PROGRAM:flutter_appauth  PROJECT:Pods-1"
               WATCHOS_DEPLOYMENT_TARGET = 26.5
               WORKSPACE_DIR = /Users/gregoriomorelli/Documents/vibra/ios/Pods/Pods.xcodeproj
               WRAPPER_EXTENSION = framework
               WRAPPER_NAME = flutter_appauth.framework
               WRAPPER_SUFFIX = .framework
               WRAP_ASSET_PACKS_IN_SEPARATE_DIRECTORIES = NO
               XCODE_APP_SUPPORT_DIR = /Applications/Xcode.app/Contents/Developer/Library/Xcode
               XCODE_PRODUCT_BUILD_VERSION = 17F42
               XCODE_VERSION_ACTUAL = 2650
               XCODE_VERSION_MAJOR = 2600
               XCODE_VERSION_MINOR = 2650
               XPCSERVICES_FOLDER_PATH = flutter_appauth.framework/XPCServices
               XROS_DEPLOYMENT_TARGET = 26.5
               YACC = yacc
               _DISCOVER_COMMAND_LINE_LINKER_INPUTS = YES
               _DISCOVER_COMMAND_LINE_LINKER_INPUTS_INCLUDE_WL = YES
               _LD_MULTIARCH = YES
               _WRAPPER_CONTENTS_DIR_SHALLOW_BUNDLE_NO = /Contents
               _WRAPPER_PARENT_PATH_SHALLOW_BUNDLE_NO = /..
               _WRAPPER_RESOURCES_DIR_SHALLOW_BUNDLE_NO = /Resources
               __DIAGNOSE_DEPRECATED_ARCHS = YES
               __ORIGINAL_SDK_DEFINED_LLVM_TARGET_TRIPLE_SYS = ios
               arch = undefined_arch
               variant = normal

           Build settings for action build and target flutter_appauth-flutter_appauth_privacy:
               ACTION = build
               AD_HOC_CODE_SIGNING_ALLOWED = YES
               ALLOW_BUILD_REQUEST_OVERRIDES = NO
               ALLOW_TARGET_PLATFORM_SPECIALIZATION = NO
               ALTERNATE_GROUP = staff
               ALTERNATE_MODE = u+w,go-w,a+rX
               ALTERNATE_OWNER = gregoriomorelli
               ALTERNATIVE_DISTRIBUTION_WEB = NO
               ALWAYS_EMBED_SWIFT_STANDARD_LIBRARIES = NO
               ALWAYS_SEARCH_USER_PATHS = NO
               ALWAYS_USE_SEPARATE_HEADERMAPS = NO
               APPLICATION_EXTENSION_API_ONLY = NO
               APPLY_RULES_IN_COPY_FILES = NO
               APPLY_RULES_IN_COPY_HEADERS = NO
               APP_SHORTCUTS_ENABLE_FLEXIBLE_MATCHING = YES
               ARCHS = arm64 x86_64
               ARCHS_BASE = arm64 x86_64
               ARCHS_STANDARD = arm64 x86_64
               ARCHS_STANDARD_32_64_BIT = arm64 x86_64
               ARCHS_STANDARD_64_BIT = arm64 x86_64
               ARCHS_STANDARD_INCLUDING_64_BIT = arm64 x86_64
               ARCHS_UNIVERSAL_IPHONE_OS = arm64 x86_64
               AUTOMATICALLY_MERGE_DEPENDENCIES = NO
               AUTOMATION_APPLE_EVENTS = NO
               AVAILABLE_PLATFORMS = android appletvos appletvsimulator driverkit freebsd iphoneos iphonesimulator linux macosx none openbsd qnx watchos watchsimulator webassembly xros xrsimulator
               BUILD_ACTIVE_RESOURCES_ONLY = NO
               BUILD_COMPONENTS = headers build
               BUILD_DIR = /Users/gregoriomorelli/Documents/vibra/build/ios
               BUILD_LIBRARY_FOR_DISTRIBUTION = NO
               BUILD_ONLY_KNOWN_LOCALIZATIONS = NO
               BUILD_ROOT = /Users/gregoriomorelli/Documents/vibra/ios/build
               BUILD_STYLE = 
               BUILD_VARIANTS = normal
               BUILT_PRODUCTS_DIR = /Users/gregoriomorelli/Documents/vibra/build/ios/Release-iphonesimulator/flutter_appauth
               BUNDLE_CONTENTS_FOLDER_PATH_deep = Contents/
               BUNDLE_EXECUTABLE_FOLDER_NAME_deep = MacOS
               BUNDLE_EXTENSIONS_FOLDER_PATH = Extensions
               BUNDLE_FORMAT = shallow
               BUNDLE_FRAMEWORKS_FOLDER_PATH = Frameworks
               BUNDLE_PLUGINS_FOLDER_PATH = PlugIns
               BUNDLE_PRIVATE_HEADERS_FOLDER_PATH = PrivateHeaders
               BUNDLE_PUBLIC_HEADERS_FOLDER_PATH = Headers
               CACHE_ROOT = /var/folders/pg/x6t89f2n7s7299rcw8hv33180000gn/C/com.apple.DeveloperTools/26.5-17F42/Xcode
               CCHROOT = /var/folders/pg/x6t89f2n7s7299rcw8hv33180000gn/C/com.apple.DeveloperTools/26.5-17F42/Xcode
               CHMOD = /bin/chmod
               CHOWN = chown
               CLANG_ANALYZER_LOCALIZABILITY_NONLOCALIZED = YES
               CLANG_ANALYZER_NONNULL = YES
               CLANG_ANALYZER_NUMBER_OBJECT_CONVERSION = YES_AGGRESSIVE
               CLANG_CACHE_FINE_GRAINED_OUTPUTS = YES
               CLANG_CXX_LANGUAGE_STANDARD = gnu++14
               CLANG_CXX_LIBRARY = libc++
               CLANG_ENABLE_EXPLICIT_MODULES = YES
               CLANG_ENABLE_MODULES = YES
               CLANG_ENABLE_OBJC_ARC = YES
               CLANG_ENABLE_OBJC_WEAK = YES
               CLANG_MODULES_BUILD_SESSION_FILE = /var/folders/pg/x6t89f2n7s7299rcw8hv33180000gn/C/org.llvm.clang/ModuleCache.noindex/Session.modulevalidation
               CLANG_WARN_BLOCK_CAPTURE_AUTORELEASING = YES
               CLANG_WARN_BOOL_CONVERSION = YES
               CLANG_WARN_COMMA = YES
               CLANG_WARN_CONSTANT_CONVERSION = YES
               CLANG_WARN_DEPRECATED_OBJC_IMPLEMENTATIONS = YES
               CLANG_WARN_DIRECT_OBJC_ISA_USAGE = YES_ERROR
               CLANG_WARN_DOCUMENTATION_COMMENTS = YES
               CLANG_WARN_EMPTY_BODY = YES
               CLANG_WARN_ENUM_CONVERSION = YES
               CLANG_WARN_INFINITE_RECURSION = YES
               CLANG_WARN_INT_CONVERSION = YES
               CLANG_WARN_NON_LITERAL_NULL_CONVERSION = YES
               CLANG_WARN_OBJC_IMPLICIT_RETAIN_SELF = YES
               CLANG_WARN_OBJC_LITERAL_CONVERSION = YES
               CLANG_WARN_OBJC_ROOT_CLASS = YES_ERROR
               CLANG_WARN_QUOTED_INCLUDE_IN_FRAMEWORK_HEADER = NO
               CLANG_WARN_RANGE_LOOP_ANALYSIS = YES
               CLANG_WARN_STRICT_PROTOTYPES = YES
               CLANG_WARN_SUSPICIOUS_MOVE = YES
               CLANG_WARN_UNGUARDED_AVAILABILITY = YES_AGGRESSIVE
               CLANG_WARN_UNREACHABLE_CODE = YES
               CLANG_WARN__DUPLICATE_METHOD_MATCH = YES
               CLASS_FILE_DIR = /Users/gregoriomorelli/Documents/vibra/build/ios/Pods.build/Release-iphonesimulator/flutter_appauth-flutter_appauth_privacy.build/JavaClasses
               CLEAN_PRECOMPS = YES
               CLONE_HEADERS = NO
               CODESIGNING_FOLDER_PATH = /Users/gregoriomorelli/Documents/vibra/build/ios/Release-iphonesimulator/flutter_appauth/flutter_appauth_privacy.bundle
               CODE_SIGNING_ALLOWED = NO
               CODE_SIGNING_IDENTITY = -
               CODE_SIGNING_REQUIRED = NO
               CODE_SIGN_CONTEXT_CLASS = XCiPhoneSimulatorCodeSignContext
               CODE_SIGN_IDENTITY = -
               CODE_SIGN_INJECT_BASE_ENTITLEMENTS = YES
               COLOR_DIAGNOSTICS = NO
               COMBINE_HIDPI_IMAGES = NO
               COMPILATION_CACHE_CAS_PATH = /var/folders/pg/x6t89f2n7s7299rcw8hv33180000gn/C/com.apple.DeveloperTools/26.5-17F42/Xcode/CompilationCache.noindex
               COMPILATION_CACHE_KEEP_CAS_DIRECTORY = YES
               COMPILER_INDEX_STORE_ENABLE = Default
               COMPOSITE_SDK_DIRS = /Users/gregoriomorelli/Documents/vibra/build/ios/CompositeSDKs
               COMPRESS_PNG_FILES = YES
               CONFIGURATION = Release
               CONFIGURATION_BUILD_DIR = /Users/gregoriomorelli/Documents/vibra/build/ios/Release-iphonesimulator/flutter_appauth
               CONFIGURATION_TEMP_DIR = /Users/gregoriomorelli/Documents/vibra/build/ios/Pods.build/Release-iphonesimulator
               CONTENTS_FOLDER_PATH = flutter_appauth_privacy.bundle
               CONTENTS_FOLDER_PATH_SHALLOW_BUNDLE_NO = flutter_appauth_privacy.bundle/Contents
               CONTENTS_FOLDER_PATH_SHALLOW_BUNDLE_YES = flutter_appauth_privacy.bundle
               COPYING_PRESERVES_HFS_DATA = NO
               COPY_HEADERS_RUN_UNIFDEF = NO
               COPY_PHASE_STRIP = NO
               CORRESPONDING_DEVICE_PLATFORM_DIR = /Applications/Xcode.app/Contents/Developer/Platforms/iPhoneOS.platform
               CORRESPONDING_DEVICE_PLATFORM_NAME = iphoneos
               CORRESPONDING_DEVICE_SDK_DIR = /Applications/Xcode.app/Contents/Developer/Platforms/iPhoneOS.platform/Developer/SDKs/iPhoneOS26.5.sdk
               CORRESPONDING_DEVICE_SDK_NAME = iphoneos26.5
               CP = /bin/cp
               CREATE_INFOPLIST_SECTION_IN_BINARY = NO
               CURRENT_ARCH = undefined_arch
               CURRENT_VARIANT = normal
               DEAD_CODE_STRIPPING = YES
               DEBUGGING_SYMBOLS = YES
               DEBUG_INFORMATION_FORMAT = dwarf-with-dsym
               DEBUG_INFORMATION_VERSION = compiler-default
               DEFAULT_COMPILER = com.apple.compilers.llvm.clang.1_0
               DEFAULT_DEXT_INSTALL_PATH = /System/Library/DriverExtensions
               DEFAULT_KEXT_INSTALL_PATH = /System/Library/Extensions
               DEFINES_MODULE = NO
               DEPLOYMENT_LOCATION = NO
               DEPLOYMENT_POSTPROCESSING = NO
               DEPLOYMENT_TARGET_SETTING_NAME = IPHONEOS_DEPLOYMENT_TARGET
               DEPLOYMENT_TARGET_SUGGESTED_VALUES = 12.0 12.1 12.2 12.3 12.4 13.0 13.1 13.2 13.3 13.4 13.5 13.6 14.0 14.1 14.2 14.3 14.4 14.5 14.6 14.7 15.0 15.1 15.2 15.3 15.4 15.5 15.6 16.0 16.1 16.2 16.3 16.4 16.5 16.6 17.0 17.1 17.2 17.3 17.4 17.5 17.6 18.0 18.1 18.2 18.3 18.4 18.5 18.6 26.0 26.2 26.3 26.4 26.5
               DERIVED_FILES_DIR = /Users/gregoriomorelli/Documents/vibra/build/ios/Pods.build/Release-iphonesimulator/flutter_appauth-flutter_appauth_privacy.build/DerivedSources
               DERIVED_FILE_DIR = /Users/gregoriomorelli/Documents/vibra/build/ios/Pods.build/Release-iphonesimulator/flutter_appauth-flutter_appauth_privacy.build/DerivedSources
               DERIVED_SOURCES_DIR = /Users/gregoriomorelli/Documents/vibra/build/ios/Pods.build/Release-iphonesimulator/flutter_appauth-flutter_appauth_privacy.build/DerivedSources
               DEVELOPER_APPLICATIONS_DIR = /Applications/Xcode.app/Contents/Developer/Applications
               DEVELOPER_BIN_DIR = /Applications/Xcode.app/Contents/Developer/usr/bin
               DEVELOPER_DIR = /Applications/Xcode.app/Contents/Developer
               DEVELOPER_FRAMEWORKS_DIR = /Applications/Xcode.app/Contents/Developer/Library/Frameworks
               DEVELOPER_FRAMEWORKS_DIR_QUOTED = /Applications/Xcode.app/Contents/Developer/Library/Frameworks
               DEVELOPER_LIBRARY_DIR = /Applications/Xcode.app/Contents/Developer/Library
               DEVELOPER_SDK_DIR = /Applications/Xcode.app/Contents/Developer/Platforms/MacOSX.platform/Developer/SDKs
               DEVELOPER_TOOLS_DIR = /Applications/Xcode.app/Contents/Developer/Tools
               DEVELOPER_USR_DIR = /Applications/Xcode.app/Contents/Developer/usr
               DEVELOPMENT_LANGUAGE = en
               DIAGNOSE_MISSING_TARGET_DEPENDENCIES = YES
               DIFF = /usr/bin/diff
               DOCUMENTATION_FOLDER_PATH = flutter_appauth_privacy.bundle/en.lproj/Documentation
               DONT_GENERATE_INFOPLIST_FILE = NO
               DRIVERKIT_DEPLOYMENT_TARGET = 25.5
               DSTROOT = /tmp/Pods.dst
               DT_TOOLCHAIN_DIR = /Applications/Xcode.app/Contents/Developer/Toolchains/XcodeDefault.xctoolchain
               DUMP_DEPENDENCIES = NO
               DUMP_DEPENDENCIES_OUTPUT_PATH = /Users/gregoriomorelli/Documents/vibra/build/ios/Pods.build/Release-iphonesimulator/flutter_appauth-flutter_appauth_privacy.build/flutter_appauth-flutter_appauth_privacy-BuildDependencyInfo.json
               DWARF_DSYM_FILE_NAME = flutter_appauth_privacy.bundle.dSYM
               DWARF_DSYM_FILE_SHOULD_ACCOMPANY_PRODUCT = NO
               DWARF_DSYM_FOLDER_PATH = /Users/gregoriomorelli/Documents/vibra/build/ios/Release-iphonesimulator/flutter_appauth
               DYNAMIC_LIBRARY_EXTENSION = dylib
               EAGER_COMPILATION_ALLOW_SCRIPTS = NO
               EAGER_LINKING = NO
               EFFECTIVE_PLATFORM_NAME = -iphonesimulator
               EFFECTIVE_SWIFT_VERSION = 5
               EMBEDDED_CONTENT_CONTAINS_SWIFT = NO
               EMBED_ASSET_PACKS_IN_PRODUCT_BUNDLE = NO
               ENABLE_APP_SANDBOX = NO
               ENABLE_CODE_COVERAGE = YES
               ENABLE_COHORT_ARCHS = NO
               ENABLE_CPLUSPLUS_BOUNDS_SAFE_BUFFERS = NO
               ENABLE_C_BOUNDS_SAFETY = NO
               ENABLE_DEFAULT_HEADER_SEARCH_PATHS = YES
               ENABLE_DEFAULT_SEARCH_PATHS = YES
               ENABLE_ENHANCED_SECURITY = NO
               ENABLE_HARDENED_RUNTIME = NO
               ENABLE_HEADER_DEPENDENCIES = YES
               ENABLE_INCOMING_NETWORK_CONNECTIONS = NO
               ENABLE_NS_ASSERTIONS = NO
               ENABLE_ON_DEMAND_RESOURCES = NO
               ENABLE_OUTGOING_NETWORK_CONNECTIONS = NO
               ENABLE_POINTER_AUTHENTICATION = NO
               ENABLE_RESOURCE_ACCESS_AUDIO_INPUT = NO
               ENABLE_RESOURCE_ACCESS_BLUETOOTH = NO
               ENABLE_RESOURCE_ACCESS_CALENDARS = NO
               ENABLE_RESOURCE_ACCESS_CAMERA = NO
               ENABLE_RESOURCE_ACCESS_CONTACTS = NO
               ENABLE_RESOURCE_ACCESS_LOCATION = NO
               ENABLE_RESOURCE_ACCESS_PHOTO_LIBRARY = NO
               ENABLE_RESOURCE_ACCESS_PRINTING = NO
               ENABLE_RESOURCE_ACCESS_USB = NO
               ENABLE_SDK_IMPORTS = NO
               ENABLE_SECURITY_COMPILER_WARNINGS = NO
               ENABLE_STRICT_OBJC_MSGSEND = YES
               ENABLE_TESTABILITY = NO
               ENABLE_TESTING_SEARCH_PATHS = NO
               ENABLE_USER_SCRIPT_SANDBOXING = NO
               ENFORCE_VALID_ARCHS = YES
               ENTITLEMENTS_DESTINATION = __entitlements
               ENTITLEMENTS_REQUIRED = NO
               EXCLUDED_INSTALLSRC_SUBDIRECTORY_PATTERNS = .DS_Store .svn .git .hg CVS
               EXCLUDED_RECURSIVE_SEARCH_PATH_SUBDIRECTORIES = *.nib *.lproj *.framework *.gch *.xcode* *.xcassets *.icon (*) .DS_Store CVS .svn .git .hg *.pbproj *.pbxproj
               EXECUTABLES_FOLDER_PATH = flutter_appauth_privacy.bundle/Executables
               EXECUTABLE_FOLDER_PATH = flutter_appauth_privacy.bundle
               EXECUTABLE_FOLDER_PATH_SHALLOW_BUNDLE_NO = flutter_appauth_privacy.bundle/MacOS
               EXECUTABLE_FOLDER_PATH_SHALLOW_BUNDLE_YES = flutter_appauth_privacy.bundle
               EXECUTABLE_NAME = flutter_appauth_privacy
               EXECUTABLE_PATH = flutter_appauth_privacy.bundle/flutter_appauth_privacy
               EXPANDED_CODE_SIGN_IDENTITY = -
               EXTENSIONS_FOLDER_PATH = flutter_appauth_privacy.bundle/Extensions
               FILE_LIST = /Users/gregoriomorelli/Documents/vibra/build/ios/Pods.build/Release-iphonesimulator/flutter_appauth-flutter_appauth_privacy.build/Objects/LinkFileList
               FIXED_FILES_DIR = /Users/gregoriomorelli/Documents/vibra/build/ios/Pods.build/Release-iphonesimulator/flutter_appauth-flutter_appauth_privacy.build/FixedFiles
               FRAMEWORKS_FOLDER_PATH = flutter_appauth_privacy.bundle/Frameworks
               FRAMEWORK_FLAG_PREFIX = -framework
               FRAMEWORK_SEARCH_PATHS = /Users/gregoriomorelli/Documents/vibra/build/ios/Release-iphonesimulator/flutter_appauth  "/Users/gregoriomorelli/Documents/vibra/build/ios/Release-iphonesimulator/AppAuth"
               FRAMEWORK_VERSION = A
               FULL_PRODUCT_NAME = flutter_appauth_privacy.bundle
               FUSE_BUILD_PHASES = YES
               FUSE_BUILD_SCRIPT_PHASES = NO
               GCC3_VERSION = 3.3
               GCC_C_LANGUAGE_STANDARD = gnu11
               GCC_INLINES_ARE_PRIVATE_EXTERN = YES
               GCC_NO_COMMON_BLOCKS = YES
               GCC_OBJC_LEGACY_DISPATCH = YES
               GCC_PFE_FILE_C_DIALECTS = c objective-c c++ objective-c++
               GCC_PREPROCESSOR_DEFINITIONS = POD_CONFIGURATION_RELEASE=1  COCOAPODS=1
               GCC_TREAT_WARNINGS_AS_ERRORS = NO
               GCC_VERSION = com.apple.compilers.llvm.clang.1_0
               GCC_VERSION_IDENTIFIER = com_apple_compilers_llvm_clang_1_0
               GCC_WARN_64_TO_32_BIT_CONVERSION = YES
               GCC_WARN_ABOUT_RETURN_TYPE = YES_ERROR
               GCC_WARN_UNDECLARED_SELECTOR = YES
               GCC_WARN_UNINITIALIZED_AUTOS = YES_AGGRESSIVE
               GCC_WARN_UNUSED_FUNCTION = YES
               GCC_WARN_UNUSED_VARIABLE = YES
               GENERATED_MODULEMAP_DIR = /Users/gregoriomorelli/Documents/vibra/build/ios/GeneratedModuleMaps-iphonesimulator
               GENERATE_INFOPLIST_FILE = NO
               GENERATE_INTERMEDIATE_TEXT_BASED_STUBS = YES
               GENERATE_PKGINFO_FILE = NO
               GENERATE_PRELINK_OBJECT_FILE = NO
               GENERATE_PROFILING_CODE = NO
               GENERATE_TEXT_BASED_STUBS = NO
               GID = 20
               GROUP = staff
               HEADERMAP_INCLUDES_FLAT_ENTRIES_FOR_TARGET_BEING_BUILT = YES
               HEADERMAP_INCLUDES_FRAMEWORK_ENTRIES_FOR_ALL_PRODUCT_TYPES = YES
               HEADERMAP_INCLUDES_FRAMEWORK_ENTRIES_FOR_TARGETS_NOT_BEING_BUILT = YES
               HEADERMAP_INCLUDES_NONPUBLIC_NONPRIVATE_HEADERS = YES
               HEADERMAP_INCLUDES_PROJECT_HEADERS = YES
               HEADERMAP_USES_FRAMEWORK_PREFIX_ENTRIES = YES
               HEADERMAP_USES_VFS = NO
               HEADER_SEARCH_PATHS = /Users/gregoriomorelli/Documents/vibra/build/ios/Release-iphonesimulator/flutter_appauth/include 
               HOME = /Users/gregoriomorelli
               HOST_ARCH = arm64
               HOST_PLATFORM = macosx
               IBSC_MODULE = flutter_appauth
               ICONV = /usr/bin/iconv
               IMPLICIT_DEPENDENCY_DOMAIN = default
               INDEX_STORE_COMPRESS = NO
               INDEX_STORE_ONLY_PROJECT_FILES = NO
               INFOPLIST_ENABLE_CFBUNDLEICONS_MERGE = YES
               INFOPLIST_EXPAND_BUILD_SETTINGS = YES
               INFOPLIST_FILE = Target Support Files/flutter_appauth/ResourceBundle-flutter_appauth_privacy-flutter_appauth-Info.plist
               INFOPLIST_OUTPUT_FORMAT = binary
               INFOPLIST_PATH = flutter_appauth_privacy.bundle/Info.plist
               INFOPLIST_PREPROCESS = NO
               INFOSTRINGS_PATH = flutter_appauth_privacy.bundle/en.lproj/InfoPlist.strings
               INLINE_PRIVATE_FRAMEWORKS = NO
               INSTALLAPI_IGNORE_SKIP_INSTALL = YES
               INSTALLHDRS_COPY_PHASE = NO
               INSTALLHDRS_SCRIPT_PHASE = NO
               INSTALL_DIR = /tmp/Pods.dst
               INSTALL_GROUP = staff
               INSTALL_MODE_FLAG = u+w,go-w,a+rX
               INSTALL_OWNER = gregoriomorelli
               INSTALL_ROOT = /tmp/Pods.dst
               IPHONEOS_DEPLOYMENT_TARGET = 13.0
               IS_UNOPTIMIZED_BUILD = NO
               JAVAC_DEFAULT_FLAGS = -J-Xms64m -J-XX:NewSize=4M -J-Dfile.encoding=UTF8
               JAVA_APP_STUB = /System/Library/Frameworks/JavaVM.framework/Resources/MacOS/JavaApplicationStub
               JAVA_ARCHIVE_CLASSES = YES
               JAVA_ARCHIVE_TYPE = JAR
               JAVA_COMPILER = /usr/bin/javac
               JAVA_FOLDER_PATH = flutter_appauth_privacy.bundle/Java
               JAVA_FRAMEWORK_RESOURCES_DIRS = Resources
               JAVA_JAR_FLAGS = cv
               JAVA_SOURCE_SUBDIR = .
               JAVA_USE_DEPENDENCIES = YES
               JAVA_ZIP_FLAGS = -urg
               JIKES_DEFAULT_FLAGS = +E +OLDCSO
               KEEP_PRIVATE_EXTERNS = NO
               LD_DEPENDENCY_INFO_FILE = /Users/gregoriomorelli/Documents/vibra/build/ios/Pods.build/Release-iphonesimulator/flutter_appauth-flutter_appauth_privacy.build/Objects-normal/undefined_arch/flutter_appauth_privacy_dependency_info.dat
               LD_EXPORT_SYMBOLS = YES
               LD_GENERATE_MAP_FILE = NO
               LD_MAP_FILE_PATH = /Users/gregoriomorelli/Documents/vibra/build/ios/Pods.build/Release-iphonesimulator/flutter_appauth-flutter_appauth_privacy.build/flutter_appauth_privacy-LinkMap-normal-undefined_arch.txt
               LD_NO_PIE = NO
               LD_QUOTE_LINKER_ARGUMENTS_FOR_COMPILER_DRIVER = YES
               LD_SHARED_CACHE_ELIGIBLE = Automatic
               LD_WARN_DUPLICATE_LIBRARIES = NO
               LD_WARN_UNUSED_DYLIBS = NO
               LEGACY_DEVELOPER_DIR = /Applications/Xcode.app/Contents/PlugIns/Xcode3Core.ideplugin/Contents/SharedSupport/Developer
               LEX = lex
               LIBRARY_DEXT_INSTALL_PATH = /Library/DriverExtensions
               LIBRARY_FLAG_NOSPACE = YES
               LIBRARY_FLAG_PREFIX = -l
               LIBRARY_KEXT_INSTALL_PATH = /Library/Extensions
               LIBRARY_SEARCH_PATHS = /Users/gregoriomorelli/Documents/vibra/build/ios/Release-iphonesimulator/flutter_appauth 
               LINKER_DISPLAYS_MANGLED_NAMES = NO
               LINK_FILE_LIST_normal_arm64 = /Users/gregoriomorelli/Documents/vibra/build/ios/Pods.build/Release-iphonesimulator/flutter_appauth-flutter_appauth_privacy.build/Objects-normal/arm64/flutter_appauth_privacy.LinkFileList
               LINK_FILE_LIST_normal_x86_64 = /Users/gregoriomorelli/Documents/vibra/build/ios/Pods.build/Release-iphonesimulator/flutter_appauth-flutter_appauth_privacy.build/Objects-normal/x86_64/flutter_appauth_privacy.LinkFileList
               LINK_OBJC_RUNTIME = YES
               LINK_WITH_STANDARD_LIBRARIES = YES
               LLVM_TARGET_TRIPLE_OS_VERSION = ios13.0
               LLVM_TARGET_TRIPLE_SUFFIX = -simulator
               LLVM_TARGET_TRIPLE_VENDOR = apple
               LM_AUX_CONST_METADATA_LIST_PATH_normal_arm64 = /Users/gregoriomorelli/Documents/vibra/build/ios/Pods.build/Release-iphonesimulator/flutter_appauth-flutter_appauth_privacy.build/Objects-normal/arm64/flutter_appauth_privacy.SwiftConstValuesFileList
               LM_AUX_CONST_METADATA_LIST_PATH_normal_x86_64 = /Users/gregoriomorelli/Documents/vibra/build/ios/Pods.build/Release-iphonesimulator/flutter_appauth-flutter_appauth_privacy.build/Objects-normal/x86_64/flutter_appauth_privacy.SwiftConstValuesFileList
               LOCALIZATION_EXPORT_SUPPORTED = YES
               LOCALIZATION_PREFERS_STRING_CATALOGS = NO
               LOCALIZED_RESOURCES_FOLDER_PATH = flutter_appauth_privacy.bundle/en.lproj
               LOCALIZED_STRING_CODE_COMMENTS = NO
               LOCALIZED_STRING_MACRO_NAMES = NSLocalizedString CFCopyLocalizedString
               LOCALIZED_STRING_SWIFTUI_SUPPORT = YES
               LOCAL_ADMIN_APPS_DIR = /Applications/Utilities
               LOCAL_APPS_DIR = /Applications
               LOCAL_DEVELOPER_DIR = /Library/Developer
               LOCAL_LIBRARY_DIR = /Library
               LOCROOT = /Users/gregoriomorelli/Documents/vibra/ios/Pods
               LOCSYMROOT = /Users/gregoriomorelli/Documents/vibra/ios/Pods
               MACH_O_TYPE = mh_bundle
               MACOSX_DEPLOYMENT_TARGET = 26.5
               MAC_OS_X_PRODUCT_BUILD_VERSION = 25F84
               MAC_OS_X_VERSION_ACTUAL = 260502
               MAC_OS_X_VERSION_MAJOR = 260000
               MAC_OS_X_VERSION_MINOR = 260500
               MAKE_MERGEABLE = NO
               MERGEABLE_LIBRARY = NO
               MERGED_BINARY_TYPE = none
               MERGE_LINKED_LIBRARIES = NO
               METAL_LIBRARY_FILE_BASE = default
               METAL_LIBRARY_OUTPUT_DIR = /Users/gregoriomorelli/Documents/vibra/build/ios/Release-iphonesimulator/flutter_appauth/flutter_appauth_privacy.bundle
               MODULES_FOLDER_PATH = flutter_appauth_privacy.bundle/Modules
               MTL_ENABLE_DEBUG_INFO = NO
               MTL_FAST_MATH = YES
               NATIVE_ARCH = arm64
               NATIVE_ARCH_32_BIT = arm
               NATIVE_ARCH_64_BIT = arm64
               NATIVE_ARCH_ACTUAL = arm64
               NO_COMMON = YES
               OBJC_ABI_VERSION = 2
               OBJECT_FILE_DIR = /Users/gregoriomorelli/Documents/vibra/build/ios/Pods.build/Release-iphonesimulator/flutter_appauth-flutter_appauth_privacy.build/Objects
               OBJECT_FILE_DIR_normal = /Users/gregoriomorelli/Documents/vibra/build/ios/Pods.build/Release-iphonesimulator/flutter_appauth-flutter_appauth_privacy.build/Objects-normal
               OBJROOT = /Users/gregoriomorelli/Documents/vibra/build/ios
               ONLY_ACTIVE_ARCH = NO
               OS = MACOS
               OSAC = /usr/bin/osacompile
               OTHER_LDFLAGS =  -framework "AppAuth" -framework "SafariServices" -weak_framework "AuthenticationServices"
               PACKAGE_TYPE = com.apple.package-type.wrapper
               PASCAL_STRINGS = YES
               PATH = /Applications/Xcode.app/Contents/SharedFrameworks/SwiftBuild.framework/Versions/A/PlugIns/SWBBuildService.bundle/Contents/PlugIns/SWBUniversalPlatformPlugin.bundle/Contents/Frameworks/SWBUniversalPlatform.framework/Resources:/Applications/Xcode.app/Contents/Developer/Toolchains/XcodeDefault.xctoolchain/usr/bin:/Applications/Xcode.app/Contents/Developer/Toolchains/XcodeDefault.xctoolchain/usr/local/bin:/Applications/Xcode.app/Contents/Developer/Toolchains/XcodeDefault.xctoolchain/usr/libexec:/Applications/Xcode.app/Contents/Developer/Platforms/iPhoneSimulator.platform/usr/bin:/Applications/Xcode.app/Contents/Developer/Platforms/iPhoneSimulator.platform/usr/local/bin:/Applications/Xcode.app/Contents/Developer/Platforms/iPhoneSimulator.platform/Developer/usr/bin:/Applications/Xcode.app/Contents/Developer/Platforms/iPhoneSimulator.platform/Developer/usr/local/bin:/Applications/Xcode.app/Contents/Developer/usr/bin:/Applications/Xcode.app/Contents/Developer/usr/local/bin:/Users/gregoriomorelli/.gemini/antigravity/bin:/Users/gregoriomorelli/Library/Application Support/Antigravity/bin:/opt/homebrew/bin:/opt/homebrew/sbin:/Library/Developer/CommandLineTools/usr/bin:/Users/gregoriomorelli/development/flutter/bin:/Users/gregoriomorelli/Library/Android/sdk/platform-tools:/Users/gregoriomorelli/Library/Android/sdk/cmdline-tools/latest/bin:/Users/gregoriomorelli/Library/Android/sdk/emulator:/Users/gregoriomorelli/.antigravity-ide/antigravity-ide/bin:/Users/gregoriomorelli/.antigravity/antigravity/bin:/Applications/XAMPP/xamppfiles/bin:/Users/gregoriomorelli/develop/flutter/bin:/usr/local/bin:/System/Cryptexes/App/usr/bin:/usr/bin:/bin:/usr/sbin:/sbin:/var/run/com.apple.security.cryptexd/codex.system/bootstrap/usr/local/bin:/var/run/com.apple.security.cryptexd/codex.system/bootstrap/usr/bin:/var/run/com.apple.security.cryptexd/codex.system/bootstrap/usr/appleinternal/bin:/pkg/env/global/bin:/Users/gregoriomorelli/.spicetify
               PATH_PREFIXES_EXCLUDED_FROM_HEADER_DEPENDENCIES = /usr/include /usr/local/include /System/Library/Frameworks /System/Library/PrivateFrameworks /Applications/Xcode.app/Contents/Developer/Headers /Applications/Xcode.app/Contents/Developer/SDKs /Applications/Xcode.app/Contents/Developer/Platforms
               PBDEVELOPMENTPLIST_PATH = flutter_appauth_privacy.bundle/pbdevelopment.plist
               PER_ARCH_MODULE_FILE_DIR = /Users/gregoriomorelli/Documents/vibra/build/ios/Pods.build/Release-iphonesimulator/flutter_appauth-flutter_appauth_privacy.build/Objects-normal/undefined_arch
               PER_ARCH_OBJECT_FILE_DIR = /Users/gregoriomorelli/Documents/vibra/build/ios/Pods.build/Release-iphonesimulator/flutter_appauth-flutter_appauth_privacy.build/Objects-normal/undefined_arch
               PER_VARIANT_OBJECT_FILE_DIR = /Users/gregoriomorelli/Documents/vibra/build/ios/Pods.build/Release-iphonesimulator/flutter_appauth-flutter_appauth_privacy.build/Objects-normal
               PKGINFO_FILE_PATH = /Users/gregoriomorelli/Documents/vibra/build/ios/Pods.build/Release-iphonesimulator/flutter_appauth-flutter_appauth_privacy.build/PkgInfo
               PKGINFO_PATH = flutter_appauth_privacy.bundle/PkgInfo
               PLATFORM_DEVELOPER_APPLICATIONS_DIR = /Applications/Xcode.app/Contents/Developer/Platforms/iPhoneSimulator.platform/Developer/Applications
               PLATFORM_DEVELOPER_BIN_DIR = /Applications/Xcode.app/Contents/Developer/Platforms/iPhoneSimulator.platform/Developer/usr/bin
               PLATFORM_DEVELOPER_LIBRARY_DIR = /Applications/Xcode.app/Contents/Developer/Platforms/iPhoneSimulator.platform/Developer/Library
               PLATFORM_DEVELOPER_SDK_DIR = /Applications/Xcode.app/Contents/Developer/Platforms/iPhoneSimulator.platform/Developer/SDKs
               PLATFORM_DEVELOPER_TOOLS_DIR = /Applications/Xcode.app/Contents/Developer/Platforms/iPhoneSimulator.platform/Developer/Tools
               PLATFORM_DEVELOPER_USR_DIR = /Applications/Xcode.app/Contents/Developer/Platforms/iPhoneSimulator.platform/Developer/usr
               PLATFORM_DIR = /Applications/Xcode.app/Contents/Developer/Platforms/iPhoneSimulator.platform
               PLATFORM_DISPLAY_NAME = iOS Simulator
               PLATFORM_FAMILY_NAME = iOS
               PLATFORM_NAME = iphonesimulator
               PLATFORM_PREFERRED_ARCH = x86_64
               PLATFORM_PRODUCT_BUILD_VERSION = 23F73
               PLATFORM_REQUIRES_SWIFT_AUTOLINK_EXTRACT = NO
               PLATFORM_REQUIRES_SWIFT_MODULEWRAP = NO
               PLATFORM_USES_DSYMS = YES
               PLIST_FILE_OUTPUT_FORMAT = binary
               PLUGINS_FOLDER_PATH = flutter_appauth_privacy.bundle/PlugIns
               PODS_BUILD_DIR = /Users/gregoriomorelli/Documents/vibra/build/ios
               PODS_CONFIGURATION_BUILD_DIR = /Users/gregoriomorelli/Documents/vibra/build/ios/Release-iphonesimulator
               PODS_DEVELOPMENT_LANGUAGE = en
               PODS_ROOT = /Users/gregoriomorelli/Documents/vibra/ios/Pods
               PODS_TARGET_SRCROOT = /Users/gregoriomorelli/Documents/vibra/ios/Pods/../.symlinks/plugins/flutter_appauth/ios
               PODS_XCFRAMEWORKS_BUILD_DIR = /Users/gregoriomorelli/Documents/vibra/build/ios/Release-iphonesimulator/XCFrameworkIntermediates
               PRECOMPS_INCLUDE_HEADERS_FROM_BUILT_PRODUCTS_DIR = YES
               PRECOMP_DESTINATION_DIR = /Users/gregoriomorelli/Documents/vibra/build/ios/Pods.build/Release-iphonesimulator/flutter_appauth-flutter_appauth_privacy.build/PrefixHeaders
               PRIVATE_HEADERS_FOLDER_PATH = flutter_appauth_privacy.bundle/PrivateHeaders
               PROCESSED_INFOPLIST_PATH = /Users/gregoriomorelli/Documents/vibra/build/ios/Pods.build/Release-iphonesimulator/flutter_appauth-flutter_appauth_privacy.build/Objects-normal/undefined_arch/Processed-Info.plist
               PRODUCT_BUNDLE_IDENTIFIER = org.cocoapods.flutter-appauth-privacy
               PRODUCT_BUNDLE_PACKAGE_TYPE = BNDL
               PRODUCT_MODULE_NAME = flutter_appauth_privacy
               PRODUCT_NAME = flutter_appauth_privacy
               PRODUCT_SETTINGS_PATH = /Users/gregoriomorelli/Documents/vibra/ios/Pods/Target Support Files/flutter_appauth/ResourceBundle-flutter_appauth_privacy-flutter_appauth-Info.plist
               PRODUCT_TYPE = com.apple.product-type.bundle
               PROFILING_CODE = NO
               PROJECT = Pods
               PROJECT_DERIVED_FILE_DIR = /Users/gregoriomorelli/Documents/vibra/build/ios/Pods.build/DerivedSources
               PROJECT_DIR = /Users/gregoriomorelli/Documents/vibra/ios/Pods
               PROJECT_FILE_PATH = /Users/gregoriomorelli/Documents/vibra/ios/Pods/Pods.xcodeproj
               PROJECT_GUID = bfdfe7dc352907fc980b868725387e98
               PROJECT_NAME = Pods
               PROJECT_TEMP_DIR = /Users/gregoriomorelli/Documents/vibra/build/ios/Pods.build
               PROJECT_TEMP_ROOT = /Users/gregoriomorelli/Documents/vibra/build/ios
               PUBLIC_HEADERS_FOLDER_PATH = flutter_appauth_privacy.bundle/Headers
               RECOMMENDED_IPHONEOS_DEPLOYMENT_TARGET = 15.0
               RECURSIVE_SEARCH_PATHS_FOLLOW_SYMLINKS = YES
               REMOVE_CVS_FROM_RESOURCES = YES
               REMOVE_GIT_FROM_RESOURCES = YES
               REMOVE_HEADERS_FROM_EMBEDDED_BUNDLES = YES
               REMOVE_HG_FROM_RESOURCES = YES
               REMOVE_STATIC_EXECUTABLES_FROM_EMBEDDED_BUNDLES = YES
               REMOVE_SVN_FROM_RESOURCES = YES
               RESCHEDULE_INDEPENDENT_HEADERS_PHASES = YES
               REZ_COLLECTOR_DIR = /Users/gregoriomorelli/Documents/vibra/build/ios/Pods.build/Release-iphonesimulator/flutter_appauth-flutter_appauth_privacy.build/ResourceManagerResources
               REZ_OBJECTS_DIR = /Users/gregoriomorelli/Documents/vibra/build/ios/Pods.build/Release-iphonesimulator/flutter_appauth-flutter_appauth_privacy.build/ResourceManagerResources/Objects
               REZ_SEARCH_PATHS = /Users/gregoriomorelli/Documents/vibra/build/ios/Release-iphonesimulator/flutter_appauth 
               RPATH_ORIGIN = @loader_path
               RUNTIME_EXCEPTION_ALLOW_DYLD_ENVIRONMENT_VARIABLES = NO
               RUNTIME_EXCEPTION_ALLOW_JIT = NO
               RUNTIME_EXCEPTION_ALLOW_UNSIGNED_EXECUTABLE_MEMORY = NO
               RUNTIME_EXCEPTION_DEBUGGING_TOOL = NO
               RUNTIME_EXCEPTION_DISABLE_EXECUTABLE_PAGE_PROTECTION = NO
               RUNTIME_EXCEPTION_DISABLE_LIBRARY_VALIDATION = NO
               SCANNING_PCM_KEEP_CACHE_DIRECTORY = YES
               SCAN_ALL_SOURCE_FILES_FOR_INCLUDES = NO
               SCRIPTS_FOLDER_PATH = flutter_appauth_privacy.bundle/Scripts
               SDKROOT = /Applications/Xcode.app/Contents/Developer/Platforms/iPhoneSimulator.platform/Developer/SDKs/iPhoneSimulator26.5.sdk
               SDK_DIR = /Applications/Xcode.app/Contents/Developer/Platforms/iPhoneSimulator.platform/Developer/SDKs/iPhoneSimulator26.5.sdk
               SDK_DIR_iphonesimulator = /Applications/Xcode.app/Contents/Developer/Platforms/iPhoneSimulator.platform/Developer/SDKs/iPhoneSimulator26.5.sdk
               SDK_DIR_iphonesimulator26_5 = /Applications/Xcode.app/Contents/Developer/Platforms/iPhoneSimulator.platform/Developer/SDKs/iPhoneSimulator26.5.sdk
               SDK_NAME = iphonesimulator26.5
               SDK_NAMES = iphonesimulator26.5
               SDK_PRODUCT_BUILD_VERSION = 23F73
               SDK_STAT_CACHE_DIR = /var/folders/pg/x6t89f2n7s7299rcw8hv33180000gn/C/com.apple.DeveloperTools/26.5-17F42/Xcode
               SDK_STAT_CACHE_ENABLE = YES
               SDK_STAT_CACHE_PATH = /var/folders/pg/x6t89f2n7s7299rcw8hv33180000gn/C/com.apple.DeveloperTools/26.5-17F42/Xcode/SDKStatCaches.noindex/iphonesimulator26.5-23F73-6cfe768891a92b912361537c460fe42b.sdkstatcache
               SDK_VERSION = 26.5
               SDK_VERSION_ACTUAL = 260500
               SDK_VERSION_MAJOR = 260000
               SDK_VERSION_MINOR = 260500
               SED = /usr/bin/sed
               SEPARATE_STRIP = NO
               SEPARATE_SYMBOL_EDIT = NO
               SET_DIR_MODE_OWNER_GROUP = YES
               SET_FILE_MODE_OWNER_GROUP = NO
               SHALLOW_BUNDLE = YES
               SHALLOW_BUNDLE_TRIPLE = ios-simulator
               SHALLOW_BUNDLE_ios_macabi = NO
               SHALLOW_BUNDLE_macos = NO
               SHARED_DERIVED_FILE_DIR = /Users/gregoriomorelli/Documents/vibra/build/ios/Release-iphonesimulator/flutter_appauth/DerivedSources
               SHARED_FRAMEWORKS_FOLDER_PATH = flutter_appauth_privacy.bundle/SharedFrameworks
               SHARED_PRECOMPS_DIR = /Users/gregoriomorelli/Documents/vibra/build/ios/SharedPrecompiledHeaders
               SHARED_SUPPORT_FOLDER_PATH = flutter_appauth_privacy.bundle/SharedSupport
               SKIP_INSTALL = YES
               SKIP_MERGEABLE_LIBRARY_BUNDLE_HOOK = NO
               SOURCE_ROOT = /Users/gregoriomorelli/Documents/vibra/ios/Pods
               SRCROOT = /Users/gregoriomorelli/Documents/vibra/ios/Pods
               STRINGSDATA_DIR = /Users/gregoriomorelli/Documents/vibra/build/ios/Pods.build/Release-iphonesimulator/flutter_appauth-flutter_appauth_privacy.build/Objects-normal/undefined_arch
               STRINGSDATA_ROOT = /Users/gregoriomorelli/Documents/vibra/build/ios/Pods.build/Release-iphonesimulator/flutter_appauth-flutter_appauth_privacy.build
               STRINGS_FILE_INFOPLIST_RENAME = YES
               STRINGS_FILE_OUTPUT_ENCODING = binary
               STRING_CATALOG_GENERATE_SYMBOLS = NO
               STRIP_BITCODE_FROM_COPIED_FILES = NO
               STRIP_INSTALLED_PRODUCT = NO
               STRIP_STYLE = non-global
               STRIP_SWIFT_SYMBOLS = YES
               SUPPORTED_DEVICE_FAMILIES = 1,2
               SUPPORTED_PLATFORMS = iphoneos iphonesimulator
               SUPPORTS_TEXT_BASED_API = NO
               SUPPRESS_WARNINGS = NO
               SWIFT_COMPILATION_MODE = wholemodule
               SWIFT_EMIT_CONST_VALUE_PROTOCOLS = AnyResolverProviding AppEntity AppEnum AppExtension AppIntent AppIntentsPackage AppShortcutProviding AppShortcutsProvider AppUnionValue AppUnionValueCasesProviding DynamicOptionsProvider EntityQuery ExtensionPointDefining IntentValueQuery Resolver TransientEntity _AssistantIntentsProvider _GenerativeFunctionExtractable _IntentValueRepresentable
               SWIFT_EMIT_LOC_STRINGS = NO
               SWIFT_ENABLE_EXPLICIT_MODULES = YES
               SWIFT_OPTIMIZATION_LEVEL = -O
               SWIFT_PLATFORM_TARGET_PREFIX = ios
               SWIFT_RESPONSE_FILE_PATH_normal_arm64 = /Users/gregoriomorelli/Documents/vibra/build/ios/Pods.build/Release-iphonesimulator/flutter_appauth-flutter_appauth_privacy.build/Objects-normal/arm64/flutter_appauth_privacy.SwiftFileList
               SWIFT_RESPONSE_FILE_PATH_normal_x86_64 = /Users/gregoriomorelli/Documents/vibra/build/ios/Pods.build/Release-iphonesimulator/flutter_appauth-flutter_appauth_privacy.build/Objects-normal/x86_64/flutter_appauth_privacy.SwiftFileList
               SWIFT_VERSION = 5.0
               SYMROOT = /Users/gregoriomorelli/Documents/vibra/ios/build
               SYSTEM_ADMIN_APPS_DIR = /Applications/Utilities
               SYSTEM_APPS_DIR = /Applications
               SYSTEM_CORE_SERVICES_DIR = /System/Library/CoreServices
               SYSTEM_DEMOS_DIR = /Applications/Extras
               SYSTEM_DEVELOPER_APPS_DIR = /Applications/Xcode.app/Contents/Developer/Applications
               SYSTEM_DEVELOPER_BIN_DIR = /Applications/Xcode.app/Contents/Developer/usr/bin
               SYSTEM_DEVELOPER_DEMOS_DIR = /Applications/Xcode.app/Contents/Developer/Applications/Utilities/Built Examples
               SYSTEM_DEVELOPER_DIR = /Applications/Xcode.app/Contents/Developer
               SYSTEM_DEVELOPER_DOC_DIR = /Applications/Xcode.app/Contents/Developer/ADC Reference Library
               SYSTEM_DEVELOPER_GRAPHICS_TOOLS_DIR = /Applications/Xcode.app/Contents/Developer/Applications/Graphics Tools
               SYSTEM_DEVELOPER_JAVA_TOOLS_DIR = /Applications/Xcode.app/Contents/Developer/Applications/Java Tools
               SYSTEM_DEVELOPER_PERFORMANCE_TOOLS_DIR = /Applications/Xcode.app/Contents/Developer/Applications/Performance Tools
               SYSTEM_DEVELOPER_RELEASENOTES_DIR = /Applications/Xcode.app/Contents/Developer/ADC Reference Library/releasenotes
               SYSTEM_DEVELOPER_TOOLS = /Applications/Xcode.app/Contents/Developer/Tools
               SYSTEM_DEVELOPER_TOOLS_DOC_DIR = /Applications/Xcode.app/Contents/Developer/ADC Reference Library/documentation/DeveloperTools
               SYSTEM_DEVELOPER_TOOLS_RELEASENOTES_DIR = /Applications/Xcode.app/Contents/Developer/ADC Reference Library/releasenotes/DeveloperTools
               SYSTEM_DEVELOPER_USR_DIR = /Applications/Xcode.app/Contents/Developer/usr
               SYSTEM_DEVELOPER_UTILITIES_DIR = /Applications/Xcode.app/Contents/Developer/Applications/Utilities
               SYSTEM_DEXT_INSTALL_PATH = /System/Library/DriverExtensions
               SYSTEM_DOCUMENTATION_DIR = /Library/Documentation
               SYSTEM_EXTENSIONS_FOLDER_PATH = flutter_appauth_privacy.bundle/SystemExtensions
               SYSTEM_EXTENSIONS_FOLDER_PATH_SHALLOW_BUNDLE_NO = flutter_appauth_privacy.bundle/Library/SystemExtensions
               SYSTEM_EXTENSIONS_FOLDER_PATH_SHALLOW_BUNDLE_YES = flutter_appauth_privacy.bundle/SystemExtensions
               SYSTEM_KEXT_INSTALL_PATH = /System/Library/Extensions
               SYSTEM_LIBRARY_DIR = /System/Library
               TAPI_DEMANGLE = YES
               TAPI_ENABLE_PROJECT_HEADERS = NO
               TAPI_LANGUAGE = objective-c
               TAPI_LANGUAGE_STANDARD = compiler-default
               TAPI_USE_SRCROOT = YES
               TAPI_VERIFY_MODE = Pedantic
               TARGETED_DEVICE_FAMILY = 1,2
               TARGETNAME = flutter_appauth-flutter_appauth_privacy
               TARGET_BUILD_DIR = /Users/gregoriomorelli/Documents/vibra/build/ios/Release-iphonesimulator/flutter_appauth
               TARGET_NAME = flutter_appauth-flutter_appauth_privacy
               TARGET_TEMP_DIR = /Users/gregoriomorelli/Documents/vibra/build/ios/Pods.build/Release-iphonesimulator/flutter_appauth-flutter_appauth_privacy.build
               TEMP_DIR = /Users/gregoriomorelli/Documents/vibra/build/ios/Pods.build/Release-iphonesimulator/flutter_appauth-flutter_appauth_privacy.build
               TEMP_FILES_DIR = /Users/gregoriomorelli/Documents/vibra/build/ios/Pods.build/Release-iphonesimulator/flutter_appauth-flutter_appauth_privacy.build
               TEMP_FILE_DIR = /Users/gregoriomorelli/Documents/vibra/build/ios/Pods.build/Release-iphonesimulator/flutter_appauth-flutter_appauth_privacy.build
               TEMP_ROOT = /Users/gregoriomorelli/Documents/vibra/build/ios
               TEMP_SANDBOX_DIR = /Users/gregoriomorelli/Documents/vibra/build/ios/TemporaryTaskSandboxes
               TEST_FRAMEWORK_SEARCH_PATHS =  /Applications/Xcode.app/Contents/Developer/Platforms/iPhoneSimulator.platform/Developer/Library/Frameworks /Applications/Xcode.app/Contents/Developer/Platforms/iPhoneSimulator.platform/Developer/SDKs/iPhoneSimulator26.5.sdk/Developer/Library/Frameworks
               TEST_LIBRARY_SEARCH_PATHS =  /Applications/Xcode.app/Contents/Developer/Platforms/iPhoneSimulator.platform/Developer/usr/lib
               TOOLCHAINS = com.apple.dt.toolchain.XcodeDefault
               TOOLCHAIN_DIR = /Applications/Xcode.app/Contents/Developer/Toolchains/XcodeDefault.xctoolchain
               TREAT_MISSING_BASELINES_AS_TEST_FAILURES = NO
               TREAT_MISSING_SCRIPT_PHASE_OUTPUTS_AS_ERRORS = NO
               TVOS_DEPLOYMENT_TARGET = 26.5
               UID = 501
               UNINSTALLED_PRODUCTS_DIR = /Users/gregoriomorelli/Documents/vibra/build/ios/UninstalledProducts
               UNLOCALIZED_RESOURCES_FOLDER_PATH = flutter_appauth_privacy.bundle
               UNLOCALIZED_RESOURCES_FOLDER_PATH_SHALLOW_BUNDLE_NO = flutter_appauth_privacy.bundle/Resources
               UNLOCALIZED_RESOURCES_FOLDER_PATH_SHALLOW_BUNDLE_YES = flutter_appauth_privacy.bundle
               UNSTRIPPED_PRODUCT = NO
               USER = gregoriomorelli
               USER_APPS_DIR = /Users/gregoriomorelli/Applications
               USER_LIBRARY_DIR = /Users/gregoriomorelli/Library
               USE_DYNAMIC_NO_PIC = YES
               USE_HEADERMAP = YES
               USE_HEADER_SYMLINKS = NO
               USE_RECURSIVE_SCRIPT_INPUTS_IN_SCRIPT_PHASES = YES
               VALIDATE_DEVELOPMENT_ASSET_PATHS = YES_ERROR
               VALIDATE_PRODUCT = NO
               VALID_ARCHS = arm64 x86_64
               VERBOSE_PBXCP = NO
               VERSIONPLIST_PATH = flutter_appauth_privacy.bundle/version.plist
               VERSION_INFO_BUILDER = gregoriomorelli
               VERSION_INFO_FILE = flutter_appauth_privacy_vers.c
               VERSION_INFO_STRING = "@(#)PROGRAM:flutter_appauth_privacy  PROJECT:Pods-"
               WATCHOS_DEPLOYMENT_TARGET = 26.5
               WORKSPACE_DIR = /Users/gregoriomorelli/Documents/vibra/ios/Pods/Pods.xcodeproj
               WRAPPER_EXTENSION = bundle
               WRAPPER_NAME = flutter_appauth_privacy.bundle
               WRAPPER_SUFFIX = .bundle
               WRAP_ASSET_PACKS_IN_SEPARATE_DIRECTORIES = NO
               XCODE_APP_SUPPORT_DIR = /Applications/Xcode.app/Contents/Developer/Library/Xcode
               XCODE_PRODUCT_BUILD_VERSION = 17F42
               XCODE_VERSION_ACTUAL = 2650
               XCODE_VERSION_MAJOR = 2600
               XCODE_VERSION_MINOR = 2650
               XPCSERVICES_FOLDER_PATH = flutter_appauth_privacy.bundle/XPCServices
               XROS_DEPLOYMENT_TARGET = 26.5
               YACC = yacc
               _DISCOVER_COMMAND_LINE_LINKER_INPUTS = YES
               _DISCOVER_COMMAND_LINE_LINKER_INPUTS_INCLUDE_WL = YES
               _LD_MULTIARCH = YES
               _WRAPPER_CONTENTS_DIR_SHALLOW_BUNDLE_NO = /Contents
               _WRAPPER_PARENT_PATH_SHALLOW_BUNDLE_NO = /..
               _WRAPPER_RESOURCES_DIR_SHALLOW_BUNDLE_NO = /Resources
               __DIAGNOSE_DEPRECATED_ARCHS = YES
               __ORIGINAL_SDK_DEFINED_LLVM_TARGET_TRIPLE_SYS = ios
               arch = undefined_arch
               variant = normal

           Build settings for action build and target flutter_secure_storage_darwin:
               ACTION = build
               AD_HOC_CODE_SIGNING_ALLOWED = YES
               ALLOW_BUILD_REQUEST_OVERRIDES = NO
               ALLOW_TARGET_PLATFORM_SPECIALIZATION = NO
               ALTERNATE_GROUP = staff
               ALTERNATE_MODE = u+w,go-w,a+rX
               ALTERNATE_OWNER = gregoriomorelli
               ALTERNATIVE_DISTRIBUTION_WEB = NO
               ALWAYS_EMBED_SWIFT_STANDARD_LIBRARIES = NO
               ALWAYS_SEARCH_USER_PATHS = NO
               ALWAYS_USE_SEPARATE_HEADERMAPS = NO
               APPLICATION_EXTENSION_API_ONLY = NO
               APPLY_RULES_IN_COPY_FILES = NO
               APPLY_RULES_IN_COPY_HEADERS = NO
               APP_SHORTCUTS_ENABLE_FLEXIBLE_MATCHING = YES
               ARCHS = arm64 x86_64
               ARCHS_BASE = arm64 x86_64
               ARCHS_STANDARD = arm64 x86_64
               ARCHS_STANDARD_32_64_BIT = arm64 x86_64
               ARCHS_STANDARD_64_BIT = arm64 x86_64
               ARCHS_STANDARD_INCLUDING_64_BIT = arm64 x86_64
               ARCHS_UNIVERSAL_IPHONE_OS = arm64 x86_64
               AUTOMATICALLY_MERGE_DEPENDENCIES = NO
               AUTOMATION_APPLE_EVENTS = NO
               AVAILABLE_PLATFORMS = android appletvos appletvsimulator driverkit freebsd iphoneos iphonesimulator linux macosx none openbsd qnx watchos watchsimulator webassembly xros xrsimulator
               BUILD_ACTIVE_RESOURCES_ONLY = NO
               BUILD_COMPONENTS = headers build
               BUILD_DIR = /Users/gregoriomorelli/Documents/vibra/build/ios
               BUILD_LIBRARY_FOR_DISTRIBUTION = NO
               BUILD_ONLY_KNOWN_LOCALIZATIONS = NO
               BUILD_ROOT = /Users/gregoriomorelli/Documents/vibra/ios/build
               BUILD_STYLE = 
               BUILD_VARIANTS = normal
               BUILT_PRODUCTS_DIR = /Users/gregoriomorelli/Documents/vibra/build/ios/Release-iphonesimulator/flutter_secure_storage_darwin
               BUNDLE_CONTENTS_FOLDER_PATH_deep = Contents/
               BUNDLE_EXECUTABLE_FOLDER_NAME_deep = MacOS
               BUNDLE_EXTENSIONS_FOLDER_PATH = Extensions
               BUNDLE_FORMAT = shallow
               BUNDLE_FRAMEWORKS_FOLDER_PATH = Frameworks
               BUNDLE_PLUGINS_FOLDER_PATH = PlugIns
               BUNDLE_PRIVATE_HEADERS_FOLDER_PATH = PrivateHeaders
               BUNDLE_PUBLIC_HEADERS_FOLDER_PATH = Headers
               CACHE_ROOT = /var/folders/pg/x6t89f2n7s7299rcw8hv33180000gn/C/com.apple.DeveloperTools/26.5-17F42/Xcode
               CCHROOT = /var/folders/pg/x6t89f2n7s7299rcw8hv33180000gn/C/com.apple.DeveloperTools/26.5-17F42/Xcode
               CHMOD = /bin/chmod
               CHOWN = chown
               CLANG_ANALYZER_LOCALIZABILITY_NONLOCALIZED = YES
               CLANG_ANALYZER_NONNULL = YES
               CLANG_ANALYZER_NUMBER_OBJECT_CONVERSION = YES_AGGRESSIVE
               CLANG_CACHE_FINE_GRAINED_OUTPUTS = YES
               CLANG_CXX_LANGUAGE_STANDARD = gnu++14
               CLANG_CXX_LIBRARY = libc++
               CLANG_ENABLE_EXPLICIT_MODULES = YES
               CLANG_ENABLE_MODULES = YES
               CLANG_ENABLE_OBJC_ARC = YES
               CLANG_ENABLE_OBJC_WEAK = NO
               CLANG_MODULES_BUILD_SESSION_FILE = /var/folders/pg/x6t89f2n7s7299rcw8hv33180000gn/C/org.llvm.clang/ModuleCache.noindex/Session.modulevalidation
               CLANG_WARN_BLOCK_CAPTURE_AUTORELEASING = YES
               CLANG_WARN_BOOL_CONVERSION = YES
               CLANG_WARN_COMMA = YES
               CLANG_WARN_CONSTANT_CONVERSION = YES
               CLANG_WARN_DEPRECATED_OBJC_IMPLEMENTATIONS = YES
               CLANG_WARN_DIRECT_OBJC_ISA_USAGE = YES_ERROR
               CLANG_WARN_DOCUMENTATION_COMMENTS = YES
               CLANG_WARN_EMPTY_BODY = YES
               CLANG_WARN_ENUM_CONVERSION = YES
               CLANG_WARN_INFINITE_RECURSION = YES
               CLANG_WARN_INT_CONVERSION = YES
               CLANG_WARN_NON_LITERAL_NULL_CONVERSION = YES
               CLANG_WARN_OBJC_IMPLICIT_RETAIN_SELF = YES
               CLANG_WARN_OBJC_LITERAL_CONVERSION = YES
               CLANG_WARN_OBJC_ROOT_CLASS = YES_ERROR
               CLANG_WARN_QUOTED_INCLUDE_IN_FRAMEWORK_HEADER = NO
               CLANG_WARN_RANGE_LOOP_ANALYSIS = YES
               CLANG_WARN_STRICT_PROTOTYPES = YES
               CLANG_WARN_SUSPICIOUS_MOVE = YES
               CLANG_WARN_UNGUARDED_AVAILABILITY = YES_AGGRESSIVE
               CLANG_WARN_UNREACHABLE_CODE = YES
               CLANG_WARN__DUPLICATE_METHOD_MATCH = YES
               CLASS_FILE_DIR = /Users/gregoriomorelli/Documents/vibra/build/ios/Pods.build/Release-iphonesimulator/flutter_secure_storage_darwin.build/JavaClasses
               CLEAN_PRECOMPS = YES
               CLONE_HEADERS = NO
               CODESIGNING_FOLDER_PATH = /Users/gregoriomorelli/Documents/vibra/build/ios/Release-iphonesimulator/flutter_secure_storage_darwin/flutter_secure_storage_darwin.framework
               CODE_SIGNING_ALLOWED = YES
               CODE_SIGNING_REQUIRED = NO
               CODE_SIGNING_REQUIRES_TEAM = YES
               CODE_SIGN_CONTEXT_CLASS = XCiPhoneSimulatorCodeSignContext
               CODE_SIGN_IDENTITY = -
               CODE_SIGN_INJECT_BASE_ENTITLEMENTS = YES
               COLOR_DIAGNOSTICS = NO
               COMBINE_HIDPI_IMAGES = NO
               COMPILATION_CACHE_CAS_PATH = /var/folders/pg/x6t89f2n7s7299rcw8hv33180000gn/C/com.apple.DeveloperTools/26.5-17F42/Xcode/CompilationCache.noindex
               COMPILATION_CACHE_KEEP_CAS_DIRECTORY = YES
               COMPILER_INDEX_STORE_ENABLE = Default
               COMPOSITE_SDK_DIRS = /Users/gregoriomorelli/Documents/vibra/build/ios/CompositeSDKs
               COMPRESS_PNG_FILES = YES
               CONFIGURATION = Release
               CONFIGURATION_BUILD_DIR = /Users/gregoriomorelli/Documents/vibra/build/ios/Release-iphonesimulator/flutter_secure_storage_darwin
               CONFIGURATION_TEMP_DIR = /Users/gregoriomorelli/Documents/vibra/build/ios/Pods.build/Release-iphonesimulator
               CONTENTS_FOLDER_PATH = flutter_secure_storage_darwin.framework
               CONTENTS_FOLDER_PATH_SHALLOW_BUNDLE_NO = flutter_secure_storage_darwin.framework/A
               CONTENTS_FOLDER_PATH_SHALLOW_BUNDLE_YES = flutter_secure_storage_darwin.framework
               COPYING_PRESERVES_HFS_DATA = NO
               COPY_HEADERS_RUN_UNIFDEF = NO
               COPY_PHASE_STRIP = NO
               CORRESPONDING_DEVICE_PLATFORM_DIR = /Applications/Xcode.app/Contents/Developer/Platforms/iPhoneOS.platform
               CORRESPONDING_DEVICE_PLATFORM_NAME = iphoneos
               CORRESPONDING_DEVICE_SDK_DIR = /Applications/Xcode.app/Contents/Developer/Platforms/iPhoneOS.platform/Developer/SDKs/iPhoneOS26.5.sdk
               CORRESPONDING_DEVICE_SDK_NAME = iphoneos26.5
               CP = /bin/cp
               CREATE_INFOPLIST_SECTION_IN_BINARY = NO
               CURRENT_ARCH = undefined_arch
               CURRENT_PROJECT_VERSION = 1
               CURRENT_VARIANT = normal
               CURRENT_VERSION = Current
               DEAD_CODE_STRIPPING = YES
               DEBUGGING_SYMBOLS = YES
               DEBUG_INFORMATION_FORMAT = dwarf-with-dsym
               DEBUG_INFORMATION_VERSION = compiler-default
               DEFAULT_COMPILER = com.apple.compilers.llvm.clang.1_0
               DEFAULT_DEXT_INSTALL_PATH = /System/Library/DriverExtensions
               DEFAULT_KEXT_INSTALL_PATH = /System/Library/Extensions
               DEFINES_MODULE = YES
               DEPLOYMENT_LOCATION = NO
               DEPLOYMENT_POSTPROCESSING = NO
               DEPLOYMENT_TARGET_SETTING_NAME = IPHONEOS_DEPLOYMENT_TARGET
               DEPLOYMENT_TARGET_SUGGESTED_VALUES = 12.0 12.1 12.2 12.3 12.4 13.0 13.1 13.2 13.3 13.4 13.5 13.6 14.0 14.1 14.2 14.3 14.4 14.5 14.6 14.7 15.0 15.1 15.2 15.3 15.4 15.5 15.6 16.0 16.1 16.2 16.3 16.4 16.5 16.6 17.0 17.1 17.2 17.3 17.4 17.5 17.6 18.0 18.1 18.2 18.3 18.4 18.5 18.6 26.0 26.2 26.3 26.4 26.5
               DERIVED_FILES_DIR = /Users/gregoriomorelli/Documents/vibra/build/ios/Pods.build/Release-iphonesimulator/flutter_secure_storage_darwin.build/DerivedSources
               DERIVED_FILE_DIR = /Users/gregoriomorelli/Documents/vibra/build/ios/Pods.build/Release-iphonesimulator/flutter_secure_storage_darwin.build/DerivedSources
               DERIVED_SOURCES_DIR = /Users/gregoriomorelli/Documents/vibra/build/ios/Pods.build/Release-iphonesimulator/flutter_secure_storage_darwin.build/DerivedSources
               DEVELOPER_APPLICATIONS_DIR = /Applications/Xcode.app/Contents/Developer/Applications
               DEVELOPER_BIN_DIR = /Applications/Xcode.app/Contents/Developer/usr/bin
               DEVELOPER_DIR = /Applications/Xcode.app/Contents/Developer
               DEVELOPER_FRAMEWORKS_DIR = /Applications/Xcode.app/Contents/Developer/Library/Frameworks
               DEVELOPER_FRAMEWORKS_DIR_QUOTED = /Applications/Xcode.app/Contents/Developer/Library/Frameworks
               DEVELOPER_LIBRARY_DIR = /Applications/Xcode.app/Contents/Developer/Library
               DEVELOPER_SDK_DIR = /Applications/Xcode.app/Contents/Developer/Platforms/MacOSX.platform/Developer/SDKs
               DEVELOPER_TOOLS_DIR = /Applications/Xcode.app/Contents/Developer/Tools
               DEVELOPER_USR_DIR = /Applications/Xcode.app/Contents/Developer/usr
               DEVELOPMENT_LANGUAGE = en
               DIAGNOSE_MISSING_TARGET_DEPENDENCIES = YES
               DIFF = /usr/bin/diff
               DOCUMENTATION_FOLDER_PATH = flutter_secure_storage_darwin.framework/en.lproj/Documentation
               DONT_GENERATE_INFOPLIST_FILE = NO
               DRIVERKIT_DEPLOYMENT_TARGET = 25.5
               DSTROOT = /tmp/Pods.dst
               DT_TOOLCHAIN_DIR = /Applications/Xcode.app/Contents/Developer/Toolchains/XcodeDefault.xctoolchain
               DUMP_DEPENDENCIES = NO
               DUMP_DEPENDENCIES_OUTPUT_PATH = /Users/gregoriomorelli/Documents/vibra/build/ios/Pods.build/Release-iphonesimulator/flutter_secure_storage_darwin.build/flutter_secure_storage_darwin-BuildDependencyInfo.json
               DWARF_DSYM_FILE_NAME = flutter_secure_storage_darwin.framework.dSYM
               DWARF_DSYM_FILE_SHOULD_ACCOMPANY_PRODUCT = NO
               DWARF_DSYM_FOLDER_PATH = /Users/gregoriomorelli/Documents/vibra/build/ios/Release-iphonesimulator/flutter_secure_storage_darwin
               DYLIB_COMPATIBILITY_VERSION = 1
               DYLIB_CURRENT_VERSION = 1
               DYLIB_INSTALL_NAME_BASE = @rpath
               DYNAMIC_LIBRARY_EXTENSION = dylib
               EAGER_COMPILATION_ALLOW_SCRIPTS = NO
               EAGER_LINKING = NO
               EFFECTIVE_PLATFORM_NAME = -iphonesimulator
               EFFECTIVE_SWIFT_VERSION = 5
               EMBEDDED_CONTENT_CONTAINS_SWIFT = NO
               EMBED_ASSET_PACKS_IN_PRODUCT_BUNDLE = NO
               ENABLE_APP_SANDBOX = NO
               ENABLE_BITCODE = NO
               ENABLE_CODE_COVERAGE = YES
               ENABLE_COHORT_ARCHS = NO
               ENABLE_CPLUSPLUS_BOUNDS_SAFE_BUFFERS = NO
               ENABLE_C_BOUNDS_SAFETY = NO
               ENABLE_DEFAULT_HEADER_SEARCH_PATHS = YES
               ENABLE_DEFAULT_SEARCH_PATHS = YES
               ENABLE_ENHANCED_SECURITY = NO
               ENABLE_HARDENED_RUNTIME = NO
               ENABLE_HEADER_DEPENDENCIES = YES
               ENABLE_INCOMING_NETWORK_CONNECTIONS = NO
               ENABLE_MODULE_VERIFIER = NO
               ENABLE_NS_ASSERTIONS = NO
               ENABLE_ON_DEMAND_RESOURCES = NO
               ENABLE_OUTGOING_NETWORK_CONNECTIONS = NO
               ENABLE_POINTER_AUTHENTICATION = NO
               ENABLE_RESOURCE_ACCESS_AUDIO_INPUT = NO
               ENABLE_RESOURCE_ACCESS_BLUETOOTH = NO
               ENABLE_RESOURCE_ACCESS_CALENDARS = NO
               ENABLE_RESOURCE_ACCESS_CAMERA = NO
               ENABLE_RESOURCE_ACCESS_CONTACTS = NO
               ENABLE_RESOURCE_ACCESS_LOCATION = NO
               ENABLE_RESOURCE_ACCESS_PHOTO_LIBRARY = NO
               ENABLE_RESOURCE_ACCESS_PRINTING = NO
               ENABLE_RESOURCE_ACCESS_USB = NO
               ENABLE_SDK_IMPORTS = NO
               ENABLE_SECURITY_COMPILER_WARNINGS = NO
               ENABLE_STRICT_OBJC_MSGSEND = YES
               ENABLE_TESTABILITY = NO
               ENABLE_TESTING_SEARCH_PATHS = NO
               ENABLE_USER_SCRIPT_SANDBOXING = NO
               ENFORCE_VALID_ARCHS = YES
               ENTITLEMENTS_DESTINATION = __entitlements
               ENTITLEMENTS_REQUIRED = NO
               EXCLUDED_ARCHS = i386 i386
               EXCLUDED_INSTALLSRC_SUBDIRECTORY_PATTERNS = .DS_Store .svn .git .hg CVS
               EXCLUDED_RECURSIVE_SEARCH_PATH_SUBDIRECTORIES = *.nib *.lproj *.framework *.gch *.xcode* *.xcassets *.icon (*) .DS_Store CVS .svn .git .hg *.pbproj *.pbxproj
               EXECUTABLES_FOLDER_PATH = flutter_secure_storage_darwin.framework/en.lproj
               EXECUTABLE_FOLDER_PATH = flutter_secure_storage_darwin.framework
               EXECUTABLE_FOLDER_PATH_SHALLOW_BUNDLE_NO = flutter_secure_storage_darwin.framework
               EXECUTABLE_FOLDER_PATH_SHALLOW_BUNDLE_YES = flutter_secure_storage_darwin.framework
               EXECUTABLE_NAME = flutter_secure_storage_darwin
               EXECUTABLE_PATH = flutter_secure_storage_darwin.framework/flutter_secure_storage_darwin
               EXTENSIONS_FOLDER_PATH = flutter_secure_storage_darwin.framework/Extensions
               FILE_LIST = /Users/gregoriomorelli/Documents/vibra/build/ios/Pods.build/Release-iphonesimulator/flutter_secure_storage_darwin.build/Objects/LinkFileList
               FIXED_FILES_DIR = /Users/gregoriomorelli/Documents/vibra/build/ios/Pods.build/Release-iphonesimulator/flutter_secure_storage_darwin.build/FixedFiles
               FRAMEWORKS_FOLDER_PATH = flutter_secure_storage_darwin.framework/Frameworks
               FRAMEWORK_FLAG_PREFIX = -framework
               FRAMEWORK_SEARCH_PATHS = /Users/gregoriomorelli/Documents/vibra/build/ios/Release-iphonesimulator/flutter_secure_storage_darwin "/Users/gregoriomorelli/development/flutter/bin/cache/artifacts/engine/ios-release/Flutter.xcframework/ios-arm64_x86_64-simulator" 
               FRAMEWORK_VERSION = A
               FULL_PRODUCT_NAME = flutter_secure_storage_darwin.framework
               FUSE_BUILD_PHASES = YES
               FUSE_BUILD_SCRIPT_PHASES = NO
               GCC3_VERSION = 3.3
               GCC_C_LANGUAGE_STANDARD = gnu11
               GCC_INLINES_ARE_PRIVATE_EXTERN = YES
               GCC_NO_COMMON_BLOCKS = YES
               GCC_OBJC_LEGACY_DISPATCH = YES
               GCC_PFE_FILE_C_DIALECTS = c objective-c c++ objective-c++
               GCC_PREFIX_HEADER = Target Support Files/flutter_secure_storage_darwin/flutter_secure_storage_darwin-prefix.pch
               GCC_PREPROCESSOR_DEFINITIONS = POD_CONFIGURATION_RELEASE=1  COCOAPODS=1
               GCC_TREAT_WARNINGS_AS_ERRORS = NO
               GCC_VERSION = com.apple.compilers.llvm.clang.1_0
               GCC_VERSION_IDENTIFIER = com_apple_compilers_llvm_clang_1_0
               GCC_WARN_64_TO_32_BIT_CONVERSION = YES
               GCC_WARN_ABOUT_RETURN_TYPE = YES_ERROR
               GCC_WARN_UNDECLARED_SELECTOR = YES
               GCC_WARN_UNINITIALIZED_AUTOS = YES_AGGRESSIVE
               GCC_WARN_UNUSED_FUNCTION = YES
               GCC_WARN_UNUSED_VARIABLE = YES
               GENERATED_MODULEMAP_DIR = /Users/gregoriomorelli/Documents/vibra/build/ios/GeneratedModuleMaps-iphonesimulator
               GENERATE_INFOPLIST_FILE = NO
               GENERATE_INTERMEDIATE_TEXT_BASED_STUBS = YES
               GENERATE_PKGINFO_FILE = NO
               GENERATE_PRELINK_OBJECT_FILE = NO
               GENERATE_PROFILING_CODE = NO
               GENERATE_TEXT_BASED_STUBS = NO
               GID = 20
               GROUP = staff
               HEADERMAP_INCLUDES_FLAT_ENTRIES_FOR_TARGET_BEING_BUILT = YES
               HEADERMAP_INCLUDES_FRAMEWORK_ENTRIES_FOR_ALL_PRODUCT_TYPES = YES
               HEADERMAP_INCLUDES_FRAMEWORK_ENTRIES_FOR_TARGETS_NOT_BEING_BUILT = YES
               HEADERMAP_INCLUDES_NONPUBLIC_NONPRIVATE_HEADERS = YES
               HEADERMAP_INCLUDES_PROJECT_HEADERS = YES
               HEADERMAP_USES_FRAMEWORK_PREFIX_ENTRIES = YES
               HEADERMAP_USES_VFS = YES
               HEADER_SEARCH_PATHS = /Users/gregoriomorelli/Documents/vibra/build/ios/Release-iphonesimulator/flutter_secure_storage_darwin/include 
               HOME = /Users/gregoriomorelli
               HOST_ARCH = arm64
               HOST_PLATFORM = macosx
               ICONV = /usr/bin/iconv
               IMPLICIT_DEPENDENCY_DOMAIN = default
               INDEX_STORE_COMPRESS = NO
               INDEX_STORE_ONLY_PROJECT_FILES = NO
               INFOPLIST_ENABLE_CFBUNDLEICONS_MERGE = YES
               INFOPLIST_EXPAND_BUILD_SETTINGS = YES
               INFOPLIST_FILE = Target Support Files/flutter_secure_storage_darwin/flutter_secure_storage_darwin-Info.plist
               INFOPLIST_OUTPUT_FORMAT = binary
               INFOPLIST_PATH = flutter_secure_storage_darwin.framework/Info.plist
               INFOPLIST_PREPROCESS = NO
               INFOSTRINGS_PATH = flutter_secure_storage_darwin.framework/en.lproj/InfoPlist.strings
               INLINE_PRIVATE_FRAMEWORKS = NO
               INSTALLAPI_IGNORE_SKIP_INSTALL = YES
               INSTALLHDRS_COPY_PHASE = NO
               INSTALLHDRS_SCRIPT_PHASE = NO
               INSTALL_DIR = /tmp/Pods.dst/Library/Frameworks
               INSTALL_GROUP = staff
               INSTALL_MODE_FLAG = u+w,go-w,a+rX
               INSTALL_OWNER = gregoriomorelli
               INSTALL_PATH = /Library/Frameworks
               INSTALL_ROOT = /tmp/Pods.dst
               IPHONEOS_DEPLOYMENT_TARGET = 13.0
               IS_UNOPTIMIZED_BUILD = NO
               JAVAC_DEFAULT_FLAGS = -J-Xms64m -J-XX:NewSize=4M -J-Dfile.encoding=UTF8
               JAVA_APP_STUB = /System/Library/Frameworks/JavaVM.framework/Resources/MacOS/JavaApplicationStub
               JAVA_ARCHIVE_CLASSES = YES
               JAVA_ARCHIVE_TYPE = JAR
               JAVA_COMPILER = /usr/bin/javac
               JAVA_FOLDER_PATH = flutter_secure_storage_darwin.framework/Java
               JAVA_FRAMEWORK_RESOURCES_DIRS = Resources
               JAVA_JAR_FLAGS = cv
               JAVA_SOURCE_SUBDIR = .
               JAVA_USE_DEPENDENCIES = YES
               JAVA_ZIP_FLAGS = -urg
               JIKES_DEFAULT_FLAGS = +E +OLDCSO
               KEEP_PRIVATE_EXTERNS = NO
               LD_DEPENDENCY_INFO_FILE = /Users/gregoriomorelli/Documents/vibra/build/ios/Pods.build/Release-iphonesimulator/flutter_secure_storage_darwin.build/Objects-normal/undefined_arch/flutter_secure_storage_darwin_dependency_info.dat
               LD_DYLIB_INSTALL_NAME = @rpath/flutter_secure_storage_darwin.framework/flutter_secure_storage_darwin
               LD_EXPORT_SYMBOLS = YES
               LD_GENERATE_MAP_FILE = NO
               LD_MAP_FILE_PATH = /Users/gregoriomorelli/Documents/vibra/build/ios/Pods.build/Release-iphonesimulator/flutter_secure_storage_darwin.build/flutter_secure_storage_darwin-LinkMap-normal-undefined_arch.txt
               LD_NO_PIE = NO
               LD_QUOTE_LINKER_ARGUMENTS_FOR_COMPILER_DRIVER = YES
               LD_RUNPATH_SEARCH_PATHS =  @executable_path/Frameworks @loader_path/Frameworks
               LD_SHARED_CACHE_ELIGIBLE = Automatic
               LD_WARN_DUPLICATE_LIBRARIES = NO
               LD_WARN_UNUSED_DYLIBS = NO
               LEGACY_DEVELOPER_DIR = /Applications/Xcode.app/Contents/PlugIns/Xcode3Core.ideplugin/Contents/SharedSupport/Developer
               LEX = lex
               LIBRARY_DEXT_INSTALL_PATH = /Library/DriverExtensions
               LIBRARY_FLAG_NOSPACE = YES
               LIBRARY_FLAG_PREFIX = -l
               LIBRARY_KEXT_INSTALL_PATH = /Library/Extensions
               LIBRARY_SEARCH_PATHS = /Users/gregoriomorelli/Documents/vibra/build/ios/Release-iphonesimulator/flutter_secure_storage_darwin /Applications/Xcode.app/Contents/Developer/Toolchains/XcodeDefault.xctoolchain/usr/lib/swift/iphonesimulator /Applications/Xcode.app/Contents/Developer/Platforms/iPhoneSimulator.platform/Developer/SDKs/iPhoneSimulator26.5.sdk/usr/lib/swift
               LINKER_DISPLAYS_MANGLED_NAMES = NO
               LINK_FILE_LIST_normal_arm64 = /Users/gregoriomorelli/Documents/vibra/build/ios/Pods.build/Release-iphonesimulator/flutter_secure_storage_darwin.build/Objects-normal/arm64/flutter_secure_storage_darwin.LinkFileList
               LINK_FILE_LIST_normal_x86_64 = /Users/gregoriomorelli/Documents/vibra/build/ios/Pods.build/Release-iphonesimulator/flutter_secure_storage_darwin.build/Objects-normal/x86_64/flutter_secure_storage_darwin.LinkFileList
               LINK_OBJC_RUNTIME = YES
               LINK_WITH_STANDARD_LIBRARIES = YES
               LLVM_TARGET_TRIPLE_OS_VERSION = ios13.0
               LLVM_TARGET_TRIPLE_SUFFIX = -simulator
               LLVM_TARGET_TRIPLE_VENDOR = apple
               LM_AUX_CONST_METADATA_LIST_PATH_normal_arm64 = /Users/gregoriomorelli/Documents/vibra/build/ios/Pods.build/Release-iphonesimulator/flutter_secure_storage_darwin.build/Objects-normal/arm64/flutter_secure_storage_darwin.SwiftConstValuesFileList
               LM_AUX_CONST_METADATA_LIST_PATH_normal_x86_64 = /Users/gregoriomorelli/Documents/vibra/build/ios/Pods.build/Release-iphonesimulator/flutter_secure_storage_darwin.build/Objects-normal/x86_64/flutter_secure_storage_darwin.SwiftConstValuesFileList
               LOCALIZATION_EXPORT_SUPPORTED = YES
               LOCALIZATION_PREFERS_STRING_CATALOGS = NO
               LOCALIZED_RESOURCES_FOLDER_PATH = flutter_secure_storage_darwin.framework/en.lproj
               LOCALIZED_STRING_CODE_COMMENTS = NO
               LOCALIZED_STRING_MACRO_NAMES = NSLocalizedString CFCopyLocalizedString
               LOCALIZED_STRING_SWIFTUI_SUPPORT = YES
               LOCAL_ADMIN_APPS_DIR = /Applications/Utilities
               LOCAL_APPS_DIR = /Applications
               LOCAL_DEVELOPER_DIR = /Library/Developer
               LOCAL_LIBRARY_DIR = /Library
               LOCROOT = /Users/gregoriomorelli/Documents/vibra/ios/Pods
               LOCSYMROOT = /Users/gregoriomorelli/Documents/vibra/ios/Pods
               MACH_O_TYPE = mh_dylib
               MACOSX_DEPLOYMENT_TARGET = 26.5
               MAC_OS_X_PRODUCT_BUILD_VERSION = 25F84
               MAC_OS_X_VERSION_ACTUAL = 260502
               MAC_OS_X_VERSION_MAJOR = 260000
               MAC_OS_X_VERSION_MINOR = 260500
               MAKE_MERGEABLE = NO
               MERGEABLE_LIBRARY = NO
               MERGED_BINARY_TYPE = none
               MERGE_LINKED_LIBRARIES = NO
               METAL_LIBRARY_FILE_BASE = default
               METAL_LIBRARY_OUTPUT_DIR = /Users/gregoriomorelli/Documents/vibra/build/ios/Release-iphonesimulator/flutter_secure_storage_darwin/flutter_secure_storage_darwin.framework
               MODULEMAP_FILE = Target Support Files/flutter_secure_storage_darwin/flutter_secure_storage_darwin.modulemap
               MODULES_FOLDER_PATH = flutter_secure_storage_darwin.framework/Modules
               MTL_ENABLE_DEBUG_INFO = NO
               MTL_FAST_MATH = YES
               NATIVE_ARCH = arm64
               NATIVE_ARCH_32_BIT = arm
               NATIVE_ARCH_64_BIT = arm64
               NATIVE_ARCH_ACTUAL = arm64
               NO_COMMON = YES
               OBJC_ABI_VERSION = 2
               OBJECT_FILE_DIR = /Users/gregoriomorelli/Documents/vibra/build/ios/Pods.build/Release-iphonesimulator/flutter_secure_storage_darwin.build/Objects
               OBJECT_FILE_DIR_normal = /Users/gregoriomorelli/Documents/vibra/build/ios/Pods.build/Release-iphonesimulator/flutter_secure_storage_darwin.build/Objects-normal
               OBJROOT = /Users/gregoriomorelli/Documents/vibra/build/ios
               ONLY_ACTIVE_ARCH = NO
               OS = MACOS
               OSAC = /usr/bin/osacompile
               OTHER_LDFLAGS =  -framework Flutter
               OTHER_SWIFT_FLAGS =  -D COCOAPODS
               PACKAGE_TYPE = com.apple.package-type.wrapper.framework
               PASCAL_STRINGS = YES
               PATH = /Applications/Xcode.app/Contents/SharedFrameworks/SwiftBuild.framework/Versions/A/PlugIns/SWBBuildService.bundle/Contents/PlugIns/SWBUniversalPlatformPlugin.bundle/Contents/Frameworks/SWBUniversalPlatform.framework/Resources:/Applications/Xcode.app/Contents/Developer/Toolchains/XcodeDefault.xctoolchain/usr/bin:/Applications/Xcode.app/Contents/Developer/Toolchains/XcodeDefault.xctoolchain/usr/local/bin:/Applications/Xcode.app/Contents/Developer/Toolchains/XcodeDefault.xctoolchain/usr/libexec:/Applications/Xcode.app/Contents/Developer/Platforms/iPhoneSimulator.platform/usr/bin:/Applications/Xcode.app/Contents/Developer/Platforms/iPhoneSimulator.platform/usr/local/bin:/Applications/Xcode.app/Contents/Developer/Platforms/iPhoneSimulator.platform/Developer/usr/bin:/Applications/Xcode.app/Contents/Developer/Platforms/iPhoneSimulator.platform/Developer/usr/local/bin:/Applications/Xcode.app/Contents/Developer/usr/bin:/Applications/Xcode.app/Contents/Developer/usr/local/bin:/Users/gregoriomorelli/.gemini/antigravity/bin:/Users/gregoriomorelli/Library/Application Support/Antigravity/bin:/opt/homebrew/bin:/opt/homebrew/sbin:/Library/Developer/CommandLineTools/usr/bin:/Users/gregoriomorelli/development/flutter/bin:/Users/gregoriomorelli/Library/Android/sdk/platform-tools:/Users/gregoriomorelli/Library/Android/sdk/cmdline-tools/latest/bin:/Users/gregoriomorelli/Library/Android/sdk/emulator:/Users/gregoriomorelli/.antigravity-ide/antigravity-ide/bin:/Users/gregoriomorelli/.antigravity/antigravity/bin:/Applications/XAMPP/xamppfiles/bin:/Users/gregoriomorelli/develop/flutter/bin:/usr/local/bin:/System/Cryptexes/App/usr/bin:/usr/bin:/bin:/usr/sbin:/sbin:/var/run/com.apple.security.cryptexd/codex.system/bootstrap/usr/local/bin:/var/run/com.apple.security.cryptexd/codex.system/bootstrap/usr/bin:/var/run/com.apple.security.cryptexd/codex.system/bootstrap/usr/appleinternal/bin:/pkg/env/global/bin:/Users/gregoriomorelli/.spicetify
               PATH_PREFIXES_EXCLUDED_FROM_HEADER_DEPENDENCIES = /usr/include /usr/local/include /System/Library/Frameworks /System/Library/PrivateFrameworks /Applications/Xcode.app/Contents/Developer/Headers /Applications/Xcode.app/Contents/Developer/SDKs /Applications/Xcode.app/Contents/Developer/Platforms
               PBDEVELOPMENTPLIST_PATH = flutter_secure_storage_darwin.framework/pbdevelopment.plist
               PER_ARCH_MODULE_FILE_DIR = /Users/gregoriomorelli/Documents/vibra/build/ios/Pods.build/Release-iphonesimulator/flutter_secure_storage_darwin.build/Objects-normal/undefined_arch
               PER_ARCH_OBJECT_FILE_DIR = /Users/gregoriomorelli/Documents/vibra/build/ios/Pods.build/Release-iphonesimulator/flutter_secure_storage_darwin.build/Objects-normal/undefined_arch
               PER_VARIANT_OBJECT_FILE_DIR = /Users/gregoriomorelli/Documents/vibra/build/ios/Pods.build/Release-iphonesimulator/flutter_secure_storage_darwin.build/Objects-normal
               PKGINFO_FILE_PATH = /Users/gregoriomorelli/Documents/vibra/build/ios/Pods.build/Release-iphonesimulator/flutter_secure_storage_darwin.build/PkgInfo
               PKGINFO_PATH = flutter_secure_storage_darwin.framework/PkgInfo
               PLATFORM_DEVELOPER_APPLICATIONS_DIR = /Applications/Xcode.app/Contents/Developer/Platforms/iPhoneSimulator.platform/Developer/Applications
               PLATFORM_DEVELOPER_BIN_DIR = /Applications/Xcode.app/Contents/Developer/Platforms/iPhoneSimulator.platform/Developer/usr/bin
               PLATFORM_DEVELOPER_LIBRARY_DIR = /Applications/Xcode.app/Contents/Developer/Platforms/iPhoneSimulator.platform/Developer/Library
               PLATFORM_DEVELOPER_SDK_DIR = /Applications/Xcode.app/Contents/Developer/Platforms/iPhoneSimulator.platform/Developer/SDKs
               PLATFORM_DEVELOPER_TOOLS_DIR = /Applications/Xcode.app/Contents/Developer/Platforms/iPhoneSimulator.platform/Developer/Tools
               PLATFORM_DEVELOPER_USR_DIR = /Applications/Xcode.app/Contents/Developer/Platforms/iPhoneSimulator.platform/Developer/usr
               PLATFORM_DIR = /Applications/Xcode.app/Contents/Developer/Platforms/iPhoneSimulator.platform
               PLATFORM_DISPLAY_NAME = iOS Simulator
               PLATFORM_FAMILY_NAME = iOS
               PLATFORM_NAME = iphonesimulator
               PLATFORM_PREFERRED_ARCH = x86_64
               PLATFORM_PRODUCT_BUILD_VERSION = 23F73
               PLATFORM_REQUIRES_SWIFT_AUTOLINK_EXTRACT = NO
               PLATFORM_REQUIRES_SWIFT_MODULEWRAP = NO
               PLATFORM_USES_DSYMS = YES
               PLIST_FILE_OUTPUT_FORMAT = binary
               PLUGINS_FOLDER_PATH = flutter_secure_storage_darwin.framework/PlugIns
               PODS_BUILD_DIR = /Users/gregoriomorelli/Documents/vibra/build/ios
               PODS_CONFIGURATION_BUILD_DIR = /Users/gregoriomorelli/Documents/vibra/build/ios/Release-iphonesimulator
               PODS_DEVELOPMENT_LANGUAGE = en
               PODS_ROOT = /Users/gregoriomorelli/Documents/vibra/ios/Pods
               PODS_TARGET_SRCROOT = /Users/gregoriomorelli/Documents/vibra/ios/Pods/../.symlinks/plugins/flutter_secure_storage_darwin/darwin
               PODS_XCFRAMEWORKS_BUILD_DIR = /Users/gregoriomorelli/Documents/vibra/build/ios/Release-iphonesimulator/XCFrameworkIntermediates
               PRECOMPS_INCLUDE_HEADERS_FROM_BUILT_PRODUCTS_DIR = YES
               PRECOMP_DESTINATION_DIR = /Users/gregoriomorelli/Documents/vibra/build/ios/Pods.build/Release-iphonesimulator/flutter_secure_storage_darwin.build/PrefixHeaders
               PRIVATE_HEADERS_FOLDER_PATH = flutter_secure_storage_darwin.framework/PrivateHeaders
               PROCESSED_INFOPLIST_PATH = /Users/gregoriomorelli/Documents/vibra/build/ios/Pods.build/Release-iphonesimulator/flutter_secure_storage_darwin.build/Objects-normal/undefined_arch/Processed-Info.plist
               PRODUCT_BUNDLE_IDENTIFIER = org.cocoapods.flutter-secure-storage-darwin
               PRODUCT_BUNDLE_PACKAGE_TYPE = FMWK
               PRODUCT_MODULE_NAME = flutter_secure_storage_darwin
               PRODUCT_NAME = flutter_secure_storage_darwin
               PRODUCT_SETTINGS_PATH = /Users/gregoriomorelli/Documents/vibra/ios/Pods/Target Support Files/flutter_secure_storage_darwin/flutter_secure_storage_darwin-Info.plist
               PRODUCT_TYPE = com.apple.product-type.framework
               PROFILING_CODE = NO
               PROJECT = Pods
               PROJECT_DERIVED_FILE_DIR = /Users/gregoriomorelli/Documents/vibra/build/ios/Pods.build/DerivedSources
               PROJECT_DIR = /Users/gregoriomorelli/Documents/vibra/ios/Pods
               PROJECT_FILE_PATH = /Users/gregoriomorelli/Documents/vibra/ios/Pods/Pods.xcodeproj
               PROJECT_GUID = bfdfe7dc352907fc980b868725387e98
               PROJECT_NAME = Pods
               PROJECT_TEMP_DIR = /Users/gregoriomorelli/Documents/vibra/build/ios/Pods.build
               PROJECT_TEMP_ROOT = /Users/gregoriomorelli/Documents/vibra/build/ios
               PUBLIC_HEADERS_FOLDER_PATH = flutter_secure_storage_darwin.framework/Headers
               RECOMMENDED_IPHONEOS_DEPLOYMENT_TARGET = 15.0
               RECURSIVE_SEARCH_PATHS_FOLLOW_SYMLINKS = YES
               REMOVE_CVS_FROM_RESOURCES = YES
               REMOVE_GIT_FROM_RESOURCES = YES
               REMOVE_HEADERS_FROM_EMBEDDED_BUNDLES = YES
               REMOVE_HG_FROM_RESOURCES = YES
               REMOVE_STATIC_EXECUTABLES_FROM_EMBEDDED_BUNDLES = YES
               REMOVE_SVN_FROM_RESOURCES = YES
               RESCHEDULE_INDEPENDENT_HEADERS_PHASES = YES
               REZ_COLLECTOR_DIR = /Users/gregoriomorelli/Documents/vibra/build/ios/Pods.build/Release-iphonesimulator/flutter_secure_storage_darwin.build/ResourceManagerResources
               REZ_OBJECTS_DIR = /Users/gregoriomorelli/Documents/vibra/build/ios/Pods.build/Release-iphonesimulator/flutter_secure_storage_darwin.build/ResourceManagerResources/Objects
               REZ_SEARCH_PATHS = /Users/gregoriomorelli/Documents/vibra/build/ios/Release-iphonesimulator/flutter_secure_storage_darwin 
               RPATH_ORIGIN = @loader_path
               RUNTIME_EXCEPTION_ALLOW_DYLD_ENVIRONMENT_VARIABLES = NO
               RUNTIME_EXCEPTION_ALLOW_JIT = NO
               RUNTIME_EXCEPTION_ALLOW_UNSIGNED_EXECUTABLE_MEMORY = NO
               RUNTIME_EXCEPTION_DEBUGGING_TOOL = NO
               RUNTIME_EXCEPTION_DISABLE_EXECUTABLE_PAGE_PROTECTION = NO
               RUNTIME_EXCEPTION_DISABLE_LIBRARY_VALIDATION = NO
               SCANNING_PCM_KEEP_CACHE_DIRECTORY = YES
               SCAN_ALL_SOURCE_FILES_FOR_INCLUDES = NO
               SCRIPTS_FOLDER_PATH = flutter_secure_storage_darwin.framework/Scripts
               SDKROOT = /Applications/Xcode.app/Contents/Developer/Platforms/iPhoneSimulator.platform/Developer/SDKs/iPhoneSimulator26.5.sdk
               SDK_DIR = /Applications/Xcode.app/Contents/Developer/Platforms/iPhoneSimulator.platform/Developer/SDKs/iPhoneSimulator26.5.sdk
               SDK_DIR_iphonesimulator = /Applications/Xcode.app/Contents/Developer/Platforms/iPhoneSimulator.platform/Developer/SDKs/iPhoneSimulator26.5.sdk
               SDK_DIR_iphonesimulator26_5 = /Applications/Xcode.app/Contents/Developer/Platforms/iPhoneSimulator.platform/Developer/SDKs/iPhoneSimulator26.5.sdk
               SDK_NAME = iphonesimulator26.5
               SDK_NAMES = iphonesimulator26.5
               SDK_PRODUCT_BUILD_VERSION = 23F73
               SDK_STAT_CACHE_DIR = /var/folders/pg/x6t89f2n7s7299rcw8hv33180000gn/C/com.apple.DeveloperTools/26.5-17F42/Xcode
               SDK_STAT_CACHE_ENABLE = YES
               SDK_STAT_CACHE_PATH = /var/folders/pg/x6t89f2n7s7299rcw8hv33180000gn/C/com.apple.DeveloperTools/26.5-17F42/Xcode/SDKStatCaches.noindex/iphonesimulator26.5-23F73-6cfe768891a92b912361537c460fe42b.sdkstatcache
               SDK_VERSION = 26.5
               SDK_VERSION_ACTUAL = 260500
               SDK_VERSION_MAJOR = 260000
               SDK_VERSION_MINOR = 260500
               SED = /usr/bin/sed
               SEPARATE_STRIP = NO
               SEPARATE_SYMBOL_EDIT = NO
               SET_DIR_MODE_OWNER_GROUP = YES
               SET_FILE_MODE_OWNER_GROUP = NO
               SHALLOW_BUNDLE = YES
               SHALLOW_BUNDLE_TRIPLE = ios-simulator
               SHALLOW_BUNDLE_ios_macabi = NO
               SHALLOW_BUNDLE_macos = NO
               SHARED_DERIVED_FILE_DIR = /Users/gregoriomorelli/Documents/vibra/build/ios/Release-iphonesimulator/flutter_secure_storage_darwin/DerivedSources
               SHARED_FRAMEWORKS_FOLDER_PATH = flutter_secure_storage_darwin.framework/SharedFrameworks
               SHARED_PRECOMPS_DIR = /Users/gregoriomorelli/Documents/vibra/build/ios/SharedPrecompiledHeaders
               SHARED_SUPPORT_FOLDER_PATH = flutter_secure_storage_darwin.framework
               SKIP_INSTALL = YES
               SKIP_MERGEABLE_LIBRARY_BUNDLE_HOOK = NO
               SOURCE_ROOT = /Users/gregoriomorelli/Documents/vibra/ios/Pods
               SRCROOT = /Users/gregoriomorelli/Documents/vibra/ios/Pods
               STRINGSDATA_DIR = /Users/gregoriomorelli/Documents/vibra/build/ios/Pods.build/Release-iphonesimulator/flutter_secure_storage_darwin.build/Objects-normal/undefined_arch
               STRINGSDATA_ROOT = /Users/gregoriomorelli/Documents/vibra/build/ios/Pods.build/Release-iphonesimulator/flutter_secure_storage_darwin.build
               STRINGS_FILE_INFOPLIST_RENAME = YES
               STRINGS_FILE_OUTPUT_ENCODING = binary
               STRING_CATALOG_GENERATE_SYMBOLS = NO
               STRIP_BITCODE_FROM_COPIED_FILES = NO
               STRIP_INSTALLED_PRODUCT = NO
               STRIP_STYLE = debugging
               STRIP_SWIFT_SYMBOLS = YES
               SUPPORTED_DEVICE_FAMILIES = 1,2
               SUPPORTED_PLATFORMS = iphoneos iphonesimulator
               SUPPORTS_TEXT_BASED_API = NO
               SUPPRESS_WARNINGS = NO
               SWIFT_ACTIVE_COMPILATION_CONDITIONS =  
               SWIFT_COMPILATION_MODE = wholemodule
               SWIFT_EMIT_CONST_VALUE_PROTOCOLS = AnyResolverProviding AppEntity AppEnum AppExtension AppIntent AppIntentsPackage AppShortcutProviding AppShortcutsProvider AppUnionValue AppUnionValueCasesProviding DynamicOptionsProvider EntityQuery ExtensionPointDefining IntentValueQuery Resolver TransientEntity _AssistantIntentsProvider _GenerativeFunctionExtractable _IntentValueRepresentable
               SWIFT_EMIT_LOC_STRINGS = NO
               SWIFT_ENABLE_EXPLICIT_MODULES = YES
               SWIFT_INSTALL_MODULE_FOR_DEPLOYMENT = YES
               SWIFT_INSTALL_OBJC_HEADER = YES
               SWIFT_OPTIMIZATION_LEVEL = -O
               SWIFT_PLATFORM_TARGET_PREFIX = ios
               SWIFT_RESPONSE_FILE_PATH_normal_arm64 = /Users/gregoriomorelli/Documents/vibra/build/ios/Pods.build/Release-iphonesimulator/flutter_secure_storage_darwin.build/Objects-normal/arm64/flutter_secure_storage_darwin.SwiftFileList
               SWIFT_RESPONSE_FILE_PATH_normal_x86_64 = /Users/gregoriomorelli/Documents/vibra/build/ios/Pods.build/Release-iphonesimulator/flutter_secure_storage_darwin.build/Objects-normal/x86_64/flutter_secure_storage_darwin.SwiftFileList
               SWIFT_VERSION = 5.0
               SYMROOT = /Users/gregoriomorelli/Documents/vibra/ios/build
               SYSTEM_ADMIN_APPS_DIR = /Applications/Utilities
               SYSTEM_APPS_DIR = /Applications
               SYSTEM_CORE_SERVICES_DIR = /System/Library/CoreServices
               SYSTEM_DEMOS_DIR = /Applications/Extras
               SYSTEM_DEVELOPER_APPS_DIR = /Applications/Xcode.app/Contents/Developer/Applications
               SYSTEM_DEVELOPER_BIN_DIR = /Applications/Xcode.app/Contents/Developer/usr/bin
               SYSTEM_DEVELOPER_DEMOS_DIR = /Applications/Xcode.app/Contents/Developer/Applications/Utilities/Built Examples
               SYSTEM_DEVELOPER_DIR = /Applications/Xcode.app/Contents/Developer
               SYSTEM_DEVELOPER_DOC_DIR = /Applications/Xcode.app/Contents/Developer/ADC Reference Library
               SYSTEM_DEVELOPER_GRAPHICS_TOOLS_DIR = /Applications/Xcode.app/Contents/Developer/Applications/Graphics Tools
               SYSTEM_DEVELOPER_JAVA_TOOLS_DIR = /Applications/Xcode.app/Contents/Developer/Applications/Java Tools
               SYSTEM_DEVELOPER_PERFORMANCE_TOOLS_DIR = /Applications/Xcode.app/Contents/Developer/Applications/Performance Tools
               SYSTEM_DEVELOPER_RELEASENOTES_DIR = /Applications/Xcode.app/Contents/Developer/ADC Reference Library/releasenotes
               SYSTEM_DEVELOPER_TOOLS = /Applications/Xcode.app/Contents/Developer/Tools
               SYSTEM_DEVELOPER_TOOLS_DOC_DIR = /Applications/Xcode.app/Contents/Developer/ADC Reference Library/documentation/DeveloperTools
               SYSTEM_DEVELOPER_TOOLS_RELEASENOTES_DIR = /Applications/Xcode.app/Contents/Developer/ADC Reference Library/releasenotes/DeveloperTools
               SYSTEM_DEVELOPER_USR_DIR = /Applications/Xcode.app/Contents/Developer/usr
               SYSTEM_DEVELOPER_UTILITIES_DIR = /Applications/Xcode.app/Contents/Developer/Applications/Utilities
               SYSTEM_DEXT_INSTALL_PATH = /System/Library/DriverExtensions
               SYSTEM_DOCUMENTATION_DIR = /Library/Documentation
               SYSTEM_EXTENSIONS_FOLDER_PATH = flutter_secure_storage_darwin.framework/SystemExtensions
               SYSTEM_EXTENSIONS_FOLDER_PATH_SHALLOW_BUNDLE_NO = flutter_secure_storage_darwin.framework/Library/SystemExtensions
               SYSTEM_EXTENSIONS_FOLDER_PATH_SHALLOW_BUNDLE_YES = flutter_secure_storage_darwin.framework/SystemExtensions
               SYSTEM_KEXT_INSTALL_PATH = /System/Library/Extensions
               SYSTEM_LIBRARY_DIR = /System/Library
               TAPI_DEMANGLE = YES
               TAPI_ENABLE_PROJECT_HEADERS = NO
               TAPI_LANGUAGE = objective-c
               TAPI_LANGUAGE_STANDARD = compiler-default
               TAPI_USE_SRCROOT = YES
               TAPI_VERIFY_MODE = Pedantic
               TARGETED_DEVICE_FAMILY = 1,2
               TARGETNAME = flutter_secure_storage_darwin
               TARGET_BUILD_DIR = /Users/gregoriomorelli/Documents/vibra/build/ios/Release-iphonesimulator/flutter_secure_storage_darwin
               TARGET_NAME = flutter_secure_storage_darwin
               TARGET_TEMP_DIR = /Users/gregoriomorelli/Documents/vibra/build/ios/Pods.build/Release-iphonesimulator/flutter_secure_storage_darwin.build
               TEMP_DIR = /Users/gregoriomorelli/Documents/vibra/build/ios/Pods.build/Release-iphonesimulator/flutter_secure_storage_darwin.build
               TEMP_FILES_DIR = /Users/gregoriomorelli/Documents/vibra/build/ios/Pods.build/Release-iphonesimulator/flutter_secure_storage_darwin.build
               TEMP_FILE_DIR = /Users/gregoriomorelli/Documents/vibra/build/ios/Pods.build/Release-iphonesimulator/flutter_secure_storage_darwin.build
               TEMP_ROOT = /Users/gregoriomorelli/Documents/vibra/build/ios
               TEMP_SANDBOX_DIR = /Users/gregoriomorelli/Documents/vibra/build/ios/TemporaryTaskSandboxes
               TEST_FRAMEWORK_SEARCH_PATHS =  /Applications/Xcode.app/Contents/Developer/Platforms/iPhoneSimulator.platform/Developer/Library/Frameworks /Applications/Xcode.app/Contents/Developer/Platforms/iPhoneSimulator.platform/Developer/SDKs/iPhoneSimulator26.5.sdk/Developer/Library/Frameworks
               TEST_LIBRARY_SEARCH_PATHS =  /Applications/Xcode.app/Contents/Developer/Platforms/iPhoneSimulator.platform/Developer/usr/lib
               TOOLCHAINS = com.apple.dt.toolchain.XcodeDefault
               TOOLCHAIN_DIR = /Applications/Xcode.app/Contents/Developer/Toolchains/XcodeDefault.xctoolchain
               TREAT_MISSING_BASELINES_AS_TEST_FAILURES = NO
               TREAT_MISSING_SCRIPT_PHASE_OUTPUTS_AS_ERRORS = NO
               TVOS_DEPLOYMENT_TARGET = 26.5
               UID = 501
               UNINSTALLED_PRODUCTS_DIR = /Users/gregoriomorelli/Documents/vibra/build/ios/UninstalledProducts
               UNLOCALIZED_RESOURCES_FOLDER_PATH = flutter_secure_storage_darwin.framework
               UNLOCALIZED_RESOURCES_FOLDER_PATH_SHALLOW_BUNDLE_NO = flutter_secure_storage_darwin.framework/Resources
               UNLOCALIZED_RESOURCES_FOLDER_PATH_SHALLOW_BUNDLE_YES = flutter_secure_storage_darwin.framework
               UNSTRIPPED_PRODUCT = NO
               USER = gregoriomorelli
               USER_APPS_DIR = /Users/gregoriomorelli/Applications
               USER_LIBRARY_DIR = /Users/gregoriomorelli/Library
               USE_DYNAMIC_NO_PIC = YES
               USE_HEADERMAP = YES
               USE_HEADER_SYMLINKS = NO
               USE_RECURSIVE_SCRIPT_INPUTS_IN_SCRIPT_PHASES = YES
               VALIDATE_DEVELOPMENT_ASSET_PATHS = YES_ERROR
               VALIDATE_PRODUCT = YES
               VALID_ARCHS = arm64 x86_64
               VERBOSE_PBXCP = NO
               VERSIONING_SYSTEM = apple-generic
               VERSIONPLIST_PATH = flutter_secure_storage_darwin.framework/version.plist
               VERSIONS_FOLDER_PATH = flutter_secure_storage_darwin.framework
               VERSIONS_FOLDER_PATH_SHALLOW_BUNDLE_NO = flutter_secure_storage_darwin.framework/Versions
               VERSIONS_FOLDER_PATH_SHALLOW_BUNDLE_YES = flutter_secure_storage_darwin.framework
               VERSION_INFO_BUILDER = gregoriomorelli
               VERSION_INFO_FILE = flutter_secure_storage_darwin_vers.c
               VERSION_INFO_STRING = "@(#)PROGRAM:flutter_secure_storage_darwin  PROJECT:Pods-1"
               WATCHOS_DEPLOYMENT_TARGET = 26.5
               WORKSPACE_DIR = /Users/gregoriomorelli/Documents/vibra/ios/Pods/Pods.xcodeproj
               WRAPPER_EXTENSION = framework
               WRAPPER_NAME = flutter_secure_storage_darwin.framework
               WRAPPER_SUFFIX = .framework
               WRAP_ASSET_PACKS_IN_SEPARATE_DIRECTORIES = NO
               XCODE_APP_SUPPORT_DIR = /Applications/Xcode.app/Contents/Developer/Library/Xcode
               XCODE_PRODUCT_BUILD_VERSION = 17F42
               XCODE_VERSION_ACTUAL = 2650
               XCODE_VERSION_MAJOR = 2600
               XCODE_VERSION_MINOR = 2650
               XPCSERVICES_FOLDER_PATH = flutter_secure_storage_darwin.framework/XPCServices
               XROS_DEPLOYMENT_TARGET = 26.5
               YACC = yacc
               _DISCOVER_COMMAND_LINE_LINKER_INPUTS = YES
               _DISCOVER_COMMAND_LINE_LINKER_INPUTS_INCLUDE_WL = YES
               _LD_MULTIARCH = YES
               _WRAPPER_CONTENTS_DIR_SHALLOW_BUNDLE_NO = /Contents
               _WRAPPER_PARENT_PATH_SHALLOW_BUNDLE_NO = /..
               _WRAPPER_RESOURCES_DIR_SHALLOW_BUNDLE_NO = /Resources
               __DIAGNOSE_DEPRECATED_ARCHS = YES
               __ORIGINAL_SDK_DEFINED_LLVM_TARGET_TRIPLE_SYS = ios
               arch = undefined_arch
               variant = normal

           Build settings for action build and target flutter_secure_storage_darwin-flutter_secure_storage:
               ACTION = build
               AD_HOC_CODE_SIGNING_ALLOWED = YES
               ALLOW_BUILD_REQUEST_OVERRIDES = NO
               ALLOW_TARGET_PLATFORM_SPECIALIZATION = NO
               ALTERNATE_GROUP = staff
               ALTERNATE_MODE = u+w,go-w,a+rX
               ALTERNATE_OWNER = gregoriomorelli
               ALTERNATIVE_DISTRIBUTION_WEB = NO
               ALWAYS_EMBED_SWIFT_STANDARD_LIBRARIES = NO
               ALWAYS_SEARCH_USER_PATHS = NO
               ALWAYS_USE_SEPARATE_HEADERMAPS = NO
               APPLICATION_EXTENSION_API_ONLY = NO
               APPLY_RULES_IN_COPY_FILES = NO
               APPLY_RULES_IN_COPY_HEADERS = NO
               APP_SHORTCUTS_ENABLE_FLEXIBLE_MATCHING = YES
               ARCHS = arm64 x86_64
               ARCHS_BASE = arm64 x86_64
               ARCHS_STANDARD = arm64 x86_64
               ARCHS_STANDARD_32_64_BIT = arm64 x86_64
               ARCHS_STANDARD_64_BIT = arm64 x86_64
               ARCHS_STANDARD_INCLUDING_64_BIT = arm64 x86_64
               ARCHS_UNIVERSAL_IPHONE_OS = arm64 x86_64
               AUTOMATICALLY_MERGE_DEPENDENCIES = NO
               AUTOMATION_APPLE_EVENTS = NO
               AVAILABLE_PLATFORMS = android appletvos appletvsimulator driverkit freebsd iphoneos iphonesimulator linux macosx none openbsd qnx watchos watchsimulator webassembly xros xrsimulator
               BUILD_ACTIVE_RESOURCES_ONLY = NO
               BUILD_COMPONENTS = headers build
               BUILD_DIR = /Users/gregoriomorelli/Documents/vibra/build/ios
               BUILD_LIBRARY_FOR_DISTRIBUTION = NO
               BUILD_ONLY_KNOWN_LOCALIZATIONS = NO
               BUILD_ROOT = /Users/gregoriomorelli/Documents/vibra/ios/build
               BUILD_STYLE = 
               BUILD_VARIANTS = normal
               BUILT_PRODUCTS_DIR = /Users/gregoriomorelli/Documents/vibra/build/ios/Release-iphonesimulator/flutter_secure_storage_darwin
               BUNDLE_CONTENTS_FOLDER_PATH_deep = Contents/
               BUNDLE_EXECUTABLE_FOLDER_NAME_deep = MacOS
               BUNDLE_EXTENSIONS_FOLDER_PATH = Extensions
               BUNDLE_FORMAT = shallow
               BUNDLE_FRAMEWORKS_FOLDER_PATH = Frameworks
               BUNDLE_PLUGINS_FOLDER_PATH = PlugIns
               BUNDLE_PRIVATE_HEADERS_FOLDER_PATH = PrivateHeaders
               BUNDLE_PUBLIC_HEADERS_FOLDER_PATH = Headers
               CACHE_ROOT = /var/folders/pg/x6t89f2n7s7299rcw8hv33180000gn/C/com.apple.DeveloperTools/26.5-17F42/Xcode
               CCHROOT = /var/folders/pg/x6t89f2n7s7299rcw8hv33180000gn/C/com.apple.DeveloperTools/26.5-17F42/Xcode
               CHMOD = /bin/chmod
               CHOWN = chown
               CLANG_ANALYZER_LOCALIZABILITY_NONLOCALIZED = YES
               CLANG_ANALYZER_NONNULL = YES
               CLANG_ANALYZER_NUMBER_OBJECT_CONVERSION = YES_AGGRESSIVE
               CLANG_CACHE_FINE_GRAINED_OUTPUTS = YES
               CLANG_CXX_LANGUAGE_STANDARD = gnu++14
               CLANG_CXX_LIBRARY = libc++
               CLANG_ENABLE_EXPLICIT_MODULES = YES
               CLANG_ENABLE_MODULES = YES
               CLANG_ENABLE_OBJC_ARC = YES
               CLANG_ENABLE_OBJC_WEAK = YES
               CLANG_MODULES_BUILD_SESSION_FILE = /var/folders/pg/x6t89f2n7s7299rcw8hv33180000gn/C/org.llvm.clang/ModuleCache.noindex/Session.modulevalidation
               CLANG_WARN_BLOCK_CAPTURE_AUTORELEASING = YES
               CLANG_WARN_BOOL_CONVERSION = YES
               CLANG_WARN_COMMA = YES
               CLANG_WARN_CONSTANT_CONVERSION = YES
               CLANG_WARN_DEPRECATED_OBJC_IMPLEMENTATIONS = YES
               CLANG_WARN_DIRECT_OBJC_ISA_USAGE = YES_ERROR
               CLANG_WARN_DOCUMENTATION_COMMENTS = YES
               CLANG_WARN_EMPTY_BODY = YES
               CLANG_WARN_ENUM_CONVERSION = YES
               CLANG_WARN_INFINITE_RECURSION = YES
               CLANG_WARN_INT_CONVERSION = YES
               CLANG_WARN_NON_LITERAL_NULL_CONVERSION = YES
               CLANG_WARN_OBJC_IMPLICIT_RETAIN_SELF = YES
               CLANG_WARN_OBJC_LITERAL_CONVERSION = YES
               CLANG_WARN_OBJC_ROOT_CLASS = YES_ERROR
               CLANG_WARN_QUOTED_INCLUDE_IN_FRAMEWORK_HEADER = NO
               CLANG_WARN_RANGE_LOOP_ANALYSIS = YES
               CLANG_WARN_STRICT_PROTOTYPES = YES
               CLANG_WARN_SUSPICIOUS_MOVE = YES
               CLANG_WARN_UNGUARDED_AVAILABILITY = YES_AGGRESSIVE
               CLANG_WARN_UNREACHABLE_CODE = YES
               CLANG_WARN__DUPLICATE_METHOD_MATCH = YES
               CLASS_FILE_DIR = /Users/gregoriomorelli/Documents/vibra/build/ios/Pods.build/Release-iphonesimulator/flutter_secure_storage_darwin-flutter_secure_storage.build/JavaClasses
               CLEAN_PRECOMPS = YES
               CLONE_HEADERS = NO
               CODESIGNING_FOLDER_PATH = /Users/gregoriomorelli/Documents/vibra/build/ios/Release-iphonesimulator/flutter_secure_storage_darwin/flutter_secure_storage.bundle
               CODE_SIGNING_ALLOWED = NO
               CODE_SIGNING_IDENTITY = -
               CODE_SIGNING_REQUIRED = NO
               CODE_SIGN_CONTEXT_CLASS = XCiPhoneSimulatorCodeSignContext
               CODE_SIGN_IDENTITY = -
               CODE_SIGN_INJECT_BASE_ENTITLEMENTS = YES
               COLOR_DIAGNOSTICS = NO
               COMBINE_HIDPI_IMAGES = NO
               COMPILATION_CACHE_CAS_PATH = /var/folders/pg/x6t89f2n7s7299rcw8hv33180000gn/C/com.apple.DeveloperTools/26.5-17F42/Xcode/CompilationCache.noindex
               COMPILATION_CACHE_KEEP_CAS_DIRECTORY = YES
               COMPILER_INDEX_STORE_ENABLE = Default
               COMPOSITE_SDK_DIRS = /Users/gregoriomorelli/Documents/vibra/build/ios/CompositeSDKs
               COMPRESS_PNG_FILES = YES
               CONFIGURATION = Release
               CONFIGURATION_BUILD_DIR = /Users/gregoriomorelli/Documents/vibra/build/ios/Release-iphonesimulator/flutter_secure_storage_darwin
               CONFIGURATION_TEMP_DIR = /Users/gregoriomorelli/Documents/vibra/build/ios/Pods.build/Release-iphonesimulator
               CONTENTS_FOLDER_PATH = flutter_secure_storage.bundle
               CONTENTS_FOLDER_PATH_SHALLOW_BUNDLE_NO = flutter_secure_storage.bundle/Contents
               CONTENTS_FOLDER_PATH_SHALLOW_BUNDLE_YES = flutter_secure_storage.bundle
               COPYING_PRESERVES_HFS_DATA = NO
               COPY_HEADERS_RUN_UNIFDEF = NO
               COPY_PHASE_STRIP = NO
               CORRESPONDING_DEVICE_PLATFORM_DIR = /Applications/Xcode.app/Contents/Developer/Platforms/iPhoneOS.platform
               CORRESPONDING_DEVICE_PLATFORM_NAME = iphoneos
               CORRESPONDING_DEVICE_SDK_DIR = /Applications/Xcode.app/Contents/Developer/Platforms/iPhoneOS.platform/Developer/SDKs/iPhoneOS26.5.sdk
               CORRESPONDING_DEVICE_SDK_NAME = iphoneos26.5
               CP = /bin/cp
               CREATE_INFOPLIST_SECTION_IN_BINARY = NO
               CURRENT_ARCH = undefined_arch
               CURRENT_VARIANT = normal
               DEAD_CODE_STRIPPING = YES
               DEBUGGING_SYMBOLS = YES
               DEBUG_INFORMATION_FORMAT = dwarf-with-dsym
               DEBUG_INFORMATION_VERSION = compiler-default
               DEFAULT_COMPILER = com.apple.compilers.llvm.clang.1_0
               DEFAULT_DEXT_INSTALL_PATH = /System/Library/DriverExtensions
               DEFAULT_KEXT_INSTALL_PATH = /System/Library/Extensions
               DEFINES_MODULE = YES
               DEPLOYMENT_LOCATION = NO
               DEPLOYMENT_POSTPROCESSING = NO
               DEPLOYMENT_TARGET_SETTING_NAME = IPHONEOS_DEPLOYMENT_TARGET
               DEPLOYMENT_TARGET_SUGGESTED_VALUES = 12.0 12.1 12.2 12.3 12.4 13.0 13.1 13.2 13.3 13.4 13.5 13.6 14.0 14.1 14.2 14.3 14.4 14.5 14.6 14.7 15.0 15.1 15.2 15.3 15.4 15.5 15.6 16.0 16.1 16.2 16.3 16.4 16.5 16.6 17.0 17.1 17.2 17.3 17.4 17.5 17.6 18.0 18.1 18.2 18.3 18.4 18.5 18.6 26.0 26.2 26.3 26.4 26.5
               DERIVED_FILES_DIR = /Users/gregoriomorelli/Documents/vibra/build/ios/Pods.build/Release-iphonesimulator/flutter_secure_storage_darwin-flutter_secure_storage.build/DerivedSources
               DERIVED_FILE_DIR = /Users/gregoriomorelli/Documents/vibra/build/ios/Pods.build/Release-iphonesimulator/flutter_secure_storage_darwin-flutter_secure_storage.build/DerivedSources
               DERIVED_SOURCES_DIR = /Users/gregoriomorelli/Documents/vibra/build/ios/Pods.build/Release-iphonesimulator/flutter_secure_storage_darwin-flutter_secure_storage.build/DerivedSources
               DEVELOPER_APPLICATIONS_DIR = /Applications/Xcode.app/Contents/Developer/Applications
               DEVELOPER_BIN_DIR = /Applications/Xcode.app/Contents/Developer/usr/bin
               DEVELOPER_DIR = /Applications/Xcode.app/Contents/Developer
               DEVELOPER_FRAMEWORKS_DIR = /Applications/Xcode.app/Contents/Developer/Library/Frameworks
               DEVELOPER_FRAMEWORKS_DIR_QUOTED = /Applications/Xcode.app/Contents/Developer/Library/Frameworks
               DEVELOPER_LIBRARY_DIR = /Applications/Xcode.app/Contents/Developer/Library
               DEVELOPER_SDK_DIR = /Applications/Xcode.app/Contents/Developer/Platforms/MacOSX.platform/Developer/SDKs
               DEVELOPER_TOOLS_DIR = /Applications/Xcode.app/Contents/Developer/Tools
               DEVELOPER_USR_DIR = /Applications/Xcode.app/Contents/Developer/usr
               DEVELOPMENT_LANGUAGE = en
               DIAGNOSE_MISSING_TARGET_DEPENDENCIES = YES
               DIFF = /usr/bin/diff
               DOCUMENTATION_FOLDER_PATH = flutter_secure_storage.bundle/en.lproj/Documentation
               DONT_GENERATE_INFOPLIST_FILE = NO
               DRIVERKIT_DEPLOYMENT_TARGET = 25.5
               DSTROOT = /tmp/Pods.dst
               DT_TOOLCHAIN_DIR = /Applications/Xcode.app/Contents/Developer/Toolchains/XcodeDefault.xctoolchain
               DUMP_DEPENDENCIES = NO
               DUMP_DEPENDENCIES_OUTPUT_PATH = /Users/gregoriomorelli/Documents/vibra/build/ios/Pods.build/Release-iphonesimulator/flutter_secure_storage_darwin-flutter_secure_storage.build/flutter_secure_storage_darwin-flutter_secure_storage-BuildDependencyInfo.json
               DWARF_DSYM_FILE_NAME = flutter_secure_storage.bundle.dSYM
               DWARF_DSYM_FILE_SHOULD_ACCOMPANY_PRODUCT = NO
               DWARF_DSYM_FOLDER_PATH = /Users/gregoriomorelli/Documents/vibra/build/ios/Release-iphonesimulator/flutter_secure_storage_darwin
               DYNAMIC_LIBRARY_EXTENSION = dylib
               EAGER_COMPILATION_ALLOW_SCRIPTS = NO
               EAGER_LINKING = NO
               EFFECTIVE_PLATFORM_NAME = -iphonesimulator
               EFFECTIVE_SWIFT_VERSION = 5
               EMBEDDED_CONTENT_CONTAINS_SWIFT = NO
               EMBED_ASSET_PACKS_IN_PRODUCT_BUNDLE = NO
               ENABLE_APP_SANDBOX = NO
               ENABLE_CODE_COVERAGE = YES
               ENABLE_COHORT_ARCHS = NO
               ENABLE_CPLUSPLUS_BOUNDS_SAFE_BUFFERS = NO
               ENABLE_C_BOUNDS_SAFETY = NO
               ENABLE_DEFAULT_HEADER_SEARCH_PATHS = YES
               ENABLE_DEFAULT_SEARCH_PATHS = YES
               ENABLE_ENHANCED_SECURITY = NO
               ENABLE_HARDENED_RUNTIME = NO
               ENABLE_HEADER_DEPENDENCIES = YES
               ENABLE_INCOMING_NETWORK_CONNECTIONS = NO
               ENABLE_NS_ASSERTIONS = NO
               ENABLE_ON_DEMAND_RESOURCES = NO
               ENABLE_OUTGOING_NETWORK_CONNECTIONS = NO
               ENABLE_POINTER_AUTHENTICATION = NO
               ENABLE_RESOURCE_ACCESS_AUDIO_INPUT = NO
               ENABLE_RESOURCE_ACCESS_BLUETOOTH = NO
               ENABLE_RESOURCE_ACCESS_CALENDARS = NO
               ENABLE_RESOURCE_ACCESS_CAMERA = NO
               ENABLE_RESOURCE_ACCESS_CONTACTS = NO
               ENABLE_RESOURCE_ACCESS_LOCATION = NO
               ENABLE_RESOURCE_ACCESS_PHOTO_LIBRARY = NO
               ENABLE_RESOURCE_ACCESS_PRINTING = NO
               ENABLE_RESOURCE_ACCESS_USB = NO
               ENABLE_SDK_IMPORTS = NO
               ENABLE_SECURITY_COMPILER_WARNINGS = NO
               ENABLE_STRICT_OBJC_MSGSEND = YES
               ENABLE_TESTABILITY = NO
               ENABLE_TESTING_SEARCH_PATHS = NO
               ENABLE_USER_SCRIPT_SANDBOXING = NO
               ENFORCE_VALID_ARCHS = YES
               ENTITLEMENTS_DESTINATION = __entitlements
               ENTITLEMENTS_REQUIRED = NO
               EXCLUDED_ARCHS = i386
               EXCLUDED_INSTALLSRC_SUBDIRECTORY_PATTERNS = .DS_Store .svn .git .hg CVS
               EXCLUDED_RECURSIVE_SEARCH_PATH_SUBDIRECTORIES = *.nib *.lproj *.framework *.gch *.xcode* *.xcassets *.icon (*) .DS_Store CVS .svn .git .hg *.pbproj *.pbxproj
               EXECUTABLES_FOLDER_PATH = flutter_secure_storage.bundle/Executables
               EXECUTABLE_FOLDER_PATH = flutter_secure_storage.bundle
               EXECUTABLE_FOLDER_PATH_SHALLOW_BUNDLE_NO = flutter_secure_storage.bundle/MacOS
               EXECUTABLE_FOLDER_PATH_SHALLOW_BUNDLE_YES = flutter_secure_storage.bundle
               EXECUTABLE_NAME = flutter_secure_storage
               EXECUTABLE_PATH = flutter_secure_storage.bundle/flutter_secure_storage
               EXPANDED_CODE_SIGN_IDENTITY = -
               EXTENSIONS_FOLDER_PATH = flutter_secure_storage.bundle/Extensions
               FILE_LIST = /Users/gregoriomorelli/Documents/vibra/build/ios/Pods.build/Release-iphonesimulator/flutter_secure_storage_darwin-flutter_secure_storage.build/Objects/LinkFileList
               FIXED_FILES_DIR = /Users/gregoriomorelli/Documents/vibra/build/ios/Pods.build/Release-iphonesimulator/flutter_secure_storage_darwin-flutter_secure_storage.build/FixedFiles
               FRAMEWORKS_FOLDER_PATH = flutter_secure_storage.bundle/Frameworks
               FRAMEWORK_FLAG_PREFIX = -framework
               FRAMEWORK_SEARCH_PATHS = /Users/gregoriomorelli/Documents/vibra/build/ios/Release-iphonesimulator/flutter_secure_storage_darwin 
               FRAMEWORK_VERSION = A
               FULL_PRODUCT_NAME = flutter_secure_storage.bundle
               FUSE_BUILD_PHASES = YES
               FUSE_BUILD_SCRIPT_PHASES = NO
               GCC3_VERSION = 3.3
               GCC_C_LANGUAGE_STANDARD = gnu11
               GCC_INLINES_ARE_PRIVATE_EXTERN = YES
               GCC_NO_COMMON_BLOCKS = YES
               GCC_OBJC_LEGACY_DISPATCH = YES
               GCC_PFE_FILE_C_DIALECTS = c objective-c c++ objective-c++
               GCC_PREPROCESSOR_DEFINITIONS = POD_CONFIGURATION_RELEASE=1  COCOAPODS=1
               GCC_TREAT_WARNINGS_AS_ERRORS = NO
               GCC_VERSION = com.apple.compilers.llvm.clang.1_0
               GCC_VERSION_IDENTIFIER = com_apple_compilers_llvm_clang_1_0
               GCC_WARN_64_TO_32_BIT_CONVERSION = YES
               GCC_WARN_ABOUT_RETURN_TYPE = YES_ERROR
               GCC_WARN_UNDECLARED_SELECTOR = YES
               GCC_WARN_UNINITIALIZED_AUTOS = YES_AGGRESSIVE
               GCC_WARN_UNUSED_FUNCTION = YES
               GCC_WARN_UNUSED_VARIABLE = YES
               GENERATED_MODULEMAP_DIR = /Users/gregoriomorelli/Documents/vibra/build/ios/GeneratedModuleMaps-iphonesimulator
               GENERATE_INFOPLIST_FILE = NO
               GENERATE_INTERMEDIATE_TEXT_BASED_STUBS = YES
               GENERATE_PKGINFO_FILE = NO
               GENERATE_PRELINK_OBJECT_FILE = NO
               GENERATE_PROFILING_CODE = NO
               GENERATE_TEXT_BASED_STUBS = NO
               GID = 20
               GROUP = staff
               HEADERMAP_INCLUDES_FLAT_ENTRIES_FOR_TARGET_BEING_BUILT = YES
               HEADERMAP_INCLUDES_FRAMEWORK_ENTRIES_FOR_ALL_PRODUCT_TYPES = YES
               HEADERMAP_INCLUDES_FRAMEWORK_ENTRIES_FOR_TARGETS_NOT_BEING_BUILT = YES
               HEADERMAP_INCLUDES_NONPUBLIC_NONPRIVATE_HEADERS = YES
               HEADERMAP_INCLUDES_PROJECT_HEADERS = YES
               HEADERMAP_USES_FRAMEWORK_PREFIX_ENTRIES = YES
               HEADERMAP_USES_VFS = YES
               HEADER_SEARCH_PATHS = /Users/gregoriomorelli/Documents/vibra/build/ios/Release-iphonesimulator/flutter_secure_storage_darwin/include 
               HOME = /Users/gregoriomorelli
               HOST_ARCH = arm64
               HOST_PLATFORM = macosx
               IBSC_MODULE = flutter_secure_storage_darwin
               ICONV = /usr/bin/iconv
               IMPLICIT_DEPENDENCY_DOMAIN = default
               INDEX_STORE_COMPRESS = NO
               INDEX_STORE_ONLY_PROJECT_FILES = NO
               INFOPLIST_ENABLE_CFBUNDLEICONS_MERGE = YES
               INFOPLIST_EXPAND_BUILD_SETTINGS = YES
               INFOPLIST_FILE = Target Support Files/flutter_secure_storage_darwin/ResourceBundle-flutter_secure_storage-flutter_secure_storage_darwin-Info.plist
               INFOPLIST_OUTPUT_FORMAT = binary
               INFOPLIST_PATH = flutter_secure_storage.bundle/Info.plist
               INFOPLIST_PREPROCESS = NO
               INFOSTRINGS_PATH = flutter_secure_storage.bundle/en.lproj/InfoPlist.strings
               INLINE_PRIVATE_FRAMEWORKS = NO
               INSTALLAPI_IGNORE_SKIP_INSTALL = YES
               INSTALLHDRS_COPY_PHASE = NO
               INSTALLHDRS_SCRIPT_PHASE = NO
               INSTALL_DIR = /tmp/Pods.dst
               INSTALL_GROUP = staff
               INSTALL_MODE_FLAG = u+w,go-w,a+rX
               INSTALL_OWNER = gregoriomorelli
               INSTALL_ROOT = /tmp/Pods.dst
               IPHONEOS_DEPLOYMENT_TARGET = 12.0
               IS_UNOPTIMIZED_BUILD = NO
               JAVAC_DEFAULT_FLAGS = -J-Xms64m -J-XX:NewSize=4M -J-Dfile.encoding=UTF8
               JAVA_APP_STUB = /System/Library/Frameworks/JavaVM.framework/Resources/MacOS/JavaApplicationStub
               JAVA_ARCHIVE_CLASSES = YES
               JAVA_ARCHIVE_TYPE = JAR
               JAVA_COMPILER = /usr/bin/javac
               JAVA_FOLDER_PATH = flutter_secure_storage.bundle/Java
               JAVA_FRAMEWORK_RESOURCES_DIRS = Resources
               JAVA_JAR_FLAGS = cv
               JAVA_SOURCE_SUBDIR = .
               JAVA_USE_DEPENDENCIES = YES
               JAVA_ZIP_FLAGS = -urg
               JIKES_DEFAULT_FLAGS = +E +OLDCSO
               KEEP_PRIVATE_EXTERNS = NO
               LD_DEPENDENCY_INFO_FILE = /Users/gregoriomorelli/Documents/vibra/build/ios/Pods.build/Release-iphonesimulator/flutter_secure_storage_darwin-flutter_secure_storage.build/Objects-normal/undefined_arch/flutter_secure_storage_dependency_info.dat
               LD_EXPORT_SYMBOLS = YES
               LD_GENERATE_MAP_FILE = NO
               LD_MAP_FILE_PATH = /Users/gregoriomorelli/Documents/vibra/build/ios/Pods.build/Release-iphonesimulator/flutter_secure_storage_darwin-flutter_secure_storage.build/flutter_secure_storage-LinkMap-normal-undefined_arch.txt
               LD_NO_PIE = NO
               LD_QUOTE_LINKER_ARGUMENTS_FOR_COMPILER_DRIVER = YES
               LD_SHARED_CACHE_ELIGIBLE = Automatic
               LD_WARN_DUPLICATE_LIBRARIES = NO
               LD_WARN_UNUSED_DYLIBS = NO
               LEGACY_DEVELOPER_DIR = /Applications/Xcode.app/Contents/PlugIns/Xcode3Core.ideplugin/Contents/SharedSupport/Developer
               LEX = lex
               LIBRARY_DEXT_INSTALL_PATH = /Library/DriverExtensions
               LIBRARY_FLAG_NOSPACE = YES
               LIBRARY_FLAG_PREFIX = -l
               LIBRARY_KEXT_INSTALL_PATH = /Library/Extensions
               LIBRARY_SEARCH_PATHS = /Users/gregoriomorelli/Documents/vibra/build/ios/Release-iphonesimulator/flutter_secure_storage_darwin /Applications/Xcode.app/Contents/Developer/Toolchains/XcodeDefault.xctoolchain/usr/lib/swift/iphonesimulator /Applications/Xcode.app/Contents/Developer/Platforms/iPhoneSimulator.platform/Developer/SDKs/iPhoneSimulator26.5.sdk/usr/lib/swift
               LINKER_DISPLAYS_MANGLED_NAMES = NO
               LINK_FILE_LIST_normal_arm64 = /Users/gregoriomorelli/Documents/vibra/build/ios/Pods.build/Release-iphonesimulator/flutter_secure_storage_darwin-flutter_secure_storage.build/Objects-normal/arm64/flutter_secure_storage.LinkFileList
               LINK_FILE_LIST_normal_x86_64 = /Users/gregoriomorelli/Documents/vibra/build/ios/Pods.build/Release-iphonesimulator/flutter_secure_storage_darwin-flutter_secure_storage.build/Objects-normal/x86_64/flutter_secure_storage.LinkFileList
               LINK_OBJC_RUNTIME = YES
               LINK_WITH_STANDARD_LIBRARIES = YES
               LLVM_TARGET_TRIPLE_OS_VERSION = ios12.0
               LLVM_TARGET_TRIPLE_SUFFIX = -simulator
               LLVM_TARGET_TRIPLE_VENDOR = apple
               LM_AUX_CONST_METADATA_LIST_PATH_normal_arm64 = /Users/gregoriomorelli/Documents/vibra/build/ios/Pods.build/Release-iphonesimulator/flutter_secure_storage_darwin-flutter_secure_storage.build/Objects-normal/arm64/flutter_secure_storage.SwiftConstValuesFileList
               LM_AUX_CONST_METADATA_LIST_PATH_normal_x86_64 = /Users/gregoriomorelli/Documents/vibra/build/ios/Pods.build/Release-iphonesimulator/flutter_secure_storage_darwin-flutter_secure_storage.build/Objects-normal/x86_64/flutter_secure_storage.SwiftConstValuesFileList
               LOCALIZATION_EXPORT_SUPPORTED = YES
               LOCALIZATION_PREFERS_STRING_CATALOGS = NO
               LOCALIZED_RESOURCES_FOLDER_PATH = flutter_secure_storage.bundle/en.lproj
               LOCALIZED_STRING_CODE_COMMENTS = NO
               LOCALIZED_STRING_MACRO_NAMES = NSLocalizedString CFCopyLocalizedString
               LOCALIZED_STRING_SWIFTUI_SUPPORT = YES
               LOCAL_ADMIN_APPS_DIR = /Applications/Utilities
               LOCAL_APPS_DIR = /Applications
               LOCAL_DEVELOPER_DIR = /Library/Developer
               LOCAL_LIBRARY_DIR = /Library
               LOCROOT = /Users/gregoriomorelli/Documents/vibra/ios/Pods
               LOCSYMROOT = /Users/gregoriomorelli/Documents/vibra/ios/Pods
               MACH_O_TYPE = mh_bundle
               MACOSX_DEPLOYMENT_TARGET = 26.5
               MAC_OS_X_PRODUCT_BUILD_VERSION = 25F84
               MAC_OS_X_VERSION_ACTUAL = 260502
               MAC_OS_X_VERSION_MAJOR = 260000
               MAC_OS_X_VERSION_MINOR = 260500
               MAKE_MERGEABLE = NO
               MERGEABLE_LIBRARY = NO
               MERGED_BINARY_TYPE = none
               MERGE_LINKED_LIBRARIES = NO
               METAL_LIBRARY_FILE_BASE = default
               METAL_LIBRARY_OUTPUT_DIR = /Users/gregoriomorelli/Documents/vibra/build/ios/Release-iphonesimulator/flutter_secure_storage_darwin/flutter_secure_storage.bundle
               MODULES_FOLDER_PATH = flutter_secure_storage.bundle/Modules
               MTL_ENABLE_DEBUG_INFO = NO
               MTL_FAST_MATH = YES
               NATIVE_ARCH = arm64
               NATIVE_ARCH_32_BIT = arm
               NATIVE_ARCH_64_BIT = arm64
               NATIVE_ARCH_ACTUAL = arm64
               NO_COMMON = YES
               OBJC_ABI_VERSION = 2
               OBJECT_FILE_DIR = /Users/gregoriomorelli/Documents/vibra/build/ios/Pods.build/Release-iphonesimulator/flutter_secure_storage_darwin-flutter_secure_storage.build/Objects
               OBJECT_FILE_DIR_normal = /Users/gregoriomorelli/Documents/vibra/build/ios/Pods.build/Release-iphonesimulator/flutter_secure_storage_darwin-flutter_secure_storage.build/Objects-normal
               OBJROOT = /Users/gregoriomorelli/Documents/vibra/build/ios
               ONLY_ACTIVE_ARCH = NO
               OS = MACOS
               OSAC = /usr/bin/osacompile
               OTHER_SWIFT_FLAGS =  -D COCOAPODS
               PACKAGE_TYPE = com.apple.package-type.wrapper
               PASCAL_STRINGS = YES
               PATH = /Applications/Xcode.app/Contents/SharedFrameworks/SwiftBuild.framework/Versions/A/PlugIns/SWBBuildService.bundle/Contents/PlugIns/SWBUniversalPlatformPlugin.bundle/Contents/Frameworks/SWBUniversalPlatform.framework/Resources:/Applications/Xcode.app/Contents/Developer/Toolchains/XcodeDefault.xctoolchain/usr/bin:/Applications/Xcode.app/Contents/Developer/Toolchains/XcodeDefault.xctoolchain/usr/local/bin:/Applications/Xcode.app/Contents/Developer/Toolchains/XcodeDefault.xctoolchain/usr/libexec:/Applications/Xcode.app/Contents/Developer/Platforms/iPhoneSimulator.platform/usr/bin:/Applications/Xcode.app/Contents/Developer/Platforms/iPhoneSimulator.platform/usr/local/bin:/Applications/Xcode.app/Contents/Developer/Platforms/iPhoneSimulator.platform/Developer/usr/bin:/Applications/Xcode.app/Contents/Developer/Platforms/iPhoneSimulator.platform/Developer/usr/local/bin:/Applications/Xcode.app/Contents/Developer/usr/bin:/Applications/Xcode.app/Contents/Developer/usr/local/bin:/Users/gregoriomorelli/.gemini/antigravity/bin:/Users/gregoriomorelli/Library/Application Support/Antigravity/bin:/opt/homebrew/bin:/opt/homebrew/sbin:/Library/Developer/CommandLineTools/usr/bin:/Users/gregoriomorelli/development/flutter/bin:/Users/gregoriomorelli/Library/Android/sdk/platform-tools:/Users/gregoriomorelli/Library/Android/sdk/cmdline-tools/latest/bin:/Users/gregoriomorelli/Library/Android/sdk/emulator:/Users/gregoriomorelli/.antigravity-ide/antigravity-ide/bin:/Users/gregoriomorelli/.antigravity/antigravity/bin:/Applications/XAMPP/xamppfiles/bin:/Users/gregoriomorelli/develop/flutter/bin:/usr/local/bin:/System/Cryptexes/App/usr/bin:/usr/bin:/bin:/usr/sbin:/sbin:/var/run/com.apple.security.cryptexd/codex.system/bootstrap/usr/local/bin:/var/run/com.apple.security.cryptexd/codex.system/bootstrap/usr/bin:/var/run/com.apple.security.cryptexd/codex.system/bootstrap/usr/appleinternal/bin:/pkg/env/global/bin:/Users/gregoriomorelli/.spicetify
               PATH_PREFIXES_EXCLUDED_FROM_HEADER_DEPENDENCIES = /usr/include /usr/local/include /System/Library/Frameworks /System/Library/PrivateFrameworks /Applications/Xcode.app/Contents/Developer/Headers /Applications/Xcode.app/Contents/Developer/SDKs /Applications/Xcode.app/Contents/Developer/Platforms
               PBDEVELOPMENTPLIST_PATH = flutter_secure_storage.bundle/pbdevelopment.plist
               PER_ARCH_MODULE_FILE_DIR = /Users/gregoriomorelli/Documents/vibra/build/ios/Pods.build/Release-iphonesimulator/flutter_secure_storage_darwin-flutter_secure_storage.build/Objects-normal/undefined_arch
               PER_ARCH_OBJECT_FILE_DIR = /Users/gregoriomorelli/Documents/vibra/build/ios/Pods.build/Release-iphonesimulator/flutter_secure_storage_darwin-flutter_secure_storage.build/Objects-normal/undefined_arch
               PER_VARIANT_OBJECT_FILE_DIR = /Users/gregoriomorelli/Documents/vibra/build/ios/Pods.build/Release-iphonesimulator/flutter_secure_storage_darwin-flutter_secure_storage.build/Objects-normal
               PKGINFO_FILE_PATH = /Users/gregoriomorelli/Documents/vibra/build/ios/Pods.build/Release-iphonesimulator/flutter_secure_storage_darwin-flutter_secure_storage.build/PkgInfo
               PKGINFO_PATH = flutter_secure_storage.bundle/PkgInfo
               PLATFORM_DEVELOPER_APPLICATIONS_DIR = /Applications/Xcode.app/Contents/Developer/Platforms/iPhoneSimulator.platform/Developer/Applications
               PLATFORM_DEVELOPER_BIN_DIR = /Applications/Xcode.app/Contents/Developer/Platforms/iPhoneSimulator.platform/Developer/usr/bin
               PLATFORM_DEVELOPER_LIBRARY_DIR = /Applications/Xcode.app/Contents/Developer/Platforms/iPhoneSimulator.platform/Developer/Library
               PLATFORM_DEVELOPER_SDK_DIR = /Applications/Xcode.app/Contents/Developer/Platforms/iPhoneSimulator.platform/Developer/SDKs
               PLATFORM_DEVELOPER_TOOLS_DIR = /Applications/Xcode.app/Contents/Developer/Platforms/iPhoneSimulator.platform/Developer/Tools
               PLATFORM_DEVELOPER_USR_DIR = /Applications/Xcode.app/Contents/Developer/Platforms/iPhoneSimulator.platform/Developer/usr
               PLATFORM_DIR = /Applications/Xcode.app/Contents/Developer/Platforms/iPhoneSimulator.platform
               PLATFORM_DISPLAY_NAME = iOS Simulator
               PLATFORM_FAMILY_NAME = iOS
               PLATFORM_NAME = iphonesimulator
               PLATFORM_PREFERRED_ARCH = x86_64
               PLATFORM_PRODUCT_BUILD_VERSION = 23F73
               PLATFORM_REQUIRES_SWIFT_AUTOLINK_EXTRACT = NO
               PLATFORM_REQUIRES_SWIFT_MODULEWRAP = NO
               PLATFORM_USES_DSYMS = YES
               PLIST_FILE_OUTPUT_FORMAT = binary
               PLUGINS_FOLDER_PATH = flutter_secure_storage.bundle/PlugIns
               PODS_BUILD_DIR = /Users/gregoriomorelli/Documents/vibra/build/ios
               PODS_CONFIGURATION_BUILD_DIR = /Users/gregoriomorelli/Documents/vibra/build/ios/Release-iphonesimulator
               PODS_DEVELOPMENT_LANGUAGE = en
               PODS_ROOT = /Users/gregoriomorelli/Documents/vibra/ios/Pods
               PODS_TARGET_SRCROOT = /Users/gregoriomorelli/Documents/vibra/ios/Pods/../.symlinks/plugins/flutter_secure_storage_darwin/darwin
               PODS_XCFRAMEWORKS_BUILD_DIR = /Users/gregoriomorelli/Documents/vibra/build/ios/Release-iphonesimulator/XCFrameworkIntermediates
               PRECOMPS_INCLUDE_HEADERS_FROM_BUILT_PRODUCTS_DIR = YES
               PRECOMP_DESTINATION_DIR = /Users/gregoriomorelli/Documents/vibra/build/ios/Pods.build/Release-iphonesimulator/flutter_secure_storage_darwin-flutter_secure_storage.build/PrefixHeaders
               PRIVATE_HEADERS_FOLDER_PATH = flutter_secure_storage.bundle/PrivateHeaders
               PROCESSED_INFOPLIST_PATH = /Users/gregoriomorelli/Documents/vibra/build/ios/Pods.build/Release-iphonesimulator/flutter_secure_storage_darwin-flutter_secure_storage.build/Objects-normal/undefined_arch/Processed-Info.plist
               PRODUCT_BUNDLE_IDENTIFIER = org.cocoapods.flutter-secure-storage
               PRODUCT_BUNDLE_PACKAGE_TYPE = BNDL
               PRODUCT_MODULE_NAME = flutter_secure_storage
               PRODUCT_NAME = flutter_secure_storage
               PRODUCT_SETTINGS_PATH = /Users/gregoriomorelli/Documents/vibra/ios/Pods/Target Support Files/flutter_secure_storage_darwin/ResourceBundle-flutter_secure_storage-flutter_secure_storage_darwin-Info.plist
               PRODUCT_TYPE = com.apple.product-type.bundle
               PROFILING_CODE = NO
               PROJECT = Pods
               PROJECT_DERIVED_FILE_DIR = /Users/gregoriomorelli/Documents/vibra/build/ios/Pods.build/DerivedSources
               PROJECT_DIR = /Users/gregoriomorelli/Documents/vibra/ios/Pods
               PROJECT_FILE_PATH = /Users/gregoriomorelli/Documents/vibra/ios/Pods/Pods.xcodeproj
               PROJECT_GUID = bfdfe7dc352907fc980b868725387e98
               PROJECT_NAME = Pods
               PROJECT_TEMP_DIR = /Users/gregoriomorelli/Documents/vibra/build/ios/Pods.build
               PROJECT_TEMP_ROOT = /Users/gregoriomorelli/Documents/vibra/build/ios
               PUBLIC_HEADERS_FOLDER_PATH = flutter_secure_storage.bundle/Headers
               RECOMMENDED_IPHONEOS_DEPLOYMENT_TARGET = 15.0
               RECURSIVE_SEARCH_PATHS_FOLLOW_SYMLINKS = YES
               REMOVE_CVS_FROM_RESOURCES = YES
               REMOVE_GIT_FROM_RESOURCES = YES
               REMOVE_HEADERS_FROM_EMBEDDED_BUNDLES = YES
               REMOVE_HG_FROM_RESOURCES = YES
               REMOVE_STATIC_EXECUTABLES_FROM_EMBEDDED_BUNDLES = YES
               REMOVE_SVN_FROM_RESOURCES = YES
               RESCHEDULE_INDEPENDENT_HEADERS_PHASES = YES
               REZ_COLLECTOR_DIR = /Users/gregoriomorelli/Documents/vibra/build/ios/Pods.build/Release-iphonesimulator/flutter_secure_storage_darwin-flutter_secure_storage.build/ResourceManagerResources
               REZ_OBJECTS_DIR = /Users/gregoriomorelli/Documents/vibra/build/ios/Pods.build/Release-iphonesimulator/flutter_secure_storage_darwin-flutter_secure_storage.build/ResourceManagerResources/Objects
               REZ_SEARCH_PATHS = /Users/gregoriomorelli/Documents/vibra/build/ios/Release-iphonesimulator/flutter_secure_storage_darwin 
               RPATH_ORIGIN = @loader_path
               RUNTIME_EXCEPTION_ALLOW_DYLD_ENVIRONMENT_VARIABLES = NO
               RUNTIME_EXCEPTION_ALLOW_JIT = NO
               RUNTIME_EXCEPTION_ALLOW_UNSIGNED_EXECUTABLE_MEMORY = NO
               RUNTIME_EXCEPTION_DEBUGGING_TOOL = NO
               RUNTIME_EXCEPTION_DISABLE_EXECUTABLE_PAGE_PROTECTION = NO
               RUNTIME_EXCEPTION_DISABLE_LIBRARY_VALIDATION = NO
               SCANNING_PCM_KEEP_CACHE_DIRECTORY = YES
               SCAN_ALL_SOURCE_FILES_FOR_INCLUDES = NO
               SCRIPTS_FOLDER_PATH = flutter_secure_storage.bundle/Scripts
               SDKROOT = /Applications/Xcode.app/Contents/Developer/Platforms/iPhoneSimulator.platform/Developer/SDKs/iPhoneSimulator26.5.sdk
               SDK_DIR = /Applications/Xcode.app/Contents/Developer/Platforms/iPhoneSimulator.platform/Developer/SDKs/iPhoneSimulator26.5.sdk
               SDK_DIR_iphonesimulator = /Applications/Xcode.app/Contents/Developer/Platforms/iPhoneSimulator.platform/Developer/SDKs/iPhoneSimulator26.5.sdk
               SDK_DIR_iphonesimulator26_5 = /Applications/Xcode.app/Contents/Developer/Platforms/iPhoneSimulator.platform/Developer/SDKs/iPhoneSimulator26.5.sdk
               SDK_NAME = iphonesimulator26.5
               SDK_NAMES = iphonesimulator26.5
               SDK_PRODUCT_BUILD_VERSION = 23F73
               SDK_STAT_CACHE_DIR = /var/folders/pg/x6t89f2n7s7299rcw8hv33180000gn/C/com.apple.DeveloperTools/26.5-17F42/Xcode
               SDK_STAT_CACHE_ENABLE = YES
               SDK_STAT_CACHE_PATH = /var/folders/pg/x6t89f2n7s7299rcw8hv33180000gn/C/com.apple.DeveloperTools/26.5-17F42/Xcode/SDKStatCaches.noindex/iphonesimulator26.5-23F73-6cfe768891a92b912361537c460fe42b.sdkstatcache
               SDK_VERSION = 26.5
               SDK_VERSION_ACTUAL = 260500
               SDK_VERSION_MAJOR = 260000
               SDK_VERSION_MINOR = 260500
               SED = /usr/bin/sed
               SEPARATE_STRIP = NO
               SEPARATE_SYMBOL_EDIT = NO
               SET_DIR_MODE_OWNER_GROUP = YES
               SET_FILE_MODE_OWNER_GROUP = NO
               SHALLOW_BUNDLE = YES
               SHALLOW_BUNDLE_TRIPLE = ios-simulator
               SHALLOW_BUNDLE_ios_macabi = NO
               SHALLOW_BUNDLE_macos = NO
               SHARED_DERIVED_FILE_DIR = /Users/gregoriomorelli/Documents/vibra/build/ios/Release-iphonesimulator/flutter_secure_storage_darwin/DerivedSources
               SHARED_FRAMEWORKS_FOLDER_PATH = flutter_secure_storage.bundle/SharedFrameworks
               SHARED_PRECOMPS_DIR = /Users/gregoriomorelli/Documents/vibra/build/ios/SharedPrecompiledHeaders
               SHARED_SUPPORT_FOLDER_PATH = flutter_secure_storage.bundle/SharedSupport
               SKIP_INSTALL = YES
               SKIP_MERGEABLE_LIBRARY_BUNDLE_HOOK = NO
               SOURCE_ROOT = /Users/gregoriomorelli/Documents/vibra/ios/Pods
               SRCROOT = /Users/gregoriomorelli/Documents/vibra/ios/Pods
               STRINGSDATA_DIR = /Users/gregoriomorelli/Documents/vibra/build/ios/Pods.build/Release-iphonesimulator/flutter_secure_storage_darwin-flutter_secure_storage.build/Objects-normal/undefined_arch
               STRINGSDATA_ROOT = /Users/gregoriomorelli/Documents/vibra/build/ios/Pods.build/Release-iphonesimulator/flutter_secure_storage_darwin-flutter_secure_storage.build
               STRINGS_FILE_INFOPLIST_RENAME = YES
               STRINGS_FILE_OUTPUT_ENCODING = binary
               STRING_CATALOG_GENERATE_SYMBOLS = NO
               STRIP_BITCODE_FROM_COPIED_FILES = NO
               STRIP_INSTALLED_PRODUCT = NO
               STRIP_STYLE = non-global
               STRIP_SWIFT_SYMBOLS = YES
               SUPPORTED_DEVICE_FAMILIES = 1,2
               SUPPORTED_PLATFORMS = iphoneos iphonesimulator
               SUPPORTS_TEXT_BASED_API = NO
               SUPPRESS_WARNINGS = NO
               SWIFT_COMPILATION_MODE = wholemodule
               SWIFT_EMIT_CONST_VALUE_PROTOCOLS = AnyResolverProviding AppEntity AppEnum AppExtension AppIntent AppIntentsPackage AppShortcutProviding AppShortcutsProvider AppUnionValue AppUnionValueCasesProviding DynamicOptionsProvider EntityQuery ExtensionPointDefining IntentValueQuery Resolver TransientEntity _AssistantIntentsProvider _GenerativeFunctionExtractable _IntentValueRepresentable
               SWIFT_EMIT_LOC_STRINGS = NO
               SWIFT_ENABLE_EXPLICIT_MODULES = YES
               SWIFT_OPTIMIZATION_LEVEL = -O
               SWIFT_PLATFORM_TARGET_PREFIX = ios
               SWIFT_RESPONSE_FILE_PATH_normal_arm64 = /Users/gregoriomorelli/Documents/vibra/build/ios/Pods.build/Release-iphonesimulator/flutter_secure_storage_darwin-flutter_secure_storage.build/Objects-normal/arm64/flutter_secure_storage.SwiftFileList
               SWIFT_RESPONSE_FILE_PATH_normal_x86_64 = /Users/gregoriomorelli/Documents/vibra/build/ios/Pods.build/Release-iphonesimulator/flutter_secure_storage_darwin-flutter_secure_storage.build/Objects-normal/x86_64/flutter_secure_storage.SwiftFileList
               SWIFT_VERSION = 5.0
               SYMROOT = /Users/gregoriomorelli/Documents/vibra/ios/build
               SYSTEM_ADMIN_APPS_DIR = /Applications/Utilities
               SYSTEM_APPS_DIR = /Applications
               SYSTEM_CORE_SERVICES_DIR = /System/Library/CoreServices
               SYSTEM_DEMOS_DIR = /Applications/Extras
               SYSTEM_DEVELOPER_APPS_DIR = /Applications/Xcode.app/Contents/Developer/Applications
               SYSTEM_DEVELOPER_BIN_DIR = /Applications/Xcode.app/Contents/Developer/usr/bin
               SYSTEM_DEVELOPER_DEMOS_DIR = /Applications/Xcode.app/Contents/Developer/Applications/Utilities/Built Examples
               SYSTEM_DEVELOPER_DIR = /Applications/Xcode.app/Contents/Developer
               SYSTEM_DEVELOPER_DOC_DIR = /Applications/Xcode.app/Contents/Developer/ADC Reference Library
               SYSTEM_DEVELOPER_GRAPHICS_TOOLS_DIR = /Applications/Xcode.app/Contents/Developer/Applications/Graphics Tools
               SYSTEM_DEVELOPER_JAVA_TOOLS_DIR = /Applications/Xcode.app/Contents/Developer/Applications/Java Tools
               SYSTEM_DEVELOPER_PERFORMANCE_TOOLS_DIR = /Applications/Xcode.app/Contents/Developer/Applications/Performance Tools
               SYSTEM_DEVELOPER_RELEASENOTES_DIR = /Applications/Xcode.app/Contents/Developer/ADC Reference Library/releasenotes
               SYSTEM_DEVELOPER_TOOLS = /Applications/Xcode.app/Contents/Developer/Tools
               SYSTEM_DEVELOPER_TOOLS_DOC_DIR = /Applications/Xcode.app/Contents/Developer/ADC Reference Library/documentation/DeveloperTools
               SYSTEM_DEVELOPER_TOOLS_RELEASENOTES_DIR = /Applications/Xcode.app/Contents/Developer/ADC Reference Library/releasenotes/DeveloperTools
               SYSTEM_DEVELOPER_USR_DIR = /Applications/Xcode.app/Contents/Developer/usr
               SYSTEM_DEVELOPER_UTILITIES_DIR = /Applications/Xcode.app/Contents/Developer/Applications/Utilities
               SYSTEM_DEXT_INSTALL_PATH = /System/Library/DriverExtensions
               SYSTEM_DOCUMENTATION_DIR = /Library/Documentation
               SYSTEM_EXTENSIONS_FOLDER_PATH = flutter_secure_storage.bundle/SystemExtensions
               SYSTEM_EXTENSIONS_FOLDER_PATH_SHALLOW_BUNDLE_NO = flutter_secure_storage.bundle/Library/SystemExtensions
               SYSTEM_EXTENSIONS_FOLDER_PATH_SHALLOW_BUNDLE_YES = flutter_secure_storage.bundle/SystemExtensions
               SYSTEM_KEXT_INSTALL_PATH = /System/Library/Extensions
               SYSTEM_LIBRARY_DIR = /System/Library
               TAPI_DEMANGLE = YES
               TAPI_ENABLE_PROJECT_HEADERS = NO
               TAPI_LANGUAGE = objective-c
               TAPI_LANGUAGE_STANDARD = compiler-default
               TAPI_USE_SRCROOT = YES
               TAPI_VERIFY_MODE = Pedantic
               TARGETED_DEVICE_FAMILY = 1,2
               TARGETNAME = flutter_secure_storage_darwin-flutter_secure_storage
               TARGET_BUILD_DIR = /Users/gregoriomorelli/Documents/vibra/build/ios/Release-iphonesimulator/flutter_secure_storage_darwin
               TARGET_NAME = flutter_secure_storage_darwin-flutter_secure_storage
               TARGET_TEMP_DIR = /Users/gregoriomorelli/Documents/vibra/build/ios/Pods.build/Release-iphonesimulator/flutter_secure_storage_darwin-flutter_secure_storage.build
               TEMP_DIR = /Users/gregoriomorelli/Documents/vibra/build/ios/Pods.build/Release-iphonesimulator/flutter_secure_storage_darwin-flutter_secure_storage.build
               TEMP_FILES_DIR = /Users/gregoriomorelli/Documents/vibra/build/ios/Pods.build/Release-iphonesimulator/flutter_secure_storage_darwin-flutter_secure_storage.build
               TEMP_FILE_DIR = /Users/gregoriomorelli/Documents/vibra/build/ios/Pods.build/Release-iphonesimulator/flutter_secure_storage_darwin-flutter_secure_storage.build
               TEMP_ROOT = /Users/gregoriomorelli/Documents/vibra/build/ios
               TEMP_SANDBOX_DIR = /Users/gregoriomorelli/Documents/vibra/build/ios/TemporaryTaskSandboxes
               TEST_FRAMEWORK_SEARCH_PATHS =  /Applications/Xcode.app/Contents/Developer/Platforms/iPhoneSimulator.platform/Developer/Library/Frameworks /Applications/Xcode.app/Contents/Developer/Platforms/iPhoneSimulator.platform/Developer/SDKs/iPhoneSimulator26.5.sdk/Developer/Library/Frameworks
               TEST_LIBRARY_SEARCH_PATHS =  /Applications/Xcode.app/Contents/Developer/Platforms/iPhoneSimulator.platform/Developer/usr/lib
               TOOLCHAINS = com.apple.dt.toolchain.XcodeDefault
               TOOLCHAIN_DIR = /Applications/Xcode.app/Contents/Developer/Toolchains/XcodeDefault.xctoolchain
               TREAT_MISSING_BASELINES_AS_TEST_FAILURES = NO
               TREAT_MISSING_SCRIPT_PHASE_OUTPUTS_AS_ERRORS = NO
               TVOS_DEPLOYMENT_TARGET = 26.5
               UID = 501
               UNINSTALLED_PRODUCTS_DIR = /Users/gregoriomorelli/Documents/vibra/build/ios/UninstalledProducts
               UNLOCALIZED_RESOURCES_FOLDER_PATH = flutter_secure_storage.bundle
               UNLOCALIZED_RESOURCES_FOLDER_PATH_SHALLOW_BUNDLE_NO = flutter_secure_storage.bundle/Resources
               UNLOCALIZED_RESOURCES_FOLDER_PATH_SHALLOW_BUNDLE_YES = flutter_secure_storage.bundle
               UNSTRIPPED_PRODUCT = NO
               USER = gregoriomorelli
               USER_APPS_DIR = /Users/gregoriomorelli/Applications
               USER_LIBRARY_DIR = /Users/gregoriomorelli/Library
               USE_DYNAMIC_NO_PIC = YES
               USE_HEADERMAP = YES
               USE_HEADER_SYMLINKS = NO
               USE_RECURSIVE_SCRIPT_INPUTS_IN_SCRIPT_PHASES = YES
               VALIDATE_DEVELOPMENT_ASSET_PATHS = YES_ERROR
               VALIDATE_PRODUCT = NO
               VALID_ARCHS = arm64 x86_64
               VERBOSE_PBXCP = NO
               VERSIONPLIST_PATH = flutter_secure_storage.bundle/version.plist
               VERSION_INFO_BUILDER = gregoriomorelli
               VERSION_INFO_FILE = flutter_secure_storage_vers.c
               VERSION_INFO_STRING = "@(#)PROGRAM:flutter_secure_storage  PROJECT:Pods-"
               WATCHOS_DEPLOYMENT_TARGET = 26.5
               WORKSPACE_DIR = /Users/gregoriomorelli/Documents/vibra/ios/Pods/Pods.xcodeproj
               WRAPPER_EXTENSION = bundle
               WRAPPER_NAME = flutter_secure_storage.bundle
               WRAPPER_SUFFIX = .bundle
               WRAP_ASSET_PACKS_IN_SEPARATE_DIRECTORIES = NO
               XCODE_APP_SUPPORT_DIR = /Applications/Xcode.app/Contents/Developer/Library/Xcode
               XCODE_PRODUCT_BUILD_VERSION = 17F42
               XCODE_VERSION_ACTUAL = 2650
               XCODE_VERSION_MAJOR = 2600
               XCODE_VERSION_MINOR = 2650
               XPCSERVICES_FOLDER_PATH = flutter_secure_storage.bundle/XPCServices
               XROS_DEPLOYMENT_TARGET = 26.5
               YACC = yacc
               _DISCOVER_COMMAND_LINE_LINKER_INPUTS = YES
               _DISCOVER_COMMAND_LINE_LINKER_INPUTS_INCLUDE_WL = YES
               _LD_MULTIARCH = YES
               _WRAPPER_CONTENTS_DIR_SHALLOW_BUNDLE_NO = /Contents
               _WRAPPER_PARENT_PATH_SHALLOW_BUNDLE_NO = /..
               _WRAPPER_RESOURCES_DIR_SHALLOW_BUNDLE_NO = /Resources
               __DIAGNOSE_DEPRECATED_ARCHS = YES
               __ORIGINAL_SDK_DEFINED_LLVM_TARGET_TRIPLE_SYS = ios
               arch = undefined_arch
               variant = normal

           Build settings for action build and target flutter_web_auth_2:
               ACTION = build
               AD_HOC_CODE_SIGNING_ALLOWED = YES
               ALLOW_BUILD_REQUEST_OVERRIDES = NO
               ALLOW_TARGET_PLATFORM_SPECIALIZATION = NO
               ALTERNATE_GROUP = staff
               ALTERNATE_MODE = u+w,go-w,a+rX
               ALTERNATE_OWNER = gregoriomorelli
               ALTERNATIVE_DISTRIBUTION_WEB = NO
               ALWAYS_EMBED_SWIFT_STANDARD_LIBRARIES = NO
               ALWAYS_SEARCH_USER_PATHS = NO
               ALWAYS_USE_SEPARATE_HEADERMAPS = NO
               APPLICATION_EXTENSION_API_ONLY = NO
               APPLY_RULES_IN_COPY_FILES = NO
               APPLY_RULES_IN_COPY_HEADERS = NO
               APP_SHORTCUTS_ENABLE_FLEXIBLE_MATCHING = YES
               ARCHS = arm64 x86_64
               ARCHS_BASE = arm64 x86_64
               ARCHS_STANDARD = arm64 x86_64
               ARCHS_STANDARD_32_64_BIT = arm64 x86_64
               ARCHS_STANDARD_64_BIT = arm64 x86_64
               ARCHS_STANDARD_INCLUDING_64_BIT = arm64 x86_64
               ARCHS_UNIVERSAL_IPHONE_OS = arm64 x86_64
               AUTOMATICALLY_MERGE_DEPENDENCIES = NO
               AUTOMATION_APPLE_EVENTS = NO
               AVAILABLE_PLATFORMS = android appletvos appletvsimulator driverkit freebsd iphoneos iphonesimulator linux macosx none openbsd qnx watchos watchsimulator webassembly xros xrsimulator
               BUILD_ACTIVE_RESOURCES_ONLY = NO
               BUILD_COMPONENTS = headers build
               BUILD_DIR = /Users/gregoriomorelli/Documents/vibra/build/ios
               BUILD_LIBRARY_FOR_DISTRIBUTION = NO
               BUILD_ONLY_KNOWN_LOCALIZATIONS = NO
               BUILD_ROOT = /Users/gregoriomorelli/Documents/vibra/ios/build
               BUILD_STYLE = 
               BUILD_VARIANTS = normal
               BUILT_PRODUCTS_DIR = /Users/gregoriomorelli/Documents/vibra/build/ios/Release-iphonesimulator/flutter_web_auth_2
               BUNDLE_CONTENTS_FOLDER_PATH_deep = Contents/
               BUNDLE_EXECUTABLE_FOLDER_NAME_deep = MacOS
               BUNDLE_EXTENSIONS_FOLDER_PATH = Extensions
               BUNDLE_FORMAT = shallow
               BUNDLE_FRAMEWORKS_FOLDER_PATH = Frameworks
               BUNDLE_PLUGINS_FOLDER_PATH = PlugIns
               BUNDLE_PRIVATE_HEADERS_FOLDER_PATH = PrivateHeaders
               BUNDLE_PUBLIC_HEADERS_FOLDER_PATH = Headers
               CACHE_ROOT = /var/folders/pg/x6t89f2n7s7299rcw8hv33180000gn/C/com.apple.DeveloperTools/26.5-17F42/Xcode
               CCHROOT = /var/folders/pg/x6t89f2n7s7299rcw8hv33180000gn/C/com.apple.DeveloperTools/26.5-17F42/Xcode
               CHMOD = /bin/chmod
               CHOWN = chown
               CLANG_ANALYZER_LOCALIZABILITY_NONLOCALIZED = YES
               CLANG_ANALYZER_NONNULL = YES
               CLANG_ANALYZER_NUMBER_OBJECT_CONVERSION = YES_AGGRESSIVE
               CLANG_CACHE_FINE_GRAINED_OUTPUTS = YES
               CLANG_CXX_LANGUAGE_STANDARD = gnu++14
               CLANG_CXX_LIBRARY = libc++
               CLANG_ENABLE_EXPLICIT_MODULES = YES
               CLANG_ENABLE_MODULES = YES
               CLANG_ENABLE_OBJC_ARC = YES
               CLANG_ENABLE_OBJC_WEAK = NO
               CLANG_MODULES_BUILD_SESSION_FILE = /var/folders/pg/x6t89f2n7s7299rcw8hv33180000gn/C/org.llvm.clang/ModuleCache.noindex/Session.modulevalidation
               CLANG_WARN_BLOCK_CAPTURE_AUTORELEASING = YES
               CLANG_WARN_BOOL_CONVERSION = YES
               CLANG_WARN_COMMA = YES
               CLANG_WARN_CONSTANT_CONVERSION = YES
               CLANG_WARN_DEPRECATED_OBJC_IMPLEMENTATIONS = YES
               CLANG_WARN_DIRECT_OBJC_ISA_USAGE = YES_ERROR
               CLANG_WARN_DOCUMENTATION_COMMENTS = YES
               CLANG_WARN_EMPTY_BODY = YES
               CLANG_WARN_ENUM_CONVERSION = YES
               CLANG_WARN_INFINITE_RECURSION = YES
               CLANG_WARN_INT_CONVERSION = YES
               CLANG_WARN_NON_LITERAL_NULL_CONVERSION = YES
               CLANG_WARN_OBJC_IMPLICIT_RETAIN_SELF = YES
               CLANG_WARN_OBJC_LITERAL_CONVERSION = YES
               CLANG_WARN_OBJC_ROOT_CLASS = YES_ERROR
               CLANG_WARN_QUOTED_INCLUDE_IN_FRAMEWORK_HEADER = NO
               CLANG_WARN_RANGE_LOOP_ANALYSIS = YES
               CLANG_WARN_STRICT_PROTOTYPES = YES
               CLANG_WARN_SUSPICIOUS_MOVE = YES
               CLANG_WARN_UNGUARDED_AVAILABILITY = YES_AGGRESSIVE
               CLANG_WARN_UNREACHABLE_CODE = YES
               CLANG_WARN__DUPLICATE_METHOD_MATCH = YES
               CLASS_FILE_DIR = /Users/gregoriomorelli/Documents/vibra/build/ios/Pods.build/Release-iphonesimulator/flutter_web_auth_2.build/JavaClasses
               CLEAN_PRECOMPS = YES
               CLONE_HEADERS = NO
               CODESIGNING_FOLDER_PATH = /Users/gregoriomorelli/Documents/vibra/build/ios/Release-iphonesimulator/flutter_web_auth_2/flutter_web_auth_2.framework
               CODE_SIGNING_ALLOWED = YES
               CODE_SIGNING_REQUIRED = NO
               CODE_SIGNING_REQUIRES_TEAM = YES
               CODE_SIGN_CONTEXT_CLASS = XCiPhoneSimulatorCodeSignContext
               CODE_SIGN_IDENTITY = -
               CODE_SIGN_INJECT_BASE_ENTITLEMENTS = YES
               COLOR_DIAGNOSTICS = NO
               COMBINE_HIDPI_IMAGES = NO
               COMPILATION_CACHE_CAS_PATH = /var/folders/pg/x6t89f2n7s7299rcw8hv33180000gn/C/com.apple.DeveloperTools/26.5-17F42/Xcode/CompilationCache.noindex
               COMPILATION_CACHE_KEEP_CAS_DIRECTORY = YES
               COMPILER_INDEX_STORE_ENABLE = Default
               COMPOSITE_SDK_DIRS = /Users/gregoriomorelli/Documents/vibra/build/ios/CompositeSDKs
               COMPRESS_PNG_FILES = YES
               CONFIGURATION = Release
               CONFIGURATION_BUILD_DIR = /Users/gregoriomorelli/Documents/vibra/build/ios/Release-iphonesimulator/flutter_web_auth_2
               CONFIGURATION_TEMP_DIR = /Users/gregoriomorelli/Documents/vibra/build/ios/Pods.build/Release-iphonesimulator
               CONTENTS_FOLDER_PATH = flutter_web_auth_2.framework
               CONTENTS_FOLDER_PATH_SHALLOW_BUNDLE_NO = flutter_web_auth_2.framework/A
               CONTENTS_FOLDER_PATH_SHALLOW_BUNDLE_YES = flutter_web_auth_2.framework
               COPYING_PRESERVES_HFS_DATA = NO
               COPY_HEADERS_RUN_UNIFDEF = NO
               COPY_PHASE_STRIP = NO
               CORRESPONDING_DEVICE_PLATFORM_DIR = /Applications/Xcode.app/Contents/Developer/Platforms/iPhoneOS.platform
               CORRESPONDING_DEVICE_PLATFORM_NAME = iphoneos
               CORRESPONDING_DEVICE_SDK_DIR = /Applications/Xcode.app/Contents/Developer/Platforms/iPhoneOS.platform/Developer/SDKs/iPhoneOS26.5.sdk
               CORRESPONDING_DEVICE_SDK_NAME = iphoneos26.5
               CP = /bin/cp
               CREATE_INFOPLIST_SECTION_IN_BINARY = NO
               CURRENT_ARCH = undefined_arch
               CURRENT_PROJECT_VERSION = 1
               CURRENT_VARIANT = normal
               CURRENT_VERSION = Current
               DEAD_CODE_STRIPPING = YES
               DEBUGGING_SYMBOLS = YES
               DEBUG_INFORMATION_FORMAT = dwarf-with-dsym
               DEBUG_INFORMATION_VERSION = compiler-default
               DEFAULT_COMPILER = com.apple.compilers.llvm.clang.1_0
               DEFAULT_DEXT_INSTALL_PATH = /System/Library/DriverExtensions
               DEFAULT_KEXT_INSTALL_PATH = /System/Library/Extensions
               DEFINES_MODULE = YES
               DEPLOYMENT_LOCATION = NO
               DEPLOYMENT_POSTPROCESSING = NO
               DEPLOYMENT_TARGET_SETTING_NAME = IPHONEOS_DEPLOYMENT_TARGET
               DEPLOYMENT_TARGET_SUGGESTED_VALUES = 12.0 12.1 12.2 12.3 12.4 13.0 13.1 13.2 13.3 13.4 13.5 13.6 14.0 14.1 14.2 14.3 14.4 14.5 14.6 14.7 15.0 15.1 15.2 15.3 15.4 15.5 15.6 16.0 16.1 16.2 16.3 16.4 16.5 16.6 17.0 17.1 17.2 17.3 17.4 17.5 17.6 18.0 18.1 18.2 18.3 18.4 18.5 18.6 26.0 26.2 26.3 26.4 26.5
               DERIVED_FILES_DIR = /Users/gregoriomorelli/Documents/vibra/build/ios/Pods.build/Release-iphonesimulator/flutter_web_auth_2.build/DerivedSources
               DERIVED_FILE_DIR = /Users/gregoriomorelli/Documents/vibra/build/ios/Pods.build/Release-iphonesimulator/flutter_web_auth_2.build/DerivedSources
               DERIVED_SOURCES_DIR = /Users/gregoriomorelli/Documents/vibra/build/ios/Pods.build/Release-iphonesimulator/flutter_web_auth_2.build/DerivedSources
               DEVELOPER_APPLICATIONS_DIR = /Applications/Xcode.app/Contents/Developer/Applications
               DEVELOPER_BIN_DIR = /Applications/Xcode.app/Contents/Developer/usr/bin
               DEVELOPER_DIR = /Applications/Xcode.app/Contents/Developer
               DEVELOPER_FRAMEWORKS_DIR = /Applications/Xcode.app/Contents/Developer/Library/Frameworks
               DEVELOPER_FRAMEWORKS_DIR_QUOTED = /Applications/Xcode.app/Contents/Developer/Library/Frameworks
               DEVELOPER_LIBRARY_DIR = /Applications/Xcode.app/Contents/Developer/Library
               DEVELOPER_SDK_DIR = /Applications/Xcode.app/Contents/Developer/Platforms/MacOSX.platform/Developer/SDKs
               DEVELOPER_TOOLS_DIR = /Applications/Xcode.app/Contents/Developer/Tools
               DEVELOPER_USR_DIR = /Applications/Xcode.app/Contents/Developer/usr
               DEVELOPMENT_LANGUAGE = en
               DIAGNOSE_MISSING_TARGET_DEPENDENCIES = YES
               DIFF = /usr/bin/diff
               DOCUMENTATION_FOLDER_PATH = flutter_web_auth_2.framework/en.lproj/Documentation
               DONT_GENERATE_INFOPLIST_FILE = NO
               DRIVERKIT_DEPLOYMENT_TARGET = 25.5
               DSTROOT = /tmp/Pods.dst
               DT_TOOLCHAIN_DIR = /Applications/Xcode.app/Contents/Developer/Toolchains/XcodeDefault.xctoolchain
               DUMP_DEPENDENCIES = NO
               DUMP_DEPENDENCIES_OUTPUT_PATH = /Users/gregoriomorelli/Documents/vibra/build/ios/Pods.build/Release-iphonesimulator/flutter_web_auth_2.build/flutter_web_auth_2-BuildDependencyInfo.json
               DWARF_DSYM_FILE_NAME = flutter_web_auth_2.framework.dSYM
               DWARF_DSYM_FILE_SHOULD_ACCOMPANY_PRODUCT = NO
               DWARF_DSYM_FOLDER_PATH = /Users/gregoriomorelli/Documents/vibra/build/ios/Release-iphonesimulator/flutter_web_auth_2
               DYLIB_COMPATIBILITY_VERSION = 1
               DYLIB_CURRENT_VERSION = 1
               DYLIB_INSTALL_NAME_BASE = @rpath
               DYNAMIC_LIBRARY_EXTENSION = dylib
               EAGER_COMPILATION_ALLOW_SCRIPTS = NO
               EAGER_LINKING = NO
               EFFECTIVE_PLATFORM_NAME = -iphonesimulator
               EFFECTIVE_SWIFT_VERSION = 5
               EMBEDDED_CONTENT_CONTAINS_SWIFT = NO
               EMBED_ASSET_PACKS_IN_PRODUCT_BUNDLE = NO
               ENABLE_APP_SANDBOX = NO
               ENABLE_BITCODE = NO
               ENABLE_CODE_COVERAGE = YES
               ENABLE_COHORT_ARCHS = NO
               ENABLE_CPLUSPLUS_BOUNDS_SAFE_BUFFERS = NO
               ENABLE_C_BOUNDS_SAFETY = NO
               ENABLE_DEFAULT_HEADER_SEARCH_PATHS = YES
               ENABLE_DEFAULT_SEARCH_PATHS = YES
               ENABLE_ENHANCED_SECURITY = NO
               ENABLE_HARDENED_RUNTIME = NO
               ENABLE_HEADER_DEPENDENCIES = YES
               ENABLE_INCOMING_NETWORK_CONNECTIONS = NO
               ENABLE_MODULE_VERIFIER = NO
               ENABLE_NS_ASSERTIONS = NO
               ENABLE_ON_DEMAND_RESOURCES = NO
               ENABLE_OUTGOING_NETWORK_CONNECTIONS = NO
               ENABLE_POINTER_AUTHENTICATION = NO
               ENABLE_RESOURCE_ACCESS_AUDIO_INPUT = NO
               ENABLE_RESOURCE_ACCESS_BLUETOOTH = NO
               ENABLE_RESOURCE_ACCESS_CALENDARS = NO
               ENABLE_RESOURCE_ACCESS_CAMERA = NO
               ENABLE_RESOURCE_ACCESS_CONTACTS = NO
               ENABLE_RESOURCE_ACCESS_LOCATION = NO
               ENABLE_RESOURCE_ACCESS_PHOTO_LIBRARY = NO
               ENABLE_RESOURCE_ACCESS_PRINTING = NO
               ENABLE_RESOURCE_ACCESS_USB = NO
               ENABLE_SDK_IMPORTS = NO
               ENABLE_SECURITY_COMPILER_WARNINGS = NO
               ENABLE_STRICT_OBJC_MSGSEND = YES
               ENABLE_TESTABILITY = NO
               ENABLE_TESTING_SEARCH_PATHS = NO
               ENABLE_USER_SCRIPT_SANDBOXING = NO
               ENFORCE_VALID_ARCHS = YES
               ENTITLEMENTS_DESTINATION = __entitlements
               ENTITLEMENTS_REQUIRED = NO
               EXCLUDED_ARCHS = i386 i386
               EXCLUDED_INSTALLSRC_SUBDIRECTORY_PATTERNS = .DS_Store .svn .git .hg CVS
               EXCLUDED_RECURSIVE_SEARCH_PATH_SUBDIRECTORIES = *.nib *.lproj *.framework *.gch *.xcode* *.xcassets *.icon (*) .DS_Store CVS .svn .git .hg *.pbproj *.pbxproj
               EXECUTABLES_FOLDER_PATH = flutter_web_auth_2.framework/en.lproj
               EXECUTABLE_FOLDER_PATH = flutter_web_auth_2.framework
               EXECUTABLE_FOLDER_PATH_SHALLOW_BUNDLE_NO = flutter_web_auth_2.framework
               EXECUTABLE_FOLDER_PATH_SHALLOW_BUNDLE_YES = flutter_web_auth_2.framework
               EXECUTABLE_NAME = flutter_web_auth_2
               EXECUTABLE_PATH = flutter_web_auth_2.framework/flutter_web_auth_2
               EXTENSIONS_FOLDER_PATH = flutter_web_auth_2.framework/Extensions
               FILE_LIST = /Users/gregoriomorelli/Documents/vibra/build/ios/Pods.build/Release-iphonesimulator/flutter_web_auth_2.build/Objects/LinkFileList
               FIXED_FILES_DIR = /Users/gregoriomorelli/Documents/vibra/build/ios/Pods.build/Release-iphonesimulator/flutter_web_auth_2.build/FixedFiles
               FRAMEWORKS_FOLDER_PATH = flutter_web_auth_2.framework/Frameworks
               FRAMEWORK_FLAG_PREFIX = -framework
               FRAMEWORK_SEARCH_PATHS = /Users/gregoriomorelli/Documents/vibra/build/ios/Release-iphonesimulator/flutter_web_auth_2 "/Users/gregoriomorelli/development/flutter/bin/cache/artifacts/engine/ios-release/Flutter.xcframework/ios-arm64_x86_64-simulator" 
               FRAMEWORK_VERSION = A
               FULL_PRODUCT_NAME = flutter_web_auth_2.framework
               FUSE_BUILD_PHASES = YES
               FUSE_BUILD_SCRIPT_PHASES = NO
               GCC3_VERSION = 3.3
               GCC_C_LANGUAGE_STANDARD = gnu11
               GCC_INLINES_ARE_PRIVATE_EXTERN = YES
               GCC_NO_COMMON_BLOCKS = YES
               GCC_OBJC_LEGACY_DISPATCH = YES
               GCC_PFE_FILE_C_DIALECTS = c objective-c c++ objective-c++
               GCC_PREFIX_HEADER = Target Support Files/flutter_web_auth_2/flutter_web_auth_2-prefix.pch
               GCC_PREPROCESSOR_DEFINITIONS = POD_CONFIGURATION_RELEASE=1  COCOAPODS=1
               GCC_TREAT_WARNINGS_AS_ERRORS = NO
               GCC_VERSION = com.apple.compilers.llvm.clang.1_0
               GCC_VERSION_IDENTIFIER = com_apple_compilers_llvm_clang_1_0
               GCC_WARN_64_TO_32_BIT_CONVERSION = YES
               GCC_WARN_ABOUT_RETURN_TYPE = YES_ERROR
               GCC_WARN_UNDECLARED_SELECTOR = YES
               GCC_WARN_UNINITIALIZED_AUTOS = YES_AGGRESSIVE
               GCC_WARN_UNUSED_FUNCTION = YES
               GCC_WARN_UNUSED_VARIABLE = YES
               GENERATED_MODULEMAP_DIR = /Users/gregoriomorelli/Documents/vibra/build/ios/GeneratedModuleMaps-iphonesimulator
               GENERATE_INFOPLIST_FILE = NO
               GENERATE_INTERMEDIATE_TEXT_BASED_STUBS = YES
               GENERATE_PKGINFO_FILE = NO
               GENERATE_PRELINK_OBJECT_FILE = NO
               GENERATE_PROFILING_CODE = NO
               GENERATE_TEXT_BASED_STUBS = NO
               GID = 20
               GROUP = staff
               HEADERMAP_INCLUDES_FLAT_ENTRIES_FOR_TARGET_BEING_BUILT = YES
               HEADERMAP_INCLUDES_FRAMEWORK_ENTRIES_FOR_ALL_PRODUCT_TYPES = YES
               HEADERMAP_INCLUDES_FRAMEWORK_ENTRIES_FOR_TARGETS_NOT_BEING_BUILT = YES
               HEADERMAP_INCLUDES_NONPUBLIC_NONPRIVATE_HEADERS = YES
               HEADERMAP_INCLUDES_PROJECT_HEADERS = YES
               HEADERMAP_USES_FRAMEWORK_PREFIX_ENTRIES = YES
               HEADERMAP_USES_VFS = YES
               HEADER_SEARCH_PATHS = /Users/gregoriomorelli/Documents/vibra/build/ios/Release-iphonesimulator/flutter_web_auth_2/include 
               HOME = /Users/gregoriomorelli
               HOST_ARCH = arm64
               HOST_PLATFORM = macosx
               ICONV = /usr/bin/iconv
               IMPLICIT_DEPENDENCY_DOMAIN = default
               INDEX_STORE_COMPRESS = NO
               INDEX_STORE_ONLY_PROJECT_FILES = NO
               INFOPLIST_ENABLE_CFBUNDLEICONS_MERGE = YES
               INFOPLIST_EXPAND_BUILD_SETTINGS = YES
               INFOPLIST_FILE = Target Support Files/flutter_web_auth_2/flutter_web_auth_2-Info.plist
               INFOPLIST_OUTPUT_FORMAT = binary
               INFOPLIST_PATH = flutter_web_auth_2.framework/Info.plist
               INFOPLIST_PREPROCESS = NO
               INFOSTRINGS_PATH = flutter_web_auth_2.framework/en.lproj/InfoPlist.strings
               INLINE_PRIVATE_FRAMEWORKS = NO
               INSTALLAPI_IGNORE_SKIP_INSTALL = YES
               INSTALLHDRS_COPY_PHASE = NO
               INSTALLHDRS_SCRIPT_PHASE = NO
               INSTALL_DIR = /tmp/Pods.dst/Library/Frameworks
               INSTALL_GROUP = staff
               INSTALL_MODE_FLAG = u+w,go-w,a+rX
               INSTALL_OWNER = gregoriomorelli
               INSTALL_PATH = /Library/Frameworks
               INSTALL_ROOT = /tmp/Pods.dst
               IPHONEOS_DEPLOYMENT_TARGET = 13.0
               IS_UNOPTIMIZED_BUILD = NO
               JAVAC_DEFAULT_FLAGS = -J-Xms64m -J-XX:NewSize=4M -J-Dfile.encoding=UTF8
               JAVA_APP_STUB = /System/Library/Frameworks/JavaVM.framework/Resources/MacOS/JavaApplicationStub
               JAVA_ARCHIVE_CLASSES = YES
               JAVA_ARCHIVE_TYPE = JAR
               JAVA_COMPILER = /usr/bin/javac
               JAVA_FOLDER_PATH = flutter_web_auth_2.framework/Java
               JAVA_FRAMEWORK_RESOURCES_DIRS = Resources
               JAVA_JAR_FLAGS = cv
               JAVA_SOURCE_SUBDIR = .
               JAVA_USE_DEPENDENCIES = YES
               JAVA_ZIP_FLAGS = -urg
               JIKES_DEFAULT_FLAGS = +E +OLDCSO
               KEEP_PRIVATE_EXTERNS = NO
               LD_DEPENDENCY_INFO_FILE = /Users/gregoriomorelli/Documents/vibra/build/ios/Pods.build/Release-iphonesimulator/flutter_web_auth_2.build/Objects-normal/undefined_arch/flutter_web_auth_2_dependency_info.dat
               LD_DYLIB_INSTALL_NAME = @rpath/flutter_web_auth_2.framework/flutter_web_auth_2
               LD_EXPORT_SYMBOLS = YES
               LD_GENERATE_MAP_FILE = NO
               LD_MAP_FILE_PATH = /Users/gregoriomorelli/Documents/vibra/build/ios/Pods.build/Release-iphonesimulator/flutter_web_auth_2.build/flutter_web_auth_2-LinkMap-normal-undefined_arch.txt
               LD_NO_PIE = NO
               LD_QUOTE_LINKER_ARGUMENTS_FOR_COMPILER_DRIVER = YES
               LD_RUNPATH_SEARCH_PATHS =  @executable_path/Frameworks @loader_path/Frameworks
               LD_SHARED_CACHE_ELIGIBLE = Automatic
               LD_WARN_DUPLICATE_LIBRARIES = NO
               LD_WARN_UNUSED_DYLIBS = NO
               LEGACY_DEVELOPER_DIR = /Applications/Xcode.app/Contents/PlugIns/Xcode3Core.ideplugin/Contents/SharedSupport/Developer
               LEX = lex
               LIBRARY_DEXT_INSTALL_PATH = /Library/DriverExtensions
               LIBRARY_FLAG_NOSPACE = YES
               LIBRARY_FLAG_PREFIX = -l
               LIBRARY_KEXT_INSTALL_PATH = /Library/Extensions
               LIBRARY_SEARCH_PATHS = /Users/gregoriomorelli/Documents/vibra/build/ios/Release-iphonesimulator/flutter_web_auth_2 /Applications/Xcode.app/Contents/Developer/Toolchains/XcodeDefault.xctoolchain/usr/lib/swift/iphonesimulator /Applications/Xcode.app/Contents/Developer/Platforms/iPhoneSimulator.platform/Developer/SDKs/iPhoneSimulator26.5.sdk/usr/lib/swift
               LINKER_DISPLAYS_MANGLED_NAMES = NO
               LINK_FILE_LIST_normal_arm64 = /Users/gregoriomorelli/Documents/vibra/build/ios/Pods.build/Release-iphonesimulator/flutter_web_auth_2.build/Objects-normal/arm64/flutter_web_auth_2.LinkFileList
               LINK_FILE_LIST_normal_x86_64 = /Users/gregoriomorelli/Documents/vibra/build/ios/Pods.build/Release-iphonesimulator/flutter_web_auth_2.build/Objects-normal/x86_64/flutter_web_auth_2.LinkFileList
               LINK_OBJC_RUNTIME = YES
               LINK_WITH_STANDARD_LIBRARIES = YES
               LLVM_TARGET_TRIPLE_OS_VERSION = ios13.0
               LLVM_TARGET_TRIPLE_SUFFIX = -simulator
               LLVM_TARGET_TRIPLE_VENDOR = apple
               LM_AUX_CONST_METADATA_LIST_PATH_normal_arm64 = /Users/gregoriomorelli/Documents/vibra/build/ios/Pods.build/Release-iphonesimulator/flutter_web_auth_2.build/Objects-normal/arm64/flutter_web_auth_2.SwiftConstValuesFileList
               LM_AUX_CONST_METADATA_LIST_PATH_normal_x86_64 = /Users/gregoriomorelli/Documents/vibra/build/ios/Pods.build/Release-iphonesimulator/flutter_web_auth_2.build/Objects-normal/x86_64/flutter_web_auth_2.SwiftConstValuesFileList
               LOCALIZATION_EXPORT_SUPPORTED = YES
               LOCALIZATION_PREFERS_STRING_CATALOGS = NO
               LOCALIZED_RESOURCES_FOLDER_PATH = flutter_web_auth_2.framework/en.lproj
               LOCALIZED_STRING_CODE_COMMENTS = NO
               LOCALIZED_STRING_MACRO_NAMES = NSLocalizedString CFCopyLocalizedString
               LOCALIZED_STRING_SWIFTUI_SUPPORT = YES
               LOCAL_ADMIN_APPS_DIR = /Applications/Utilities
               LOCAL_APPS_DIR = /Applications
               LOCAL_DEVELOPER_DIR = /Library/Developer
               LOCAL_LIBRARY_DIR = /Library
               LOCROOT = /Users/gregoriomorelli/Documents/vibra/ios/Pods
               LOCSYMROOT = /Users/gregoriomorelli/Documents/vibra/ios/Pods
               MACH_O_TYPE = mh_dylib
               MACOSX_DEPLOYMENT_TARGET = 26.5
               MAC_OS_X_PRODUCT_BUILD_VERSION = 25F84
               MAC_OS_X_VERSION_ACTUAL = 260502
               MAC_OS_X_VERSION_MAJOR = 260000
               MAC_OS_X_VERSION_MINOR = 260500
               MAKE_MERGEABLE = NO
               MERGEABLE_LIBRARY = NO
               MERGED_BINARY_TYPE = none
               MERGE_LINKED_LIBRARIES = NO
               METAL_LIBRARY_FILE_BASE = default
               METAL_LIBRARY_OUTPUT_DIR = /Users/gregoriomorelli/Documents/vibra/build/ios/Release-iphonesimulator/flutter_web_auth_2/flutter_web_auth_2.framework
               MODULEMAP_FILE = Target Support Files/flutter_web_auth_2/flutter_web_auth_2.modulemap
               MODULES_FOLDER_PATH = flutter_web_auth_2.framework/Modules
               MTL_ENABLE_DEBUG_INFO = NO
               MTL_FAST_MATH = YES
               NATIVE_ARCH = arm64
               NATIVE_ARCH_32_BIT = arm
               NATIVE_ARCH_64_BIT = arm64
               NATIVE_ARCH_ACTUAL = arm64
               NO_COMMON = YES
               OBJC_ABI_VERSION = 2
               OBJECT_FILE_DIR = /Users/gregoriomorelli/Documents/vibra/build/ios/Pods.build/Release-iphonesimulator/flutter_web_auth_2.build/Objects
               OBJECT_FILE_DIR_normal = /Users/gregoriomorelli/Documents/vibra/build/ios/Pods.build/Release-iphonesimulator/flutter_web_auth_2.build/Objects-normal
               OBJROOT = /Users/gregoriomorelli/Documents/vibra/build/ios
               ONLY_ACTIVE_ARCH = NO
               OS = MACOS
               OSAC = /usr/bin/osacompile
               OTHER_LDFLAGS =  -framework Flutter
               OTHER_SWIFT_FLAGS =  -D COCOAPODS
               PACKAGE_TYPE = com.apple.package-type.wrapper.framework
               PASCAL_STRINGS = YES
               PATH = /Applications/Xcode.app/Contents/SharedFrameworks/SwiftBuild.framework/Versions/A/PlugIns/SWBBuildService.bundle/Contents/PlugIns/SWBUniversalPlatformPlugin.bundle/Contents/Frameworks/SWBUniversalPlatform.framework/Resources:/Applications/Xcode.app/Contents/Developer/Toolchains/XcodeDefault.xctoolchain/usr/bin:/Applications/Xcode.app/Contents/Developer/Toolchains/XcodeDefault.xctoolchain/usr/local/bin:/Applications/Xcode.app/Contents/Developer/Toolchains/XcodeDefault.xctoolchain/usr/libexec:/Applications/Xcode.app/Contents/Developer/Platforms/iPhoneSimulator.platform/usr/bin:/Applications/Xcode.app/Contents/Developer/Platforms/iPhoneSimulator.platform/usr/local/bin:/Applications/Xcode.app/Contents/Developer/Platforms/iPhoneSimulator.platform/Developer/usr/bin:/Applications/Xcode.app/Contents/Developer/Platforms/iPhoneSimulator.platform/Developer/usr/local/bin:/Applications/Xcode.app/Contents/Developer/usr/bin:/Applications/Xcode.app/Contents/Developer/usr/local/bin:/Users/gregoriomorelli/.gemini/antigravity/bin:/Users/gregoriomorelli/Library/Application Support/Antigravity/bin:/opt/homebrew/bin:/opt/homebrew/sbin:/Library/Developer/CommandLineTools/usr/bin:/Users/gregoriomorelli/development/flutter/bin:/Users/gregoriomorelli/Library/Android/sdk/platform-tools:/Users/gregoriomorelli/Library/Android/sdk/cmdline-tools/latest/bin:/Users/gregoriomorelli/Library/Android/sdk/emulator:/Users/gregoriomorelli/.antigravity-ide/antigravity-ide/bin:/Users/gregoriomorelli/.antigravity/antigravity/bin:/Applications/XAMPP/xamppfiles/bin:/Users/gregoriomorelli/develop/flutter/bin:/usr/local/bin:/System/Cryptexes/App/usr/bin:/usr/bin:/bin:/usr/sbin:/sbin:/var/run/com.apple.security.cryptexd/codex.system/bootstrap/usr/local/bin:/var/run/com.apple.security.cryptexd/codex.system/bootstrap/usr/bin:/var/run/com.apple.security.cryptexd/codex.system/bootstrap/usr/appleinternal/bin:/pkg/env/global/bin:/Users/gregoriomorelli/.spicetify
               PATH_PREFIXES_EXCLUDED_FROM_HEADER_DEPENDENCIES = /usr/include /usr/local/include /System/Library/Frameworks /System/Library/PrivateFrameworks /Applications/Xcode.app/Contents/Developer/Headers /Applications/Xcode.app/Contents/Developer/SDKs /Applications/Xcode.app/Contents/Developer/Platforms
               PBDEVELOPMENTPLIST_PATH = flutter_web_auth_2.framework/pbdevelopment.plist
               PER_ARCH_MODULE_FILE_DIR = /Users/gregoriomorelli/Documents/vibra/build/ios/Pods.build/Release-iphonesimulator/flutter_web_auth_2.build/Objects-normal/undefined_arch
               PER_ARCH_OBJECT_FILE_DIR = /Users/gregoriomorelli/Documents/vibra/build/ios/Pods.build/Release-iphonesimulator/flutter_web_auth_2.build/Objects-normal/undefined_arch
               PER_VARIANT_OBJECT_FILE_DIR = /Users/gregoriomorelli/Documents/vibra/build/ios/Pods.build/Release-iphonesimulator/flutter_web_auth_2.build/Objects-normal
               PKGINFO_FILE_PATH = /Users/gregoriomorelli/Documents/vibra/build/ios/Pods.build/Release-iphonesimulator/flutter_web_auth_2.build/PkgInfo
               PKGINFO_PATH = flutter_web_auth_2.framework/PkgInfo
               PLATFORM_DEVELOPER_APPLICATIONS_DIR = /Applications/Xcode.app/Contents/Developer/Platforms/iPhoneSimulator.platform/Developer/Applications
               PLATFORM_DEVELOPER_BIN_DIR = /Applications/Xcode.app/Contents/Developer/Platforms/iPhoneSimulator.platform/Developer/usr/bin
               PLATFORM_DEVELOPER_LIBRARY_DIR = /Applications/Xcode.app/Contents/Developer/Platforms/iPhoneSimulator.platform/Developer/Library
               PLATFORM_DEVELOPER_SDK_DIR = /Applications/Xcode.app/Contents/Developer/Platforms/iPhoneSimulator.platform/Developer/SDKs
               PLATFORM_DEVELOPER_TOOLS_DIR = /Applications/Xcode.app/Contents/Developer/Platforms/iPhoneSimulator.platform/Developer/Tools
               PLATFORM_DEVELOPER_USR_DIR = /Applications/Xcode.app/Contents/Developer/Platforms/iPhoneSimulator.platform/Developer/usr
               PLATFORM_DIR = /Applications/Xcode.app/Contents/Developer/Platforms/iPhoneSimulator.platform
               PLATFORM_DISPLAY_NAME = iOS Simulator
               PLATFORM_FAMILY_NAME = iOS
               PLATFORM_NAME = iphonesimulator
               PLATFORM_PREFERRED_ARCH = x86_64
               PLATFORM_PRODUCT_BUILD_VERSION = 23F73
               PLATFORM_REQUIRES_SWIFT_AUTOLINK_EXTRACT = NO
               PLATFORM_REQUIRES_SWIFT_MODULEWRAP = NO
               PLATFORM_USES_DSYMS = YES
               PLIST_FILE_OUTPUT_FORMAT = binary
               PLUGINS_FOLDER_PATH = flutter_web_auth_2.framework/PlugIns
               PODS_BUILD_DIR = /Users/gregoriomorelli/Documents/vibra/build/ios
               PODS_CONFIGURATION_BUILD_DIR = /Users/gregoriomorelli/Documents/vibra/build/ios/Release-iphonesimulator
               PODS_DEVELOPMENT_LANGUAGE = en
               PODS_ROOT = /Users/gregoriomorelli/Documents/vibra/ios/Pods
               PODS_TARGET_SRCROOT = /Users/gregoriomorelli/Documents/vibra/ios/Pods/../.symlinks/plugins/flutter_web_auth_2/ios
               PODS_XCFRAMEWORKS_BUILD_DIR = /Users/gregoriomorelli/Documents/vibra/build/ios/Release-iphonesimulator/XCFrameworkIntermediates
               PRECOMPS_INCLUDE_HEADERS_FROM_BUILT_PRODUCTS_DIR = YES
               PRECOMP_DESTINATION_DIR = /Users/gregoriomorelli/Documents/vibra/build/ios/Pods.build/Release-iphonesimulator/flutter_web_auth_2.build/PrefixHeaders
               PRIVATE_HEADERS_FOLDER_PATH = flutter_web_auth_2.framework/PrivateHeaders
               PROCESSED_INFOPLIST_PATH = /Users/gregoriomorelli/Documents/vibra/build/ios/Pods.build/Release-iphonesimulator/flutter_web_auth_2.build/Objects-normal/undefined_arch/Processed-Info.plist
               PRODUCT_BUNDLE_IDENTIFIER = org.cocoapods.flutter-web-auth-2
               PRODUCT_BUNDLE_PACKAGE_TYPE = FMWK
               PRODUCT_MODULE_NAME = flutter_web_auth_2
               PRODUCT_NAME = flutter_web_auth_2
               PRODUCT_SETTINGS_PATH = /Users/gregoriomorelli/Documents/vibra/ios/Pods/Target Support Files/flutter_web_auth_2/flutter_web_auth_2-Info.plist
               PRODUCT_TYPE = com.apple.product-type.framework
               PROFILING_CODE = NO
               PROJECT = Pods
               PROJECT_DERIVED_FILE_DIR = /Users/gregoriomorelli/Documents/vibra/build/ios/Pods.build/DerivedSources
               PROJECT_DIR = /Users/gregoriomorelli/Documents/vibra/ios/Pods
               PROJECT_FILE_PATH = /Users/gregoriomorelli/Documents/vibra/ios/Pods/Pods.xcodeproj
               PROJECT_GUID = bfdfe7dc352907fc980b868725387e98
               PROJECT_NAME = Pods
               PROJECT_TEMP_DIR = /Users/gregoriomorelli/Documents/vibra/build/ios/Pods.build
               PROJECT_TEMP_ROOT = /Users/gregoriomorelli/Documents/vibra/build/ios
               PUBLIC_HEADERS_FOLDER_PATH = flutter_web_auth_2.framework/Headers
               RECOMMENDED_IPHONEOS_DEPLOYMENT_TARGET = 15.0
               RECURSIVE_SEARCH_PATHS_FOLLOW_SYMLINKS = YES
               REMOVE_CVS_FROM_RESOURCES = YES
               REMOVE_GIT_FROM_RESOURCES = YES
               REMOVE_HEADERS_FROM_EMBEDDED_BUNDLES = YES
               REMOVE_HG_FROM_RESOURCES = YES
               REMOVE_STATIC_EXECUTABLES_FROM_EMBEDDED_BUNDLES = YES
               REMOVE_SVN_FROM_RESOURCES = YES
               RESCHEDULE_INDEPENDENT_HEADERS_PHASES = YES
               REZ_COLLECTOR_DIR = /Users/gregoriomorelli/Documents/vibra/build/ios/Pods.build/Release-iphonesimulator/flutter_web_auth_2.build/ResourceManagerResources
               REZ_OBJECTS_DIR = /Users/gregoriomorelli/Documents/vibra/build/ios/Pods.build/Release-iphonesimulator/flutter_web_auth_2.build/ResourceManagerResources/Objects
               REZ_SEARCH_PATHS = /Users/gregoriomorelli/Documents/vibra/build/ios/Release-iphonesimulator/flutter_web_auth_2 
               RPATH_ORIGIN = @loader_path
               RUNTIME_EXCEPTION_ALLOW_DYLD_ENVIRONMENT_VARIABLES = NO
               RUNTIME_EXCEPTION_ALLOW_JIT = NO
               RUNTIME_EXCEPTION_ALLOW_UNSIGNED_EXECUTABLE_MEMORY = NO
               RUNTIME_EXCEPTION_DEBUGGING_TOOL = NO
               RUNTIME_EXCEPTION_DISABLE_EXECUTABLE_PAGE_PROTECTION = NO
               RUNTIME_EXCEPTION_DISABLE_LIBRARY_VALIDATION = NO
               SCANNING_PCM_KEEP_CACHE_DIRECTORY = YES
               SCAN_ALL_SOURCE_FILES_FOR_INCLUDES = NO
               SCRIPTS_FOLDER_PATH = flutter_web_auth_2.framework/Scripts
               SDKROOT = /Applications/Xcode.app/Contents/Developer/Platforms/iPhoneSimulator.platform/Developer/SDKs/iPhoneSimulator26.5.sdk
               SDK_DIR = /Applications/Xcode.app/Contents/Developer/Platforms/iPhoneSimulator.platform/Developer/SDKs/iPhoneSimulator26.5.sdk
               SDK_DIR_iphonesimulator = /Applications/Xcode.app/Contents/Developer/Platforms/iPhoneSimulator.platform/Developer/SDKs/iPhoneSimulator26.5.sdk
               SDK_DIR_iphonesimulator26_5 = /Applications/Xcode.app/Contents/Developer/Platforms/iPhoneSimulator.platform/Developer/SDKs/iPhoneSimulator26.5.sdk
               SDK_NAME = iphonesimulator26.5
               SDK_NAMES = iphonesimulator26.5
               SDK_PRODUCT_BUILD_VERSION = 23F73
               SDK_STAT_CACHE_DIR = /var/folders/pg/x6t89f2n7s7299rcw8hv33180000gn/C/com.apple.DeveloperTools/26.5-17F42/Xcode
               SDK_STAT_CACHE_ENABLE = YES
               SDK_STAT_CACHE_PATH = /var/folders/pg/x6t89f2n7s7299rcw8hv33180000gn/C/com.apple.DeveloperTools/26.5-17F42/Xcode/SDKStatCaches.noindex/iphonesimulator26.5-23F73-6cfe768891a92b912361537c460fe42b.sdkstatcache
               SDK_VERSION = 26.5
               SDK_VERSION_ACTUAL = 260500
               SDK_VERSION_MAJOR = 260000
               SDK_VERSION_MINOR = 260500
               SED = /usr/bin/sed
               SEPARATE_STRIP = NO
               SEPARATE_SYMBOL_EDIT = NO
               SET_DIR_MODE_OWNER_GROUP = YES
               SET_FILE_MODE_OWNER_GROUP = NO
               SHALLOW_BUNDLE = YES
               SHALLOW_BUNDLE_TRIPLE = ios-simulator
               SHALLOW_BUNDLE_ios_macabi = NO
               SHALLOW_BUNDLE_macos = NO
               SHARED_DERIVED_FILE_DIR = /Users/gregoriomorelli/Documents/vibra/build/ios/Release-iphonesimulator/flutter_web_auth_2/DerivedSources
               SHARED_FRAMEWORKS_FOLDER_PATH = flutter_web_auth_2.framework/SharedFrameworks
               SHARED_PRECOMPS_DIR = /Users/gregoriomorelli/Documents/vibra/build/ios/SharedPrecompiledHeaders
               SHARED_SUPPORT_FOLDER_PATH = flutter_web_auth_2.framework
               SKIP_INSTALL = YES
               SKIP_MERGEABLE_LIBRARY_BUNDLE_HOOK = NO
               SOURCE_ROOT = /Users/gregoriomorelli/Documents/vibra/ios/Pods
               SRCROOT = /Users/gregoriomorelli/Documents/vibra/ios/Pods
               STRINGSDATA_DIR = /Users/gregoriomorelli/Documents/vibra/build/ios/Pods.build/Release-iphonesimulator/flutter_web_auth_2.build/Objects-normal/undefined_arch
               STRINGSDATA_ROOT = /Users/gregoriomorelli/Documents/vibra/build/ios/Pods.build/Release-iphonesimulator/flutter_web_auth_2.build
               STRINGS_FILE_INFOPLIST_RENAME = YES
               STRINGS_FILE_OUTPUT_ENCODING = binary
               STRING_CATALOG_GENERATE_SYMBOLS = NO
               STRIP_BITCODE_FROM_COPIED_FILES = NO
               STRIP_INSTALLED_PRODUCT = NO
               STRIP_STYLE = debugging
               STRIP_SWIFT_SYMBOLS = YES
               SUPPORTED_DEVICE_FAMILIES = 1,2
               SUPPORTED_PLATFORMS = iphoneos iphonesimulator
               SUPPORTS_TEXT_BASED_API = NO
               SUPPRESS_WARNINGS = NO
               SWIFT_ACTIVE_COMPILATION_CONDITIONS =  
               SWIFT_COMPILATION_MODE = wholemodule
               SWIFT_EMIT_CONST_VALUE_PROTOCOLS = AnyResolverProviding AppEntity AppEnum AppExtension AppIntent AppIntentsPackage AppShortcutProviding AppShortcutsProvider AppUnionValue AppUnionValueCasesProviding DynamicOptionsProvider EntityQuery ExtensionPointDefining IntentValueQuery Resolver TransientEntity _AssistantIntentsProvider _GenerativeFunctionExtractable _IntentValueRepresentable
               SWIFT_EMIT_LOC_STRINGS = NO
               SWIFT_ENABLE_EXPLICIT_MODULES = YES
               SWIFT_INSTALL_MODULE_FOR_DEPLOYMENT = YES
               SWIFT_INSTALL_OBJC_HEADER = YES
               SWIFT_OPTIMIZATION_LEVEL = -O
               SWIFT_PLATFORM_TARGET_PREFIX = ios
               SWIFT_RESPONSE_FILE_PATH_normal_arm64 = /Users/gregoriomorelli/Documents/vibra/build/ios/Pods.build/Release-iphonesimulator/flutter_web_auth_2.build/Objects-normal/arm64/flutter_web_auth_2.SwiftFileList
               SWIFT_RESPONSE_FILE_PATH_normal_x86_64 = /Users/gregoriomorelli/Documents/vibra/build/ios/Pods.build/Release-iphonesimulator/flutter_web_auth_2.build/Objects-normal/x86_64/flutter_web_auth_2.SwiftFileList
               SWIFT_VERSION = 5.9
               SYMROOT = /Users/gregoriomorelli/Documents/vibra/ios/build
               SYSTEM_ADMIN_APPS_DIR = /Applications/Utilities
               SYSTEM_APPS_DIR = /Applications
               SYSTEM_CORE_SERVICES_DIR = /System/Library/CoreServices
               SYSTEM_DEMOS_DIR = /Applications/Extras
               SYSTEM_DEVELOPER_APPS_DIR = /Applications/Xcode.app/Contents/Developer/Applications
               SYSTEM_DEVELOPER_BIN_DIR = /Applications/Xcode.app/Contents/Developer/usr/bin
               SYSTEM_DEVELOPER_DEMOS_DIR = /Applications/Xcode.app/Contents/Developer/Applications/Utilities/Built Examples
               SYSTEM_DEVELOPER_DIR = /Applications/Xcode.app/Contents/Developer
               SYSTEM_DEVELOPER_DOC_DIR = /Applications/Xcode.app/Contents/Developer/ADC Reference Library
               SYSTEM_DEVELOPER_GRAPHICS_TOOLS_DIR = /Applications/Xcode.app/Contents/Developer/Applications/Graphics Tools
               SYSTEM_DEVELOPER_JAVA_TOOLS_DIR = /Applications/Xcode.app/Contents/Developer/Applications/Java Tools
               SYSTEM_DEVELOPER_PERFORMANCE_TOOLS_DIR = /Applications/Xcode.app/Contents/Developer/Applications/Performance Tools
               SYSTEM_DEVELOPER_RELEASENOTES_DIR = /Applications/Xcode.app/Contents/Developer/ADC Reference Library/releasenotes
               SYSTEM_DEVELOPER_TOOLS = /Applications/Xcode.app/Contents/Developer/Tools
               SYSTEM_DEVELOPER_TOOLS_DOC_DIR = /Applications/Xcode.app/Contents/Developer/ADC Reference Library/documentation/DeveloperTools
               SYSTEM_DEVELOPER_TOOLS_RELEASENOTES_DIR = /Applications/Xcode.app/Contents/Developer/ADC Reference Library/releasenotes/DeveloperTools
               SYSTEM_DEVELOPER_USR_DIR = /Applications/Xcode.app/Contents/Developer/usr
               SYSTEM_DEVELOPER_UTILITIES_DIR = /Applications/Xcode.app/Contents/Developer/Applications/Utilities
               SYSTEM_DEXT_INSTALL_PATH = /System/Library/DriverExtensions
               SYSTEM_DOCUMENTATION_DIR = /Library/Documentation
               SYSTEM_EXTENSIONS_FOLDER_PATH = flutter_web_auth_2.framework/SystemExtensions
               SYSTEM_EXTENSIONS_FOLDER_PATH_SHALLOW_BUNDLE_NO = flutter_web_auth_2.framework/Library/SystemExtensions
               SYSTEM_EXTENSIONS_FOLDER_PATH_SHALLOW_BUNDLE_YES = flutter_web_auth_2.framework/SystemExtensions
               SYSTEM_KEXT_INSTALL_PATH = /System/Library/Extensions
               SYSTEM_LIBRARY_DIR = /System/Library
               TAPI_DEMANGLE = YES
               TAPI_ENABLE_PROJECT_HEADERS = NO
               TAPI_LANGUAGE = objective-c
               TAPI_LANGUAGE_STANDARD = compiler-default
               TAPI_USE_SRCROOT = YES
               TAPI_VERIFY_MODE = Pedantic
               TARGETED_DEVICE_FAMILY = 1,2
               TARGETNAME = flutter_web_auth_2
               TARGET_BUILD_DIR = /Users/gregoriomorelli/Documents/vibra/build/ios/Release-iphonesimulator/flutter_web_auth_2
               TARGET_NAME = flutter_web_auth_2
               TARGET_TEMP_DIR = /Users/gregoriomorelli/Documents/vibra/build/ios/Pods.build/Release-iphonesimulator/flutter_web_auth_2.build
               TEMP_DIR = /Users/gregoriomorelli/Documents/vibra/build/ios/Pods.build/Release-iphonesimulator/flutter_web_auth_2.build
               TEMP_FILES_DIR = /Users/gregoriomorelli/Documents/vibra/build/ios/Pods.build/Release-iphonesimulator/flutter_web_auth_2.build
               TEMP_FILE_DIR = /Users/gregoriomorelli/Documents/vibra/build/ios/Pods.build/Release-iphonesimulator/flutter_web_auth_2.build
               TEMP_ROOT = /Users/gregoriomorelli/Documents/vibra/build/ios
               TEMP_SANDBOX_DIR = /Users/gregoriomorelli/Documents/vibra/build/ios/TemporaryTaskSandboxes
               TEST_FRAMEWORK_SEARCH_PATHS =  /Applications/Xcode.app/Contents/Developer/Platforms/iPhoneSimulator.platform/Developer/Library/Frameworks /Applications/Xcode.app/Contents/Developer/Platforms/iPhoneSimulator.platform/Developer/SDKs/iPhoneSimulator26.5.sdk/Developer/Library/Frameworks
               TEST_LIBRARY_SEARCH_PATHS =  /Applications/Xcode.app/Contents/Developer/Platforms/iPhoneSimulator.platform/Developer/usr/lib
               TOOLCHAINS = com.apple.dt.toolchain.XcodeDefault
               TOOLCHAIN_DIR = /Applications/Xcode.app/Contents/Developer/Toolchains/XcodeDefault.xctoolchain
               TREAT_MISSING_BASELINES_AS_TEST_FAILURES = NO
               TREAT_MISSING_SCRIPT_PHASE_OUTPUTS_AS_ERRORS = NO
               TVOS_DEPLOYMENT_TARGET = 26.5
               UID = 501
               UNINSTALLED_PRODUCTS_DIR = /Users/gregoriomorelli/Documents/vibra/build/ios/UninstalledProducts
               UNLOCALIZED_RESOURCES_FOLDER_PATH = flutter_web_auth_2.framework
               UNLOCALIZED_RESOURCES_FOLDER_PATH_SHALLOW_BUNDLE_NO = flutter_web_auth_2.framework/Resources
               UNLOCALIZED_RESOURCES_FOLDER_PATH_SHALLOW_BUNDLE_YES = flutter_web_auth_2.framework
               UNSTRIPPED_PRODUCT = NO
               USER = gregoriomorelli
               USER_APPS_DIR = /Users/gregoriomorelli/Applications
               USER_LIBRARY_DIR = /Users/gregoriomorelli/Library
               USE_DYNAMIC_NO_PIC = YES
               USE_HEADERMAP = YES
               USE_HEADER_SYMLINKS = NO
               USE_RECURSIVE_SCRIPT_INPUTS_IN_SCRIPT_PHASES = YES
               VALIDATE_DEVELOPMENT_ASSET_PATHS = YES_ERROR
               VALIDATE_PRODUCT = YES
               VALID_ARCHS = arm64 x86_64
               VERBOSE_PBXCP = NO
               VERSIONING_SYSTEM = apple-generic
               VERSIONPLIST_PATH = flutter_web_auth_2.framework/version.plist
               VERSIONS_FOLDER_PATH = flutter_web_auth_2.framework
               VERSIONS_FOLDER_PATH_SHALLOW_BUNDLE_NO = flutter_web_auth_2.framework/Versions
               VERSIONS_FOLDER_PATH_SHALLOW_BUNDLE_YES = flutter_web_auth_2.framework
               VERSION_INFO_BUILDER = gregoriomorelli
               VERSION_INFO_FILE = flutter_web_auth_2_vers.c
               VERSION_INFO_STRING = "@(#)PROGRAM:flutter_web_auth_2  PROJECT:Pods-1"
               WATCHOS_DEPLOYMENT_TARGET = 26.5
               WORKSPACE_DIR = /Users/gregoriomorelli/Documents/vibra/ios/Pods/Pods.xcodeproj
               WRAPPER_EXTENSION = framework
               WRAPPER_NAME = flutter_web_auth_2.framework
               WRAPPER_SUFFIX = .framework
               WRAP_ASSET_PACKS_IN_SEPARATE_DIRECTORIES = NO
               XCODE_APP_SUPPORT_DIR = /Applications/Xcode.app/Contents/Developer/Library/Xcode
               XCODE_PRODUCT_BUILD_VERSION = 17F42
               XCODE_VERSION_ACTUAL = 2650
               XCODE_VERSION_MAJOR = 2600
               XCODE_VERSION_MINOR = 2650
               XPCSERVICES_FOLDER_PATH = flutter_web_auth_2.framework/XPCServices
               XROS_DEPLOYMENT_TARGET = 26.5
               YACC = yacc
               _DISCOVER_COMMAND_LINE_LINKER_INPUTS = YES
               _DISCOVER_COMMAND_LINE_LINKER_INPUTS_INCLUDE_WL = YES
               _LD_MULTIARCH = YES
               _WRAPPER_CONTENTS_DIR_SHALLOW_BUNDLE_NO = /Contents
               _WRAPPER_PARENT_PATH_SHALLOW_BUNDLE_NO = /..
               _WRAPPER_RESOURCES_DIR_SHALLOW_BUNDLE_NO = /Resources
               __DIAGNOSE_DEPRECATED_ARCHS = YES
               __ORIGINAL_SDK_DEFINED_LLVM_TARGET_TRIPLE_SYS = ios
               arch = undefined_arch
               variant = normal

           Build settings for action build and target geocoding_ios:
               ACTION = build
               AD_HOC_CODE_SIGNING_ALLOWED = YES
               ALLOW_BUILD_REQUEST_OVERRIDES = NO
               ALLOW_TARGET_PLATFORM_SPECIALIZATION = NO
               ALTERNATE_GROUP = staff
               ALTERNATE_MODE = u+w,go-w,a+rX
               ALTERNATE_OWNER = gregoriomorelli
               ALTERNATIVE_DISTRIBUTION_WEB = NO
               ALWAYS_EMBED_SWIFT_STANDARD_LIBRARIES = NO
               ALWAYS_SEARCH_USER_PATHS = NO
               ALWAYS_USE_SEPARATE_HEADERMAPS = NO
               APPLICATION_EXTENSION_API_ONLY = NO
               APPLY_RULES_IN_COPY_FILES = NO
               APPLY_RULES_IN_COPY_HEADERS = NO
               APP_SHORTCUTS_ENABLE_FLEXIBLE_MATCHING = YES
               ARCHS = arm64 x86_64
               ARCHS_BASE = arm64 x86_64
               ARCHS_STANDARD = arm64 x86_64
               ARCHS_STANDARD_32_64_BIT = arm64 x86_64
               ARCHS_STANDARD_64_BIT = arm64 x86_64
               ARCHS_STANDARD_INCLUDING_64_BIT = arm64 x86_64
               ARCHS_UNIVERSAL_IPHONE_OS = arm64 x86_64
               AUTOMATICALLY_MERGE_DEPENDENCIES = NO
               AUTOMATION_APPLE_EVENTS = NO
               AVAILABLE_PLATFORMS = android appletvos appletvsimulator driverkit freebsd iphoneos iphonesimulator linux macosx none openbsd qnx watchos watchsimulator webassembly xros xrsimulator
               BUILD_ACTIVE_RESOURCES_ONLY = NO
               BUILD_COMPONENTS = headers build
               BUILD_DIR = /Users/gregoriomorelli/Documents/vibra/build/ios
               BUILD_LIBRARY_FOR_DISTRIBUTION = NO
               BUILD_ONLY_KNOWN_LOCALIZATIONS = NO
               BUILD_ROOT = /Users/gregoriomorelli/Documents/vibra/ios/build
               BUILD_STYLE = 
               BUILD_VARIANTS = normal
               BUILT_PRODUCTS_DIR = /Users/gregoriomorelli/Documents/vibra/build/ios/Release-iphonesimulator/geocoding_ios
               BUNDLE_CONTENTS_FOLDER_PATH_deep = Contents/
               BUNDLE_EXECUTABLE_FOLDER_NAME_deep = MacOS
               BUNDLE_EXTENSIONS_FOLDER_PATH = Extensions
               BUNDLE_FORMAT = shallow
               BUNDLE_FRAMEWORKS_FOLDER_PATH = Frameworks
               BUNDLE_PLUGINS_FOLDER_PATH = PlugIns
               BUNDLE_PRIVATE_HEADERS_FOLDER_PATH = PrivateHeaders
               BUNDLE_PUBLIC_HEADERS_FOLDER_PATH = Headers
               CACHE_ROOT = /var/folders/pg/x6t89f2n7s7299rcw8hv33180000gn/C/com.apple.DeveloperTools/26.5-17F42/Xcode
               CCHROOT = /var/folders/pg/x6t89f2n7s7299rcw8hv33180000gn/C/com.apple.DeveloperTools/26.5-17F42/Xcode
               CHMOD = /bin/chmod
               CHOWN = chown
               CLANG_ANALYZER_LOCALIZABILITY_NONLOCALIZED = YES
               CLANG_ANALYZER_NONNULL = YES
               CLANG_ANALYZER_NUMBER_OBJECT_CONVERSION = YES_AGGRESSIVE
               CLANG_CACHE_FINE_GRAINED_OUTPUTS = YES
               CLANG_CXX_LANGUAGE_STANDARD = gnu++14
               CLANG_CXX_LIBRARY = libc++
               CLANG_ENABLE_EXPLICIT_MODULES = YES
               CLANG_ENABLE_MODULES = YES
               CLANG_ENABLE_OBJC_ARC = YES
               CLANG_ENABLE_OBJC_WEAK = YES
               CLANG_MODULES_BUILD_SESSION_FILE = /var/folders/pg/x6t89f2n7s7299rcw8hv33180000gn/C/org.llvm.clang/ModuleCache.noindex/Session.modulevalidation
               CLANG_WARN_BLOCK_CAPTURE_AUTORELEASING = YES
               CLANG_WARN_BOOL_CONVERSION = YES
               CLANG_WARN_COMMA = YES
               CLANG_WARN_CONSTANT_CONVERSION = YES
               CLANG_WARN_DEPRECATED_OBJC_IMPLEMENTATIONS = YES
               CLANG_WARN_DIRECT_OBJC_ISA_USAGE = YES_ERROR
               CLANG_WARN_DOCUMENTATION_COMMENTS = YES
               CLANG_WARN_EMPTY_BODY = YES
               CLANG_WARN_ENUM_CONVERSION = YES
               CLANG_WARN_INFINITE_RECURSION = YES
               CLANG_WARN_INT_CONVERSION = YES
               CLANG_WARN_NON_LITERAL_NULL_CONVERSION = YES
               CLANG_WARN_OBJC_IMPLICIT_RETAIN_SELF = YES
               CLANG_WARN_OBJC_LITERAL_CONVERSION = YES
               CLANG_WARN_OBJC_ROOT_CLASS = YES_ERROR
               CLANG_WARN_QUOTED_INCLUDE_IN_FRAMEWORK_HEADER = NO
               CLANG_WARN_RANGE_LOOP_ANALYSIS = YES
               CLANG_WARN_STRICT_PROTOTYPES = YES
               CLANG_WARN_SUSPICIOUS_MOVE = YES
               CLANG_WARN_UNGUARDED_AVAILABILITY = YES_AGGRESSIVE
               CLANG_WARN_UNREACHABLE_CODE = YES
               CLANG_WARN__DUPLICATE_METHOD_MATCH = YES
               CLASS_FILE_DIR = /Users/gregoriomorelli/Documents/vibra/build/ios/Pods.build/Release-iphonesimulator/geocoding_ios.build/JavaClasses
               CLEAN_PRECOMPS = YES
               CLONE_HEADERS = NO
               CODESIGNING_FOLDER_PATH = /Users/gregoriomorelli/Documents/vibra/build/ios/Release-iphonesimulator/geocoding_ios/geocoding_ios.framework
               CODE_SIGNING_ALLOWED = YES
               CODE_SIGNING_REQUIRED = NO
               CODE_SIGNING_REQUIRES_TEAM = YES
               CODE_SIGN_CONTEXT_CLASS = XCiPhoneSimulatorCodeSignContext
               CODE_SIGN_IDENTITY = -
               CODE_SIGN_INJECT_BASE_ENTITLEMENTS = YES
               COLOR_DIAGNOSTICS = NO
               COMBINE_HIDPI_IMAGES = NO
               COMPILATION_CACHE_CAS_PATH = /var/folders/pg/x6t89f2n7s7299rcw8hv33180000gn/C/com.apple.DeveloperTools/26.5-17F42/Xcode/CompilationCache.noindex
               COMPILATION_CACHE_KEEP_CAS_DIRECTORY = YES
               COMPILER_INDEX_STORE_ENABLE = Default
               COMPOSITE_SDK_DIRS = /Users/gregoriomorelli/Documents/vibra/build/ios/CompositeSDKs
               COMPRESS_PNG_FILES = YES
               CONFIGURATION = Release
               CONFIGURATION_BUILD_DIR = /Users/gregoriomorelli/Documents/vibra/build/ios/Release-iphonesimulator/geocoding_ios
               CONFIGURATION_TEMP_DIR = /Users/gregoriomorelli/Documents/vibra/build/ios/Pods.build/Release-iphonesimulator
               CONTENTS_FOLDER_PATH = geocoding_ios.framework
               CONTENTS_FOLDER_PATH_SHALLOW_BUNDLE_NO = geocoding_ios.framework/A
               CONTENTS_FOLDER_PATH_SHALLOW_BUNDLE_YES = geocoding_ios.framework
               COPYING_PRESERVES_HFS_DATA = NO
               COPY_HEADERS_RUN_UNIFDEF = NO
               COPY_PHASE_STRIP = NO
               CORRESPONDING_DEVICE_PLATFORM_DIR = /Applications/Xcode.app/Contents/Developer/Platforms/iPhoneOS.platform
               CORRESPONDING_DEVICE_PLATFORM_NAME = iphoneos
               CORRESPONDING_DEVICE_SDK_DIR = /Applications/Xcode.app/Contents/Developer/Platforms/iPhoneOS.platform/Developer/SDKs/iPhoneOS26.5.sdk
               CORRESPONDING_DEVICE_SDK_NAME = iphoneos26.5
               CP = /bin/cp
               CREATE_INFOPLIST_SECTION_IN_BINARY = NO
               CURRENT_ARCH = undefined_arch
               CURRENT_PROJECT_VERSION = 1
               CURRENT_VARIANT = normal
               CURRENT_VERSION = Current
               DEAD_CODE_STRIPPING = YES
               DEBUGGING_SYMBOLS = YES
               DEBUG_INFORMATION_FORMAT = dwarf-with-dsym
               DEBUG_INFORMATION_VERSION = compiler-default
               DEFAULT_COMPILER = com.apple.compilers.llvm.clang.1_0
               DEFAULT_DEXT_INSTALL_PATH = /System/Library/DriverExtensions
               DEFAULT_KEXT_INSTALL_PATH = /System/Library/Extensions
               DEFINES_MODULE = YES
               DEPLOYMENT_LOCATION = NO
               DEPLOYMENT_POSTPROCESSING = NO
               DEPLOYMENT_TARGET_SETTING_NAME = IPHONEOS_DEPLOYMENT_TARGET
               DEPLOYMENT_TARGET_SUGGESTED_VALUES = 12.0 12.1 12.2 12.3 12.4 13.0 13.1 13.2 13.3 13.4 13.5 13.6 14.0 14.1 14.2 14.3 14.4 14.5 14.6 14.7 15.0 15.1 15.2 15.3 15.4 15.5 15.6 16.0 16.1 16.2 16.3 16.4 16.5 16.6 17.0 17.1 17.2 17.3 17.4 17.5 17.6 18.0 18.1 18.2 18.3 18.4 18.5 18.6 26.0 26.2 26.3 26.4 26.5
               DERIVED_FILES_DIR = /Users/gregoriomorelli/Documents/vibra/build/ios/Pods.build/Release-iphonesimulator/geocoding_ios.build/DerivedSources
               DERIVED_FILE_DIR = /Users/gregoriomorelli/Documents/vibra/build/ios/Pods.build/Release-iphonesimulator/geocoding_ios.build/DerivedSources
               DERIVED_SOURCES_DIR = /Users/gregoriomorelli/Documents/vibra/build/ios/Pods.build/Release-iphonesimulator/geocoding_ios.build/DerivedSources
               DEVELOPER_APPLICATIONS_DIR = /Applications/Xcode.app/Contents/Developer/Applications
               DEVELOPER_BIN_DIR = /Applications/Xcode.app/Contents/Developer/usr/bin
               DEVELOPER_DIR = /Applications/Xcode.app/Contents/Developer
               DEVELOPER_FRAMEWORKS_DIR = /Applications/Xcode.app/Contents/Developer/Library/Frameworks
               DEVELOPER_FRAMEWORKS_DIR_QUOTED = /Applications/Xcode.app/Contents/Developer/Library/Frameworks
               DEVELOPER_LIBRARY_DIR = /Applications/Xcode.app/Contents/Developer/Library
               DEVELOPER_SDK_DIR = /Applications/Xcode.app/Contents/Developer/Platforms/MacOSX.platform/Developer/SDKs
               DEVELOPER_TOOLS_DIR = /Applications/Xcode.app/Contents/Developer/Tools
               DEVELOPER_USR_DIR = /Applications/Xcode.app/Contents/Developer/usr
               DEVELOPMENT_LANGUAGE = en
               DIAGNOSE_MISSING_TARGET_DEPENDENCIES = YES
               DIFF = /usr/bin/diff
               DOCUMENTATION_FOLDER_PATH = geocoding_ios.framework/en.lproj/Documentation
               DONT_GENERATE_INFOPLIST_FILE = NO
               DRIVERKIT_DEPLOYMENT_TARGET = 25.5
               DSTROOT = /tmp/Pods.dst
               DT_TOOLCHAIN_DIR = /Applications/Xcode.app/Contents/Developer/Toolchains/XcodeDefault.xctoolchain
               DUMP_DEPENDENCIES = NO
               DUMP_DEPENDENCIES_OUTPUT_PATH = /Users/gregoriomorelli/Documents/vibra/build/ios/Pods.build/Release-iphonesimulator/geocoding_ios.build/geocoding_ios-BuildDependencyInfo.json
               DWARF_DSYM_FILE_NAME = geocoding_ios.framework.dSYM
               DWARF_DSYM_FILE_SHOULD_ACCOMPANY_PRODUCT = NO
               DWARF_DSYM_FOLDER_PATH = /Users/gregoriomorelli/Documents/vibra/build/ios/Release-iphonesimulator/geocoding_ios
               DYLIB_COMPATIBILITY_VERSION = 1
               DYLIB_CURRENT_VERSION = 1
               DYLIB_INSTALL_NAME_BASE = @rpath
               DYNAMIC_LIBRARY_EXTENSION = dylib
               EAGER_COMPILATION_ALLOW_SCRIPTS = NO
               EAGER_LINKING = NO
               EFFECTIVE_PLATFORM_NAME = -iphonesimulator
               EFFECTIVE_SWIFT_VERSION = 5
               EMBEDDED_CONTENT_CONTAINS_SWIFT = NO
               EMBED_ASSET_PACKS_IN_PRODUCT_BUNDLE = NO
               ENABLE_APP_SANDBOX = NO
               ENABLE_BITCODE = NO
               ENABLE_CODE_COVERAGE = YES
               ENABLE_COHORT_ARCHS = NO
               ENABLE_CPLUSPLUS_BOUNDS_SAFE_BUFFERS = NO
               ENABLE_C_BOUNDS_SAFETY = NO
               ENABLE_DEFAULT_HEADER_SEARCH_PATHS = YES
               ENABLE_DEFAULT_SEARCH_PATHS = YES
               ENABLE_ENHANCED_SECURITY = NO
               ENABLE_HARDENED_RUNTIME = NO
               ENABLE_HEADER_DEPENDENCIES = YES
               ENABLE_INCOMING_NETWORK_CONNECTIONS = NO
               ENABLE_MODULE_VERIFIER = NO
               ENABLE_NS_ASSERTIONS = NO
               ENABLE_ON_DEMAND_RESOURCES = NO
               ENABLE_OUTGOING_NETWORK_CONNECTIONS = NO
               ENABLE_POINTER_AUTHENTICATION = NO
               ENABLE_RESOURCE_ACCESS_AUDIO_INPUT = NO
               ENABLE_RESOURCE_ACCESS_BLUETOOTH = NO
               ENABLE_RESOURCE_ACCESS_CALENDARS = NO
               ENABLE_RESOURCE_ACCESS_CAMERA = NO
               ENABLE_RESOURCE_ACCESS_CONTACTS = NO
               ENABLE_RESOURCE_ACCESS_LOCATION = NO
               ENABLE_RESOURCE_ACCESS_PHOTO_LIBRARY = NO
               ENABLE_RESOURCE_ACCESS_PRINTING = NO
               ENABLE_RESOURCE_ACCESS_USB = NO
               ENABLE_SDK_IMPORTS = NO
               ENABLE_SECURITY_COMPILER_WARNINGS = NO
               ENABLE_STRICT_OBJC_MSGSEND = YES
               ENABLE_TESTABILITY = NO
               ENABLE_TESTING_SEARCH_PATHS = NO
               ENABLE_USER_SCRIPT_SANDBOXING = NO
               ENFORCE_VALID_ARCHS = YES
               ENTITLEMENTS_DESTINATION = __entitlements
               ENTITLEMENTS_REQUIRED = NO
               EXCLUDED_ARCHS =  i386
               EXCLUDED_INSTALLSRC_SUBDIRECTORY_PATTERNS = .DS_Store .svn .git .hg CVS
               EXCLUDED_RECURSIVE_SEARCH_PATH_SUBDIRECTORIES = *.nib *.lproj *.framework *.gch *.xcode* *.xcassets *.icon (*) .DS_Store CVS .svn .git .hg *.pbproj *.pbxproj
               EXECUTABLES_FOLDER_PATH = geocoding_ios.framework/en.lproj
               EXECUTABLE_FOLDER_PATH = geocoding_ios.framework
               EXECUTABLE_FOLDER_PATH_SHALLOW_BUNDLE_NO = geocoding_ios.framework
               EXECUTABLE_FOLDER_PATH_SHALLOW_BUNDLE_YES = geocoding_ios.framework
               EXECUTABLE_NAME = geocoding_ios
               EXECUTABLE_PATH = geocoding_ios.framework/geocoding_ios
               EXTENSIONS_FOLDER_PATH = geocoding_ios.framework/Extensions
               FILE_LIST = /Users/gregoriomorelli/Documents/vibra/build/ios/Pods.build/Release-iphonesimulator/geocoding_ios.build/Objects/LinkFileList
               FIXED_FILES_DIR = /Users/gregoriomorelli/Documents/vibra/build/ios/Pods.build/Release-iphonesimulator/geocoding_ios.build/FixedFiles
               FRAMEWORKS_FOLDER_PATH = geocoding_ios.framework/Frameworks
               FRAMEWORK_FLAG_PREFIX = -framework
               FRAMEWORK_SEARCH_PATHS = /Users/gregoriomorelli/Documents/vibra/build/ios/Release-iphonesimulator/geocoding_ios "/Users/gregoriomorelli/development/flutter/bin/cache/artifacts/engine/ios-release/Flutter.xcframework/ios-arm64_x86_64-simulator" 
               FRAMEWORK_VERSION = A
               FULL_PRODUCT_NAME = geocoding_ios.framework
               FUSE_BUILD_PHASES = YES
               FUSE_BUILD_SCRIPT_PHASES = NO
               GCC3_VERSION = 3.3
               GCC_C_LANGUAGE_STANDARD = gnu11
               GCC_INLINES_ARE_PRIVATE_EXTERN = YES
               GCC_NO_COMMON_BLOCKS = YES
               GCC_OBJC_LEGACY_DISPATCH = YES
               GCC_PFE_FILE_C_DIALECTS = c objective-c c++ objective-c++
               GCC_PREFIX_HEADER = Target Support Files/geocoding_ios/geocoding_ios-prefix.pch
               GCC_PREPROCESSOR_DEFINITIONS = POD_CONFIGURATION_RELEASE=1  COCOAPODS=1
               GCC_TREAT_WARNINGS_AS_ERRORS = NO
               GCC_VERSION = com.apple.compilers.llvm.clang.1_0
               GCC_VERSION_IDENTIFIER = com_apple_compilers_llvm_clang_1_0
               GCC_WARN_64_TO_32_BIT_CONVERSION = YES
               GCC_WARN_ABOUT_RETURN_TYPE = YES_ERROR
               GCC_WARN_UNDECLARED_SELECTOR = YES
               GCC_WARN_UNINITIALIZED_AUTOS = YES_AGGRESSIVE
               GCC_WARN_UNUSED_FUNCTION = YES
               GCC_WARN_UNUSED_VARIABLE = YES
               GENERATED_MODULEMAP_DIR = /Users/gregoriomorelli/Documents/vibra/build/ios/GeneratedModuleMaps-iphonesimulator
               GENERATE_INFOPLIST_FILE = NO
               GENERATE_INTERMEDIATE_TEXT_BASED_STUBS = YES
               GENERATE_PKGINFO_FILE = NO
               GENERATE_PRELINK_OBJECT_FILE = NO
               GENERATE_PROFILING_CODE = NO
               GENERATE_TEXT_BASED_STUBS = NO
               GID = 20
               GROUP = staff
               HEADERMAP_INCLUDES_FLAT_ENTRIES_FOR_TARGET_BEING_BUILT = YES
               HEADERMAP_INCLUDES_FRAMEWORK_ENTRIES_FOR_ALL_PRODUCT_TYPES = YES
               HEADERMAP_INCLUDES_FRAMEWORK_ENTRIES_FOR_TARGETS_NOT_BEING_BUILT = YES
               HEADERMAP_INCLUDES_NONPUBLIC_NONPRIVATE_HEADERS = YES
               HEADERMAP_INCLUDES_PROJECT_HEADERS = YES
               HEADERMAP_USES_FRAMEWORK_PREFIX_ENTRIES = YES
               HEADERMAP_USES_VFS = YES
               HEADER_SEARCH_PATHS = /Users/gregoriomorelli/Documents/vibra/build/ios/Release-iphonesimulator/geocoding_ios/include 
               HOME = /Users/gregoriomorelli
               HOST_ARCH = arm64
               HOST_PLATFORM = macosx
               ICONV = /usr/bin/iconv
               IMPLICIT_DEPENDENCY_DOMAIN = default
               INDEX_STORE_COMPRESS = NO
               INDEX_STORE_ONLY_PROJECT_FILES = NO
               INFOPLIST_ENABLE_CFBUNDLEICONS_MERGE = YES
               INFOPLIST_EXPAND_BUILD_SETTINGS = YES
               INFOPLIST_FILE = Target Support Files/geocoding_ios/geocoding_ios-Info.plist
               INFOPLIST_OUTPUT_FORMAT = binary
               INFOPLIST_PATH = geocoding_ios.framework/Info.plist
               INFOPLIST_PREPROCESS = NO
               INFOSTRINGS_PATH = geocoding_ios.framework/en.lproj/InfoPlist.strings
               INLINE_PRIVATE_FRAMEWORKS = NO
               INSTALLAPI_IGNORE_SKIP_INSTALL = YES
               INSTALLHDRS_COPY_PHASE = NO
               INSTALLHDRS_SCRIPT_PHASE = NO
               INSTALL_DIR = /tmp/Pods.dst/Library/Frameworks
               INSTALL_GROUP = staff
               INSTALL_MODE_FLAG = u+w,go-w,a+rX
               INSTALL_OWNER = gregoriomorelli
               INSTALL_PATH = /Library/Frameworks
               INSTALL_ROOT = /tmp/Pods.dst
               IPHONEOS_DEPLOYMENT_TARGET = 13.0
               IS_UNOPTIMIZED_BUILD = NO
               JAVAC_DEFAULT_FLAGS = -J-Xms64m -J-XX:NewSize=4M -J-Dfile.encoding=UTF8
               JAVA_APP_STUB = /System/Library/Frameworks/JavaVM.framework/Resources/MacOS/JavaApplicationStub
               JAVA_ARCHIVE_CLASSES = YES
               JAVA_ARCHIVE_TYPE = JAR
               JAVA_COMPILER = /usr/bin/javac
               JAVA_FOLDER_PATH = geocoding_ios.framework/Java
               JAVA_FRAMEWORK_RESOURCES_DIRS = Resources
               JAVA_JAR_FLAGS = cv
               JAVA_SOURCE_SUBDIR = .
               JAVA_USE_DEPENDENCIES = YES
               JAVA_ZIP_FLAGS = -urg
               JIKES_DEFAULT_FLAGS = +E +OLDCSO
               KEEP_PRIVATE_EXTERNS = NO
               LD_DEPENDENCY_INFO_FILE = /Users/gregoriomorelli/Documents/vibra/build/ios/Pods.build/Release-iphonesimulator/geocoding_ios.build/Objects-normal/undefined_arch/geocoding_ios_dependency_info.dat
               LD_DYLIB_INSTALL_NAME = @rpath/geocoding_ios.framework/geocoding_ios
               LD_EXPORT_SYMBOLS = YES
               LD_GENERATE_MAP_FILE = NO
               LD_MAP_FILE_PATH = /Users/gregoriomorelli/Documents/vibra/build/ios/Pods.build/Release-iphonesimulator/geocoding_ios.build/geocoding_ios-LinkMap-normal-undefined_arch.txt
               LD_NO_PIE = NO
               LD_QUOTE_LINKER_ARGUMENTS_FOR_COMPILER_DRIVER = YES
               LD_RUNPATH_SEARCH_PATHS =  @executable_path/Frameworks @loader_path/Frameworks
               LD_SHARED_CACHE_ELIGIBLE = Automatic
               LD_WARN_DUPLICATE_LIBRARIES = NO
               LD_WARN_UNUSED_DYLIBS = NO
               LEGACY_DEVELOPER_DIR = /Applications/Xcode.app/Contents/PlugIns/Xcode3Core.ideplugin/Contents/SharedSupport/Developer
               LEX = lex
               LIBRARY_DEXT_INSTALL_PATH = /Library/DriverExtensions
               LIBRARY_FLAG_NOSPACE = YES
               LIBRARY_FLAG_PREFIX = -l
               LIBRARY_KEXT_INSTALL_PATH = /Library/Extensions
               LIBRARY_SEARCH_PATHS = /Users/gregoriomorelli/Documents/vibra/build/ios/Release-iphonesimulator/geocoding_ios 
               LINKER_DISPLAYS_MANGLED_NAMES = NO
               LINK_FILE_LIST_normal_arm64 = /Users/gregoriomorelli/Documents/vibra/build/ios/Pods.build/Release-iphonesimulator/geocoding_ios.build/Objects-normal/arm64/geocoding_ios.LinkFileList
               LINK_FILE_LIST_normal_x86_64 = /Users/gregoriomorelli/Documents/vibra/build/ios/Pods.build/Release-iphonesimulator/geocoding_ios.build/Objects-normal/x86_64/geocoding_ios.LinkFileList
               LINK_OBJC_RUNTIME = YES
               LINK_WITH_STANDARD_LIBRARIES = YES
               LLVM_TARGET_TRIPLE_OS_VERSION = ios13.0
               LLVM_TARGET_TRIPLE_SUFFIX = -simulator
               LLVM_TARGET_TRIPLE_VENDOR = apple
               LM_AUX_CONST_METADATA_LIST_PATH_normal_arm64 = /Users/gregoriomorelli/Documents/vibra/build/ios/Pods.build/Release-iphonesimulator/geocoding_ios.build/Objects-normal/arm64/geocoding_ios.SwiftConstValuesFileList
               LM_AUX_CONST_METADATA_LIST_PATH_normal_x86_64 = /Users/gregoriomorelli/Documents/vibra/build/ios/Pods.build/Release-iphonesimulator/geocoding_ios.build/Objects-normal/x86_64/geocoding_ios.SwiftConstValuesFileList
               LOCALIZATION_EXPORT_SUPPORTED = YES
               LOCALIZATION_PREFERS_STRING_CATALOGS = NO
               LOCALIZED_RESOURCES_FOLDER_PATH = geocoding_ios.framework/en.lproj
               LOCALIZED_STRING_CODE_COMMENTS = NO
               LOCALIZED_STRING_MACRO_NAMES = NSLocalizedString CFCopyLocalizedString
               LOCALIZED_STRING_SWIFTUI_SUPPORT = YES
               LOCAL_ADMIN_APPS_DIR = /Applications/Utilities
               LOCAL_APPS_DIR = /Applications
               LOCAL_DEVELOPER_DIR = /Library/Developer
               LOCAL_LIBRARY_DIR = /Library
               LOCROOT = /Users/gregoriomorelli/Documents/vibra/ios/Pods
               LOCSYMROOT = /Users/gregoriomorelli/Documents/vibra/ios/Pods
               MACH_O_TYPE = mh_dylib
               MACOSX_DEPLOYMENT_TARGET = 26.5
               MAC_OS_X_PRODUCT_BUILD_VERSION = 25F84
               MAC_OS_X_VERSION_ACTUAL = 260502
               MAC_OS_X_VERSION_MAJOR = 260000
               MAC_OS_X_VERSION_MINOR = 260500
               MAKE_MERGEABLE = NO
               MERGEABLE_LIBRARY = NO
               MERGED_BINARY_TYPE = none
               MERGE_LINKED_LIBRARIES = NO
               METAL_LIBRARY_FILE_BASE = default
               METAL_LIBRARY_OUTPUT_DIR = /Users/gregoriomorelli/Documents/vibra/build/ios/Release-iphonesimulator/geocoding_ios/geocoding_ios.framework
               MODULEMAP_FILE = Target Support Files/geocoding_ios/geocoding_ios.modulemap
               MODULES_FOLDER_PATH = geocoding_ios.framework/Modules
               MTL_ENABLE_DEBUG_INFO = NO
               MTL_FAST_MATH = YES
               NATIVE_ARCH = arm64
               NATIVE_ARCH_32_BIT = arm
               NATIVE_ARCH_64_BIT = arm64
               NATIVE_ARCH_ACTUAL = arm64
               NO_COMMON = YES
               OBJC_ABI_VERSION = 2
               OBJECT_FILE_DIR = /Users/gregoriomorelli/Documents/vibra/build/ios/Pods.build/Release-iphonesimulator/geocoding_ios.build/Objects
               OBJECT_FILE_DIR_normal = /Users/gregoriomorelli/Documents/vibra/build/ios/Pods.build/Release-iphonesimulator/geocoding_ios.build/Objects-normal
               OBJROOT = /Users/gregoriomorelli/Documents/vibra/build/ios
               ONLY_ACTIVE_ARCH = NO
               OS = MACOS
               OSAC = /usr/bin/osacompile
               OTHER_LDFLAGS =  -framework Flutter
               PACKAGE_TYPE = com.apple.package-type.wrapper.framework
               PASCAL_STRINGS = YES
               PATH = /Applications/Xcode.app/Contents/SharedFrameworks/SwiftBuild.framework/Versions/A/PlugIns/SWBBuildService.bundle/Contents/PlugIns/SWBUniversalPlatformPlugin.bundle/Contents/Frameworks/SWBUniversalPlatform.framework/Resources:/Applications/Xcode.app/Contents/Developer/Toolchains/XcodeDefault.xctoolchain/usr/bin:/Applications/Xcode.app/Contents/Developer/Toolchains/XcodeDefault.xctoolchain/usr/local/bin:/Applications/Xcode.app/Contents/Developer/Toolchains/XcodeDefault.xctoolchain/usr/libexec:/Applications/Xcode.app/Contents/Developer/Platforms/iPhoneSimulator.platform/usr/bin:/Applications/Xcode.app/Contents/Developer/Platforms/iPhoneSimulator.platform/usr/local/bin:/Applications/Xcode.app/Contents/Developer/Platforms/iPhoneSimulator.platform/Developer/usr/bin:/Applications/Xcode.app/Contents/Developer/Platforms/iPhoneSimulator.platform/Developer/usr/local/bin:/Applications/Xcode.app/Contents/Developer/usr/bin:/Applications/Xcode.app/Contents/Developer/usr/local/bin:/Users/gregoriomorelli/.gemini/antigravity/bin:/Users/gregoriomorelli/Library/Application Support/Antigravity/bin:/opt/homebrew/bin:/opt/homebrew/sbin:/Library/Developer/CommandLineTools/usr/bin:/Users/gregoriomorelli/development/flutter/bin:/Users/gregoriomorelli/Library/Android/sdk/platform-tools:/Users/gregoriomorelli/Library/Android/sdk/cmdline-tools/latest/bin:/Users/gregoriomorelli/Library/Android/sdk/emulator:/Users/gregoriomorelli/.antigravity-ide/antigravity-ide/bin:/Users/gregoriomorelli/.antigravity/antigravity/bin:/Applications/XAMPP/xamppfiles/bin:/Users/gregoriomorelli/develop/flutter/bin:/usr/local/bin:/System/Cryptexes/App/usr/bin:/usr/bin:/bin:/usr/sbin:/sbin:/var/run/com.apple.security.cryptexd/codex.system/bootstrap/usr/local/bin:/var/run/com.apple.security.cryptexd/codex.system/bootstrap/usr/bin:/var/run/com.apple.security.cryptexd/codex.system/bootstrap/usr/appleinternal/bin:/pkg/env/global/bin:/Users/gregoriomorelli/.spicetify
               PATH_PREFIXES_EXCLUDED_FROM_HEADER_DEPENDENCIES = /usr/include /usr/local/include /System/Library/Frameworks /System/Library/PrivateFrameworks /Applications/Xcode.app/Contents/Developer/Headers /Applications/Xcode.app/Contents/Developer/SDKs /Applications/Xcode.app/Contents/Developer/Platforms
               PBDEVELOPMENTPLIST_PATH = geocoding_ios.framework/pbdevelopment.plist
               PER_ARCH_MODULE_FILE_DIR = /Users/gregoriomorelli/Documents/vibra/build/ios/Pods.build/Release-iphonesimulator/geocoding_ios.build/Objects-normal/undefined_arch
               PER_ARCH_OBJECT_FILE_DIR = /Users/gregoriomorelli/Documents/vibra/build/ios/Pods.build/Release-iphonesimulator/geocoding_ios.build/Objects-normal/undefined_arch
               PER_VARIANT_OBJECT_FILE_DIR = /Users/gregoriomorelli/Documents/vibra/build/ios/Pods.build/Release-iphonesimulator/geocoding_ios.build/Objects-normal
               PKGINFO_FILE_PATH = /Users/gregoriomorelli/Documents/vibra/build/ios/Pods.build/Release-iphonesimulator/geocoding_ios.build/PkgInfo
               PKGINFO_PATH = geocoding_ios.framework/PkgInfo
               PLATFORM_DEVELOPER_APPLICATIONS_DIR = /Applications/Xcode.app/Contents/Developer/Platforms/iPhoneSimulator.platform/Developer/Applications
               PLATFORM_DEVELOPER_BIN_DIR = /Applications/Xcode.app/Contents/Developer/Platforms/iPhoneSimulator.platform/Developer/usr/bin
               PLATFORM_DEVELOPER_LIBRARY_DIR = /Applications/Xcode.app/Contents/Developer/Platforms/iPhoneSimulator.platform/Developer/Library
               PLATFORM_DEVELOPER_SDK_DIR = /Applications/Xcode.app/Contents/Developer/Platforms/iPhoneSimulator.platform/Developer/SDKs
               PLATFORM_DEVELOPER_TOOLS_DIR = /Applications/Xcode.app/Contents/Developer/Platforms/iPhoneSimulator.platform/Developer/Tools
               PLATFORM_DEVELOPER_USR_DIR = /Applications/Xcode.app/Contents/Developer/Platforms/iPhoneSimulator.platform/Developer/usr
               PLATFORM_DIR = /Applications/Xcode.app/Contents/Developer/Platforms/iPhoneSimulator.platform
               PLATFORM_DISPLAY_NAME = iOS Simulator
               PLATFORM_FAMILY_NAME = iOS
               PLATFORM_NAME = iphonesimulator
               PLATFORM_PREFERRED_ARCH = x86_64
               PLATFORM_PRODUCT_BUILD_VERSION = 23F73
               PLATFORM_REQUIRES_SWIFT_AUTOLINK_EXTRACT = NO
               PLATFORM_REQUIRES_SWIFT_MODULEWRAP = NO
               PLATFORM_USES_DSYMS = YES
               PLIST_FILE_OUTPUT_FORMAT = binary
               PLUGINS_FOLDER_PATH = geocoding_ios.framework/PlugIns
               PODS_BUILD_DIR = /Users/gregoriomorelli/Documents/vibra/build/ios
               PODS_CONFIGURATION_BUILD_DIR = /Users/gregoriomorelli/Documents/vibra/build/ios/Release-iphonesimulator
               PODS_DEVELOPMENT_LANGUAGE = en
               PODS_ROOT = /Users/gregoriomorelli/Documents/vibra/ios/Pods
               PODS_TARGET_SRCROOT = /Users/gregoriomorelli/Documents/vibra/ios/Pods/../.symlinks/plugins/geocoding_ios/ios
               PODS_XCFRAMEWORKS_BUILD_DIR = /Users/gregoriomorelli/Documents/vibra/build/ios/Release-iphonesimulator/XCFrameworkIntermediates
               PRECOMPS_INCLUDE_HEADERS_FROM_BUILT_PRODUCTS_DIR = YES
               PRECOMP_DESTINATION_DIR = /Users/gregoriomorelli/Documents/vibra/build/ios/Pods.build/Release-iphonesimulator/geocoding_ios.build/PrefixHeaders
               PRIVATE_HEADERS_FOLDER_PATH = geocoding_ios.framework/PrivateHeaders
               PROCESSED_INFOPLIST_PATH = /Users/gregoriomorelli/Documents/vibra/build/ios/Pods.build/Release-iphonesimulator/geocoding_ios.build/Objects-normal/undefined_arch/Processed-Info.plist
               PRODUCT_BUNDLE_IDENTIFIER = org.cocoapods.geocoding-ios
               PRODUCT_BUNDLE_PACKAGE_TYPE = FMWK
               PRODUCT_MODULE_NAME = geocoding_ios
               PRODUCT_NAME = geocoding_ios
               PRODUCT_SETTINGS_PATH = /Users/gregoriomorelli/Documents/vibra/ios/Pods/Target Support Files/geocoding_ios/geocoding_ios-Info.plist
               PRODUCT_TYPE = com.apple.product-type.framework
               PROFILING_CODE = NO
               PROJECT = Pods
               PROJECT_DERIVED_FILE_DIR = /Users/gregoriomorelli/Documents/vibra/build/ios/Pods.build/DerivedSources
               PROJECT_DIR = /Users/gregoriomorelli/Documents/vibra/ios/Pods
               PROJECT_FILE_PATH = /Users/gregoriomorelli/Documents/vibra/ios/Pods/Pods.xcodeproj
               PROJECT_GUID = bfdfe7dc352907fc980b868725387e98
               PROJECT_NAME = Pods
               PROJECT_TEMP_DIR = /Users/gregoriomorelli/Documents/vibra/build/ios/Pods.build
               PROJECT_TEMP_ROOT = /Users/gregoriomorelli/Documents/vibra/build/ios
               PUBLIC_HEADERS_FOLDER_PATH = geocoding_ios.framework/Headers
               RECOMMENDED_IPHONEOS_DEPLOYMENT_TARGET = 15.0
               RECURSIVE_SEARCH_PATHS_FOLLOW_SYMLINKS = YES
               REMOVE_CVS_FROM_RESOURCES = YES
               REMOVE_GIT_FROM_RESOURCES = YES
               REMOVE_HEADERS_FROM_EMBEDDED_BUNDLES = YES
               REMOVE_HG_FROM_RESOURCES = YES
               REMOVE_STATIC_EXECUTABLES_FROM_EMBEDDED_BUNDLES = YES
               REMOVE_SVN_FROM_RESOURCES = YES
               RESCHEDULE_INDEPENDENT_HEADERS_PHASES = YES
               REZ_COLLECTOR_DIR = /Users/gregoriomorelli/Documents/vibra/build/ios/Pods.build/Release-iphonesimulator/geocoding_ios.build/ResourceManagerResources
               REZ_OBJECTS_DIR = /Users/gregoriomorelli/Documents/vibra/build/ios/Pods.build/Release-iphonesimulator/geocoding_ios.build/ResourceManagerResources/Objects
               REZ_SEARCH_PATHS = /Users/gregoriomorelli/Documents/vibra/build/ios/Release-iphonesimulator/geocoding_ios 
               RPATH_ORIGIN = @loader_path
               RUNTIME_EXCEPTION_ALLOW_DYLD_ENVIRONMENT_VARIABLES = NO
               RUNTIME_EXCEPTION_ALLOW_JIT = NO
               RUNTIME_EXCEPTION_ALLOW_UNSIGNED_EXECUTABLE_MEMORY = NO
               RUNTIME_EXCEPTION_DEBUGGING_TOOL = NO
               RUNTIME_EXCEPTION_DISABLE_EXECUTABLE_PAGE_PROTECTION = NO
               RUNTIME_EXCEPTION_DISABLE_LIBRARY_VALIDATION = NO
               SCANNING_PCM_KEEP_CACHE_DIRECTORY = YES
               SCAN_ALL_SOURCE_FILES_FOR_INCLUDES = NO
               SCRIPTS_FOLDER_PATH = geocoding_ios.framework/Scripts
               SDKROOT = /Applications/Xcode.app/Contents/Developer/Platforms/iPhoneSimulator.platform/Developer/SDKs/iPhoneSimulator26.5.sdk
               SDK_DIR = /Applications/Xcode.app/Contents/Developer/Platforms/iPhoneSimulator.platform/Developer/SDKs/iPhoneSimulator26.5.sdk
               SDK_DIR_iphonesimulator = /Applications/Xcode.app/Contents/Developer/Platforms/iPhoneSimulator.platform/Developer/SDKs/iPhoneSimulator26.5.sdk
               SDK_DIR_iphonesimulator26_5 = /Applications/Xcode.app/Contents/Developer/Platforms/iPhoneSimulator.platform/Developer/SDKs/iPhoneSimulator26.5.sdk
               SDK_NAME = iphonesimulator26.5
               SDK_NAMES = iphonesimulator26.5
               SDK_PRODUCT_BUILD_VERSION = 23F73
               SDK_STAT_CACHE_DIR = /var/folders/pg/x6t89f2n7s7299rcw8hv33180000gn/C/com.apple.DeveloperTools/26.5-17F42/Xcode
               SDK_STAT_CACHE_ENABLE = YES
               SDK_STAT_CACHE_PATH = /var/folders/pg/x6t89f2n7s7299rcw8hv33180000gn/C/com.apple.DeveloperTools/26.5-17F42/Xcode/SDKStatCaches.noindex/iphonesimulator26.5-23F73-6cfe768891a92b912361537c460fe42b.sdkstatcache
               SDK_VERSION = 26.5
               SDK_VERSION_ACTUAL = 260500
               SDK_VERSION_MAJOR = 260000
               SDK_VERSION_MINOR = 260500
               SED = /usr/bin/sed
               SEPARATE_STRIP = NO
               SEPARATE_SYMBOL_EDIT = NO
               SET_DIR_MODE_OWNER_GROUP = YES
               SET_FILE_MODE_OWNER_GROUP = NO
               SHALLOW_BUNDLE = YES
               SHALLOW_BUNDLE_TRIPLE = ios-simulator
               SHALLOW_BUNDLE_ios_macabi = NO
               SHALLOW_BUNDLE_macos = NO
               SHARED_DERIVED_FILE_DIR = /Users/gregoriomorelli/Documents/vibra/build/ios/Release-iphonesimulator/geocoding_ios/DerivedSources
               SHARED_FRAMEWORKS_FOLDER_PATH = geocoding_ios.framework/SharedFrameworks
               SHARED_PRECOMPS_DIR = /Users/gregoriomorelli/Documents/vibra/build/ios/SharedPrecompiledHeaders
               SHARED_SUPPORT_FOLDER_PATH = geocoding_ios.framework
               SKIP_INSTALL = YES
               SKIP_MERGEABLE_LIBRARY_BUNDLE_HOOK = NO
               SOURCE_ROOT = /Users/gregoriomorelli/Documents/vibra/ios/Pods
               SRCROOT = /Users/gregoriomorelli/Documents/vibra/ios/Pods
               STRINGSDATA_DIR = /Users/gregoriomorelli/Documents/vibra/build/ios/Pods.build/Release-iphonesimulator/geocoding_ios.build/Objects-normal/undefined_arch
               STRINGSDATA_ROOT = /Users/gregoriomorelli/Documents/vibra/build/ios/Pods.build/Release-iphonesimulator/geocoding_ios.build
               STRINGS_FILE_INFOPLIST_RENAME = YES
               STRINGS_FILE_OUTPUT_ENCODING = binary
               STRING_CATALOG_GENERATE_SYMBOLS = NO
               STRIP_BITCODE_FROM_COPIED_FILES = NO
               STRIP_INSTALLED_PRODUCT = NO
               STRIP_STYLE = debugging
               STRIP_SWIFT_SYMBOLS = YES
               SUPPORTED_DEVICE_FAMILIES = 1,2
               SUPPORTED_PLATFORMS = iphoneos iphonesimulator
               SUPPORTS_TEXT_BASED_API = NO
               SUPPRESS_WARNINGS = NO
               SWIFT_ACTIVE_COMPILATION_CONDITIONS =  
               SWIFT_COMPILATION_MODE = wholemodule
               SWIFT_EMIT_CONST_VALUE_PROTOCOLS = AnyResolverProviding AppEntity AppEnum AppExtension AppIntent AppIntentsPackage AppShortcutProviding AppShortcutsProvider AppUnionValue AppUnionValueCasesProviding DynamicOptionsProvider EntityQuery ExtensionPointDefining IntentValueQuery Resolver TransientEntity _AssistantIntentsProvider _GenerativeFunctionExtractable _IntentValueRepresentable
               SWIFT_EMIT_LOC_STRINGS = NO
               SWIFT_ENABLE_EXPLICIT_MODULES = YES
               SWIFT_INSTALL_MODULE_FOR_DEPLOYMENT = YES
               SWIFT_INSTALL_OBJC_HEADER = YES
               SWIFT_OPTIMIZATION_LEVEL = -O
               SWIFT_PLATFORM_TARGET_PREFIX = ios
               SWIFT_RESPONSE_FILE_PATH_normal_arm64 = /Users/gregoriomorelli/Documents/vibra/build/ios/Pods.build/Release-iphonesimulator/geocoding_ios.build/Objects-normal/arm64/geocoding_ios.SwiftFileList
               SWIFT_RESPONSE_FILE_PATH_normal_x86_64 = /Users/gregoriomorelli/Documents/vibra/build/ios/Pods.build/Release-iphonesimulator/geocoding_ios.build/Objects-normal/x86_64/geocoding_ios.SwiftFileList
               SWIFT_VERSION = 5.0
               SYMROOT = /Users/gregoriomorelli/Documents/vibra/ios/build
               SYSTEM_ADMIN_APPS_DIR = /Applications/Utilities
               SYSTEM_APPS_DIR = /Applications
               SYSTEM_CORE_SERVICES_DIR = /System/Library/CoreServices
               SYSTEM_DEMOS_DIR = /Applications/Extras
               SYSTEM_DEVELOPER_APPS_DIR = /Applications/Xcode.app/Contents/Developer/Applications
               SYSTEM_DEVELOPER_BIN_DIR = /Applications/Xcode.app/Contents/Developer/usr/bin
               SYSTEM_DEVELOPER_DEMOS_DIR = /Applications/Xcode.app/Contents/Developer/Applications/Utilities/Built Examples
               SYSTEM_DEVELOPER_DIR = /Applications/Xcode.app/Contents/Developer
               SYSTEM_DEVELOPER_DOC_DIR = /Applications/Xcode.app/Contents/Developer/ADC Reference Library
               SYSTEM_DEVELOPER_GRAPHICS_TOOLS_DIR = /Applications/Xcode.app/Contents/Developer/Applications/Graphics Tools
               SYSTEM_DEVELOPER_JAVA_TOOLS_DIR = /Applications/Xcode.app/Contents/Developer/Applications/Java Tools
               SYSTEM_DEVELOPER_PERFORMANCE_TOOLS_DIR = /Applications/Xcode.app/Contents/Developer/Applications/Performance Tools
               SYSTEM_DEVELOPER_RELEASENOTES_DIR = /Applications/Xcode.app/Contents/Developer/ADC Reference Library/releasenotes
               SYSTEM_DEVELOPER_TOOLS = /Applications/Xcode.app/Contents/Developer/Tools
               SYSTEM_DEVELOPER_TOOLS_DOC_DIR = /Applications/Xcode.app/Contents/Developer/ADC Reference Library/documentation/DeveloperTools
               SYSTEM_DEVELOPER_TOOLS_RELEASENOTES_DIR = /Applications/Xcode.app/Contents/Developer/ADC Reference Library/releasenotes/DeveloperTools
               SYSTEM_DEVELOPER_USR_DIR = /Applications/Xcode.app/Contents/Developer/usr
               SYSTEM_DEVELOPER_UTILITIES_DIR = /Applications/Xcode.app/Contents/Developer/Applications/Utilities
               SYSTEM_DEXT_INSTALL_PATH = /System/Library/DriverExtensions
               SYSTEM_DOCUMENTATION_DIR = /Library/Documentation
               SYSTEM_EXTENSIONS_FOLDER_PATH = geocoding_ios.framework/SystemExtensions
               SYSTEM_EXTENSIONS_FOLDER_PATH_SHALLOW_BUNDLE_NO = geocoding_ios.framework/Library/SystemExtensions
               SYSTEM_EXTENSIONS_FOLDER_PATH_SHALLOW_BUNDLE_YES = geocoding_ios.framework/SystemExtensions
               SYSTEM_KEXT_INSTALL_PATH = /System/Library/Extensions
               SYSTEM_LIBRARY_DIR = /System/Library
               TAPI_DEMANGLE = YES
               TAPI_ENABLE_PROJECT_HEADERS = NO
               TAPI_LANGUAGE = objective-c
               TAPI_LANGUAGE_STANDARD = compiler-default
               TAPI_USE_SRCROOT = YES
               TAPI_VERIFY_MODE = Pedantic
               TARGETED_DEVICE_FAMILY = 1,2
               TARGETNAME = geocoding_ios
               TARGET_BUILD_DIR = /Users/gregoriomorelli/Documents/vibra/build/ios/Release-iphonesimulator/geocoding_ios
               TARGET_NAME = geocoding_ios
               TARGET_TEMP_DIR = /Users/gregoriomorelli/Documents/vibra/build/ios/Pods.build/Release-iphonesimulator/geocoding_ios.build
               TEMP_DIR = /Users/gregoriomorelli/Documents/vibra/build/ios/Pods.build/Release-iphonesimulator/geocoding_ios.build
               TEMP_FILES_DIR = /Users/gregoriomorelli/Documents/vibra/build/ios/Pods.build/Release-iphonesimulator/geocoding_ios.build
               TEMP_FILE_DIR = /Users/gregoriomorelli/Documents/vibra/build/ios/Pods.build/Release-iphonesimulator/geocoding_ios.build
               TEMP_ROOT = /Users/gregoriomorelli/Documents/vibra/build/ios
               TEMP_SANDBOX_DIR = /Users/gregoriomorelli/Documents/vibra/build/ios/TemporaryTaskSandboxes
               TEST_FRAMEWORK_SEARCH_PATHS =  /Applications/Xcode.app/Contents/Developer/Platforms/iPhoneSimulator.platform/Developer/Library/Frameworks /Applications/Xcode.app/Contents/Developer/Platforms/iPhoneSimulator.platform/Developer/SDKs/iPhoneSimulator26.5.sdk/Developer/Library/Frameworks
               TEST_LIBRARY_SEARCH_PATHS =  /Applications/Xcode.app/Contents/Developer/Platforms/iPhoneSimulator.platform/Developer/usr/lib
               TOOLCHAINS = com.apple.dt.toolchain.XcodeDefault
               TOOLCHAIN_DIR = /Applications/Xcode.app/Contents/Developer/Toolchains/XcodeDefault.xctoolchain
               TREAT_MISSING_BASELINES_AS_TEST_FAILURES = NO
               TREAT_MISSING_SCRIPT_PHASE_OUTPUTS_AS_ERRORS = NO
               TVOS_DEPLOYMENT_TARGET = 26.5
               UID = 501
               UNINSTALLED_PRODUCTS_DIR = /Users/gregoriomorelli/Documents/vibra/build/ios/UninstalledProducts
               UNLOCALIZED_RESOURCES_FOLDER_PATH = geocoding_ios.framework
               UNLOCALIZED_RESOURCES_FOLDER_PATH_SHALLOW_BUNDLE_NO = geocoding_ios.framework/Resources
               UNLOCALIZED_RESOURCES_FOLDER_PATH_SHALLOW_BUNDLE_YES = geocoding_ios.framework
               UNSTRIPPED_PRODUCT = NO
               USER = gregoriomorelli
               USER_APPS_DIR = /Users/gregoriomorelli/Applications
               USER_LIBRARY_DIR = /Users/gregoriomorelli/Library
               USE_DYNAMIC_NO_PIC = YES
               USE_HEADERMAP = YES
               USE_HEADER_SYMLINKS = NO
               USE_RECURSIVE_SCRIPT_INPUTS_IN_SCRIPT_PHASES = YES
               VALIDATE_DEVELOPMENT_ASSET_PATHS = YES_ERROR
               VALIDATE_PRODUCT = YES
               VALID_ARCHS = arm64 x86_64
               VERBOSE_PBXCP = NO
               VERSIONING_SYSTEM = apple-generic
               VERSIONPLIST_PATH = geocoding_ios.framework/version.plist
               VERSIONS_FOLDER_PATH = geocoding_ios.framework
               VERSIONS_FOLDER_PATH_SHALLOW_BUNDLE_NO = geocoding_ios.framework/Versions
               VERSIONS_FOLDER_PATH_SHALLOW_BUNDLE_YES = geocoding_ios.framework
               VERSION_INFO_BUILDER = gregoriomorelli
               VERSION_INFO_FILE = geocoding_ios_vers.c
               VERSION_INFO_STRING = "@(#)PROGRAM:geocoding_ios  PROJECT:Pods-1"
               WATCHOS_DEPLOYMENT_TARGET = 26.5
               WORKSPACE_DIR = /Users/gregoriomorelli/Documents/vibra/ios/Pods/Pods.xcodeproj
               WRAPPER_EXTENSION = framework
               WRAPPER_NAME = geocoding_ios.framework
               WRAPPER_SUFFIX = .framework
               WRAP_ASSET_PACKS_IN_SEPARATE_DIRECTORIES = NO
               XCODE_APP_SUPPORT_DIR = /Applications/Xcode.app/Contents/Developer/Library/Xcode
               XCODE_PRODUCT_BUILD_VERSION = 17F42
               XCODE_VERSION_ACTUAL = 2650
               XCODE_VERSION_MAJOR = 2600
               XCODE_VERSION_MINOR = 2650
               XPCSERVICES_FOLDER_PATH = geocoding_ios.framework/XPCServices
               XROS_DEPLOYMENT_TARGET = 26.5
               YACC = yacc
               _DISCOVER_COMMAND_LINE_LINKER_INPUTS = YES
               _DISCOVER_COMMAND_LINE_LINKER_INPUTS_INCLUDE_WL = YES
               _LD_MULTIARCH = YES
               _WRAPPER_CONTENTS_DIR_SHALLOW_BUNDLE_NO = /Contents
               _WRAPPER_PARENT_PATH_SHALLOW_BUNDLE_NO = /..
               _WRAPPER_RESOURCES_DIR_SHALLOW_BUNDLE_NO = /Resources
               __DIAGNOSE_DEPRECATED_ARCHS = YES
               __ORIGINAL_SDK_DEFINED_LLVM_TARGET_TRIPLE_SYS = ios
               arch = undefined_arch
               variant = normal

           Build settings for action build and target geocoding_ios-geocoding_ios_privacy:
               ACTION = build
               AD_HOC_CODE_SIGNING_ALLOWED = YES
               ALLOW_BUILD_REQUEST_OVERRIDES = NO
               ALLOW_TARGET_PLATFORM_SPECIALIZATION = NO
               ALTERNATE_GROUP = staff
               ALTERNATE_MODE = u+w,go-w,a+rX
               ALTERNATE_OWNER = gregoriomorelli
               ALTERNATIVE_DISTRIBUTION_WEB = NO
               ALWAYS_EMBED_SWIFT_STANDARD_LIBRARIES = NO
               ALWAYS_SEARCH_USER_PATHS = NO
               ALWAYS_USE_SEPARATE_HEADERMAPS = NO
               APPLICATION_EXTENSION_API_ONLY = NO
               APPLY_RULES_IN_COPY_FILES = NO
               APPLY_RULES_IN_COPY_HEADERS = NO
               APP_SHORTCUTS_ENABLE_FLEXIBLE_MATCHING = YES
               ARCHS = x86_64
               ARCHS_BASE = x86_64
               ARCHS_STANDARD = arm64 x86_64
               ARCHS_STANDARD_32_64_BIT = arm64 x86_64
               ARCHS_STANDARD_64_BIT = arm64 x86_64
               ARCHS_STANDARD_INCLUDING_64_BIT = arm64 x86_64
               ARCHS_UNIVERSAL_IPHONE_OS = arm64 x86_64
               AUTOMATICALLY_MERGE_DEPENDENCIES = NO
               AUTOMATION_APPLE_EVENTS = NO
               AVAILABLE_PLATFORMS = android appletvos appletvsimulator driverkit freebsd iphoneos iphonesimulator linux macosx none openbsd qnx watchos watchsimulator webassembly xros xrsimulator
               BUILD_ACTIVE_RESOURCES_ONLY = NO
               BUILD_COMPONENTS = headers build
               BUILD_DIR = /Users/gregoriomorelli/Documents/vibra/build/ios
               BUILD_LIBRARY_FOR_DISTRIBUTION = NO
               BUILD_ONLY_KNOWN_LOCALIZATIONS = NO
               BUILD_ROOT = /Users/gregoriomorelli/Documents/vibra/ios/build
               BUILD_STYLE = 
               BUILD_VARIANTS = normal
               BUILT_PRODUCTS_DIR = /Users/gregoriomorelli/Documents/vibra/build/ios/Release-iphonesimulator/geocoding_ios
               BUNDLE_CONTENTS_FOLDER_PATH_deep = Contents/
               BUNDLE_EXECUTABLE_FOLDER_NAME_deep = MacOS
               BUNDLE_EXTENSIONS_FOLDER_PATH = Extensions
               BUNDLE_FORMAT = shallow
               BUNDLE_FRAMEWORKS_FOLDER_PATH = Frameworks
               BUNDLE_PLUGINS_FOLDER_PATH = PlugIns
               BUNDLE_PRIVATE_HEADERS_FOLDER_PATH = PrivateHeaders
               BUNDLE_PUBLIC_HEADERS_FOLDER_PATH = Headers
               CACHE_ROOT = /var/folders/pg/x6t89f2n7s7299rcw8hv33180000gn/C/com.apple.DeveloperTools/26.5-17F42/Xcode
               CCHROOT = /var/folders/pg/x6t89f2n7s7299rcw8hv33180000gn/C/com.apple.DeveloperTools/26.5-17F42/Xcode
               CHMOD = /bin/chmod
               CHOWN = chown
               CLANG_ANALYZER_LOCALIZABILITY_NONLOCALIZED = YES
               CLANG_ANALYZER_NONNULL = YES
               CLANG_ANALYZER_NUMBER_OBJECT_CONVERSION = YES_AGGRESSIVE
               CLANG_CACHE_FINE_GRAINED_OUTPUTS = YES
               CLANG_CXX_LANGUAGE_STANDARD = gnu++14
               CLANG_CXX_LIBRARY = libc++
               CLANG_ENABLE_EXPLICIT_MODULES = YES
               CLANG_ENABLE_MODULES = YES
               CLANG_ENABLE_OBJC_ARC = YES
               CLANG_ENABLE_OBJC_WEAK = YES
               CLANG_MODULES_BUILD_SESSION_FILE = /var/folders/pg/x6t89f2n7s7299rcw8hv33180000gn/C/org.llvm.clang/ModuleCache.noindex/Session.modulevalidation
               CLANG_WARN_BLOCK_CAPTURE_AUTORELEASING = YES
               CLANG_WARN_BOOL_CONVERSION = YES
               CLANG_WARN_COMMA = YES
               CLANG_WARN_CONSTANT_CONVERSION = YES
               CLANG_WARN_DEPRECATED_OBJC_IMPLEMENTATIONS = YES
               CLANG_WARN_DIRECT_OBJC_ISA_USAGE = YES_ERROR
               CLANG_WARN_DOCUMENTATION_COMMENTS = YES
               CLANG_WARN_EMPTY_BODY = YES
               CLANG_WARN_ENUM_CONVERSION = YES
               CLANG_WARN_INFINITE_RECURSION = YES
               CLANG_WARN_INT_CONVERSION = YES
               CLANG_WARN_NON_LITERAL_NULL_CONVERSION = YES
               CLANG_WARN_OBJC_IMPLICIT_RETAIN_SELF = YES
               CLANG_WARN_OBJC_LITERAL_CONVERSION = YES
               CLANG_WARN_OBJC_ROOT_CLASS = YES_ERROR
               CLANG_WARN_QUOTED_INCLUDE_IN_FRAMEWORK_HEADER = NO
               CLANG_WARN_RANGE_LOOP_ANALYSIS = YES
               CLANG_WARN_STRICT_PROTOTYPES = YES
               CLANG_WARN_SUSPICIOUS_MOVE = YES
               CLANG_WARN_UNGUARDED_AVAILABILITY = YES_AGGRESSIVE
               CLANG_WARN_UNREACHABLE_CODE = YES
               CLANG_WARN__DUPLICATE_METHOD_MATCH = YES
               CLASS_FILE_DIR = /Users/gregoriomorelli/Documents/vibra/build/ios/Pods.build/Release-iphonesimulator/geocoding_ios-geocoding_ios_privacy.build/JavaClasses
               CLEAN_PRECOMPS = YES
               CLONE_HEADERS = NO
               CODESIGNING_FOLDER_PATH = /Users/gregoriomorelli/Documents/vibra/build/ios/Release-iphonesimulator/geocoding_ios/geocoding_ios_privacy.bundle
               CODE_SIGNING_ALLOWED = NO
               CODE_SIGNING_IDENTITY = -
               CODE_SIGNING_REQUIRED = NO
               CODE_SIGN_CONTEXT_CLASS = XCiPhoneSimulatorCodeSignContext
               CODE_SIGN_IDENTITY = -
               CODE_SIGN_INJECT_BASE_ENTITLEMENTS = YES
               COLOR_DIAGNOSTICS = NO
               COMBINE_HIDPI_IMAGES = NO
               COMPILATION_CACHE_CAS_PATH = /var/folders/pg/x6t89f2n7s7299rcw8hv33180000gn/C/com.apple.DeveloperTools/26.5-17F42/Xcode/CompilationCache.noindex
               COMPILATION_CACHE_KEEP_CAS_DIRECTORY = YES
               COMPILER_INDEX_STORE_ENABLE = Default
               COMPOSITE_SDK_DIRS = /Users/gregoriomorelli/Documents/vibra/build/ios/CompositeSDKs
               COMPRESS_PNG_FILES = YES
               CONFIGURATION = Release
               CONFIGURATION_BUILD_DIR = /Users/gregoriomorelli/Documents/vibra/build/ios/Release-iphonesimulator/geocoding_ios
               CONFIGURATION_TEMP_DIR = /Users/gregoriomorelli/Documents/vibra/build/ios/Pods.build/Release-iphonesimulator
               CONTENTS_FOLDER_PATH = geocoding_ios_privacy.bundle
               CONTENTS_FOLDER_PATH_SHALLOW_BUNDLE_NO = geocoding_ios_privacy.bundle/Contents
               CONTENTS_FOLDER_PATH_SHALLOW_BUNDLE_YES = geocoding_ios_privacy.bundle
               COPYING_PRESERVES_HFS_DATA = NO
               COPY_HEADERS_RUN_UNIFDEF = NO
               COPY_PHASE_STRIP = NO
               CORRESPONDING_DEVICE_PLATFORM_DIR = /Applications/Xcode.app/Contents/Developer/Platforms/iPhoneOS.platform
               CORRESPONDING_DEVICE_PLATFORM_NAME = iphoneos
               CORRESPONDING_DEVICE_SDK_DIR = /Applications/Xcode.app/Contents/Developer/Platforms/iPhoneOS.platform/Developer/SDKs/iPhoneOS26.5.sdk
               CORRESPONDING_DEVICE_SDK_NAME = iphoneos26.5
               CP = /bin/cp
               CREATE_INFOPLIST_SECTION_IN_BINARY = NO
               CURRENT_ARCH = undefined_arch
               CURRENT_VARIANT = normal
               DEAD_CODE_STRIPPING = YES
               DEBUGGING_SYMBOLS = YES
               DEBUG_INFORMATION_FORMAT = dwarf-with-dsym
               DEBUG_INFORMATION_VERSION = compiler-default
               DEFAULT_COMPILER = com.apple.compilers.llvm.clang.1_0
               DEFAULT_DEXT_INSTALL_PATH = /System/Library/DriverExtensions
               DEFAULT_KEXT_INSTALL_PATH = /System/Library/Extensions
               DEFINES_MODULE = YES
               DEPLOYMENT_LOCATION = NO
               DEPLOYMENT_POSTPROCESSING = NO
               DEPLOYMENT_TARGET_SETTING_NAME = IPHONEOS_DEPLOYMENT_TARGET
               DEPLOYMENT_TARGET_SUGGESTED_VALUES = 12.0 12.1 12.2 12.3 12.4 13.0 13.1 13.2 13.3 13.4 13.5 13.6 14.0 14.1 14.2 14.3 14.4 14.5 14.6 14.7 15.0 15.1 15.2 15.3 15.4 15.5 15.6 16.0 16.1 16.2 16.3 16.4 16.5 16.6 17.0 17.1 17.2 17.3 17.4 17.5 17.6 18.0 18.1 18.2 18.3 18.4 18.5 18.6 26.0 26.2 26.3 26.4 26.5
               DERIVED_FILES_DIR = /Users/gregoriomorelli/Documents/vibra/build/ios/Pods.build/Release-iphonesimulator/geocoding_ios-geocoding_ios_privacy.build/DerivedSources
               DERIVED_FILE_DIR = /Users/gregoriomorelli/Documents/vibra/build/ios/Pods.build/Release-iphonesimulator/geocoding_ios-geocoding_ios_privacy.build/DerivedSources
               DERIVED_SOURCES_DIR = /Users/gregoriomorelli/Documents/vibra/build/ios/Pods.build/Release-iphonesimulator/geocoding_ios-geocoding_ios_privacy.build/DerivedSources
               DEVELOPER_APPLICATIONS_DIR = /Applications/Xcode.app/Contents/Developer/Applications
               DEVELOPER_BIN_DIR = /Applications/Xcode.app/Contents/Developer/usr/bin
               DEVELOPER_DIR = /Applications/Xcode.app/Contents/Developer
               DEVELOPER_FRAMEWORKS_DIR = /Applications/Xcode.app/Contents/Developer/Library/Frameworks
               DEVELOPER_FRAMEWORKS_DIR_QUOTED = /Applications/Xcode.app/Contents/Developer/Library/Frameworks
               DEVELOPER_LIBRARY_DIR = /Applications/Xcode.app/Contents/Developer/Library
               DEVELOPER_SDK_DIR = /Applications/Xcode.app/Contents/Developer/Platforms/MacOSX.platform/Developer/SDKs
               DEVELOPER_TOOLS_DIR = /Applications/Xcode.app/Contents/Developer/Tools
               DEVELOPER_USR_DIR = /Applications/Xcode.app/Contents/Developer/usr
               DEVELOPMENT_LANGUAGE = en
               DIAGNOSE_MISSING_TARGET_DEPENDENCIES = YES
               DIFF = /usr/bin/diff
               DOCUMENTATION_FOLDER_PATH = geocoding_ios_privacy.bundle/en.lproj/Documentation
               DONT_GENERATE_INFOPLIST_FILE = NO
               DRIVERKIT_DEPLOYMENT_TARGET = 25.5
               DSTROOT = /tmp/Pods.dst
               DT_TOOLCHAIN_DIR = /Applications/Xcode.app/Contents/Developer/Toolchains/XcodeDefault.xctoolchain
               DUMP_DEPENDENCIES = NO
               DUMP_DEPENDENCIES_OUTPUT_PATH = /Users/gregoriomorelli/Documents/vibra/build/ios/Pods.build/Release-iphonesimulator/geocoding_ios-geocoding_ios_privacy.build/geocoding_ios-geocoding_ios_privacy-BuildDependencyInfo.json
               DWARF_DSYM_FILE_NAME = geocoding_ios_privacy.bundle.dSYM
               DWARF_DSYM_FILE_SHOULD_ACCOMPANY_PRODUCT = NO
               DWARF_DSYM_FOLDER_PATH = /Users/gregoriomorelli/Documents/vibra/build/ios/Release-iphonesimulator/geocoding_ios
               DYNAMIC_LIBRARY_EXTENSION = dylib
               EAGER_COMPILATION_ALLOW_SCRIPTS = NO
               EAGER_LINKING = NO
               EFFECTIVE_PLATFORM_NAME = -iphonesimulator
               EFFECTIVE_SWIFT_VERSION = 5
               EMBEDDED_CONTENT_CONTAINS_SWIFT = NO
               EMBED_ASSET_PACKS_IN_PRODUCT_BUNDLE = NO
               ENABLE_APP_SANDBOX = NO
               ENABLE_CODE_COVERAGE = YES
               ENABLE_COHORT_ARCHS = NO
               ENABLE_CPLUSPLUS_BOUNDS_SAFE_BUFFERS = NO
               ENABLE_C_BOUNDS_SAFETY = NO
               ENABLE_DEFAULT_HEADER_SEARCH_PATHS = YES
               ENABLE_DEFAULT_SEARCH_PATHS = YES
               ENABLE_ENHANCED_SECURITY = NO
               ENABLE_HARDENED_RUNTIME = NO
               ENABLE_HEADER_DEPENDENCIES = YES
               ENABLE_INCOMING_NETWORK_CONNECTIONS = NO
               ENABLE_NS_ASSERTIONS = NO
               ENABLE_ON_DEMAND_RESOURCES = NO
               ENABLE_OUTGOING_NETWORK_CONNECTIONS = NO
               ENABLE_POINTER_AUTHENTICATION = NO
               ENABLE_RESOURCE_ACCESS_AUDIO_INPUT = NO
               ENABLE_RESOURCE_ACCESS_BLUETOOTH = NO
               ENABLE_RESOURCE_ACCESS_CALENDARS = NO
               ENABLE_RESOURCE_ACCESS_CAMERA = NO
               ENABLE_RESOURCE_ACCESS_CONTACTS = NO
               ENABLE_RESOURCE_ACCESS_LOCATION = NO
               ENABLE_RESOURCE_ACCESS_PHOTO_LIBRARY = NO
               ENABLE_RESOURCE_ACCESS_PRINTING = NO
               ENABLE_RESOURCE_ACCESS_USB = NO
               ENABLE_SDK_IMPORTS = NO
               ENABLE_SECURITY_COMPILER_WARNINGS = NO
               ENABLE_STRICT_OBJC_MSGSEND = YES
               ENABLE_TESTABILITY = NO
               ENABLE_TESTING_SEARCH_PATHS = NO
               ENABLE_USER_SCRIPT_SANDBOXING = NO
               ENFORCE_VALID_ARCHS = YES
               ENTITLEMENTS_DESTINATION = __entitlements
               ENTITLEMENTS_REQUIRED = NO
               EXCLUDED_INSTALLSRC_SUBDIRECTORY_PATTERNS = .DS_Store .svn .git .hg CVS
               EXCLUDED_RECURSIVE_SEARCH_PATH_SUBDIRECTORIES = *.nib *.lproj *.framework *.gch *.xcode* *.xcassets *.icon (*) .DS_Store CVS .svn .git .hg *.pbproj *.pbxproj
               EXECUTABLES_FOLDER_PATH = geocoding_ios_privacy.bundle/Executables
               EXECUTABLE_FOLDER_PATH = geocoding_ios_privacy.bundle
               EXECUTABLE_FOLDER_PATH_SHALLOW_BUNDLE_NO = geocoding_ios_privacy.bundle/MacOS
               EXECUTABLE_FOLDER_PATH_SHALLOW_BUNDLE_YES = geocoding_ios_privacy.bundle
               EXECUTABLE_NAME = geocoding_ios_privacy
               EXECUTABLE_PATH = geocoding_ios_privacy.bundle/geocoding_ios_privacy
               EXPANDED_CODE_SIGN_IDENTITY = -
               EXTENSIONS_FOLDER_PATH = geocoding_ios_privacy.bundle/Extensions
               FILE_LIST = /Users/gregoriomorelli/Documents/vibra/build/ios/Pods.build/Release-iphonesimulator/geocoding_ios-geocoding_ios_privacy.build/Objects/LinkFileList
               FIXED_FILES_DIR = /Users/gregoriomorelli/Documents/vibra/build/ios/Pods.build/Release-iphonesimulator/geocoding_ios-geocoding_ios_privacy.build/FixedFiles
               FRAMEWORKS_FOLDER_PATH = geocoding_ios_privacy.bundle/Frameworks
               FRAMEWORK_FLAG_PREFIX = -framework
               FRAMEWORK_SEARCH_PATHS = /Users/gregoriomorelli/Documents/vibra/build/ios/Release-iphonesimulator/geocoding_ios 
               FRAMEWORK_VERSION = A
               FULL_PRODUCT_NAME = geocoding_ios_privacy.bundle
               FUSE_BUILD_PHASES = YES
               FUSE_BUILD_SCRIPT_PHASES = NO
               GCC3_VERSION = 3.3
               GCC_C_LANGUAGE_STANDARD = gnu11
               GCC_INLINES_ARE_PRIVATE_EXTERN = YES
               GCC_NO_COMMON_BLOCKS = YES
               GCC_OBJC_LEGACY_DISPATCH = YES
               GCC_PFE_FILE_C_DIALECTS = c objective-c c++ objective-c++
               GCC_PREPROCESSOR_DEFINITIONS = POD_CONFIGURATION_RELEASE=1  COCOAPODS=1
               GCC_TREAT_WARNINGS_AS_ERRORS = NO
               GCC_VERSION = com.apple.compilers.llvm.clang.1_0
               GCC_VERSION_IDENTIFIER = com_apple_compilers_llvm_clang_1_0
               GCC_WARN_64_TO_32_BIT_CONVERSION = YES
               GCC_WARN_ABOUT_RETURN_TYPE = YES_ERROR
               GCC_WARN_UNDECLARED_SELECTOR = YES
               GCC_WARN_UNINITIALIZED_AUTOS = YES_AGGRESSIVE
               GCC_WARN_UNUSED_FUNCTION = YES
               GCC_WARN_UNUSED_VARIABLE = YES
               GENERATED_MODULEMAP_DIR = /Users/gregoriomorelli/Documents/vibra/build/ios/GeneratedModuleMaps-iphonesimulator
               GENERATE_INFOPLIST_FILE = NO
               GENERATE_INTERMEDIATE_TEXT_BASED_STUBS = YES
               GENERATE_PKGINFO_FILE = NO
               GENERATE_PRELINK_OBJECT_FILE = NO
               GENERATE_PROFILING_CODE = NO
               GENERATE_TEXT_BASED_STUBS = NO
               GID = 20
               GROUP = staff
               HEADERMAP_INCLUDES_FLAT_ENTRIES_FOR_TARGET_BEING_BUILT = YES
               HEADERMAP_INCLUDES_FRAMEWORK_ENTRIES_FOR_ALL_PRODUCT_TYPES = YES
               HEADERMAP_INCLUDES_FRAMEWORK_ENTRIES_FOR_TARGETS_NOT_BEING_BUILT = YES
               HEADERMAP_INCLUDES_NONPUBLIC_NONPRIVATE_HEADERS = YES
               HEADERMAP_INCLUDES_PROJECT_HEADERS = YES
               HEADERMAP_USES_FRAMEWORK_PREFIX_ENTRIES = YES
               HEADERMAP_USES_VFS = YES
               HEADER_SEARCH_PATHS = /Users/gregoriomorelli/Documents/vibra/build/ios/Release-iphonesimulator/geocoding_ios/include 
               HOME = /Users/gregoriomorelli
               HOST_ARCH = arm64
               HOST_PLATFORM = macosx
               IBSC_MODULE = geocoding_ios
               ICONV = /usr/bin/iconv
               IMPLICIT_DEPENDENCY_DOMAIN = default
               INDEX_STORE_COMPRESS = NO
               INDEX_STORE_ONLY_PROJECT_FILES = NO
               INFOPLIST_ENABLE_CFBUNDLEICONS_MERGE = YES
               INFOPLIST_EXPAND_BUILD_SETTINGS = YES
               INFOPLIST_FILE = Target Support Files/geocoding_ios/ResourceBundle-geocoding_ios_privacy-geocoding_ios-Info.plist
               INFOPLIST_OUTPUT_FORMAT = binary
               INFOPLIST_PATH = geocoding_ios_privacy.bundle/Info.plist
               INFOPLIST_PREPROCESS = NO
               INFOSTRINGS_PATH = geocoding_ios_privacy.bundle/en.lproj/InfoPlist.strings
               INLINE_PRIVATE_FRAMEWORKS = NO
               INSTALLAPI_IGNORE_SKIP_INSTALL = YES
               INSTALLHDRS_COPY_PHASE = NO
               INSTALLHDRS_SCRIPT_PHASE = NO
               INSTALL_DIR = /tmp/Pods.dst
               INSTALL_GROUP = staff
               INSTALL_MODE_FLAG = u+w,go-w,a+rX
               INSTALL_OWNER = gregoriomorelli
               INSTALL_ROOT = /tmp/Pods.dst
               IPHONEOS_DEPLOYMENT_TARGET = 9.0
               IS_UNOPTIMIZED_BUILD = NO
               JAVAC_DEFAULT_FLAGS = -J-Xms64m -J-XX:NewSize=4M -J-Dfile.encoding=UTF8
               JAVA_APP_STUB = /System/Library/Frameworks/JavaVM.framework/Resources/MacOS/JavaApplicationStub
               JAVA_ARCHIVE_CLASSES = YES
               JAVA_ARCHIVE_TYPE = JAR
               JAVA_COMPILER = /usr/bin/javac
               JAVA_FOLDER_PATH = geocoding_ios_privacy.bundle/Java
               JAVA_FRAMEWORK_RESOURCES_DIRS = Resources
               JAVA_JAR_FLAGS = cv
               JAVA_SOURCE_SUBDIR = .
               JAVA_USE_DEPENDENCIES = YES
               JAVA_ZIP_FLAGS = -urg
               JIKES_DEFAULT_FLAGS = +E +OLDCSO
               KEEP_PRIVATE_EXTERNS = NO
               LD_DEPENDENCY_INFO_FILE = /Users/gregoriomorelli/Documents/vibra/build/ios/Pods.build/Release-iphonesimulator/geocoding_ios-geocoding_ios_privacy.build/Objects-normal/undefined_arch/geocoding_ios_privacy_dependency_info.dat
               LD_EXPORT_SYMBOLS = YES
               LD_GENERATE_MAP_FILE = NO
               LD_MAP_FILE_PATH = /Users/gregoriomorelli/Documents/vibra/build/ios/Pods.build/Release-iphonesimulator/geocoding_ios-geocoding_ios_privacy.build/geocoding_ios_privacy-LinkMap-normal-undefined_arch.txt
               LD_NO_PIE = NO
               LD_QUOTE_LINKER_ARGUMENTS_FOR_COMPILER_DRIVER = YES
               LD_SHARED_CACHE_ELIGIBLE = Automatic
               LD_WARN_DUPLICATE_LIBRARIES = NO
               LD_WARN_UNUSED_DYLIBS = NO
               LEGACY_DEVELOPER_DIR = /Applications/Xcode.app/Contents/PlugIns/Xcode3Core.ideplugin/Contents/SharedSupport/Developer
               LEX = lex
               LIBRARY_DEXT_INSTALL_PATH = /Library/DriverExtensions
               LIBRARY_FLAG_NOSPACE = YES
               LIBRARY_FLAG_PREFIX = -l
               LIBRARY_KEXT_INSTALL_PATH = /Library/Extensions
               LIBRARY_SEARCH_PATHS = /Users/gregoriomorelli/Documents/vibra/build/ios/Release-iphonesimulator/geocoding_ios 
               LINKER_DISPLAYS_MANGLED_NAMES = NO
               LINK_FILE_LIST_normal_x86_64 = /Users/gregoriomorelli/Documents/vibra/build/ios/Pods.build/Release-iphonesimulator/geocoding_ios-geocoding_ios_privacy.build/Objects-normal/x86_64/geocoding_ios_privacy.LinkFileList
               LINK_OBJC_RUNTIME = YES
               LINK_WITH_STANDARD_LIBRARIES = YES
               LLVM_TARGET_TRIPLE_OS_VERSION = ios9.0
               LLVM_TARGET_TRIPLE_SUFFIX = -simulator
               LLVM_TARGET_TRIPLE_VENDOR = apple
               LM_AUX_CONST_METADATA_LIST_PATH_normal_x86_64 = /Users/gregoriomorelli/Documents/vibra/build/ios/Pods.build/Release-iphonesimulator/geocoding_ios-geocoding_ios_privacy.build/Objects-normal/x86_64/geocoding_ios_privacy.SwiftConstValuesFileList
               LOCALIZATION_EXPORT_SUPPORTED = YES
               LOCALIZATION_PREFERS_STRING_CATALOGS = NO
               LOCALIZED_RESOURCES_FOLDER_PATH = geocoding_ios_privacy.bundle/en.lproj
               LOCALIZED_STRING_CODE_COMMENTS = NO
               LOCALIZED_STRING_MACRO_NAMES = NSLocalizedString CFCopyLocalizedString
               LOCALIZED_STRING_SWIFTUI_SUPPORT = YES
               LOCAL_ADMIN_APPS_DIR = /Applications/Utilities
               LOCAL_APPS_DIR = /Applications
               LOCAL_DEVELOPER_DIR = /Library/Developer
               LOCAL_LIBRARY_DIR = /Library
               LOCROOT = /Users/gregoriomorelli/Documents/vibra/ios/Pods
               LOCSYMROOT = /Users/gregoriomorelli/Documents/vibra/ios/Pods
               MACH_O_TYPE = mh_bundle
               MACOSX_DEPLOYMENT_TARGET = 26.5
               MAC_OS_X_PRODUCT_BUILD_VERSION = 25F84
               MAC_OS_X_VERSION_ACTUAL = 260502
               MAC_OS_X_VERSION_MAJOR = 260000
               MAC_OS_X_VERSION_MINOR = 260500
               MAKE_MERGEABLE = NO
               MERGEABLE_LIBRARY = NO
               MERGED_BINARY_TYPE = none
               MERGE_LINKED_LIBRARIES = NO
               METAL_LIBRARY_FILE_BASE = default
               METAL_LIBRARY_OUTPUT_DIR = /Users/gregoriomorelli/Documents/vibra/build/ios/Release-iphonesimulator/geocoding_ios/geocoding_ios_privacy.bundle
               MODULES_FOLDER_PATH = geocoding_ios_privacy.bundle/Modules
               MTL_ENABLE_DEBUG_INFO = NO
               MTL_FAST_MATH = YES
               NATIVE_ARCH = arm64
               NATIVE_ARCH_32_BIT = arm
               NATIVE_ARCH_64_BIT = arm64
               NATIVE_ARCH_ACTUAL = arm64
               NO_COMMON = YES
               OBJC_ABI_VERSION = 2
               OBJECT_FILE_DIR = /Users/gregoriomorelli/Documents/vibra/build/ios/Pods.build/Release-iphonesimulator/geocoding_ios-geocoding_ios_privacy.build/Objects
               OBJECT_FILE_DIR_normal = /Users/gregoriomorelli/Documents/vibra/build/ios/Pods.build/Release-iphonesimulator/geocoding_ios-geocoding_ios_privacy.build/Objects-normal
               OBJROOT = /Users/gregoriomorelli/Documents/vibra/build/ios
               ONLY_ACTIVE_ARCH = NO
               OS = MACOS
               OSAC = /usr/bin/osacompile
               PACKAGE_TYPE = com.apple.package-type.wrapper
               PASCAL_STRINGS = YES
               PATH = /Applications/Xcode.app/Contents/SharedFrameworks/SwiftBuild.framework/Versions/A/PlugIns/SWBBuildService.bundle/Contents/PlugIns/SWBUniversalPlatformPlugin.bundle/Contents/Frameworks/SWBUniversalPlatform.framework/Resources:/Applications/Xcode.app/Contents/Developer/Toolchains/XcodeDefault.xctoolchain/usr/bin:/Applications/Xcode.app/Contents/Developer/Toolchains/XcodeDefault.xctoolchain/usr/local/bin:/Applications/Xcode.app/Contents/Developer/Toolchains/XcodeDefault.xctoolchain/usr/libexec:/Applications/Xcode.app/Contents/Developer/Platforms/iPhoneSimulator.platform/usr/bin:/Applications/Xcode.app/Contents/Developer/Platforms/iPhoneSimulator.platform/usr/local/bin:/Applications/Xcode.app/Contents/Developer/Platforms/iPhoneSimulator.platform/Developer/usr/bin:/Applications/Xcode.app/Contents/Developer/Platforms/iPhoneSimulator.platform/Developer/usr/local/bin:/Applications/Xcode.app/Contents/Developer/usr/bin:/Applications/Xcode.app/Contents/Developer/usr/local/bin:/Users/gregoriomorelli/.gemini/antigravity/bin:/Users/gregoriomorelli/Library/Application Support/Antigravity/bin:/opt/homebrew/bin:/opt/homebrew/sbin:/Library/Developer/CommandLineTools/usr/bin:/Users/gregoriomorelli/development/flutter/bin:/Users/gregoriomorelli/Library/Android/sdk/platform-tools:/Users/gregoriomorelli/Library/Android/sdk/cmdline-tools/latest/bin:/Users/gregoriomorelli/Library/Android/sdk/emulator:/Users/gregoriomorelli/.antigravity-ide/antigravity-ide/bin:/Users/gregoriomorelli/.antigravity/antigravity/bin:/Applications/XAMPP/xamppfiles/bin:/Users/gregoriomorelli/develop/flutter/bin:/usr/local/bin:/System/Cryptexes/App/usr/bin:/usr/bin:/bin:/usr/sbin:/sbin:/var/run/com.apple.security.cryptexd/codex.system/bootstrap/usr/local/bin:/var/run/com.apple.security.cryptexd/codex.system/bootstrap/usr/bin:/var/run/com.apple.security.cryptexd/codex.system/bootstrap/usr/appleinternal/bin:/pkg/env/global/bin:/Users/gregoriomorelli/.spicetify
               PATH_PREFIXES_EXCLUDED_FROM_HEADER_DEPENDENCIES = /usr/include /usr/local/include /System/Library/Frameworks /System/Library/PrivateFrameworks /Applications/Xcode.app/Contents/Developer/Headers /Applications/Xcode.app/Contents/Developer/SDKs /Applications/Xcode.app/Contents/Developer/Platforms
               PBDEVELOPMENTPLIST_PATH = geocoding_ios_privacy.bundle/pbdevelopment.plist
               PER_ARCH_MODULE_FILE_DIR = /Users/gregoriomorelli/Documents/vibra/build/ios/Pods.build/Release-iphonesimulator/geocoding_ios-geocoding_ios_privacy.build/Objects-normal/undefined_arch
               PER_ARCH_OBJECT_FILE_DIR = /Users/gregoriomorelli/Documents/vibra/build/ios/Pods.build/Release-iphonesimulator/geocoding_ios-geocoding_ios_privacy.build/Objects-normal/undefined_arch
               PER_VARIANT_OBJECT_FILE_DIR = /Users/gregoriomorelli/Documents/vibra/build/ios/Pods.build/Release-iphonesimulator/geocoding_ios-geocoding_ios_privacy.build/Objects-normal
               PKGINFO_FILE_PATH = /Users/gregoriomorelli/Documents/vibra/build/ios/Pods.build/Release-iphonesimulator/geocoding_ios-geocoding_ios_privacy.build/PkgInfo
               PKGINFO_PATH = geocoding_ios_privacy.bundle/PkgInfo
               PLATFORM_DEVELOPER_APPLICATIONS_DIR = /Applications/Xcode.app/Contents/Developer/Platforms/iPhoneSimulator.platform/Developer/Applications
               PLATFORM_DEVELOPER_BIN_DIR = /Applications/Xcode.app/Contents/Developer/Platforms/iPhoneSimulator.platform/Developer/usr/bin
               PLATFORM_DEVELOPER_LIBRARY_DIR = /Applications/Xcode.app/Contents/Developer/Platforms/iPhoneSimulator.platform/Developer/Library
               PLATFORM_DEVELOPER_SDK_DIR = /Applications/Xcode.app/Contents/Developer/Platforms/iPhoneSimulator.platform/Developer/SDKs
               PLATFORM_DEVELOPER_TOOLS_DIR = /Applications/Xcode.app/Contents/Developer/Platforms/iPhoneSimulator.platform/Developer/Tools
               PLATFORM_DEVELOPER_USR_DIR = /Applications/Xcode.app/Contents/Developer/Platforms/iPhoneSimulator.platform/Developer/usr
               PLATFORM_DIR = /Applications/Xcode.app/Contents/Developer/Platforms/iPhoneSimulator.platform
               PLATFORM_DISPLAY_NAME = iOS Simulator
               PLATFORM_FAMILY_NAME = iOS
               PLATFORM_NAME = iphonesimulator
               PLATFORM_PREFERRED_ARCH = x86_64
               PLATFORM_PRODUCT_BUILD_VERSION = 23F73
               PLATFORM_REQUIRES_SWIFT_AUTOLINK_EXTRACT = NO
               PLATFORM_REQUIRES_SWIFT_MODULEWRAP = NO
               PLATFORM_USES_DSYMS = YES
               PLIST_FILE_OUTPUT_FORMAT = binary
               PLUGINS_FOLDER_PATH = geocoding_ios_privacy.bundle/PlugIns
               PODS_BUILD_DIR = /Users/gregoriomorelli/Documents/vibra/build/ios
               PODS_CONFIGURATION_BUILD_DIR = /Users/gregoriomorelli/Documents/vibra/build/ios/Release-iphonesimulator
               PODS_DEVELOPMENT_LANGUAGE = en
               PODS_ROOT = /Users/gregoriomorelli/Documents/vibra/ios/Pods
               PODS_TARGET_SRCROOT = /Users/gregoriomorelli/Documents/vibra/ios/Pods/../.symlinks/plugins/geocoding_ios/ios
               PODS_XCFRAMEWORKS_BUILD_DIR = /Users/gregoriomorelli/Documents/vibra/build/ios/Release-iphonesimulator/XCFrameworkIntermediates
               PRECOMPS_INCLUDE_HEADERS_FROM_BUILT_PRODUCTS_DIR = YES
               PRECOMP_DESTINATION_DIR = /Users/gregoriomorelli/Documents/vibra/build/ios/Pods.build/Release-iphonesimulator/geocoding_ios-geocoding_ios_privacy.build/PrefixHeaders
               PRIVATE_HEADERS_FOLDER_PATH = geocoding_ios_privacy.bundle/PrivateHeaders
               PROCESSED_INFOPLIST_PATH = /Users/gregoriomorelli/Documents/vibra/build/ios/Pods.build/Release-iphonesimulator/geocoding_ios-geocoding_ios_privacy.build/Objects-normal/undefined_arch/Processed-Info.plist
               PRODUCT_BUNDLE_IDENTIFIER = org.cocoapods.geocoding-ios-privacy
               PRODUCT_BUNDLE_PACKAGE_TYPE = BNDL
               PRODUCT_MODULE_NAME = geocoding_ios_privacy
               PRODUCT_NAME = geocoding_ios_privacy
               PRODUCT_SETTINGS_PATH = /Users/gregoriomorelli/Documents/vibra/ios/Pods/Target Support Files/geocoding_ios/ResourceBundle-geocoding_ios_privacy-geocoding_ios-Info.plist
               PRODUCT_TYPE = com.apple.product-type.bundle
               PROFILING_CODE = NO
               PROJECT = Pods
               PROJECT_DERIVED_FILE_DIR = /Users/gregoriomorelli/Documents/vibra/build/ios/Pods.build/DerivedSources
               PROJECT_DIR = /Users/gregoriomorelli/Documents/vibra/ios/Pods
               PROJECT_FILE_PATH = /Users/gregoriomorelli/Documents/vibra/ios/Pods/Pods.xcodeproj
               PROJECT_GUID = bfdfe7dc352907fc980b868725387e98
               PROJECT_NAME = Pods
               PROJECT_TEMP_DIR = /Users/gregoriomorelli/Documents/vibra/build/ios/Pods.build
               PROJECT_TEMP_ROOT = /Users/gregoriomorelli/Documents/vibra/build/ios
               PUBLIC_HEADERS_FOLDER_PATH = geocoding_ios_privacy.bundle/Headers
               RECOMMENDED_IPHONEOS_DEPLOYMENT_TARGET = 15.0
               RECURSIVE_SEARCH_PATHS_FOLLOW_SYMLINKS = YES
               REMOVE_CVS_FROM_RESOURCES = YES
               REMOVE_GIT_FROM_RESOURCES = YES
               REMOVE_HEADERS_FROM_EMBEDDED_BUNDLES = YES
               REMOVE_HG_FROM_RESOURCES = YES
               REMOVE_STATIC_EXECUTABLES_FROM_EMBEDDED_BUNDLES = YES
               REMOVE_SVN_FROM_RESOURCES = YES
               RESCHEDULE_INDEPENDENT_HEADERS_PHASES = YES
               REZ_COLLECTOR_DIR = /Users/gregoriomorelli/Documents/vibra/build/ios/Pods.build/Release-iphonesimulator/geocoding_ios-geocoding_ios_privacy.build/ResourceManagerResources
               REZ_OBJECTS_DIR = /Users/gregoriomorelli/Documents/vibra/build/ios/Pods.build/Release-iphonesimulator/geocoding_ios-geocoding_ios_privacy.build/ResourceManagerResources/Objects
               REZ_SEARCH_PATHS = /Users/gregoriomorelli/Documents/vibra/build/ios/Release-iphonesimulator/geocoding_ios 
               RPATH_ORIGIN = @loader_path
               RUNTIME_EXCEPTION_ALLOW_DYLD_ENVIRONMENT_VARIABLES = NO
               RUNTIME_EXCEPTION_ALLOW_JIT = NO
               RUNTIME_EXCEPTION_ALLOW_UNSIGNED_EXECUTABLE_MEMORY = NO
               RUNTIME_EXCEPTION_DEBUGGING_TOOL = NO
               RUNTIME_EXCEPTION_DISABLE_EXECUTABLE_PAGE_PROTECTION = NO
               RUNTIME_EXCEPTION_DISABLE_LIBRARY_VALIDATION = NO
               SCANNING_PCM_KEEP_CACHE_DIRECTORY = YES
               SCAN_ALL_SOURCE_FILES_FOR_INCLUDES = NO
               SCRIPTS_FOLDER_PATH = geocoding_ios_privacy.bundle/Scripts
               SDKROOT = /Applications/Xcode.app/Contents/Developer/Platforms/iPhoneSimulator.platform/Developer/SDKs/iPhoneSimulator26.5.sdk
               SDK_DIR = /Applications/Xcode.app/Contents/Developer/Platforms/iPhoneSimulator.platform/Developer/SDKs/iPhoneSimulator26.5.sdk
               SDK_DIR_iphonesimulator = /Applications/Xcode.app/Contents/Developer/Platforms/iPhoneSimulator.platform/Developer/SDKs/iPhoneSimulator26.5.sdk
               SDK_DIR_iphonesimulator26_5 = /Applications/Xcode.app/Contents/Developer/Platforms/iPhoneSimulator.platform/Developer/SDKs/iPhoneSimulator26.5.sdk
               SDK_NAME = iphonesimulator26.5
               SDK_NAMES = iphonesimulator26.5
               SDK_PRODUCT_BUILD_VERSION = 23F73
               SDK_STAT_CACHE_DIR = /var/folders/pg/x6t89f2n7s7299rcw8hv33180000gn/C/com.apple.DeveloperTools/26.5-17F42/Xcode
               SDK_STAT_CACHE_ENABLE = YES
               SDK_STAT_CACHE_PATH = /var/folders/pg/x6t89f2n7s7299rcw8hv33180000gn/C/com.apple.DeveloperTools/26.5-17F42/Xcode/SDKStatCaches.noindex/iphonesimulator26.5-23F73-6cfe768891a92b912361537c460fe42b.sdkstatcache
               SDK_VERSION = 26.5
               SDK_VERSION_ACTUAL = 260500
               SDK_VERSION_MAJOR = 260000
               SDK_VERSION_MINOR = 260500
               SED = /usr/bin/sed
               SEPARATE_STRIP = NO
               SEPARATE_SYMBOL_EDIT = NO
               SET_DIR_MODE_OWNER_GROUP = YES
               SET_FILE_MODE_OWNER_GROUP = NO
               SHALLOW_BUNDLE = YES
               SHALLOW_BUNDLE_TRIPLE = ios-simulator
               SHALLOW_BUNDLE_ios_macabi = NO
               SHALLOW_BUNDLE_macos = NO
               SHARED_DERIVED_FILE_DIR = /Users/gregoriomorelli/Documents/vibra/build/ios/Release-iphonesimulator/geocoding_ios/DerivedSources
               SHARED_FRAMEWORKS_FOLDER_PATH = geocoding_ios_privacy.bundle/SharedFrameworks
               SHARED_PRECOMPS_DIR = /Users/gregoriomorelli/Documents/vibra/build/ios/SharedPrecompiledHeaders
               SHARED_SUPPORT_FOLDER_PATH = geocoding_ios_privacy.bundle/SharedSupport
               SKIP_INSTALL = YES
               SKIP_MERGEABLE_LIBRARY_BUNDLE_HOOK = NO
               SOURCE_ROOT = /Users/gregoriomorelli/Documents/vibra/ios/Pods
               SRCROOT = /Users/gregoriomorelli/Documents/vibra/ios/Pods
               STRINGSDATA_DIR = /Users/gregoriomorelli/Documents/vibra/build/ios/Pods.build/Release-iphonesimulator/geocoding_ios-geocoding_ios_privacy.build/Objects-normal/undefined_arch
               STRINGSDATA_ROOT = /Users/gregoriomorelli/Documents/vibra/build/ios/Pods.build/Release-iphonesimulator/geocoding_ios-geocoding_ios_privacy.build
               STRINGS_FILE_INFOPLIST_RENAME = YES
               STRINGS_FILE_OUTPUT_ENCODING = binary
               STRING_CATALOG_GENERATE_SYMBOLS = NO
               STRIP_BITCODE_FROM_COPIED_FILES = NO
               STRIP_INSTALLED_PRODUCT = NO
               STRIP_STYLE = non-global
               STRIP_SWIFT_SYMBOLS = YES
               SUPPORTED_DEVICE_FAMILIES = 1,2
               SUPPORTED_PLATFORMS = iphoneos iphonesimulator
               SUPPORTS_TEXT_BASED_API = NO
               SUPPRESS_WARNINGS = NO
               SWIFT_COMPILATION_MODE = wholemodule
               SWIFT_EMIT_CONST_VALUE_PROTOCOLS = AnyResolverProviding AppEntity AppEnum AppExtension AppIntent AppIntentsPackage AppShortcutProviding AppShortcutsProvider AppUnionValue AppUnionValueCasesProviding DynamicOptionsProvider EntityQuery ExtensionPointDefining IntentValueQuery Resolver TransientEntity _AssistantIntentsProvider _GenerativeFunctionExtractable _IntentValueRepresentable
               SWIFT_EMIT_LOC_STRINGS = NO
               SWIFT_ENABLE_EXPLICIT_MODULES = YES
               SWIFT_OPTIMIZATION_LEVEL = -O
               SWIFT_PLATFORM_TARGET_PREFIX = ios
               SWIFT_RESPONSE_FILE_PATH_normal_x86_64 = /Users/gregoriomorelli/Documents/vibra/build/ios/Pods.build/Release-iphonesimulator/geocoding_ios-geocoding_ios_privacy.build/Objects-normal/x86_64/geocoding_ios_privacy.SwiftFileList
               SWIFT_VERSION = 5.0
               SYMROOT = /Users/gregoriomorelli/Documents/vibra/ios/build
               SYSTEM_ADMIN_APPS_DIR = /Applications/Utilities
               SYSTEM_APPS_DIR = /Applications
               SYSTEM_CORE_SERVICES_DIR = /System/Library/CoreServices
               SYSTEM_DEMOS_DIR = /Applications/Extras
               SYSTEM_DEVELOPER_APPS_DIR = /Applications/Xcode.app/Contents/Developer/Applications
               SYSTEM_DEVELOPER_BIN_DIR = /Applications/Xcode.app/Contents/Developer/usr/bin
               SYSTEM_DEVELOPER_DEMOS_DIR = /Applications/Xcode.app/Contents/Developer/Applications/Utilities/Built Examples
               SYSTEM_DEVELOPER_DIR = /Applications/Xcode.app/Contents/Developer
               SYSTEM_DEVELOPER_DOC_DIR = /Applications/Xcode.app/Contents/Developer/ADC Reference Library
               SYSTEM_DEVELOPER_GRAPHICS_TOOLS_DIR = /Applications/Xcode.app/Contents/Developer/Applications/Graphics Tools
               SYSTEM_DEVELOPER_JAVA_TOOLS_DIR = /Applications/Xcode.app/Contents/Developer/Applications/Java Tools
               SYSTEM_DEVELOPER_PERFORMANCE_TOOLS_DIR = /Applications/Xcode.app/Contents/Developer/Applications/Performance Tools
               SYSTEM_DEVELOPER_RELEASENOTES_DIR = /Applications/Xcode.app/Contents/Developer/ADC Reference Library/releasenotes
               SYSTEM_DEVELOPER_TOOLS = /Applications/Xcode.app/Contents/Developer/Tools
               SYSTEM_DEVELOPER_TOOLS_DOC_DIR = /Applications/Xcode.app/Contents/Developer/ADC Reference Library/documentation/DeveloperTools
               SYSTEM_DEVELOPER_TOOLS_RELEASENOTES_DIR = /Applications/Xcode.app/Contents/Developer/ADC Reference Library/releasenotes/DeveloperTools
               SYSTEM_DEVELOPER_USR_DIR = /Applications/Xcode.app/Contents/Developer/usr
               SYSTEM_DEVELOPER_UTILITIES_DIR = /Applications/Xcode.app/Contents/Developer/Applications/Utilities
               SYSTEM_DEXT_INSTALL_PATH = /System/Library/DriverExtensions
               SYSTEM_DOCUMENTATION_DIR = /Library/Documentation
               SYSTEM_EXTENSIONS_FOLDER_PATH = geocoding_ios_privacy.bundle/SystemExtensions
               SYSTEM_EXTENSIONS_FOLDER_PATH_SHALLOW_BUNDLE_NO = geocoding_ios_privacy.bundle/Library/SystemExtensions
               SYSTEM_EXTENSIONS_FOLDER_PATH_SHALLOW_BUNDLE_YES = geocoding_ios_privacy.bundle/SystemExtensions
               SYSTEM_KEXT_INSTALL_PATH = /System/Library/Extensions
               SYSTEM_LIBRARY_DIR = /System/Library
               TAPI_DEMANGLE = YES
               TAPI_ENABLE_PROJECT_HEADERS = NO
               TAPI_LANGUAGE = objective-c
               TAPI_LANGUAGE_STANDARD = compiler-default
               TAPI_USE_SRCROOT = YES
               TAPI_VERIFY_MODE = Pedantic
               TARGETED_DEVICE_FAMILY = 1,2
               TARGETNAME = geocoding_ios-geocoding_ios_privacy
               TARGET_BUILD_DIR = /Users/gregoriomorelli/Documents/vibra/build/ios/Release-iphonesimulator/geocoding_ios
               TARGET_NAME = geocoding_ios-geocoding_ios_privacy
               TARGET_TEMP_DIR = /Users/gregoriomorelli/Documents/vibra/build/ios/Pods.build/Release-iphonesimulator/geocoding_ios-geocoding_ios_privacy.build
               TEMP_DIR = /Users/gregoriomorelli/Documents/vibra/build/ios/Pods.build/Release-iphonesimulator/geocoding_ios-geocoding_ios_privacy.build
               TEMP_FILES_DIR = /Users/gregoriomorelli/Documents/vibra/build/ios/Pods.build/Release-iphonesimulator/geocoding_ios-geocoding_ios_privacy.build
               TEMP_FILE_DIR = /Users/gregoriomorelli/Documents/vibra/build/ios/Pods.build/Release-iphonesimulator/geocoding_ios-geocoding_ios_privacy.build
               TEMP_ROOT = /Users/gregoriomorelli/Documents/vibra/build/ios
               TEMP_SANDBOX_DIR = /Users/gregoriomorelli/Documents/vibra/build/ios/TemporaryTaskSandboxes
               TEST_FRAMEWORK_SEARCH_PATHS =  /Applications/Xcode.app/Contents/Developer/Platforms/iPhoneSimulator.platform/Developer/Library/Frameworks /Applications/Xcode.app/Contents/Developer/Platforms/iPhoneSimulator.platform/Developer/SDKs/iPhoneSimulator26.5.sdk/Developer/Library/Frameworks
               TEST_LIBRARY_SEARCH_PATHS =  /Applications/Xcode.app/Contents/Developer/Platforms/iPhoneSimulator.platform/Developer/usr/lib
               TOOLCHAINS = com.apple.dt.toolchain.XcodeDefault
               TOOLCHAIN_DIR = /Applications/Xcode.app/Contents/Developer/Toolchains/XcodeDefault.xctoolchain
               TREAT_MISSING_BASELINES_AS_TEST_FAILURES = NO
               TREAT_MISSING_SCRIPT_PHASE_OUTPUTS_AS_ERRORS = NO
               TVOS_DEPLOYMENT_TARGET = 26.5
               UID = 501
               UNINSTALLED_PRODUCTS_DIR = /Users/gregoriomorelli/Documents/vibra/build/ios/UninstalledProducts
               UNLOCALIZED_RESOURCES_FOLDER_PATH = geocoding_ios_privacy.bundle
               UNLOCALIZED_RESOURCES_FOLDER_PATH_SHALLOW_BUNDLE_NO = geocoding_ios_privacy.bundle/Resources
               UNLOCALIZED_RESOURCES_FOLDER_PATH_SHALLOW_BUNDLE_YES = geocoding_ios_privacy.bundle
               UNSTRIPPED_PRODUCT = NO
               USER = gregoriomorelli
               USER_APPS_DIR = /Users/gregoriomorelli/Applications
               USER_LIBRARY_DIR = /Users/gregoriomorelli/Library
               USE_DYNAMIC_NO_PIC = YES
               USE_HEADERMAP = YES
               USE_HEADER_SYMLINKS = NO
               USE_RECURSIVE_SCRIPT_INPUTS_IN_SCRIPT_PHASES = YES
               VALIDATE_DEVELOPMENT_ASSET_PATHS = YES_ERROR
               VALIDATE_PRODUCT = NO
               VALID_ARCHS = x86_64
               VERBOSE_PBXCP = NO
               VERSIONPLIST_PATH = geocoding_ios_privacy.bundle/version.plist
               VERSION_INFO_BUILDER = gregoriomorelli
               VERSION_INFO_FILE = geocoding_ios_privacy_vers.c
               VERSION_INFO_STRING = "@(#)PROGRAM:geocoding_ios_privacy  PROJECT:Pods-"
               WATCHOS_DEPLOYMENT_TARGET = 26.5
               WORKSPACE_DIR = /Users/gregoriomorelli/Documents/vibra/ios/Pods/Pods.xcodeproj
               WRAPPER_EXTENSION = bundle
               WRAPPER_NAME = geocoding_ios_privacy.bundle
               WRAPPER_SUFFIX = .bundle
               WRAP_ASSET_PACKS_IN_SEPARATE_DIRECTORIES = NO
               XCODE_APP_SUPPORT_DIR = /Applications/Xcode.app/Contents/Developer/Library/Xcode
               XCODE_PRODUCT_BUILD_VERSION = 17F42
               XCODE_VERSION_ACTUAL = 2650
               XCODE_VERSION_MAJOR = 2600
               XCODE_VERSION_MINOR = 2650
               XPCSERVICES_FOLDER_PATH = geocoding_ios_privacy.bundle/XPCServices
               XROS_DEPLOYMENT_TARGET = 26.5
               YACC = yacc
               _DISCOVER_COMMAND_LINE_LINKER_INPUTS = YES
               _DISCOVER_COMMAND_LINE_LINKER_INPUTS_INCLUDE_WL = YES
               _LD_MULTIARCH = YES
               _WRAPPER_CONTENTS_DIR_SHALLOW_BUNDLE_NO = /Contents
               _WRAPPER_PARENT_PATH_SHALLOW_BUNDLE_NO = /..
               _WRAPPER_RESOURCES_DIR_SHALLOW_BUNDLE_NO = /Resources
               __DIAGNOSE_DEPRECATED_ARCHS = YES
               __ORIGINAL_SDK_DEFINED_LLVM_TARGET_TRIPLE_SYS = ios
               arch = undefined_arch
               variant = normal

           Build settings for action build and target geolocator_apple:
               ACTION = build
               AD_HOC_CODE_SIGNING_ALLOWED = YES
               ALLOW_BUILD_REQUEST_OVERRIDES = NO
               ALLOW_TARGET_PLATFORM_SPECIALIZATION = NO
               ALTERNATE_GROUP = staff
               ALTERNATE_MODE = u+w,go-w,a+rX
               ALTERNATE_OWNER = gregoriomorelli
               ALTERNATIVE_DISTRIBUTION_WEB = NO
               ALWAYS_EMBED_SWIFT_STANDARD_LIBRARIES = NO
               ALWAYS_SEARCH_USER_PATHS = NO
               ALWAYS_USE_SEPARATE_HEADERMAPS = NO
               APPLICATION_EXTENSION_API_ONLY = NO
               APPLY_RULES_IN_COPY_FILES = NO
               APPLY_RULES_IN_COPY_HEADERS = NO
               APP_SHORTCUTS_ENABLE_FLEXIBLE_MATCHING = YES
               ARCHS = arm64 x86_64
               ARCHS_BASE = arm64 x86_64
               ARCHS_STANDARD = arm64 x86_64
               ARCHS_STANDARD_32_64_BIT = arm64 x86_64
               ARCHS_STANDARD_64_BIT = arm64 x86_64
               ARCHS_STANDARD_INCLUDING_64_BIT = arm64 x86_64
               ARCHS_UNIVERSAL_IPHONE_OS = arm64 x86_64
               AUTOMATICALLY_MERGE_DEPENDENCIES = NO
               AUTOMATION_APPLE_EVENTS = NO
               AVAILABLE_PLATFORMS = android appletvos appletvsimulator driverkit freebsd iphoneos iphonesimulator linux macosx none openbsd qnx watchos watchsimulator webassembly xros xrsimulator
               BUILD_ACTIVE_RESOURCES_ONLY = NO
               BUILD_COMPONENTS = headers build
               BUILD_DIR = /Users/gregoriomorelli/Documents/vibra/build/ios
               BUILD_LIBRARY_FOR_DISTRIBUTION = NO
               BUILD_ONLY_KNOWN_LOCALIZATIONS = NO
               BUILD_ROOT = /Users/gregoriomorelli/Documents/vibra/ios/build
               BUILD_STYLE = 
               BUILD_VARIANTS = normal
               BUILT_PRODUCTS_DIR = /Users/gregoriomorelli/Documents/vibra/build/ios/Release-iphonesimulator/geolocator_apple
               BUNDLE_CONTENTS_FOLDER_PATH_deep = Contents/
               BUNDLE_EXECUTABLE_FOLDER_NAME_deep = MacOS
               BUNDLE_EXTENSIONS_FOLDER_PATH = Extensions
               BUNDLE_FORMAT = shallow
               BUNDLE_FRAMEWORKS_FOLDER_PATH = Frameworks
               BUNDLE_PLUGINS_FOLDER_PATH = PlugIns
               BUNDLE_PRIVATE_HEADERS_FOLDER_PATH = PrivateHeaders
               BUNDLE_PUBLIC_HEADERS_FOLDER_PATH = Headers
               CACHE_ROOT = /var/folders/pg/x6t89f2n7s7299rcw8hv33180000gn/C/com.apple.DeveloperTools/26.5-17F42/Xcode
               CCHROOT = /var/folders/pg/x6t89f2n7s7299rcw8hv33180000gn/C/com.apple.DeveloperTools/26.5-17F42/Xcode
               CHMOD = /bin/chmod
               CHOWN = chown
               CLANG_ANALYZER_LOCALIZABILITY_NONLOCALIZED = YES
               CLANG_ANALYZER_NONNULL = YES
               CLANG_ANALYZER_NUMBER_OBJECT_CONVERSION = YES_AGGRESSIVE
               CLANG_CACHE_FINE_GRAINED_OUTPUTS = YES
               CLANG_CXX_LANGUAGE_STANDARD = gnu++14
               CLANG_CXX_LIBRARY = libc++
               CLANG_ENABLE_EXPLICIT_MODULES = YES
               CLANG_ENABLE_MODULES = YES
               CLANG_ENABLE_OBJC_ARC = YES
               CLANG_ENABLE_OBJC_WEAK = NO
               CLANG_MODULES_BUILD_SESSION_FILE = /var/folders/pg/x6t89f2n7s7299rcw8hv33180000gn/C/org.llvm.clang/ModuleCache.noindex/Session.modulevalidation
               CLANG_WARN_BLOCK_CAPTURE_AUTORELEASING = YES
               CLANG_WARN_BOOL_CONVERSION = YES
               CLANG_WARN_COMMA = YES
               CLANG_WARN_CONSTANT_CONVERSION = YES
               CLANG_WARN_DEPRECATED_OBJC_IMPLEMENTATIONS = YES
               CLANG_WARN_DIRECT_OBJC_ISA_USAGE = YES_ERROR
               CLANG_WARN_DOCUMENTATION_COMMENTS = YES
               CLANG_WARN_EMPTY_BODY = YES
               CLANG_WARN_ENUM_CONVERSION = YES
               CLANG_WARN_INFINITE_RECURSION = YES
               CLANG_WARN_INT_CONVERSION = YES
               CLANG_WARN_NON_LITERAL_NULL_CONVERSION = YES
               CLANG_WARN_OBJC_IMPLICIT_RETAIN_SELF = YES
               CLANG_WARN_OBJC_LITERAL_CONVERSION = YES
               CLANG_WARN_OBJC_ROOT_CLASS = YES_ERROR
               CLANG_WARN_QUOTED_INCLUDE_IN_FRAMEWORK_HEADER = NO
               CLANG_WARN_RANGE_LOOP_ANALYSIS = YES
               CLANG_WARN_STRICT_PROTOTYPES = YES
               CLANG_WARN_SUSPICIOUS_MOVE = YES
               CLANG_WARN_UNGUARDED_AVAILABILITY = YES_AGGRESSIVE
               CLANG_WARN_UNREACHABLE_CODE = YES
               CLANG_WARN__DUPLICATE_METHOD_MATCH = YES
               CLASS_FILE_DIR = /Users/gregoriomorelli/Documents/vibra/build/ios/Pods.build/Release-iphonesimulator/geolocator_apple.build/JavaClasses
               CLEAN_PRECOMPS = YES
               CLONE_HEADERS = NO
               CODESIGNING_FOLDER_PATH = /Users/gregoriomorelli/Documents/vibra/build/ios/Release-iphonesimulator/geolocator_apple/geolocator_apple.framework
               CODE_SIGNING_ALLOWED = YES
               CODE_SIGNING_REQUIRED = NO
               CODE_SIGNING_REQUIRES_TEAM = YES
               CODE_SIGN_CONTEXT_CLASS = XCiPhoneSimulatorCodeSignContext
               CODE_SIGN_IDENTITY = -
               CODE_SIGN_INJECT_BASE_ENTITLEMENTS = YES
               COLOR_DIAGNOSTICS = NO
               COMBINE_HIDPI_IMAGES = NO
               COMPILATION_CACHE_CAS_PATH = /var/folders/pg/x6t89f2n7s7299rcw8hv33180000gn/C/com.apple.DeveloperTools/26.5-17F42/Xcode/CompilationCache.noindex
               COMPILATION_CACHE_KEEP_CAS_DIRECTORY = YES
               COMPILER_INDEX_STORE_ENABLE = Default
               COMPOSITE_SDK_DIRS = /Users/gregoriomorelli/Documents/vibra/build/ios/CompositeSDKs
               COMPRESS_PNG_FILES = YES
               CONFIGURATION = Release
               CONFIGURATION_BUILD_DIR = /Users/gregoriomorelli/Documents/vibra/build/ios/Release-iphonesimulator/geolocator_apple
               CONFIGURATION_TEMP_DIR = /Users/gregoriomorelli/Documents/vibra/build/ios/Pods.build/Release-iphonesimulator
               CONTENTS_FOLDER_PATH = geolocator_apple.framework
               CONTENTS_FOLDER_PATH_SHALLOW_BUNDLE_NO = geolocator_apple.framework/A
               CONTENTS_FOLDER_PATH_SHALLOW_BUNDLE_YES = geolocator_apple.framework
               COPYING_PRESERVES_HFS_DATA = NO
               COPY_HEADERS_RUN_UNIFDEF = NO
               COPY_PHASE_STRIP = NO
               CORRESPONDING_DEVICE_PLATFORM_DIR = /Applications/Xcode.app/Contents/Developer/Platforms/iPhoneOS.platform
               CORRESPONDING_DEVICE_PLATFORM_NAME = iphoneos
               CORRESPONDING_DEVICE_SDK_DIR = /Applications/Xcode.app/Contents/Developer/Platforms/iPhoneOS.platform/Developer/SDKs/iPhoneOS26.5.sdk
               CORRESPONDING_DEVICE_SDK_NAME = iphoneos26.5
               CP = /bin/cp
               CREATE_INFOPLIST_SECTION_IN_BINARY = NO
               CURRENT_ARCH = undefined_arch
               CURRENT_PROJECT_VERSION = 1
               CURRENT_VARIANT = normal
               CURRENT_VERSION = Current
               DEAD_CODE_STRIPPING = YES
               DEBUGGING_SYMBOLS = YES
               DEBUG_INFORMATION_FORMAT = dwarf-with-dsym
               DEBUG_INFORMATION_VERSION = compiler-default
               DEFAULT_COMPILER = com.apple.compilers.llvm.clang.1_0
               DEFAULT_DEXT_INSTALL_PATH = /System/Library/DriverExtensions
               DEFAULT_KEXT_INSTALL_PATH = /System/Library/Extensions
               DEFINES_MODULE = YES
               DEPLOYMENT_LOCATION = NO
               DEPLOYMENT_POSTPROCESSING = NO
               DEPLOYMENT_TARGET_SETTING_NAME = IPHONEOS_DEPLOYMENT_TARGET
               DEPLOYMENT_TARGET_SUGGESTED_VALUES = 12.0 12.1 12.2 12.3 12.4 13.0 13.1 13.2 13.3 13.4 13.5 13.6 14.0 14.1 14.2 14.3 14.4 14.5 14.6 14.7 15.0 15.1 15.2 15.3 15.4 15.5 15.6 16.0 16.1 16.2 16.3 16.4 16.5 16.6 17.0 17.1 17.2 17.3 17.4 17.5 17.6 18.0 18.1 18.2 18.3 18.4 18.5 18.6 26.0 26.2 26.3 26.4 26.5
               DERIVED_FILES_DIR = /Users/gregoriomorelli/Documents/vibra/build/ios/Pods.build/Release-iphonesimulator/geolocator_apple.build/DerivedSources
               DERIVED_FILE_DIR = /Users/gregoriomorelli/Documents/vibra/build/ios/Pods.build/Release-iphonesimulator/geolocator_apple.build/DerivedSources
               DERIVED_SOURCES_DIR = /Users/gregoriomorelli/Documents/vibra/build/ios/Pods.build/Release-iphonesimulator/geolocator_apple.build/DerivedSources
               DEVELOPER_APPLICATIONS_DIR = /Applications/Xcode.app/Contents/Developer/Applications
               DEVELOPER_BIN_DIR = /Applications/Xcode.app/Contents/Developer/usr/bin
               DEVELOPER_DIR = /Applications/Xcode.app/Contents/Developer
               DEVELOPER_FRAMEWORKS_DIR = /Applications/Xcode.app/Contents/Developer/Library/Frameworks
               DEVELOPER_FRAMEWORKS_DIR_QUOTED = /Applications/Xcode.app/Contents/Developer/Library/Frameworks
               DEVELOPER_LIBRARY_DIR = /Applications/Xcode.app/Contents/Developer/Library
               DEVELOPER_SDK_DIR = /Applications/Xcode.app/Contents/Developer/Platforms/MacOSX.platform/Developer/SDKs
               DEVELOPER_TOOLS_DIR = /Applications/Xcode.app/Contents/Developer/Tools
               DEVELOPER_USR_DIR = /Applications/Xcode.app/Contents/Developer/usr
               DEVELOPMENT_LANGUAGE = en
               DIAGNOSE_MISSING_TARGET_DEPENDENCIES = YES
               DIFF = /usr/bin/diff
               DOCUMENTATION_FOLDER_PATH = geolocator_apple.framework/en.lproj/Documentation
               DONT_GENERATE_INFOPLIST_FILE = NO
               DRIVERKIT_DEPLOYMENT_TARGET = 25.5
               DSTROOT = /tmp/Pods.dst
               DT_TOOLCHAIN_DIR = /Applications/Xcode.app/Contents/Developer/Toolchains/XcodeDefault.xctoolchain
               DUMP_DEPENDENCIES = NO
               DUMP_DEPENDENCIES_OUTPUT_PATH = /Users/gregoriomorelli/Documents/vibra/build/ios/Pods.build/Release-iphonesimulator/geolocator_apple.build/geolocator_apple-BuildDependencyInfo.json
               DWARF_DSYM_FILE_NAME = geolocator_apple.framework.dSYM
               DWARF_DSYM_FILE_SHOULD_ACCOMPANY_PRODUCT = NO
               DWARF_DSYM_FOLDER_PATH = /Users/gregoriomorelli/Documents/vibra/build/ios/Release-iphonesimulator/geolocator_apple
               DYLIB_COMPATIBILITY_VERSION = 1
               DYLIB_CURRENT_VERSION = 1
               DYLIB_INSTALL_NAME_BASE = @rpath
               DYNAMIC_LIBRARY_EXTENSION = dylib
               EAGER_COMPILATION_ALLOW_SCRIPTS = NO
               EAGER_LINKING = NO
               EFFECTIVE_PLATFORM_NAME = -iphonesimulator
               EFFECTIVE_SWIFT_VERSION = 5
               EMBEDDED_CONTENT_CONTAINS_SWIFT = NO
               EMBED_ASSET_PACKS_IN_PRODUCT_BUNDLE = NO
               ENABLE_APP_SANDBOX = NO
               ENABLE_BITCODE = NO
               ENABLE_CODE_COVERAGE = YES
               ENABLE_COHORT_ARCHS = NO
               ENABLE_CPLUSPLUS_BOUNDS_SAFE_BUFFERS = NO
               ENABLE_C_BOUNDS_SAFETY = NO
               ENABLE_DEFAULT_HEADER_SEARCH_PATHS = YES
               ENABLE_DEFAULT_SEARCH_PATHS = YES
               ENABLE_ENHANCED_SECURITY = NO
               ENABLE_HARDENED_RUNTIME = NO
               ENABLE_HEADER_DEPENDENCIES = YES
               ENABLE_INCOMING_NETWORK_CONNECTIONS = NO
               ENABLE_MODULE_VERIFIER = NO
               ENABLE_NS_ASSERTIONS = NO
               ENABLE_ON_DEMAND_RESOURCES = NO
               ENABLE_OUTGOING_NETWORK_CONNECTIONS = NO
               ENABLE_POINTER_AUTHENTICATION = NO
               ENABLE_RESOURCE_ACCESS_AUDIO_INPUT = NO
               ENABLE_RESOURCE_ACCESS_BLUETOOTH = NO
               ENABLE_RESOURCE_ACCESS_CALENDARS = NO
               ENABLE_RESOURCE_ACCESS_CAMERA = NO
               ENABLE_RESOURCE_ACCESS_CONTACTS = NO
               ENABLE_RESOURCE_ACCESS_LOCATION = NO
               ENABLE_RESOURCE_ACCESS_PHOTO_LIBRARY = NO
               ENABLE_RESOURCE_ACCESS_PRINTING = NO
               ENABLE_RESOURCE_ACCESS_USB = NO
               ENABLE_SDK_IMPORTS = NO
               ENABLE_SECURITY_COMPILER_WARNINGS = NO
               ENABLE_STRICT_OBJC_MSGSEND = YES
               ENABLE_TESTABILITY = NO
               ENABLE_TESTING_SEARCH_PATHS = NO
               ENABLE_USER_SCRIPT_SANDBOXING = NO
               ENFORCE_VALID_ARCHS = YES
               ENTITLEMENTS_DESTINATION = __entitlements
               ENTITLEMENTS_REQUIRED = NO
               EXCLUDED_ARCHS = i386 i386
               EXCLUDED_INSTALLSRC_SUBDIRECTORY_PATTERNS = .DS_Store .svn .git .hg CVS
               EXCLUDED_RECURSIVE_SEARCH_PATH_SUBDIRECTORIES = *.nib *.lproj *.framework *.gch *.xcode* *.xcassets *.icon (*) .DS_Store CVS .svn .git .hg *.pbproj *.pbxproj
               EXECUTABLES_FOLDER_PATH = geolocator_apple.framework/en.lproj
               EXECUTABLE_FOLDER_PATH = geolocator_apple.framework
               EXECUTABLE_FOLDER_PATH_SHALLOW_BUNDLE_NO = geolocator_apple.framework
               EXECUTABLE_FOLDER_PATH_SHALLOW_BUNDLE_YES = geolocator_apple.framework
               EXECUTABLE_NAME = geolocator_apple
               EXECUTABLE_PATH = geolocator_apple.framework/geolocator_apple
               EXTENSIONS_FOLDER_PATH = geolocator_apple.framework/Extensions
               FILE_LIST = /Users/gregoriomorelli/Documents/vibra/build/ios/Pods.build/Release-iphonesimulator/geolocator_apple.build/Objects/LinkFileList
               FIXED_FILES_DIR = /Users/gregoriomorelli/Documents/vibra/build/ios/Pods.build/Release-iphonesimulator/geolocator_apple.build/FixedFiles
               FRAMEWORKS_FOLDER_PATH = geolocator_apple.framework/Frameworks
               FRAMEWORK_FLAG_PREFIX = -framework
               FRAMEWORK_SEARCH_PATHS = /Users/gregoriomorelli/Documents/vibra/build/ios/Release-iphonesimulator/geolocator_apple "/Users/gregoriomorelli/development/flutter/bin/cache/artifacts/engine/ios-release/Flutter.xcframework/ios-arm64_x86_64-simulator" 
               FRAMEWORK_VERSION = A
               FULL_PRODUCT_NAME = geolocator_apple.framework
               FUSE_BUILD_PHASES = YES
               FUSE_BUILD_SCRIPT_PHASES = NO
               GCC3_VERSION = 3.3
               GCC_C_LANGUAGE_STANDARD = gnu11
               GCC_INLINES_ARE_PRIVATE_EXTERN = YES
               GCC_NO_COMMON_BLOCKS = YES
               GCC_OBJC_LEGACY_DISPATCH = YES
               GCC_PFE_FILE_C_DIALECTS = c objective-c c++ objective-c++
               GCC_PREFIX_HEADER = Target Support Files/geolocator_apple/geolocator_apple-prefix.pch
               GCC_PREPROCESSOR_DEFINITIONS = POD_CONFIGURATION_RELEASE=1  COCOAPODS=1
               GCC_TREAT_WARNINGS_AS_ERRORS = NO
               GCC_VERSION = com.apple.compilers.llvm.clang.1_0
               GCC_VERSION_IDENTIFIER = com_apple_compilers_llvm_clang_1_0
               GCC_WARN_64_TO_32_BIT_CONVERSION = YES
               GCC_WARN_ABOUT_RETURN_TYPE = YES_ERROR
               GCC_WARN_UNDECLARED_SELECTOR = YES
               GCC_WARN_UNINITIALIZED_AUTOS = YES_AGGRESSIVE
               GCC_WARN_UNUSED_FUNCTION = YES
               GCC_WARN_UNUSED_VARIABLE = YES
               GENERATED_MODULEMAP_DIR = /Users/gregoriomorelli/Documents/vibra/build/ios/GeneratedModuleMaps-iphonesimulator
               GENERATE_INFOPLIST_FILE = NO
               GENERATE_INTERMEDIATE_TEXT_BASED_STUBS = YES
               GENERATE_PKGINFO_FILE = NO
               GENERATE_PRELINK_OBJECT_FILE = NO
               GENERATE_PROFILING_CODE = NO
               GENERATE_TEXT_BASED_STUBS = NO
               GID = 20
               GROUP = staff
               HEADERMAP_INCLUDES_FLAT_ENTRIES_FOR_TARGET_BEING_BUILT = YES
               HEADERMAP_INCLUDES_FRAMEWORK_ENTRIES_FOR_ALL_PRODUCT_TYPES = YES
               HEADERMAP_INCLUDES_FRAMEWORK_ENTRIES_FOR_TARGETS_NOT_BEING_BUILT = YES
               HEADERMAP_INCLUDES_NONPUBLIC_NONPRIVATE_HEADERS = YES
               HEADERMAP_INCLUDES_PROJECT_HEADERS = YES
               HEADERMAP_USES_FRAMEWORK_PREFIX_ENTRIES = YES
               HEADERMAP_USES_VFS = YES
               HEADER_SEARCH_PATHS = /Users/gregoriomorelli/Documents/vibra/build/ios/Release-iphonesimulator/geolocator_apple/include 
               HOME = /Users/gregoriomorelli
               HOST_ARCH = arm64
               HOST_PLATFORM = macosx
               ICONV = /usr/bin/iconv
               IMPLICIT_DEPENDENCY_DOMAIN = default
               INDEX_STORE_COMPRESS = NO
               INDEX_STORE_ONLY_PROJECT_FILES = NO
               INFOPLIST_ENABLE_CFBUNDLEICONS_MERGE = YES
               INFOPLIST_EXPAND_BUILD_SETTINGS = YES
               INFOPLIST_FILE = Target Support Files/geolocator_apple/geolocator_apple-Info.plist
               INFOPLIST_OUTPUT_FORMAT = binary
               INFOPLIST_PATH = geolocator_apple.framework/Info.plist
               INFOPLIST_PREPROCESS = NO
               INFOSTRINGS_PATH = geolocator_apple.framework/en.lproj/InfoPlist.strings
               INLINE_PRIVATE_FRAMEWORKS = NO
               INSTALLAPI_IGNORE_SKIP_INSTALL = YES
               INSTALLHDRS_COPY_PHASE = NO
               INSTALLHDRS_SCRIPT_PHASE = NO
               INSTALL_DIR = /tmp/Pods.dst/Library/Frameworks
               INSTALL_GROUP = staff
               INSTALL_MODE_FLAG = u+w,go-w,a+rX
               INSTALL_OWNER = gregoriomorelli
               INSTALL_PATH = /Library/Frameworks
               INSTALL_ROOT = /tmp/Pods.dst
               IPHONEOS_DEPLOYMENT_TARGET = 13.0
               IS_UNOPTIMIZED_BUILD = NO
               JAVAC_DEFAULT_FLAGS = -J-Xms64m -J-XX:NewSize=4M -J-Dfile.encoding=UTF8
               JAVA_APP_STUB = /System/Library/Frameworks/JavaVM.framework/Resources/MacOS/JavaApplicationStub
               JAVA_ARCHIVE_CLASSES = YES
               JAVA_ARCHIVE_TYPE = JAR
               JAVA_COMPILER = /usr/bin/javac
               JAVA_FOLDER_PATH = geolocator_apple.framework/Java
               JAVA_FRAMEWORK_RESOURCES_DIRS = Resources
               JAVA_JAR_FLAGS = cv
               JAVA_SOURCE_SUBDIR = .
               JAVA_USE_DEPENDENCIES = YES
               JAVA_ZIP_FLAGS = -urg
               JIKES_DEFAULT_FLAGS = +E +OLDCSO
               KEEP_PRIVATE_EXTERNS = NO
               LD_DEPENDENCY_INFO_FILE = /Users/gregoriomorelli/Documents/vibra/build/ios/Pods.build/Release-iphonesimulator/geolocator_apple.build/Objects-normal/undefined_arch/geolocator_apple_dependency_info.dat
               LD_DYLIB_INSTALL_NAME = @rpath/geolocator_apple.framework/geolocator_apple
               LD_EXPORT_SYMBOLS = YES
               LD_GENERATE_MAP_FILE = NO
               LD_MAP_FILE_PATH = /Users/gregoriomorelli/Documents/vibra/build/ios/Pods.build/Release-iphonesimulator/geolocator_apple.build/geolocator_apple-LinkMap-normal-undefined_arch.txt
               LD_NO_PIE = NO
               LD_QUOTE_LINKER_ARGUMENTS_FOR_COMPILER_DRIVER = YES
               LD_RUNPATH_SEARCH_PATHS =  @executable_path/Frameworks @loader_path/Frameworks
               LD_SHARED_CACHE_ELIGIBLE = Automatic
               LD_WARN_DUPLICATE_LIBRARIES = NO
               LD_WARN_UNUSED_DYLIBS = NO
               LEGACY_DEVELOPER_DIR = /Applications/Xcode.app/Contents/PlugIns/Xcode3Core.ideplugin/Contents/SharedSupport/Developer
               LEX = lex
               LIBRARY_DEXT_INSTALL_PATH = /Library/DriverExtensions
               LIBRARY_FLAG_NOSPACE = YES
               LIBRARY_FLAG_PREFIX = -l
               LIBRARY_KEXT_INSTALL_PATH = /Library/Extensions
               LIBRARY_SEARCH_PATHS = /Users/gregoriomorelli/Documents/vibra/build/ios/Release-iphonesimulator/geolocator_apple 
               LINKER_DISPLAYS_MANGLED_NAMES = NO
               LINK_FILE_LIST_normal_arm64 = /Users/gregoriomorelli/Documents/vibra/build/ios/Pods.build/Release-iphonesimulator/geolocator_apple.build/Objects-normal/arm64/geolocator_apple.LinkFileList
               LINK_FILE_LIST_normal_x86_64 = /Users/gregoriomorelli/Documents/vibra/build/ios/Pods.build/Release-iphonesimulator/geolocator_apple.build/Objects-normal/x86_64/geolocator_apple.LinkFileList
               LINK_OBJC_RUNTIME = YES
               LINK_WITH_STANDARD_LIBRARIES = YES
               LLVM_TARGET_TRIPLE_OS_VERSION = ios13.0
               LLVM_TARGET_TRIPLE_SUFFIX = -simulator
               LLVM_TARGET_TRIPLE_VENDOR = apple
               LM_AUX_CONST_METADATA_LIST_PATH_normal_arm64 = /Users/gregoriomorelli/Documents/vibra/build/ios/Pods.build/Release-iphonesimulator/geolocator_apple.build/Objects-normal/arm64/geolocator_apple.SwiftConstValuesFileList
               LM_AUX_CONST_METADATA_LIST_PATH_normal_x86_64 = /Users/gregoriomorelli/Documents/vibra/build/ios/Pods.build/Release-iphonesimulator/geolocator_apple.build/Objects-normal/x86_64/geolocator_apple.SwiftConstValuesFileList
               LOCALIZATION_EXPORT_SUPPORTED = YES
               LOCALIZATION_PREFERS_STRING_CATALOGS = NO
               LOCALIZED_RESOURCES_FOLDER_PATH = geolocator_apple.framework/en.lproj
               LOCALIZED_STRING_CODE_COMMENTS = NO
               LOCALIZED_STRING_MACRO_NAMES = NSLocalizedString CFCopyLocalizedString
               LOCALIZED_STRING_SWIFTUI_SUPPORT = YES
               LOCAL_ADMIN_APPS_DIR = /Applications/Utilities
               LOCAL_APPS_DIR = /Applications
               LOCAL_DEVELOPER_DIR = /Library/Developer
               LOCAL_LIBRARY_DIR = /Library
               LOCROOT = /Users/gregoriomorelli/Documents/vibra/ios/Pods
               LOCSYMROOT = /Users/gregoriomorelli/Documents/vibra/ios/Pods
               MACH_O_TYPE = mh_dylib
               MACOSX_DEPLOYMENT_TARGET = 26.5
               MAC_OS_X_PRODUCT_BUILD_VERSION = 25F84
               MAC_OS_X_VERSION_ACTUAL = 260502
               MAC_OS_X_VERSION_MAJOR = 260000
               MAC_OS_X_VERSION_MINOR = 260500
               MAKE_MERGEABLE = NO
               MERGEABLE_LIBRARY = NO
               MERGED_BINARY_TYPE = none
               MERGE_LINKED_LIBRARIES = NO
               METAL_LIBRARY_FILE_BASE = default
               METAL_LIBRARY_OUTPUT_DIR = /Users/gregoriomorelli/Documents/vibra/build/ios/Release-iphonesimulator/geolocator_apple/geolocator_apple.framework
               MODULEMAP_FILE = Target Support Files/geolocator_apple/geolocator_apple.modulemap
               MODULES_FOLDER_PATH = geolocator_apple.framework/Modules
               MTL_ENABLE_DEBUG_INFO = NO
               MTL_FAST_MATH = YES
               NATIVE_ARCH = arm64
               NATIVE_ARCH_32_BIT = arm
               NATIVE_ARCH_64_BIT = arm64
               NATIVE_ARCH_ACTUAL = arm64
               NO_COMMON = YES
               OBJC_ABI_VERSION = 2
               OBJECT_FILE_DIR = /Users/gregoriomorelli/Documents/vibra/build/ios/Pods.build/Release-iphonesimulator/geolocator_apple.build/Objects
               OBJECT_FILE_DIR_normal = /Users/gregoriomorelli/Documents/vibra/build/ios/Pods.build/Release-iphonesimulator/geolocator_apple.build/Objects-normal
               OBJROOT = /Users/gregoriomorelli/Documents/vibra/build/ios
               ONLY_ACTIVE_ARCH = NO
               OS = MACOS
               OSAC = /usr/bin/osacompile
               OTHER_LDFLAGS =  -framework Flutter
               PACKAGE_TYPE = com.apple.package-type.wrapper.framework
               PASCAL_STRINGS = YES
               PATH = /Applications/Xcode.app/Contents/SharedFrameworks/SwiftBuild.framework/Versions/A/PlugIns/SWBBuildService.bundle/Contents/PlugIns/SWBUniversalPlatformPlugin.bundle/Contents/Frameworks/SWBUniversalPlatform.framework/Resources:/Applications/Xcode.app/Contents/Developer/Toolchains/XcodeDefault.xctoolchain/usr/bin:/Applications/Xcode.app/Contents/Developer/Toolchains/XcodeDefault.xctoolchain/usr/local/bin:/Applications/Xcode.app/Contents/Developer/Toolchains/XcodeDefault.xctoolchain/usr/libexec:/Applications/Xcode.app/Contents/Developer/Platforms/iPhoneSimulator.platform/usr/bin:/Applications/Xcode.app/Contents/Developer/Platforms/iPhoneSimulator.platform/usr/local/bin:/Applications/Xcode.app/Contents/Developer/Platforms/iPhoneSimulator.platform/Developer/usr/bin:/Applications/Xcode.app/Contents/Developer/Platforms/iPhoneSimulator.platform/Developer/usr/local/bin:/Applications/Xcode.app/Contents/Developer/usr/bin:/Applications/Xcode.app/Contents/Developer/usr/local/bin:/Users/gregoriomorelli/.gemini/antigravity/bin:/Users/gregoriomorelli/Library/Application Support/Antigravity/bin:/opt/homebrew/bin:/opt/homebrew/sbin:/Library/Developer/CommandLineTools/usr/bin:/Users/gregoriomorelli/development/flutter/bin:/Users/gregoriomorelli/Library/Android/sdk/platform-tools:/Users/gregoriomorelli/Library/Android/sdk/cmdline-tools/latest/bin:/Users/gregoriomorelli/Library/Android/sdk/emulator:/Users/gregoriomorelli/.antigravity-ide/antigravity-ide/bin:/Users/gregoriomorelli/.antigravity/antigravity/bin:/Applications/XAMPP/xamppfiles/bin:/Users/gregoriomorelli/develop/flutter/bin:/usr/local/bin:/System/Cryptexes/App/usr/bin:/usr/bin:/bin:/usr/sbin:/sbin:/var/run/com.apple.security.cryptexd/codex.system/bootstrap/usr/local/bin:/var/run/com.apple.security.cryptexd/codex.system/bootstrap/usr/bin:/var/run/com.apple.security.cryptexd/codex.system/bootstrap/usr/appleinternal/bin:/pkg/env/global/bin:/Users/gregoriomorelli/.spicetify
               PATH_PREFIXES_EXCLUDED_FROM_HEADER_DEPENDENCIES = /usr/include /usr/local/include /System/Library/Frameworks /System/Library/PrivateFrameworks /Applications/Xcode.app/Contents/Developer/Headers /Applications/Xcode.app/Contents/Developer/SDKs /Applications/Xcode.app/Contents/Developer/Platforms
               PBDEVELOPMENTPLIST_PATH = geolocator_apple.framework/pbdevelopment.plist
               PER_ARCH_MODULE_FILE_DIR = /Users/gregoriomorelli/Documents/vibra/build/ios/Pods.build/Release-iphonesimulator/geolocator_apple.build/Objects-normal/undefined_arch
               PER_ARCH_OBJECT_FILE_DIR = /Users/gregoriomorelli/Documents/vibra/build/ios/Pods.build/Release-iphonesimulator/geolocator_apple.build/Objects-normal/undefined_arch
               PER_VARIANT_OBJECT_FILE_DIR = /Users/gregoriomorelli/Documents/vibra/build/ios/Pods.build/Release-iphonesimulator/geolocator_apple.build/Objects-normal
               PKGINFO_FILE_PATH = /Users/gregoriomorelli/Documents/vibra/build/ios/Pods.build/Release-iphonesimulator/geolocator_apple.build/PkgInfo
               PKGINFO_PATH = geolocator_apple.framework/PkgInfo
               PLATFORM_DEVELOPER_APPLICATIONS_DIR = /Applications/Xcode.app/Contents/Developer/Platforms/iPhoneSimulator.platform/Developer/Applications
               PLATFORM_DEVELOPER_BIN_DIR = /Applications/Xcode.app/Contents/Developer/Platforms/iPhoneSimulator.platform/Developer/usr/bin
               PLATFORM_DEVELOPER_LIBRARY_DIR = /Applications/Xcode.app/Contents/Developer/Platforms/iPhoneSimulator.platform/Developer/Library
               PLATFORM_DEVELOPER_SDK_DIR = /Applications/Xcode.app/Contents/Developer/Platforms/iPhoneSimulator.platform/Developer/SDKs
               PLATFORM_DEVELOPER_TOOLS_DIR = /Applications/Xcode.app/Contents/Developer/Platforms/iPhoneSimulator.platform/Developer/Tools
               PLATFORM_DEVELOPER_USR_DIR = /Applications/Xcode.app/Contents/Developer/Platforms/iPhoneSimulator.platform/Developer/usr
               PLATFORM_DIR = /Applications/Xcode.app/Contents/Developer/Platforms/iPhoneSimulator.platform
               PLATFORM_DISPLAY_NAME = iOS Simulator
               PLATFORM_FAMILY_NAME = iOS
               PLATFORM_NAME = iphonesimulator
               PLATFORM_PREFERRED_ARCH = x86_64
               PLATFORM_PRODUCT_BUILD_VERSION = 23F73
               PLATFORM_REQUIRES_SWIFT_AUTOLINK_EXTRACT = NO
               PLATFORM_REQUIRES_SWIFT_MODULEWRAP = NO
               PLATFORM_USES_DSYMS = YES
               PLIST_FILE_OUTPUT_FORMAT = binary
               PLUGINS_FOLDER_PATH = geolocator_apple.framework/PlugIns
               PODS_BUILD_DIR = /Users/gregoriomorelli/Documents/vibra/build/ios
               PODS_CONFIGURATION_BUILD_DIR = /Users/gregoriomorelli/Documents/vibra/build/ios/Release-iphonesimulator
               PODS_DEVELOPMENT_LANGUAGE = en
               PODS_ROOT = /Users/gregoriomorelli/Documents/vibra/ios/Pods
               PODS_TARGET_SRCROOT = /Users/gregoriomorelli/Documents/vibra/ios/Pods/../.symlinks/plugins/geolocator_apple/darwin
               PODS_XCFRAMEWORKS_BUILD_DIR = /Users/gregoriomorelli/Documents/vibra/build/ios/Release-iphonesimulator/XCFrameworkIntermediates
               PRECOMPS_INCLUDE_HEADERS_FROM_BUILT_PRODUCTS_DIR = YES
               PRECOMP_DESTINATION_DIR = /Users/gregoriomorelli/Documents/vibra/build/ios/Pods.build/Release-iphonesimulator/geolocator_apple.build/PrefixHeaders
               PRIVATE_HEADERS_FOLDER_PATH = geolocator_apple.framework/PrivateHeaders
               PROCESSED_INFOPLIST_PATH = /Users/gregoriomorelli/Documents/vibra/build/ios/Pods.build/Release-iphonesimulator/geolocator_apple.build/Objects-normal/undefined_arch/Processed-Info.plist
               PRODUCT_BUNDLE_IDENTIFIER = org.cocoapods.geolocator-apple
               PRODUCT_BUNDLE_PACKAGE_TYPE = FMWK
               PRODUCT_MODULE_NAME = geolocator_apple
               PRODUCT_NAME = geolocator_apple
               PRODUCT_SETTINGS_PATH = /Users/gregoriomorelli/Documents/vibra/ios/Pods/Target Support Files/geolocator_apple/geolocator_apple-Info.plist
               PRODUCT_TYPE = com.apple.product-type.framework
               PROFILING_CODE = NO
               PROJECT = Pods
               PROJECT_DERIVED_FILE_DIR = /Users/gregoriomorelli/Documents/vibra/build/ios/Pods.build/DerivedSources
               PROJECT_DIR = /Users/gregoriomorelli/Documents/vibra/ios/Pods
               PROJECT_FILE_PATH = /Users/gregoriomorelli/Documents/vibra/ios/Pods/Pods.xcodeproj
               PROJECT_GUID = bfdfe7dc352907fc980b868725387e98
               PROJECT_NAME = Pods
               PROJECT_TEMP_DIR = /Users/gregoriomorelli/Documents/vibra/build/ios/Pods.build
               PROJECT_TEMP_ROOT = /Users/gregoriomorelli/Documents/vibra/build/ios
               PUBLIC_HEADERS_FOLDER_PATH = geolocator_apple.framework/Headers
               RECOMMENDED_IPHONEOS_DEPLOYMENT_TARGET = 15.0
               RECURSIVE_SEARCH_PATHS_FOLLOW_SYMLINKS = YES
               REMOVE_CVS_FROM_RESOURCES = YES
               REMOVE_GIT_FROM_RESOURCES = YES
               REMOVE_HEADERS_FROM_EMBEDDED_BUNDLES = YES
               REMOVE_HG_FROM_RESOURCES = YES
               REMOVE_STATIC_EXECUTABLES_FROM_EMBEDDED_BUNDLES = YES
               REMOVE_SVN_FROM_RESOURCES = YES
               RESCHEDULE_INDEPENDENT_HEADERS_PHASES = YES
               REZ_COLLECTOR_DIR = /Users/gregoriomorelli/Documents/vibra/build/ios/Pods.build/Release-iphonesimulator/geolocator_apple.build/ResourceManagerResources
               REZ_OBJECTS_DIR = /Users/gregoriomorelli/Documents/vibra/build/ios/Pods.build/Release-iphonesimulator/geolocator_apple.build/ResourceManagerResources/Objects
               REZ_SEARCH_PATHS = /Users/gregoriomorelli/Documents/vibra/build/ios/Release-iphonesimulator/geolocator_apple 
               RPATH_ORIGIN = @loader_path
               RUNTIME_EXCEPTION_ALLOW_DYLD_ENVIRONMENT_VARIABLES = NO
               RUNTIME_EXCEPTION_ALLOW_JIT = NO
               RUNTIME_EXCEPTION_ALLOW_UNSIGNED_EXECUTABLE_MEMORY = NO
               RUNTIME_EXCEPTION_DEBUGGING_TOOL = NO
               RUNTIME_EXCEPTION_DISABLE_EXECUTABLE_PAGE_PROTECTION = NO
               RUNTIME_EXCEPTION_DISABLE_LIBRARY_VALIDATION = NO
               SCANNING_PCM_KEEP_CACHE_DIRECTORY = YES
               SCAN_ALL_SOURCE_FILES_FOR_INCLUDES = NO
               SCRIPTS_FOLDER_PATH = geolocator_apple.framework/Scripts
               SDKROOT = /Applications/Xcode.app/Contents/Developer/Platforms/iPhoneSimulator.platform/Developer/SDKs/iPhoneSimulator26.5.sdk
               SDK_DIR = /Applications/Xcode.app/Contents/Developer/Platforms/iPhoneSimulator.platform/Developer/SDKs/iPhoneSimulator26.5.sdk
               SDK_DIR_iphonesimulator = /Applications/Xcode.app/Contents/Developer/Platforms/iPhoneSimulator.platform/Developer/SDKs/iPhoneSimulator26.5.sdk
               SDK_DIR_iphonesimulator26_5 = /Applications/Xcode.app/Contents/Developer/Platforms/iPhoneSimulator.platform/Developer/SDKs/iPhoneSimulator26.5.sdk
               SDK_NAME = iphonesimulator26.5
               SDK_NAMES = iphonesimulator26.5
               SDK_PRODUCT_BUILD_VERSION = 23F73
               SDK_STAT_CACHE_DIR = /var/folders/pg/x6t89f2n7s7299rcw8hv33180000gn/C/com.apple.DeveloperTools/26.5-17F42/Xcode
               SDK_STAT_CACHE_ENABLE = YES
               SDK_STAT_CACHE_PATH = /var/folders/pg/x6t89f2n7s7299rcw8hv33180000gn/C/com.apple.DeveloperTools/26.5-17F42/Xcode/SDKStatCaches.noindex/iphonesimulator26.5-23F73-6cfe768891a92b912361537c460fe42b.sdkstatcache
               SDK_VERSION = 26.5
               SDK_VERSION_ACTUAL = 260500
               SDK_VERSION_MAJOR = 260000
               SDK_VERSION_MINOR = 260500
               SED = /usr/bin/sed
               SEPARATE_STRIP = NO
               SEPARATE_SYMBOL_EDIT = NO
               SET_DIR_MODE_OWNER_GROUP = YES
               SET_FILE_MODE_OWNER_GROUP = NO
               SHALLOW_BUNDLE = YES
               SHALLOW_BUNDLE_TRIPLE = ios-simulator
               SHALLOW_BUNDLE_ios_macabi = NO
               SHALLOW_BUNDLE_macos = NO
               SHARED_DERIVED_FILE_DIR = /Users/gregoriomorelli/Documents/vibra/build/ios/Release-iphonesimulator/geolocator_apple/DerivedSources
               SHARED_FRAMEWORKS_FOLDER_PATH = geolocator_apple.framework/SharedFrameworks
               SHARED_PRECOMPS_DIR = /Users/gregoriomorelli/Documents/vibra/build/ios/SharedPrecompiledHeaders
               SHARED_SUPPORT_FOLDER_PATH = geolocator_apple.framework
               SKIP_INSTALL = YES
               SKIP_MERGEABLE_LIBRARY_BUNDLE_HOOK = NO
               SOURCE_ROOT = /Users/gregoriomorelli/Documents/vibra/ios/Pods
               SRCROOT = /Users/gregoriomorelli/Documents/vibra/ios/Pods
               STRINGSDATA_DIR = /Users/gregoriomorelli/Documents/vibra/build/ios/Pods.build/Release-iphonesimulator/geolocator_apple.build/Objects-normal/undefined_arch
               STRINGSDATA_ROOT = /Users/gregoriomorelli/Documents/vibra/build/ios/Pods.build/Release-iphonesimulator/geolocator_apple.build
               STRINGS_FILE_INFOPLIST_RENAME = YES
               STRINGS_FILE_OUTPUT_ENCODING = binary
               STRING_CATALOG_GENERATE_SYMBOLS = NO
               STRIP_BITCODE_FROM_COPIED_FILES = NO
               STRIP_INSTALLED_PRODUCT = NO
               STRIP_STYLE = debugging
               STRIP_SWIFT_SYMBOLS = YES
               SUPPORTED_DEVICE_FAMILIES = 1,2
               SUPPORTED_PLATFORMS = iphoneos iphonesimulator
               SUPPORTS_TEXT_BASED_API = NO
               SUPPRESS_WARNINGS = NO
               SWIFT_ACTIVE_COMPILATION_CONDITIONS =  
               SWIFT_COMPILATION_MODE = wholemodule
               SWIFT_EMIT_CONST_VALUE_PROTOCOLS = AnyResolverProviding AppEntity AppEnum AppExtension AppIntent AppIntentsPackage AppShortcutProviding AppShortcutsProvider AppUnionValue AppUnionValueCasesProviding DynamicOptionsProvider EntityQuery ExtensionPointDefining IntentValueQuery Resolver TransientEntity _AssistantIntentsProvider _GenerativeFunctionExtractable _IntentValueRepresentable
               SWIFT_EMIT_LOC_STRINGS = NO
               SWIFT_ENABLE_EXPLICIT_MODULES = YES
               SWIFT_INSTALL_MODULE_FOR_DEPLOYMENT = YES
               SWIFT_INSTALL_OBJC_HEADER = YES
               SWIFT_OPTIMIZATION_LEVEL = -O
               SWIFT_PLATFORM_TARGET_PREFIX = ios
               SWIFT_RESPONSE_FILE_PATH_normal_arm64 = /Users/gregoriomorelli/Documents/vibra/build/ios/Pods.build/Release-iphonesimulator/geolocator_apple.build/Objects-normal/arm64/geolocator_apple.SwiftFileList
               SWIFT_RESPONSE_FILE_PATH_normal_x86_64 = /Users/gregoriomorelli/Documents/vibra/build/ios/Pods.build/Release-iphonesimulator/geolocator_apple.build/Objects-normal/x86_64/geolocator_apple.SwiftFileList
               SWIFT_VERSION = 5.0
               SYMROOT = /Users/gregoriomorelli/Documents/vibra/ios/build
               SYSTEM_ADMIN_APPS_DIR = /Applications/Utilities
               SYSTEM_APPS_DIR = /Applications
               SYSTEM_CORE_SERVICES_DIR = /System/Library/CoreServices
               SYSTEM_DEMOS_DIR = /Applications/Extras
               SYSTEM_DEVELOPER_APPS_DIR = /Applications/Xcode.app/Contents/Developer/Applications
               SYSTEM_DEVELOPER_BIN_DIR = /Applications/Xcode.app/Contents/Developer/usr/bin
               SYSTEM_DEVELOPER_DEMOS_DIR = /Applications/Xcode.app/Contents/Developer/Applications/Utilities/Built Examples
               SYSTEM_DEVELOPER_DIR = /Applications/Xcode.app/Contents/Developer
               SYSTEM_DEVELOPER_DOC_DIR = /Applications/Xcode.app/Contents/Developer/ADC Reference Library
               SYSTEM_DEVELOPER_GRAPHICS_TOOLS_DIR = /Applications/Xcode.app/Contents/Developer/Applications/Graphics Tools
               SYSTEM_DEVELOPER_JAVA_TOOLS_DIR = /Applications/Xcode.app/Contents/Developer/Applications/Java Tools
               SYSTEM_DEVELOPER_PERFORMANCE_TOOLS_DIR = /Applications/Xcode.app/Contents/Developer/Applications/Performance Tools
               SYSTEM_DEVELOPER_RELEASENOTES_DIR = /Applications/Xcode.app/Contents/Developer/ADC Reference Library/releasenotes
               SYSTEM_DEVELOPER_TOOLS = /Applications/Xcode.app/Contents/Developer/Tools
               SYSTEM_DEVELOPER_TOOLS_DOC_DIR = /Applications/Xcode.app/Contents/Developer/ADC Reference Library/documentation/DeveloperTools
               SYSTEM_DEVELOPER_TOOLS_RELEASENOTES_DIR = /Applications/Xcode.app/Contents/Developer/ADC Reference Library/releasenotes/DeveloperTools
               SYSTEM_DEVELOPER_USR_DIR = /Applications/Xcode.app/Contents/Developer/usr
               SYSTEM_DEVELOPER_UTILITIES_DIR = /Applications/Xcode.app/Contents/Developer/Applications/Utilities
               SYSTEM_DEXT_INSTALL_PATH = /System/Library/DriverExtensions
               SYSTEM_DOCUMENTATION_DIR = /Library/Documentation
               SYSTEM_EXTENSIONS_FOLDER_PATH = geolocator_apple.framework/SystemExtensions
               SYSTEM_EXTENSIONS_FOLDER_PATH_SHALLOW_BUNDLE_NO = geolocator_apple.framework/Library/SystemExtensions
               SYSTEM_EXTENSIONS_FOLDER_PATH_SHALLOW_BUNDLE_YES = geolocator_apple.framework/SystemExtensions
               SYSTEM_KEXT_INSTALL_PATH = /System/Library/Extensions
               SYSTEM_LIBRARY_DIR = /System/Library
               TAPI_DEMANGLE = YES
               TAPI_ENABLE_PROJECT_HEADERS = NO
               TAPI_LANGUAGE = objective-c
               TAPI_LANGUAGE_STANDARD = compiler-default
               TAPI_USE_SRCROOT = YES
               TAPI_VERIFY_MODE = Pedantic
               TARGETED_DEVICE_FAMILY = 1,2
               TARGETNAME = geolocator_apple
               TARGET_BUILD_DIR = /Users/gregoriomorelli/Documents/vibra/build/ios/Release-iphonesimulator/geolocator_apple
               TARGET_NAME = geolocator_apple
               TARGET_TEMP_DIR = /Users/gregoriomorelli/Documents/vibra/build/ios/Pods.build/Release-iphonesimulator/geolocator_apple.build
               TEMP_DIR = /Users/gregoriomorelli/Documents/vibra/build/ios/Pods.build/Release-iphonesimulator/geolocator_apple.build
               TEMP_FILES_DIR = /Users/gregoriomorelli/Documents/vibra/build/ios/Pods.build/Release-iphonesimulator/geolocator_apple.build
               TEMP_FILE_DIR = /Users/gregoriomorelli/Documents/vibra/build/ios/Pods.build/Release-iphonesimulator/geolocator_apple.build
               TEMP_ROOT = /Users/gregoriomorelli/Documents/vibra/build/ios
               TEMP_SANDBOX_DIR = /Users/gregoriomorelli/Documents/vibra/build/ios/TemporaryTaskSandboxes
               TEST_FRAMEWORK_SEARCH_PATHS =  /Applications/Xcode.app/Contents/Developer/Platforms/iPhoneSimulator.platform/Developer/Library/Frameworks /Applications/Xcode.app/Contents/Developer/Platforms/iPhoneSimulator.platform/Developer/SDKs/iPhoneSimulator26.5.sdk/Developer/Library/Frameworks
               TEST_LIBRARY_SEARCH_PATHS =  /Applications/Xcode.app/Contents/Developer/Platforms/iPhoneSimulator.platform/Developer/usr/lib
               TOOLCHAINS = com.apple.dt.toolchain.XcodeDefault
               TOOLCHAIN_DIR = /Applications/Xcode.app/Contents/Developer/Toolchains/XcodeDefault.xctoolchain
               TREAT_MISSING_BASELINES_AS_TEST_FAILURES = NO
               TREAT_MISSING_SCRIPT_PHASE_OUTPUTS_AS_ERRORS = NO
               TVOS_DEPLOYMENT_TARGET = 26.5
               UID = 501
               UNINSTALLED_PRODUCTS_DIR = /Users/gregoriomorelli/Documents/vibra/build/ios/UninstalledProducts
               UNLOCALIZED_RESOURCES_FOLDER_PATH = geolocator_apple.framework
               UNLOCALIZED_RESOURCES_FOLDER_PATH_SHALLOW_BUNDLE_NO = geolocator_apple.framework/Resources
               UNLOCALIZED_RESOURCES_FOLDER_PATH_SHALLOW_BUNDLE_YES = geolocator_apple.framework
               UNSTRIPPED_PRODUCT = NO
               USER = gregoriomorelli
               USER_APPS_DIR = /Users/gregoriomorelli/Applications
               USER_LIBRARY_DIR = /Users/gregoriomorelli/Library
               USE_DYNAMIC_NO_PIC = YES
               USE_HEADERMAP = YES
               USE_HEADER_SYMLINKS = NO
               USE_RECURSIVE_SCRIPT_INPUTS_IN_SCRIPT_PHASES = YES
               VALIDATE_DEVELOPMENT_ASSET_PATHS = YES_ERROR
               VALIDATE_PRODUCT = YES
               VALID_ARCHS = arm64 x86_64
               VERBOSE_PBXCP = NO
               VERSIONING_SYSTEM = apple-generic
               VERSIONPLIST_PATH = geolocator_apple.framework/version.plist
               VERSIONS_FOLDER_PATH = geolocator_apple.framework
               VERSIONS_FOLDER_PATH_SHALLOW_BUNDLE_NO = geolocator_apple.framework/Versions
               VERSIONS_FOLDER_PATH_SHALLOW_BUNDLE_YES = geolocator_apple.framework
               VERSION_INFO_BUILDER = gregoriomorelli
               VERSION_INFO_FILE = geolocator_apple_vers.c
               VERSION_INFO_STRING = "@(#)PROGRAM:geolocator_apple  PROJECT:Pods-1"
               WATCHOS_DEPLOYMENT_TARGET = 26.5
               WORKSPACE_DIR = /Users/gregoriomorelli/Documents/vibra/ios/Pods/Pods.xcodeproj
               WRAPPER_EXTENSION = framework
               WRAPPER_NAME = geolocator_apple.framework
               WRAPPER_SUFFIX = .framework
               WRAP_ASSET_PACKS_IN_SEPARATE_DIRECTORIES = NO
               XCODE_APP_SUPPORT_DIR = /Applications/Xcode.app/Contents/Developer/Library/Xcode
               XCODE_PRODUCT_BUILD_VERSION = 17F42
               XCODE_VERSION_ACTUAL = 2650
               XCODE_VERSION_MAJOR = 2600
               XCODE_VERSION_MINOR = 2650
               XPCSERVICES_FOLDER_PATH = geolocator_apple.framework/XPCServices
               XROS_DEPLOYMENT_TARGET = 26.5
               YACC = yacc
               _DISCOVER_COMMAND_LINE_LINKER_INPUTS = YES
               _DISCOVER_COMMAND_LINE_LINKER_INPUTS_INCLUDE_WL = YES
               _LD_MULTIARCH = YES
               _WRAPPER_CONTENTS_DIR_SHALLOW_BUNDLE_NO = /Contents
               _WRAPPER_PARENT_PATH_SHALLOW_BUNDLE_NO = /..
               _WRAPPER_RESOURCES_DIR_SHALLOW_BUNDLE_NO = /Resources
               __DIAGNOSE_DEPRECATED_ARCHS = YES
               __ORIGINAL_SDK_DEFINED_LLVM_TARGET_TRIPLE_SYS = ios
               arch = undefined_arch
               variant = normal

           Build settings for action build and target geolocator_apple-geolocator_apple_privacy:
               ACTION = build
               AD_HOC_CODE_SIGNING_ALLOWED = YES
               ALLOW_BUILD_REQUEST_OVERRIDES = NO
               ALLOW_TARGET_PLATFORM_SPECIALIZATION = NO
               ALTERNATE_GROUP = staff
               ALTERNATE_MODE = u+w,go-w,a+rX
               ALTERNATE_OWNER = gregoriomorelli
               ALTERNATIVE_DISTRIBUTION_WEB = NO
               ALWAYS_EMBED_SWIFT_STANDARD_LIBRARIES = NO
               ALWAYS_SEARCH_USER_PATHS = NO
               ALWAYS_USE_SEPARATE_HEADERMAPS = NO
               APPLICATION_EXTENSION_API_ONLY = NO
               APPLY_RULES_IN_COPY_FILES = NO
               APPLY_RULES_IN_COPY_HEADERS = NO
               APP_SHORTCUTS_ENABLE_FLEXIBLE_MATCHING = YES
               ARCHS = arm64 x86_64
               ARCHS_BASE = arm64 x86_64
               ARCHS_STANDARD = arm64 x86_64
               ARCHS_STANDARD_32_64_BIT = arm64 x86_64
               ARCHS_STANDARD_64_BIT = arm64 x86_64
               ARCHS_STANDARD_INCLUDING_64_BIT = arm64 x86_64
               ARCHS_UNIVERSAL_IPHONE_OS = arm64 x86_64
               AUTOMATICALLY_MERGE_DEPENDENCIES = NO
               AUTOMATION_APPLE_EVENTS = NO
               AVAILABLE_PLATFORMS = android appletvos appletvsimulator driverkit freebsd iphoneos iphonesimulator linux macosx none openbsd qnx watchos watchsimulator webassembly xros xrsimulator
               BUILD_ACTIVE_RESOURCES_ONLY = NO
               BUILD_COMPONENTS = headers build
               BUILD_DIR = /Users/gregoriomorelli/Documents/vibra/build/ios
               BUILD_LIBRARY_FOR_DISTRIBUTION = NO
               BUILD_ONLY_KNOWN_LOCALIZATIONS = NO
               BUILD_ROOT = /Users/gregoriomorelli/Documents/vibra/ios/build
               BUILD_STYLE = 
               BUILD_VARIANTS = normal
               BUILT_PRODUCTS_DIR = /Users/gregoriomorelli/Documents/vibra/build/ios/Release-iphonesimulator/geolocator_apple
               BUNDLE_CONTENTS_FOLDER_PATH_deep = Contents/
               BUNDLE_EXECUTABLE_FOLDER_NAME_deep = MacOS
               BUNDLE_EXTENSIONS_FOLDER_PATH = Extensions
               BUNDLE_FORMAT = shallow
               BUNDLE_FRAMEWORKS_FOLDER_PATH = Frameworks
               BUNDLE_PLUGINS_FOLDER_PATH = PlugIns
               BUNDLE_PRIVATE_HEADERS_FOLDER_PATH = PrivateHeaders
               BUNDLE_PUBLIC_HEADERS_FOLDER_PATH = Headers
               CACHE_ROOT = /var/folders/pg/x6t89f2n7s7299rcw8hv33180000gn/C/com.apple.DeveloperTools/26.5-17F42/Xcode
               CCHROOT = /var/folders/pg/x6t89f2n7s7299rcw8hv33180000gn/C/com.apple.DeveloperTools/26.5-17F42/Xcode
               CHMOD = /bin/chmod
               CHOWN = chown
               CLANG_ANALYZER_LOCALIZABILITY_NONLOCALIZED = YES
               CLANG_ANALYZER_NONNULL = YES
               CLANG_ANALYZER_NUMBER_OBJECT_CONVERSION = YES_AGGRESSIVE
               CLANG_CACHE_FINE_GRAINED_OUTPUTS = YES
               CLANG_CXX_LANGUAGE_STANDARD = gnu++14
               CLANG_CXX_LIBRARY = libc++
               CLANG_ENABLE_EXPLICIT_MODULES = YES
               CLANG_ENABLE_MODULES = YES
               CLANG_ENABLE_OBJC_ARC = YES
               CLANG_ENABLE_OBJC_WEAK = YES
               CLANG_MODULES_BUILD_SESSION_FILE = /var/folders/pg/x6t89f2n7s7299rcw8hv33180000gn/C/org.llvm.clang/ModuleCache.noindex/Session.modulevalidation
               CLANG_WARN_BLOCK_CAPTURE_AUTORELEASING = YES
               CLANG_WARN_BOOL_CONVERSION = YES
               CLANG_WARN_COMMA = YES
               CLANG_WARN_CONSTANT_CONVERSION = YES
               CLANG_WARN_DEPRECATED_OBJC_IMPLEMENTATIONS = YES
               CLANG_WARN_DIRECT_OBJC_ISA_USAGE = YES_ERROR
               CLANG_WARN_DOCUMENTATION_COMMENTS = YES
               CLANG_WARN_EMPTY_BODY = YES
               CLANG_WARN_ENUM_CONVERSION = YES
               CLANG_WARN_INFINITE_RECURSION = YES
               CLANG_WARN_INT_CONVERSION = YES
               CLANG_WARN_NON_LITERAL_NULL_CONVERSION = YES
               CLANG_WARN_OBJC_IMPLICIT_RETAIN_SELF = YES
               CLANG_WARN_OBJC_LITERAL_CONVERSION = YES
               CLANG_WARN_OBJC_ROOT_CLASS = YES_ERROR
               CLANG_WARN_QUOTED_INCLUDE_IN_FRAMEWORK_HEADER = NO
               CLANG_WARN_RANGE_LOOP_ANALYSIS = YES
               CLANG_WARN_STRICT_PROTOTYPES = YES
               CLANG_WARN_SUSPICIOUS_MOVE = YES
               CLANG_WARN_UNGUARDED_AVAILABILITY = YES_AGGRESSIVE
               CLANG_WARN_UNREACHABLE_CODE = YES
               CLANG_WARN__DUPLICATE_METHOD_MATCH = YES
               CLASS_FILE_DIR = /Users/gregoriomorelli/Documents/vibra/build/ios/Pods.build/Release-iphonesimulator/geolocator_apple-geolocator_apple_privacy.build/JavaClasses
               CLEAN_PRECOMPS = YES
               CLONE_HEADERS = NO
               CODESIGNING_FOLDER_PATH = /Users/gregoriomorelli/Documents/vibra/build/ios/Release-iphonesimulator/geolocator_apple/geolocator_apple_privacy.bundle
               CODE_SIGNING_ALLOWED = NO
               CODE_SIGNING_IDENTITY = -
               CODE_SIGNING_REQUIRED = NO
               CODE_SIGN_CONTEXT_CLASS = XCiPhoneSimulatorCodeSignContext
               CODE_SIGN_IDENTITY = -
               CODE_SIGN_INJECT_BASE_ENTITLEMENTS = YES
               COLOR_DIAGNOSTICS = NO
               COMBINE_HIDPI_IMAGES = NO
               COMPILATION_CACHE_CAS_PATH = /var/folders/pg/x6t89f2n7s7299rcw8hv33180000gn/C/com.apple.DeveloperTools/26.5-17F42/Xcode/CompilationCache.noindex
               COMPILATION_CACHE_KEEP_CAS_DIRECTORY = YES
               COMPILER_INDEX_STORE_ENABLE = Default
               COMPOSITE_SDK_DIRS = /Users/gregoriomorelli/Documents/vibra/build/ios/CompositeSDKs
               COMPRESS_PNG_FILES = YES
               CONFIGURATION = Release
               CONFIGURATION_BUILD_DIR = /Users/gregoriomorelli/Documents/vibra/build/ios/Release-iphonesimulator/geolocator_apple
               CONFIGURATION_TEMP_DIR = /Users/gregoriomorelli/Documents/vibra/build/ios/Pods.build/Release-iphonesimulator
               CONTENTS_FOLDER_PATH = geolocator_apple_privacy.bundle
               CONTENTS_FOLDER_PATH_SHALLOW_BUNDLE_NO = geolocator_apple_privacy.bundle/Contents
               CONTENTS_FOLDER_PATH_SHALLOW_BUNDLE_YES = geolocator_apple_privacy.bundle
               COPYING_PRESERVES_HFS_DATA = NO
               COPY_HEADERS_RUN_UNIFDEF = NO
               COPY_PHASE_STRIP = NO
               CORRESPONDING_DEVICE_PLATFORM_DIR = /Applications/Xcode.app/Contents/Developer/Platforms/iPhoneOS.platform
               CORRESPONDING_DEVICE_PLATFORM_NAME = iphoneos
               CORRESPONDING_DEVICE_SDK_DIR = /Applications/Xcode.app/Contents/Developer/Platforms/iPhoneOS.platform/Developer/SDKs/iPhoneOS26.5.sdk
               CORRESPONDING_DEVICE_SDK_NAME = iphoneos26.5
               CP = /bin/cp
               CREATE_INFOPLIST_SECTION_IN_BINARY = NO
               CURRENT_ARCH = undefined_arch
               CURRENT_VARIANT = normal
               DEAD_CODE_STRIPPING = YES
               DEBUGGING_SYMBOLS = YES
               DEBUG_INFORMATION_FORMAT = dwarf-with-dsym
               DEBUG_INFORMATION_VERSION = compiler-default
               DEFAULT_COMPILER = com.apple.compilers.llvm.clang.1_0
               DEFAULT_DEXT_INSTALL_PATH = /System/Library/DriverExtensions
               DEFAULT_KEXT_INSTALL_PATH = /System/Library/Extensions
               DEFINES_MODULE = YES
               DEPLOYMENT_LOCATION = NO
               DEPLOYMENT_POSTPROCESSING = NO
               DEPLOYMENT_TARGET_SETTING_NAME = IPHONEOS_DEPLOYMENT_TARGET
               DEPLOYMENT_TARGET_SUGGESTED_VALUES = 12.0 12.1 12.2 12.3 12.4 13.0 13.1 13.2 13.3 13.4 13.5 13.6 14.0 14.1 14.2 14.3 14.4 14.5 14.6 14.7 15.0 15.1 15.2 15.3 15.4 15.5 15.6 16.0 16.1 16.2 16.3 16.4 16.5 16.6 17.0 17.1 17.2 17.3 17.4 17.5 17.6 18.0 18.1 18.2 18.3 18.4 18.5 18.6 26.0 26.2 26.3 26.4 26.5
               DERIVED_FILES_DIR = /Users/gregoriomorelli/Documents/vibra/build/ios/Pods.build/Release-iphonesimulator/geolocator_apple-geolocator_apple_privacy.build/DerivedSources
               DERIVED_FILE_DIR = /Users/gregoriomorelli/Documents/vibra/build/ios/Pods.build/Release-iphonesimulator/geolocator_apple-geolocator_apple_privacy.build/DerivedSources
               DERIVED_SOURCES_DIR = /Users/gregoriomorelli/Documents/vibra/build/ios/Pods.build/Release-iphonesimulator/geolocator_apple-geolocator_apple_privacy.build/DerivedSources
               DEVELOPER_APPLICATIONS_DIR = /Applications/Xcode.app/Contents/Developer/Applications
               DEVELOPER_BIN_DIR = /Applications/Xcode.app/Contents/Developer/usr/bin
               DEVELOPER_DIR = /Applications/Xcode.app/Contents/Developer
               DEVELOPER_FRAMEWORKS_DIR = /Applications/Xcode.app/Contents/Developer/Library/Frameworks
               DEVELOPER_FRAMEWORKS_DIR_QUOTED = /Applications/Xcode.app/Contents/Developer/Library/Frameworks
               DEVELOPER_LIBRARY_DIR = /Applications/Xcode.app/Contents/Developer/Library
               DEVELOPER_SDK_DIR = /Applications/Xcode.app/Contents/Developer/Platforms/MacOSX.platform/Developer/SDKs
               DEVELOPER_TOOLS_DIR = /Applications/Xcode.app/Contents/Developer/Tools
               DEVELOPER_USR_DIR = /Applications/Xcode.app/Contents/Developer/usr
               DEVELOPMENT_LANGUAGE = en
               DIAGNOSE_MISSING_TARGET_DEPENDENCIES = YES
               DIFF = /usr/bin/diff
               DOCUMENTATION_FOLDER_PATH = geolocator_apple_privacy.bundle/en.lproj/Documentation
               DONT_GENERATE_INFOPLIST_FILE = NO
               DRIVERKIT_DEPLOYMENT_TARGET = 25.5
               DSTROOT = /tmp/Pods.dst
               DT_TOOLCHAIN_DIR = /Applications/Xcode.app/Contents/Developer/Toolchains/XcodeDefault.xctoolchain
               DUMP_DEPENDENCIES = NO
               DUMP_DEPENDENCIES_OUTPUT_PATH = /Users/gregoriomorelli/Documents/vibra/build/ios/Pods.build/Release-iphonesimulator/geolocator_apple-geolocator_apple_privacy.build/geolocator_apple-geolocator_apple_privacy-BuildDependencyInfo.json
               DWARF_DSYM_FILE_NAME = geolocator_apple_privacy.bundle.dSYM
               DWARF_DSYM_FILE_SHOULD_ACCOMPANY_PRODUCT = NO
               DWARF_DSYM_FOLDER_PATH = /Users/gregoriomorelli/Documents/vibra/build/ios/Release-iphonesimulator/geolocator_apple
               DYNAMIC_LIBRARY_EXTENSION = dylib
               EAGER_COMPILATION_ALLOW_SCRIPTS = NO
               EAGER_LINKING = NO
               EFFECTIVE_PLATFORM_NAME = -iphonesimulator
               EFFECTIVE_SWIFT_VERSION = 5
               EMBEDDED_CONTENT_CONTAINS_SWIFT = NO
               EMBED_ASSET_PACKS_IN_PRODUCT_BUNDLE = NO
               ENABLE_APP_SANDBOX = NO
               ENABLE_CODE_COVERAGE = YES
               ENABLE_COHORT_ARCHS = NO
               ENABLE_CPLUSPLUS_BOUNDS_SAFE_BUFFERS = NO
               ENABLE_C_BOUNDS_SAFETY = NO
               ENABLE_DEFAULT_HEADER_SEARCH_PATHS = YES
               ENABLE_DEFAULT_SEARCH_PATHS = YES
               ENABLE_ENHANCED_SECURITY = NO
               ENABLE_HARDENED_RUNTIME = NO
               ENABLE_HEADER_DEPENDENCIES = YES
               ENABLE_INCOMING_NETWORK_CONNECTIONS = NO
               ENABLE_NS_ASSERTIONS = NO
               ENABLE_ON_DEMAND_RESOURCES = NO
               ENABLE_OUTGOING_NETWORK_CONNECTIONS = NO
               ENABLE_POINTER_AUTHENTICATION = NO
               ENABLE_RESOURCE_ACCESS_AUDIO_INPUT = NO
               ENABLE_RESOURCE_ACCESS_BLUETOOTH = NO
               ENABLE_RESOURCE_ACCESS_CALENDARS = NO
               ENABLE_RESOURCE_ACCESS_CAMERA = NO
               ENABLE_RESOURCE_ACCESS_CONTACTS = NO
               ENABLE_RESOURCE_ACCESS_LOCATION = NO
               ENABLE_RESOURCE_ACCESS_PHOTO_LIBRARY = NO
               ENABLE_RESOURCE_ACCESS_PRINTING = NO
               ENABLE_RESOURCE_ACCESS_USB = NO
               ENABLE_SDK_IMPORTS = NO
               ENABLE_SECURITY_COMPILER_WARNINGS = NO
               ENABLE_STRICT_OBJC_MSGSEND = YES
               ENABLE_TESTABILITY = NO
               ENABLE_TESTING_SEARCH_PATHS = NO
               ENABLE_USER_SCRIPT_SANDBOXING = NO
               ENFORCE_VALID_ARCHS = YES
               ENTITLEMENTS_DESTINATION = __entitlements
               ENTITLEMENTS_REQUIRED = NO
               EXCLUDED_ARCHS = i386
               EXCLUDED_INSTALLSRC_SUBDIRECTORY_PATTERNS = .DS_Store .svn .git .hg CVS
               EXCLUDED_RECURSIVE_SEARCH_PATH_SUBDIRECTORIES = *.nib *.lproj *.framework *.gch *.xcode* *.xcassets *.icon (*) .DS_Store CVS .svn .git .hg *.pbproj *.pbxproj
               EXECUTABLES_FOLDER_PATH = geolocator_apple_privacy.bundle/Executables
               EXECUTABLE_FOLDER_PATH = geolocator_apple_privacy.bundle
               EXECUTABLE_FOLDER_PATH_SHALLOW_BUNDLE_NO = geolocator_apple_privacy.bundle/MacOS
               EXECUTABLE_FOLDER_PATH_SHALLOW_BUNDLE_YES = geolocator_apple_privacy.bundle
               EXECUTABLE_NAME = geolocator_apple_privacy
               EXECUTABLE_PATH = geolocator_apple_privacy.bundle/geolocator_apple_privacy
               EXPANDED_CODE_SIGN_IDENTITY = -
               EXTENSIONS_FOLDER_PATH = geolocator_apple_privacy.bundle/Extensions
               FILE_LIST = /Users/gregoriomorelli/Documents/vibra/build/ios/Pods.build/Release-iphonesimulator/geolocator_apple-geolocator_apple_privacy.build/Objects/LinkFileList
               FIXED_FILES_DIR = /Users/gregoriomorelli/Documents/vibra/build/ios/Pods.build/Release-iphonesimulator/geolocator_apple-geolocator_apple_privacy.build/FixedFiles
               FRAMEWORKS_FOLDER_PATH = geolocator_apple_privacy.bundle/Frameworks
               FRAMEWORK_FLAG_PREFIX = -framework
               FRAMEWORK_SEARCH_PATHS = /Users/gregoriomorelli/Documents/vibra/build/ios/Release-iphonesimulator/geolocator_apple 
               FRAMEWORK_VERSION = A
               FULL_PRODUCT_NAME = geolocator_apple_privacy.bundle
               FUSE_BUILD_PHASES = YES
               FUSE_BUILD_SCRIPT_PHASES = NO
               GCC3_VERSION = 3.3
               GCC_C_LANGUAGE_STANDARD = gnu11
               GCC_INLINES_ARE_PRIVATE_EXTERN = YES
               GCC_NO_COMMON_BLOCKS = YES
               GCC_OBJC_LEGACY_DISPATCH = YES
               GCC_PFE_FILE_C_DIALECTS = c objective-c c++ objective-c++
               GCC_PREPROCESSOR_DEFINITIONS = POD_CONFIGURATION_RELEASE=1  COCOAPODS=1
               GCC_TREAT_WARNINGS_AS_ERRORS = NO
               GCC_VERSION = com.apple.compilers.llvm.clang.1_0
               GCC_VERSION_IDENTIFIER = com_apple_compilers_llvm_clang_1_0
               GCC_WARN_64_TO_32_BIT_CONVERSION = YES
               GCC_WARN_ABOUT_RETURN_TYPE = YES_ERROR
               GCC_WARN_UNDECLARED_SELECTOR = YES
               GCC_WARN_UNINITIALIZED_AUTOS = YES_AGGRESSIVE
               GCC_WARN_UNUSED_FUNCTION = YES
               GCC_WARN_UNUSED_VARIABLE = YES
               GENERATED_MODULEMAP_DIR = /Users/gregoriomorelli/Documents/vibra/build/ios/GeneratedModuleMaps-iphonesimulator
               GENERATE_INFOPLIST_FILE = NO
               GENERATE_INTERMEDIATE_TEXT_BASED_STUBS = YES
               GENERATE_PKGINFO_FILE = NO
               GENERATE_PRELINK_OBJECT_FILE = NO
               GENERATE_PROFILING_CODE = NO
               GENERATE_TEXT_BASED_STUBS = NO
               GID = 20
               GROUP = staff
               HEADERMAP_INCLUDES_FLAT_ENTRIES_FOR_TARGET_BEING_BUILT = YES
               HEADERMAP_INCLUDES_FRAMEWORK_ENTRIES_FOR_ALL_PRODUCT_TYPES = YES
               HEADERMAP_INCLUDES_FRAMEWORK_ENTRIES_FOR_TARGETS_NOT_BEING_BUILT = YES
               HEADERMAP_INCLUDES_NONPUBLIC_NONPRIVATE_HEADERS = YES
               HEADERMAP_INCLUDES_PROJECT_HEADERS = YES
               HEADERMAP_USES_FRAMEWORK_PREFIX_ENTRIES = YES
               HEADERMAP_USES_VFS = YES
               HEADER_SEARCH_PATHS = /Users/gregoriomorelli/Documents/vibra/build/ios/Release-iphonesimulator/geolocator_apple/include 
               HOME = /Users/gregoriomorelli
               HOST_ARCH = arm64
               HOST_PLATFORM = macosx
               IBSC_MODULE = geolocator_apple
               ICONV = /usr/bin/iconv
               IMPLICIT_DEPENDENCY_DOMAIN = default
               INDEX_STORE_COMPRESS = NO
               INDEX_STORE_ONLY_PROJECT_FILES = NO
               INFOPLIST_ENABLE_CFBUNDLEICONS_MERGE = YES
               INFOPLIST_EXPAND_BUILD_SETTINGS = YES
               INFOPLIST_FILE = Target Support Files/geolocator_apple/ResourceBundle-geolocator_apple_privacy-geolocator_apple-Info.plist
               INFOPLIST_OUTPUT_FORMAT = binary
               INFOPLIST_PATH = geolocator_apple_privacy.bundle/Info.plist
               INFOPLIST_PREPROCESS = NO
               INFOSTRINGS_PATH = geolocator_apple_privacy.bundle/en.lproj/InfoPlist.strings
               INLINE_PRIVATE_FRAMEWORKS = NO
               INSTALLAPI_IGNORE_SKIP_INSTALL = YES
               INSTALLHDRS_COPY_PHASE = NO
               INSTALLHDRS_SCRIPT_PHASE = NO
               INSTALL_DIR = /tmp/Pods.dst
               INSTALL_GROUP = staff
               INSTALL_MODE_FLAG = u+w,go-w,a+rX
               INSTALL_OWNER = gregoriomorelli
               INSTALL_ROOT = /tmp/Pods.dst
               IPHONEOS_DEPLOYMENT_TARGET = 11.0
               IS_UNOPTIMIZED_BUILD = NO
               JAVAC_DEFAULT_FLAGS = -J-Xms64m -J-XX:NewSize=4M -J-Dfile.encoding=UTF8
               JAVA_APP_STUB = /System/Library/Frameworks/JavaVM.framework/Resources/MacOS/JavaApplicationStub
               JAVA_ARCHIVE_CLASSES = YES
               JAVA_ARCHIVE_TYPE = JAR
               JAVA_COMPILER = /usr/bin/javac
               JAVA_FOLDER_PATH = geolocator_apple_privacy.bundle/Java
               JAVA_FRAMEWORK_RESOURCES_DIRS = Resources
               JAVA_JAR_FLAGS = cv
               JAVA_SOURCE_SUBDIR = .
               JAVA_USE_DEPENDENCIES = YES
               JAVA_ZIP_FLAGS = -urg
               JIKES_DEFAULT_FLAGS = +E +OLDCSO
               KEEP_PRIVATE_EXTERNS = NO
               LD_DEPENDENCY_INFO_FILE = /Users/gregoriomorelli/Documents/vibra/build/ios/Pods.build/Release-iphonesimulator/geolocator_apple-geolocator_apple_privacy.build/Objects-normal/undefined_arch/geolocator_apple_privacy_dependency_info.dat
               LD_EXPORT_SYMBOLS = YES
               LD_GENERATE_MAP_FILE = NO
               LD_MAP_FILE_PATH = /Users/gregoriomorelli/Documents/vibra/build/ios/Pods.build/Release-iphonesimulator/geolocator_apple-geolocator_apple_privacy.build/geolocator_apple_privacy-LinkMap-normal-undefined_arch.txt
               LD_NO_PIE = NO
               LD_QUOTE_LINKER_ARGUMENTS_FOR_COMPILER_DRIVER = YES
               LD_SHARED_CACHE_ELIGIBLE = Automatic
               LD_WARN_DUPLICATE_LIBRARIES = NO
               LD_WARN_UNUSED_DYLIBS = NO
               LEGACY_DEVELOPER_DIR = /Applications/Xcode.app/Contents/PlugIns/Xcode3Core.ideplugin/Contents/SharedSupport/Developer
               LEX = lex
               LIBRARY_DEXT_INSTALL_PATH = /Library/DriverExtensions
               LIBRARY_FLAG_NOSPACE = YES
               LIBRARY_FLAG_PREFIX = -l
               LIBRARY_KEXT_INSTALL_PATH = /Library/Extensions
               LIBRARY_SEARCH_PATHS = /Users/gregoriomorelli/Documents/vibra/build/ios/Release-iphonesimulator/geolocator_apple 
               LINKER_DISPLAYS_MANGLED_NAMES = NO
               LINK_FILE_LIST_normal_arm64 = /Users/gregoriomorelli/Documents/vibra/build/ios/Pods.build/Release-iphonesimulator/geolocator_apple-geolocator_apple_privacy.build/Objects-normal/arm64/geolocator_apple_privacy.LinkFileList
               LINK_FILE_LIST_normal_x86_64 = /Users/gregoriomorelli/Documents/vibra/build/ios/Pods.build/Release-iphonesimulator/geolocator_apple-geolocator_apple_privacy.build/Objects-normal/x86_64/geolocator_apple_privacy.LinkFileList
               LINK_OBJC_RUNTIME = YES
               LINK_WITH_STANDARD_LIBRARIES = YES
               LLVM_TARGET_TRIPLE_OS_VERSION = ios11.0
               LLVM_TARGET_TRIPLE_SUFFIX = -simulator
               LLVM_TARGET_TRIPLE_VENDOR = apple
               LM_AUX_CONST_METADATA_LIST_PATH_normal_arm64 = /Users/gregoriomorelli/Documents/vibra/build/ios/Pods.build/Release-iphonesimulator/geolocator_apple-geolocator_apple_privacy.build/Objects-normal/arm64/geolocator_apple_privacy.SwiftConstValuesFileList
               LM_AUX_CONST_METADATA_LIST_PATH_normal_x86_64 = /Users/gregoriomorelli/Documents/vibra/build/ios/Pods.build/Release-iphonesimulator/geolocator_apple-geolocator_apple_privacy.build/Objects-normal/x86_64/geolocator_apple_privacy.SwiftConstValuesFileList
               LOCALIZATION_EXPORT_SUPPORTED = YES
               LOCALIZATION_PREFERS_STRING_CATALOGS = NO
               LOCALIZED_RESOURCES_FOLDER_PATH = geolocator_apple_privacy.bundle/en.lproj
               LOCALIZED_STRING_CODE_COMMENTS = NO
               LOCALIZED_STRING_MACRO_NAMES = NSLocalizedString CFCopyLocalizedString
               LOCALIZED_STRING_SWIFTUI_SUPPORT = YES
               LOCAL_ADMIN_APPS_DIR = /Applications/Utilities
               LOCAL_APPS_DIR = /Applications
               LOCAL_DEVELOPER_DIR = /Library/Developer
               LOCAL_LIBRARY_DIR = /Library
               LOCROOT = /Users/gregoriomorelli/Documents/vibra/ios/Pods
               LOCSYMROOT = /Users/gregoriomorelli/Documents/vibra/ios/Pods
               MACH_O_TYPE = mh_bundle
               MACOSX_DEPLOYMENT_TARGET = 26.5
               MAC_OS_X_PRODUCT_BUILD_VERSION = 25F84
               MAC_OS_X_VERSION_ACTUAL = 260502
               MAC_OS_X_VERSION_MAJOR = 260000
               MAC_OS_X_VERSION_MINOR = 260500
               MAKE_MERGEABLE = NO
               MERGEABLE_LIBRARY = NO
               MERGED_BINARY_TYPE = none
               MERGE_LINKED_LIBRARIES = NO
               METAL_LIBRARY_FILE_BASE = default
               METAL_LIBRARY_OUTPUT_DIR = /Users/gregoriomorelli/Documents/vibra/build/ios/Release-iphonesimulator/geolocator_apple/geolocator_apple_privacy.bundle
               MODULES_FOLDER_PATH = geolocator_apple_privacy.bundle/Modules
               MTL_ENABLE_DEBUG_INFO = NO
               MTL_FAST_MATH = YES
               NATIVE_ARCH = arm64
               NATIVE_ARCH_32_BIT = arm
               NATIVE_ARCH_64_BIT = arm64
               NATIVE_ARCH_ACTUAL = arm64
               NO_COMMON = YES
               OBJC_ABI_VERSION = 2
               OBJECT_FILE_DIR = /Users/gregoriomorelli/Documents/vibra/build/ios/Pods.build/Release-iphonesimulator/geolocator_apple-geolocator_apple_privacy.build/Objects
               OBJECT_FILE_DIR_normal = /Users/gregoriomorelli/Documents/vibra/build/ios/Pods.build/Release-iphonesimulator/geolocator_apple-geolocator_apple_privacy.build/Objects-normal
               OBJROOT = /Users/gregoriomorelli/Documents/vibra/build/ios
               ONLY_ACTIVE_ARCH = NO
               OS = MACOS
               OSAC = /usr/bin/osacompile
               PACKAGE_TYPE = com.apple.package-type.wrapper
               PASCAL_STRINGS = YES
               PATH = /Applications/Xcode.app/Contents/SharedFrameworks/SwiftBuild.framework/Versions/A/PlugIns/SWBBuildService.bundle/Contents/PlugIns/SWBUniversalPlatformPlugin.bundle/Contents/Frameworks/SWBUniversalPlatform.framework/Resources:/Applications/Xcode.app/Contents/Developer/Toolchains/XcodeDefault.xctoolchain/usr/bin:/Applications/Xcode.app/Contents/Developer/Toolchains/XcodeDefault.xctoolchain/usr/local/bin:/Applications/Xcode.app/Contents/Developer/Toolchains/XcodeDefault.xctoolchain/usr/libexec:/Applications/Xcode.app/Contents/Developer/Platforms/iPhoneSimulator.platform/usr/bin:/Applications/Xcode.app/Contents/Developer/Platforms/iPhoneSimulator.platform/usr/local/bin:/Applications/Xcode.app/Contents/Developer/Platforms/iPhoneSimulator.platform/Developer/usr/bin:/Applications/Xcode.app/Contents/Developer/Platforms/iPhoneSimulator.platform/Developer/usr/local/bin:/Applications/Xcode.app/Contents/Developer/usr/bin:/Applications/Xcode.app/Contents/Developer/usr/local/bin:/Users/gregoriomorelli/.gemini/antigravity/bin:/Users/gregoriomorelli/Library/Application Support/Antigravity/bin:/opt/homebrew/bin:/opt/homebrew/sbin:/Library/Developer/CommandLineTools/usr/bin:/Users/gregoriomorelli/development/flutter/bin:/Users/gregoriomorelli/Library/Android/sdk/platform-tools:/Users/gregoriomorelli/Library/Android/sdk/cmdline-tools/latest/bin:/Users/gregoriomorelli/Library/Android/sdk/emulator:/Users/gregoriomorelli/.antigravity-ide/antigravity-ide/bin:/Users/gregoriomorelli/.antigravity/antigravity/bin:/Applications/XAMPP/xamppfiles/bin:/Users/gregoriomorelli/develop/flutter/bin:/usr/local/bin:/System/Cryptexes/App/usr/bin:/usr/bin:/bin:/usr/sbin:/sbin:/var/run/com.apple.security.cryptexd/codex.system/bootstrap/usr/local/bin:/var/run/com.apple.security.cryptexd/codex.system/bootstrap/usr/bin:/var/run/com.apple.security.cryptexd/codex.system/bootstrap/usr/appleinternal/bin:/pkg/env/global/bin:/Users/gregoriomorelli/.spicetify
               PATH_PREFIXES_EXCLUDED_FROM_HEADER_DEPENDENCIES = /usr/include /usr/local/include /System/Library/Frameworks /System/Library/PrivateFrameworks /Applications/Xcode.app/Contents/Developer/Headers /Applications/Xcode.app/Contents/Developer/SDKs /Applications/Xcode.app/Contents/Developer/Platforms
               PBDEVELOPMENTPLIST_PATH = geolocator_apple_privacy.bundle/pbdevelopment.plist
               PER_ARCH_MODULE_FILE_DIR = /Users/gregoriomorelli/Documents/vibra/build/ios/Pods.build/Release-iphonesimulator/geolocator_apple-geolocator_apple_privacy.build/Objects-normal/undefined_arch
               PER_ARCH_OBJECT_FILE_DIR = /Users/gregoriomorelli/Documents/vibra/build/ios/Pods.build/Release-iphonesimulator/geolocator_apple-geolocator_apple_privacy.build/Objects-normal/undefined_arch
               PER_VARIANT_OBJECT_FILE_DIR = /Users/gregoriomorelli/Documents/vibra/build/ios/Pods.build/Release-iphonesimulator/geolocator_apple-geolocator_apple_privacy.build/Objects-normal
               PKGINFO_FILE_PATH = /Users/gregoriomorelli/Documents/vibra/build/ios/Pods.build/Release-iphonesimulator/geolocator_apple-geolocator_apple_privacy.build/PkgInfo
               PKGINFO_PATH = geolocator_apple_privacy.bundle/PkgInfo
               PLATFORM_DEVELOPER_APPLICATIONS_DIR = /Applications/Xcode.app/Contents/Developer/Platforms/iPhoneSimulator.platform/Developer/Applications
               PLATFORM_DEVELOPER_BIN_DIR = /Applications/Xcode.app/Contents/Developer/Platforms/iPhoneSimulator.platform/Developer/usr/bin
               PLATFORM_DEVELOPER_LIBRARY_DIR = /Applications/Xcode.app/Contents/Developer/Platforms/iPhoneSimulator.platform/Developer/Library
               PLATFORM_DEVELOPER_SDK_DIR = /Applications/Xcode.app/Contents/Developer/Platforms/iPhoneSimulator.platform/Developer/SDKs
               PLATFORM_DEVELOPER_TOOLS_DIR = /Applications/Xcode.app/Contents/Developer/Platforms/iPhoneSimulator.platform/Developer/Tools
               PLATFORM_DEVELOPER_USR_DIR = /Applications/Xcode.app/Contents/Developer/Platforms/iPhoneSimulator.platform/Developer/usr
               PLATFORM_DIR = /Applications/Xcode.app/Contents/Developer/Platforms/iPhoneSimulator.platform
               PLATFORM_DISPLAY_NAME = iOS Simulator
               PLATFORM_FAMILY_NAME = iOS
               PLATFORM_NAME = iphonesimulator
               PLATFORM_PREFERRED_ARCH = x86_64
               PLATFORM_PRODUCT_BUILD_VERSION = 23F73
               PLATFORM_REQUIRES_SWIFT_AUTOLINK_EXTRACT = NO
               PLATFORM_REQUIRES_SWIFT_MODULEWRAP = NO
               PLATFORM_USES_DSYMS = YES
               PLIST_FILE_OUTPUT_FORMAT = binary
               PLUGINS_FOLDER_PATH = geolocator_apple_privacy.bundle/PlugIns
               PODS_BUILD_DIR = /Users/gregoriomorelli/Documents/vibra/build/ios
               PODS_CONFIGURATION_BUILD_DIR = /Users/gregoriomorelli/Documents/vibra/build/ios/Release-iphonesimulator
               PODS_DEVELOPMENT_LANGUAGE = en
               PODS_ROOT = /Users/gregoriomorelli/Documents/vibra/ios/Pods
               PODS_TARGET_SRCROOT = /Users/gregoriomorelli/Documents/vibra/ios/Pods/../.symlinks/plugins/geolocator_apple/darwin
               PODS_XCFRAMEWORKS_BUILD_DIR = /Users/gregoriomorelli/Documents/vibra/build/ios/Release-iphonesimulator/XCFrameworkIntermediates
               PRECOMPS_INCLUDE_HEADERS_FROM_BUILT_PRODUCTS_DIR = YES
               PRECOMP_DESTINATION_DIR = /Users/gregoriomorelli/Documents/vibra/build/ios/Pods.build/Release-iphonesimulator/geolocator_apple-geolocator_apple_privacy.build/PrefixHeaders
               PRIVATE_HEADERS_FOLDER_PATH = geolocator_apple_privacy.bundle/PrivateHeaders
               PROCESSED_INFOPLIST_PATH = /Users/gregoriomorelli/Documents/vibra/build/ios/Pods.build/Release-iphonesimulator/geolocator_apple-geolocator_apple_privacy.build/Objects-normal/undefined_arch/Processed-Info.plist
               PRODUCT_BUNDLE_IDENTIFIER = org.cocoapods.geolocator-apple-privacy
               PRODUCT_BUNDLE_PACKAGE_TYPE = BNDL
               PRODUCT_MODULE_NAME = geolocator_apple_privacy
               PRODUCT_NAME = geolocator_apple_privacy
               PRODUCT_SETTINGS_PATH = /Users/gregoriomorelli/Documents/vibra/ios/Pods/Target Support Files/geolocator_apple/ResourceBundle-geolocator_apple_privacy-geolocator_apple-Info.plist
               PRODUCT_TYPE = com.apple.product-type.bundle
               PROFILING_CODE = NO
               PROJECT = Pods
               PROJECT_DERIVED_FILE_DIR = /Users/gregoriomorelli/Documents/vibra/build/ios/Pods.build/DerivedSources
               PROJECT_DIR = /Users/gregoriomorelli/Documents/vibra/ios/Pods
               PROJECT_FILE_PATH = /Users/gregoriomorelli/Documents/vibra/ios/Pods/Pods.xcodeproj
               PROJECT_GUID = bfdfe7dc352907fc980b868725387e98
               PROJECT_NAME = Pods
               PROJECT_TEMP_DIR = /Users/gregoriomorelli/Documents/vibra/build/ios/Pods.build
               PROJECT_TEMP_ROOT = /Users/gregoriomorelli/Documents/vibra/build/ios
               PUBLIC_HEADERS_FOLDER_PATH = geolocator_apple_privacy.bundle/Headers
               RECOMMENDED_IPHONEOS_DEPLOYMENT_TARGET = 15.0
               RECURSIVE_SEARCH_PATHS_FOLLOW_SYMLINKS = YES
               REMOVE_CVS_FROM_RESOURCES = YES
               REMOVE_GIT_FROM_RESOURCES = YES
               REMOVE_HEADERS_FROM_EMBEDDED_BUNDLES = YES
               REMOVE_HG_FROM_RESOURCES = YES
               REMOVE_STATIC_EXECUTABLES_FROM_EMBEDDED_BUNDLES = YES
               REMOVE_SVN_FROM_RESOURCES = YES
               RESCHEDULE_INDEPENDENT_HEADERS_PHASES = YES
               REZ_COLLECTOR_DIR = /Users/gregoriomorelli/Documents/vibra/build/ios/Pods.build/Release-iphonesimulator/geolocator_apple-geolocator_apple_privacy.build/ResourceManagerResources
               REZ_OBJECTS_DIR = /Users/gregoriomorelli/Documents/vibra/build/ios/Pods.build/Release-iphonesimulator/geolocator_apple-geolocator_apple_privacy.build/ResourceManagerResources/Objects
               REZ_SEARCH_PATHS = /Users/gregoriomorelli/Documents/vibra/build/ios/Release-iphonesimulator/geolocator_apple 
               RPATH_ORIGIN = @loader_path
               RUNTIME_EXCEPTION_ALLOW_DYLD_ENVIRONMENT_VARIABLES = NO
               RUNTIME_EXCEPTION_ALLOW_JIT = NO
               RUNTIME_EXCEPTION_ALLOW_UNSIGNED_EXECUTABLE_MEMORY = NO
               RUNTIME_EXCEPTION_DEBUGGING_TOOL = NO
               RUNTIME_EXCEPTION_DISABLE_EXECUTABLE_PAGE_PROTECTION = NO
               RUNTIME_EXCEPTION_DISABLE_LIBRARY_VALIDATION = NO
               SCANNING_PCM_KEEP_CACHE_DIRECTORY = YES
               SCAN_ALL_SOURCE_FILES_FOR_INCLUDES = NO
               SCRIPTS_FOLDER_PATH = geolocator_apple_privacy.bundle/Scripts
               SDKROOT = /Applications/Xcode.app/Contents/Developer/Platforms/iPhoneSimulator.platform/Developer/SDKs/iPhoneSimulator26.5.sdk
               SDK_DIR = /Applications/Xcode.app/Contents/Developer/Platforms/iPhoneSimulator.platform/Developer/SDKs/iPhoneSimulator26.5.sdk
               SDK_DIR_iphonesimulator = /Applications/Xcode.app/Contents/Developer/Platforms/iPhoneSimulator.platform/Developer/SDKs/iPhoneSimulator26.5.sdk
               SDK_DIR_iphonesimulator26_5 = /Applications/Xcode.app/Contents/Developer/Platforms/iPhoneSimulator.platform/Developer/SDKs/iPhoneSimulator26.5.sdk
               SDK_NAME = iphonesimulator26.5
               SDK_NAMES = iphonesimulator26.5
               SDK_PRODUCT_BUILD_VERSION = 23F73
               SDK_STAT_CACHE_DIR = /var/folders/pg/x6t89f2n7s7299rcw8hv33180000gn/C/com.apple.DeveloperTools/26.5-17F42/Xcode
               SDK_STAT_CACHE_ENABLE = YES
               SDK_STAT_CACHE_PATH = /var/folders/pg/x6t89f2n7s7299rcw8hv33180000gn/C/com.apple.DeveloperTools/26.5-17F42/Xcode/SDKStatCaches.noindex/iphonesimulator26.5-23F73-6cfe768891a92b912361537c460fe42b.sdkstatcache
               SDK_VERSION = 26.5
               SDK_VERSION_ACTUAL = 260500
               SDK_VERSION_MAJOR = 260000
               SDK_VERSION_MINOR = 260500
               SED = /usr/bin/sed
               SEPARATE_STRIP = NO
               SEPARATE_SYMBOL_EDIT = NO
               SET_DIR_MODE_OWNER_GROUP = YES
               SET_FILE_MODE_OWNER_GROUP = NO
               SHALLOW_BUNDLE = YES
               SHALLOW_BUNDLE_TRIPLE = ios-simulator
               SHALLOW_BUNDLE_ios_macabi = NO
               SHALLOW_BUNDLE_macos = NO
               SHARED_DERIVED_FILE_DIR = /Users/gregoriomorelli/Documents/vibra/build/ios/Release-iphonesimulator/geolocator_apple/DerivedSources
               SHARED_FRAMEWORKS_FOLDER_PATH = geolocator_apple_privacy.bundle/SharedFrameworks
               SHARED_PRECOMPS_DIR = /Users/gregoriomorelli/Documents/vibra/build/ios/SharedPrecompiledHeaders
               SHARED_SUPPORT_FOLDER_PATH = geolocator_apple_privacy.bundle/SharedSupport
               SKIP_INSTALL = YES
               SKIP_MERGEABLE_LIBRARY_BUNDLE_HOOK = NO
               SOURCE_ROOT = /Users/gregoriomorelli/Documents/vibra/ios/Pods
               SRCROOT = /Users/gregoriomorelli/Documents/vibra/ios/Pods
               STRINGSDATA_DIR = /Users/gregoriomorelli/Documents/vibra/build/ios/Pods.build/Release-iphonesimulator/geolocator_apple-geolocator_apple_privacy.build/Objects-normal/undefined_arch
               STRINGSDATA_ROOT = /Users/gregoriomorelli/Documents/vibra/build/ios/Pods.build/Release-iphonesimulator/geolocator_apple-geolocator_apple_privacy.build
               STRINGS_FILE_INFOPLIST_RENAME = YES
               STRINGS_FILE_OUTPUT_ENCODING = binary
               STRING_CATALOG_GENERATE_SYMBOLS = NO
               STRIP_BITCODE_FROM_COPIED_FILES = NO
               STRIP_INSTALLED_PRODUCT = NO
               STRIP_STYLE = non-global
               STRIP_SWIFT_SYMBOLS = YES
               SUPPORTED_DEVICE_FAMILIES = 1,2
               SUPPORTED_PLATFORMS = iphoneos iphonesimulator
               SUPPORTS_TEXT_BASED_API = NO
               SUPPRESS_WARNINGS = NO
               SWIFT_COMPILATION_MODE = wholemodule
               SWIFT_EMIT_CONST_VALUE_PROTOCOLS = AnyResolverProviding AppEntity AppEnum AppExtension AppIntent AppIntentsPackage AppShortcutProviding AppShortcutsProvider AppUnionValue AppUnionValueCasesProviding DynamicOptionsProvider EntityQuery ExtensionPointDefining IntentValueQuery Resolver TransientEntity _AssistantIntentsProvider _GenerativeFunctionExtractable _IntentValueRepresentable
               SWIFT_EMIT_LOC_STRINGS = NO
               SWIFT_ENABLE_EXPLICIT_MODULES = YES
               SWIFT_OPTIMIZATION_LEVEL = -O
               SWIFT_PLATFORM_TARGET_PREFIX = ios
               SWIFT_RESPONSE_FILE_PATH_normal_arm64 = /Users/gregoriomorelli/Documents/vibra/build/ios/Pods.build/Release-iphonesimulator/geolocator_apple-geolocator_apple_privacy.build/Objects-normal/arm64/geolocator_apple_privacy.SwiftFileList
               SWIFT_RESPONSE_FILE_PATH_normal_x86_64 = /Users/gregoriomorelli/Documents/vibra/build/ios/Pods.build/Release-iphonesimulator/geolocator_apple-geolocator_apple_privacy.build/Objects-normal/x86_64/geolocator_apple_privacy.SwiftFileList
               SWIFT_VERSION = 5.0
               SYMROOT = /Users/gregoriomorelli/Documents/vibra/ios/build
               SYSTEM_ADMIN_APPS_DIR = /Applications/Utilities
               SYSTEM_APPS_DIR = /Applications
               SYSTEM_CORE_SERVICES_DIR = /System/Library/CoreServices
               SYSTEM_DEMOS_DIR = /Applications/Extras
               SYSTEM_DEVELOPER_APPS_DIR = /Applications/Xcode.app/Contents/Developer/Applications
               SYSTEM_DEVELOPER_BIN_DIR = /Applications/Xcode.app/Contents/Developer/usr/bin
               SYSTEM_DEVELOPER_DEMOS_DIR = /Applications/Xcode.app/Contents/Developer/Applications/Utilities/Built Examples
               SYSTEM_DEVELOPER_DIR = /Applications/Xcode.app/Contents/Developer
               SYSTEM_DEVELOPER_DOC_DIR = /Applications/Xcode.app/Contents/Developer/ADC Reference Library
               SYSTEM_DEVELOPER_GRAPHICS_TOOLS_DIR = /Applications/Xcode.app/Contents/Developer/Applications/Graphics Tools
               SYSTEM_DEVELOPER_JAVA_TOOLS_DIR = /Applications/Xcode.app/Contents/Developer/Applications/Java Tools
               SYSTEM_DEVELOPER_PERFORMANCE_TOOLS_DIR = /Applications/Xcode.app/Contents/Developer/Applications/Performance Tools
               SYSTEM_DEVELOPER_RELEASENOTES_DIR = /Applications/Xcode.app/Contents/Developer/ADC Reference Library/releasenotes
               SYSTEM_DEVELOPER_TOOLS = /Applications/Xcode.app/Contents/Developer/Tools
               SYSTEM_DEVELOPER_TOOLS_DOC_DIR = /Applications/Xcode.app/Contents/Developer/ADC Reference Library/documentation/DeveloperTools
               SYSTEM_DEVELOPER_TOOLS_RELEASENOTES_DIR = /Applications/Xcode.app/Contents/Developer/ADC Reference Library/releasenotes/DeveloperTools
               SYSTEM_DEVELOPER_USR_DIR = /Applications/Xcode.app/Contents/Developer/usr
               SYSTEM_DEVELOPER_UTILITIES_DIR = /Applications/Xcode.app/Contents/Developer/Applications/Utilities
               SYSTEM_DEXT_INSTALL_PATH = /System/Library/DriverExtensions
               SYSTEM_DOCUMENTATION_DIR = /Library/Documentation
               SYSTEM_EXTENSIONS_FOLDER_PATH = geolocator_apple_privacy.bundle/SystemExtensions
               SYSTEM_EXTENSIONS_FOLDER_PATH_SHALLOW_BUNDLE_NO = geolocator_apple_privacy.bundle/Library/SystemExtensions
               SYSTEM_EXTENSIONS_FOLDER_PATH_SHALLOW_BUNDLE_YES = geolocator_apple_privacy.bundle/SystemExtensions
               SYSTEM_KEXT_INSTALL_PATH = /System/Library/Extensions
               SYSTEM_LIBRARY_DIR = /System/Library
               TAPI_DEMANGLE = YES
               TAPI_ENABLE_PROJECT_HEADERS = NO
               TAPI_LANGUAGE = objective-c
               TAPI_LANGUAGE_STANDARD = compiler-default
               TAPI_USE_SRCROOT = YES
               TAPI_VERIFY_MODE = Pedantic
               TARGETED_DEVICE_FAMILY = 1,2
               TARGETNAME = geolocator_apple-geolocator_apple_privacy
               TARGET_BUILD_DIR = /Users/gregoriomorelli/Documents/vibra/build/ios/Release-iphonesimulator/geolocator_apple
               TARGET_NAME = geolocator_apple-geolocator_apple_privacy
               TARGET_TEMP_DIR = /Users/gregoriomorelli/Documents/vibra/build/ios/Pods.build/Release-iphonesimulator/geolocator_apple-geolocator_apple_privacy.build
               TEMP_DIR = /Users/gregoriomorelli/Documents/vibra/build/ios/Pods.build/Release-iphonesimulator/geolocator_apple-geolocator_apple_privacy.build
               TEMP_FILES_DIR = /Users/gregoriomorelli/Documents/vibra/build/ios/Pods.build/Release-iphonesimulator/geolocator_apple-geolocator_apple_privacy.build
               TEMP_FILE_DIR = /Users/gregoriomorelli/Documents/vibra/build/ios/Pods.build/Release-iphonesimulator/geolocator_apple-geolocator_apple_privacy.build
               TEMP_ROOT = /Users/gregoriomorelli/Documents/vibra/build/ios
               TEMP_SANDBOX_DIR = /Users/gregoriomorelli/Documents/vibra/build/ios/TemporaryTaskSandboxes
               TEST_FRAMEWORK_SEARCH_PATHS =  /Applications/Xcode.app/Contents/Developer/Platforms/iPhoneSimulator.platform/Developer/Library/Frameworks /Applications/Xcode.app/Contents/Developer/Platforms/iPhoneSimulator.platform/Developer/SDKs/iPhoneSimulator26.5.sdk/Developer/Library/Frameworks
               TEST_LIBRARY_SEARCH_PATHS =  /Applications/Xcode.app/Contents/Developer/Platforms/iPhoneSimulator.platform/Developer/usr/lib
               TOOLCHAINS = com.apple.dt.toolchain.XcodeDefault
               TOOLCHAIN_DIR = /Applications/Xcode.app/Contents/Developer/Toolchains/XcodeDefault.xctoolchain
               TREAT_MISSING_BASELINES_AS_TEST_FAILURES = NO
               TREAT_MISSING_SCRIPT_PHASE_OUTPUTS_AS_ERRORS = NO
               TVOS_DEPLOYMENT_TARGET = 26.5
               UID = 501
               UNINSTALLED_PRODUCTS_DIR = /Users/gregoriomorelli/Documents/vibra/build/ios/UninstalledProducts
               UNLOCALIZED_RESOURCES_FOLDER_PATH = geolocator_apple_privacy.bundle
               UNLOCALIZED_RESOURCES_FOLDER_PATH_SHALLOW_BUNDLE_NO = geolocator_apple_privacy.bundle/Resources
               UNLOCALIZED_RESOURCES_FOLDER_PATH_SHALLOW_BUNDLE_YES = geolocator_apple_privacy.bundle
               UNSTRIPPED_PRODUCT = NO
               USER = gregoriomorelli
               USER_APPS_DIR = /Users/gregoriomorelli/Applications
               USER_LIBRARY_DIR = /Users/gregoriomorelli/Library
               USE_DYNAMIC_NO_PIC = YES
               USE_HEADERMAP = YES
               USE_HEADER_SYMLINKS = NO
               USE_RECURSIVE_SCRIPT_INPUTS_IN_SCRIPT_PHASES = YES
               VALIDATE_DEVELOPMENT_ASSET_PATHS = YES_ERROR
               VALIDATE_PRODUCT = NO
               VALID_ARCHS = arm64 x86_64
               VERBOSE_PBXCP = NO
               VERSIONPLIST_PATH = geolocator_apple_privacy.bundle/version.plist
               VERSION_INFO_BUILDER = gregoriomorelli
               VERSION_INFO_FILE = geolocator_apple_privacy_vers.c
               VERSION_INFO_STRING = "@(#)PROGRAM:geolocator_apple_privacy  PROJECT:Pods-"
               WATCHOS_DEPLOYMENT_TARGET = 26.5
               WORKSPACE_DIR = /Users/gregoriomorelli/Documents/vibra/ios/Pods/Pods.xcodeproj
               WRAPPER_EXTENSION = bundle
               WRAPPER_NAME = geolocator_apple_privacy.bundle
               WRAPPER_SUFFIX = .bundle
               WRAP_ASSET_PACKS_IN_SEPARATE_DIRECTORIES = NO
               XCODE_APP_SUPPORT_DIR = /Applications/Xcode.app/Contents/Developer/Library/Xcode
               XCODE_PRODUCT_BUILD_VERSION = 17F42
               XCODE_VERSION_ACTUAL = 2650
               XCODE_VERSION_MAJOR = 2600
               XCODE_VERSION_MINOR = 2650
               XPCSERVICES_FOLDER_PATH = geolocator_apple_privacy.bundle/XPCServices
               XROS_DEPLOYMENT_TARGET = 26.5
               YACC = yacc
               _DISCOVER_COMMAND_LINE_LINKER_INPUTS = YES
               _DISCOVER_COMMAND_LINE_LINKER_INPUTS_INCLUDE_WL = YES
               _LD_MULTIARCH = YES
               _WRAPPER_CONTENTS_DIR_SHALLOW_BUNDLE_NO = /Contents
               _WRAPPER_PARENT_PATH_SHALLOW_BUNDLE_NO = /..
               _WRAPPER_RESOURCES_DIR_SHALLOW_BUNDLE_NO = /Resources
               __DIAGNOSE_DEPRECATED_ARCHS = YES
               __ORIGINAL_SDK_DEFINED_LLVM_TARGET_TRIPLE_SYS = ios
               arch = undefined_arch
               variant = normal

           Build settings for action build and target GoogleDataTransport:
               ACTION = build
               AD_HOC_CODE_SIGNING_ALLOWED = YES
               ALLOW_BUILD_REQUEST_OVERRIDES = NO
               ALLOW_TARGET_PLATFORM_SPECIALIZATION = NO
               ALTERNATE_GROUP = staff
               ALTERNATE_MODE = u+w,go-w,a+rX
               ALTERNATE_OWNER = gregoriomorelli
               ALTERNATIVE_DISTRIBUTION_WEB = NO
               ALWAYS_EMBED_SWIFT_STANDARD_LIBRARIES = NO
               ALWAYS_SEARCH_USER_PATHS = NO
               ALWAYS_USE_SEPARATE_HEADERMAPS = NO
               APPLICATION_EXTENSION_API_ONLY = NO
               APPLY_RULES_IN_COPY_FILES = NO
               APPLY_RULES_IN_COPY_HEADERS = NO
               APP_SHORTCUTS_ENABLE_FLEXIBLE_MATCHING = YES
               ARCHS = arm64 x86_64
               ARCHS_BASE = arm64 x86_64
               ARCHS_STANDARD = arm64 x86_64
               ARCHS_STANDARD_32_64_BIT = arm64 x86_64
               ARCHS_STANDARD_64_BIT = arm64 x86_64
               ARCHS_STANDARD_INCLUDING_64_BIT = arm64 x86_64
               ARCHS_UNIVERSAL_IPHONE_OS = arm64 x86_64
               AUTOMATICALLY_MERGE_DEPENDENCIES = NO
               AUTOMATION_APPLE_EVENTS = NO
               AVAILABLE_PLATFORMS = android appletvos appletvsimulator driverkit freebsd iphoneos iphonesimulator linux macosx none openbsd qnx watchos watchsimulator webassembly xros xrsimulator
               BUILD_ACTIVE_RESOURCES_ONLY = NO
               BUILD_COMPONENTS = headers build
               BUILD_DIR = /Users/gregoriomorelli/Documents/vibra/build/ios
               BUILD_LIBRARY_FOR_DISTRIBUTION = NO
               BUILD_ONLY_KNOWN_LOCALIZATIONS = NO
               BUILD_ROOT = /Users/gregoriomorelli/Documents/vibra/ios/build
               BUILD_STYLE = 
               BUILD_VARIANTS = normal
               BUILT_PRODUCTS_DIR = /Users/gregoriomorelli/Documents/vibra/build/ios/Release-iphonesimulator/GoogleDataTransport
               BUNDLE_CONTENTS_FOLDER_PATH_deep = Contents/
               BUNDLE_EXECUTABLE_FOLDER_NAME_deep = MacOS
               BUNDLE_EXTENSIONS_FOLDER_PATH = Extensions
               BUNDLE_FORMAT = shallow
               BUNDLE_FRAMEWORKS_FOLDER_PATH = Frameworks
               BUNDLE_PLUGINS_FOLDER_PATH = PlugIns
               BUNDLE_PRIVATE_HEADERS_FOLDER_PATH = PrivateHeaders
               BUNDLE_PUBLIC_HEADERS_FOLDER_PATH = Headers
               CACHE_ROOT = /var/folders/pg/x6t89f2n7s7299rcw8hv33180000gn/C/com.apple.DeveloperTools/26.5-17F42/Xcode
               CCHROOT = /var/folders/pg/x6t89f2n7s7299rcw8hv33180000gn/C/com.apple.DeveloperTools/26.5-17F42/Xcode
               CHMOD = /bin/chmod
               CHOWN = chown
               CLANG_ANALYZER_LOCALIZABILITY_NONLOCALIZED = YES
               CLANG_ANALYZER_NONNULL = YES
               CLANG_ANALYZER_NUMBER_OBJECT_CONVERSION = YES_AGGRESSIVE
               CLANG_CACHE_FINE_GRAINED_OUTPUTS = YES
               CLANG_CXX_LANGUAGE_STANDARD = gnu++14
               CLANG_CXX_LIBRARY = libc++
               CLANG_ENABLE_EXPLICIT_MODULES = YES
               CLANG_ENABLE_MODULES = YES
               CLANG_ENABLE_OBJC_ARC = YES
               CLANG_ENABLE_OBJC_WEAK = NO
               CLANG_MODULES_BUILD_SESSION_FILE = /var/folders/pg/x6t89f2n7s7299rcw8hv33180000gn/C/org.llvm.clang/ModuleCache.noindex/Session.modulevalidation
               CLANG_UNDEFINED_BEHAVIOR_SANITIZER_NULLABILITY = YES
               CLANG_WARN_BLOCK_CAPTURE_AUTORELEASING = YES
               CLANG_WARN_BOOL_CONVERSION = YES
               CLANG_WARN_COMMA = YES
               CLANG_WARN_CONSTANT_CONVERSION = YES
               CLANG_WARN_DEPRECATED_OBJC_IMPLEMENTATIONS = YES
               CLANG_WARN_DIRECT_OBJC_ISA_USAGE = YES_ERROR
               CLANG_WARN_DOCUMENTATION_COMMENTS = YES
               CLANG_WARN_EMPTY_BODY = YES
               CLANG_WARN_ENUM_CONVERSION = YES
               CLANG_WARN_INFINITE_RECURSION = YES
               CLANG_WARN_INT_CONVERSION = YES
               CLANG_WARN_NON_LITERAL_NULL_CONVERSION = YES
               CLANG_WARN_OBJC_IMPLICIT_RETAIN_SELF = YES
               CLANG_WARN_OBJC_LITERAL_CONVERSION = YES
               CLANG_WARN_OBJC_ROOT_CLASS = YES_ERROR
               CLANG_WARN_QUOTED_INCLUDE_IN_FRAMEWORK_HEADER = NO
               CLANG_WARN_RANGE_LOOP_ANALYSIS = YES
               CLANG_WARN_STRICT_PROTOTYPES = YES
               CLANG_WARN_SUSPICIOUS_MOVE = YES
               CLANG_WARN_UNGUARDED_AVAILABILITY = YES_AGGRESSIVE
               CLANG_WARN_UNREACHABLE_CODE = YES
               CLANG_WARN__DUPLICATE_METHOD_MATCH = YES
               CLASS_FILE_DIR = /Users/gregoriomorelli/Documents/vibra/build/ios/Pods.build/Release-iphonesimulator/GoogleDataTransport.build/JavaClasses
               CLEAN_PRECOMPS = YES
               CLONE_HEADERS = NO
               CODESIGNING_FOLDER_PATH = /Users/gregoriomorelli/Documents/vibra/build/ios/Release-iphonesimulator/GoogleDataTransport/GoogleDataTransport.framework
               CODE_SIGNING_ALLOWED = YES
               CODE_SIGNING_REQUIRED = NO
               CODE_SIGNING_REQUIRES_TEAM = YES
               CODE_SIGN_CONTEXT_CLASS = XCiPhoneSimulatorCodeSignContext
               CODE_SIGN_IDENTITY = -
               CODE_SIGN_INJECT_BASE_ENTITLEMENTS = YES
               COLOR_DIAGNOSTICS = NO
               COMBINE_HIDPI_IMAGES = NO
               COMPILATION_CACHE_CAS_PATH = /var/folders/pg/x6t89f2n7s7299rcw8hv33180000gn/C/com.apple.DeveloperTools/26.5-17F42/Xcode/CompilationCache.noindex
               COMPILATION_CACHE_KEEP_CAS_DIRECTORY = YES
               COMPILER_INDEX_STORE_ENABLE = Default
               COMPOSITE_SDK_DIRS = /Users/gregoriomorelli/Documents/vibra/build/ios/CompositeSDKs
               COMPRESS_PNG_FILES = YES
               CONFIGURATION = Release
               CONFIGURATION_BUILD_DIR = /Users/gregoriomorelli/Documents/vibra/build/ios/Release-iphonesimulator/GoogleDataTransport
               CONFIGURATION_TEMP_DIR = /Users/gregoriomorelli/Documents/vibra/build/ios/Pods.build/Release-iphonesimulator
               CONTENTS_FOLDER_PATH = GoogleDataTransport.framework
               CONTENTS_FOLDER_PATH_SHALLOW_BUNDLE_NO = GoogleDataTransport.framework/A
               CONTENTS_FOLDER_PATH_SHALLOW_BUNDLE_YES = GoogleDataTransport.framework
               COPYING_PRESERVES_HFS_DATA = NO
               COPY_HEADERS_RUN_UNIFDEF = NO
               COPY_PHASE_STRIP = NO
               CORRESPONDING_DEVICE_PLATFORM_DIR = /Applications/Xcode.app/Contents/Developer/Platforms/iPhoneOS.platform
               CORRESPONDING_DEVICE_PLATFORM_NAME = iphoneos
               CORRESPONDING_DEVICE_SDK_DIR = /Applications/Xcode.app/Contents/Developer/Platforms/iPhoneOS.platform/Developer/SDKs/iPhoneOS26.5.sdk
               CORRESPONDING_DEVICE_SDK_NAME = iphoneos26.5
               CP = /bin/cp
               CREATE_INFOPLIST_SECTION_IN_BINARY = NO
               CURRENT_ARCH = undefined_arch
               CURRENT_PROJECT_VERSION = 1
               CURRENT_VARIANT = normal
               CURRENT_VERSION = Current
               DEAD_CODE_STRIPPING = YES
               DEBUGGING_SYMBOLS = YES
               DEBUG_INFORMATION_FORMAT = dwarf-with-dsym
               DEBUG_INFORMATION_VERSION = compiler-default
               DEFAULT_COMPILER = com.apple.compilers.llvm.clang.1_0
               DEFAULT_DEXT_INSTALL_PATH = /System/Library/DriverExtensions
               DEFAULT_KEXT_INSTALL_PATH = /System/Library/Extensions
               DEFINES_MODULE = YES
               DEPLOYMENT_LOCATION = NO
               DEPLOYMENT_POSTPROCESSING = NO
               DEPLOYMENT_TARGET_SETTING_NAME = IPHONEOS_DEPLOYMENT_TARGET
               DEPLOYMENT_TARGET_SUGGESTED_VALUES = 12.0 12.1 12.2 12.3 12.4 13.0 13.1 13.2 13.3 13.4 13.5 13.6 14.0 14.1 14.2 14.3 14.4 14.5 14.6 14.7 15.0 15.1 15.2 15.3 15.4 15.5 15.6 16.0 16.1 16.2 16.3 16.4 16.5 16.6 17.0 17.1 17.2 17.3 17.4 17.5 17.6 18.0 18.1 18.2 18.3 18.4 18.5 18.6 26.0 26.2 26.3 26.4 26.5
               DERIVED_FILES_DIR = /Users/gregoriomorelli/Documents/vibra/build/ios/Pods.build/Release-iphonesimulator/GoogleDataTransport.build/DerivedSources
               DERIVED_FILE_DIR = /Users/gregoriomorelli/Documents/vibra/build/ios/Pods.build/Release-iphonesimulator/GoogleDataTransport.build/DerivedSources
               DERIVED_SOURCES_DIR = /Users/gregoriomorelli/Documents/vibra/build/ios/Pods.build/Release-iphonesimulator/GoogleDataTransport.build/DerivedSources
               DEVELOPER_APPLICATIONS_DIR = /Applications/Xcode.app/Contents/Developer/Applications
               DEVELOPER_BIN_DIR = /Applications/Xcode.app/Contents/Developer/usr/bin
               DEVELOPER_DIR = /Applications/Xcode.app/Contents/Developer
               DEVELOPER_FRAMEWORKS_DIR = /Applications/Xcode.app/Contents/Developer/Library/Frameworks
               DEVELOPER_FRAMEWORKS_DIR_QUOTED = /Applications/Xcode.app/Contents/Developer/Library/Frameworks
               DEVELOPER_LIBRARY_DIR = /Applications/Xcode.app/Contents/Developer/Library
               DEVELOPER_SDK_DIR = /Applications/Xcode.app/Contents/Developer/Platforms/MacOSX.platform/Developer/SDKs
               DEVELOPER_TOOLS_DIR = /Applications/Xcode.app/Contents/Developer/Tools
               DEVELOPER_USR_DIR = /Applications/Xcode.app/Contents/Developer/usr
               DEVELOPMENT_LANGUAGE = en
               DIAGNOSE_MISSING_TARGET_DEPENDENCIES = YES
               DIFF = /usr/bin/diff
               DOCUMENTATION_FOLDER_PATH = GoogleDataTransport.framework/en.lproj/Documentation
               DONT_GENERATE_INFOPLIST_FILE = NO
               DRIVERKIT_DEPLOYMENT_TARGET = 25.5
               DSTROOT = /tmp/Pods.dst
               DT_TOOLCHAIN_DIR = /Applications/Xcode.app/Contents/Developer/Toolchains/XcodeDefault.xctoolchain
               DUMP_DEPENDENCIES = NO
               DUMP_DEPENDENCIES_OUTPUT_PATH = /Users/gregoriomorelli/Documents/vibra/build/ios/Pods.build/Release-iphonesimulator/GoogleDataTransport.build/GoogleDataTransport-BuildDependencyInfo.json
               DWARF_DSYM_FILE_NAME = GoogleDataTransport.framework.dSYM
               DWARF_DSYM_FILE_SHOULD_ACCOMPANY_PRODUCT = NO
               DWARF_DSYM_FOLDER_PATH = /Users/gregoriomorelli/Documents/vibra/build/ios/Release-iphonesimulator/GoogleDataTransport
               DYLIB_COMPATIBILITY_VERSION = 1
               DYLIB_CURRENT_VERSION = 1
               DYLIB_INSTALL_NAME_BASE = @rpath
               DYNAMIC_LIBRARY_EXTENSION = dylib
               EAGER_COMPILATION_ALLOW_SCRIPTS = NO
               EAGER_LINKING = NO
               EFFECTIVE_PLATFORM_NAME = -iphonesimulator
               EFFECTIVE_SWIFT_VERSION = 5
               EMBEDDED_CONTENT_CONTAINS_SWIFT = NO
               EMBED_ASSET_PACKS_IN_PRODUCT_BUNDLE = NO
               ENABLE_APP_SANDBOX = NO
               ENABLE_CODE_COVERAGE = YES
               ENABLE_COHORT_ARCHS = NO
               ENABLE_CPLUSPLUS_BOUNDS_SAFE_BUFFERS = NO
               ENABLE_C_BOUNDS_SAFETY = NO
               ENABLE_DEFAULT_HEADER_SEARCH_PATHS = YES
               ENABLE_DEFAULT_SEARCH_PATHS = YES
               ENABLE_ENHANCED_SECURITY = NO
               ENABLE_HARDENED_RUNTIME = NO
               ENABLE_HEADER_DEPENDENCIES = YES
               ENABLE_INCOMING_NETWORK_CONNECTIONS = NO
               ENABLE_MODULE_VERIFIER = NO
               ENABLE_NS_ASSERTIONS = NO
               ENABLE_ON_DEMAND_RESOURCES = NO
               ENABLE_OUTGOING_NETWORK_CONNECTIONS = NO
               ENABLE_POINTER_AUTHENTICATION = NO
               ENABLE_RESOURCE_ACCESS_AUDIO_INPUT = NO
               ENABLE_RESOURCE_ACCESS_BLUETOOTH = NO
               ENABLE_RESOURCE_ACCESS_CALENDARS = NO
               ENABLE_RESOURCE_ACCESS_CAMERA = NO
               ENABLE_RESOURCE_ACCESS_CONTACTS = NO
               ENABLE_RESOURCE_ACCESS_LOCATION = NO
               ENABLE_RESOURCE_ACCESS_PHOTO_LIBRARY = NO
               ENABLE_RESOURCE_ACCESS_PRINTING = NO
               ENABLE_RESOURCE_ACCESS_USB = NO
               ENABLE_SDK_IMPORTS = NO
               ENABLE_SECURITY_COMPILER_WARNINGS = NO
               ENABLE_STRICT_OBJC_MSGSEND = YES
               ENABLE_TESTABILITY = NO
               ENABLE_TESTING_SEARCH_PATHS = NO
               ENABLE_USER_SCRIPT_SANDBOXING = NO
               ENFORCE_VALID_ARCHS = YES
               ENTITLEMENTS_DESTINATION = __entitlements
               ENTITLEMENTS_REQUIRED = NO
               EXCLUDED_INSTALLSRC_SUBDIRECTORY_PATTERNS = .DS_Store .svn .git .hg CVS
               EXCLUDED_RECURSIVE_SEARCH_PATH_SUBDIRECTORIES = *.nib *.lproj *.framework *.gch *.xcode* *.xcassets *.icon (*) .DS_Store CVS .svn .git .hg *.pbproj *.pbxproj
               EXECUTABLES_FOLDER_PATH = GoogleDataTransport.framework/en.lproj
               EXECUTABLE_FOLDER_PATH = GoogleDataTransport.framework
               EXECUTABLE_FOLDER_PATH_SHALLOW_BUNDLE_NO = GoogleDataTransport.framework
               EXECUTABLE_FOLDER_PATH_SHALLOW_BUNDLE_YES = GoogleDataTransport.framework
               EXECUTABLE_NAME = GoogleDataTransport
               EXECUTABLE_PATH = GoogleDataTransport.framework/GoogleDataTransport
               EXTENSIONS_FOLDER_PATH = GoogleDataTransport.framework/Extensions
               FILE_LIST = /Users/gregoriomorelli/Documents/vibra/build/ios/Pods.build/Release-iphonesimulator/GoogleDataTransport.build/Objects/LinkFileList
               FIXED_FILES_DIR = /Users/gregoriomorelli/Documents/vibra/build/ios/Pods.build/Release-iphonesimulator/GoogleDataTransport.build/FixedFiles
               FRAMEWORKS_FOLDER_PATH = GoogleDataTransport.framework/Frameworks
               FRAMEWORK_FLAG_PREFIX = -framework
               FRAMEWORK_SEARCH_PATHS = /Users/gregoriomorelli/Documents/vibra/build/ios/Release-iphonesimulator/GoogleDataTransport  "/Users/gregoriomorelli/Documents/vibra/build/ios/Release-iphonesimulator/PromisesObjC" "/Users/gregoriomorelli/Documents/vibra/build/ios/Release-iphonesimulator/nanopb"
               FRAMEWORK_VERSION = A
               FULL_PRODUCT_NAME = GoogleDataTransport.framework
               FUSE_BUILD_PHASES = YES
               FUSE_BUILD_SCRIPT_PHASES = NO
               GCC3_VERSION = 3.3
               GCC_C_LANGUAGE_STANDARD = c99
               GCC_INLINES_ARE_PRIVATE_EXTERN = YES
               GCC_NO_COMMON_BLOCKS = YES
               GCC_OBJC_LEGACY_DISPATCH = YES
               GCC_PFE_FILE_C_DIALECTS = c objective-c c++ objective-c++
               GCC_PREPROCESSOR_DEFINITIONS = POD_CONFIGURATION_RELEASE=1  COCOAPODS=1 PB_FIELD_32BIT=1 PB_NO_PACKED_STRUCTS=1 PB_ENABLE_MALLOC=1GDTCOR_VERSION=10.1.0
               GCC_TREAT_WARNINGS_AS_ERRORS = NO
               GCC_VERSION = com.apple.compilers.llvm.clang.1_0
               GCC_VERSION_IDENTIFIER = com_apple_compilers_llvm_clang_1_0
               GCC_WARN_64_TO_32_BIT_CONVERSION = YES
               GCC_WARN_ABOUT_RETURN_TYPE = YES_ERROR
               GCC_WARN_UNDECLARED_SELECTOR = YES
               GCC_WARN_UNINITIALIZED_AUTOS = YES_AGGRESSIVE
               GCC_WARN_UNUSED_FUNCTION = YES
               GCC_WARN_UNUSED_VARIABLE = YES
               GENERATED_MODULEMAP_DIR = /Users/gregoriomorelli/Documents/vibra/build/ios/GeneratedModuleMaps-iphonesimulator
               GENERATE_INFOPLIST_FILE = NO
               GENERATE_INTERMEDIATE_TEXT_BASED_STUBS = YES
               GENERATE_PKGINFO_FILE = NO
               GENERATE_PRELINK_OBJECT_FILE = NO
               GENERATE_PROFILING_CODE = NO
               GENERATE_TEXT_BASED_STUBS = NO
               GID = 20
               GROUP = staff
               HEADERMAP_INCLUDES_FLAT_ENTRIES_FOR_TARGET_BEING_BUILT = YES
               HEADERMAP_INCLUDES_FRAMEWORK_ENTRIES_FOR_ALL_PRODUCT_TYPES = YES
               HEADERMAP_INCLUDES_FRAMEWORK_ENTRIES_FOR_TARGETS_NOT_BEING_BUILT = YES
               HEADERMAP_INCLUDES_NONPUBLIC_NONPRIVATE_HEADERS = YES
               HEADERMAP_INCLUDES_PROJECT_HEADERS = YES
               HEADERMAP_USES_FRAMEWORK_PREFIX_ENTRIES = YES
               HEADERMAP_USES_VFS = YES
               HEADER_SEARCH_PATHS = /Users/gregoriomorelli/Documents/vibra/build/ios/Release-iphonesimulator/GoogleDataTransport/include  "/Users/gregoriomorelli/Documents/vibra/ios/Pods/GoogleDataTransport/"
               HOME = /Users/gregoriomorelli
               HOST_ARCH = arm64
               HOST_PLATFORM = macosx
               ICONV = /usr/bin/iconv
               IMPLICIT_DEPENDENCY_DOMAIN = default
               INDEX_STORE_COMPRESS = NO
               INDEX_STORE_ONLY_PROJECT_FILES = NO
               INFOPLIST_ENABLE_CFBUNDLEICONS_MERGE = YES
               INFOPLIST_EXPAND_BUILD_SETTINGS = YES
               INFOPLIST_FILE = Target Support Files/GoogleDataTransport/GoogleDataTransport-Info.plist
               INFOPLIST_OUTPUT_FORMAT = binary
               INFOPLIST_PATH = GoogleDataTransport.framework/Info.plist
               INFOPLIST_PREPROCESS = NO
               INFOSTRINGS_PATH = GoogleDataTransport.framework/en.lproj/InfoPlist.strings
               INLINE_PRIVATE_FRAMEWORKS = NO
               INSTALLAPI_IGNORE_SKIP_INSTALL = YES
               INSTALLHDRS_COPY_PHASE = NO
               INSTALLHDRS_SCRIPT_PHASE = NO
               INSTALL_DIR = /tmp/Pods.dst/Library/Frameworks
               INSTALL_GROUP = staff
               INSTALL_MODE_FLAG = u+w,go-w,a+rX
               INSTALL_OWNER = gregoriomorelli
               INSTALL_PATH = /Library/Frameworks
               INSTALL_ROOT = /tmp/Pods.dst
               IPHONEOS_DEPLOYMENT_TARGET = 12.0
               IS_UNOPTIMIZED_BUILD = NO
               JAVAC_DEFAULT_FLAGS = -J-Xms64m -J-XX:NewSize=4M -J-Dfile.encoding=UTF8
               JAVA_APP_STUB = /System/Library/Frameworks/JavaVM.framework/Resources/MacOS/JavaApplicationStub
               JAVA_ARCHIVE_CLASSES = YES
               JAVA_ARCHIVE_TYPE = JAR
               JAVA_COMPILER = /usr/bin/javac
               JAVA_FOLDER_PATH = GoogleDataTransport.framework/Java
               JAVA_FRAMEWORK_RESOURCES_DIRS = Resources
               JAVA_JAR_FLAGS = cv
               JAVA_SOURCE_SUBDIR = .
               JAVA_USE_DEPENDENCIES = YES
               JAVA_ZIP_FLAGS = -urg
               JIKES_DEFAULT_FLAGS = +E +OLDCSO
               KEEP_PRIVATE_EXTERNS = NO
               LD_DEPENDENCY_INFO_FILE = /Users/gregoriomorelli/Documents/vibra/build/ios/Pods.build/Release-iphonesimulator/GoogleDataTransport.build/Objects-normal/undefined_arch/GoogleDataTransport_dependency_info.dat
               LD_DYLIB_INSTALL_NAME = @rpath/GoogleDataTransport.framework/GoogleDataTransport
               LD_EXPORT_SYMBOLS = YES
               LD_GENERATE_MAP_FILE = NO
               LD_MAP_FILE_PATH = /Users/gregoriomorelli/Documents/vibra/build/ios/Pods.build/Release-iphonesimulator/GoogleDataTransport.build/GoogleDataTransport-LinkMap-normal-undefined_arch.txt
               LD_NO_PIE = NO
               LD_QUOTE_LINKER_ARGUMENTS_FOR_COMPILER_DRIVER = YES
               LD_RUNPATH_SEARCH_PATHS =  @executable_path/Frameworks @loader_path/Frameworks
               LD_SHARED_CACHE_ELIGIBLE = Automatic
               LD_WARN_DUPLICATE_LIBRARIES = NO
               LD_WARN_UNUSED_DYLIBS = NO
               LEGACY_DEVELOPER_DIR = /Applications/Xcode.app/Contents/PlugIns/Xcode3Core.ideplugin/Contents/SharedSupport/Developer
               LEX = lex
               LIBRARY_DEXT_INSTALL_PATH = /Library/DriverExtensions
               LIBRARY_FLAG_NOSPACE = YES
               LIBRARY_FLAG_PREFIX = -l
               LIBRARY_KEXT_INSTALL_PATH = /Library/Extensions
               LIBRARY_SEARCH_PATHS = /Users/gregoriomorelli/Documents/vibra/build/ios/Release-iphonesimulator/GoogleDataTransport 
               LINKER_DISPLAYS_MANGLED_NAMES = NO
               LINK_FILE_LIST_normal_arm64 = /Users/gregoriomorelli/Documents/vibra/build/ios/Pods.build/Release-iphonesimulator/GoogleDataTransport.build/Objects-normal/arm64/GoogleDataTransport.LinkFileList
               LINK_FILE_LIST_normal_x86_64 = /Users/gregoriomorelli/Documents/vibra/build/ios/Pods.build/Release-iphonesimulator/GoogleDataTransport.build/Objects-normal/x86_64/GoogleDataTransport.LinkFileList
               LINK_OBJC_RUNTIME = YES
               LINK_WITH_STANDARD_LIBRARIES = YES
               LLVM_TARGET_TRIPLE_OS_VERSION = ios12.0
               LLVM_TARGET_TRIPLE_SUFFIX = -simulator
               LLVM_TARGET_TRIPLE_VENDOR = apple
               LM_AUX_CONST_METADATA_LIST_PATH_normal_arm64 = /Users/gregoriomorelli/Documents/vibra/build/ios/Pods.build/Release-iphonesimulator/GoogleDataTransport.build/Objects-normal/arm64/GoogleDataTransport.SwiftConstValuesFileList
               LM_AUX_CONST_METADATA_LIST_PATH_normal_x86_64 = /Users/gregoriomorelli/Documents/vibra/build/ios/Pods.build/Release-iphonesimulator/GoogleDataTransport.build/Objects-normal/x86_64/GoogleDataTransport.SwiftConstValuesFileList
               LOCALIZATION_EXPORT_SUPPORTED = YES
               LOCALIZATION_PREFERS_STRING_CATALOGS = NO
               LOCALIZED_RESOURCES_FOLDER_PATH = GoogleDataTransport.framework/en.lproj
               LOCALIZED_STRING_CODE_COMMENTS = NO
               LOCALIZED_STRING_MACRO_NAMES = NSLocalizedString CFCopyLocalizedString
               LOCALIZED_STRING_SWIFTUI_SUPPORT = YES
               LOCAL_ADMIN_APPS_DIR = /Applications/Utilities
               LOCAL_APPS_DIR = /Applications
               LOCAL_DEVELOPER_DIR = /Library/Developer
               LOCAL_LIBRARY_DIR = /Library
               LOCROOT = /Users/gregoriomorelli/Documents/vibra/ios/Pods
               LOCSYMROOT = /Users/gregoriomorelli/Documents/vibra/ios/Pods
               MACH_O_TYPE = mh_dylib
               MACOSX_DEPLOYMENT_TARGET = 26.5
               MAC_OS_X_PRODUCT_BUILD_VERSION = 25F84
               MAC_OS_X_VERSION_ACTUAL = 260502
               MAC_OS_X_VERSION_MAJOR = 260000
               MAC_OS_X_VERSION_MINOR = 260500
               MAKE_MERGEABLE = NO
               MERGEABLE_LIBRARY = NO
               MERGED_BINARY_TYPE = none
               MERGE_LINKED_LIBRARIES = NO
               METAL_LIBRARY_FILE_BASE = default
               METAL_LIBRARY_OUTPUT_DIR = /Users/gregoriomorelli/Documents/vibra/build/ios/Release-iphonesimulator/GoogleDataTransport/GoogleDataTransport.framework
               MODULEMAP_FILE = Target Support Files/GoogleDataTransport/GoogleDataTransport.modulemap
               MODULES_FOLDER_PATH = GoogleDataTransport.framework/Modules
               MTL_ENABLE_DEBUG_INFO = NO
               MTL_FAST_MATH = YES
               NATIVE_ARCH = arm64
               NATIVE_ARCH_32_BIT = arm
               NATIVE_ARCH_64_BIT = arm64
               NATIVE_ARCH_ACTUAL = arm64
               NO_COMMON = YES
               OBJC_ABI_VERSION = 2
               OBJECT_FILE_DIR = /Users/gregoriomorelli/Documents/vibra/build/ios/Pods.build/Release-iphonesimulator/GoogleDataTransport.build/Objects
               OBJECT_FILE_DIR_normal = /Users/gregoriomorelli/Documents/vibra/build/ios/Pods.build/Release-iphonesimulator/GoogleDataTransport.build/Objects-normal
               OBJROOT = /Users/gregoriomorelli/Documents/vibra/build/ios
               ONLY_ACTIVE_ARCH = NO
               OS = MACOS
               OSAC = /usr/bin/osacompile
               OTHER_LDFLAGS =  -l"z" -framework "CoreTelephony" -framework "FBLPromises" -framework "SystemConfiguration" -framework "nanopb"
               PACKAGE_TYPE = com.apple.package-type.wrapper.framework
               PASCAL_STRINGS = YES
               PATH = /Applications/Xcode.app/Contents/SharedFrameworks/SwiftBuild.framework/Versions/A/PlugIns/SWBBuildService.bundle/Contents/PlugIns/SWBUniversalPlatformPlugin.bundle/Contents/Frameworks/SWBUniversalPlatform.framework/Resources:/Applications/Xcode.app/Contents/Developer/Toolchains/XcodeDefault.xctoolchain/usr/bin:/Applications/Xcode.app/Contents/Developer/Toolchains/XcodeDefault.xctoolchain/usr/local/bin:/Applications/Xcode.app/Contents/Developer/Toolchains/XcodeDefault.xctoolchain/usr/libexec:/Applications/Xcode.app/Contents/Developer/Platforms/iPhoneSimulator.platform/usr/bin:/Applications/Xcode.app/Contents/Developer/Platforms/iPhoneSimulator.platform/usr/local/bin:/Applications/Xcode.app/Contents/Developer/Platforms/iPhoneSimulator.platform/Developer/usr/bin:/Applications/Xcode.app/Contents/Developer/Platforms/iPhoneSimulator.platform/Developer/usr/local/bin:/Applications/Xcode.app/Contents/Developer/usr/bin:/Applications/Xcode.app/Contents/Developer/usr/local/bin:/Users/gregoriomorelli/.gemini/antigravity/bin:/Users/gregoriomorelli/Library/Application Support/Antigravity/bin:/opt/homebrew/bin:/opt/homebrew/sbin:/Library/Developer/CommandLineTools/usr/bin:/Users/gregoriomorelli/development/flutter/bin:/Users/gregoriomorelli/Library/Android/sdk/platform-tools:/Users/gregoriomorelli/Library/Android/sdk/cmdline-tools/latest/bin:/Users/gregoriomorelli/Library/Android/sdk/emulator:/Users/gregoriomorelli/.antigravity-ide/antigravity-ide/bin:/Users/gregoriomorelli/.antigravity/antigravity/bin:/Applications/XAMPP/xamppfiles/bin:/Users/gregoriomorelli/develop/flutter/bin:/usr/local/bin:/System/Cryptexes/App/usr/bin:/usr/bin:/bin:/usr/sbin:/sbin:/var/run/com.apple.security.cryptexd/codex.system/bootstrap/usr/local/bin:/var/run/com.apple.security.cryptexd/codex.system/bootstrap/usr/bin:/var/run/com.apple.security.cryptexd/codex.system/bootstrap/usr/appleinternal/bin:/pkg/env/global/bin:/Users/gregoriomorelli/.spicetify
               PATH_PREFIXES_EXCLUDED_FROM_HEADER_DEPENDENCIES = /usr/include /usr/local/include /System/Library/Frameworks /System/Library/PrivateFrameworks /Applications/Xcode.app/Contents/Developer/Headers /Applications/Xcode.app/Contents/Developer/SDKs /Applications/Xcode.app/Contents/Developer/Platforms
               PBDEVELOPMENTPLIST_PATH = GoogleDataTransport.framework/pbdevelopment.plist
               PER_ARCH_MODULE_FILE_DIR = /Users/gregoriomorelli/Documents/vibra/build/ios/Pods.build/Release-iphonesimulator/GoogleDataTransport.build/Objects-normal/undefined_arch
               PER_ARCH_OBJECT_FILE_DIR = /Users/gregoriomorelli/Documents/vibra/build/ios/Pods.build/Release-iphonesimulator/GoogleDataTransport.build/Objects-normal/undefined_arch
               PER_VARIANT_OBJECT_FILE_DIR = /Users/gregoriomorelli/Documents/vibra/build/ios/Pods.build/Release-iphonesimulator/GoogleDataTransport.build/Objects-normal
               PKGINFO_FILE_PATH = /Users/gregoriomorelli/Documents/vibra/build/ios/Pods.build/Release-iphonesimulator/GoogleDataTransport.build/PkgInfo
               PKGINFO_PATH = GoogleDataTransport.framework/PkgInfo
               PLATFORM_DEVELOPER_APPLICATIONS_DIR = /Applications/Xcode.app/Contents/Developer/Platforms/iPhoneSimulator.platform/Developer/Applications
               PLATFORM_DEVELOPER_BIN_DIR = /Applications/Xcode.app/Contents/Developer/Platforms/iPhoneSimulator.platform/Developer/usr/bin
               PLATFORM_DEVELOPER_LIBRARY_DIR = /Applications/Xcode.app/Contents/Developer/Platforms/iPhoneSimulator.platform/Developer/Library
               PLATFORM_DEVELOPER_SDK_DIR = /Applications/Xcode.app/Contents/Developer/Platforms/iPhoneSimulator.platform/Developer/SDKs
               PLATFORM_DEVELOPER_TOOLS_DIR = /Applications/Xcode.app/Contents/Developer/Platforms/iPhoneSimulator.platform/Developer/Tools
               PLATFORM_DEVELOPER_USR_DIR = /Applications/Xcode.app/Contents/Developer/Platforms/iPhoneSimulator.platform/Developer/usr
               PLATFORM_DIR = /Applications/Xcode.app/Contents/Developer/Platforms/iPhoneSimulator.platform
               PLATFORM_DISPLAY_NAME = iOS Simulator
               PLATFORM_FAMILY_NAME = iOS
               PLATFORM_NAME = iphonesimulator
               PLATFORM_PREFERRED_ARCH = x86_64
               PLATFORM_PRODUCT_BUILD_VERSION = 23F73
               PLATFORM_REQUIRES_SWIFT_AUTOLINK_EXTRACT = NO
               PLATFORM_REQUIRES_SWIFT_MODULEWRAP = NO
               PLATFORM_USES_DSYMS = YES
               PLIST_FILE_OUTPUT_FORMAT = binary
               PLUGINS_FOLDER_PATH = GoogleDataTransport.framework/PlugIns
               PODS_BUILD_DIR = /Users/gregoriomorelli/Documents/vibra/build/ios
               PODS_CONFIGURATION_BUILD_DIR = /Users/gregoriomorelli/Documents/vibra/build/ios/Release-iphonesimulator
               PODS_DEVELOPMENT_LANGUAGE = en
               PODS_ROOT = /Users/gregoriomorelli/Documents/vibra/ios/Pods
               PODS_TARGET_SRCROOT = /Users/gregoriomorelli/Documents/vibra/ios/Pods/GoogleDataTransport
               PODS_XCFRAMEWORKS_BUILD_DIR = /Users/gregoriomorelli/Documents/vibra/build/ios/Release-iphonesimulator/XCFrameworkIntermediates
               PRECOMPS_INCLUDE_HEADERS_FROM_BUILT_PRODUCTS_DIR = YES
               PRECOMP_DESTINATION_DIR = /Users/gregoriomorelli/Documents/vibra/build/ios/Pods.build/Release-iphonesimulator/GoogleDataTransport.build/PrefixHeaders
               PRIVATE_HEADERS_FOLDER_PATH = GoogleDataTransport.framework/PrivateHeaders
               PROCESSED_INFOPLIST_PATH = /Users/gregoriomorelli/Documents/vibra/build/ios/Pods.build/Release-iphonesimulator/GoogleDataTransport.build/Objects-normal/undefined_arch/Processed-Info.plist
               PRODUCT_BUNDLE_IDENTIFIER = org.cocoapods.GoogleDataTransport
               PRODUCT_BUNDLE_PACKAGE_TYPE = FMWK
               PRODUCT_MODULE_NAME = GoogleDataTransport
               PRODUCT_NAME = GoogleDataTransport
               PRODUCT_SETTINGS_PATH = /Users/gregoriomorelli/Documents/vibra/ios/Pods/Target Support Files/GoogleDataTransport/GoogleDataTransport-Info.plist
               PRODUCT_TYPE = com.apple.product-type.framework
               PROFILING_CODE = NO
               PROJECT = Pods
               PROJECT_DERIVED_FILE_DIR = /Users/gregoriomorelli/Documents/vibra/build/ios/Pods.build/DerivedSources
               PROJECT_DIR = /Users/gregoriomorelli/Documents/vibra/ios/Pods
               PROJECT_FILE_PATH = /Users/gregoriomorelli/Documents/vibra/ios/Pods/Pods.xcodeproj
               PROJECT_GUID = bfdfe7dc352907fc980b868725387e98
               PROJECT_NAME = Pods
               PROJECT_TEMP_DIR = /Users/gregoriomorelli/Documents/vibra/build/ios/Pods.build
               PROJECT_TEMP_ROOT = /Users/gregoriomorelli/Documents/vibra/build/ios
               PUBLIC_HEADERS_FOLDER_PATH = GoogleDataTransport.framework/Headers
               RECOMMENDED_IPHONEOS_DEPLOYMENT_TARGET = 15.0
               RECURSIVE_SEARCH_PATHS_FOLLOW_SYMLINKS = YES
               REMOVE_CVS_FROM_RESOURCES = YES
               REMOVE_GIT_FROM_RESOURCES = YES
               REMOVE_HEADERS_FROM_EMBEDDED_BUNDLES = YES
               REMOVE_HG_FROM_RESOURCES = YES
               REMOVE_STATIC_EXECUTABLES_FROM_EMBEDDED_BUNDLES = YES
               REMOVE_SVN_FROM_RESOURCES = YES
               RESCHEDULE_INDEPENDENT_HEADERS_PHASES = YES
               REZ_COLLECTOR_DIR = /Users/gregoriomorelli/Documents/vibra/build/ios/Pods.build/Release-iphonesimulator/GoogleDataTransport.build/ResourceManagerResources
               REZ_OBJECTS_DIR = /Users/gregoriomorelli/Documents/vibra/build/ios/Pods.build/Release-iphonesimulator/GoogleDataTransport.build/ResourceManagerResources/Objects
               REZ_SEARCH_PATHS = /Users/gregoriomorelli/Documents/vibra/build/ios/Release-iphonesimulator/GoogleDataTransport 
               RPATH_ORIGIN = @loader_path
               RUNTIME_EXCEPTION_ALLOW_DYLD_ENVIRONMENT_VARIABLES = NO
               RUNTIME_EXCEPTION_ALLOW_JIT = NO
               RUNTIME_EXCEPTION_ALLOW_UNSIGNED_EXECUTABLE_MEMORY = NO
               RUNTIME_EXCEPTION_DEBUGGING_TOOL = NO
               RUNTIME_EXCEPTION_DISABLE_EXECUTABLE_PAGE_PROTECTION = NO
               RUNTIME_EXCEPTION_DISABLE_LIBRARY_VALIDATION = NO
               SCANNING_PCM_KEEP_CACHE_DIRECTORY = YES
               SCAN_ALL_SOURCE_FILES_FOR_INCLUDES = NO
               SCRIPTS_FOLDER_PATH = GoogleDataTransport.framework/Scripts
               SDKROOT = /Applications/Xcode.app/Contents/Developer/Platforms/iPhoneSimulator.platform/Developer/SDKs/iPhoneSimulator26.5.sdk
               SDK_DIR = /Applications/Xcode.app/Contents/Developer/Platforms/iPhoneSimulator.platform/Developer/SDKs/iPhoneSimulator26.5.sdk
               SDK_DIR_iphonesimulator = /Applications/Xcode.app/Contents/Developer/Platforms/iPhoneSimulator.platform/Developer/SDKs/iPhoneSimulator26.5.sdk
               SDK_DIR_iphonesimulator26_5 = /Applications/Xcode.app/Contents/Developer/Platforms/iPhoneSimulator.platform/Developer/SDKs/iPhoneSimulator26.5.sdk
               SDK_NAME = iphonesimulator26.5
               SDK_NAMES = iphonesimulator26.5
               SDK_PRODUCT_BUILD_VERSION = 23F73
               SDK_STAT_CACHE_DIR = /var/folders/pg/x6t89f2n7s7299rcw8hv33180000gn/C/com.apple.DeveloperTools/26.5-17F42/Xcode
               SDK_STAT_CACHE_ENABLE = YES
               SDK_STAT_CACHE_PATH = /var/folders/pg/x6t89f2n7s7299rcw8hv33180000gn/C/com.apple.DeveloperTools/26.5-17F42/Xcode/SDKStatCaches.noindex/iphonesimulator26.5-23F73-6cfe768891a92b912361537c460fe42b.sdkstatcache
               SDK_VERSION = 26.5
               SDK_VERSION_ACTUAL = 260500
               SDK_VERSION_MAJOR = 260000
               SDK_VERSION_MINOR = 260500
               SED = /usr/bin/sed
               SEPARATE_STRIP = NO
               SEPARATE_SYMBOL_EDIT = NO
               SET_DIR_MODE_OWNER_GROUP = YES
               SET_FILE_MODE_OWNER_GROUP = NO
               SHALLOW_BUNDLE = YES
               SHALLOW_BUNDLE_TRIPLE = ios-simulator
               SHALLOW_BUNDLE_ios_macabi = NO
               SHALLOW_BUNDLE_macos = NO
               SHARED_DERIVED_FILE_DIR = /Users/gregoriomorelli/Documents/vibra/build/ios/Release-iphonesimulator/GoogleDataTransport/DerivedSources
               SHARED_FRAMEWORKS_FOLDER_PATH = GoogleDataTransport.framework/SharedFrameworks
               SHARED_PRECOMPS_DIR = /Users/gregoriomorelli/Documents/vibra/build/ios/SharedPrecompiledHeaders
               SHARED_SUPPORT_FOLDER_PATH = GoogleDataTransport.framework
               SKIP_INSTALL = YES
               SKIP_MERGEABLE_LIBRARY_BUNDLE_HOOK = NO
               SOURCE_ROOT = /Users/gregoriomorelli/Documents/vibra/ios/Pods
               SRCROOT = /Users/gregoriomorelli/Documents/vibra/ios/Pods
               STRINGSDATA_DIR = /Users/gregoriomorelli/Documents/vibra/build/ios/Pods.build/Release-iphonesimulator/GoogleDataTransport.build/Objects-normal/undefined_arch
               STRINGSDATA_ROOT = /Users/gregoriomorelli/Documents/vibra/build/ios/Pods.build/Release-iphonesimulator/GoogleDataTransport.build
               STRINGS_FILE_INFOPLIST_RENAME = YES
               STRINGS_FILE_OUTPUT_ENCODING = binary
               STRING_CATALOG_GENERATE_SYMBOLS = NO
               STRIP_BITCODE_FROM_COPIED_FILES = NO
               STRIP_INSTALLED_PRODUCT = NO
               STRIP_STYLE = debugging
               STRIP_SWIFT_SYMBOLS = YES
               SUPPORTED_DEVICE_FAMILIES = 1,2
               SUPPORTED_PLATFORMS = iphoneos iphonesimulator
               SUPPORTS_TEXT_BASED_API = NO
               SUPPRESS_WARNINGS = NO
               SWIFT_ACTIVE_COMPILATION_CONDITIONS =  
               SWIFT_COMPILATION_MODE = wholemodule
               SWIFT_EMIT_CONST_VALUE_PROTOCOLS = AnyResolverProviding AppEntity AppEnum AppExtension AppIntent AppIntentsPackage AppShortcutProviding AppShortcutsProvider AppUnionValue AppUnionValueCasesProviding DynamicOptionsProvider EntityQuery ExtensionPointDefining IntentValueQuery Resolver TransientEntity _AssistantIntentsProvider _GenerativeFunctionExtractable _IntentValueRepresentable
               SWIFT_EMIT_LOC_STRINGS = NO
               SWIFT_ENABLE_EXPLICIT_MODULES = YES
               SWIFT_INSTALL_MODULE_FOR_DEPLOYMENT = YES
               SWIFT_INSTALL_OBJC_HEADER = YES
               SWIFT_OPTIMIZATION_LEVEL = -O
               SWIFT_PLATFORM_TARGET_PREFIX = ios
               SWIFT_RESPONSE_FILE_PATH_normal_arm64 = /Users/gregoriomorelli/Documents/vibra/build/ios/Pods.build/Release-iphonesimulator/GoogleDataTransport.build/Objects-normal/arm64/GoogleDataTransport.SwiftFileList
               SWIFT_RESPONSE_FILE_PATH_normal_x86_64 = /Users/gregoriomorelli/Documents/vibra/build/ios/Pods.build/Release-iphonesimulator/GoogleDataTransport.build/Objects-normal/x86_64/GoogleDataTransport.SwiftFileList
               SWIFT_VERSION = 5.0
               SYMROOT = /Users/gregoriomorelli/Documents/vibra/ios/build
               SYSTEM_ADMIN_APPS_DIR = /Applications/Utilities
               SYSTEM_APPS_DIR = /Applications
               SYSTEM_CORE_SERVICES_DIR = /System/Library/CoreServices
               SYSTEM_DEMOS_DIR = /Applications/Extras
               SYSTEM_DEVELOPER_APPS_DIR = /Applications/Xcode.app/Contents/Developer/Applications
               SYSTEM_DEVELOPER_BIN_DIR = /Applications/Xcode.app/Contents/Developer/usr/bin
               SYSTEM_DEVELOPER_DEMOS_DIR = /Applications/Xcode.app/Contents/Developer/Applications/Utilities/Built Examples
               SYSTEM_DEVELOPER_DIR = /Applications/Xcode.app/Contents/Developer
               SYSTEM_DEVELOPER_DOC_DIR = /Applications/Xcode.app/Contents/Developer/ADC Reference Library
               SYSTEM_DEVELOPER_GRAPHICS_TOOLS_DIR = /Applications/Xcode.app/Contents/Developer/Applications/Graphics Tools
               SYSTEM_DEVELOPER_JAVA_TOOLS_DIR = /Applications/Xcode.app/Contents/Developer/Applications/Java Tools
               SYSTEM_DEVELOPER_PERFORMANCE_TOOLS_DIR = /Applications/Xcode.app/Contents/Developer/Applications/Performance Tools
               SYSTEM_DEVELOPER_RELEASENOTES_DIR = /Applications/Xcode.app/Contents/Developer/ADC Reference Library/releasenotes
               SYSTEM_DEVELOPER_TOOLS = /Applications/Xcode.app/Contents/Developer/Tools
               SYSTEM_DEVELOPER_TOOLS_DOC_DIR = /Applications/Xcode.app/Contents/Developer/ADC Reference Library/documentation/DeveloperTools
               SYSTEM_DEVELOPER_TOOLS_RELEASENOTES_DIR = /Applications/Xcode.app/Contents/Developer/ADC Reference Library/releasenotes/DeveloperTools
               SYSTEM_DEVELOPER_USR_DIR = /Applications/Xcode.app/Contents/Developer/usr
               SYSTEM_DEVELOPER_UTILITIES_DIR = /Applications/Xcode.app/Contents/Developer/Applications/Utilities
               SYSTEM_DEXT_INSTALL_PATH = /System/Library/DriverExtensions
               SYSTEM_DOCUMENTATION_DIR = /Library/Documentation
               SYSTEM_EXTENSIONS_FOLDER_PATH = GoogleDataTransport.framework/SystemExtensions
               SYSTEM_EXTENSIONS_FOLDER_PATH_SHALLOW_BUNDLE_NO = GoogleDataTransport.framework/Library/SystemExtensions
               SYSTEM_EXTENSIONS_FOLDER_PATH_SHALLOW_BUNDLE_YES = GoogleDataTransport.framework/SystemExtensions
               SYSTEM_KEXT_INSTALL_PATH = /System/Library/Extensions
               SYSTEM_LIBRARY_DIR = /System/Library
               TAPI_DEMANGLE = YES
               TAPI_ENABLE_PROJECT_HEADERS = NO
               TAPI_LANGUAGE = objective-c
               TAPI_LANGUAGE_STANDARD = compiler-default
               TAPI_USE_SRCROOT = YES
               TAPI_VERIFY_MODE = Pedantic
               TARGETED_DEVICE_FAMILY = 1,2
               TARGETNAME = GoogleDataTransport
               TARGET_BUILD_DIR = /Users/gregoriomorelli/Documents/vibra/build/ios/Release-iphonesimulator/GoogleDataTransport
               TARGET_NAME = GoogleDataTransport
               TARGET_TEMP_DIR = /Users/gregoriomorelli/Documents/vibra/build/ios/Pods.build/Release-iphonesimulator/GoogleDataTransport.build
               TEMP_DIR = /Users/gregoriomorelli/Documents/vibra/build/ios/Pods.build/Release-iphonesimulator/GoogleDataTransport.build
               TEMP_FILES_DIR = /Users/gregoriomorelli/Documents/vibra/build/ios/Pods.build/Release-iphonesimulator/GoogleDataTransport.build
               TEMP_FILE_DIR = /Users/gregoriomorelli/Documents/vibra/build/ios/Pods.build/Release-iphonesimulator/GoogleDataTransport.build
               TEMP_ROOT = /Users/gregoriomorelli/Documents/vibra/build/ios
               TEMP_SANDBOX_DIR = /Users/gregoriomorelli/Documents/vibra/build/ios/TemporaryTaskSandboxes
               TEST_FRAMEWORK_SEARCH_PATHS =  /Applications/Xcode.app/Contents/Developer/Platforms/iPhoneSimulator.platform/Developer/Library/Frameworks /Applications/Xcode.app/Contents/Developer/Platforms/iPhoneSimulator.platform/Developer/SDKs/iPhoneSimulator26.5.sdk/Developer/Library/Frameworks
               TEST_LIBRARY_SEARCH_PATHS =  /Applications/Xcode.app/Contents/Developer/Platforms/iPhoneSimulator.platform/Developer/usr/lib
               TOOLCHAINS = com.apple.dt.toolchain.XcodeDefault
               TOOLCHAIN_DIR = /Applications/Xcode.app/Contents/Developer/Toolchains/XcodeDefault.xctoolchain
               TREAT_MISSING_BASELINES_AS_TEST_FAILURES = NO
               TREAT_MISSING_SCRIPT_PHASE_OUTPUTS_AS_ERRORS = NO
               TVOS_DEPLOYMENT_TARGET = 26.5
               UID = 501
               UNINSTALLED_PRODUCTS_DIR = /Users/gregoriomorelli/Documents/vibra/build/ios/UninstalledProducts
               UNLOCALIZED_RESOURCES_FOLDER_PATH = GoogleDataTransport.framework
               UNLOCALIZED_RESOURCES_FOLDER_PATH_SHALLOW_BUNDLE_NO = GoogleDataTransport.framework/Resources
               UNLOCALIZED_RESOURCES_FOLDER_PATH_SHALLOW_BUNDLE_YES = GoogleDataTransport.framework
               UNSTRIPPED_PRODUCT = NO
               USER = gregoriomorelli
               USER_APPS_DIR = /Users/gregoriomorelli/Applications
               USER_LIBRARY_DIR = /Users/gregoriomorelli/Library
               USE_DYNAMIC_NO_PIC = YES
               USE_HEADERMAP = YES
               USE_HEADER_SYMLINKS = NO
               USE_RECURSIVE_SCRIPT_INPUTS_IN_SCRIPT_PHASES = YES
               VALIDATE_DEVELOPMENT_ASSET_PATHS = YES_ERROR
               VALIDATE_PRODUCT = YES
               VALID_ARCHS = arm64 x86_64
               VERBOSE_PBXCP = NO
               VERSIONING_SYSTEM = apple-generic
               VERSIONPLIST_PATH = GoogleDataTransport.framework/version.plist
               VERSIONS_FOLDER_PATH = GoogleDataTransport.framework
               VERSIONS_FOLDER_PATH_SHALLOW_BUNDLE_NO = GoogleDataTransport.framework/Versions
               VERSIONS_FOLDER_PATH_SHALLOW_BUNDLE_YES = GoogleDataTransport.framework
               VERSION_INFO_BUILDER = gregoriomorelli
               VERSION_INFO_FILE = GoogleDataTransport_vers.c
               VERSION_INFO_STRING = "@(#)PROGRAM:GoogleDataTransport  PROJECT:Pods-1"
               WATCHOS_DEPLOYMENT_TARGET = 26.5
               WORKSPACE_DIR = /Users/gregoriomorelli/Documents/vibra/ios/Pods/Pods.xcodeproj
               WRAPPER_EXTENSION = framework
               WRAPPER_NAME = GoogleDataTransport.framework
               WRAPPER_SUFFIX = .framework
               WRAP_ASSET_PACKS_IN_SEPARATE_DIRECTORIES = NO
               XCODE_APP_SUPPORT_DIR = /Applications/Xcode.app/Contents/Developer/Library/Xcode
               XCODE_PRODUCT_BUILD_VERSION = 17F42
               XCODE_VERSION_ACTUAL = 2650
               XCODE_VERSION_MAJOR = 2600
               XCODE_VERSION_MINOR = 2650
               XPCSERVICES_FOLDER_PATH = GoogleDataTransport.framework/XPCServices
               XROS_DEPLOYMENT_TARGET = 26.5
               YACC = yacc
               _DISCOVER_COMMAND_LINE_LINKER_INPUTS = YES
               _DISCOVER_COMMAND_LINE_LINKER_INPUTS_INCLUDE_WL = YES
               _LD_MULTIARCH = YES
               _WRAPPER_CONTENTS_DIR_SHALLOW_BUNDLE_NO = /Contents
               _WRAPPER_PARENT_PATH_SHALLOW_BUNDLE_NO = /..
               _WRAPPER_RESOURCES_DIR_SHALLOW_BUNDLE_NO = /Resources
               __DIAGNOSE_DEPRECATED_ARCHS = YES
               __ORIGINAL_SDK_DEFINED_LLVM_TARGET_TRIPLE_SYS = ios
               arch = undefined_arch
               variant = normal

           Build settings for action build and target GoogleDataTransport-GoogleDataTransport_Privacy:
               ACTION = build
               AD_HOC_CODE_SIGNING_ALLOWED = YES
               ALLOW_BUILD_REQUEST_OVERRIDES = NO
               ALLOW_TARGET_PLATFORM_SPECIALIZATION = NO
               ALTERNATE_GROUP = staff
               ALTERNATE_MODE = u+w,go-w,a+rX
               ALTERNATE_OWNER = gregoriomorelli
               ALTERNATIVE_DISTRIBUTION_WEB = NO
               ALWAYS_EMBED_SWIFT_STANDARD_LIBRARIES = NO
               ALWAYS_SEARCH_USER_PATHS = NO
               ALWAYS_USE_SEPARATE_HEADERMAPS = NO
               APPLICATION_EXTENSION_API_ONLY = NO
               APPLY_RULES_IN_COPY_FILES = NO
               APPLY_RULES_IN_COPY_HEADERS = NO
               APP_SHORTCUTS_ENABLE_FLEXIBLE_MATCHING = YES
               ARCHS = arm64 x86_64
               ARCHS_BASE = arm64 x86_64
               ARCHS_STANDARD = arm64 x86_64
               ARCHS_STANDARD_32_64_BIT = arm64 x86_64
               ARCHS_STANDARD_64_BIT = arm64 x86_64
               ARCHS_STANDARD_INCLUDING_64_BIT = arm64 x86_64
               ARCHS_UNIVERSAL_IPHONE_OS = arm64 x86_64
               AUTOMATICALLY_MERGE_DEPENDENCIES = NO
               AUTOMATION_APPLE_EVENTS = NO
               AVAILABLE_PLATFORMS = android appletvos appletvsimulator driverkit freebsd iphoneos iphonesimulator linux macosx none openbsd qnx watchos watchsimulator webassembly xros xrsimulator
               BUILD_ACTIVE_RESOURCES_ONLY = NO
               BUILD_COMPONENTS = headers build
               BUILD_DIR = /Users/gregoriomorelli/Documents/vibra/build/ios
               BUILD_LIBRARY_FOR_DISTRIBUTION = NO
               BUILD_ONLY_KNOWN_LOCALIZATIONS = NO
               BUILD_ROOT = /Users/gregoriomorelli/Documents/vibra/ios/build
               BUILD_STYLE = 
               BUILD_VARIANTS = normal
               BUILT_PRODUCTS_DIR = /Users/gregoriomorelli/Documents/vibra/build/ios/Release-iphonesimulator/GoogleDataTransport
               BUNDLE_CONTENTS_FOLDER_PATH_deep = Contents/
               BUNDLE_EXECUTABLE_FOLDER_NAME_deep = MacOS
               BUNDLE_EXTENSIONS_FOLDER_PATH = Extensions
               BUNDLE_FORMAT = shallow
               BUNDLE_FRAMEWORKS_FOLDER_PATH = Frameworks
               BUNDLE_PLUGINS_FOLDER_PATH = PlugIns
               BUNDLE_PRIVATE_HEADERS_FOLDER_PATH = PrivateHeaders
               BUNDLE_PUBLIC_HEADERS_FOLDER_PATH = Headers
               CACHE_ROOT = /var/folders/pg/x6t89f2n7s7299rcw8hv33180000gn/C/com.apple.DeveloperTools/26.5-17F42/Xcode
               CCHROOT = /var/folders/pg/x6t89f2n7s7299rcw8hv33180000gn/C/com.apple.DeveloperTools/26.5-17F42/Xcode
               CHMOD = /bin/chmod
               CHOWN = chown
               CLANG_ANALYZER_LOCALIZABILITY_NONLOCALIZED = YES
               CLANG_ANALYZER_NONNULL = YES
               CLANG_ANALYZER_NUMBER_OBJECT_CONVERSION = YES_AGGRESSIVE
               CLANG_CACHE_FINE_GRAINED_OUTPUTS = YES
               CLANG_CXX_LANGUAGE_STANDARD = gnu++14
               CLANG_CXX_LIBRARY = libc++
               CLANG_ENABLE_EXPLICIT_MODULES = YES
               CLANG_ENABLE_MODULES = YES
               CLANG_ENABLE_OBJC_ARC = YES
               CLANG_ENABLE_OBJC_WEAK = YES
               CLANG_MODULES_BUILD_SESSION_FILE = /var/folders/pg/x6t89f2n7s7299rcw8hv33180000gn/C/org.llvm.clang/ModuleCache.noindex/Session.modulevalidation
               CLANG_UNDEFINED_BEHAVIOR_SANITIZER_NULLABILITY = YES
               CLANG_WARN_BLOCK_CAPTURE_AUTORELEASING = YES
               CLANG_WARN_BOOL_CONVERSION = YES
               CLANG_WARN_COMMA = YES
               CLANG_WARN_CONSTANT_CONVERSION = YES
               CLANG_WARN_DEPRECATED_OBJC_IMPLEMENTATIONS = YES
               CLANG_WARN_DIRECT_OBJC_ISA_USAGE = YES_ERROR
               CLANG_WARN_DOCUMENTATION_COMMENTS = YES
               CLANG_WARN_EMPTY_BODY = YES
               CLANG_WARN_ENUM_CONVERSION = YES
               CLANG_WARN_INFINITE_RECURSION = YES
               CLANG_WARN_INT_CONVERSION = YES
               CLANG_WARN_NON_LITERAL_NULL_CONVERSION = YES
               CLANG_WARN_OBJC_IMPLICIT_RETAIN_SELF = YES
               CLANG_WARN_OBJC_LITERAL_CONVERSION = YES
               CLANG_WARN_OBJC_ROOT_CLASS = YES_ERROR
               CLANG_WARN_QUOTED_INCLUDE_IN_FRAMEWORK_HEADER = NO
               CLANG_WARN_RANGE_LOOP_ANALYSIS = YES
               CLANG_WARN_STRICT_PROTOTYPES = YES
               CLANG_WARN_SUSPICIOUS_MOVE = YES
               CLANG_WARN_UNGUARDED_AVAILABILITY = YES_AGGRESSIVE
               CLANG_WARN_UNREACHABLE_CODE = YES
               CLANG_WARN__DUPLICATE_METHOD_MATCH = YES
               CLASS_FILE_DIR = /Users/gregoriomorelli/Documents/vibra/build/ios/Pods.build/Release-iphonesimulator/GoogleDataTransport-GoogleDataTransport_Privacy.build/JavaClasses
               CLEAN_PRECOMPS = YES
               CLONE_HEADERS = NO
               CODESIGNING_FOLDER_PATH = /Users/gregoriomorelli/Documents/vibra/build/ios/Release-iphonesimulator/GoogleDataTransport/GoogleDataTransport_Privacy.bundle
               CODE_SIGNING_ALLOWED = NO
               CODE_SIGNING_IDENTITY = -
               CODE_SIGNING_REQUIRED = NO
               CODE_SIGN_CONTEXT_CLASS = XCiPhoneSimulatorCodeSignContext
               CODE_SIGN_IDENTITY = -
               CODE_SIGN_INJECT_BASE_ENTITLEMENTS = YES
               COLOR_DIAGNOSTICS = NO
               COMBINE_HIDPI_IMAGES = NO
               COMPILATION_CACHE_CAS_PATH = /var/folders/pg/x6t89f2n7s7299rcw8hv33180000gn/C/com.apple.DeveloperTools/26.5-17F42/Xcode/CompilationCache.noindex
               COMPILATION_CACHE_KEEP_CAS_DIRECTORY = YES
               COMPILER_INDEX_STORE_ENABLE = Default
               COMPOSITE_SDK_DIRS = /Users/gregoriomorelli/Documents/vibra/build/ios/CompositeSDKs
               COMPRESS_PNG_FILES = YES
               CONFIGURATION = Release
               CONFIGURATION_BUILD_DIR = /Users/gregoriomorelli/Documents/vibra/build/ios/Release-iphonesimulator/GoogleDataTransport
               CONFIGURATION_TEMP_DIR = /Users/gregoriomorelli/Documents/vibra/build/ios/Pods.build/Release-iphonesimulator
               CONTENTS_FOLDER_PATH = GoogleDataTransport_Privacy.bundle
               CONTENTS_FOLDER_PATH_SHALLOW_BUNDLE_NO = GoogleDataTransport_Privacy.bundle/Contents
               CONTENTS_FOLDER_PATH_SHALLOW_BUNDLE_YES = GoogleDataTransport_Privacy.bundle
               COPYING_PRESERVES_HFS_DATA = NO
               COPY_HEADERS_RUN_UNIFDEF = NO
               COPY_PHASE_STRIP = NO
               CORRESPONDING_DEVICE_PLATFORM_DIR = /Applications/Xcode.app/Contents/Developer/Platforms/iPhoneOS.platform
               CORRESPONDING_DEVICE_PLATFORM_NAME = iphoneos
               CORRESPONDING_DEVICE_SDK_DIR = /Applications/Xcode.app/Contents/Developer/Platforms/iPhoneOS.platform/Developer/SDKs/iPhoneOS26.5.sdk
               CORRESPONDING_DEVICE_SDK_NAME = iphoneos26.5
               CP = /bin/cp
               CREATE_INFOPLIST_SECTION_IN_BINARY = NO
               CURRENT_ARCH = undefined_arch
               CURRENT_VARIANT = normal
               DEAD_CODE_STRIPPING = YES
               DEBUGGING_SYMBOLS = YES
               DEBUG_INFORMATION_FORMAT = dwarf-with-dsym
               DEBUG_INFORMATION_VERSION = compiler-default
               DEFAULT_COMPILER = com.apple.compilers.llvm.clang.1_0
               DEFAULT_DEXT_INSTALL_PATH = /System/Library/DriverExtensions
               DEFAULT_KEXT_INSTALL_PATH = /System/Library/Extensions
               DEFINES_MODULE = NO
               DEPLOYMENT_LOCATION = NO
               DEPLOYMENT_POSTPROCESSING = NO
               DEPLOYMENT_TARGET_SETTING_NAME = IPHONEOS_DEPLOYMENT_TARGET
               DEPLOYMENT_TARGET_SUGGESTED_VALUES = 12.0 12.1 12.2 12.3 12.4 13.0 13.1 13.2 13.3 13.4 13.5 13.6 14.0 14.1 14.2 14.3 14.4 14.5 14.6 14.7 15.0 15.1 15.2 15.3 15.4 15.5 15.6 16.0 16.1 16.2 16.3 16.4 16.5 16.6 17.0 17.1 17.2 17.3 17.4 17.5 17.6 18.0 18.1 18.2 18.3 18.4 18.5 18.6 26.0 26.2 26.3 26.4 26.5
               DERIVED_FILES_DIR = /Users/gregoriomorelli/Documents/vibra/build/ios/Pods.build/Release-iphonesimulator/GoogleDataTransport-GoogleDataTransport_Privacy.build/DerivedSources
               DERIVED_FILE_DIR = /Users/gregoriomorelli/Documents/vibra/build/ios/Pods.build/Release-iphonesimulator/GoogleDataTransport-GoogleDataTransport_Privacy.build/DerivedSources
               DERIVED_SOURCES_DIR = /Users/gregoriomorelli/Documents/vibra/build/ios/Pods.build/Release-iphonesimulator/GoogleDataTransport-GoogleDataTransport_Privacy.build/DerivedSources
               DEVELOPER_APPLICATIONS_DIR = /Applications/Xcode.app/Contents/Developer/Applications
               DEVELOPER_BIN_DIR = /Applications/Xcode.app/Contents/Developer/usr/bin
               DEVELOPER_DIR = /Applications/Xcode.app/Contents/Developer
               DEVELOPER_FRAMEWORKS_DIR = /Applications/Xcode.app/Contents/Developer/Library/Frameworks
               DEVELOPER_FRAMEWORKS_DIR_QUOTED = /Applications/Xcode.app/Contents/Developer/Library/Frameworks
               DEVELOPER_LIBRARY_DIR = /Applications/Xcode.app/Contents/Developer/Library
               DEVELOPER_SDK_DIR = /Applications/Xcode.app/Contents/Developer/Platforms/MacOSX.platform/Developer/SDKs
               DEVELOPER_TOOLS_DIR = /Applications/Xcode.app/Contents/Developer/Tools
               DEVELOPER_USR_DIR = /Applications/Xcode.app/Contents/Developer/usr
               DEVELOPMENT_LANGUAGE = en
               DIAGNOSE_MISSING_TARGET_DEPENDENCIES = YES
               DIFF = /usr/bin/diff
               DOCUMENTATION_FOLDER_PATH = GoogleDataTransport_Privacy.bundle/en.lproj/Documentation
               DONT_GENERATE_INFOPLIST_FILE = NO
               DRIVERKIT_DEPLOYMENT_TARGET = 25.5
               DSTROOT = /tmp/Pods.dst
               DT_TOOLCHAIN_DIR = /Applications/Xcode.app/Contents/Developer/Toolchains/XcodeDefault.xctoolchain
               DUMP_DEPENDENCIES = NO
               DUMP_DEPENDENCIES_OUTPUT_PATH = /Users/gregoriomorelli/Documents/vibra/build/ios/Pods.build/Release-iphonesimulator/GoogleDataTransport-GoogleDataTransport_Privacy.build/GoogleDataTransport-GoogleDataTransport_Privacy-BuildDependencyInfo.json
               DWARF_DSYM_FILE_NAME = GoogleDataTransport_Privacy.bundle.dSYM
               DWARF_DSYM_FILE_SHOULD_ACCOMPANY_PRODUCT = NO
               DWARF_DSYM_FOLDER_PATH = /Users/gregoriomorelli/Documents/vibra/build/ios/Release-iphonesimulator/GoogleDataTransport
               DYNAMIC_LIBRARY_EXTENSION = dylib
               EAGER_COMPILATION_ALLOW_SCRIPTS = NO
               EAGER_LINKING = NO
               EFFECTIVE_PLATFORM_NAME = -iphonesimulator
               EFFECTIVE_SWIFT_VERSION = 5
               EMBEDDED_CONTENT_CONTAINS_SWIFT = NO
               EMBED_ASSET_PACKS_IN_PRODUCT_BUNDLE = NO
               ENABLE_APP_SANDBOX = NO
               ENABLE_CODE_COVERAGE = YES
               ENABLE_COHORT_ARCHS = NO
               ENABLE_CPLUSPLUS_BOUNDS_SAFE_BUFFERS = NO
               ENABLE_C_BOUNDS_SAFETY = NO
               ENABLE_DEFAULT_HEADER_SEARCH_PATHS = YES
               ENABLE_DEFAULT_SEARCH_PATHS = YES
               ENABLE_ENHANCED_SECURITY = NO
               ENABLE_HARDENED_RUNTIME = NO
               ENABLE_HEADER_DEPENDENCIES = YES
               ENABLE_INCOMING_NETWORK_CONNECTIONS = NO
               ENABLE_NS_ASSERTIONS = NO
               ENABLE_ON_DEMAND_RESOURCES = NO
               ENABLE_OUTGOING_NETWORK_CONNECTIONS = NO
               ENABLE_POINTER_AUTHENTICATION = NO
               ENABLE_RESOURCE_ACCESS_AUDIO_INPUT = NO
               ENABLE_RESOURCE_ACCESS_BLUETOOTH = NO
               ENABLE_RESOURCE_ACCESS_CALENDARS = NO
               ENABLE_RESOURCE_ACCESS_CAMERA = NO
               ENABLE_RESOURCE_ACCESS_CONTACTS = NO
               ENABLE_RESOURCE_ACCESS_LOCATION = NO
               ENABLE_RESOURCE_ACCESS_PHOTO_LIBRARY = NO
               ENABLE_RESOURCE_ACCESS_PRINTING = NO
               ENABLE_RESOURCE_ACCESS_USB = NO
               ENABLE_SDK_IMPORTS = NO
               ENABLE_SECURITY_COMPILER_WARNINGS = NO
               ENABLE_STRICT_OBJC_MSGSEND = YES
               ENABLE_TESTABILITY = NO
               ENABLE_TESTING_SEARCH_PATHS = NO
               ENABLE_USER_SCRIPT_SANDBOXING = NO
               ENFORCE_VALID_ARCHS = YES
               ENTITLEMENTS_DESTINATION = __entitlements
               ENTITLEMENTS_REQUIRED = NO
               EXCLUDED_INSTALLSRC_SUBDIRECTORY_PATTERNS = .DS_Store .svn .git .hg CVS
               EXCLUDED_RECURSIVE_SEARCH_PATH_SUBDIRECTORIES = *.nib *.lproj *.framework *.gch *.xcode* *.xcassets *.icon (*) .DS_Store CVS .svn .git .hg *.pbproj *.pbxproj
               EXECUTABLES_FOLDER_PATH = GoogleDataTransport_Privacy.bundle/Executables
               EXECUTABLE_FOLDER_PATH = GoogleDataTransport_Privacy.bundle
               EXECUTABLE_FOLDER_PATH_SHALLOW_BUNDLE_NO = GoogleDataTransport_Privacy.bundle/MacOS
               EXECUTABLE_FOLDER_PATH_SHALLOW_BUNDLE_YES = GoogleDataTransport_Privacy.bundle
               EXECUTABLE_NAME = GoogleDataTransport_Privacy
               EXECUTABLE_PATH = GoogleDataTransport_Privacy.bundle/GoogleDataTransport_Privacy
               EXPANDED_CODE_SIGN_IDENTITY = -
               EXTENSIONS_FOLDER_PATH = GoogleDataTransport_Privacy.bundle/Extensions
               FILE_LIST = /Users/gregoriomorelli/Documents/vibra/build/ios/Pods.build/Release-iphonesimulator/GoogleDataTransport-GoogleDataTransport_Privacy.build/Objects/LinkFileList
               FIXED_FILES_DIR = /Users/gregoriomorelli/Documents/vibra/build/ios/Pods.build/Release-iphonesimulator/GoogleDataTransport-GoogleDataTransport_Privacy.build/FixedFiles
               FRAMEWORKS_FOLDER_PATH = GoogleDataTransport_Privacy.bundle/Frameworks
               FRAMEWORK_FLAG_PREFIX = -framework
               FRAMEWORK_SEARCH_PATHS = /Users/gregoriomorelli/Documents/vibra/build/ios/Release-iphonesimulator/GoogleDataTransport  "/Users/gregoriomorelli/Documents/vibra/build/ios/Release-iphonesimulator/PromisesObjC" "/Users/gregoriomorelli/Documents/vibra/build/ios/Release-iphonesimulator/nanopb"
               FRAMEWORK_VERSION = A
               FULL_PRODUCT_NAME = GoogleDataTransport_Privacy.bundle
               FUSE_BUILD_PHASES = YES
               FUSE_BUILD_SCRIPT_PHASES = NO
               GCC3_VERSION = 3.3
               GCC_C_LANGUAGE_STANDARD = c99
               GCC_INLINES_ARE_PRIVATE_EXTERN = YES
               GCC_NO_COMMON_BLOCKS = YES
               GCC_OBJC_LEGACY_DISPATCH = YES
               GCC_PFE_FILE_C_DIALECTS = c objective-c c++ objective-c++
               GCC_PREPROCESSOR_DEFINITIONS = POD_CONFIGURATION_RELEASE=1  COCOAPODS=1 PB_FIELD_32BIT=1 PB_NO_PACKED_STRUCTS=1 PB_ENABLE_MALLOC=1GDTCOR_VERSION=10.1.0
               GCC_TREAT_WARNINGS_AS_ERRORS = NO
               GCC_VERSION = com.apple.compilers.llvm.clang.1_0
               GCC_VERSION_IDENTIFIER = com_apple_compilers_llvm_clang_1_0
               GCC_WARN_64_TO_32_BIT_CONVERSION = YES
               GCC_WARN_ABOUT_RETURN_TYPE = YES_ERROR
               GCC_WARN_UNDECLARED_SELECTOR = YES
               GCC_WARN_UNINITIALIZED_AUTOS = YES_AGGRESSIVE
               GCC_WARN_UNUSED_FUNCTION = YES
               GCC_WARN_UNUSED_VARIABLE = YES
               GENERATED_MODULEMAP_DIR = /Users/gregoriomorelli/Documents/vibra/build/ios/GeneratedModuleMaps-iphonesimulator
               GENERATE_INFOPLIST_FILE = NO
               GENERATE_INTERMEDIATE_TEXT_BASED_STUBS = YES
               GENERATE_PKGINFO_FILE = NO
               GENERATE_PRELINK_OBJECT_FILE = NO
               GENERATE_PROFILING_CODE = NO
               GENERATE_TEXT_BASED_STUBS = NO
               GID = 20
               GROUP = staff
               HEADERMAP_INCLUDES_FLAT_ENTRIES_FOR_TARGET_BEING_BUILT = YES
               HEADERMAP_INCLUDES_FRAMEWORK_ENTRIES_FOR_ALL_PRODUCT_TYPES = YES
               HEADERMAP_INCLUDES_FRAMEWORK_ENTRIES_FOR_TARGETS_NOT_BEING_BUILT = YES
               HEADERMAP_INCLUDES_NONPUBLIC_NONPRIVATE_HEADERS = YES
               HEADERMAP_INCLUDES_PROJECT_HEADERS = YES
               HEADERMAP_USES_FRAMEWORK_PREFIX_ENTRIES = YES
               HEADERMAP_USES_VFS = NO
               HEADER_SEARCH_PATHS = /Users/gregoriomorelli/Documents/vibra/build/ios/Release-iphonesimulator/GoogleDataTransport/include  "/Users/gregoriomorelli/Documents/vibra/ios/Pods/GoogleDataTransport/"
               HOME = /Users/gregoriomorelli
               HOST_ARCH = arm64
               HOST_PLATFORM = macosx
               IBSC_MODULE = GoogleDataTransport
               ICONV = /usr/bin/iconv
               IMPLICIT_DEPENDENCY_DOMAIN = default
               INDEX_STORE_COMPRESS = NO
               INDEX_STORE_ONLY_PROJECT_FILES = NO
               INFOPLIST_ENABLE_CFBUNDLEICONS_MERGE = YES
               INFOPLIST_EXPAND_BUILD_SETTINGS = YES
               INFOPLIST_FILE = Target Support Files/GoogleDataTransport/ResourceBundle-GoogleDataTransport_Privacy-GoogleDataTransport-Info.plist
               INFOPLIST_OUTPUT_FORMAT = binary
               INFOPLIST_PATH = GoogleDataTransport_Privacy.bundle/Info.plist
               INFOPLIST_PREPROCESS = NO
               INFOSTRINGS_PATH = GoogleDataTransport_Privacy.bundle/en.lproj/InfoPlist.strings
               INLINE_PRIVATE_FRAMEWORKS = NO
               INSTALLAPI_IGNORE_SKIP_INSTALL = YES
               INSTALLHDRS_COPY_PHASE = NO
               INSTALLHDRS_SCRIPT_PHASE = NO
               INSTALL_DIR = /tmp/Pods.dst
               INSTALL_GROUP = staff
               INSTALL_MODE_FLAG = u+w,go-w,a+rX
               INSTALL_OWNER = gregoriomorelli
               INSTALL_ROOT = /tmp/Pods.dst
               IPHONEOS_DEPLOYMENT_TARGET = 12.0
               IS_UNOPTIMIZED_BUILD = NO
               JAVAC_DEFAULT_FLAGS = -J-Xms64m -J-XX:NewSize=4M -J-Dfile.encoding=UTF8
               JAVA_APP_STUB = /System/Library/Frameworks/JavaVM.framework/Resources/MacOS/JavaApplicationStub
               JAVA_ARCHIVE_CLASSES = YES
               JAVA_ARCHIVE_TYPE = JAR
               JAVA_COMPILER = /usr/bin/javac
               JAVA_FOLDER_PATH = GoogleDataTransport_Privacy.bundle/Java
               JAVA_FRAMEWORK_RESOURCES_DIRS = Resources
               JAVA_JAR_FLAGS = cv
               JAVA_SOURCE_SUBDIR = .
               JAVA_USE_DEPENDENCIES = YES
               JAVA_ZIP_FLAGS = -urg
               JIKES_DEFAULT_FLAGS = +E +OLDCSO
               KEEP_PRIVATE_EXTERNS = NO
               LD_DEPENDENCY_INFO_FILE = /Users/gregoriomorelli/Documents/vibra/build/ios/Pods.build/Release-iphonesimulator/GoogleDataTransport-GoogleDataTransport_Privacy.build/Objects-normal/undefined_arch/GoogleDataTransport_Privacy_dependency_info.dat
               LD_EXPORT_SYMBOLS = YES
               LD_GENERATE_MAP_FILE = NO
               LD_MAP_FILE_PATH = /Users/gregoriomorelli/Documents/vibra/build/ios/Pods.build/Release-iphonesimulator/GoogleDataTransport-GoogleDataTransport_Privacy.build/GoogleDataTransport_Privacy-LinkMap-normal-undefined_arch.txt
               LD_NO_PIE = NO
               LD_QUOTE_LINKER_ARGUMENTS_FOR_COMPILER_DRIVER = YES
               LD_SHARED_CACHE_ELIGIBLE = Automatic
               LD_WARN_DUPLICATE_LIBRARIES = NO
               LD_WARN_UNUSED_DYLIBS = NO
               LEGACY_DEVELOPER_DIR = /Applications/Xcode.app/Contents/PlugIns/Xcode3Core.ideplugin/Contents/SharedSupport/Developer
               LEX = lex
               LIBRARY_DEXT_INSTALL_PATH = /Library/DriverExtensions
               LIBRARY_FLAG_NOSPACE = YES
               LIBRARY_FLAG_PREFIX = -l
               LIBRARY_KEXT_INSTALL_PATH = /Library/Extensions
               LIBRARY_SEARCH_PATHS = /Users/gregoriomorelli/Documents/vibra/build/ios/Release-iphonesimulator/GoogleDataTransport 
               LINKER_DISPLAYS_MANGLED_NAMES = NO
               LINK_FILE_LIST_normal_arm64 = /Users/gregoriomorelli/Documents/vibra/build/ios/Pods.build/Release-iphonesimulator/GoogleDataTransport-GoogleDataTransport_Privacy.build/Objects-normal/arm64/GoogleDataTransport_Privacy.LinkFileList
               LINK_FILE_LIST_normal_x86_64 = /Users/gregoriomorelli/Documents/vibra/build/ios/Pods.build/Release-iphonesimulator/GoogleDataTransport-GoogleDataTransport_Privacy.build/Objects-normal/x86_64/GoogleDataTransport_Privacy.LinkFileList
               LINK_OBJC_RUNTIME = YES
               LINK_WITH_STANDARD_LIBRARIES = YES
               LLVM_TARGET_TRIPLE_OS_VERSION = ios12.0
               LLVM_TARGET_TRIPLE_SUFFIX = -simulator
               LLVM_TARGET_TRIPLE_VENDOR = apple
               LM_AUX_CONST_METADATA_LIST_PATH_normal_arm64 = /Users/gregoriomorelli/Documents/vibra/build/ios/Pods.build/Release-iphonesimulator/GoogleDataTransport-GoogleDataTransport_Privacy.build/Objects-normal/arm64/GoogleDataTransport_Privacy.SwiftConstValuesFileList
               LM_AUX_CONST_METADATA_LIST_PATH_normal_x86_64 = /Users/gregoriomorelli/Documents/vibra/build/ios/Pods.build/Release-iphonesimulator/GoogleDataTransport-GoogleDataTransport_Privacy.build/Objects-normal/x86_64/GoogleDataTransport_Privacy.SwiftConstValuesFileList
               LOCALIZATION_EXPORT_SUPPORTED = YES
               LOCALIZATION_PREFERS_STRING_CATALOGS = NO
               LOCALIZED_RESOURCES_FOLDER_PATH = GoogleDataTransport_Privacy.bundle/en.lproj
               LOCALIZED_STRING_CODE_COMMENTS = NO
               LOCALIZED_STRING_MACRO_NAMES = NSLocalizedString CFCopyLocalizedString
               LOCALIZED_STRING_SWIFTUI_SUPPORT = YES
               LOCAL_ADMIN_APPS_DIR = /Applications/Utilities
               LOCAL_APPS_DIR = /Applications
               LOCAL_DEVELOPER_DIR = /Library/Developer
               LOCAL_LIBRARY_DIR = /Library
               LOCROOT = /Users/gregoriomorelli/Documents/vibra/ios/Pods
               LOCSYMROOT = /Users/gregoriomorelli/Documents/vibra/ios/Pods
               MACH_O_TYPE = mh_bundle
               MACOSX_DEPLOYMENT_TARGET = 26.5
               MAC_OS_X_PRODUCT_BUILD_VERSION = 25F84
               MAC_OS_X_VERSION_ACTUAL = 260502
               MAC_OS_X_VERSION_MAJOR = 260000
               MAC_OS_X_VERSION_MINOR = 260500
               MAKE_MERGEABLE = NO
               MERGEABLE_LIBRARY = NO
               MERGED_BINARY_TYPE = none
               MERGE_LINKED_LIBRARIES = NO
               METAL_LIBRARY_FILE_BASE = default
               METAL_LIBRARY_OUTPUT_DIR = /Users/gregoriomorelli/Documents/vibra/build/ios/Release-iphonesimulator/GoogleDataTransport/GoogleDataTransport_Privacy.bundle
               MODULES_FOLDER_PATH = GoogleDataTransport_Privacy.bundle/Modules
               MTL_ENABLE_DEBUG_INFO = NO
               MTL_FAST_MATH = YES
               NATIVE_ARCH = arm64
               NATIVE_ARCH_32_BIT = arm
               NATIVE_ARCH_64_BIT = arm64
               NATIVE_ARCH_ACTUAL = arm64
               NO_COMMON = YES
               OBJC_ABI_VERSION = 2
               OBJECT_FILE_DIR = /Users/gregoriomorelli/Documents/vibra/build/ios/Pods.build/Release-iphonesimulator/GoogleDataTransport-GoogleDataTransport_Privacy.build/Objects
               OBJECT_FILE_DIR_normal = /Users/gregoriomorelli/Documents/vibra/build/ios/Pods.build/Release-iphonesimulator/GoogleDataTransport-GoogleDataTransport_Privacy.build/Objects-normal
               OBJROOT = /Users/gregoriomorelli/Documents/vibra/build/ios
               ONLY_ACTIVE_ARCH = NO
               OS = MACOS
               OSAC = /usr/bin/osacompile
               OTHER_LDFLAGS =  -l"z" -framework "CoreTelephony" -framework "FBLPromises" -framework "SystemConfiguration" -framework "nanopb"
               PACKAGE_TYPE = com.apple.package-type.wrapper
               PASCAL_STRINGS = YES
               PATH = /Applications/Xcode.app/Contents/SharedFrameworks/SwiftBuild.framework/Versions/A/PlugIns/SWBBuildService.bundle/Contents/PlugIns/SWBUniversalPlatformPlugin.bundle/Contents/Frameworks/SWBUniversalPlatform.framework/Resources:/Applications/Xcode.app/Contents/Developer/Toolchains/XcodeDefault.xctoolchain/usr/bin:/Applications/Xcode.app/Contents/Developer/Toolchains/XcodeDefault.xctoolchain/usr/local/bin:/Applications/Xcode.app/Contents/Developer/Toolchains/XcodeDefault.xctoolchain/usr/libexec:/Applications/Xcode.app/Contents/Developer/Platforms/iPhoneSimulator.platform/usr/bin:/Applications/Xcode.app/Contents/Developer/Platforms/iPhoneSimulator.platform/usr/local/bin:/Applications/Xcode.app/Contents/Developer/Platforms/iPhoneSimulator.platform/Developer/usr/bin:/Applications/Xcode.app/Contents/Developer/Platforms/iPhoneSimulator.platform/Developer/usr/local/bin:/Applications/Xcode.app/Contents/Developer/usr/bin:/Applications/Xcode.app/Contents/Developer/usr/local/bin:/Users/gregoriomorelli/.gemini/antigravity/bin:/Users/gregoriomorelli/Library/Application Support/Antigravity/bin:/opt/homebrew/bin:/opt/homebrew/sbin:/Library/Developer/CommandLineTools/usr/bin:/Users/gregoriomorelli/development/flutter/bin:/Users/gregoriomorelli/Library/Android/sdk/platform-tools:/Users/gregoriomorelli/Library/Android/sdk/cmdline-tools/latest/bin:/Users/gregoriomorelli/Library/Android/sdk/emulator:/Users/gregoriomorelli/.antigravity-ide/antigravity-ide/bin:/Users/gregoriomorelli/.antigravity/antigravity/bin:/Applications/XAMPP/xamppfiles/bin:/Users/gregoriomorelli/develop/flutter/bin:/usr/local/bin:/System/Cryptexes/App/usr/bin:/usr/bin:/bin:/usr/sbin:/sbin:/var/run/com.apple.security.cryptexd/codex.system/bootstrap/usr/local/bin:/var/run/com.apple.security.cryptexd/codex.system/bootstrap/usr/bin:/var/run/com.apple.security.cryptexd/codex.system/bootstrap/usr/appleinternal/bin:/pkg/env/global/bin:/Users/gregoriomorelli/.spicetify
               PATH_PREFIXES_EXCLUDED_FROM_HEADER_DEPENDENCIES = /usr/include /usr/local/include /System/Library/Frameworks /System/Library/PrivateFrameworks /Applications/Xcode.app/Contents/Developer/Headers /Applications/Xcode.app/Contents/Developer/SDKs /Applications/Xcode.app/Contents/Developer/Platforms
               PBDEVELOPMENTPLIST_PATH = GoogleDataTransport_Privacy.bundle/pbdevelopment.plist
               PER_ARCH_MODULE_FILE_DIR = /Users/gregoriomorelli/Documents/vibra/build/ios/Pods.build/Release-iphonesimulator/GoogleDataTransport-GoogleDataTransport_Privacy.build/Objects-normal/undefined_arch
               PER_ARCH_OBJECT_FILE_DIR = /Users/gregoriomorelli/Documents/vibra/build/ios/Pods.build/Release-iphonesimulator/GoogleDataTransport-GoogleDataTransport_Privacy.build/Objects-normal/undefined_arch
               PER_VARIANT_OBJECT_FILE_DIR = /Users/gregoriomorelli/Documents/vibra/build/ios/Pods.build/Release-iphonesimulator/GoogleDataTransport-GoogleDataTransport_Privacy.build/Objects-normal
               PKGINFO_FILE_PATH = /Users/gregoriomorelli/Documents/vibra/build/ios/Pods.build/Release-iphonesimulator/GoogleDataTransport-GoogleDataTransport_Privacy.build/PkgInfo
               PKGINFO_PATH = GoogleDataTransport_Privacy.bundle/PkgInfo
               PLATFORM_DEVELOPER_APPLICATIONS_DIR = /Applications/Xcode.app/Contents/Developer/Platforms/iPhoneSimulator.platform/Developer/Applications
               PLATFORM_DEVELOPER_BIN_DIR = /Applications/Xcode.app/Contents/Developer/Platforms/iPhoneSimulator.platform/Developer/usr/bin
               PLATFORM_DEVELOPER_LIBRARY_DIR = /Applications/Xcode.app/Contents/Developer/Platforms/iPhoneSimulator.platform/Developer/Library
               PLATFORM_DEVELOPER_SDK_DIR = /Applications/Xcode.app/Contents/Developer/Platforms/iPhoneSimulator.platform/Developer/SDKs
               PLATFORM_DEVELOPER_TOOLS_DIR = /Applications/Xcode.app/Contents/Developer/Platforms/iPhoneSimulator.platform/Developer/Tools
               PLATFORM_DEVELOPER_USR_DIR = /Applications/Xcode.app/Contents/Developer/Platforms/iPhoneSimulator.platform/Developer/usr
               PLATFORM_DIR = /Applications/Xcode.app/Contents/Developer/Platforms/iPhoneSimulator.platform
               PLATFORM_DISPLAY_NAME = iOS Simulator
               PLATFORM_FAMILY_NAME = iOS
               PLATFORM_NAME = iphonesimulator
               PLATFORM_PREFERRED_ARCH = x86_64
               PLATFORM_PRODUCT_BUILD_VERSION = 23F73
               PLATFORM_REQUIRES_SWIFT_AUTOLINK_EXTRACT = NO
               PLATFORM_REQUIRES_SWIFT_MODULEWRAP = NO
               PLATFORM_USES_DSYMS = YES
               PLIST_FILE_OUTPUT_FORMAT = binary
               PLUGINS_FOLDER_PATH = GoogleDataTransport_Privacy.bundle/PlugIns
               PODS_BUILD_DIR = /Users/gregoriomorelli/Documents/vibra/build/ios
               PODS_CONFIGURATION_BUILD_DIR = /Users/gregoriomorelli/Documents/vibra/build/ios/Release-iphonesimulator
               PODS_DEVELOPMENT_LANGUAGE = en
               PODS_ROOT = /Users/gregoriomorelli/Documents/vibra/ios/Pods
               PODS_TARGET_SRCROOT = /Users/gregoriomorelli/Documents/vibra/ios/Pods/GoogleDataTransport
               PODS_XCFRAMEWORKS_BUILD_DIR = /Users/gregoriomorelli/Documents/vibra/build/ios/Release-iphonesimulator/XCFrameworkIntermediates
               PRECOMPS_INCLUDE_HEADERS_FROM_BUILT_PRODUCTS_DIR = YES
               PRECOMP_DESTINATION_DIR = /Users/gregoriomorelli/Documents/vibra/build/ios/Pods.build/Release-iphonesimulator/GoogleDataTransport-GoogleDataTransport_Privacy.build/PrefixHeaders
               PRIVATE_HEADERS_FOLDER_PATH = GoogleDataTransport_Privacy.bundle/PrivateHeaders
               PROCESSED_INFOPLIST_PATH = /Users/gregoriomorelli/Documents/vibra/build/ios/Pods.build/Release-iphonesimulator/GoogleDataTransport-GoogleDataTransport_Privacy.build/Objects-normal/undefined_arch/Processed-Info.plist
               PRODUCT_BUNDLE_IDENTIFIER = org.cocoapods.GoogleDataTransport-Privacy
               PRODUCT_BUNDLE_PACKAGE_TYPE = BNDL
               PRODUCT_MODULE_NAME = GoogleDataTransport_Privacy
               PRODUCT_NAME = GoogleDataTransport_Privacy
               PRODUCT_SETTINGS_PATH = /Users/gregoriomorelli/Documents/vibra/ios/Pods/Target Support Files/GoogleDataTransport/ResourceBundle-GoogleDataTransport_Privacy-GoogleDataTransport-Info.plist
               PRODUCT_TYPE = com.apple.product-type.bundle
               PROFILING_CODE = NO
               PROJECT = Pods
               PROJECT_DERIVED_FILE_DIR = /Users/gregoriomorelli/Documents/vibra/build/ios/Pods.build/DerivedSources
               PROJECT_DIR = /Users/gregoriomorelli/Documents/vibra/ios/Pods
               PROJECT_FILE_PATH = /Users/gregoriomorelli/Documents/vibra/ios/Pods/Pods.xcodeproj
               PROJECT_GUID = bfdfe7dc352907fc980b868725387e98
               PROJECT_NAME = Pods
               PROJECT_TEMP_DIR = /Users/gregoriomorelli/Documents/vibra/build/ios/Pods.build
               PROJECT_TEMP_ROOT = /Users/gregoriomorelli/Documents/vibra/build/ios
               PUBLIC_HEADERS_FOLDER_PATH = GoogleDataTransport_Privacy.bundle/Headers
               RECOMMENDED_IPHONEOS_DEPLOYMENT_TARGET = 15.0
               RECURSIVE_SEARCH_PATHS_FOLLOW_SYMLINKS = YES
               REMOVE_CVS_FROM_RESOURCES = YES
               REMOVE_GIT_FROM_RESOURCES = YES
               REMOVE_HEADERS_FROM_EMBEDDED_BUNDLES = YES
               REMOVE_HG_FROM_RESOURCES = YES
               REMOVE_STATIC_EXECUTABLES_FROM_EMBEDDED_BUNDLES = YES
               REMOVE_SVN_FROM_RESOURCES = YES
               RESCHEDULE_INDEPENDENT_HEADERS_PHASES = YES
               REZ_COLLECTOR_DIR = /Users/gregoriomorelli/Documents/vibra/build/ios/Pods.build/Release-iphonesimulator/GoogleDataTransport-GoogleDataTransport_Privacy.build/ResourceManagerResources
               REZ_OBJECTS_DIR = /Users/gregoriomorelli/Documents/vibra/build/ios/Pods.build/Release-iphonesimulator/GoogleDataTransport-GoogleDataTransport_Privacy.build/ResourceManagerResources/Objects
               REZ_SEARCH_PATHS = /Users/gregoriomorelli/Documents/vibra/build/ios/Release-iphonesimulator/GoogleDataTransport 
               RPATH_ORIGIN = @loader_path
               RUNTIME_EXCEPTION_ALLOW_DYLD_ENVIRONMENT_VARIABLES = NO
               RUNTIME_EXCEPTION_ALLOW_JIT = NO
               RUNTIME_EXCEPTION_ALLOW_UNSIGNED_EXECUTABLE_MEMORY = NO
               RUNTIME_EXCEPTION_DEBUGGING_TOOL = NO
               RUNTIME_EXCEPTION_DISABLE_EXECUTABLE_PAGE_PROTECTION = NO
               RUNTIME_EXCEPTION_DISABLE_LIBRARY_VALIDATION = NO
               SCANNING_PCM_KEEP_CACHE_DIRECTORY = YES
               SCAN_ALL_SOURCE_FILES_FOR_INCLUDES = NO
               SCRIPTS_FOLDER_PATH = GoogleDataTransport_Privacy.bundle/Scripts
               SDKROOT = /Applications/Xcode.app/Contents/Developer/Platforms/iPhoneSimulator.platform/Developer/SDKs/iPhoneSimulator26.5.sdk
               SDK_DIR = /Applications/Xcode.app/Contents/Developer/Platforms/iPhoneSimulator.platform/Developer/SDKs/iPhoneSimulator26.5.sdk
               SDK_DIR_iphonesimulator = /Applications/Xcode.app/Contents/Developer/Platforms/iPhoneSimulator.platform/Developer/SDKs/iPhoneSimulator26.5.sdk
               SDK_DIR_iphonesimulator26_5 = /Applications/Xcode.app/Contents/Developer/Platforms/iPhoneSimulator.platform/Developer/SDKs/iPhoneSimulator26.5.sdk
               SDK_NAME = iphonesimulator26.5
               SDK_NAMES = iphonesimulator26.5
               SDK_PRODUCT_BUILD_VERSION = 23F73
               SDK_STAT_CACHE_DIR = /var/folders/pg/x6t89f2n7s7299rcw8hv33180000gn/C/com.apple.DeveloperTools/26.5-17F42/Xcode
               SDK_STAT_CACHE_ENABLE = YES
               SDK_STAT_CACHE_PATH = /var/folders/pg/x6t89f2n7s7299rcw8hv33180000gn/C/com.apple.DeveloperTools/26.5-17F42/Xcode/SDKStatCaches.noindex/iphonesimulator26.5-23F73-6cfe768891a92b912361537c460fe42b.sdkstatcache
               SDK_VERSION = 26.5
               SDK_VERSION_ACTUAL = 260500
               SDK_VERSION_MAJOR = 260000
               SDK_VERSION_MINOR = 260500
               SED = /usr/bin/sed
               SEPARATE_STRIP = NO
               SEPARATE_SYMBOL_EDIT = NO
               SET_DIR_MODE_OWNER_GROUP = YES
               SET_FILE_MODE_OWNER_GROUP = NO
               SHALLOW_BUNDLE = YES
               SHALLOW_BUNDLE_TRIPLE = ios-simulator
               SHALLOW_BUNDLE_ios_macabi = NO
               SHALLOW_BUNDLE_macos = NO
               SHARED_DERIVED_FILE_DIR = /Users/gregoriomorelli/Documents/vibra/build/ios/Release-iphonesimulator/GoogleDataTransport/DerivedSources
               SHARED_FRAMEWORKS_FOLDER_PATH = GoogleDataTransport_Privacy.bundle/SharedFrameworks
               SHARED_PRECOMPS_DIR = /Users/gregoriomorelli/Documents/vibra/build/ios/SharedPrecompiledHeaders
               SHARED_SUPPORT_FOLDER_PATH = GoogleDataTransport_Privacy.bundle/SharedSupport
               SKIP_INSTALL = YES
               SKIP_MERGEABLE_LIBRARY_BUNDLE_HOOK = NO
               SOURCE_ROOT = /Users/gregoriomorelli/Documents/vibra/ios/Pods
               SRCROOT = /Users/gregoriomorelli/Documents/vibra/ios/Pods
               STRINGSDATA_DIR = /Users/gregoriomorelli/Documents/vibra/build/ios/Pods.build/Release-iphonesimulator/GoogleDataTransport-GoogleDataTransport_Privacy.build/Objects-normal/undefined_arch
               STRINGSDATA_ROOT = /Users/gregoriomorelli/Documents/vibra/build/ios/Pods.build/Release-iphonesimulator/GoogleDataTransport-GoogleDataTransport_Privacy.build
               STRINGS_FILE_INFOPLIST_RENAME = YES
               STRINGS_FILE_OUTPUT_ENCODING = binary
               STRING_CATALOG_GENERATE_SYMBOLS = NO
               STRIP_BITCODE_FROM_COPIED_FILES = NO
               STRIP_INSTALLED_PRODUCT = NO
               STRIP_STYLE = non-global
               STRIP_SWIFT_SYMBOLS = YES
               SUPPORTED_DEVICE_FAMILIES = 1,2
               SUPPORTED_PLATFORMS = iphoneos iphonesimulator
               SUPPORTS_TEXT_BASED_API = NO
               SUPPRESS_WARNINGS = NO
               SWIFT_COMPILATION_MODE = wholemodule
               SWIFT_EMIT_CONST_VALUE_PROTOCOLS = AnyResolverProviding AppEntity AppEnum AppExtension AppIntent AppIntentsPackage AppShortcutProviding AppShortcutsProvider AppUnionValue AppUnionValueCasesProviding DynamicOptionsProvider EntityQuery ExtensionPointDefining IntentValueQuery Resolver TransientEntity _AssistantIntentsProvider _GenerativeFunctionExtractable _IntentValueRepresentable
               SWIFT_EMIT_LOC_STRINGS = NO
               SWIFT_ENABLE_EXPLICIT_MODULES = YES
               SWIFT_OPTIMIZATION_LEVEL = -O
               SWIFT_PLATFORM_TARGET_PREFIX = ios
               SWIFT_RESPONSE_FILE_PATH_normal_arm64 = /Users/gregoriomorelli/Documents/vibra/build/ios/Pods.build/Release-iphonesimulator/GoogleDataTransport-GoogleDataTransport_Privacy.build/Objects-normal/arm64/GoogleDataTransport_Privacy.SwiftFileList
               SWIFT_RESPONSE_FILE_PATH_normal_x86_64 = /Users/gregoriomorelli/Documents/vibra/build/ios/Pods.build/Release-iphonesimulator/GoogleDataTransport-GoogleDataTransport_Privacy.build/Objects-normal/x86_64/GoogleDataTransport_Privacy.SwiftFileList
               SWIFT_VERSION = 5.0
               SYMROOT = /Users/gregoriomorelli/Documents/vibra/ios/build
               SYSTEM_ADMIN_APPS_DIR = /Applications/Utilities
               SYSTEM_APPS_DIR = /Applications
               SYSTEM_CORE_SERVICES_DIR = /System/Library/CoreServices
               SYSTEM_DEMOS_DIR = /Applications/Extras
               SYSTEM_DEVELOPER_APPS_DIR = /Applications/Xcode.app/Contents/Developer/Applications
               SYSTEM_DEVELOPER_BIN_DIR = /Applications/Xcode.app/Contents/Developer/usr/bin
               SYSTEM_DEVELOPER_DEMOS_DIR = /Applications/Xcode.app/Contents/Developer/Applications/Utilities/Built Examples
               SYSTEM_DEVELOPER_DIR = /Applications/Xcode.app/Contents/Developer
               SYSTEM_DEVELOPER_DOC_DIR = /Applications/Xcode.app/Contents/Developer/ADC Reference Library
               SYSTEM_DEVELOPER_GRAPHICS_TOOLS_DIR = /Applications/Xcode.app/Contents/Developer/Applications/Graphics Tools
               SYSTEM_DEVELOPER_JAVA_TOOLS_DIR = /Applications/Xcode.app/Contents/Developer/Applications/Java Tools
               SYSTEM_DEVELOPER_PERFORMANCE_TOOLS_DIR = /Applications/Xcode.app/Contents/Developer/Applications/Performance Tools
               SYSTEM_DEVELOPER_RELEASENOTES_DIR = /Applications/Xcode.app/Contents/Developer/ADC Reference Library/releasenotes
               SYSTEM_DEVELOPER_TOOLS = /Applications/Xcode.app/Contents/Developer/Tools
               SYSTEM_DEVELOPER_TOOLS_DOC_DIR = /Applications/Xcode.app/Contents/Developer/ADC Reference Library/documentation/DeveloperTools
               SYSTEM_DEVELOPER_TOOLS_RELEASENOTES_DIR = /Applications/Xcode.app/Contents/Developer/ADC Reference Library/releasenotes/DeveloperTools
               SYSTEM_DEVELOPER_USR_DIR = /Applications/Xcode.app/Contents/Developer/usr
               SYSTEM_DEVELOPER_UTILITIES_DIR = /Applications/Xcode.app/Contents/Developer/Applications/Utilities
               SYSTEM_DEXT_INSTALL_PATH = /System/Library/DriverExtensions
               SYSTEM_DOCUMENTATION_DIR = /Library/Documentation
               SYSTEM_EXTENSIONS_FOLDER_PATH = GoogleDataTransport_Privacy.bundle/SystemExtensions
               SYSTEM_EXTENSIONS_FOLDER_PATH_SHALLOW_BUNDLE_NO = GoogleDataTransport_Privacy.bundle/Library/SystemExtensions
               SYSTEM_EXTENSIONS_FOLDER_PATH_SHALLOW_BUNDLE_YES = GoogleDataTransport_Privacy.bundle/SystemExtensions
               SYSTEM_KEXT_INSTALL_PATH = /System/Library/Extensions
               SYSTEM_LIBRARY_DIR = /System/Library
               TAPI_DEMANGLE = YES
               TAPI_ENABLE_PROJECT_HEADERS = NO
               TAPI_LANGUAGE = objective-c
               TAPI_LANGUAGE_STANDARD = compiler-default
               TAPI_USE_SRCROOT = YES
               TAPI_VERIFY_MODE = Pedantic
               TARGETED_DEVICE_FAMILY = 1,2
               TARGETNAME = GoogleDataTransport-GoogleDataTransport_Privacy
               TARGET_BUILD_DIR = /Users/gregoriomorelli/Documents/vibra/build/ios/Release-iphonesimulator/GoogleDataTransport
               TARGET_NAME = GoogleDataTransport-GoogleDataTransport_Privacy
               TARGET_TEMP_DIR = /Users/gregoriomorelli/Documents/vibra/build/ios/Pods.build/Release-iphonesimulator/GoogleDataTransport-GoogleDataTransport_Privacy.build
               TEMP_DIR = /Users/gregoriomorelli/Documents/vibra/build/ios/Pods.build/Release-iphonesimulator/GoogleDataTransport-GoogleDataTransport_Privacy.build
               TEMP_FILES_DIR = /Users/gregoriomorelli/Documents/vibra/build/ios/Pods.build/Release-iphonesimulator/GoogleDataTransport-GoogleDataTransport_Privacy.build
               TEMP_FILE_DIR = /Users/gregoriomorelli/Documents/vibra/build/ios/Pods.build/Release-iphonesimulator/GoogleDataTransport-GoogleDataTransport_Privacy.build
               TEMP_ROOT = /Users/gregoriomorelli/Documents/vibra/build/ios
               TEMP_SANDBOX_DIR = /Users/gregoriomorelli/Documents/vibra/build/ios/TemporaryTaskSandboxes
               TEST_FRAMEWORK_SEARCH_PATHS =  /Applications/Xcode.app/Contents/Developer/Platforms/iPhoneSimulator.platform/Developer/Library/Frameworks /Applications/Xcode.app/Contents/Developer/Platforms/iPhoneSimulator.platform/Developer/SDKs/iPhoneSimulator26.5.sdk/Developer/Library/Frameworks
               TEST_LIBRARY_SEARCH_PATHS =  /Applications/Xcode.app/Contents/Developer/Platforms/iPhoneSimulator.platform/Developer/usr/lib
               TOOLCHAINS = com.apple.dt.toolchain.XcodeDefault
               TOOLCHAIN_DIR = /Applications/Xcode.app/Contents/Developer/Toolchains/XcodeDefault.xctoolchain
               TREAT_MISSING_BASELINES_AS_TEST_FAILURES = NO
               TREAT_MISSING_SCRIPT_PHASE_OUTPUTS_AS_ERRORS = NO
               TVOS_DEPLOYMENT_TARGET = 26.5
               UID = 501
               UNINSTALLED_PRODUCTS_DIR = /Users/gregoriomorelli/Documents/vibra/build/ios/UninstalledProducts
               UNLOCALIZED_RESOURCES_FOLDER_PATH = GoogleDataTransport_Privacy.bundle
               UNLOCALIZED_RESOURCES_FOLDER_PATH_SHALLOW_BUNDLE_NO = GoogleDataTransport_Privacy.bundle/Resources
               UNLOCALIZED_RESOURCES_FOLDER_PATH_SHALLOW_BUNDLE_YES = GoogleDataTransport_Privacy.bundle
               UNSTRIPPED_PRODUCT = NO
               USER = gregoriomorelli
               USER_APPS_DIR = /Users/gregoriomorelli/Applications
               USER_LIBRARY_DIR = /Users/gregoriomorelli/Library
               USE_DYNAMIC_NO_PIC = YES
               USE_HEADERMAP = YES
               USE_HEADER_SYMLINKS = NO
               USE_RECURSIVE_SCRIPT_INPUTS_IN_SCRIPT_PHASES = YES
               VALIDATE_DEVELOPMENT_ASSET_PATHS = YES_ERROR
               VALIDATE_PRODUCT = NO
               VALID_ARCHS = arm64 x86_64
               VERBOSE_PBXCP = NO
               VERSIONPLIST_PATH = GoogleDataTransport_Privacy.bundle/version.plist
               VERSION_INFO_BUILDER = gregoriomorelli
               VERSION_INFO_FILE = GoogleDataTransport_Privacy_vers.c
               VERSION_INFO_STRING = "@(#)PROGRAM:GoogleDataTransport_Privacy  PROJECT:Pods-"
               WATCHOS_DEPLOYMENT_TARGET = 26.5
               WORKSPACE_DIR = /Users/gregoriomorelli/Documents/vibra/ios/Pods/Pods.xcodeproj
               WRAPPER_EXTENSION = bundle
               WRAPPER_NAME = GoogleDataTransport_Privacy.bundle
               WRAPPER_SUFFIX = .bundle
               WRAP_ASSET_PACKS_IN_SEPARATE_DIRECTORIES = NO
               XCODE_APP_SUPPORT_DIR = /Applications/Xcode.app/Contents/Developer/Library/Xcode
               XCODE_PRODUCT_BUILD_VERSION = 17F42
               XCODE_VERSION_ACTUAL = 2650
               XCODE_VERSION_MAJOR = 2600
               XCODE_VERSION_MINOR = 2650
               XPCSERVICES_FOLDER_PATH = GoogleDataTransport_Privacy.bundle/XPCServices
               XROS_DEPLOYMENT_TARGET = 26.5
               YACC = yacc
               _DISCOVER_COMMAND_LINE_LINKER_INPUTS = YES
               _DISCOVER_COMMAND_LINE_LINKER_INPUTS_INCLUDE_WL = YES
               _LD_MULTIARCH = YES
               _WRAPPER_CONTENTS_DIR_SHALLOW_BUNDLE_NO = /Contents
               _WRAPPER_PARENT_PATH_SHALLOW_BUNDLE_NO = /..
               _WRAPPER_RESOURCES_DIR_SHALLOW_BUNDLE_NO = /Resources
               __DIAGNOSE_DEPRECATED_ARCHS = YES
               __ORIGINAL_SDK_DEFINED_LLVM_TARGET_TRIPLE_SYS = ios
               arch = undefined_arch
               variant = normal

           Build settings for action build and target GoogleUtilities:
               ACTION = build
               AD_HOC_CODE_SIGNING_ALLOWED = YES
               ALLOW_BUILD_REQUEST_OVERRIDES = NO
               ALLOW_TARGET_PLATFORM_SPECIALIZATION = NO
               ALTERNATE_GROUP = staff
               ALTERNATE_MODE = u+w,go-w,a+rX
               ALTERNATE_OWNER = gregoriomorelli
               ALTERNATIVE_DISTRIBUTION_WEB = NO
               ALWAYS_EMBED_SWIFT_STANDARD_LIBRARIES = NO
               ALWAYS_SEARCH_USER_PATHS = NO
               ALWAYS_USE_SEPARATE_HEADERMAPS = NO
               APPLICATION_EXTENSION_API_ONLY = NO
               APPLY_RULES_IN_COPY_FILES = NO
               APPLY_RULES_IN_COPY_HEADERS = NO
               APP_SHORTCUTS_ENABLE_FLEXIBLE_MATCHING = YES
               ARCHS = arm64 x86_64
               ARCHS_BASE = arm64 x86_64
               ARCHS_STANDARD = arm64 x86_64
               ARCHS_STANDARD_32_64_BIT = arm64 x86_64
               ARCHS_STANDARD_64_BIT = arm64 x86_64
               ARCHS_STANDARD_INCLUDING_64_BIT = arm64 x86_64
               ARCHS_UNIVERSAL_IPHONE_OS = arm64 x86_64
               AUTOMATICALLY_MERGE_DEPENDENCIES = NO
               AUTOMATION_APPLE_EVENTS = NO
               AVAILABLE_PLATFORMS = android appletvos appletvsimulator driverkit freebsd iphoneos iphonesimulator linux macosx none openbsd qnx watchos watchsimulator webassembly xros xrsimulator
               BUILD_ACTIVE_RESOURCES_ONLY = NO
               BUILD_COMPONENTS = headers build
               BUILD_DIR = /Users/gregoriomorelli/Documents/vibra/build/ios
               BUILD_LIBRARY_FOR_DISTRIBUTION = NO
               BUILD_ONLY_KNOWN_LOCALIZATIONS = NO
               BUILD_ROOT = /Users/gregoriomorelli/Documents/vibra/ios/build
               BUILD_STYLE = 
               BUILD_VARIANTS = normal
               BUILT_PRODUCTS_DIR = /Users/gregoriomorelli/Documents/vibra/build/ios/Release-iphonesimulator/GoogleUtilities
               BUNDLE_CONTENTS_FOLDER_PATH_deep = Contents/
               BUNDLE_EXECUTABLE_FOLDER_NAME_deep = MacOS
               BUNDLE_EXTENSIONS_FOLDER_PATH = Extensions
               BUNDLE_FORMAT = shallow
               BUNDLE_FRAMEWORKS_FOLDER_PATH = Frameworks
               BUNDLE_PLUGINS_FOLDER_PATH = PlugIns
               BUNDLE_PRIVATE_HEADERS_FOLDER_PATH = PrivateHeaders
               BUNDLE_PUBLIC_HEADERS_FOLDER_PATH = Headers
               CACHE_ROOT = /var/folders/pg/x6t89f2n7s7299rcw8hv33180000gn/C/com.apple.DeveloperTools/26.5-17F42/Xcode
               CCHROOT = /var/folders/pg/x6t89f2n7s7299rcw8hv33180000gn/C/com.apple.DeveloperTools/26.5-17F42/Xcode
               CHMOD = /bin/chmod
               CHOWN = chown
               CLANG_ANALYZER_LOCALIZABILITY_NONLOCALIZED = YES
               CLANG_ANALYZER_NONNULL = YES
               CLANG_ANALYZER_NUMBER_OBJECT_CONVERSION = YES_AGGRESSIVE
               CLANG_CACHE_FINE_GRAINED_OUTPUTS = YES
               CLANG_CXX_LANGUAGE_STANDARD = gnu++14
               CLANG_CXX_LIBRARY = libc++
               CLANG_ENABLE_EXPLICIT_MODULES = YES
               CLANG_ENABLE_MODULES = YES
               CLANG_ENABLE_OBJC_ARC = YES
               CLANG_ENABLE_OBJC_WEAK = NO
               CLANG_MODULES_BUILD_SESSION_FILE = /var/folders/pg/x6t89f2n7s7299rcw8hv33180000gn/C/org.llvm.clang/ModuleCache.noindex/Session.modulevalidation
               CLANG_WARN_BLOCK_CAPTURE_AUTORELEASING = YES
               CLANG_WARN_BOOL_CONVERSION = YES
               CLANG_WARN_COMMA = YES
               CLANG_WARN_CONSTANT_CONVERSION = YES
               CLANG_WARN_DEPRECATED_OBJC_IMPLEMENTATIONS = YES
               CLANG_WARN_DIRECT_OBJC_ISA_USAGE = YES_ERROR
               CLANG_WARN_DOCUMENTATION_COMMENTS = YES
               CLANG_WARN_EMPTY_BODY = YES
               CLANG_WARN_ENUM_CONVERSION = YES
               CLANG_WARN_INFINITE_RECURSION = YES
               CLANG_WARN_INT_CONVERSION = YES
               CLANG_WARN_NON_LITERAL_NULL_CONVERSION = YES
               CLANG_WARN_OBJC_IMPLICIT_RETAIN_SELF = YES
               CLANG_WARN_OBJC_LITERAL_CONVERSION = YES
               CLANG_WARN_OBJC_ROOT_CLASS = YES_ERROR
               CLANG_WARN_QUOTED_INCLUDE_IN_FRAMEWORK_HEADER = NO
               CLANG_WARN_RANGE_LOOP_ANALYSIS = YES
               CLANG_WARN_STRICT_PROTOTYPES = YES
               CLANG_WARN_SUSPICIOUS_MOVE = YES
               CLANG_WARN_UNGUARDED_AVAILABILITY = YES_AGGRESSIVE
               CLANG_WARN_UNREACHABLE_CODE = YES
               CLANG_WARN__DUPLICATE_METHOD_MATCH = YES
               CLASS_FILE_DIR = /Users/gregoriomorelli/Documents/vibra/build/ios/Pods.build/Release-iphonesimulator/GoogleUtilities.build/JavaClasses
               CLEAN_PRECOMPS = YES
               CLONE_HEADERS = NO
               CODESIGNING_FOLDER_PATH = /Users/gregoriomorelli/Documents/vibra/build/ios/Release-iphonesimulator/GoogleUtilities/GoogleUtilities.framework
               CODE_SIGNING_ALLOWED = YES
               CODE_SIGNING_REQUIRED = NO
               CODE_SIGNING_REQUIRES_TEAM = YES
               CODE_SIGN_CONTEXT_CLASS = XCiPhoneSimulatorCodeSignContext
               CODE_SIGN_IDENTITY = -
               CODE_SIGN_INJECT_BASE_ENTITLEMENTS = YES
               COLOR_DIAGNOSTICS = NO
               COMBINE_HIDPI_IMAGES = NO
               COMPILATION_CACHE_CAS_PATH = /var/folders/pg/x6t89f2n7s7299rcw8hv33180000gn/C/com.apple.DeveloperTools/26.5-17F42/Xcode/CompilationCache.noindex
               COMPILATION_CACHE_KEEP_CAS_DIRECTORY = YES
               COMPILER_INDEX_STORE_ENABLE = Default
               COMPOSITE_SDK_DIRS = /Users/gregoriomorelli/Documents/vibra/build/ios/CompositeSDKs
               COMPRESS_PNG_FILES = YES
               CONFIGURATION = Release
               CONFIGURATION_BUILD_DIR = /Users/gregoriomorelli/Documents/vibra/build/ios/Release-iphonesimulator/GoogleUtilities
               CONFIGURATION_TEMP_DIR = /Users/gregoriomorelli/Documents/vibra/build/ios/Pods.build/Release-iphonesimulator
               CONTENTS_FOLDER_PATH = GoogleUtilities.framework
               CONTENTS_FOLDER_PATH_SHALLOW_BUNDLE_NO = GoogleUtilities.framework/A
               CONTENTS_FOLDER_PATH_SHALLOW_BUNDLE_YES = GoogleUtilities.framework
               COPYING_PRESERVES_HFS_DATA = NO
               COPY_HEADERS_RUN_UNIFDEF = NO
               COPY_PHASE_STRIP = NO
               CORRESPONDING_DEVICE_PLATFORM_DIR = /Applications/Xcode.app/Contents/Developer/Platforms/iPhoneOS.platform
               CORRESPONDING_DEVICE_PLATFORM_NAME = iphoneos
               CORRESPONDING_DEVICE_SDK_DIR = /Applications/Xcode.app/Contents/Developer/Platforms/iPhoneOS.platform/Developer/SDKs/iPhoneOS26.5.sdk
               CORRESPONDING_DEVICE_SDK_NAME = iphoneos26.5
               CP = /bin/cp
               CREATE_INFOPLIST_SECTION_IN_BINARY = NO
               CURRENT_ARCH = undefined_arch
               CURRENT_PROJECT_VERSION = 1
               CURRENT_VARIANT = normal
               CURRENT_VERSION = Current
               DEAD_CODE_STRIPPING = YES
               DEBUGGING_SYMBOLS = YES
               DEBUG_INFORMATION_FORMAT = dwarf-with-dsym
               DEBUG_INFORMATION_VERSION = compiler-default
               DEFAULT_COMPILER = com.apple.compilers.llvm.clang.1_0
               DEFAULT_DEXT_INSTALL_PATH = /System/Library/DriverExtensions
               DEFAULT_KEXT_INSTALL_PATH = /System/Library/Extensions
               DEFINES_MODULE = YES
               DEPLOYMENT_LOCATION = NO
               DEPLOYMENT_POSTPROCESSING = NO
               DEPLOYMENT_TARGET_SETTING_NAME = IPHONEOS_DEPLOYMENT_TARGET
               DEPLOYMENT_TARGET_SUGGESTED_VALUES = 12.0 12.1 12.2 12.3 12.4 13.0 13.1 13.2 13.3 13.4 13.5 13.6 14.0 14.1 14.2 14.3 14.4 14.5 14.6 14.7 15.0 15.1 15.2 15.3 15.4 15.5 15.6 16.0 16.1 16.2 16.3 16.4 16.5 16.6 17.0 17.1 17.2 17.3 17.4 17.5 17.6 18.0 18.1 18.2 18.3 18.4 18.5 18.6 26.0 26.2 26.3 26.4 26.5
               DERIVED_FILES_DIR = /Users/gregoriomorelli/Documents/vibra/build/ios/Pods.build/Release-iphonesimulator/GoogleUtilities.build/DerivedSources
               DERIVED_FILE_DIR = /Users/gregoriomorelli/Documents/vibra/build/ios/Pods.build/Release-iphonesimulator/GoogleUtilities.build/DerivedSources
               DERIVED_SOURCES_DIR = /Users/gregoriomorelli/Documents/vibra/build/ios/Pods.build/Release-iphonesimulator/GoogleUtilities.build/DerivedSources
               DEVELOPER_APPLICATIONS_DIR = /Applications/Xcode.app/Contents/Developer/Applications
               DEVELOPER_BIN_DIR = /Applications/Xcode.app/Contents/Developer/usr/bin
               DEVELOPER_DIR = /Applications/Xcode.app/Contents/Developer
               DEVELOPER_FRAMEWORKS_DIR = /Applications/Xcode.app/Contents/Developer/Library/Frameworks
               DEVELOPER_FRAMEWORKS_DIR_QUOTED = /Applications/Xcode.app/Contents/Developer/Library/Frameworks
               DEVELOPER_LIBRARY_DIR = /Applications/Xcode.app/Contents/Developer/Library
               DEVELOPER_SDK_DIR = /Applications/Xcode.app/Contents/Developer/Platforms/MacOSX.platform/Developer/SDKs
               DEVELOPER_TOOLS_DIR = /Applications/Xcode.app/Contents/Developer/Tools
               DEVELOPER_USR_DIR = /Applications/Xcode.app/Contents/Developer/usr
               DEVELOPMENT_LANGUAGE = en
               DIAGNOSE_MISSING_TARGET_DEPENDENCIES = YES
               DIFF = /usr/bin/diff
               DOCUMENTATION_FOLDER_PATH = GoogleUtilities.framework/en.lproj/Documentation
               DONT_GENERATE_INFOPLIST_FILE = NO
               DRIVERKIT_DEPLOYMENT_TARGET = 25.5
               DSTROOT = /tmp/Pods.dst
               DT_TOOLCHAIN_DIR = /Applications/Xcode.app/Contents/Developer/Toolchains/XcodeDefault.xctoolchain
               DUMP_DEPENDENCIES = NO
               DUMP_DEPENDENCIES_OUTPUT_PATH = /Users/gregoriomorelli/Documents/vibra/build/ios/Pods.build/Release-iphonesimulator/GoogleUtilities.build/GoogleUtilities-BuildDependencyInfo.json
               DWARF_DSYM_FILE_NAME = GoogleUtilities.framework.dSYM
               DWARF_DSYM_FILE_SHOULD_ACCOMPANY_PRODUCT = NO
               DWARF_DSYM_FOLDER_PATH = /Users/gregoriomorelli/Documents/vibra/build/ios/Release-iphonesimulator/GoogleUtilities
               DYLIB_COMPATIBILITY_VERSION = 1
               DYLIB_CURRENT_VERSION = 1
               DYLIB_INSTALL_NAME_BASE = @rpath
               DYNAMIC_LIBRARY_EXTENSION = dylib
               EAGER_COMPILATION_ALLOW_SCRIPTS = NO
               EAGER_LINKING = NO
               EFFECTIVE_PLATFORM_NAME = -iphonesimulator
               EFFECTIVE_SWIFT_VERSION = 5
               EMBEDDED_CONTENT_CONTAINS_SWIFT = NO
               EMBED_ASSET_PACKS_IN_PRODUCT_BUNDLE = NO
               ENABLE_APP_SANDBOX = NO
               ENABLE_CODE_COVERAGE = YES
               ENABLE_COHORT_ARCHS = NO
               ENABLE_CPLUSPLUS_BOUNDS_SAFE_BUFFERS = NO
               ENABLE_C_BOUNDS_SAFETY = NO
               ENABLE_DEFAULT_HEADER_SEARCH_PATHS = YES
               ENABLE_DEFAULT_SEARCH_PATHS = YES
               ENABLE_ENHANCED_SECURITY = NO
               ENABLE_HARDENED_RUNTIME = NO
               ENABLE_HEADER_DEPENDENCIES = YES
               ENABLE_INCOMING_NETWORK_CONNECTIONS = NO
               ENABLE_MODULE_VERIFIER = NO
               ENABLE_NS_ASSERTIONS = NO
               ENABLE_ON_DEMAND_RESOURCES = NO
               ENABLE_OUTGOING_NETWORK_CONNECTIONS = NO
               ENABLE_POINTER_AUTHENTICATION = NO
               ENABLE_RESOURCE_ACCESS_AUDIO_INPUT = NO
               ENABLE_RESOURCE_ACCESS_BLUETOOTH = NO
               ENABLE_RESOURCE_ACCESS_CALENDARS = NO
               ENABLE_RESOURCE_ACCESS_CAMERA = NO
               ENABLE_RESOURCE_ACCESS_CONTACTS = NO
               ENABLE_RESOURCE_ACCESS_LOCATION = NO
               ENABLE_RESOURCE_ACCESS_PHOTO_LIBRARY = NO
               ENABLE_RESOURCE_ACCESS_PRINTING = NO
               ENABLE_RESOURCE_ACCESS_USB = NO
               ENABLE_SDK_IMPORTS = NO
               ENABLE_SECURITY_COMPILER_WARNINGS = NO
               ENABLE_STRICT_OBJC_MSGSEND = YES
               ENABLE_TESTABILITY = NO
               ENABLE_TESTING_SEARCH_PATHS = NO
               ENABLE_USER_SCRIPT_SANDBOXING = NO
               ENFORCE_VALID_ARCHS = YES
               ENTITLEMENTS_DESTINATION = __entitlements
               ENTITLEMENTS_REQUIRED = NO
               EXCLUDED_INSTALLSRC_SUBDIRECTORY_PATTERNS = .DS_Store .svn .git .hg CVS
               EXCLUDED_RECURSIVE_SEARCH_PATH_SUBDIRECTORIES = *.nib *.lproj *.framework *.gch *.xcode* *.xcassets *.icon (*) .DS_Store CVS .svn .git .hg *.pbproj *.pbxproj
               EXECUTABLES_FOLDER_PATH = GoogleUtilities.framework/en.lproj
               EXECUTABLE_FOLDER_PATH = GoogleUtilities.framework
               EXECUTABLE_FOLDER_PATH_SHALLOW_BUNDLE_NO = GoogleUtilities.framework
               EXECUTABLE_FOLDER_PATH_SHALLOW_BUNDLE_YES = GoogleUtilities.framework
               EXECUTABLE_NAME = GoogleUtilities
               EXECUTABLE_PATH = GoogleUtilities.framework/GoogleUtilities
               EXTENSIONS_FOLDER_PATH = GoogleUtilities.framework/Extensions
               FILE_LIST = /Users/gregoriomorelli/Documents/vibra/build/ios/Pods.build/Release-iphonesimulator/GoogleUtilities.build/Objects/LinkFileList
               FIXED_FILES_DIR = /Users/gregoriomorelli/Documents/vibra/build/ios/Pods.build/Release-iphonesimulator/GoogleUtilities.build/FixedFiles
               FRAMEWORKS_FOLDER_PATH = GoogleUtilities.framework/Frameworks
               FRAMEWORK_FLAG_PREFIX = -framework
               FRAMEWORK_SEARCH_PATHS = /Users/gregoriomorelli/Documents/vibra/build/ios/Release-iphonesimulator/GoogleUtilities 
               FRAMEWORK_VERSION = A
               FULL_PRODUCT_NAME = GoogleUtilities.framework
               FUSE_BUILD_PHASES = YES
               FUSE_BUILD_SCRIPT_PHASES = NO
               GCC3_VERSION = 3.3
               GCC_C_LANGUAGE_STANDARD = c99
               GCC_INLINES_ARE_PRIVATE_EXTERN = YES
               GCC_NO_COMMON_BLOCKS = YES
               GCC_OBJC_LEGACY_DISPATCH = YES
               GCC_PFE_FILE_C_DIALECTS = c objective-c c++ objective-c++
               GCC_PREPROCESSOR_DEFINITIONS = POD_CONFIGURATION_RELEASE=1  COCOAPODS=1
               GCC_TREAT_WARNINGS_AS_ERRORS = NO
               GCC_VERSION = com.apple.compilers.llvm.clang.1_0
               GCC_VERSION_IDENTIFIER = com_apple_compilers_llvm_clang_1_0
               GCC_WARN_64_TO_32_BIT_CONVERSION = YES
               GCC_WARN_ABOUT_RETURN_TYPE = YES_ERROR
               GCC_WARN_UNDECLARED_SELECTOR = YES
               GCC_WARN_UNINITIALIZED_AUTOS = YES_AGGRESSIVE
               GCC_WARN_UNUSED_FUNCTION = YES
               GCC_WARN_UNUSED_VARIABLE = YES
               GENERATED_MODULEMAP_DIR = /Users/gregoriomorelli/Documents/vibra/build/ios/GeneratedModuleMaps-iphonesimulator
               GENERATE_INFOPLIST_FILE = NO
               GENERATE_INTERMEDIATE_TEXT_BASED_STUBS = YES
               GENERATE_PKGINFO_FILE = NO
               GENERATE_PRELINK_OBJECT_FILE = NO
               GENERATE_PROFILING_CODE = NO
               GENERATE_TEXT_BASED_STUBS = NO
               GID = 20
               GROUP = staff
               HEADERMAP_INCLUDES_FLAT_ENTRIES_FOR_TARGET_BEING_BUILT = YES
               HEADERMAP_INCLUDES_FRAMEWORK_ENTRIES_FOR_ALL_PRODUCT_TYPES = YES
               HEADERMAP_INCLUDES_FRAMEWORK_ENTRIES_FOR_TARGETS_NOT_BEING_BUILT = YES
               HEADERMAP_INCLUDES_NONPUBLIC_NONPRIVATE_HEADERS = YES
               HEADERMAP_INCLUDES_PROJECT_HEADERS = YES
               HEADERMAP_USES_FRAMEWORK_PREFIX_ENTRIES = YES
               HEADERMAP_USES_VFS = YES
               HEADER_SEARCH_PATHS = /Users/gregoriomorelli/Documents/vibra/build/ios/Release-iphonesimulator/GoogleUtilities/include  "/Users/gregoriomorelli/Documents/vibra/ios/Pods/GoogleUtilities"
               HOME = /Users/gregoriomorelli
               HOST_ARCH = arm64
               HOST_PLATFORM = macosx
               ICONV = /usr/bin/iconv
               IMPLICIT_DEPENDENCY_DOMAIN = default
               INDEX_STORE_COMPRESS = NO
               INDEX_STORE_ONLY_PROJECT_FILES = NO
               INFOPLIST_ENABLE_CFBUNDLEICONS_MERGE = YES
               INFOPLIST_EXPAND_BUILD_SETTINGS = YES
               INFOPLIST_FILE = Target Support Files/GoogleUtilities/GoogleUtilities-Info.plist
               INFOPLIST_OUTPUT_FORMAT = binary
               INFOPLIST_PATH = GoogleUtilities.framework/Info.plist
               INFOPLIST_PREPROCESS = NO
               INFOSTRINGS_PATH = GoogleUtilities.framework/en.lproj/InfoPlist.strings
               INLINE_PRIVATE_FRAMEWORKS = NO
               INSTALLAPI_IGNORE_SKIP_INSTALL = YES
               INSTALLHDRS_COPY_PHASE = NO
               INSTALLHDRS_SCRIPT_PHASE = NO
               INSTALL_DIR = /tmp/Pods.dst/Library/Frameworks
               INSTALL_GROUP = staff
               INSTALL_MODE_FLAG = u+w,go-w,a+rX
               INSTALL_OWNER = gregoriomorelli
               INSTALL_PATH = /Library/Frameworks
               INSTALL_ROOT = /tmp/Pods.dst
               IPHONEOS_DEPLOYMENT_TARGET = 12.0
               IS_UNOPTIMIZED_BUILD = NO
               JAVAC_DEFAULT_FLAGS = -J-Xms64m -J-XX:NewSize=4M -J-Dfile.encoding=UTF8
               JAVA_APP_STUB = /System/Library/Frameworks/JavaVM.framework/Resources/MacOS/JavaApplicationStub
               JAVA_ARCHIVE_CLASSES = YES
               JAVA_ARCHIVE_TYPE = JAR
               JAVA_COMPILER = /usr/bin/javac
               JAVA_FOLDER_PATH = GoogleUtilities.framework/Java
               JAVA_FRAMEWORK_RESOURCES_DIRS = Resources
               JAVA_JAR_FLAGS = cv
               JAVA_SOURCE_SUBDIR = .
               JAVA_USE_DEPENDENCIES = YES
               JAVA_ZIP_FLAGS = -urg
               JIKES_DEFAULT_FLAGS = +E +OLDCSO
               KEEP_PRIVATE_EXTERNS = NO
               LD_DEPENDENCY_INFO_FILE = /Users/gregoriomorelli/Documents/vibra/build/ios/Pods.build/Release-iphonesimulator/GoogleUtilities.build/Objects-normal/undefined_arch/GoogleUtilities_dependency_info.dat
               LD_DYLIB_INSTALL_NAME = @rpath/GoogleUtilities.framework/GoogleUtilities
               LD_EXPORT_SYMBOLS = YES
               LD_GENERATE_MAP_FILE = NO
               LD_MAP_FILE_PATH = /Users/gregoriomorelli/Documents/vibra/build/ios/Pods.build/Release-iphonesimulator/GoogleUtilities.build/GoogleUtilities-LinkMap-normal-undefined_arch.txt
               LD_NO_PIE = NO
               LD_QUOTE_LINKER_ARGUMENTS_FOR_COMPILER_DRIVER = YES
               LD_RUNPATH_SEARCH_PATHS =  @executable_path/Frameworks @loader_path/Frameworks
               LD_SHARED_CACHE_ELIGIBLE = Automatic
               LD_WARN_DUPLICATE_LIBRARIES = NO
               LD_WARN_UNUSED_DYLIBS = NO
               LEGACY_DEVELOPER_DIR = /Applications/Xcode.app/Contents/PlugIns/Xcode3Core.ideplugin/Contents/SharedSupport/Developer
               LEX = lex
               LIBRARY_DEXT_INSTALL_PATH = /Library/DriverExtensions
               LIBRARY_FLAG_NOSPACE = YES
               LIBRARY_FLAG_PREFIX = -l
               LIBRARY_KEXT_INSTALL_PATH = /Library/Extensions
               LIBRARY_SEARCH_PATHS = /Users/gregoriomorelli/Documents/vibra/build/ios/Release-iphonesimulator/GoogleUtilities 
               LINKER_DISPLAYS_MANGLED_NAMES = NO
               LINK_FILE_LIST_normal_arm64 = /Users/gregoriomorelli/Documents/vibra/build/ios/Pods.build/Release-iphonesimulator/GoogleUtilities.build/Objects-normal/arm64/GoogleUtilities.LinkFileList
               LINK_FILE_LIST_normal_x86_64 = /Users/gregoriomorelli/Documents/vibra/build/ios/Pods.build/Release-iphonesimulator/GoogleUtilities.build/Objects-normal/x86_64/GoogleUtilities.LinkFileList
               LINK_OBJC_RUNTIME = YES
               LINK_WITH_STANDARD_LIBRARIES = YES
               LLVM_TARGET_TRIPLE_OS_VERSION = ios12.0
               LLVM_TARGET_TRIPLE_SUFFIX = -simulator
               LLVM_TARGET_TRIPLE_VENDOR = apple
               LM_AUX_CONST_METADATA_LIST_PATH_normal_arm64 = /Users/gregoriomorelli/Documents/vibra/build/ios/Pods.build/Release-iphonesimulator/GoogleUtilities.build/Objects-normal/arm64/GoogleUtilities.SwiftConstValuesFileList
               LM_AUX_CONST_METADATA_LIST_PATH_normal_x86_64 = /Users/gregoriomorelli/Documents/vibra/build/ios/Pods.build/Release-iphonesimulator/GoogleUtilities.build/Objects-normal/x86_64/GoogleUtilities.SwiftConstValuesFileList
               LOCALIZATION_EXPORT_SUPPORTED = YES
               LOCALIZATION_PREFERS_STRING_CATALOGS = NO
               LOCALIZED_RESOURCES_FOLDER_PATH = GoogleUtilities.framework/en.lproj
               LOCALIZED_STRING_CODE_COMMENTS = NO
               LOCALIZED_STRING_MACRO_NAMES = NSLocalizedString CFCopyLocalizedString
               LOCALIZED_STRING_SWIFTUI_SUPPORT = YES
               LOCAL_ADMIN_APPS_DIR = /Applications/Utilities
               LOCAL_APPS_DIR = /Applications
               LOCAL_DEVELOPER_DIR = /Library/Developer
               LOCAL_LIBRARY_DIR = /Library
               LOCROOT = /Users/gregoriomorelli/Documents/vibra/ios/Pods
               LOCSYMROOT = /Users/gregoriomorelli/Documents/vibra/ios/Pods
               MACH_O_TYPE = mh_dylib
               MACOSX_DEPLOYMENT_TARGET = 26.5
               MAC_OS_X_PRODUCT_BUILD_VERSION = 25F84
               MAC_OS_X_VERSION_ACTUAL = 260502
               MAC_OS_X_VERSION_MAJOR = 260000
               MAC_OS_X_VERSION_MINOR = 260500
               MAKE_MERGEABLE = NO
               MERGEABLE_LIBRARY = NO
               MERGED_BINARY_TYPE = none
               MERGE_LINKED_LIBRARIES = NO
               METAL_LIBRARY_FILE_BASE = default
               METAL_LIBRARY_OUTPUT_DIR = /Users/gregoriomorelli/Documents/vibra/build/ios/Release-iphonesimulator/GoogleUtilities/GoogleUtilities.framework
               MODULEMAP_FILE = Target Support Files/GoogleUtilities/GoogleUtilities.modulemap
               MODULES_FOLDER_PATH = GoogleUtilities.framework/Modules
               MTL_ENABLE_DEBUG_INFO = NO
               MTL_FAST_MATH = YES
               NATIVE_ARCH = arm64
               NATIVE_ARCH_32_BIT = arm
               NATIVE_ARCH_64_BIT = arm64
               NATIVE_ARCH_ACTUAL = arm64
               NO_COMMON = YES
               OBJC_ABI_VERSION = 2
               OBJECT_FILE_DIR = /Users/gregoriomorelli/Documents/vibra/build/ios/Pods.build/Release-iphonesimulator/GoogleUtilities.build/Objects
               OBJECT_FILE_DIR_normal = /Users/gregoriomorelli/Documents/vibra/build/ios/Pods.build/Release-iphonesimulator/GoogleUtilities.build/Objects-normal
               OBJROOT = /Users/gregoriomorelli/Documents/vibra/build/ios
               ONLY_ACTIVE_ARCH = NO
               OS = MACOS
               OSAC = /usr/bin/osacompile
               OTHER_LDFLAGS =  -l"z" -framework "Security" -framework "SystemConfiguration"
               PACKAGE_TYPE = com.apple.package-type.wrapper.framework
               PASCAL_STRINGS = YES
               PATH = /Applications/Xcode.app/Contents/SharedFrameworks/SwiftBuild.framework/Versions/A/PlugIns/SWBBuildService.bundle/Contents/PlugIns/SWBUniversalPlatformPlugin.bundle/Contents/Frameworks/SWBUniversalPlatform.framework/Resources:/Applications/Xcode.app/Contents/Developer/Toolchains/XcodeDefault.xctoolchain/usr/bin:/Applications/Xcode.app/Contents/Developer/Toolchains/XcodeDefault.xctoolchain/usr/local/bin:/Applications/Xcode.app/Contents/Developer/Toolchains/XcodeDefault.xctoolchain/usr/libexec:/Applications/Xcode.app/Contents/Developer/Platforms/iPhoneSimulator.platform/usr/bin:/Applications/Xcode.app/Contents/Developer/Platforms/iPhoneSimulator.platform/usr/local/bin:/Applications/Xcode.app/Contents/Developer/Platforms/iPhoneSimulator.platform/Developer/usr/bin:/Applications/Xcode.app/Contents/Developer/Platforms/iPhoneSimulator.platform/Developer/usr/local/bin:/Applications/Xcode.app/Contents/Developer/usr/bin:/Applications/Xcode.app/Contents/Developer/usr/local/bin:/Users/gregoriomorelli/.gemini/antigravity/bin:/Users/gregoriomorelli/Library/Application Support/Antigravity/bin:/opt/homebrew/bin:/opt/homebrew/sbin:/Library/Developer/CommandLineTools/usr/bin:/Users/gregoriomorelli/development/flutter/bin:/Users/gregoriomorelli/Library/Android/sdk/platform-tools:/Users/gregoriomorelli/Library/Android/sdk/cmdline-tools/latest/bin:/Users/gregoriomorelli/Library/Android/sdk/emulator:/Users/gregoriomorelli/.antigravity-ide/antigravity-ide/bin:/Users/gregoriomorelli/.antigravity/antigravity/bin:/Applications/XAMPP/xamppfiles/bin:/Users/gregoriomorelli/develop/flutter/bin:/usr/local/bin:/System/Cryptexes/App/usr/bin:/usr/bin:/bin:/usr/sbin:/sbin:/var/run/com.apple.security.cryptexd/codex.system/bootstrap/usr/local/bin:/var/run/com.apple.security.cryptexd/codex.system/bootstrap/usr/bin:/var/run/com.apple.security.cryptexd/codex.system/bootstrap/usr/appleinternal/bin:/pkg/env/global/bin:/Users/gregoriomorelli/.spicetify
               PATH_PREFIXES_EXCLUDED_FROM_HEADER_DEPENDENCIES = /usr/include /usr/local/include /System/Library/Frameworks /System/Library/PrivateFrameworks /Applications/Xcode.app/Contents/Developer/Headers /Applications/Xcode.app/Contents/Developer/SDKs /Applications/Xcode.app/Contents/Developer/Platforms
               PBDEVELOPMENTPLIST_PATH = GoogleUtilities.framework/pbdevelopment.plist
               PER_ARCH_MODULE_FILE_DIR = /Users/gregoriomorelli/Documents/vibra/build/ios/Pods.build/Release-iphonesimulator/GoogleUtilities.build/Objects-normal/undefined_arch
               PER_ARCH_OBJECT_FILE_DIR = /Users/gregoriomorelli/Documents/vibra/build/ios/Pods.build/Release-iphonesimulator/GoogleUtilities.build/Objects-normal/undefined_arch
               PER_VARIANT_OBJECT_FILE_DIR = /Users/gregoriomorelli/Documents/vibra/build/ios/Pods.build/Release-iphonesimulator/GoogleUtilities.build/Objects-normal
               PKGINFO_FILE_PATH = /Users/gregoriomorelli/Documents/vibra/build/ios/Pods.build/Release-iphonesimulator/GoogleUtilities.build/PkgInfo
               PKGINFO_PATH = GoogleUtilities.framework/PkgInfo
               PLATFORM_DEVELOPER_APPLICATIONS_DIR = /Applications/Xcode.app/Contents/Developer/Platforms/iPhoneSimulator.platform/Developer/Applications
               PLATFORM_DEVELOPER_BIN_DIR = /Applications/Xcode.app/Contents/Developer/Platforms/iPhoneSimulator.platform/Developer/usr/bin
               PLATFORM_DEVELOPER_LIBRARY_DIR = /Applications/Xcode.app/Contents/Developer/Platforms/iPhoneSimulator.platform/Developer/Library
               PLATFORM_DEVELOPER_SDK_DIR = /Applications/Xcode.app/Contents/Developer/Platforms/iPhoneSimulator.platform/Developer/SDKs
               PLATFORM_DEVELOPER_TOOLS_DIR = /Applications/Xcode.app/Contents/Developer/Platforms/iPhoneSimulator.platform/Developer/Tools
               PLATFORM_DEVELOPER_USR_DIR = /Applications/Xcode.app/Contents/Developer/Platforms/iPhoneSimulator.platform/Developer/usr
               PLATFORM_DIR = /Applications/Xcode.app/Contents/Developer/Platforms/iPhoneSimulator.platform
               PLATFORM_DISPLAY_NAME = iOS Simulator
               PLATFORM_FAMILY_NAME = iOS
               PLATFORM_NAME = iphonesimulator
               PLATFORM_PREFERRED_ARCH = x86_64
               PLATFORM_PRODUCT_BUILD_VERSION = 23F73
               PLATFORM_REQUIRES_SWIFT_AUTOLINK_EXTRACT = NO
               PLATFORM_REQUIRES_SWIFT_MODULEWRAP = NO
               PLATFORM_USES_DSYMS = YES
               PLIST_FILE_OUTPUT_FORMAT = binary
               PLUGINS_FOLDER_PATH = GoogleUtilities.framework/PlugIns
               PODS_BUILD_DIR = /Users/gregoriomorelli/Documents/vibra/build/ios
               PODS_CONFIGURATION_BUILD_DIR = /Users/gregoriomorelli/Documents/vibra/build/ios/Release-iphonesimulator
               PODS_DEVELOPMENT_LANGUAGE = en
               PODS_ROOT = /Users/gregoriomorelli/Documents/vibra/ios/Pods
               PODS_TARGET_SRCROOT = /Users/gregoriomorelli/Documents/vibra/ios/Pods/GoogleUtilities
               PODS_XCFRAMEWORKS_BUILD_DIR = /Users/gregoriomorelli/Documents/vibra/build/ios/Release-iphonesimulator/XCFrameworkIntermediates
               PRECOMPS_INCLUDE_HEADERS_FROM_BUILT_PRODUCTS_DIR = YES
               PRECOMP_DESTINATION_DIR = /Users/gregoriomorelli/Documents/vibra/build/ios/Pods.build/Release-iphonesimulator/GoogleUtilities.build/PrefixHeaders
               PRIVATE_HEADERS_FOLDER_PATH = GoogleUtilities.framework/PrivateHeaders
               PROCESSED_INFOPLIST_PATH = /Users/gregoriomorelli/Documents/vibra/build/ios/Pods.build/Release-iphonesimulator/GoogleUtilities.build/Objects-normal/undefined_arch/Processed-Info.plist
               PRODUCT_BUNDLE_IDENTIFIER = org.cocoapods.GoogleUtilities
               PRODUCT_BUNDLE_PACKAGE_TYPE = FMWK
               PRODUCT_MODULE_NAME = GoogleUtilities
               PRODUCT_NAME = GoogleUtilities
               PRODUCT_SETTINGS_PATH = /Users/gregoriomorelli/Documents/vibra/ios/Pods/Target Support Files/GoogleUtilities/GoogleUtilities-Info.plist
               PRODUCT_TYPE = com.apple.product-type.framework
               PROFILING_CODE = NO
               PROJECT = Pods
               PROJECT_DERIVED_FILE_DIR = /Users/gregoriomorelli/Documents/vibra/build/ios/Pods.build/DerivedSources
               PROJECT_DIR = /Users/gregoriomorelli/Documents/vibra/ios/Pods
               PROJECT_FILE_PATH = /Users/gregoriomorelli/Documents/vibra/ios/Pods/Pods.xcodeproj
               PROJECT_GUID = bfdfe7dc352907fc980b868725387e98
               PROJECT_NAME = Pods
               PROJECT_TEMP_DIR = /Users/gregoriomorelli/Documents/vibra/build/ios/Pods.build
               PROJECT_TEMP_ROOT = /Users/gregoriomorelli/Documents/vibra/build/ios
               PUBLIC_HEADERS_FOLDER_PATH = GoogleUtilities.framework/Headers
               RECOMMENDED_IPHONEOS_DEPLOYMENT_TARGET = 15.0
               RECURSIVE_SEARCH_PATHS_FOLLOW_SYMLINKS = YES
               REMOVE_CVS_FROM_RESOURCES = YES
               REMOVE_GIT_FROM_RESOURCES = YES
               REMOVE_HEADERS_FROM_EMBEDDED_BUNDLES = YES
               REMOVE_HG_FROM_RESOURCES = YES
               REMOVE_STATIC_EXECUTABLES_FROM_EMBEDDED_BUNDLES = YES
               REMOVE_SVN_FROM_RESOURCES = YES
               RESCHEDULE_INDEPENDENT_HEADERS_PHASES = YES
               REZ_COLLECTOR_DIR = /Users/gregoriomorelli/Documents/vibra/build/ios/Pods.build/Release-iphonesimulator/GoogleUtilities.build/ResourceManagerResources
               REZ_OBJECTS_DIR = /Users/gregoriomorelli/Documents/vibra/build/ios/Pods.build/Release-iphonesimulator/GoogleUtilities.build/ResourceManagerResources/Objects
               REZ_SEARCH_PATHS = /Users/gregoriomorelli/Documents/vibra/build/ios/Release-iphonesimulator/GoogleUtilities 
               RPATH_ORIGIN = @loader_path
               RUNTIME_EXCEPTION_ALLOW_DYLD_ENVIRONMENT_VARIABLES = NO
               RUNTIME_EXCEPTION_ALLOW_JIT = NO
               RUNTIME_EXCEPTION_ALLOW_UNSIGNED_EXECUTABLE_MEMORY = NO
               RUNTIME_EXCEPTION_DEBUGGING_TOOL = NO
               RUNTIME_EXCEPTION_DISABLE_EXECUTABLE_PAGE_PROTECTION = NO
               RUNTIME_EXCEPTION_DISABLE_LIBRARY_VALIDATION = NO
               SCANNING_PCM_KEEP_CACHE_DIRECTORY = YES
               SCAN_ALL_SOURCE_FILES_FOR_INCLUDES = NO
               SCRIPTS_FOLDER_PATH = GoogleUtilities.framework/Scripts
               SDKROOT = /Applications/Xcode.app/Contents/Developer/Platforms/iPhoneSimulator.platform/Developer/SDKs/iPhoneSimulator26.5.sdk
               SDK_DIR = /Applications/Xcode.app/Contents/Developer/Platforms/iPhoneSimulator.platform/Developer/SDKs/iPhoneSimulator26.5.sdk
               SDK_DIR_iphonesimulator = /Applications/Xcode.app/Contents/Developer/Platforms/iPhoneSimulator.platform/Developer/SDKs/iPhoneSimulator26.5.sdk
               SDK_DIR_iphonesimulator26_5 = /Applications/Xcode.app/Contents/Developer/Platforms/iPhoneSimulator.platform/Developer/SDKs/iPhoneSimulator26.5.sdk
               SDK_NAME = iphonesimulator26.5
               SDK_NAMES = iphonesimulator26.5
               SDK_PRODUCT_BUILD_VERSION = 23F73
               SDK_STAT_CACHE_DIR = /var/folders/pg/x6t89f2n7s7299rcw8hv33180000gn/C/com.apple.DeveloperTools/26.5-17F42/Xcode
               SDK_STAT_CACHE_ENABLE = YES
               SDK_STAT_CACHE_PATH = /var/folders/pg/x6t89f2n7s7299rcw8hv33180000gn/C/com.apple.DeveloperTools/26.5-17F42/Xcode/SDKStatCaches.noindex/iphonesimulator26.5-23F73-6cfe768891a92b912361537c460fe42b.sdkstatcache
               SDK_VERSION = 26.5
               SDK_VERSION_ACTUAL = 260500
               SDK_VERSION_MAJOR = 260000
               SDK_VERSION_MINOR = 260500
               SED = /usr/bin/sed
               SEPARATE_STRIP = NO
               SEPARATE_SYMBOL_EDIT = NO
               SET_DIR_MODE_OWNER_GROUP = YES
               SET_FILE_MODE_OWNER_GROUP = NO
               SHALLOW_BUNDLE = YES
               SHALLOW_BUNDLE_TRIPLE = ios-simulator
               SHALLOW_BUNDLE_ios_macabi = NO
               SHALLOW_BUNDLE_macos = NO
               SHARED_DERIVED_FILE_DIR = /Users/gregoriomorelli/Documents/vibra/build/ios/Release-iphonesimulator/GoogleUtilities/DerivedSources
               SHARED_FRAMEWORKS_FOLDER_PATH = GoogleUtilities.framework/SharedFrameworks
               SHARED_PRECOMPS_DIR = /Users/gregoriomorelli/Documents/vibra/build/ios/SharedPrecompiledHeaders
               SHARED_SUPPORT_FOLDER_PATH = GoogleUtilities.framework
               SKIP_INSTALL = YES
               SKIP_MERGEABLE_LIBRARY_BUNDLE_HOOK = NO
               SOURCE_ROOT = /Users/gregoriomorelli/Documents/vibra/ios/Pods
               SRCROOT = /Users/gregoriomorelli/Documents/vibra/ios/Pods
               STRINGSDATA_DIR = /Users/gregoriomorelli/Documents/vibra/build/ios/Pods.build/Release-iphonesimulator/GoogleUtilities.build/Objects-normal/undefined_arch
               STRINGSDATA_ROOT = /Users/gregoriomorelli/Documents/vibra/build/ios/Pods.build/Release-iphonesimulator/GoogleUtilities.build
               STRINGS_FILE_INFOPLIST_RENAME = YES
               STRINGS_FILE_OUTPUT_ENCODING = binary
               STRING_CATALOG_GENERATE_SYMBOLS = NO
               STRIP_BITCODE_FROM_COPIED_FILES = NO
               STRIP_INSTALLED_PRODUCT = NO
               STRIP_STYLE = debugging
               STRIP_SWIFT_SYMBOLS = YES
               SUPPORTED_DEVICE_FAMILIES = 1,2
               SUPPORTED_PLATFORMS = iphoneos iphonesimulator
               SUPPORTS_TEXT_BASED_API = NO
               SUPPRESS_WARNINGS = NO
               SWIFT_ACTIVE_COMPILATION_CONDITIONS =  
               SWIFT_COMPILATION_MODE = wholemodule
               SWIFT_EMIT_CONST_VALUE_PROTOCOLS = AnyResolverProviding AppEntity AppEnum AppExtension AppIntent AppIntentsPackage AppShortcutProviding AppShortcutsProvider AppUnionValue AppUnionValueCasesProviding DynamicOptionsProvider EntityQuery ExtensionPointDefining IntentValueQuery Resolver TransientEntity _AssistantIntentsProvider _GenerativeFunctionExtractable _IntentValueRepresentable
               SWIFT_EMIT_LOC_STRINGS = NO
               SWIFT_ENABLE_EXPLICIT_MODULES = YES
               SWIFT_INSTALL_MODULE_FOR_DEPLOYMENT = YES
               SWIFT_INSTALL_OBJC_HEADER = YES
               SWIFT_OPTIMIZATION_LEVEL = -O
               SWIFT_PLATFORM_TARGET_PREFIX = ios
               SWIFT_RESPONSE_FILE_PATH_normal_arm64 = /Users/gregoriomorelli/Documents/vibra/build/ios/Pods.build/Release-iphonesimulator/GoogleUtilities.build/Objects-normal/arm64/GoogleUtilities.SwiftFileList
               SWIFT_RESPONSE_FILE_PATH_normal_x86_64 = /Users/gregoriomorelli/Documents/vibra/build/ios/Pods.build/Release-iphonesimulator/GoogleUtilities.build/Objects-normal/x86_64/GoogleUtilities.SwiftFileList
               SWIFT_VERSION = 5.0
               SYMROOT = /Users/gregoriomorelli/Documents/vibra/ios/build
               SYSTEM_ADMIN_APPS_DIR = /Applications/Utilities
               SYSTEM_APPS_DIR = /Applications
               SYSTEM_CORE_SERVICES_DIR = /System/Library/CoreServices
               SYSTEM_DEMOS_DIR = /Applications/Extras
               SYSTEM_DEVELOPER_APPS_DIR = /Applications/Xcode.app/Contents/Developer/Applications
               SYSTEM_DEVELOPER_BIN_DIR = /Applications/Xcode.app/Contents/Developer/usr/bin
               SYSTEM_DEVELOPER_DEMOS_DIR = /Applications/Xcode.app/Contents/Developer/Applications/Utilities/Built Examples
               SYSTEM_DEVELOPER_DIR = /Applications/Xcode.app/Contents/Developer
               SYSTEM_DEVELOPER_DOC_DIR = /Applications/Xcode.app/Contents/Developer/ADC Reference Library
               SYSTEM_DEVELOPER_GRAPHICS_TOOLS_DIR = /Applications/Xcode.app/Contents/Developer/Applications/Graphics Tools
               SYSTEM_DEVELOPER_JAVA_TOOLS_DIR = /Applications/Xcode.app/Contents/Developer/Applications/Java Tools
               SYSTEM_DEVELOPER_PERFORMANCE_TOOLS_DIR = /Applications/Xcode.app/Contents/Developer/Applications/Performance Tools
               SYSTEM_DEVELOPER_RELEASENOTES_DIR = /Applications/Xcode.app/Contents/Developer/ADC Reference Library/releasenotes
               SYSTEM_DEVELOPER_TOOLS = /Applications/Xcode.app/Contents/Developer/Tools
               SYSTEM_DEVELOPER_TOOLS_DOC_DIR = /Applications/Xcode.app/Contents/Developer/ADC Reference Library/documentation/DeveloperTools
               SYSTEM_DEVELOPER_TOOLS_RELEASENOTES_DIR = /Applications/Xcode.app/Contents/Developer/ADC Reference Library/releasenotes/DeveloperTools
               SYSTEM_DEVELOPER_USR_DIR = /Applications/Xcode.app/Contents/Developer/usr
               SYSTEM_DEVELOPER_UTILITIES_DIR = /Applications/Xcode.app/Contents/Developer/Applications/Utilities
               SYSTEM_DEXT_INSTALL_PATH = /System/Library/DriverExtensions
               SYSTEM_DOCUMENTATION_DIR = /Library/Documentation
               SYSTEM_EXTENSIONS_FOLDER_PATH = GoogleUtilities.framework/SystemExtensions
               SYSTEM_EXTENSIONS_FOLDER_PATH_SHALLOW_BUNDLE_NO = GoogleUtilities.framework/Library/SystemExtensions
               SYSTEM_EXTENSIONS_FOLDER_PATH_SHALLOW_BUNDLE_YES = GoogleUtilities.framework/SystemExtensions
               SYSTEM_KEXT_INSTALL_PATH = /System/Library/Extensions
               SYSTEM_LIBRARY_DIR = /System/Library
               TAPI_DEMANGLE = YES
               TAPI_ENABLE_PROJECT_HEADERS = NO
               TAPI_LANGUAGE = objective-c
               TAPI_LANGUAGE_STANDARD = compiler-default
               TAPI_USE_SRCROOT = YES
               TAPI_VERIFY_MODE = Pedantic
               TARGETED_DEVICE_FAMILY = 1,2
               TARGETNAME = GoogleUtilities
               TARGET_BUILD_DIR = /Users/gregoriomorelli/Documents/vibra/build/ios/Release-iphonesimulator/GoogleUtilities
               TARGET_NAME = GoogleUtilities
               TARGET_TEMP_DIR = /Users/gregoriomorelli/Documents/vibra/build/ios/Pods.build/Release-iphonesimulator/GoogleUtilities.build
               TEMP_DIR = /Users/gregoriomorelli/Documents/vibra/build/ios/Pods.build/Release-iphonesimulator/GoogleUtilities.build
               TEMP_FILES_DIR = /Users/gregoriomorelli/Documents/vibra/build/ios/Pods.build/Release-iphonesimulator/GoogleUtilities.build
               TEMP_FILE_DIR = /Users/gregoriomorelli/Documents/vibra/build/ios/Pods.build/Release-iphonesimulator/GoogleUtilities.build
               TEMP_ROOT = /Users/gregoriomorelli/Documents/vibra/build/ios
               TEMP_SANDBOX_DIR = /Users/gregoriomorelli/Documents/vibra/build/ios/TemporaryTaskSandboxes
               TEST_FRAMEWORK_SEARCH_PATHS =  /Applications/Xcode.app/Contents/Developer/Platforms/iPhoneSimulator.platform/Developer/Library/Frameworks /Applications/Xcode.app/Contents/Developer/Platforms/iPhoneSimulator.platform/Developer/SDKs/iPhoneSimulator26.5.sdk/Developer/Library/Frameworks
               TEST_LIBRARY_SEARCH_PATHS =  /Applications/Xcode.app/Contents/Developer/Platforms/iPhoneSimulator.platform/Developer/usr/lib
               TOOLCHAINS = com.apple.dt.toolchain.XcodeDefault
               TOOLCHAIN_DIR = /Applications/Xcode.app/Contents/Developer/Toolchains/XcodeDefault.xctoolchain
               TREAT_MISSING_BASELINES_AS_TEST_FAILURES = NO
               TREAT_MISSING_SCRIPT_PHASE_OUTPUTS_AS_ERRORS = NO
               TVOS_DEPLOYMENT_TARGET = 26.5
               UID = 501
               UNINSTALLED_PRODUCTS_DIR = /Users/gregoriomorelli/Documents/vibra/build/ios/UninstalledProducts
               UNLOCALIZED_RESOURCES_FOLDER_PATH = GoogleUtilities.framework
               UNLOCALIZED_RESOURCES_FOLDER_PATH_SHALLOW_BUNDLE_NO = GoogleUtilities.framework/Resources
               UNLOCALIZED_RESOURCES_FOLDER_PATH_SHALLOW_BUNDLE_YES = GoogleUtilities.framework
               UNSTRIPPED_PRODUCT = NO
               USER = gregoriomorelli
               USER_APPS_DIR = /Users/gregoriomorelli/Applications
               USER_LIBRARY_DIR = /Users/gregoriomorelli/Library
               USE_DYNAMIC_NO_PIC = YES
               USE_HEADERMAP = YES
               USE_HEADER_SYMLINKS = NO
               USE_RECURSIVE_SCRIPT_INPUTS_IN_SCRIPT_PHASES = YES
               VALIDATE_DEVELOPMENT_ASSET_PATHS = YES_ERROR
               VALIDATE_PRODUCT = YES
               VALID_ARCHS = arm64 x86_64
               VERBOSE_PBXCP = NO
               VERSIONING_SYSTEM = apple-generic
               VERSIONPLIST_PATH = GoogleUtilities.framework/version.plist
               VERSIONS_FOLDER_PATH = GoogleUtilities.framework
               VERSIONS_FOLDER_PATH_SHALLOW_BUNDLE_NO = GoogleUtilities.framework/Versions
               VERSIONS_FOLDER_PATH_SHALLOW_BUNDLE_YES = GoogleUtilities.framework
               VERSION_INFO_BUILDER = gregoriomorelli
               VERSION_INFO_FILE = GoogleUtilities_vers.c
               VERSION_INFO_STRING = "@(#)PROGRAM:GoogleUtilities  PROJECT:Pods-1"
               WATCHOS_DEPLOYMENT_TARGET = 26.5
               WORKSPACE_DIR = /Users/gregoriomorelli/Documents/vibra/ios/Pods/Pods.xcodeproj
               WRAPPER_EXTENSION = framework
               WRAPPER_NAME = GoogleUtilities.framework
               WRAPPER_SUFFIX = .framework
               WRAP_ASSET_PACKS_IN_SEPARATE_DIRECTORIES = NO
               XCODE_APP_SUPPORT_DIR = /Applications/Xcode.app/Contents/Developer/Library/Xcode
               XCODE_PRODUCT_BUILD_VERSION = 17F42
               XCODE_VERSION_ACTUAL = 2650
               XCODE_VERSION_MAJOR = 2600
               XCODE_VERSION_MINOR = 2650
               XPCSERVICES_FOLDER_PATH = GoogleUtilities.framework/XPCServices
               XROS_DEPLOYMENT_TARGET = 26.5
               YACC = yacc
               _DISCOVER_COMMAND_LINE_LINKER_INPUTS = YES
               _DISCOVER_COMMAND_LINE_LINKER_INPUTS_INCLUDE_WL = YES
               _LD_MULTIARCH = YES
               _WRAPPER_CONTENTS_DIR_SHALLOW_BUNDLE_NO = /Contents
               _WRAPPER_PARENT_PATH_SHALLOW_BUNDLE_NO = /..
               _WRAPPER_RESOURCES_DIR_SHALLOW_BUNDLE_NO = /Resources
               __DIAGNOSE_DEPRECATED_ARCHS = YES
               __ORIGINAL_SDK_DEFINED_LLVM_TARGET_TRIPLE_SYS = ios
               arch = undefined_arch
               variant = normal

           Build settings for action build and target GoogleUtilities-GoogleUtilities_Privacy:
               ACTION = build
               AD_HOC_CODE_SIGNING_ALLOWED = YES
               ALLOW_BUILD_REQUEST_OVERRIDES = NO
               ALLOW_TARGET_PLATFORM_SPECIALIZATION = NO
               ALTERNATE_GROUP = staff
               ALTERNATE_MODE = u+w,go-w,a+rX
               ALTERNATE_OWNER = gregoriomorelli
               ALTERNATIVE_DISTRIBUTION_WEB = NO
               ALWAYS_EMBED_SWIFT_STANDARD_LIBRARIES = NO
               ALWAYS_SEARCH_USER_PATHS = NO
               ALWAYS_USE_SEPARATE_HEADERMAPS = NO
               APPLICATION_EXTENSION_API_ONLY = NO
               APPLY_RULES_IN_COPY_FILES = NO
               APPLY_RULES_IN_COPY_HEADERS = NO
               APP_SHORTCUTS_ENABLE_FLEXIBLE_MATCHING = YES
               ARCHS = arm64 x86_64
               ARCHS_BASE = arm64 x86_64
               ARCHS_STANDARD = arm64 x86_64
               ARCHS_STANDARD_32_64_BIT = arm64 x86_64
               ARCHS_STANDARD_64_BIT = arm64 x86_64
               ARCHS_STANDARD_INCLUDING_64_BIT = arm64 x86_64
               ARCHS_UNIVERSAL_IPHONE_OS = arm64 x86_64
               AUTOMATICALLY_MERGE_DEPENDENCIES = NO
               AUTOMATION_APPLE_EVENTS = NO
               AVAILABLE_PLATFORMS = android appletvos appletvsimulator driverkit freebsd iphoneos iphonesimulator linux macosx none openbsd qnx watchos watchsimulator webassembly xros xrsimulator
               BUILD_ACTIVE_RESOURCES_ONLY = NO
               BUILD_COMPONENTS = headers build
               BUILD_DIR = /Users/gregoriomorelli/Documents/vibra/build/ios
               BUILD_LIBRARY_FOR_DISTRIBUTION = NO
               BUILD_ONLY_KNOWN_LOCALIZATIONS = NO
               BUILD_ROOT = /Users/gregoriomorelli/Documents/vibra/ios/build
               BUILD_STYLE = 
               BUILD_VARIANTS = normal
               BUILT_PRODUCTS_DIR = /Users/gregoriomorelli/Documents/vibra/build/ios/Release-iphonesimulator/GoogleUtilities
               BUNDLE_CONTENTS_FOLDER_PATH_deep = Contents/
               BUNDLE_EXECUTABLE_FOLDER_NAME_deep = MacOS
               BUNDLE_EXTENSIONS_FOLDER_PATH = Extensions
               BUNDLE_FORMAT = shallow
               BUNDLE_FRAMEWORKS_FOLDER_PATH = Frameworks
               BUNDLE_PLUGINS_FOLDER_PATH = PlugIns
               BUNDLE_PRIVATE_HEADERS_FOLDER_PATH = PrivateHeaders
               BUNDLE_PUBLIC_HEADERS_FOLDER_PATH = Headers
               CACHE_ROOT = /var/folders/pg/x6t89f2n7s7299rcw8hv33180000gn/C/com.apple.DeveloperTools/26.5-17F42/Xcode
               CCHROOT = /var/folders/pg/x6t89f2n7s7299rcw8hv33180000gn/C/com.apple.DeveloperTools/26.5-17F42/Xcode
               CHMOD = /bin/chmod
               CHOWN = chown
               CLANG_ANALYZER_LOCALIZABILITY_NONLOCALIZED = YES
               CLANG_ANALYZER_NONNULL = YES
               CLANG_ANALYZER_NUMBER_OBJECT_CONVERSION = YES_AGGRESSIVE
               CLANG_CACHE_FINE_GRAINED_OUTPUTS = YES
               CLANG_CXX_LANGUAGE_STANDARD = gnu++14
               CLANG_CXX_LIBRARY = libc++
               CLANG_ENABLE_EXPLICIT_MODULES = YES
               CLANG_ENABLE_MODULES = YES
               CLANG_ENABLE_OBJC_ARC = YES
               CLANG_ENABLE_OBJC_WEAK = YES
               CLANG_MODULES_BUILD_SESSION_FILE = /var/folders/pg/x6t89f2n7s7299rcw8hv33180000gn/C/org.llvm.clang/ModuleCache.noindex/Session.modulevalidation
               CLANG_WARN_BLOCK_CAPTURE_AUTORELEASING = YES
               CLANG_WARN_BOOL_CONVERSION = YES
               CLANG_WARN_COMMA = YES
               CLANG_WARN_CONSTANT_CONVERSION = YES
               CLANG_WARN_DEPRECATED_OBJC_IMPLEMENTATIONS = YES
               CLANG_WARN_DIRECT_OBJC_ISA_USAGE = YES_ERROR
               CLANG_WARN_DOCUMENTATION_COMMENTS = YES
               CLANG_WARN_EMPTY_BODY = YES
               CLANG_WARN_ENUM_CONVERSION = YES
               CLANG_WARN_INFINITE_RECURSION = YES
               CLANG_WARN_INT_CONVERSION = YES
               CLANG_WARN_NON_LITERAL_NULL_CONVERSION = YES
               CLANG_WARN_OBJC_IMPLICIT_RETAIN_SELF = YES
               CLANG_WARN_OBJC_LITERAL_CONVERSION = YES
               CLANG_WARN_OBJC_ROOT_CLASS = YES_ERROR
               CLANG_WARN_QUOTED_INCLUDE_IN_FRAMEWORK_HEADER = NO
               CLANG_WARN_RANGE_LOOP_ANALYSIS = YES
               CLANG_WARN_STRICT_PROTOTYPES = YES
               CLANG_WARN_SUSPICIOUS_MOVE = YES
               CLANG_WARN_UNGUARDED_AVAILABILITY = YES_AGGRESSIVE
               CLANG_WARN_UNREACHABLE_CODE = YES
               CLANG_WARN__DUPLICATE_METHOD_MATCH = YES
               CLASS_FILE_DIR = /Users/gregoriomorelli/Documents/vibra/build/ios/Pods.build/Release-iphonesimulator/GoogleUtilities-GoogleUtilities_Privacy.build/JavaClasses
               CLEAN_PRECOMPS = YES
               CLONE_HEADERS = NO
               CODESIGNING_FOLDER_PATH = /Users/gregoriomorelli/Documents/vibra/build/ios/Release-iphonesimulator/GoogleUtilities/GoogleUtilities_Privacy.bundle
               CODE_SIGNING_ALLOWED = NO
               CODE_SIGNING_IDENTITY = -
               CODE_SIGNING_REQUIRED = NO
               CODE_SIGN_CONTEXT_CLASS = XCiPhoneSimulatorCodeSignContext
               CODE_SIGN_IDENTITY = -
               CODE_SIGN_INJECT_BASE_ENTITLEMENTS = YES
               COLOR_DIAGNOSTICS = NO
               COMBINE_HIDPI_IMAGES = NO
               COMPILATION_CACHE_CAS_PATH = /var/folders/pg/x6t89f2n7s7299rcw8hv33180000gn/C/com.apple.DeveloperTools/26.5-17F42/Xcode/CompilationCache.noindex
               COMPILATION_CACHE_KEEP_CAS_DIRECTORY = YES
               COMPILER_INDEX_STORE_ENABLE = Default
               COMPOSITE_SDK_DIRS = /Users/gregoriomorelli/Documents/vibra/build/ios/CompositeSDKs
               COMPRESS_PNG_FILES = YES
               CONFIGURATION = Release
               CONFIGURATION_BUILD_DIR = /Users/gregoriomorelli/Documents/vibra/build/ios/Release-iphonesimulator/GoogleUtilities
               CONFIGURATION_TEMP_DIR = /Users/gregoriomorelli/Documents/vibra/build/ios/Pods.build/Release-iphonesimulator
               CONTENTS_FOLDER_PATH = GoogleUtilities_Privacy.bundle
               CONTENTS_FOLDER_PATH_SHALLOW_BUNDLE_NO = GoogleUtilities_Privacy.bundle/Contents
               CONTENTS_FOLDER_PATH_SHALLOW_BUNDLE_YES = GoogleUtilities_Privacy.bundle
               COPYING_PRESERVES_HFS_DATA = NO
               COPY_HEADERS_RUN_UNIFDEF = NO
               COPY_PHASE_STRIP = NO
               CORRESPONDING_DEVICE_PLATFORM_DIR = /Applications/Xcode.app/Contents/Developer/Platforms/iPhoneOS.platform
               CORRESPONDING_DEVICE_PLATFORM_NAME = iphoneos
               CORRESPONDING_DEVICE_SDK_DIR = /Applications/Xcode.app/Contents/Developer/Platforms/iPhoneOS.platform/Developer/SDKs/iPhoneOS26.5.sdk
               CORRESPONDING_DEVICE_SDK_NAME = iphoneos26.5
               CP = /bin/cp
               CREATE_INFOPLIST_SECTION_IN_BINARY = NO
               CURRENT_ARCH = undefined_arch
               CURRENT_VARIANT = normal
               DEAD_CODE_STRIPPING = YES
               DEBUGGING_SYMBOLS = YES
               DEBUG_INFORMATION_FORMAT = dwarf-with-dsym
               DEBUG_INFORMATION_VERSION = compiler-default
               DEFAULT_COMPILER = com.apple.compilers.llvm.clang.1_0
               DEFAULT_DEXT_INSTALL_PATH = /System/Library/DriverExtensions
               DEFAULT_KEXT_INSTALL_PATH = /System/Library/Extensions
               DEFINES_MODULE = NO
               DEPLOYMENT_LOCATION = NO
               DEPLOYMENT_POSTPROCESSING = NO
               DEPLOYMENT_TARGET_SETTING_NAME = IPHONEOS_DEPLOYMENT_TARGET
               DEPLOYMENT_TARGET_SUGGESTED_VALUES = 12.0 12.1 12.2 12.3 12.4 13.0 13.1 13.2 13.3 13.4 13.5 13.6 14.0 14.1 14.2 14.3 14.4 14.5 14.6 14.7 15.0 15.1 15.2 15.3 15.4 15.5 15.6 16.0 16.1 16.2 16.3 16.4 16.5 16.6 17.0 17.1 17.2 17.3 17.4 17.5 17.6 18.0 18.1 18.2 18.3 18.4 18.5 18.6 26.0 26.2 26.3 26.4 26.5
               DERIVED_FILES_DIR = /Users/gregoriomorelli/Documents/vibra/build/ios/Pods.build/Release-iphonesimulator/GoogleUtilities-GoogleUtilities_Privacy.build/DerivedSources
               DERIVED_FILE_DIR = /Users/gregoriomorelli/Documents/vibra/build/ios/Pods.build/Release-iphonesimulator/GoogleUtilities-GoogleUtilities_Privacy.build/DerivedSources
               DERIVED_SOURCES_DIR = /Users/gregoriomorelli/Documents/vibra/build/ios/Pods.build/Release-iphonesimulator/GoogleUtilities-GoogleUtilities_Privacy.build/DerivedSources
               DEVELOPER_APPLICATIONS_DIR = /Applications/Xcode.app/Contents/Developer/Applications
               DEVELOPER_BIN_DIR = /Applications/Xcode.app/Contents/Developer/usr/bin
               DEVELOPER_DIR = /Applications/Xcode.app/Contents/Developer
               DEVELOPER_FRAMEWORKS_DIR = /Applications/Xcode.app/Contents/Developer/Library/Frameworks
               DEVELOPER_FRAMEWORKS_DIR_QUOTED = /Applications/Xcode.app/Contents/Developer/Library/Frameworks
               DEVELOPER_LIBRARY_DIR = /Applications/Xcode.app/Contents/Developer/Library
               DEVELOPER_SDK_DIR = /Applications/Xcode.app/Contents/Developer/Platforms/MacOSX.platform/Developer/SDKs
               DEVELOPER_TOOLS_DIR = /Applications/Xcode.app/Contents/Developer/Tools
               DEVELOPER_USR_DIR = /Applications/Xcode.app/Contents/Developer/usr
               DEVELOPMENT_LANGUAGE = en
               DIAGNOSE_MISSING_TARGET_DEPENDENCIES = YES
               DIFF = /usr/bin/diff
               DOCUMENTATION_FOLDER_PATH = GoogleUtilities_Privacy.bundle/en.lproj/Documentation
               DONT_GENERATE_INFOPLIST_FILE = NO
               DRIVERKIT_DEPLOYMENT_TARGET = 25.5
               DSTROOT = /tmp/Pods.dst
               DT_TOOLCHAIN_DIR = /Applications/Xcode.app/Contents/Developer/Toolchains/XcodeDefault.xctoolchain
               DUMP_DEPENDENCIES = NO
               DUMP_DEPENDENCIES_OUTPUT_PATH = /Users/gregoriomorelli/Documents/vibra/build/ios/Pods.build/Release-iphonesimulator/GoogleUtilities-GoogleUtilities_Privacy.build/GoogleUtilities-GoogleUtilities_Privacy-BuildDependencyInfo.json
               DWARF_DSYM_FILE_NAME = GoogleUtilities_Privacy.bundle.dSYM
               DWARF_DSYM_FILE_SHOULD_ACCOMPANY_PRODUCT = NO
               DWARF_DSYM_FOLDER_PATH = /Users/gregoriomorelli/Documents/vibra/build/ios/Release-iphonesimulator/GoogleUtilities
               DYNAMIC_LIBRARY_EXTENSION = dylib
               EAGER_COMPILATION_ALLOW_SCRIPTS = NO
               EAGER_LINKING = NO
               EFFECTIVE_PLATFORM_NAME = -iphonesimulator
               EFFECTIVE_SWIFT_VERSION = 5
               EMBEDDED_CONTENT_CONTAINS_SWIFT = NO
               EMBED_ASSET_PACKS_IN_PRODUCT_BUNDLE = NO
               ENABLE_APP_SANDBOX = NO
               ENABLE_CODE_COVERAGE = YES
               ENABLE_COHORT_ARCHS = NO
               ENABLE_CPLUSPLUS_BOUNDS_SAFE_BUFFERS = NO
               ENABLE_C_BOUNDS_SAFETY = NO
               ENABLE_DEFAULT_HEADER_SEARCH_PATHS = YES
               ENABLE_DEFAULT_SEARCH_PATHS = YES
               ENABLE_ENHANCED_SECURITY = NO
               ENABLE_HARDENED_RUNTIME = NO
               ENABLE_HEADER_DEPENDENCIES = YES
               ENABLE_INCOMING_NETWORK_CONNECTIONS = NO
               ENABLE_NS_ASSERTIONS = NO
               ENABLE_ON_DEMAND_RESOURCES = NO
               ENABLE_OUTGOING_NETWORK_CONNECTIONS = NO
               ENABLE_POINTER_AUTHENTICATION = NO
               ENABLE_RESOURCE_ACCESS_AUDIO_INPUT = NO
               ENABLE_RESOURCE_ACCESS_BLUETOOTH = NO
               ENABLE_RESOURCE_ACCESS_CALENDARS = NO
               ENABLE_RESOURCE_ACCESS_CAMERA = NO
               ENABLE_RESOURCE_ACCESS_CONTACTS = NO
               ENABLE_RESOURCE_ACCESS_LOCATION = NO
               ENABLE_RESOURCE_ACCESS_PHOTO_LIBRARY = NO
               ENABLE_RESOURCE_ACCESS_PRINTING = NO
               ENABLE_RESOURCE_ACCESS_USB = NO
               ENABLE_SDK_IMPORTS = NO
               ENABLE_SECURITY_COMPILER_WARNINGS = NO
               ENABLE_STRICT_OBJC_MSGSEND = YES
               ENABLE_TESTABILITY = NO
               ENABLE_TESTING_SEARCH_PATHS = NO
               ENABLE_USER_SCRIPT_SANDBOXING = NO
               ENFORCE_VALID_ARCHS = YES
               ENTITLEMENTS_DESTINATION = __entitlements
               ENTITLEMENTS_REQUIRED = NO
               EXCLUDED_INSTALLSRC_SUBDIRECTORY_PATTERNS = .DS_Store .svn .git .hg CVS
               EXCLUDED_RECURSIVE_SEARCH_PATH_SUBDIRECTORIES = *.nib *.lproj *.framework *.gch *.xcode* *.xcassets *.icon (*) .DS_Store CVS .svn .git .hg *.pbproj *.pbxproj
               EXECUTABLES_FOLDER_PATH = GoogleUtilities_Privacy.bundle/Executables
               EXECUTABLE_FOLDER_PATH = GoogleUtilities_Privacy.bundle
               EXECUTABLE_FOLDER_PATH_SHALLOW_BUNDLE_NO = GoogleUtilities_Privacy.bundle/MacOS
               EXECUTABLE_FOLDER_PATH_SHALLOW_BUNDLE_YES = GoogleUtilities_Privacy.bundle
               EXECUTABLE_NAME = GoogleUtilities_Privacy
               EXECUTABLE_PATH = GoogleUtilities_Privacy.bundle/GoogleUtilities_Privacy
               EXPANDED_CODE_SIGN_IDENTITY = -
               EXTENSIONS_FOLDER_PATH = GoogleUtilities_Privacy.bundle/Extensions
               FILE_LIST = /Users/gregoriomorelli/Documents/vibra/build/ios/Pods.build/Release-iphonesimulator/GoogleUtilities-GoogleUtilities_Privacy.build/Objects/LinkFileList
               FIXED_FILES_DIR = /Users/gregoriomorelli/Documents/vibra/build/ios/Pods.build/Release-iphonesimulator/GoogleUtilities-GoogleUtilities_Privacy.build/FixedFiles
               FRAMEWORKS_FOLDER_PATH = GoogleUtilities_Privacy.bundle/Frameworks
               FRAMEWORK_FLAG_PREFIX = -framework
               FRAMEWORK_SEARCH_PATHS = /Users/gregoriomorelli/Documents/vibra/build/ios/Release-iphonesimulator/GoogleUtilities 
               FRAMEWORK_VERSION = A
               FULL_PRODUCT_NAME = GoogleUtilities_Privacy.bundle
               FUSE_BUILD_PHASES = YES
               FUSE_BUILD_SCRIPT_PHASES = NO
               GCC3_VERSION = 3.3
               GCC_C_LANGUAGE_STANDARD = c99
               GCC_INLINES_ARE_PRIVATE_EXTERN = YES
               GCC_NO_COMMON_BLOCKS = YES
               GCC_OBJC_LEGACY_DISPATCH = YES
               GCC_PFE_FILE_C_DIALECTS = c objective-c c++ objective-c++
               GCC_PREPROCESSOR_DEFINITIONS = POD_CONFIGURATION_RELEASE=1  COCOAPODS=1
               GCC_TREAT_WARNINGS_AS_ERRORS = NO
               GCC_VERSION = com.apple.compilers.llvm.clang.1_0
               GCC_VERSION_IDENTIFIER = com_apple_compilers_llvm_clang_1_0
               GCC_WARN_64_TO_32_BIT_CONVERSION = YES
               GCC_WARN_ABOUT_RETURN_TYPE = YES_ERROR
               GCC_WARN_UNDECLARED_SELECTOR = YES
               GCC_WARN_UNINITIALIZED_AUTOS = YES_AGGRESSIVE
               GCC_WARN_UNUSED_FUNCTION = YES
               GCC_WARN_UNUSED_VARIABLE = YES
               GENERATED_MODULEMAP_DIR = /Users/gregoriomorelli/Documents/vibra/build/ios/GeneratedModuleMaps-iphonesimulator
               GENERATE_INFOPLIST_FILE = NO
               GENERATE_INTERMEDIATE_TEXT_BASED_STUBS = YES
               GENERATE_PKGINFO_FILE = NO
               GENERATE_PRELINK_OBJECT_FILE = NO
               GENERATE_PROFILING_CODE = NO
               GENERATE_TEXT_BASED_STUBS = NO
               GID = 20
               GROUP = staff
               HEADERMAP_INCLUDES_FLAT_ENTRIES_FOR_TARGET_BEING_BUILT = YES
               HEADERMAP_INCLUDES_FRAMEWORK_ENTRIES_FOR_ALL_PRODUCT_TYPES = YES
               HEADERMAP_INCLUDES_FRAMEWORK_ENTRIES_FOR_TARGETS_NOT_BEING_BUILT = YES
               HEADERMAP_INCLUDES_NONPUBLIC_NONPRIVATE_HEADERS = YES
               HEADERMAP_INCLUDES_PROJECT_HEADERS = YES
               HEADERMAP_USES_FRAMEWORK_PREFIX_ENTRIES = YES
               HEADERMAP_USES_VFS = NO
               HEADER_SEARCH_PATHS = /Users/gregoriomorelli/Documents/vibra/build/ios/Release-iphonesimulator/GoogleUtilities/include  "/Users/gregoriomorelli/Documents/vibra/ios/Pods/GoogleUtilities"
               HOME = /Users/gregoriomorelli
               HOST_ARCH = arm64
               HOST_PLATFORM = macosx
               IBSC_MODULE = GoogleUtilities
               ICONV = /usr/bin/iconv
               IMPLICIT_DEPENDENCY_DOMAIN = default
               INDEX_STORE_COMPRESS = NO
               INDEX_STORE_ONLY_PROJECT_FILES = NO
               INFOPLIST_ENABLE_CFBUNDLEICONS_MERGE = YES
               INFOPLIST_EXPAND_BUILD_SETTINGS = YES
               INFOPLIST_FILE = Target Support Files/GoogleUtilities/ResourceBundle-GoogleUtilities_Privacy-GoogleUtilities-Info.plist
               INFOPLIST_OUTPUT_FORMAT = binary
               INFOPLIST_PATH = GoogleUtilities_Privacy.bundle/Info.plist
               INFOPLIST_PREPROCESS = NO
               INFOSTRINGS_PATH = GoogleUtilities_Privacy.bundle/en.lproj/InfoPlist.strings
               INLINE_PRIVATE_FRAMEWORKS = NO
               INSTALLAPI_IGNORE_SKIP_INSTALL = YES
               INSTALLHDRS_COPY_PHASE = NO
               INSTALLHDRS_SCRIPT_PHASE = NO
               INSTALL_DIR = /tmp/Pods.dst
               INSTALL_GROUP = staff
               INSTALL_MODE_FLAG = u+w,go-w,a+rX
               INSTALL_OWNER = gregoriomorelli
               INSTALL_ROOT = /tmp/Pods.dst
               IPHONEOS_DEPLOYMENT_TARGET = 12.0
               IS_UNOPTIMIZED_BUILD = NO
               JAVAC_DEFAULT_FLAGS = -J-Xms64m -J-XX:NewSize=4M -J-Dfile.encoding=UTF8
               JAVA_APP_STUB = /System/Library/Frameworks/JavaVM.framework/Resources/MacOS/JavaApplicationStub
               JAVA_ARCHIVE_CLASSES = YES
               JAVA_ARCHIVE_TYPE = JAR
               JAVA_COMPILER = /usr/bin/javac
               JAVA_FOLDER_PATH = GoogleUtilities_Privacy.bundle/Java
               JAVA_FRAMEWORK_RESOURCES_DIRS = Resources
               JAVA_JAR_FLAGS = cv
               JAVA_SOURCE_SUBDIR = .
               JAVA_USE_DEPENDENCIES = YES
               JAVA_ZIP_FLAGS = -urg
               JIKES_DEFAULT_FLAGS = +E +OLDCSO
               KEEP_PRIVATE_EXTERNS = NO
               LD_DEPENDENCY_INFO_FILE = /Users/gregoriomorelli/Documents/vibra/build/ios/Pods.build/Release-iphonesimulator/GoogleUtilities-GoogleUtilities_Privacy.build/Objects-normal/undefined_arch/GoogleUtilities_Privacy_dependency_info.dat
               LD_EXPORT_SYMBOLS = YES
               LD_GENERATE_MAP_FILE = NO
               LD_MAP_FILE_PATH = /Users/gregoriomorelli/Documents/vibra/build/ios/Pods.build/Release-iphonesimulator/GoogleUtilities-GoogleUtilities_Privacy.build/GoogleUtilities_Privacy-LinkMap-normal-undefined_arch.txt
               LD_NO_PIE = NO
               LD_QUOTE_LINKER_ARGUMENTS_FOR_COMPILER_DRIVER = YES
               LD_SHARED_CACHE_ELIGIBLE = Automatic
               LD_WARN_DUPLICATE_LIBRARIES = NO
               LD_WARN_UNUSED_DYLIBS = NO
               LEGACY_DEVELOPER_DIR = /Applications/Xcode.app/Contents/PlugIns/Xcode3Core.ideplugin/Contents/SharedSupport/Developer
               LEX = lex
               LIBRARY_DEXT_INSTALL_PATH = /Library/DriverExtensions
               LIBRARY_FLAG_NOSPACE = YES
               LIBRARY_FLAG_PREFIX = -l
               LIBRARY_KEXT_INSTALL_PATH = /Library/Extensions
               LIBRARY_SEARCH_PATHS = /Users/gregoriomorelli/Documents/vibra/build/ios/Release-iphonesimulator/GoogleUtilities 
               LINKER_DISPLAYS_MANGLED_NAMES = NO
               LINK_FILE_LIST_normal_arm64 = /Users/gregoriomorelli/Documents/vibra/build/ios/Pods.build/Release-iphonesimulator/GoogleUtilities-GoogleUtilities_Privacy.build/Objects-normal/arm64/GoogleUtilities_Privacy.LinkFileList
               LINK_FILE_LIST_normal_x86_64 = /Users/gregoriomorelli/Documents/vibra/build/ios/Pods.build/Release-iphonesimulator/GoogleUtilities-GoogleUtilities_Privacy.build/Objects-normal/x86_64/GoogleUtilities_Privacy.LinkFileList
               LINK_OBJC_RUNTIME = YES
               LINK_WITH_STANDARD_LIBRARIES = YES
               LLVM_TARGET_TRIPLE_OS_VERSION = ios12.0
               LLVM_TARGET_TRIPLE_SUFFIX = -simulator
               LLVM_TARGET_TRIPLE_VENDOR = apple
               LM_AUX_CONST_METADATA_LIST_PATH_normal_arm64 = /Users/gregoriomorelli/Documents/vibra/build/ios/Pods.build/Release-iphonesimulator/GoogleUtilities-GoogleUtilities_Privacy.build/Objects-normal/arm64/GoogleUtilities_Privacy.SwiftConstValuesFileList
               LM_AUX_CONST_METADATA_LIST_PATH_normal_x86_64 = /Users/gregoriomorelli/Documents/vibra/build/ios/Pods.build/Release-iphonesimulator/GoogleUtilities-GoogleUtilities_Privacy.build/Objects-normal/x86_64/GoogleUtilities_Privacy.SwiftConstValuesFileList
               LOCALIZATION_EXPORT_SUPPORTED = YES
               LOCALIZATION_PREFERS_STRING_CATALOGS = NO
               LOCALIZED_RESOURCES_FOLDER_PATH = GoogleUtilities_Privacy.bundle/en.lproj
               LOCALIZED_STRING_CODE_COMMENTS = NO
               LOCALIZED_STRING_MACRO_NAMES = NSLocalizedString CFCopyLocalizedString
               LOCALIZED_STRING_SWIFTUI_SUPPORT = YES
               LOCAL_ADMIN_APPS_DIR = /Applications/Utilities
               LOCAL_APPS_DIR = /Applications
               LOCAL_DEVELOPER_DIR = /Library/Developer
               LOCAL_LIBRARY_DIR = /Library
               LOCROOT = /Users/gregoriomorelli/Documents/vibra/ios/Pods
               LOCSYMROOT = /Users/gregoriomorelli/Documents/vibra/ios/Pods
               MACH_O_TYPE = mh_bundle
               MACOSX_DEPLOYMENT_TARGET = 26.5
               MAC_OS_X_PRODUCT_BUILD_VERSION = 25F84
               MAC_OS_X_VERSION_ACTUAL = 260502
               MAC_OS_X_VERSION_MAJOR = 260000
               MAC_OS_X_VERSION_MINOR = 260500
               MAKE_MERGEABLE = NO
               MERGEABLE_LIBRARY = NO
               MERGED_BINARY_TYPE = none
               MERGE_LINKED_LIBRARIES = NO
               METAL_LIBRARY_FILE_BASE = default
               METAL_LIBRARY_OUTPUT_DIR = /Users/gregoriomorelli/Documents/vibra/build/ios/Release-iphonesimulator/GoogleUtilities/GoogleUtilities_Privacy.bundle
               MODULES_FOLDER_PATH = GoogleUtilities_Privacy.bundle/Modules
               MTL_ENABLE_DEBUG_INFO = NO
               MTL_FAST_MATH = YES
               NATIVE_ARCH = arm64
               NATIVE_ARCH_32_BIT = arm
               NATIVE_ARCH_64_BIT = arm64
               NATIVE_ARCH_ACTUAL = arm64
               NO_COMMON = YES
               OBJC_ABI_VERSION = 2
               OBJECT_FILE_DIR = /Users/gregoriomorelli/Documents/vibra/build/ios/Pods.build/Release-iphonesimulator/GoogleUtilities-GoogleUtilities_Privacy.build/Objects
               OBJECT_FILE_DIR_normal = /Users/gregoriomorelli/Documents/vibra/build/ios/Pods.build/Release-iphonesimulator/GoogleUtilities-GoogleUtilities_Privacy.build/Objects-normal
               OBJROOT = /Users/gregoriomorelli/Documents/vibra/build/ios
               ONLY_ACTIVE_ARCH = NO
               OS = MACOS
               OSAC = /usr/bin/osacompile
               OTHER_LDFLAGS =  -l"z" -framework "Security" -framework "SystemConfiguration"
               PACKAGE_TYPE = com.apple.package-type.wrapper
               PASCAL_STRINGS = YES
               PATH = /Applications/Xcode.app/Contents/SharedFrameworks/SwiftBuild.framework/Versions/A/PlugIns/SWBBuildService.bundle/Contents/PlugIns/SWBUniversalPlatformPlugin.bundle/Contents/Frameworks/SWBUniversalPlatform.framework/Resources:/Applications/Xcode.app/Contents/Developer/Toolchains/XcodeDefault.xctoolchain/usr/bin:/Applications/Xcode.app/Contents/Developer/Toolchains/XcodeDefault.xctoolchain/usr/local/bin:/Applications/Xcode.app/Contents/Developer/Toolchains/XcodeDefault.xctoolchain/usr/libexec:/Applications/Xcode.app/Contents/Developer/Platforms/iPhoneSimulator.platform/usr/bin:/Applications/Xcode.app/Contents/Developer/Platforms/iPhoneSimulator.platform/usr/local/bin:/Applications/Xcode.app/Contents/Developer/Platforms/iPhoneSimulator.platform/Developer/usr/bin:/Applications/Xcode.app/Contents/Developer/Platforms/iPhoneSimulator.platform/Developer/usr/local/bin:/Applications/Xcode.app/Contents/Developer/usr/bin:/Applications/Xcode.app/Contents/Developer/usr/local/bin:/Users/gregoriomorelli/.gemini/antigravity/bin:/Users/gregoriomorelli/Library/Application Support/Antigravity/bin:/opt/homebrew/bin:/opt/homebrew/sbin:/Library/Developer/CommandLineTools/usr/bin:/Users/gregoriomorelli/development/flutter/bin:/Users/gregoriomorelli/Library/Android/sdk/platform-tools:/Users/gregoriomorelli/Library/Android/sdk/cmdline-tools/latest/bin:/Users/gregoriomorelli/Library/Android/sdk/emulator:/Users/gregoriomorelli/.antigravity-ide/antigravity-ide/bin:/Users/gregoriomorelli/.antigravity/antigravity/bin:/Applications/XAMPP/xamppfiles/bin:/Users/gregoriomorelli/develop/flutter/bin:/usr/local/bin:/System/Cryptexes/App/usr/bin:/usr/bin:/bin:/usr/sbin:/sbin:/var/run/com.apple.security.cryptexd/codex.system/bootstrap/usr/local/bin:/var/run/com.apple.security.cryptexd/codex.system/bootstrap/usr/bin:/var/run/com.apple.security.cryptexd/codex.system/bootstrap/usr/appleinternal/bin:/pkg/env/global/bin:/Users/gregoriomorelli/.spicetify
               PATH_PREFIXES_EXCLUDED_FROM_HEADER_DEPENDENCIES = /usr/include /usr/local/include /System/Library/Frameworks /System/Library/PrivateFrameworks /Applications/Xcode.app/Contents/Developer/Headers /Applications/Xcode.app/Contents/Developer/SDKs /Applications/Xcode.app/Contents/Developer/Platforms
               PBDEVELOPMENTPLIST_PATH = GoogleUtilities_Privacy.bundle/pbdevelopment.plist
               PER_ARCH_MODULE_FILE_DIR = /Users/gregoriomorelli/Documents/vibra/build/ios/Pods.build/Release-iphonesimulator/GoogleUtilities-GoogleUtilities_Privacy.build/Objects-normal/undefined_arch
               PER_ARCH_OBJECT_FILE_DIR = /Users/gregoriomorelli/Documents/vibra/build/ios/Pods.build/Release-iphonesimulator/GoogleUtilities-GoogleUtilities_Privacy.build/Objects-normal/undefined_arch
               PER_VARIANT_OBJECT_FILE_DIR = /Users/gregoriomorelli/Documents/vibra/build/ios/Pods.build/Release-iphonesimulator/GoogleUtilities-GoogleUtilities_Privacy.build/Objects-normal
               PKGINFO_FILE_PATH = /Users/gregoriomorelli/Documents/vibra/build/ios/Pods.build/Release-iphonesimulator/GoogleUtilities-GoogleUtilities_Privacy.build/PkgInfo
               PKGINFO_PATH = GoogleUtilities_Privacy.bundle/PkgInfo
               PLATFORM_DEVELOPER_APPLICATIONS_DIR = /Applications/Xcode.app/Contents/Developer/Platforms/iPhoneSimulator.platform/Developer/Applications
               PLATFORM_DEVELOPER_BIN_DIR = /Applications/Xcode.app/Contents/Developer/Platforms/iPhoneSimulator.platform/Developer/usr/bin
               PLATFORM_DEVELOPER_LIBRARY_DIR = /Applications/Xcode.app/Contents/Developer/Platforms/iPhoneSimulator.platform/Developer/Library
               PLATFORM_DEVELOPER_SDK_DIR = /Applications/Xcode.app/Contents/Developer/Platforms/iPhoneSimulator.platform/Developer/SDKs
               PLATFORM_DEVELOPER_TOOLS_DIR = /Applications/Xcode.app/Contents/Developer/Platforms/iPhoneSimulator.platform/Developer/Tools
               PLATFORM_DEVELOPER_USR_DIR = /Applications/Xcode.app/Contents/Developer/Platforms/iPhoneSimulator.platform/Developer/usr
               PLATFORM_DIR = /Applications/Xcode.app/Contents/Developer/Platforms/iPhoneSimulator.platform
               PLATFORM_DISPLAY_NAME = iOS Simulator
               PLATFORM_FAMILY_NAME = iOS
               PLATFORM_NAME = iphonesimulator
               PLATFORM_PREFERRED_ARCH = x86_64
               PLATFORM_PRODUCT_BUILD_VERSION = 23F73
               PLATFORM_REQUIRES_SWIFT_AUTOLINK_EXTRACT = NO
               PLATFORM_REQUIRES_SWIFT_MODULEWRAP = NO
               PLATFORM_USES_DSYMS = YES
               PLIST_FILE_OUTPUT_FORMAT = binary
               PLUGINS_FOLDER_PATH = GoogleUtilities_Privacy.bundle/PlugIns
               PODS_BUILD_DIR = /Users/gregoriomorelli/Documents/vibra/build/ios
               PODS_CONFIGURATION_BUILD_DIR = /Users/gregoriomorelli/Documents/vibra/build/ios/Release-iphonesimulator
               PODS_DEVELOPMENT_LANGUAGE = en
               PODS_ROOT = /Users/gregoriomorelli/Documents/vibra/ios/Pods
               PODS_TARGET_SRCROOT = /Users/gregoriomorelli/Documents/vibra/ios/Pods/GoogleUtilities
               PODS_XCFRAMEWORKS_BUILD_DIR = /Users/gregoriomorelli/Documents/vibra/build/ios/Release-iphonesimulator/XCFrameworkIntermediates
               PRECOMPS_INCLUDE_HEADERS_FROM_BUILT_PRODUCTS_DIR = YES
               PRECOMP_DESTINATION_DIR = /Users/gregoriomorelli/Documents/vibra/build/ios/Pods.build/Release-iphonesimulator/GoogleUtilities-GoogleUtilities_Privacy.build/PrefixHeaders
               PRIVATE_HEADERS_FOLDER_PATH = GoogleUtilities_Privacy.bundle/PrivateHeaders
               PROCESSED_INFOPLIST_PATH = /Users/gregoriomorelli/Documents/vibra/build/ios/Pods.build/Release-iphonesimulator/GoogleUtilities-GoogleUtilities_Privacy.build/Objects-normal/undefined_arch/Processed-Info.plist
               PRODUCT_BUNDLE_IDENTIFIER = org.cocoapods.GoogleUtilities-Privacy
               PRODUCT_BUNDLE_PACKAGE_TYPE = BNDL
               PRODUCT_MODULE_NAME = GoogleUtilities_Privacy
               PRODUCT_NAME = GoogleUtilities_Privacy
               PRODUCT_SETTINGS_PATH = /Users/gregoriomorelli/Documents/vibra/ios/Pods/Target Support Files/GoogleUtilities/ResourceBundle-GoogleUtilities_Privacy-GoogleUtilities-Info.plist
               PRODUCT_TYPE = com.apple.product-type.bundle
               PROFILING_CODE = NO
               PROJECT = Pods
               PROJECT_DERIVED_FILE_DIR = /Users/gregoriomorelli/Documents/vibra/build/ios/Pods.build/DerivedSources
               PROJECT_DIR = /Users/gregoriomorelli/Documents/vibra/ios/Pods
               PROJECT_FILE_PATH = /Users/gregoriomorelli/Documents/vibra/ios/Pods/Pods.xcodeproj
               PROJECT_GUID = bfdfe7dc352907fc980b868725387e98
               PROJECT_NAME = Pods
               PROJECT_TEMP_DIR = /Users/gregoriomorelli/Documents/vibra/build/ios/Pods.build
               PROJECT_TEMP_ROOT = /Users/gregoriomorelli/Documents/vibra/build/ios
               PUBLIC_HEADERS_FOLDER_PATH = GoogleUtilities_Privacy.bundle/Headers
               RECOMMENDED_IPHONEOS_DEPLOYMENT_TARGET = 15.0
               RECURSIVE_SEARCH_PATHS_FOLLOW_SYMLINKS = YES
               REMOVE_CVS_FROM_RESOURCES = YES
               REMOVE_GIT_FROM_RESOURCES = YES
               REMOVE_HEADERS_FROM_EMBEDDED_BUNDLES = YES
               REMOVE_HG_FROM_RESOURCES = YES
               REMOVE_STATIC_EXECUTABLES_FROM_EMBEDDED_BUNDLES = YES
               REMOVE_SVN_FROM_RESOURCES = YES
               RESCHEDULE_INDEPENDENT_HEADERS_PHASES = YES
               REZ_COLLECTOR_DIR = /Users/gregoriomorelli/Documents/vibra/build/ios/Pods.build/Release-iphonesimulator/GoogleUtilities-GoogleUtilities_Privacy.build/ResourceManagerResources
               REZ_OBJECTS_DIR = /Users/gregoriomorelli/Documents/vibra/build/ios/Pods.build/Release-iphonesimulator/GoogleUtilities-GoogleUtilities_Privacy.build/ResourceManagerResources/Objects
               REZ_SEARCH_PATHS = /Users/gregoriomorelli/Documents/vibra/build/ios/Release-iphonesimulator/GoogleUtilities 
               RPATH_ORIGIN = @loader_path
               RUNTIME_EXCEPTION_ALLOW_DYLD_ENVIRONMENT_VARIABLES = NO
               RUNTIME_EXCEPTION_ALLOW_JIT = NO
               RUNTIME_EXCEPTION_ALLOW_UNSIGNED_EXECUTABLE_MEMORY = NO
               RUNTIME_EXCEPTION_DEBUGGING_TOOL = NO
               RUNTIME_EXCEPTION_DISABLE_EXECUTABLE_PAGE_PROTECTION = NO
               RUNTIME_EXCEPTION_DISABLE_LIBRARY_VALIDATION = NO
               SCANNING_PCM_KEEP_CACHE_DIRECTORY = YES
               SCAN_ALL_SOURCE_FILES_FOR_INCLUDES = NO
               SCRIPTS_FOLDER_PATH = GoogleUtilities_Privacy.bundle/Scripts
               SDKROOT = /Applications/Xcode.app/Contents/Developer/Platforms/iPhoneSimulator.platform/Developer/SDKs/iPhoneSimulator26.5.sdk
               SDK_DIR = /Applications/Xcode.app/Contents/Developer/Platforms/iPhoneSimulator.platform/Developer/SDKs/iPhoneSimulator26.5.sdk
               SDK_DIR_iphonesimulator = /Applications/Xcode.app/Contents/Developer/Platforms/iPhoneSimulator.platform/Developer/SDKs/iPhoneSimulator26.5.sdk
               SDK_DIR_iphonesimulator26_5 = /Applications/Xcode.app/Contents/Developer/Platforms/iPhoneSimulator.platform/Developer/SDKs/iPhoneSimulator26.5.sdk
               SDK_NAME = iphonesimulator26.5
               SDK_NAMES = iphonesimulator26.5
               SDK_PRODUCT_BUILD_VERSION = 23F73
               SDK_STAT_CACHE_DIR = /var/folders/pg/x6t89f2n7s7299rcw8hv33180000gn/C/com.apple.DeveloperTools/26.5-17F42/Xcode
               SDK_STAT_CACHE_ENABLE = YES
               SDK_STAT_CACHE_PATH = /var/folders/pg/x6t89f2n7s7299rcw8hv33180000gn/C/com.apple.DeveloperTools/26.5-17F42/Xcode/SDKStatCaches.noindex/iphonesimulator26.5-23F73-6cfe768891a92b912361537c460fe42b.sdkstatcache
               SDK_VERSION = 26.5
               SDK_VERSION_ACTUAL = 260500
               SDK_VERSION_MAJOR = 260000
               SDK_VERSION_MINOR = 260500
               SED = /usr/bin/sed
               SEPARATE_STRIP = NO
               SEPARATE_SYMBOL_EDIT = NO
               SET_DIR_MODE_OWNER_GROUP = YES
               SET_FILE_MODE_OWNER_GROUP = NO
               SHALLOW_BUNDLE = YES
               SHALLOW_BUNDLE_TRIPLE = ios-simulator
               SHALLOW_BUNDLE_ios_macabi = NO
               SHALLOW_BUNDLE_macos = NO
               SHARED_DERIVED_FILE_DIR = /Users/gregoriomorelli/Documents/vibra/build/ios/Release-iphonesimulator/GoogleUtilities/DerivedSources
               SHARED_FRAMEWORKS_FOLDER_PATH = GoogleUtilities_Privacy.bundle/SharedFrameworks
               SHARED_PRECOMPS_DIR = /Users/gregoriomorelli/Documents/vibra/build/ios/SharedPrecompiledHeaders
               SHARED_SUPPORT_FOLDER_PATH = GoogleUtilities_Privacy.bundle/SharedSupport
               SKIP_INSTALL = YES
               SKIP_MERGEABLE_LIBRARY_BUNDLE_HOOK = NO
               SOURCE_ROOT = /Users/gregoriomorelli/Documents/vibra/ios/Pods
               SRCROOT = /Users/gregoriomorelli/Documents/vibra/ios/Pods
               STRINGSDATA_DIR = /Users/gregoriomorelli/Documents/vibra/build/ios/Pods.build/Release-iphonesimulator/GoogleUtilities-GoogleUtilities_Privacy.build/Objects-normal/undefined_arch
               STRINGSDATA_ROOT = /Users/gregoriomorelli/Documents/vibra/build/ios/Pods.build/Release-iphonesimulator/GoogleUtilities-GoogleUtilities_Privacy.build
               STRINGS_FILE_INFOPLIST_RENAME = YES
               STRINGS_FILE_OUTPUT_ENCODING = binary
               STRING_CATALOG_GENERATE_SYMBOLS = NO
               STRIP_BITCODE_FROM_COPIED_FILES = NO
               STRIP_INSTALLED_PRODUCT = NO
               STRIP_STYLE = non-global
               STRIP_SWIFT_SYMBOLS = YES
               SUPPORTED_DEVICE_FAMILIES = 1,2
               SUPPORTED_PLATFORMS = iphoneos iphonesimulator
               SUPPORTS_TEXT_BASED_API = NO
               SUPPRESS_WARNINGS = NO
               SWIFT_COMPILATION_MODE = wholemodule
               SWIFT_EMIT_CONST_VALUE_PROTOCOLS = AnyResolverProviding AppEntity AppEnum AppExtension AppIntent AppIntentsPackage AppShortcutProviding AppShortcutsProvider AppUnionValue AppUnionValueCasesProviding DynamicOptionsProvider EntityQuery ExtensionPointDefining IntentValueQuery Resolver TransientEntity _AssistantIntentsProvider _GenerativeFunctionExtractable _IntentValueRepresentable
               SWIFT_EMIT_LOC_STRINGS = NO
               SWIFT_ENABLE_EXPLICIT_MODULES = YES
               SWIFT_OPTIMIZATION_LEVEL = -O
               SWIFT_PLATFORM_TARGET_PREFIX = ios
               SWIFT_RESPONSE_FILE_PATH_normal_arm64 = /Users/gregoriomorelli/Documents/vibra/build/ios/Pods.build/Release-iphonesimulator/GoogleUtilities-GoogleUtilities_Privacy.build/Objects-normal/arm64/GoogleUtilities_Privacy.SwiftFileList
               SWIFT_RESPONSE_FILE_PATH_normal_x86_64 = /Users/gregoriomorelli/Documents/vibra/build/ios/Pods.build/Release-iphonesimulator/GoogleUtilities-GoogleUtilities_Privacy.build/Objects-normal/x86_64/GoogleUtilities_Privacy.SwiftFileList
               SWIFT_VERSION = 5.0
               SYMROOT = /Users/gregoriomorelli/Documents/vibra/ios/build
               SYSTEM_ADMIN_APPS_DIR = /Applications/Utilities
               SYSTEM_APPS_DIR = /Applications
               SYSTEM_CORE_SERVICES_DIR = /System/Library/CoreServices
               SYSTEM_DEMOS_DIR = /Applications/Extras
               SYSTEM_DEVELOPER_APPS_DIR = /Applications/Xcode.app/Contents/Developer/Applications
               SYSTEM_DEVELOPER_BIN_DIR = /Applications/Xcode.app/Contents/Developer/usr/bin
               SYSTEM_DEVELOPER_DEMOS_DIR = /Applications/Xcode.app/Contents/Developer/Applications/Utilities/Built Examples
               SYSTEM_DEVELOPER_DIR = /Applications/Xcode.app/Contents/Developer
               SYSTEM_DEVELOPER_DOC_DIR = /Applications/Xcode.app/Contents/Developer/ADC Reference Library
               SYSTEM_DEVELOPER_GRAPHICS_TOOLS_DIR = /Applications/Xcode.app/Contents/Developer/Applications/Graphics Tools
               SYSTEM_DEVELOPER_JAVA_TOOLS_DIR = /Applications/Xcode.app/Contents/Developer/Applications/Java Tools
               SYSTEM_DEVELOPER_PERFORMANCE_TOOLS_DIR = /Applications/Xcode.app/Contents/Developer/Applications/Performance Tools
               SYSTEM_DEVELOPER_RELEASENOTES_DIR = /Applications/Xcode.app/Contents/Developer/ADC Reference Library/releasenotes
               SYSTEM_DEVELOPER_TOOLS = /Applications/Xcode.app/Contents/Developer/Tools
               SYSTEM_DEVELOPER_TOOLS_DOC_DIR = /Applications/Xcode.app/Contents/Developer/ADC Reference Library/documentation/DeveloperTools
               SYSTEM_DEVELOPER_TOOLS_RELEASENOTES_DIR = /Applications/Xcode.app/Contents/Developer/ADC Reference Library/releasenotes/DeveloperTools
               SYSTEM_DEVELOPER_USR_DIR = /Applications/Xcode.app/Contents/Developer/usr
               SYSTEM_DEVELOPER_UTILITIES_DIR = /Applications/Xcode.app/Contents/Developer/Applications/Utilities
               SYSTEM_DEXT_INSTALL_PATH = /System/Library/DriverExtensions
               SYSTEM_DOCUMENTATION_DIR = /Library/Documentation
               SYSTEM_EXTENSIONS_FOLDER_PATH = GoogleUtilities_Privacy.bundle/SystemExtensions
               SYSTEM_EXTENSIONS_FOLDER_PATH_SHALLOW_BUNDLE_NO = GoogleUtilities_Privacy.bundle/Library/SystemExtensions
               SYSTEM_EXTENSIONS_FOLDER_PATH_SHALLOW_BUNDLE_YES = GoogleUtilities_Privacy.bundle/SystemExtensions
               SYSTEM_KEXT_INSTALL_PATH = /System/Library/Extensions
               SYSTEM_LIBRARY_DIR = /System/Library
               TAPI_DEMANGLE = YES
               TAPI_ENABLE_PROJECT_HEADERS = NO
               TAPI_LANGUAGE = objective-c
               TAPI_LANGUAGE_STANDARD = compiler-default
               TAPI_USE_SRCROOT = YES
               TAPI_VERIFY_MODE = Pedantic
               TARGETED_DEVICE_FAMILY = 1,2
               TARGETNAME = GoogleUtilities-GoogleUtilities_Privacy
               TARGET_BUILD_DIR = /Users/gregoriomorelli/Documents/vibra/build/ios/Release-iphonesimulator/GoogleUtilities
               TARGET_NAME = GoogleUtilities-GoogleUtilities_Privacy
               TARGET_TEMP_DIR = /Users/gregoriomorelli/Documents/vibra/build/ios/Pods.build/Release-iphonesimulator/GoogleUtilities-GoogleUtilities_Privacy.build
               TEMP_DIR = /Users/gregoriomorelli/Documents/vibra/build/ios/Pods.build/Release-iphonesimulator/GoogleUtilities-GoogleUtilities_Privacy.build
               TEMP_FILES_DIR = /Users/gregoriomorelli/Documents/vibra/build/ios/Pods.build/Release-iphonesimulator/GoogleUtilities-GoogleUtilities_Privacy.build
               TEMP_FILE_DIR = /Users/gregoriomorelli/Documents/vibra/build/ios/Pods.build/Release-iphonesimulator/GoogleUtilities-GoogleUtilities_Privacy.build
               TEMP_ROOT = /Users/gregoriomorelli/Documents/vibra/build/ios
               TEMP_SANDBOX_DIR = /Users/gregoriomorelli/Documents/vibra/build/ios/TemporaryTaskSandboxes
               TEST_FRAMEWORK_SEARCH_PATHS =  /Applications/Xcode.app/Contents/Developer/Platforms/iPhoneSimulator.platform/Developer/Library/Frameworks /Applications/Xcode.app/Contents/Developer/Platforms/iPhoneSimulator.platform/Developer/SDKs/iPhoneSimulator26.5.sdk/Developer/Library/Frameworks
               TEST_LIBRARY_SEARCH_PATHS =  /Applications/Xcode.app/Contents/Developer/Platforms/iPhoneSimulator.platform/Developer/usr/lib
               TOOLCHAINS = com.apple.dt.toolchain.XcodeDefault
               TOOLCHAIN_DIR = /Applications/Xcode.app/Contents/Developer/Toolchains/XcodeDefault.xctoolchain
               TREAT_MISSING_BASELINES_AS_TEST_FAILURES = NO
               TREAT_MISSING_SCRIPT_PHASE_OUTPUTS_AS_ERRORS = NO
               TVOS_DEPLOYMENT_TARGET = 26.5
               UID = 501
               UNINSTALLED_PRODUCTS_DIR = /Users/gregoriomorelli/Documents/vibra/build/ios/UninstalledProducts
               UNLOCALIZED_RESOURCES_FOLDER_PATH = GoogleUtilities_Privacy.bundle
               UNLOCALIZED_RESOURCES_FOLDER_PATH_SHALLOW_BUNDLE_NO = GoogleUtilities_Privacy.bundle/Resources
               UNLOCALIZED_RESOURCES_FOLDER_PATH_SHALLOW_BUNDLE_YES = GoogleUtilities_Privacy.bundle
               UNSTRIPPED_PRODUCT = NO
               USER = gregoriomorelli
               USER_APPS_DIR = /Users/gregoriomorelli/Applications
               USER_LIBRARY_DIR = /Users/gregoriomorelli/Library
               USE_DYNAMIC_NO_PIC = YES
               USE_HEADERMAP = YES
               USE_HEADER_SYMLINKS = NO
               USE_RECURSIVE_SCRIPT_INPUTS_IN_SCRIPT_PHASES = YES
               VALIDATE_DEVELOPMENT_ASSET_PATHS = YES_ERROR
               VALIDATE_PRODUCT = NO
               VALID_ARCHS = arm64 x86_64
               VERBOSE_PBXCP = NO
               VERSIONPLIST_PATH = GoogleUtilities_Privacy.bundle/version.plist
               VERSION_INFO_BUILDER = gregoriomorelli
               VERSION_INFO_FILE = GoogleUtilities_Privacy_vers.c
               VERSION_INFO_STRING = "@(#)PROGRAM:GoogleUtilities_Privacy  PROJECT:Pods-"
               WATCHOS_DEPLOYMENT_TARGET = 26.5
               WORKSPACE_DIR = /Users/gregoriomorelli/Documents/vibra/ios/Pods/Pods.xcodeproj
               WRAPPER_EXTENSION = bundle
               WRAPPER_NAME = GoogleUtilities_Privacy.bundle
               WRAPPER_SUFFIX = .bundle
               WRAP_ASSET_PACKS_IN_SEPARATE_DIRECTORIES = NO
               XCODE_APP_SUPPORT_DIR = /Applications/Xcode.app/Contents/Developer/Library/Xcode
               XCODE_PRODUCT_BUILD_VERSION = 17F42
               XCODE_VERSION_ACTUAL = 2650
               XCODE_VERSION_MAJOR = 2600
               XCODE_VERSION_MINOR = 2650
               XPCSERVICES_FOLDER_PATH = GoogleUtilities_Privacy.bundle/XPCServices
               XROS_DEPLOYMENT_TARGET = 26.5
               YACC = yacc
               _DISCOVER_COMMAND_LINE_LINKER_INPUTS = YES
               _DISCOVER_COMMAND_LINE_LINKER_INPUTS_INCLUDE_WL = YES
               _LD_MULTIARCH = YES
               _WRAPPER_CONTENTS_DIR_SHALLOW_BUNDLE_NO = /Contents
               _WRAPPER_PARENT_PATH_SHALLOW_BUNDLE_NO = /..
               _WRAPPER_RESOURCES_DIR_SHALLOW_BUNDLE_NO = /Resources
               __DIAGNOSE_DEPRECATED_ARCHS = YES
               __ORIGINAL_SDK_DEFINED_LLVM_TARGET_TRIPLE_SYS = ios
               arch = undefined_arch
               variant = normal

           Build settings for action build and target image_picker_ios:
               ACTION = build
               AD_HOC_CODE_SIGNING_ALLOWED = YES
               ALLOW_BUILD_REQUEST_OVERRIDES = NO
               ALLOW_TARGET_PLATFORM_SPECIALIZATION = NO
               ALTERNATE_GROUP = staff
               ALTERNATE_MODE = u+w,go-w,a+rX
               ALTERNATE_OWNER = gregoriomorelli
               ALTERNATIVE_DISTRIBUTION_WEB = NO
               ALWAYS_EMBED_SWIFT_STANDARD_LIBRARIES = NO
               ALWAYS_SEARCH_USER_PATHS = NO
               ALWAYS_USE_SEPARATE_HEADERMAPS = NO
               APPLICATION_EXTENSION_API_ONLY = NO
               APPLY_RULES_IN_COPY_FILES = NO
               APPLY_RULES_IN_COPY_HEADERS = NO
               APP_SHORTCUTS_ENABLE_FLEXIBLE_MATCHING = YES
               ARCHS = arm64 x86_64
               ARCHS_BASE = arm64 x86_64
               ARCHS_STANDARD = arm64 x86_64
               ARCHS_STANDARD_32_64_BIT = arm64 x86_64
               ARCHS_STANDARD_64_BIT = arm64 x86_64
               ARCHS_STANDARD_INCLUDING_64_BIT = arm64 x86_64
               ARCHS_UNIVERSAL_IPHONE_OS = arm64 x86_64
               AUTOMATICALLY_MERGE_DEPENDENCIES = NO
               AUTOMATION_APPLE_EVENTS = NO
               AVAILABLE_PLATFORMS = android appletvos appletvsimulator driverkit freebsd iphoneos iphonesimulator linux macosx none openbsd qnx watchos watchsimulator webassembly xros xrsimulator
               BUILD_ACTIVE_RESOURCES_ONLY = NO
               BUILD_COMPONENTS = headers build
               BUILD_DIR = /Users/gregoriomorelli/Documents/vibra/build/ios
               BUILD_LIBRARY_FOR_DISTRIBUTION = NO
               BUILD_ONLY_KNOWN_LOCALIZATIONS = NO
               BUILD_ROOT = /Users/gregoriomorelli/Documents/vibra/ios/build
               BUILD_STYLE = 
               BUILD_VARIANTS = normal
               BUILT_PRODUCTS_DIR = /Users/gregoriomorelli/Documents/vibra/build/ios/Release-iphonesimulator/image_picker_ios
               BUNDLE_CONTENTS_FOLDER_PATH_deep = Contents/
               BUNDLE_EXECUTABLE_FOLDER_NAME_deep = MacOS
               BUNDLE_EXTENSIONS_FOLDER_PATH = Extensions
               BUNDLE_FORMAT = shallow
               BUNDLE_FRAMEWORKS_FOLDER_PATH = Frameworks
               BUNDLE_PLUGINS_FOLDER_PATH = PlugIns
               BUNDLE_PRIVATE_HEADERS_FOLDER_PATH = PrivateHeaders
               BUNDLE_PUBLIC_HEADERS_FOLDER_PATH = Headers
               CACHE_ROOT = /var/folders/pg/x6t89f2n7s7299rcw8hv33180000gn/C/com.apple.DeveloperTools/26.5-17F42/Xcode
               CCHROOT = /var/folders/pg/x6t89f2n7s7299rcw8hv33180000gn/C/com.apple.DeveloperTools/26.5-17F42/Xcode
               CHMOD = /bin/chmod
               CHOWN = chown
               CLANG_ANALYZER_LOCALIZABILITY_NONLOCALIZED = YES
               CLANG_ANALYZER_NONNULL = YES
               CLANG_ANALYZER_NUMBER_OBJECT_CONVERSION = YES_AGGRESSIVE
               CLANG_CACHE_FINE_GRAINED_OUTPUTS = YES
               CLANG_CXX_LANGUAGE_STANDARD = gnu++14
               CLANG_CXX_LIBRARY = libc++
               CLANG_ENABLE_EXPLICIT_MODULES = YES
               CLANG_ENABLE_MODULES = YES
               CLANG_ENABLE_OBJC_ARC = YES
               CLANG_ENABLE_OBJC_WEAK = NO
               CLANG_MODULES_BUILD_SESSION_FILE = /var/folders/pg/x6t89f2n7s7299rcw8hv33180000gn/C/org.llvm.clang/ModuleCache.noindex/Session.modulevalidation
               CLANG_WARN_BLOCK_CAPTURE_AUTORELEASING = YES
               CLANG_WARN_BOOL_CONVERSION = YES
               CLANG_WARN_COMMA = YES
               CLANG_WARN_CONSTANT_CONVERSION = YES
               CLANG_WARN_DEPRECATED_OBJC_IMPLEMENTATIONS = YES
               CLANG_WARN_DIRECT_OBJC_ISA_USAGE = YES_ERROR
               CLANG_WARN_DOCUMENTATION_COMMENTS = YES
               CLANG_WARN_EMPTY_BODY = YES
               CLANG_WARN_ENUM_CONVERSION = YES
               CLANG_WARN_INFINITE_RECURSION = YES
               CLANG_WARN_INT_CONVERSION = YES
               CLANG_WARN_NON_LITERAL_NULL_CONVERSION = YES
               CLANG_WARN_OBJC_IMPLICIT_RETAIN_SELF = YES
               CLANG_WARN_OBJC_LITERAL_CONVERSION = YES
               CLANG_WARN_OBJC_ROOT_CLASS = YES_ERROR
               CLANG_WARN_QUOTED_INCLUDE_IN_FRAMEWORK_HEADER = NO
               CLANG_WARN_RANGE_LOOP_ANALYSIS = YES
               CLANG_WARN_STRICT_PROTOTYPES = YES
               CLANG_WARN_SUSPICIOUS_MOVE = YES
               CLANG_WARN_UNGUARDED_AVAILABILITY = YES_AGGRESSIVE
               CLANG_WARN_UNREACHABLE_CODE = YES
               CLANG_WARN__DUPLICATE_METHOD_MATCH = YES
               CLASS_FILE_DIR = /Users/gregoriomorelli/Documents/vibra/build/ios/Pods.build/Release-iphonesimulator/image_picker_ios.build/JavaClasses
               CLEAN_PRECOMPS = YES
               CLONE_HEADERS = NO
               CODESIGNING_FOLDER_PATH = /Users/gregoriomorelli/Documents/vibra/build/ios/Release-iphonesimulator/image_picker_ios/image_picker_ios.framework
               CODE_SIGNING_ALLOWED = YES
               CODE_SIGNING_REQUIRED = NO
               CODE_SIGNING_REQUIRES_TEAM = YES
               CODE_SIGN_CONTEXT_CLASS = XCiPhoneSimulatorCodeSignContext
               CODE_SIGN_IDENTITY = -
               CODE_SIGN_INJECT_BASE_ENTITLEMENTS = YES
               COLOR_DIAGNOSTICS = NO
               COMBINE_HIDPI_IMAGES = NO
               COMPILATION_CACHE_CAS_PATH = /var/folders/pg/x6t89f2n7s7299rcw8hv33180000gn/C/com.apple.DeveloperTools/26.5-17F42/Xcode/CompilationCache.noindex
               COMPILATION_CACHE_KEEP_CAS_DIRECTORY = YES
               COMPILER_INDEX_STORE_ENABLE = Default
               COMPOSITE_SDK_DIRS = /Users/gregoriomorelli/Documents/vibra/build/ios/CompositeSDKs
               COMPRESS_PNG_FILES = YES
               CONFIGURATION = Release
               CONFIGURATION_BUILD_DIR = /Users/gregoriomorelli/Documents/vibra/build/ios/Release-iphonesimulator/image_picker_ios
               CONFIGURATION_TEMP_DIR = /Users/gregoriomorelli/Documents/vibra/build/ios/Pods.build/Release-iphonesimulator
               CONTENTS_FOLDER_PATH = image_picker_ios.framework
               CONTENTS_FOLDER_PATH_SHALLOW_BUNDLE_NO = image_picker_ios.framework/A
               CONTENTS_FOLDER_PATH_SHALLOW_BUNDLE_YES = image_picker_ios.framework
               COPYING_PRESERVES_HFS_DATA = NO
               COPY_HEADERS_RUN_UNIFDEF = NO
               COPY_PHASE_STRIP = NO
               CORRESPONDING_DEVICE_PLATFORM_DIR = /Applications/Xcode.app/Contents/Developer/Platforms/iPhoneOS.platform
               CORRESPONDING_DEVICE_PLATFORM_NAME = iphoneos
               CORRESPONDING_DEVICE_SDK_DIR = /Applications/Xcode.app/Contents/Developer/Platforms/iPhoneOS.platform/Developer/SDKs/iPhoneOS26.5.sdk
               CORRESPONDING_DEVICE_SDK_NAME = iphoneos26.5
               CP = /bin/cp
               CREATE_INFOPLIST_SECTION_IN_BINARY = NO
               CURRENT_ARCH = undefined_arch
               CURRENT_PROJECT_VERSION = 1
               CURRENT_VARIANT = normal
               CURRENT_VERSION = Current
               DEAD_CODE_STRIPPING = YES
               DEBUGGING_SYMBOLS = YES
               DEBUG_INFORMATION_FORMAT = dwarf-with-dsym
               DEBUG_INFORMATION_VERSION = compiler-default
               DEFAULT_COMPILER = com.apple.compilers.llvm.clang.1_0
               DEFAULT_DEXT_INSTALL_PATH = /System/Library/DriverExtensions
               DEFAULT_KEXT_INSTALL_PATH = /System/Library/Extensions
               DEFINES_MODULE = YES
               DEPLOYMENT_LOCATION = NO
               DEPLOYMENT_POSTPROCESSING = NO
               DEPLOYMENT_TARGET_SETTING_NAME = IPHONEOS_DEPLOYMENT_TARGET
               DEPLOYMENT_TARGET_SUGGESTED_VALUES = 12.0 12.1 12.2 12.3 12.4 13.0 13.1 13.2 13.3 13.4 13.5 13.6 14.0 14.1 14.2 14.3 14.4 14.5 14.6 14.7 15.0 15.1 15.2 15.3 15.4 15.5 15.6 16.0 16.1 16.2 16.3 16.4 16.5 16.6 17.0 17.1 17.2 17.3 17.4 17.5 17.6 18.0 18.1 18.2 18.3 18.4 18.5 18.6 26.0 26.2 26.3 26.4 26.5
               DERIVED_FILES_DIR = /Users/gregoriomorelli/Documents/vibra/build/ios/Pods.build/Release-iphonesimulator/image_picker_ios.build/DerivedSources
               DERIVED_FILE_DIR = /Users/gregoriomorelli/Documents/vibra/build/ios/Pods.build/Release-iphonesimulator/image_picker_ios.build/DerivedSources
               DERIVED_SOURCES_DIR = /Users/gregoriomorelli/Documents/vibra/build/ios/Pods.build/Release-iphonesimulator/image_picker_ios.build/DerivedSources
               DEVELOPER_APPLICATIONS_DIR = /Applications/Xcode.app/Contents/Developer/Applications
               DEVELOPER_BIN_DIR = /Applications/Xcode.app/Contents/Developer/usr/bin
               DEVELOPER_DIR = /Applications/Xcode.app/Contents/Developer
               DEVELOPER_FRAMEWORKS_DIR = /Applications/Xcode.app/Contents/Developer/Library/Frameworks
               DEVELOPER_FRAMEWORKS_DIR_QUOTED = /Applications/Xcode.app/Contents/Developer/Library/Frameworks
               DEVELOPER_LIBRARY_DIR = /Applications/Xcode.app/Contents/Developer/Library
               DEVELOPER_SDK_DIR = /Applications/Xcode.app/Contents/Developer/Platforms/MacOSX.platform/Developer/SDKs
               DEVELOPER_TOOLS_DIR = /Applications/Xcode.app/Contents/Developer/Tools
               DEVELOPER_USR_DIR = /Applications/Xcode.app/Contents/Developer/usr
               DEVELOPMENT_LANGUAGE = en
               DIAGNOSE_MISSING_TARGET_DEPENDENCIES = YES
               DIFF = /usr/bin/diff
               DOCUMENTATION_FOLDER_PATH = image_picker_ios.framework/en.lproj/Documentation
               DONT_GENERATE_INFOPLIST_FILE = NO
               DRIVERKIT_DEPLOYMENT_TARGET = 25.5
               DSTROOT = /tmp/Pods.dst
               DT_TOOLCHAIN_DIR = /Applications/Xcode.app/Contents/Developer/Toolchains/XcodeDefault.xctoolchain
               DUMP_DEPENDENCIES = NO
               DUMP_DEPENDENCIES_OUTPUT_PATH = /Users/gregoriomorelli/Documents/vibra/build/ios/Pods.build/Release-iphonesimulator/image_picker_ios.build/image_picker_ios-BuildDependencyInfo.json
               DWARF_DSYM_FILE_NAME = image_picker_ios.framework.dSYM
               DWARF_DSYM_FILE_SHOULD_ACCOMPANY_PRODUCT = NO
               DWARF_DSYM_FOLDER_PATH = /Users/gregoriomorelli/Documents/vibra/build/ios/Release-iphonesimulator/image_picker_ios
               DYLIB_COMPATIBILITY_VERSION = 1
               DYLIB_CURRENT_VERSION = 1
               DYLIB_INSTALL_NAME_BASE = @rpath
               DYNAMIC_LIBRARY_EXTENSION = dylib
               EAGER_COMPILATION_ALLOW_SCRIPTS = NO
               EAGER_LINKING = NO
               EFFECTIVE_PLATFORM_NAME = -iphonesimulator
               EFFECTIVE_SWIFT_VERSION = 5
               EMBEDDED_CONTENT_CONTAINS_SWIFT = NO
               EMBED_ASSET_PACKS_IN_PRODUCT_BUNDLE = NO
               ENABLE_APP_SANDBOX = NO
               ENABLE_BITCODE = NO
               ENABLE_CODE_COVERAGE = YES
               ENABLE_COHORT_ARCHS = NO
               ENABLE_CPLUSPLUS_BOUNDS_SAFE_BUFFERS = NO
               ENABLE_C_BOUNDS_SAFETY = NO
               ENABLE_DEFAULT_HEADER_SEARCH_PATHS = YES
               ENABLE_DEFAULT_SEARCH_PATHS = YES
               ENABLE_ENHANCED_SECURITY = NO
               ENABLE_HARDENED_RUNTIME = NO
               ENABLE_HEADER_DEPENDENCIES = YES
               ENABLE_INCOMING_NETWORK_CONNECTIONS = NO
               ENABLE_MODULE_VERIFIER = NO
               ENABLE_NS_ASSERTIONS = NO
               ENABLE_ON_DEMAND_RESOURCES = NO
               ENABLE_OUTGOING_NETWORK_CONNECTIONS = NO
               ENABLE_POINTER_AUTHENTICATION = NO
               ENABLE_RESOURCE_ACCESS_AUDIO_INPUT = NO
               ENABLE_RESOURCE_ACCESS_BLUETOOTH = NO
               ENABLE_RESOURCE_ACCESS_CALENDARS = NO
               ENABLE_RESOURCE_ACCESS_CAMERA = NO
               ENABLE_RESOURCE_ACCESS_CONTACTS = NO
               ENABLE_RESOURCE_ACCESS_LOCATION = NO
               ENABLE_RESOURCE_ACCESS_PHOTO_LIBRARY = NO
               ENABLE_RESOURCE_ACCESS_PRINTING = NO
               ENABLE_RESOURCE_ACCESS_USB = NO
               ENABLE_SDK_IMPORTS = NO
               ENABLE_SECURITY_COMPILER_WARNINGS = NO
               ENABLE_STRICT_OBJC_MSGSEND = YES
               ENABLE_TESTABILITY = NO
               ENABLE_TESTING_SEARCH_PATHS = NO
               ENABLE_USER_SCRIPT_SANDBOXING = NO
               ENFORCE_VALID_ARCHS = YES
               ENTITLEMENTS_DESTINATION = __entitlements
               ENTITLEMENTS_REQUIRED = NO
               EXCLUDED_ARCHS =  i386
               EXCLUDED_INSTALLSRC_SUBDIRECTORY_PATTERNS = .DS_Store .svn .git .hg CVS
               EXCLUDED_RECURSIVE_SEARCH_PATH_SUBDIRECTORIES = *.nib *.lproj *.framework *.gch *.xcode* *.xcassets *.icon (*) .DS_Store CVS .svn .git .hg *.pbproj *.pbxproj
               EXECUTABLES_FOLDER_PATH = image_picker_ios.framework/en.lproj
               EXECUTABLE_FOLDER_PATH = image_picker_ios.framework
               EXECUTABLE_FOLDER_PATH_SHALLOW_BUNDLE_NO = image_picker_ios.framework
               EXECUTABLE_FOLDER_PATH_SHALLOW_BUNDLE_YES = image_picker_ios.framework
               EXECUTABLE_NAME = image_picker_ios
               EXECUTABLE_PATH = image_picker_ios.framework/image_picker_ios
               EXTENSIONS_FOLDER_PATH = image_picker_ios.framework/Extensions
               FILE_LIST = /Users/gregoriomorelli/Documents/vibra/build/ios/Pods.build/Release-iphonesimulator/image_picker_ios.build/Objects/LinkFileList
               FIXED_FILES_DIR = /Users/gregoriomorelli/Documents/vibra/build/ios/Pods.build/Release-iphonesimulator/image_picker_ios.build/FixedFiles
               FRAMEWORKS_FOLDER_PATH = image_picker_ios.framework/Frameworks
               FRAMEWORK_FLAG_PREFIX = -framework
               FRAMEWORK_SEARCH_PATHS = /Users/gregoriomorelli/Documents/vibra/build/ios/Release-iphonesimulator/image_picker_ios "/Users/gregoriomorelli/development/flutter/bin/cache/artifacts/engine/ios-release/Flutter.xcframework/ios-arm64_x86_64-simulator" 
               FRAMEWORK_VERSION = A
               FULL_PRODUCT_NAME = image_picker_ios.framework
               FUSE_BUILD_PHASES = YES
               FUSE_BUILD_SCRIPT_PHASES = NO
               GCC3_VERSION = 3.3
               GCC_C_LANGUAGE_STANDARD = gnu11
               GCC_INLINES_ARE_PRIVATE_EXTERN = YES
               GCC_NO_COMMON_BLOCKS = YES
               GCC_OBJC_LEGACY_DISPATCH = YES
               GCC_PFE_FILE_C_DIALECTS = c objective-c c++ objective-c++
               GCC_PREFIX_HEADER = Target Support Files/image_picker_ios/image_picker_ios-prefix.pch
               GCC_PREPROCESSOR_DEFINITIONS = POD_CONFIGURATION_RELEASE=1  COCOAPODS=1
               GCC_TREAT_WARNINGS_AS_ERRORS = NO
               GCC_VERSION = com.apple.compilers.llvm.clang.1_0
               GCC_VERSION_IDENTIFIER = com_apple_compilers_llvm_clang_1_0
               GCC_WARN_64_TO_32_BIT_CONVERSION = YES
               GCC_WARN_ABOUT_RETURN_TYPE = YES_ERROR
               GCC_WARN_UNDECLARED_SELECTOR = YES
               GCC_WARN_UNINITIALIZED_AUTOS = YES_AGGRESSIVE
               GCC_WARN_UNUSED_FUNCTION = YES
               GCC_WARN_UNUSED_VARIABLE = YES
               GENERATED_MODULEMAP_DIR = /Users/gregoriomorelli/Documents/vibra/build/ios/GeneratedModuleMaps-iphonesimulator
               GENERATE_INFOPLIST_FILE = NO
               GENERATE_INTERMEDIATE_TEXT_BASED_STUBS = YES
               GENERATE_PKGINFO_FILE = NO
               GENERATE_PRELINK_OBJECT_FILE = NO
               GENERATE_PROFILING_CODE = NO
               GENERATE_TEXT_BASED_STUBS = NO
               GID = 20
               GROUP = staff
               HEADERMAP_INCLUDES_FLAT_ENTRIES_FOR_TARGET_BEING_BUILT = YES
               HEADERMAP_INCLUDES_FRAMEWORK_ENTRIES_FOR_ALL_PRODUCT_TYPES = YES
               HEADERMAP_INCLUDES_FRAMEWORK_ENTRIES_FOR_TARGETS_NOT_BEING_BUILT = YES
               HEADERMAP_INCLUDES_NONPUBLIC_NONPRIVATE_HEADERS = YES
               HEADERMAP_INCLUDES_PROJECT_HEADERS = YES
               HEADERMAP_USES_FRAMEWORK_PREFIX_ENTRIES = YES
               HEADERMAP_USES_VFS = YES
               HEADER_SEARCH_PATHS = /Users/gregoriomorelli/Documents/vibra/build/ios/Release-iphonesimulator/image_picker_ios/include 
               HOME = /Users/gregoriomorelli
               HOST_ARCH = arm64
               HOST_PLATFORM = macosx
               ICONV = /usr/bin/iconv
               IMPLICIT_DEPENDENCY_DOMAIN = default
               INDEX_STORE_COMPRESS = NO
               INDEX_STORE_ONLY_PROJECT_FILES = NO
               INFOPLIST_ENABLE_CFBUNDLEICONS_MERGE = YES
               INFOPLIST_EXPAND_BUILD_SETTINGS = YES
               INFOPLIST_FILE = Target Support Files/image_picker_ios/image_picker_ios-Info.plist
               INFOPLIST_OUTPUT_FORMAT = binary
               INFOPLIST_PATH = image_picker_ios.framework/Info.plist
               INFOPLIST_PREPROCESS = NO
               INFOSTRINGS_PATH = image_picker_ios.framework/en.lproj/InfoPlist.strings
               INLINE_PRIVATE_FRAMEWORKS = NO
               INSTALLAPI_IGNORE_SKIP_INSTALL = YES
               INSTALLHDRS_COPY_PHASE = NO
               INSTALLHDRS_SCRIPT_PHASE = NO
               INSTALL_DIR = /tmp/Pods.dst/Library/Frameworks
               INSTALL_GROUP = staff
               INSTALL_MODE_FLAG = u+w,go-w,a+rX
               INSTALL_OWNER = gregoriomorelli
               INSTALL_PATH = /Library/Frameworks
               INSTALL_ROOT = /tmp/Pods.dst
               IPHONEOS_DEPLOYMENT_TARGET = 13.0
               IS_UNOPTIMIZED_BUILD = NO
               JAVAC_DEFAULT_FLAGS = -J-Xms64m -J-XX:NewSize=4M -J-Dfile.encoding=UTF8
               JAVA_APP_STUB = /System/Library/Frameworks/JavaVM.framework/Resources/MacOS/JavaApplicationStub
               JAVA_ARCHIVE_CLASSES = YES
               JAVA_ARCHIVE_TYPE = JAR
               JAVA_COMPILER = /usr/bin/javac
               JAVA_FOLDER_PATH = image_picker_ios.framework/Java
               JAVA_FRAMEWORK_RESOURCES_DIRS = Resources
               JAVA_JAR_FLAGS = cv
               JAVA_SOURCE_SUBDIR = .
               JAVA_USE_DEPENDENCIES = YES
               JAVA_ZIP_FLAGS = -urg
               JIKES_DEFAULT_FLAGS = +E +OLDCSO
               KEEP_PRIVATE_EXTERNS = NO
               LD_DEPENDENCY_INFO_FILE = /Users/gregoriomorelli/Documents/vibra/build/ios/Pods.build/Release-iphonesimulator/image_picker_ios.build/Objects-normal/undefined_arch/image_picker_ios_dependency_info.dat
               LD_DYLIB_INSTALL_NAME = @rpath/image_picker_ios.framework/image_picker_ios
               LD_EXPORT_SYMBOLS = YES
               LD_GENERATE_MAP_FILE = NO
               LD_MAP_FILE_PATH = /Users/gregoriomorelli/Documents/vibra/build/ios/Pods.build/Release-iphonesimulator/image_picker_ios.build/image_picker_ios-LinkMap-normal-undefined_arch.txt
               LD_NO_PIE = NO
               LD_QUOTE_LINKER_ARGUMENTS_FOR_COMPILER_DRIVER = YES
               LD_RUNPATH_SEARCH_PATHS =  @executable_path/Frameworks @loader_path/Frameworks
               LD_SHARED_CACHE_ELIGIBLE = Automatic
               LD_WARN_DUPLICATE_LIBRARIES = NO
               LD_WARN_UNUSED_DYLIBS = NO
               LEGACY_DEVELOPER_DIR = /Applications/Xcode.app/Contents/PlugIns/Xcode3Core.ideplugin/Contents/SharedSupport/Developer
               LEX = lex
               LIBRARY_DEXT_INSTALL_PATH = /Library/DriverExtensions
               LIBRARY_FLAG_NOSPACE = YES
               LIBRARY_FLAG_PREFIX = -l
               LIBRARY_KEXT_INSTALL_PATH = /Library/Extensions
               LIBRARY_SEARCH_PATHS = /Users/gregoriomorelli/Documents/vibra/build/ios/Release-iphonesimulator/image_picker_ios 
               LINKER_DISPLAYS_MANGLED_NAMES = NO
               LINK_FILE_LIST_normal_arm64 = /Users/gregoriomorelli/Documents/vibra/build/ios/Pods.build/Release-iphonesimulator/image_picker_ios.build/Objects-normal/arm64/image_picker_ios.LinkFileList
               LINK_FILE_LIST_normal_x86_64 = /Users/gregoriomorelli/Documents/vibra/build/ios/Pods.build/Release-iphonesimulator/image_picker_ios.build/Objects-normal/x86_64/image_picker_ios.LinkFileList
               LINK_OBJC_RUNTIME = YES
               LINK_WITH_STANDARD_LIBRARIES = YES
               LLVM_TARGET_TRIPLE_OS_VERSION = ios13.0
               LLVM_TARGET_TRIPLE_SUFFIX = -simulator
               LLVM_TARGET_TRIPLE_VENDOR = apple
               LM_AUX_CONST_METADATA_LIST_PATH_normal_arm64 = /Users/gregoriomorelli/Documents/vibra/build/ios/Pods.build/Release-iphonesimulator/image_picker_ios.build/Objects-normal/arm64/image_picker_ios.SwiftConstValuesFileList
               LM_AUX_CONST_METADATA_LIST_PATH_normal_x86_64 = /Users/gregoriomorelli/Documents/vibra/build/ios/Pods.build/Release-iphonesimulator/image_picker_ios.build/Objects-normal/x86_64/image_picker_ios.SwiftConstValuesFileList
               LOCALIZATION_EXPORT_SUPPORTED = YES
               LOCALIZATION_PREFERS_STRING_CATALOGS = NO
               LOCALIZED_RESOURCES_FOLDER_PATH = image_picker_ios.framework/en.lproj
               LOCALIZED_STRING_CODE_COMMENTS = NO
               LOCALIZED_STRING_MACRO_NAMES = NSLocalizedString CFCopyLocalizedString
               LOCALIZED_STRING_SWIFTUI_SUPPORT = YES
               LOCAL_ADMIN_APPS_DIR = /Applications/Utilities
               LOCAL_APPS_DIR = /Applications
               LOCAL_DEVELOPER_DIR = /Library/Developer
               LOCAL_LIBRARY_DIR = /Library
               LOCROOT = /Users/gregoriomorelli/Documents/vibra/ios/Pods
               LOCSYMROOT = /Users/gregoriomorelli/Documents/vibra/ios/Pods
               MACH_O_TYPE = mh_dylib
               MACOSX_DEPLOYMENT_TARGET = 26.5
               MAC_OS_X_PRODUCT_BUILD_VERSION = 25F84
               MAC_OS_X_VERSION_ACTUAL = 260502
               MAC_OS_X_VERSION_MAJOR = 260000
               MAC_OS_X_VERSION_MINOR = 260500
               MAKE_MERGEABLE = NO
               MERGEABLE_LIBRARY = NO
               MERGED_BINARY_TYPE = none
               MERGE_LINKED_LIBRARIES = NO
               METAL_LIBRARY_FILE_BASE = default
               METAL_LIBRARY_OUTPUT_DIR = /Users/gregoriomorelli/Documents/vibra/build/ios/Release-iphonesimulator/image_picker_ios/image_picker_ios.framework
               MODULEMAP_FILE = Target Support Files/image_picker_ios/image_picker_ios.modulemap
               MODULES_FOLDER_PATH = image_picker_ios.framework/Modules
               MTL_ENABLE_DEBUG_INFO = NO
               MTL_FAST_MATH = YES
               NATIVE_ARCH = arm64
               NATIVE_ARCH_32_BIT = arm
               NATIVE_ARCH_64_BIT = arm64
               NATIVE_ARCH_ACTUAL = arm64
               NO_COMMON = YES
               OBJC_ABI_VERSION = 2
               OBJECT_FILE_DIR = /Users/gregoriomorelli/Documents/vibra/build/ios/Pods.build/Release-iphonesimulator/image_picker_ios.build/Objects
               OBJECT_FILE_DIR_normal = /Users/gregoriomorelli/Documents/vibra/build/ios/Pods.build/Release-iphonesimulator/image_picker_ios.build/Objects-normal
               OBJROOT = /Users/gregoriomorelli/Documents/vibra/build/ios
               ONLY_ACTIVE_ARCH = NO
               OS = MACOS
               OSAC = /usr/bin/osacompile
               OTHER_LDFLAGS =  -framework Flutter
               PACKAGE_TYPE = com.apple.package-type.wrapper.framework
               PASCAL_STRINGS = YES
               PATH = /Applications/Xcode.app/Contents/SharedFrameworks/SwiftBuild.framework/Versions/A/PlugIns/SWBBuildService.bundle/Contents/PlugIns/SWBUniversalPlatformPlugin.bundle/Contents/Frameworks/SWBUniversalPlatform.framework/Resources:/Applications/Xcode.app/Contents/Developer/Toolchains/XcodeDefault.xctoolchain/usr/bin:/Applications/Xcode.app/Contents/Developer/Toolchains/XcodeDefault.xctoolchain/usr/local/bin:/Applications/Xcode.app/Contents/Developer/Toolchains/XcodeDefault.xctoolchain/usr/libexec:/Applications/Xcode.app/Contents/Developer/Platforms/iPhoneSimulator.platform/usr/bin:/Applications/Xcode.app/Contents/Developer/Platforms/iPhoneSimulator.platform/usr/local/bin:/Applications/Xcode.app/Contents/Developer/Platforms/iPhoneSimulator.platform/Developer/usr/bin:/Applications/Xcode.app/Contents/Developer/Platforms/iPhoneSimulator.platform/Developer/usr/local/bin:/Applications/Xcode.app/Contents/Developer/usr/bin:/Applications/Xcode.app/Contents/Developer/usr/local/bin:/Users/gregoriomorelli/.gemini/antigravity/bin:/Users/gregoriomorelli/Library/Application Support/Antigravity/bin:/opt/homebrew/bin:/opt/homebrew/sbin:/Library/Developer/CommandLineTools/usr/bin:/Users/gregoriomorelli/development/flutter/bin:/Users/gregoriomorelli/Library/Android/sdk/platform-tools:/Users/gregoriomorelli/Library/Android/sdk/cmdline-tools/latest/bin:/Users/gregoriomorelli/Library/Android/sdk/emulator:/Users/gregoriomorelli/.antigravity-ide/antigravity-ide/bin:/Users/gregoriomorelli/.antigravity/antigravity/bin:/Applications/XAMPP/xamppfiles/bin:/Users/gregoriomorelli/develop/flutter/bin:/usr/local/bin:/System/Cryptexes/App/usr/bin:/usr/bin:/bin:/usr/sbin:/sbin:/var/run/com.apple.security.cryptexd/codex.system/bootstrap/usr/local/bin:/var/run/com.apple.security.cryptexd/codex.system/bootstrap/usr/bin:/var/run/com.apple.security.cryptexd/codex.system/bootstrap/usr/appleinternal/bin:/pkg/env/global/bin:/Users/gregoriomorelli/.spicetify
               PATH_PREFIXES_EXCLUDED_FROM_HEADER_DEPENDENCIES = /usr/include /usr/local/include /System/Library/Frameworks /System/Library/PrivateFrameworks /Applications/Xcode.app/Contents/Developer/Headers /Applications/Xcode.app/Contents/Developer/SDKs /Applications/Xcode.app/Contents/Developer/Platforms
               PBDEVELOPMENTPLIST_PATH = image_picker_ios.framework/pbdevelopment.plist
               PER_ARCH_MODULE_FILE_DIR = /Users/gregoriomorelli/Documents/vibra/build/ios/Pods.build/Release-iphonesimulator/image_picker_ios.build/Objects-normal/undefined_arch
               PER_ARCH_OBJECT_FILE_DIR = /Users/gregoriomorelli/Documents/vibra/build/ios/Pods.build/Release-iphonesimulator/image_picker_ios.build/Objects-normal/undefined_arch
               PER_VARIANT_OBJECT_FILE_DIR = /Users/gregoriomorelli/Documents/vibra/build/ios/Pods.build/Release-iphonesimulator/image_picker_ios.build/Objects-normal
               PKGINFO_FILE_PATH = /Users/gregoriomorelli/Documents/vibra/build/ios/Pods.build/Release-iphonesimulator/image_picker_ios.build/PkgInfo
               PKGINFO_PATH = image_picker_ios.framework/PkgInfo
               PLATFORM_DEVELOPER_APPLICATIONS_DIR = /Applications/Xcode.app/Contents/Developer/Platforms/iPhoneSimulator.platform/Developer/Applications
               PLATFORM_DEVELOPER_BIN_DIR = /Applications/Xcode.app/Contents/Developer/Platforms/iPhoneSimulator.platform/Developer/usr/bin
               PLATFORM_DEVELOPER_LIBRARY_DIR = /Applications/Xcode.app/Contents/Developer/Platforms/iPhoneSimulator.platform/Developer/Library
               PLATFORM_DEVELOPER_SDK_DIR = /Applications/Xcode.app/Contents/Developer/Platforms/iPhoneSimulator.platform/Developer/SDKs
               PLATFORM_DEVELOPER_TOOLS_DIR = /Applications/Xcode.app/Contents/Developer/Platforms/iPhoneSimulator.platform/Developer/Tools
               PLATFORM_DEVELOPER_USR_DIR = /Applications/Xcode.app/Contents/Developer/Platforms/iPhoneSimulator.platform/Developer/usr
               PLATFORM_DIR = /Applications/Xcode.app/Contents/Developer/Platforms/iPhoneSimulator.platform
               PLATFORM_DISPLAY_NAME = iOS Simulator
               PLATFORM_FAMILY_NAME = iOS
               PLATFORM_NAME = iphonesimulator
               PLATFORM_PREFERRED_ARCH = x86_64
               PLATFORM_PRODUCT_BUILD_VERSION = 23F73
               PLATFORM_REQUIRES_SWIFT_AUTOLINK_EXTRACT = NO
               PLATFORM_REQUIRES_SWIFT_MODULEWRAP = NO
               PLATFORM_USES_DSYMS = YES
               PLIST_FILE_OUTPUT_FORMAT = binary
               PLUGINS_FOLDER_PATH = image_picker_ios.framework/PlugIns
               PODS_BUILD_DIR = /Users/gregoriomorelli/Documents/vibra/build/ios
               PODS_CONFIGURATION_BUILD_DIR = /Users/gregoriomorelli/Documents/vibra/build/ios/Release-iphonesimulator
               PODS_DEVELOPMENT_LANGUAGE = en
               PODS_ROOT = /Users/gregoriomorelli/Documents/vibra/ios/Pods
               PODS_TARGET_SRCROOT = /Users/gregoriomorelli/Documents/vibra/ios/Pods/../.symlinks/plugins/image_picker_ios/ios
               PODS_XCFRAMEWORKS_BUILD_DIR = /Users/gregoriomorelli/Documents/vibra/build/ios/Release-iphonesimulator/XCFrameworkIntermediates
               PRECOMPS_INCLUDE_HEADERS_FROM_BUILT_PRODUCTS_DIR = YES
               PRECOMP_DESTINATION_DIR = /Users/gregoriomorelli/Documents/vibra/build/ios/Pods.build/Release-iphonesimulator/image_picker_ios.build/PrefixHeaders
               PRIVATE_HEADERS_FOLDER_PATH = image_picker_ios.framework/PrivateHeaders
               PROCESSED_INFOPLIST_PATH = /Users/gregoriomorelli/Documents/vibra/build/ios/Pods.build/Release-iphonesimulator/image_picker_ios.build/Objects-normal/undefined_arch/Processed-Info.plist
               PRODUCT_BUNDLE_IDENTIFIER = org.cocoapods.image-picker-ios
               PRODUCT_BUNDLE_PACKAGE_TYPE = FMWK
               PRODUCT_MODULE_NAME = image_picker_ios
               PRODUCT_NAME = image_picker_ios
               PRODUCT_SETTINGS_PATH = /Users/gregoriomorelli/Documents/vibra/ios/Pods/Target Support Files/image_picker_ios/image_picker_ios-Info.plist
               PRODUCT_TYPE = com.apple.product-type.framework
               PROFILING_CODE = NO
               PROJECT = Pods
               PROJECT_DERIVED_FILE_DIR = /Users/gregoriomorelli/Documents/vibra/build/ios/Pods.build/DerivedSources
               PROJECT_DIR = /Users/gregoriomorelli/Documents/vibra/ios/Pods
               PROJECT_FILE_PATH = /Users/gregoriomorelli/Documents/vibra/ios/Pods/Pods.xcodeproj
               PROJECT_GUID = bfdfe7dc352907fc980b868725387e98
               PROJECT_NAME = Pods
               PROJECT_TEMP_DIR = /Users/gregoriomorelli/Documents/vibra/build/ios/Pods.build
               PROJECT_TEMP_ROOT = /Users/gregoriomorelli/Documents/vibra/build/ios
               PUBLIC_HEADERS_FOLDER_PATH = image_picker_ios.framework/Headers
               RECOMMENDED_IPHONEOS_DEPLOYMENT_TARGET = 15.0
               RECURSIVE_SEARCH_PATHS_FOLLOW_SYMLINKS = YES
               REMOVE_CVS_FROM_RESOURCES = YES
               REMOVE_GIT_FROM_RESOURCES = YES
               REMOVE_HEADERS_FROM_EMBEDDED_BUNDLES = YES
               REMOVE_HG_FROM_RESOURCES = YES
               REMOVE_STATIC_EXECUTABLES_FROM_EMBEDDED_BUNDLES = YES
               REMOVE_SVN_FROM_RESOURCES = YES
               RESCHEDULE_INDEPENDENT_HEADERS_PHASES = YES
               REZ_COLLECTOR_DIR = /Users/gregoriomorelli/Documents/vibra/build/ios/Pods.build/Release-iphonesimulator/image_picker_ios.build/ResourceManagerResources
               REZ_OBJECTS_DIR = /Users/gregoriomorelli/Documents/vibra/build/ios/Pods.build/Release-iphonesimulator/image_picker_ios.build/ResourceManagerResources/Objects
               REZ_SEARCH_PATHS = /Users/gregoriomorelli/Documents/vibra/build/ios/Release-iphonesimulator/image_picker_ios 
               RPATH_ORIGIN = @loader_path
               RUNTIME_EXCEPTION_ALLOW_DYLD_ENVIRONMENT_VARIABLES = NO
               RUNTIME_EXCEPTION_ALLOW_JIT = NO
               RUNTIME_EXCEPTION_ALLOW_UNSIGNED_EXECUTABLE_MEMORY = NO
               RUNTIME_EXCEPTION_DEBUGGING_TOOL = NO
               RUNTIME_EXCEPTION_DISABLE_EXECUTABLE_PAGE_PROTECTION = NO
               RUNTIME_EXCEPTION_DISABLE_LIBRARY_VALIDATION = NO
               SCANNING_PCM_KEEP_CACHE_DIRECTORY = YES
               SCAN_ALL_SOURCE_FILES_FOR_INCLUDES = NO
               SCRIPTS_FOLDER_PATH = image_picker_ios.framework/Scripts
               SDKROOT = /Applications/Xcode.app/Contents/Developer/Platforms/iPhoneSimulator.platform/Developer/SDKs/iPhoneSimulator26.5.sdk
               SDK_DIR = /Applications/Xcode.app/Contents/Developer/Platforms/iPhoneSimulator.platform/Developer/SDKs/iPhoneSimulator26.5.sdk
               SDK_DIR_iphonesimulator = /Applications/Xcode.app/Contents/Developer/Platforms/iPhoneSimulator.platform/Developer/SDKs/iPhoneSimulator26.5.sdk
               SDK_DIR_iphonesimulator26_5 = /Applications/Xcode.app/Contents/Developer/Platforms/iPhoneSimulator.platform/Developer/SDKs/iPhoneSimulator26.5.sdk
               SDK_NAME = iphonesimulator26.5
               SDK_NAMES = iphonesimulator26.5
               SDK_PRODUCT_BUILD_VERSION = 23F73
               SDK_STAT_CACHE_DIR = /var/folders/pg/x6t89f2n7s7299rcw8hv33180000gn/C/com.apple.DeveloperTools/26.5-17F42/Xcode
               SDK_STAT_CACHE_ENABLE = YES
               SDK_STAT_CACHE_PATH = /var/folders/pg/x6t89f2n7s7299rcw8hv33180000gn/C/com.apple.DeveloperTools/26.5-17F42/Xcode/SDKStatCaches.noindex/iphonesimulator26.5-23F73-6cfe768891a92b912361537c460fe42b.sdkstatcache
               SDK_VERSION = 26.5
               SDK_VERSION_ACTUAL = 260500
               SDK_VERSION_MAJOR = 260000
               SDK_VERSION_MINOR = 260500
               SED = /usr/bin/sed
               SEPARATE_STRIP = NO
               SEPARATE_SYMBOL_EDIT = NO
               SET_DIR_MODE_OWNER_GROUP = YES
               SET_FILE_MODE_OWNER_GROUP = NO
               SHALLOW_BUNDLE = YES
               SHALLOW_BUNDLE_TRIPLE = ios-simulator
               SHALLOW_BUNDLE_ios_macabi = NO
               SHALLOW_BUNDLE_macos = NO
               SHARED_DERIVED_FILE_DIR = /Users/gregoriomorelli/Documents/vibra/build/ios/Release-iphonesimulator/image_picker_ios/DerivedSources
               SHARED_FRAMEWORKS_FOLDER_PATH = image_picker_ios.framework/SharedFrameworks
               SHARED_PRECOMPS_DIR = /Users/gregoriomorelli/Documents/vibra/build/ios/SharedPrecompiledHeaders
               SHARED_SUPPORT_FOLDER_PATH = image_picker_ios.framework
               SKIP_INSTALL = YES
               SKIP_MERGEABLE_LIBRARY_BUNDLE_HOOK = NO
               SOURCE_ROOT = /Users/gregoriomorelli/Documents/vibra/ios/Pods
               SRCROOT = /Users/gregoriomorelli/Documents/vibra/ios/Pods
               STRINGSDATA_DIR = /Users/gregoriomorelli/Documents/vibra/build/ios/Pods.build/Release-iphonesimulator/image_picker_ios.build/Objects-normal/undefined_arch
               STRINGSDATA_ROOT = /Users/gregoriomorelli/Documents/vibra/build/ios/Pods.build/Release-iphonesimulator/image_picker_ios.build
               STRINGS_FILE_INFOPLIST_RENAME = YES
               STRINGS_FILE_OUTPUT_ENCODING = binary
               STRING_CATALOG_GENERATE_SYMBOLS = NO
               STRIP_BITCODE_FROM_COPIED_FILES = NO
               STRIP_INSTALLED_PRODUCT = NO
               STRIP_STYLE = debugging
               STRIP_SWIFT_SYMBOLS = YES
               SUPPORTED_DEVICE_FAMILIES = 1,2
               SUPPORTED_PLATFORMS = iphoneos iphonesimulator
               SUPPORTS_TEXT_BASED_API = NO
               SUPPRESS_WARNINGS = NO
               SWIFT_ACTIVE_COMPILATION_CONDITIONS =  
               SWIFT_COMPILATION_MODE = wholemodule
               SWIFT_EMIT_CONST_VALUE_PROTOCOLS = AnyResolverProviding AppEntity AppEnum AppExtension AppIntent AppIntentsPackage AppShortcutProviding AppShortcutsProvider AppUnionValue AppUnionValueCasesProviding DynamicOptionsProvider EntityQuery ExtensionPointDefining IntentValueQuery Resolver TransientEntity _AssistantIntentsProvider _GenerativeFunctionExtractable _IntentValueRepresentable
               SWIFT_EMIT_LOC_STRINGS = NO
               SWIFT_ENABLE_EXPLICIT_MODULES = YES
               SWIFT_INSTALL_MODULE_FOR_DEPLOYMENT = YES
               SWIFT_INSTALL_OBJC_HEADER = YES
               SWIFT_OPTIMIZATION_LEVEL = -O
               SWIFT_PLATFORM_TARGET_PREFIX = ios
               SWIFT_RESPONSE_FILE_PATH_normal_arm64 = /Users/gregoriomorelli/Documents/vibra/build/ios/Pods.build/Release-iphonesimulator/image_picker_ios.build/Objects-normal/arm64/image_picker_ios.SwiftFileList
               SWIFT_RESPONSE_FILE_PATH_normal_x86_64 = /Users/gregoriomorelli/Documents/vibra/build/ios/Pods.build/Release-iphonesimulator/image_picker_ios.build/Objects-normal/x86_64/image_picker_ios.SwiftFileList
               SWIFT_VERSION = 5.0
               SYMROOT = /Users/gregoriomorelli/Documents/vibra/ios/build
               SYSTEM_ADMIN_APPS_DIR = /Applications/Utilities
               SYSTEM_APPS_DIR = /Applications
               SYSTEM_CORE_SERVICES_DIR = /System/Library/CoreServices
               SYSTEM_DEMOS_DIR = /Applications/Extras
               SYSTEM_DEVELOPER_APPS_DIR = /Applications/Xcode.app/Contents/Developer/Applications
               SYSTEM_DEVELOPER_BIN_DIR = /Applications/Xcode.app/Contents/Developer/usr/bin
               SYSTEM_DEVELOPER_DEMOS_DIR = /Applications/Xcode.app/Contents/Developer/Applications/Utilities/Built Examples
               SYSTEM_DEVELOPER_DIR = /Applications/Xcode.app/Contents/Developer
               SYSTEM_DEVELOPER_DOC_DIR = /Applications/Xcode.app/Contents/Developer/ADC Reference Library
               SYSTEM_DEVELOPER_GRAPHICS_TOOLS_DIR = /Applications/Xcode.app/Contents/Developer/Applications/Graphics Tools
               SYSTEM_DEVELOPER_JAVA_TOOLS_DIR = /Applications/Xcode.app/Contents/Developer/Applications/Java Tools
               SYSTEM_DEVELOPER_PERFORMANCE_TOOLS_DIR = /Applications/Xcode.app/Contents/Developer/Applications/Performance Tools
               SYSTEM_DEVELOPER_RELEASENOTES_DIR = /Applications/Xcode.app/Contents/Developer/ADC Reference Library/releasenotes
               SYSTEM_DEVELOPER_TOOLS = /Applications/Xcode.app/Contents/Developer/Tools
               SYSTEM_DEVELOPER_TOOLS_DOC_DIR = /Applications/Xcode.app/Contents/Developer/ADC Reference Library/documentation/DeveloperTools
               SYSTEM_DEVELOPER_TOOLS_RELEASENOTES_DIR = /Applications/Xcode.app/Contents/Developer/ADC Reference Library/releasenotes/DeveloperTools
               SYSTEM_DEVELOPER_USR_DIR = /Applications/Xcode.app/Contents/Developer/usr
               SYSTEM_DEVELOPER_UTILITIES_DIR = /Applications/Xcode.app/Contents/Developer/Applications/Utilities
               SYSTEM_DEXT_INSTALL_PATH = /System/Library/DriverExtensions
               SYSTEM_DOCUMENTATION_DIR = /Library/Documentation
               SYSTEM_EXTENSIONS_FOLDER_PATH = image_picker_ios.framework/SystemExtensions
               SYSTEM_EXTENSIONS_FOLDER_PATH_SHALLOW_BUNDLE_NO = image_picker_ios.framework/Library/SystemExtensions
               SYSTEM_EXTENSIONS_FOLDER_PATH_SHALLOW_BUNDLE_YES = image_picker_ios.framework/SystemExtensions
               SYSTEM_KEXT_INSTALL_PATH = /System/Library/Extensions
               SYSTEM_LIBRARY_DIR = /System/Library
               TAPI_DEMANGLE = YES
               TAPI_ENABLE_PROJECT_HEADERS = NO
               TAPI_LANGUAGE = objective-c
               TAPI_LANGUAGE_STANDARD = compiler-default
               TAPI_USE_SRCROOT = YES
               TAPI_VERIFY_MODE = Pedantic
               TARGETED_DEVICE_FAMILY = 1,2
               TARGETNAME = image_picker_ios
               TARGET_BUILD_DIR = /Users/gregoriomorelli/Documents/vibra/build/ios/Release-iphonesimulator/image_picker_ios
               TARGET_NAME = image_picker_ios
               TARGET_TEMP_DIR = /Users/gregoriomorelli/Documents/vibra/build/ios/Pods.build/Release-iphonesimulator/image_picker_ios.build
               TEMP_DIR = /Users/gregoriomorelli/Documents/vibra/build/ios/Pods.build/Release-iphonesimulator/image_picker_ios.build
               TEMP_FILES_DIR = /Users/gregoriomorelli/Documents/vibra/build/ios/Pods.build/Release-iphonesimulator/image_picker_ios.build
               TEMP_FILE_DIR = /Users/gregoriomorelli/Documents/vibra/build/ios/Pods.build/Release-iphonesimulator/image_picker_ios.build
               TEMP_ROOT = /Users/gregoriomorelli/Documents/vibra/build/ios
               TEMP_SANDBOX_DIR = /Users/gregoriomorelli/Documents/vibra/build/ios/TemporaryTaskSandboxes
               TEST_FRAMEWORK_SEARCH_PATHS =  /Applications/Xcode.app/Contents/Developer/Platforms/iPhoneSimulator.platform/Developer/Library/Frameworks /Applications/Xcode.app/Contents/Developer/Platforms/iPhoneSimulator.platform/Developer/SDKs/iPhoneSimulator26.5.sdk/Developer/Library/Frameworks
               TEST_LIBRARY_SEARCH_PATHS =  /Applications/Xcode.app/Contents/Developer/Platforms/iPhoneSimulator.platform/Developer/usr/lib
               TOOLCHAINS = com.apple.dt.toolchain.XcodeDefault
               TOOLCHAIN_DIR = /Applications/Xcode.app/Contents/Developer/Toolchains/XcodeDefault.xctoolchain
               TREAT_MISSING_BASELINES_AS_TEST_FAILURES = NO
               TREAT_MISSING_SCRIPT_PHASE_OUTPUTS_AS_ERRORS = NO
               TVOS_DEPLOYMENT_TARGET = 26.5
               UID = 501
               UNINSTALLED_PRODUCTS_DIR = /Users/gregoriomorelli/Documents/vibra/build/ios/UninstalledProducts
               UNLOCALIZED_RESOURCES_FOLDER_PATH = image_picker_ios.framework
               UNLOCALIZED_RESOURCES_FOLDER_PATH_SHALLOW_BUNDLE_NO = image_picker_ios.framework/Resources
               UNLOCALIZED_RESOURCES_FOLDER_PATH_SHALLOW_BUNDLE_YES = image_picker_ios.framework
               UNSTRIPPED_PRODUCT = NO
               USER = gregoriomorelli
               USER_APPS_DIR = /Users/gregoriomorelli/Applications
               USER_LIBRARY_DIR = /Users/gregoriomorelli/Library
               USE_DYNAMIC_NO_PIC = YES
               USE_HEADERMAP = YES
               USE_HEADER_SYMLINKS = NO
               USE_RECURSIVE_SCRIPT_INPUTS_IN_SCRIPT_PHASES = YES
               VALIDATE_DEVELOPMENT_ASSET_PATHS = YES_ERROR
               VALIDATE_PRODUCT = YES
               VALID_ARCHS = arm64 x86_64
               VERBOSE_PBXCP = NO
               VERSIONING_SYSTEM = apple-generic
               VERSIONPLIST_PATH = image_picker_ios.framework/version.plist
               VERSIONS_FOLDER_PATH = image_picker_ios.framework
               VERSIONS_FOLDER_PATH_SHALLOW_BUNDLE_NO = image_picker_ios.framework/Versions
               VERSIONS_FOLDER_PATH_SHALLOW_BUNDLE_YES = image_picker_ios.framework
               VERSION_INFO_BUILDER = gregoriomorelli
               VERSION_INFO_FILE = image_picker_ios_vers.c
               VERSION_INFO_STRING = "@(#)PROGRAM:image_picker_ios  PROJECT:Pods-1"
               WATCHOS_DEPLOYMENT_TARGET = 26.5
               WORKSPACE_DIR = /Users/gregoriomorelli/Documents/vibra/ios/Pods/Pods.xcodeproj
               WRAPPER_EXTENSION = framework
               WRAPPER_NAME = image_picker_ios.framework
               WRAPPER_SUFFIX = .framework
               WRAP_ASSET_PACKS_IN_SEPARATE_DIRECTORIES = NO
               XCODE_APP_SUPPORT_DIR = /Applications/Xcode.app/Contents/Developer/Library/Xcode
               XCODE_PRODUCT_BUILD_VERSION = 17F42
               XCODE_VERSION_ACTUAL = 2650
               XCODE_VERSION_MAJOR = 2600
               XCODE_VERSION_MINOR = 2650
               XPCSERVICES_FOLDER_PATH = image_picker_ios.framework/XPCServices
               XROS_DEPLOYMENT_TARGET = 26.5
               YACC = yacc
               _DISCOVER_COMMAND_LINE_LINKER_INPUTS = YES
               _DISCOVER_COMMAND_LINE_LINKER_INPUTS_INCLUDE_WL = YES
               _LD_MULTIARCH = YES
               _WRAPPER_CONTENTS_DIR_SHALLOW_BUNDLE_NO = /Contents
               _WRAPPER_PARENT_PATH_SHALLOW_BUNDLE_NO = /..
               _WRAPPER_RESOURCES_DIR_SHALLOW_BUNDLE_NO = /Resources
               __DIAGNOSE_DEPRECATED_ARCHS = YES
               __ORIGINAL_SDK_DEFINED_LLVM_TARGET_TRIPLE_SYS = ios
               arch = undefined_arch
               variant = normal

           Build settings for action build and target image_picker_ios-image_picker_ios_privacy:
               ACTION = build
               AD_HOC_CODE_SIGNING_ALLOWED = YES
               ALLOW_BUILD_REQUEST_OVERRIDES = NO
               ALLOW_TARGET_PLATFORM_SPECIALIZATION = NO
               ALTERNATE_GROUP = staff
               ALTERNATE_MODE = u+w,go-w,a+rX
               ALTERNATE_OWNER = gregoriomorelli
               ALTERNATIVE_DISTRIBUTION_WEB = NO
               ALWAYS_EMBED_SWIFT_STANDARD_LIBRARIES = NO
               ALWAYS_SEARCH_USER_PATHS = NO
               ALWAYS_USE_SEPARATE_HEADERMAPS = NO
               APPLICATION_EXTENSION_API_ONLY = NO
               APPLY_RULES_IN_COPY_FILES = NO
               APPLY_RULES_IN_COPY_HEADERS = NO
               APP_SHORTCUTS_ENABLE_FLEXIBLE_MATCHING = YES
               ARCHS = arm64 x86_64
               ARCHS_BASE = arm64 x86_64
               ARCHS_STANDARD = arm64 x86_64
               ARCHS_STANDARD_32_64_BIT = arm64 x86_64
               ARCHS_STANDARD_64_BIT = arm64 x86_64
               ARCHS_STANDARD_INCLUDING_64_BIT = arm64 x86_64
               ARCHS_UNIVERSAL_IPHONE_OS = arm64 x86_64
               AUTOMATICALLY_MERGE_DEPENDENCIES = NO
               AUTOMATION_APPLE_EVENTS = NO
               AVAILABLE_PLATFORMS = android appletvos appletvsimulator driverkit freebsd iphoneos iphonesimulator linux macosx none openbsd qnx watchos watchsimulator webassembly xros xrsimulator
               BUILD_ACTIVE_RESOURCES_ONLY = NO
               BUILD_COMPONENTS = headers build
               BUILD_DIR = /Users/gregoriomorelli/Documents/vibra/build/ios
               BUILD_LIBRARY_FOR_DISTRIBUTION = NO
               BUILD_ONLY_KNOWN_LOCALIZATIONS = NO
               BUILD_ROOT = /Users/gregoriomorelli/Documents/vibra/ios/build
               BUILD_STYLE = 
               BUILD_VARIANTS = normal
               BUILT_PRODUCTS_DIR = /Users/gregoriomorelli/Documents/vibra/build/ios/Release-iphonesimulator/image_picker_ios
               BUNDLE_CONTENTS_FOLDER_PATH_deep = Contents/
               BUNDLE_EXECUTABLE_FOLDER_NAME_deep = MacOS
               BUNDLE_EXTENSIONS_FOLDER_PATH = Extensions
               BUNDLE_FORMAT = shallow
               BUNDLE_FRAMEWORKS_FOLDER_PATH = Frameworks
               BUNDLE_PLUGINS_FOLDER_PATH = PlugIns
               BUNDLE_PRIVATE_HEADERS_FOLDER_PATH = PrivateHeaders
               BUNDLE_PUBLIC_HEADERS_FOLDER_PATH = Headers
               CACHE_ROOT = /var/folders/pg/x6t89f2n7s7299rcw8hv33180000gn/C/com.apple.DeveloperTools/26.5-17F42/Xcode
               CCHROOT = /var/folders/pg/x6t89f2n7s7299rcw8hv33180000gn/C/com.apple.DeveloperTools/26.5-17F42/Xcode
               CHMOD = /bin/chmod
               CHOWN = chown
               CLANG_ANALYZER_LOCALIZABILITY_NONLOCALIZED = YES
               CLANG_ANALYZER_NONNULL = YES
               CLANG_ANALYZER_NUMBER_OBJECT_CONVERSION = YES_AGGRESSIVE
               CLANG_CACHE_FINE_GRAINED_OUTPUTS = YES
               CLANG_CXX_LANGUAGE_STANDARD = gnu++14
               CLANG_CXX_LIBRARY = libc++
               CLANG_ENABLE_EXPLICIT_MODULES = YES
               CLANG_ENABLE_MODULES = YES
               CLANG_ENABLE_OBJC_ARC = YES
               CLANG_ENABLE_OBJC_WEAK = YES
               CLANG_MODULES_BUILD_SESSION_FILE = /var/folders/pg/x6t89f2n7s7299rcw8hv33180000gn/C/org.llvm.clang/ModuleCache.noindex/Session.modulevalidation
               CLANG_WARN_BLOCK_CAPTURE_AUTORELEASING = YES
               CLANG_WARN_BOOL_CONVERSION = YES
               CLANG_WARN_COMMA = YES
               CLANG_WARN_CONSTANT_CONVERSION = YES
               CLANG_WARN_DEPRECATED_OBJC_IMPLEMENTATIONS = YES
               CLANG_WARN_DIRECT_OBJC_ISA_USAGE = YES_ERROR
               CLANG_WARN_DOCUMENTATION_COMMENTS = YES
               CLANG_WARN_EMPTY_BODY = YES
               CLANG_WARN_ENUM_CONVERSION = YES
               CLANG_WARN_INFINITE_RECURSION = YES
               CLANG_WARN_INT_CONVERSION = YES
               CLANG_WARN_NON_LITERAL_NULL_CONVERSION = YES
               CLANG_WARN_OBJC_IMPLICIT_RETAIN_SELF = YES
               CLANG_WARN_OBJC_LITERAL_CONVERSION = YES
               CLANG_WARN_OBJC_ROOT_CLASS = YES_ERROR
               CLANG_WARN_QUOTED_INCLUDE_IN_FRAMEWORK_HEADER = NO
               CLANG_WARN_RANGE_LOOP_ANALYSIS = YES
               CLANG_WARN_STRICT_PROTOTYPES = YES
               CLANG_WARN_SUSPICIOUS_MOVE = YES
               CLANG_WARN_UNGUARDED_AVAILABILITY = YES_AGGRESSIVE
               CLANG_WARN_UNREACHABLE_CODE = YES
               CLANG_WARN__DUPLICATE_METHOD_MATCH = YES
               CLASS_FILE_DIR = /Users/gregoriomorelli/Documents/vibra/build/ios/Pods.build/Release-iphonesimulator/image_picker_ios-image_picker_ios_privacy.build/JavaClasses
               CLEAN_PRECOMPS = YES
               CLONE_HEADERS = NO
               CODESIGNING_FOLDER_PATH = /Users/gregoriomorelli/Documents/vibra/build/ios/Release-iphonesimulator/image_picker_ios/image_picker_ios_privacy.bundle
               CODE_SIGNING_ALLOWED = NO
               CODE_SIGNING_IDENTITY = -
               CODE_SIGNING_REQUIRED = NO
               CODE_SIGN_CONTEXT_CLASS = XCiPhoneSimulatorCodeSignContext
               CODE_SIGN_IDENTITY = -
               CODE_SIGN_INJECT_BASE_ENTITLEMENTS = YES
               COLOR_DIAGNOSTICS = NO
               COMBINE_HIDPI_IMAGES = NO
               COMPILATION_CACHE_CAS_PATH = /var/folders/pg/x6t89f2n7s7299rcw8hv33180000gn/C/com.apple.DeveloperTools/26.5-17F42/Xcode/CompilationCache.noindex
               COMPILATION_CACHE_KEEP_CAS_DIRECTORY = YES
               COMPILER_INDEX_STORE_ENABLE = Default
               COMPOSITE_SDK_DIRS = /Users/gregoriomorelli/Documents/vibra/build/ios/CompositeSDKs
               COMPRESS_PNG_FILES = YES
               CONFIGURATION = Release
               CONFIGURATION_BUILD_DIR = /Users/gregoriomorelli/Documents/vibra/build/ios/Release-iphonesimulator/image_picker_ios
               CONFIGURATION_TEMP_DIR = /Users/gregoriomorelli/Documents/vibra/build/ios/Pods.build/Release-iphonesimulator
               CONTENTS_FOLDER_PATH = image_picker_ios_privacy.bundle
               CONTENTS_FOLDER_PATH_SHALLOW_BUNDLE_NO = image_picker_ios_privacy.bundle/Contents
               CONTENTS_FOLDER_PATH_SHALLOW_BUNDLE_YES = image_picker_ios_privacy.bundle
               COPYING_PRESERVES_HFS_DATA = NO
               COPY_HEADERS_RUN_UNIFDEF = NO
               COPY_PHASE_STRIP = NO
               CORRESPONDING_DEVICE_PLATFORM_DIR = /Applications/Xcode.app/Contents/Developer/Platforms/iPhoneOS.platform
               CORRESPONDING_DEVICE_PLATFORM_NAME = iphoneos
               CORRESPONDING_DEVICE_SDK_DIR = /Applications/Xcode.app/Contents/Developer/Platforms/iPhoneOS.platform/Developer/SDKs/iPhoneOS26.5.sdk
               CORRESPONDING_DEVICE_SDK_NAME = iphoneos26.5
               CP = /bin/cp
               CREATE_INFOPLIST_SECTION_IN_BINARY = NO
               CURRENT_ARCH = undefined_arch
               CURRENT_VARIANT = normal
               DEAD_CODE_STRIPPING = YES
               DEBUGGING_SYMBOLS = YES
               DEBUG_INFORMATION_FORMAT = dwarf-with-dsym
               DEBUG_INFORMATION_VERSION = compiler-default
               DEFAULT_COMPILER = com.apple.compilers.llvm.clang.1_0
               DEFAULT_DEXT_INSTALL_PATH = /System/Library/DriverExtensions
               DEFAULT_KEXT_INSTALL_PATH = /System/Library/Extensions
               DEFINES_MODULE = YES
               DEPLOYMENT_LOCATION = NO
               DEPLOYMENT_POSTPROCESSING = NO
               DEPLOYMENT_TARGET_SETTING_NAME = IPHONEOS_DEPLOYMENT_TARGET
               DEPLOYMENT_TARGET_SUGGESTED_VALUES = 12.0 12.1 12.2 12.3 12.4 13.0 13.1 13.2 13.3 13.4 13.5 13.6 14.0 14.1 14.2 14.3 14.4 14.5 14.6 14.7 15.0 15.1 15.2 15.3 15.4 15.5 15.6 16.0 16.1 16.2 16.3 16.4 16.5 16.6 17.0 17.1 17.2 17.3 17.4 17.5 17.6 18.0 18.1 18.2 18.3 18.4 18.5 18.6 26.0 26.2 26.3 26.4 26.5
               DERIVED_FILES_DIR = /Users/gregoriomorelli/Documents/vibra/build/ios/Pods.build/Release-iphonesimulator/image_picker_ios-image_picker_ios_privacy.build/DerivedSources
               DERIVED_FILE_DIR = /Users/gregoriomorelli/Documents/vibra/build/ios/Pods.build/Release-iphonesimulator/image_picker_ios-image_picker_ios_privacy.build/DerivedSources
               DERIVED_SOURCES_DIR = /Users/gregoriomorelli/Documents/vibra/build/ios/Pods.build/Release-iphonesimulator/image_picker_ios-image_picker_ios_privacy.build/DerivedSources
               DEVELOPER_APPLICATIONS_DIR = /Applications/Xcode.app/Contents/Developer/Applications
               DEVELOPER_BIN_DIR = /Applications/Xcode.app/Contents/Developer/usr/bin
               DEVELOPER_DIR = /Applications/Xcode.app/Contents/Developer
               DEVELOPER_FRAMEWORKS_DIR = /Applications/Xcode.app/Contents/Developer/Library/Frameworks
               DEVELOPER_FRAMEWORKS_DIR_QUOTED = /Applications/Xcode.app/Contents/Developer/Library/Frameworks
               DEVELOPER_LIBRARY_DIR = /Applications/Xcode.app/Contents/Developer/Library
               DEVELOPER_SDK_DIR = /Applications/Xcode.app/Contents/Developer/Platforms/MacOSX.platform/Developer/SDKs
               DEVELOPER_TOOLS_DIR = /Applications/Xcode.app/Contents/Developer/Tools
               DEVELOPER_USR_DIR = /Applications/Xcode.app/Contents/Developer/usr
               DEVELOPMENT_LANGUAGE = en
               DIAGNOSE_MISSING_TARGET_DEPENDENCIES = YES
               DIFF = /usr/bin/diff
               DOCUMENTATION_FOLDER_PATH = image_picker_ios_privacy.bundle/en.lproj/Documentation
               DONT_GENERATE_INFOPLIST_FILE = NO
               DRIVERKIT_DEPLOYMENT_TARGET = 25.5
               DSTROOT = /tmp/Pods.dst
               DT_TOOLCHAIN_DIR = /Applications/Xcode.app/Contents/Developer/Toolchains/XcodeDefault.xctoolchain
               DUMP_DEPENDENCIES = NO
               DUMP_DEPENDENCIES_OUTPUT_PATH = /Users/gregoriomorelli/Documents/vibra/build/ios/Pods.build/Release-iphonesimulator/image_picker_ios-image_picker_ios_privacy.build/image_picker_ios-image_picker_ios_privacy-BuildDependencyInfo.json
               DWARF_DSYM_FILE_NAME = image_picker_ios_privacy.bundle.dSYM
               DWARF_DSYM_FILE_SHOULD_ACCOMPANY_PRODUCT = NO
               DWARF_DSYM_FOLDER_PATH = /Users/gregoriomorelli/Documents/vibra/build/ios/Release-iphonesimulator/image_picker_ios
               DYNAMIC_LIBRARY_EXTENSION = dylib
               EAGER_COMPILATION_ALLOW_SCRIPTS = NO
               EAGER_LINKING = NO
               EFFECTIVE_PLATFORM_NAME = -iphonesimulator
               EFFECTIVE_SWIFT_VERSION = 5
               EMBEDDED_CONTENT_CONTAINS_SWIFT = NO
               EMBED_ASSET_PACKS_IN_PRODUCT_BUNDLE = NO
               ENABLE_APP_SANDBOX = NO
               ENABLE_CODE_COVERAGE = YES
               ENABLE_COHORT_ARCHS = NO
               ENABLE_CPLUSPLUS_BOUNDS_SAFE_BUFFERS = NO
               ENABLE_C_BOUNDS_SAFETY = NO
               ENABLE_DEFAULT_HEADER_SEARCH_PATHS = YES
               ENABLE_DEFAULT_SEARCH_PATHS = YES
               ENABLE_ENHANCED_SECURITY = NO
               ENABLE_HARDENED_RUNTIME = NO
               ENABLE_HEADER_DEPENDENCIES = YES
               ENABLE_INCOMING_NETWORK_CONNECTIONS = NO
               ENABLE_NS_ASSERTIONS = NO
               ENABLE_ON_DEMAND_RESOURCES = NO
               ENABLE_OUTGOING_NETWORK_CONNECTIONS = NO
               ENABLE_POINTER_AUTHENTICATION = NO
               ENABLE_RESOURCE_ACCESS_AUDIO_INPUT = NO
               ENABLE_RESOURCE_ACCESS_BLUETOOTH = NO
               ENABLE_RESOURCE_ACCESS_CALENDARS = NO
               ENABLE_RESOURCE_ACCESS_CAMERA = NO
               ENABLE_RESOURCE_ACCESS_CONTACTS = NO
               ENABLE_RESOURCE_ACCESS_LOCATION = NO
               ENABLE_RESOURCE_ACCESS_PHOTO_LIBRARY = NO
               ENABLE_RESOURCE_ACCESS_PRINTING = NO
               ENABLE_RESOURCE_ACCESS_USB = NO
               ENABLE_SDK_IMPORTS = NO
               ENABLE_SECURITY_COMPILER_WARNINGS = NO
               ENABLE_STRICT_OBJC_MSGSEND = YES
               ENABLE_TESTABILITY = NO
               ENABLE_TESTING_SEARCH_PATHS = NO
               ENABLE_USER_SCRIPT_SANDBOXING = NO
               ENFORCE_VALID_ARCHS = YES
               ENTITLEMENTS_DESTINATION = __entitlements
               ENTITLEMENTS_REQUIRED = NO
               EXCLUDED_INSTALLSRC_SUBDIRECTORY_PATTERNS = .DS_Store .svn .git .hg CVS
               EXCLUDED_RECURSIVE_SEARCH_PATH_SUBDIRECTORIES = *.nib *.lproj *.framework *.gch *.xcode* *.xcassets *.icon (*) .DS_Store CVS .svn .git .hg *.pbproj *.pbxproj
               EXECUTABLES_FOLDER_PATH = image_picker_ios_privacy.bundle/Executables
               EXECUTABLE_FOLDER_PATH = image_picker_ios_privacy.bundle
               EXECUTABLE_FOLDER_PATH_SHALLOW_BUNDLE_NO = image_picker_ios_privacy.bundle/MacOS
               EXECUTABLE_FOLDER_PATH_SHALLOW_BUNDLE_YES = image_picker_ios_privacy.bundle
               EXECUTABLE_NAME = image_picker_ios_privacy
               EXECUTABLE_PATH = image_picker_ios_privacy.bundle/image_picker_ios_privacy
               EXPANDED_CODE_SIGN_IDENTITY = -
               EXTENSIONS_FOLDER_PATH = image_picker_ios_privacy.bundle/Extensions
               FILE_LIST = /Users/gregoriomorelli/Documents/vibra/build/ios/Pods.build/Release-iphonesimulator/image_picker_ios-image_picker_ios_privacy.build/Objects/LinkFileList
               FIXED_FILES_DIR = /Users/gregoriomorelli/Documents/vibra/build/ios/Pods.build/Release-iphonesimulator/image_picker_ios-image_picker_ios_privacy.build/FixedFiles
               FRAMEWORKS_FOLDER_PATH = image_picker_ios_privacy.bundle/Frameworks
               FRAMEWORK_FLAG_PREFIX = -framework
               FRAMEWORK_SEARCH_PATHS = /Users/gregoriomorelli/Documents/vibra/build/ios/Release-iphonesimulator/image_picker_ios 
               FRAMEWORK_VERSION = A
               FULL_PRODUCT_NAME = image_picker_ios_privacy.bundle
               FUSE_BUILD_PHASES = YES
               FUSE_BUILD_SCRIPT_PHASES = NO
               GCC3_VERSION = 3.3
               GCC_C_LANGUAGE_STANDARD = gnu11
               GCC_INLINES_ARE_PRIVATE_EXTERN = YES
               GCC_NO_COMMON_BLOCKS = YES
               GCC_OBJC_LEGACY_DISPATCH = YES
               GCC_PFE_FILE_C_DIALECTS = c objective-c c++ objective-c++
               GCC_PREPROCESSOR_DEFINITIONS = POD_CONFIGURATION_RELEASE=1  COCOAPODS=1
               GCC_TREAT_WARNINGS_AS_ERRORS = NO
               GCC_VERSION = com.apple.compilers.llvm.clang.1_0
               GCC_VERSION_IDENTIFIER = com_apple_compilers_llvm_clang_1_0
               GCC_WARN_64_TO_32_BIT_CONVERSION = YES
               GCC_WARN_ABOUT_RETURN_TYPE = YES_ERROR
               GCC_WARN_UNDECLARED_SELECTOR = YES
               GCC_WARN_UNINITIALIZED_AUTOS = YES_AGGRESSIVE
               GCC_WARN_UNUSED_FUNCTION = YES
               GCC_WARN_UNUSED_VARIABLE = YES
               GENERATED_MODULEMAP_DIR = /Users/gregoriomorelli/Documents/vibra/build/ios/GeneratedModuleMaps-iphonesimulator
               GENERATE_INFOPLIST_FILE = NO
               GENERATE_INTERMEDIATE_TEXT_BASED_STUBS = YES
               GENERATE_PKGINFO_FILE = NO
               GENERATE_PRELINK_OBJECT_FILE = NO
               GENERATE_PROFILING_CODE = NO
               GENERATE_TEXT_BASED_STUBS = NO
               GID = 20
               GROUP = staff
               HEADERMAP_INCLUDES_FLAT_ENTRIES_FOR_TARGET_BEING_BUILT = YES
               HEADERMAP_INCLUDES_FRAMEWORK_ENTRIES_FOR_ALL_PRODUCT_TYPES = YES
               HEADERMAP_INCLUDES_FRAMEWORK_ENTRIES_FOR_TARGETS_NOT_BEING_BUILT = YES
               HEADERMAP_INCLUDES_NONPUBLIC_NONPRIVATE_HEADERS = YES
               HEADERMAP_INCLUDES_PROJECT_HEADERS = YES
               HEADERMAP_USES_FRAMEWORK_PREFIX_ENTRIES = YES
               HEADERMAP_USES_VFS = YES
               HEADER_SEARCH_PATHS = /Users/gregoriomorelli/Documents/vibra/build/ios/Release-iphonesimulator/image_picker_ios/include 
               HOME = /Users/gregoriomorelli
               HOST_ARCH = arm64
               HOST_PLATFORM = macosx
               IBSC_MODULE = image_picker_ios
               ICONV = /usr/bin/iconv
               IMPLICIT_DEPENDENCY_DOMAIN = default
               INDEX_STORE_COMPRESS = NO
               INDEX_STORE_ONLY_PROJECT_FILES = NO
               INFOPLIST_ENABLE_CFBUNDLEICONS_MERGE = YES
               INFOPLIST_EXPAND_BUILD_SETTINGS = YES
               INFOPLIST_FILE = Target Support Files/image_picker_ios/ResourceBundle-image_picker_ios_privacy-image_picker_ios-Info.plist
               INFOPLIST_OUTPUT_FORMAT = binary
               INFOPLIST_PATH = image_picker_ios_privacy.bundle/Info.plist
               INFOPLIST_PREPROCESS = NO
               INFOSTRINGS_PATH = image_picker_ios_privacy.bundle/en.lproj/InfoPlist.strings
               INLINE_PRIVATE_FRAMEWORKS = NO
               INSTALLAPI_IGNORE_SKIP_INSTALL = YES
               INSTALLHDRS_COPY_PHASE = NO
               INSTALLHDRS_SCRIPT_PHASE = NO
               INSTALL_DIR = /tmp/Pods.dst
               INSTALL_GROUP = staff
               INSTALL_MODE_FLAG = u+w,go-w,a+rX
               INSTALL_OWNER = gregoriomorelli
               INSTALL_ROOT = /tmp/Pods.dst
               IPHONEOS_DEPLOYMENT_TARGET = 13.0
               IS_UNOPTIMIZED_BUILD = NO
               JAVAC_DEFAULT_FLAGS = -J-Xms64m -J-XX:NewSize=4M -J-Dfile.encoding=UTF8
               JAVA_APP_STUB = /System/Library/Frameworks/JavaVM.framework/Resources/MacOS/JavaApplicationStub
               JAVA_ARCHIVE_CLASSES = YES
               JAVA_ARCHIVE_TYPE = JAR
               JAVA_COMPILER = /usr/bin/javac
               JAVA_FOLDER_PATH = image_picker_ios_privacy.bundle/Java
               JAVA_FRAMEWORK_RESOURCES_DIRS = Resources
               JAVA_JAR_FLAGS = cv
               JAVA_SOURCE_SUBDIR = .
               JAVA_USE_DEPENDENCIES = YES
               JAVA_ZIP_FLAGS = -urg
               JIKES_DEFAULT_FLAGS = +E +OLDCSO
               KEEP_PRIVATE_EXTERNS = NO
               LD_DEPENDENCY_INFO_FILE = /Users/gregoriomorelli/Documents/vibra/build/ios/Pods.build/Release-iphonesimulator/image_picker_ios-image_picker_ios_privacy.build/Objects-normal/undefined_arch/image_picker_ios_privacy_dependency_info.dat
               LD_EXPORT_SYMBOLS = YES
               LD_GENERATE_MAP_FILE = NO
               LD_MAP_FILE_PATH = /Users/gregoriomorelli/Documents/vibra/build/ios/Pods.build/Release-iphonesimulator/image_picker_ios-image_picker_ios_privacy.build/image_picker_ios_privacy-LinkMap-normal-undefined_arch.txt
               LD_NO_PIE = NO
               LD_QUOTE_LINKER_ARGUMENTS_FOR_COMPILER_DRIVER = YES
               LD_SHARED_CACHE_ELIGIBLE = Automatic
               LD_WARN_DUPLICATE_LIBRARIES = NO
               LD_WARN_UNUSED_DYLIBS = NO
               LEGACY_DEVELOPER_DIR = /Applications/Xcode.app/Contents/PlugIns/Xcode3Core.ideplugin/Contents/SharedSupport/Developer
               LEX = lex
               LIBRARY_DEXT_INSTALL_PATH = /Library/DriverExtensions
               LIBRARY_FLAG_NOSPACE = YES
               LIBRARY_FLAG_PREFIX = -l
               LIBRARY_KEXT_INSTALL_PATH = /Library/Extensions
               LIBRARY_SEARCH_PATHS = /Users/gregoriomorelli/Documents/vibra/build/ios/Release-iphonesimulator/image_picker_ios 
               LINKER_DISPLAYS_MANGLED_NAMES = NO
               LINK_FILE_LIST_normal_arm64 = /Users/gregoriomorelli/Documents/vibra/build/ios/Pods.build/Release-iphonesimulator/image_picker_ios-image_picker_ios_privacy.build/Objects-normal/arm64/image_picker_ios_privacy.LinkFileList
               LINK_FILE_LIST_normal_x86_64 = /Users/gregoriomorelli/Documents/vibra/build/ios/Pods.build/Release-iphonesimulator/image_picker_ios-image_picker_ios_privacy.build/Objects-normal/x86_64/image_picker_ios_privacy.LinkFileList
               LINK_OBJC_RUNTIME = YES
               LINK_WITH_STANDARD_LIBRARIES = YES
               LLVM_TARGET_TRIPLE_OS_VERSION = ios13.0
               LLVM_TARGET_TRIPLE_SUFFIX = -simulator
               LLVM_TARGET_TRIPLE_VENDOR = apple
               LM_AUX_CONST_METADATA_LIST_PATH_normal_arm64 = /Users/gregoriomorelli/Documents/vibra/build/ios/Pods.build/Release-iphonesimulator/image_picker_ios-image_picker_ios_privacy.build/Objects-normal/arm64/image_picker_ios_privacy.SwiftConstValuesFileList
               LM_AUX_CONST_METADATA_LIST_PATH_normal_x86_64 = /Users/gregoriomorelli/Documents/vibra/build/ios/Pods.build/Release-iphonesimulator/image_picker_ios-image_picker_ios_privacy.build/Objects-normal/x86_64/image_picker_ios_privacy.SwiftConstValuesFileList
               LOCALIZATION_EXPORT_SUPPORTED = YES
               LOCALIZATION_PREFERS_STRING_CATALOGS = NO
               LOCALIZED_RESOURCES_FOLDER_PATH = image_picker_ios_privacy.bundle/en.lproj
               LOCALIZED_STRING_CODE_COMMENTS = NO
               LOCALIZED_STRING_MACRO_NAMES = NSLocalizedString CFCopyLocalizedString
               LOCALIZED_STRING_SWIFTUI_SUPPORT = YES
               LOCAL_ADMIN_APPS_DIR = /Applications/Utilities
               LOCAL_APPS_DIR = /Applications
               LOCAL_DEVELOPER_DIR = /Library/Developer
               LOCAL_LIBRARY_DIR = /Library
               LOCROOT = /Users/gregoriomorelli/Documents/vibra/ios/Pods
               LOCSYMROOT = /Users/gregoriomorelli/Documents/vibra/ios/Pods
               MACH_O_TYPE = mh_bundle
               MACOSX_DEPLOYMENT_TARGET = 26.5
               MAC_OS_X_PRODUCT_BUILD_VERSION = 25F84
               MAC_OS_X_VERSION_ACTUAL = 260502
               MAC_OS_X_VERSION_MAJOR = 260000
               MAC_OS_X_VERSION_MINOR = 260500
               MAKE_MERGEABLE = NO
               MERGEABLE_LIBRARY = NO
               MERGED_BINARY_TYPE = none
               MERGE_LINKED_LIBRARIES = NO
               METAL_LIBRARY_FILE_BASE = default
               METAL_LIBRARY_OUTPUT_DIR = /Users/gregoriomorelli/Documents/vibra/build/ios/Release-iphonesimulator/image_picker_ios/image_picker_ios_privacy.bundle
               MODULES_FOLDER_PATH = image_picker_ios_privacy.bundle/Modules
               MTL_ENABLE_DEBUG_INFO = NO
               MTL_FAST_MATH = YES
               NATIVE_ARCH = arm64
               NATIVE_ARCH_32_BIT = arm
               NATIVE_ARCH_64_BIT = arm64
               NATIVE_ARCH_ACTUAL = arm64
               NO_COMMON = YES
               OBJC_ABI_VERSION = 2
               OBJECT_FILE_DIR = /Users/gregoriomorelli/Documents/vibra/build/ios/Pods.build/Release-iphonesimulator/image_picker_ios-image_picker_ios_privacy.build/Objects
               OBJECT_FILE_DIR_normal = /Users/gregoriomorelli/Documents/vibra/build/ios/Pods.build/Release-iphonesimulator/image_picker_ios-image_picker_ios_privacy.build/Objects-normal
               OBJROOT = /Users/gregoriomorelli/Documents/vibra/build/ios
               ONLY_ACTIVE_ARCH = NO
               OS = MACOS
               OSAC = /usr/bin/osacompile
               PACKAGE_TYPE = com.apple.package-type.wrapper
               PASCAL_STRINGS = YES
               PATH = /Applications/Xcode.app/Contents/SharedFrameworks/SwiftBuild.framework/Versions/A/PlugIns/SWBBuildService.bundle/Contents/PlugIns/SWBUniversalPlatformPlugin.bundle/Contents/Frameworks/SWBUniversalPlatform.framework/Resources:/Applications/Xcode.app/Contents/Developer/Toolchains/XcodeDefault.xctoolchain/usr/bin:/Applications/Xcode.app/Contents/Developer/Toolchains/XcodeDefault.xctoolchain/usr/local/bin:/Applications/Xcode.app/Contents/Developer/Toolchains/XcodeDefault.xctoolchain/usr/libexec:/Applications/Xcode.app/Contents/Developer/Platforms/iPhoneSimulator.platform/usr/bin:/Applications/Xcode.app/Contents/Developer/Platforms/iPhoneSimulator.platform/usr/local/bin:/Applications/Xcode.app/Contents/Developer/Platforms/iPhoneSimulator.platform/Developer/usr/bin:/Applications/Xcode.app/Contents/Developer/Platforms/iPhoneSimulator.platform/Developer/usr/local/bin:/Applications/Xcode.app/Contents/Developer/usr/bin:/Applications/Xcode.app/Contents/Developer/usr/local/bin:/Users/gregoriomorelli/.gemini/antigravity/bin:/Users/gregoriomorelli/Library/Application Support/Antigravity/bin:/opt/homebrew/bin:/opt/homebrew/sbin:/Library/Developer/CommandLineTools/usr/bin:/Users/gregoriomorelli/development/flutter/bin:/Users/gregoriomorelli/Library/Android/sdk/platform-tools:/Users/gregoriomorelli/Library/Android/sdk/cmdline-tools/latest/bin:/Users/gregoriomorelli/Library/Android/sdk/emulator:/Users/gregoriomorelli/.antigravity-ide/antigravity-ide/bin:/Users/gregoriomorelli/.antigravity/antigravity/bin:/Applications/XAMPP/xamppfiles/bin:/Users/gregoriomorelli/develop/flutter/bin:/usr/local/bin:/System/Cryptexes/App/usr/bin:/usr/bin:/bin:/usr/sbin:/sbin:/var/run/com.apple.security.cryptexd/codex.system/bootstrap/usr/local/bin:/var/run/com.apple.security.cryptexd/codex.system/bootstrap/usr/bin:/var/run/com.apple.security.cryptexd/codex.system/bootstrap/usr/appleinternal/bin:/pkg/env/global/bin:/Users/gregoriomorelli/.spicetify
               PATH_PREFIXES_EXCLUDED_FROM_HEADER_DEPENDENCIES = /usr/include /usr/local/include /System/Library/Frameworks /System/Library/PrivateFrameworks /Applications/Xcode.app/Contents/Developer/Headers /Applications/Xcode.app/Contents/Developer/SDKs /Applications/Xcode.app/Contents/Developer/Platforms
               PBDEVELOPMENTPLIST_PATH = image_picker_ios_privacy.bundle/pbdevelopment.plist
               PER_ARCH_MODULE_FILE_DIR = /Users/gregoriomorelli/Documents/vibra/build/ios/Pods.build/Release-iphonesimulator/image_picker_ios-image_picker_ios_privacy.build/Objects-normal/undefined_arch
               PER_ARCH_OBJECT_FILE_DIR = /Users/gregoriomorelli/Documents/vibra/build/ios/Pods.build/Release-iphonesimulator/image_picker_ios-image_picker_ios_privacy.build/Objects-normal/undefined_arch
               PER_VARIANT_OBJECT_FILE_DIR = /Users/gregoriomorelli/Documents/vibra/build/ios/Pods.build/Release-iphonesimulator/image_picker_ios-image_picker_ios_privacy.build/Objects-normal
               PKGINFO_FILE_PATH = /Users/gregoriomorelli/Documents/vibra/build/ios/Pods.build/Release-iphonesimulator/image_picker_ios-image_picker_ios_privacy.build/PkgInfo
               PKGINFO_PATH = image_picker_ios_privacy.bundle/PkgInfo
               PLATFORM_DEVELOPER_APPLICATIONS_DIR = /Applications/Xcode.app/Contents/Developer/Platforms/iPhoneSimulator.platform/Developer/Applications
               PLATFORM_DEVELOPER_BIN_DIR = /Applications/Xcode.app/Contents/Developer/Platforms/iPhoneSimulator.platform/Developer/usr/bin
               PLATFORM_DEVELOPER_LIBRARY_DIR = /Applications/Xcode.app/Contents/Developer/Platforms/iPhoneSimulator.platform/Developer/Library
               PLATFORM_DEVELOPER_SDK_DIR = /Applications/Xcode.app/Contents/Developer/Platforms/iPhoneSimulator.platform/Developer/SDKs
               PLATFORM_DEVELOPER_TOOLS_DIR = /Applications/Xcode.app/Contents/Developer/Platforms/iPhoneSimulator.platform/Developer/Tools
               PLATFORM_DEVELOPER_USR_DIR = /Applications/Xcode.app/Contents/Developer/Platforms/iPhoneSimulator.platform/Developer/usr
               PLATFORM_DIR = /Applications/Xcode.app/Contents/Developer/Platforms/iPhoneSimulator.platform
               PLATFORM_DISPLAY_NAME = iOS Simulator
               PLATFORM_FAMILY_NAME = iOS
               PLATFORM_NAME = iphonesimulator
               PLATFORM_PREFERRED_ARCH = x86_64
               PLATFORM_PRODUCT_BUILD_VERSION = 23F73
               PLATFORM_REQUIRES_SWIFT_AUTOLINK_EXTRACT = NO
               PLATFORM_REQUIRES_SWIFT_MODULEWRAP = NO
               PLATFORM_USES_DSYMS = YES
               PLIST_FILE_OUTPUT_FORMAT = binary
               PLUGINS_FOLDER_PATH = image_picker_ios_privacy.bundle/PlugIns
               PODS_BUILD_DIR = /Users/gregoriomorelli/Documents/vibra/build/ios
               PODS_CONFIGURATION_BUILD_DIR = /Users/gregoriomorelli/Documents/vibra/build/ios/Release-iphonesimulator
               PODS_DEVELOPMENT_LANGUAGE = en
               PODS_ROOT = /Users/gregoriomorelli/Documents/vibra/ios/Pods
               PODS_TARGET_SRCROOT = /Users/gregoriomorelli/Documents/vibra/ios/Pods/../.symlinks/plugins/image_picker_ios/ios
               PODS_XCFRAMEWORKS_BUILD_DIR = /Users/gregoriomorelli/Documents/vibra/build/ios/Release-iphonesimulator/XCFrameworkIntermediates
               PRECOMPS_INCLUDE_HEADERS_FROM_BUILT_PRODUCTS_DIR = YES
               PRECOMP_DESTINATION_DIR = /Users/gregoriomorelli/Documents/vibra/build/ios/Pods.build/Release-iphonesimulator/image_picker_ios-image_picker_ios_privacy.build/PrefixHeaders
               PRIVATE_HEADERS_FOLDER_PATH = image_picker_ios_privacy.bundle/PrivateHeaders
               PROCESSED_INFOPLIST_PATH = /Users/gregoriomorelli/Documents/vibra/build/ios/Pods.build/Release-iphonesimulator/image_picker_ios-image_picker_ios_privacy.build/Objects-normal/undefined_arch/Processed-Info.plist
               PRODUCT_BUNDLE_IDENTIFIER = org.cocoapods.image-picker-ios-privacy
               PRODUCT_BUNDLE_PACKAGE_TYPE = BNDL
               PRODUCT_MODULE_NAME = image_picker_ios_privacy
               PRODUCT_NAME = image_picker_ios_privacy
               PRODUCT_SETTINGS_PATH = /Users/gregoriomorelli/Documents/vibra/ios/Pods/Target Support Files/image_picker_ios/ResourceBundle-image_picker_ios_privacy-image_picker_ios-Info.plist
               PRODUCT_TYPE = com.apple.product-type.bundle
               PROFILING_CODE = NO
               PROJECT = Pods
               PROJECT_DERIVED_FILE_DIR = /Users/gregoriomorelli/Documents/vibra/build/ios/Pods.build/DerivedSources
               PROJECT_DIR = /Users/gregoriomorelli/Documents/vibra/ios/Pods
               PROJECT_FILE_PATH = /Users/gregoriomorelli/Documents/vibra/ios/Pods/Pods.xcodeproj
               PROJECT_GUID = bfdfe7dc352907fc980b868725387e98
               PROJECT_NAME = Pods
               PROJECT_TEMP_DIR = /Users/gregoriomorelli/Documents/vibra/build/ios/Pods.build
               PROJECT_TEMP_ROOT = /Users/gregoriomorelli/Documents/vibra/build/ios
               PUBLIC_HEADERS_FOLDER_PATH = image_picker_ios_privacy.bundle/Headers
               RECOMMENDED_IPHONEOS_DEPLOYMENT_TARGET = 15.0
               RECURSIVE_SEARCH_PATHS_FOLLOW_SYMLINKS = YES
               REMOVE_CVS_FROM_RESOURCES = YES
               REMOVE_GIT_FROM_RESOURCES = YES
               REMOVE_HEADERS_FROM_EMBEDDED_BUNDLES = YES
               REMOVE_HG_FROM_RESOURCES = YES
               REMOVE_STATIC_EXECUTABLES_FROM_EMBEDDED_BUNDLES = YES
               REMOVE_SVN_FROM_RESOURCES = YES
               RESCHEDULE_INDEPENDENT_HEADERS_PHASES = YES
               REZ_COLLECTOR_DIR = /Users/gregoriomorelli/Documents/vibra/build/ios/Pods.build/Release-iphonesimulator/image_picker_ios-image_picker_ios_privacy.build/ResourceManagerResources
               REZ_OBJECTS_DIR = /Users/gregoriomorelli/Documents/vibra/build/ios/Pods.build/Release-iphonesimulator/image_picker_ios-image_picker_ios_privacy.build/ResourceManagerResources/Objects
               REZ_SEARCH_PATHS = /Users/gregoriomorelli/Documents/vibra/build/ios/Release-iphonesimulator/image_picker_ios 
               RPATH_ORIGIN = @loader_path
               RUNTIME_EXCEPTION_ALLOW_DYLD_ENVIRONMENT_VARIABLES = NO
               RUNTIME_EXCEPTION_ALLOW_JIT = NO
               RUNTIME_EXCEPTION_ALLOW_UNSIGNED_EXECUTABLE_MEMORY = NO
               RUNTIME_EXCEPTION_DEBUGGING_TOOL = NO
               RUNTIME_EXCEPTION_DISABLE_EXECUTABLE_PAGE_PROTECTION = NO
               RUNTIME_EXCEPTION_DISABLE_LIBRARY_VALIDATION = NO
               SCANNING_PCM_KEEP_CACHE_DIRECTORY = YES
               SCAN_ALL_SOURCE_FILES_FOR_INCLUDES = NO
               SCRIPTS_FOLDER_PATH = image_picker_ios_privacy.bundle/Scripts
               SDKROOT = /Applications/Xcode.app/Contents/Developer/Platforms/iPhoneSimulator.platform/Developer/SDKs/iPhoneSimulator26.5.sdk
               SDK_DIR = /Applications/Xcode.app/Contents/Developer/Platforms/iPhoneSimulator.platform/Developer/SDKs/iPhoneSimulator26.5.sdk
               SDK_DIR_iphonesimulator = /Applications/Xcode.app/Contents/Developer/Platforms/iPhoneSimulator.platform/Developer/SDKs/iPhoneSimulator26.5.sdk
               SDK_DIR_iphonesimulator26_5 = /Applications/Xcode.app/Contents/Developer/Platforms/iPhoneSimulator.platform/Developer/SDKs/iPhoneSimulator26.5.sdk
               SDK_NAME = iphonesimulator26.5
               SDK_NAMES = iphonesimulator26.5
               SDK_PRODUCT_BUILD_VERSION = 23F73
               SDK_STAT_CACHE_DIR = /var/folders/pg/x6t89f2n7s7299rcw8hv33180000gn/C/com.apple.DeveloperTools/26.5-17F42/Xcode
               SDK_STAT_CACHE_ENABLE = YES
               SDK_STAT_CACHE_PATH = /var/folders/pg/x6t89f2n7s7299rcw8hv33180000gn/C/com.apple.DeveloperTools/26.5-17F42/Xcode/SDKStatCaches.noindex/iphonesimulator26.5-23F73-6cfe768891a92b912361537c460fe42b.sdkstatcache
               SDK_VERSION = 26.5
               SDK_VERSION_ACTUAL = 260500
               SDK_VERSION_MAJOR = 260000
               SDK_VERSION_MINOR = 260500
               SED = /usr/bin/sed
               SEPARATE_STRIP = NO
               SEPARATE_SYMBOL_EDIT = NO
               SET_DIR_MODE_OWNER_GROUP = YES
               SET_FILE_MODE_OWNER_GROUP = NO
               SHALLOW_BUNDLE = YES
               SHALLOW_BUNDLE_TRIPLE = ios-simulator
               SHALLOW_BUNDLE_ios_macabi = NO
               SHALLOW_BUNDLE_macos = NO
               SHARED_DERIVED_FILE_DIR = /Users/gregoriomorelli/Documents/vibra/build/ios/Release-iphonesimulator/image_picker_ios/DerivedSources
               SHARED_FRAMEWORKS_FOLDER_PATH = image_picker_ios_privacy.bundle/SharedFrameworks
               SHARED_PRECOMPS_DIR = /Users/gregoriomorelli/Documents/vibra/build/ios/SharedPrecompiledHeaders
               SHARED_SUPPORT_FOLDER_PATH = image_picker_ios_privacy.bundle/SharedSupport
               SKIP_INSTALL = YES
               SKIP_MERGEABLE_LIBRARY_BUNDLE_HOOK = NO
               SOURCE_ROOT = /Users/gregoriomorelli/Documents/vibra/ios/Pods
               SRCROOT = /Users/gregoriomorelli/Documents/vibra/ios/Pods
               STRINGSDATA_DIR = /Users/gregoriomorelli/Documents/vibra/build/ios/Pods.build/Release-iphonesimulator/image_picker_ios-image_picker_ios_privacy.build/Objects-normal/undefined_arch
               STRINGSDATA_ROOT = /Users/gregoriomorelli/Documents/vibra/build/ios/Pods.build/Release-iphonesimulator/image_picker_ios-image_picker_ios_privacy.build
               STRINGS_FILE_INFOPLIST_RENAME = YES
               STRINGS_FILE_OUTPUT_ENCODING = binary
               STRING_CATALOG_GENERATE_SYMBOLS = NO
               STRIP_BITCODE_FROM_COPIED_FILES = NO
               STRIP_INSTALLED_PRODUCT = NO
               STRIP_STYLE = non-global
               STRIP_SWIFT_SYMBOLS = YES
               SUPPORTED_DEVICE_FAMILIES = 1,2
               SUPPORTED_PLATFORMS = iphoneos iphonesimulator
               SUPPORTS_TEXT_BASED_API = NO
               SUPPRESS_WARNINGS = NO
               SWIFT_COMPILATION_MODE = wholemodule
               SWIFT_EMIT_CONST_VALUE_PROTOCOLS = AnyResolverProviding AppEntity AppEnum AppExtension AppIntent AppIntentsPackage AppShortcutProviding AppShortcutsProvider AppUnionValue AppUnionValueCasesProviding DynamicOptionsProvider EntityQuery ExtensionPointDefining IntentValueQuery Resolver TransientEntity _AssistantIntentsProvider _GenerativeFunctionExtractable _IntentValueRepresentable
               SWIFT_EMIT_LOC_STRINGS = NO
               SWIFT_ENABLE_EXPLICIT_MODULES = YES
               SWIFT_OPTIMIZATION_LEVEL = -O
               SWIFT_PLATFORM_TARGET_PREFIX = ios
               SWIFT_RESPONSE_FILE_PATH_normal_arm64 = /Users/gregoriomorelli/Documents/vibra/build/ios/Pods.build/Release-iphonesimulator/image_picker_ios-image_picker_ios_privacy.build/Objects-normal/arm64/image_picker_ios_privacy.SwiftFileList
               SWIFT_RESPONSE_FILE_PATH_normal_x86_64 = /Users/gregoriomorelli/Documents/vibra/build/ios/Pods.build/Release-iphonesimulator/image_picker_ios-image_picker_ios_privacy.build/Objects-normal/x86_64/image_picker_ios_privacy.SwiftFileList
               SWIFT_VERSION = 5.0
               SYMROOT = /Users/gregoriomorelli/Documents/vibra/ios/build
               SYSTEM_ADMIN_APPS_DIR = /Applications/Utilities
               SYSTEM_APPS_DIR = /Applications
               SYSTEM_CORE_SERVICES_DIR = /System/Library/CoreServices
               SYSTEM_DEMOS_DIR = /Applications/Extras
               SYSTEM_DEVELOPER_APPS_DIR = /Applications/Xcode.app/Contents/Developer/Applications
               SYSTEM_DEVELOPER_BIN_DIR = /Applications/Xcode.app/Contents/Developer/usr/bin
               SYSTEM_DEVELOPER_DEMOS_DIR = /Applications/Xcode.app/Contents/Developer/Applications/Utilities/Built Examples
               SYSTEM_DEVELOPER_DIR = /Applications/Xcode.app/Contents/Developer
               SYSTEM_DEVELOPER_DOC_DIR = /Applications/Xcode.app/Contents/Developer/ADC Reference Library
               SYSTEM_DEVELOPER_GRAPHICS_TOOLS_DIR = /Applications/Xcode.app/Contents/Developer/Applications/Graphics Tools
               SYSTEM_DEVELOPER_JAVA_TOOLS_DIR = /Applications/Xcode.app/Contents/Developer/Applications/Java Tools
               SYSTEM_DEVELOPER_PERFORMANCE_TOOLS_DIR = /Applications/Xcode.app/Contents/Developer/Applications/Performance Tools
               SYSTEM_DEVELOPER_RELEASENOTES_DIR = /Applications/Xcode.app/Contents/Developer/ADC Reference Library/releasenotes
               SYSTEM_DEVELOPER_TOOLS = /Applications/Xcode.app/Contents/Developer/Tools
               SYSTEM_DEVELOPER_TOOLS_DOC_DIR = /Applications/Xcode.app/Contents/Developer/ADC Reference Library/documentation/DeveloperTools
               SYSTEM_DEVELOPER_TOOLS_RELEASENOTES_DIR = /Applications/Xcode.app/Contents/Developer/ADC Reference Library/releasenotes/DeveloperTools
               SYSTEM_DEVELOPER_USR_DIR = /Applications/Xcode.app/Contents/Developer/usr
               SYSTEM_DEVELOPER_UTILITIES_DIR = /Applications/Xcode.app/Contents/Developer/Applications/Utilities
               SYSTEM_DEXT_INSTALL_PATH = /System/Library/DriverExtensions
               SYSTEM_DOCUMENTATION_DIR = /Library/Documentation
               SYSTEM_EXTENSIONS_FOLDER_PATH = image_picker_ios_privacy.bundle/SystemExtensions
               SYSTEM_EXTENSIONS_FOLDER_PATH_SHALLOW_BUNDLE_NO = image_picker_ios_privacy.bundle/Library/SystemExtensions
               SYSTEM_EXTENSIONS_FOLDER_PATH_SHALLOW_BUNDLE_YES = image_picker_ios_privacy.bundle/SystemExtensions
               SYSTEM_KEXT_INSTALL_PATH = /System/Library/Extensions
               SYSTEM_LIBRARY_DIR = /System/Library
               TAPI_DEMANGLE = YES
               TAPI_ENABLE_PROJECT_HEADERS = NO
               TAPI_LANGUAGE = objective-c
               TAPI_LANGUAGE_STANDARD = compiler-default
               TAPI_USE_SRCROOT = YES
               TAPI_VERIFY_MODE = Pedantic
               TARGETED_DEVICE_FAMILY = 1,2
               TARGETNAME = image_picker_ios-image_picker_ios_privacy
               TARGET_BUILD_DIR = /Users/gregoriomorelli/Documents/vibra/build/ios/Release-iphonesimulator/image_picker_ios
               TARGET_NAME = image_picker_ios-image_picker_ios_privacy
               TARGET_TEMP_DIR = /Users/gregoriomorelli/Documents/vibra/build/ios/Pods.build/Release-iphonesimulator/image_picker_ios-image_picker_ios_privacy.build
               TEMP_DIR = /Users/gregoriomorelli/Documents/vibra/build/ios/Pods.build/Release-iphonesimulator/image_picker_ios-image_picker_ios_privacy.build
               TEMP_FILES_DIR = /Users/gregoriomorelli/Documents/vibra/build/ios/Pods.build/Release-iphonesimulator/image_picker_ios-image_picker_ios_privacy.build
               TEMP_FILE_DIR = /Users/gregoriomorelli/Documents/vibra/build/ios/Pods.build/Release-iphonesimulator/image_picker_ios-image_picker_ios_privacy.build
               TEMP_ROOT = /Users/gregoriomorelli/Documents/vibra/build/ios
               TEMP_SANDBOX_DIR = /Users/gregoriomorelli/Documents/vibra/build/ios/TemporaryTaskSandboxes
               TEST_FRAMEWORK_SEARCH_PATHS =  /Applications/Xcode.app/Contents/Developer/Platforms/iPhoneSimulator.platform/Developer/Library/Frameworks /Applications/Xcode.app/Contents/Developer/Platforms/iPhoneSimulator.platform/Developer/SDKs/iPhoneSimulator26.5.sdk/Developer/Library/Frameworks
               TEST_LIBRARY_SEARCH_PATHS =  /Applications/Xcode.app/Contents/Developer/Platforms/iPhoneSimulator.platform/Developer/usr/lib
               TOOLCHAINS = com.apple.dt.toolchain.XcodeDefault
               TOOLCHAIN_DIR = /Applications/Xcode.app/Contents/Developer/Toolchains/XcodeDefault.xctoolchain
               TREAT_MISSING_BASELINES_AS_TEST_FAILURES = NO
               TREAT_MISSING_SCRIPT_PHASE_OUTPUTS_AS_ERRORS = NO
               TVOS_DEPLOYMENT_TARGET = 26.5
               UID = 501
               UNINSTALLED_PRODUCTS_DIR = /Users/gregoriomorelli/Documents/vibra/build/ios/UninstalledProducts
               UNLOCALIZED_RESOURCES_FOLDER_PATH = image_picker_ios_privacy.bundle
               UNLOCALIZED_RESOURCES_FOLDER_PATH_SHALLOW_BUNDLE_NO = image_picker_ios_privacy.bundle/Resources
               UNLOCALIZED_RESOURCES_FOLDER_PATH_SHALLOW_BUNDLE_YES = image_picker_ios_privacy.bundle
               UNSTRIPPED_PRODUCT = NO
               USER = gregoriomorelli
               USER_APPS_DIR = /Users/gregoriomorelli/Applications
               USER_LIBRARY_DIR = /Users/gregoriomorelli/Library
               USE_DYNAMIC_NO_PIC = YES
               USE_HEADERMAP = YES
               USE_HEADER_SYMLINKS = NO
               USE_RECURSIVE_SCRIPT_INPUTS_IN_SCRIPT_PHASES = YES
               VALIDATE_DEVELOPMENT_ASSET_PATHS = YES_ERROR
               VALIDATE_PRODUCT = NO
               VALID_ARCHS = arm64 x86_64
               VERBOSE_PBXCP = NO
               VERSIONPLIST_PATH = image_picker_ios_privacy.bundle/version.plist
               VERSION_INFO_BUILDER = gregoriomorelli
               VERSION_INFO_FILE = image_picker_ios_privacy_vers.c
               VERSION_INFO_STRING = "@(#)PROGRAM:image_picker_ios_privacy  PROJECT:Pods-"
               WATCHOS_DEPLOYMENT_TARGET = 26.5
               WORKSPACE_DIR = /Users/gregoriomorelli/Documents/vibra/ios/Pods/Pods.xcodeproj
               WRAPPER_EXTENSION = bundle
               WRAPPER_NAME = image_picker_ios_privacy.bundle
               WRAPPER_SUFFIX = .bundle
               WRAP_ASSET_PACKS_IN_SEPARATE_DIRECTORIES = NO
               XCODE_APP_SUPPORT_DIR = /Applications/Xcode.app/Contents/Developer/Library/Xcode
               XCODE_PRODUCT_BUILD_VERSION = 17F42
               XCODE_VERSION_ACTUAL = 2650
               XCODE_VERSION_MAJOR = 2600
               XCODE_VERSION_MINOR = 2650
               XPCSERVICES_FOLDER_PATH = image_picker_ios_privacy.bundle/XPCServices
               XROS_DEPLOYMENT_TARGET = 26.5
               YACC = yacc
               _DISCOVER_COMMAND_LINE_LINKER_INPUTS = YES
               _DISCOVER_COMMAND_LINE_LINKER_INPUTS_INCLUDE_WL = YES
               _LD_MULTIARCH = YES
               _WRAPPER_CONTENTS_DIR_SHALLOW_BUNDLE_NO = /Contents
               _WRAPPER_PARENT_PATH_SHALLOW_BUNDLE_NO = /..
               _WRAPPER_RESOURCES_DIR_SHALLOW_BUNDLE_NO = /Resources
               __DIAGNOSE_DEPRECATED_ARCHS = YES
               __ORIGINAL_SDK_DEFINED_LLVM_TARGET_TRIPLE_SYS = ios
               arch = undefined_arch
               variant = normal

           Build settings for action build and target integration_test:
               ACTION = build
               AD_HOC_CODE_SIGNING_ALLOWED = YES
               ALLOW_BUILD_REQUEST_OVERRIDES = NO
               ALLOW_TARGET_PLATFORM_SPECIALIZATION = NO
               ALTERNATE_GROUP = staff
               ALTERNATE_MODE = u+w,go-w,a+rX
               ALTERNATE_OWNER = gregoriomorelli
               ALTERNATIVE_DISTRIBUTION_WEB = NO
               ALWAYS_EMBED_SWIFT_STANDARD_LIBRARIES = NO
               ALWAYS_SEARCH_USER_PATHS = NO
               ALWAYS_USE_SEPARATE_HEADERMAPS = NO
               APPLICATION_EXTENSION_API_ONLY = NO
               APPLY_RULES_IN_COPY_FILES = NO
               APPLY_RULES_IN_COPY_HEADERS = NO
               APP_SHORTCUTS_ENABLE_FLEXIBLE_MATCHING = YES
               ARCHS = arm64 x86_64
               ARCHS_BASE = arm64 x86_64
               ARCHS_STANDARD = arm64 x86_64
               ARCHS_STANDARD_32_64_BIT = arm64 x86_64
               ARCHS_STANDARD_64_BIT = arm64 x86_64
               ARCHS_STANDARD_INCLUDING_64_BIT = arm64 x86_64
               ARCHS_UNIVERSAL_IPHONE_OS = arm64 x86_64
               AUTOMATICALLY_MERGE_DEPENDENCIES = NO
               AUTOMATION_APPLE_EVENTS = NO
               AVAILABLE_PLATFORMS = android appletvos appletvsimulator driverkit freebsd iphoneos iphonesimulator linux macosx none openbsd qnx watchos watchsimulator webassembly xros xrsimulator
               BUILD_ACTIVE_RESOURCES_ONLY = NO
               BUILD_COMPONENTS = headers build
               BUILD_DIR = /Users/gregoriomorelli/Documents/vibra/build/ios
               BUILD_LIBRARY_FOR_DISTRIBUTION = NO
               BUILD_ONLY_KNOWN_LOCALIZATIONS = NO
               BUILD_ROOT = /Users/gregoriomorelli/Documents/vibra/ios/build
               BUILD_STYLE = 
               BUILD_VARIANTS = normal
               BUILT_PRODUCTS_DIR = /Users/gregoriomorelli/Documents/vibra/build/ios/Release-iphonesimulator/integration_test
               BUNDLE_CONTENTS_FOLDER_PATH_deep = Contents/
               BUNDLE_EXECUTABLE_FOLDER_NAME_deep = MacOS
               BUNDLE_EXTENSIONS_FOLDER_PATH = Extensions
               BUNDLE_FORMAT = shallow
               BUNDLE_FRAMEWORKS_FOLDER_PATH = Frameworks
               BUNDLE_PLUGINS_FOLDER_PATH = PlugIns
               BUNDLE_PRIVATE_HEADERS_FOLDER_PATH = PrivateHeaders
               BUNDLE_PUBLIC_HEADERS_FOLDER_PATH = Headers
               CACHE_ROOT = /var/folders/pg/x6t89f2n7s7299rcw8hv33180000gn/C/com.apple.DeveloperTools/26.5-17F42/Xcode
               CCHROOT = /var/folders/pg/x6t89f2n7s7299rcw8hv33180000gn/C/com.apple.DeveloperTools/26.5-17F42/Xcode
               CHMOD = /bin/chmod
               CHOWN = chown
               CLANG_ANALYZER_LOCALIZABILITY_NONLOCALIZED = YES
               CLANG_ANALYZER_NONNULL = YES
               CLANG_ANALYZER_NUMBER_OBJECT_CONVERSION = YES_AGGRESSIVE
               CLANG_CACHE_FINE_GRAINED_OUTPUTS = YES
               CLANG_CXX_LANGUAGE_STANDARD = gnu++14
               CLANG_CXX_LIBRARY = libc++
               CLANG_ENABLE_EXPLICIT_MODULES = YES
               CLANG_ENABLE_MODULES = YES
               CLANG_ENABLE_OBJC_ARC = YES
               CLANG_ENABLE_OBJC_WEAK = NO
               CLANG_MODULES_BUILD_SESSION_FILE = /var/folders/pg/x6t89f2n7s7299rcw8hv33180000gn/C/org.llvm.clang/ModuleCache.noindex/Session.modulevalidation
               CLANG_WARN_BLOCK_CAPTURE_AUTORELEASING = YES
               CLANG_WARN_BOOL_CONVERSION = YES
               CLANG_WARN_COMMA = YES
               CLANG_WARN_CONSTANT_CONVERSION = YES
               CLANG_WARN_DEPRECATED_OBJC_IMPLEMENTATIONS = YES
               CLANG_WARN_DIRECT_OBJC_ISA_USAGE = YES_ERROR
               CLANG_WARN_DOCUMENTATION_COMMENTS = YES
               CLANG_WARN_EMPTY_BODY = YES
               CLANG_WARN_ENUM_CONVERSION = YES
               CLANG_WARN_INFINITE_RECURSION = YES
               CLANG_WARN_INT_CONVERSION = YES
               CLANG_WARN_NON_LITERAL_NULL_CONVERSION = YES
               CLANG_WARN_OBJC_IMPLICIT_RETAIN_SELF = YES
               CLANG_WARN_OBJC_LITERAL_CONVERSION = YES
               CLANG_WARN_OBJC_ROOT_CLASS = YES_ERROR
               CLANG_WARN_QUOTED_INCLUDE_IN_FRAMEWORK_HEADER = NO
               CLANG_WARN_RANGE_LOOP_ANALYSIS = YES
               CLANG_WARN_STRICT_PROTOTYPES = YES
               CLANG_WARN_SUSPICIOUS_MOVE = YES
               CLANG_WARN_UNGUARDED_AVAILABILITY = YES_AGGRESSIVE
               CLANG_WARN_UNREACHABLE_CODE = YES
               CLANG_WARN__DUPLICATE_METHOD_MATCH = YES
               CLASS_FILE_DIR = /Users/gregoriomorelli/Documents/vibra/build/ios/Pods.build/Release-iphonesimulator/integration_test.build/JavaClasses
               CLEAN_PRECOMPS = YES
               CLONE_HEADERS = NO
               CODESIGNING_FOLDER_PATH = /Users/gregoriomorelli/Documents/vibra/build/ios/Release-iphonesimulator/integration_test/integration_test.framework
               CODE_SIGNING_ALLOWED = YES
               CODE_SIGNING_REQUIRED = NO
               CODE_SIGNING_REQUIRES_TEAM = YES
               CODE_SIGN_CONTEXT_CLASS = XCiPhoneSimulatorCodeSignContext
               CODE_SIGN_IDENTITY = -
               CODE_SIGN_INJECT_BASE_ENTITLEMENTS = YES
               COLOR_DIAGNOSTICS = NO
               COMBINE_HIDPI_IMAGES = NO
               COMPILATION_CACHE_CAS_PATH = /var/folders/pg/x6t89f2n7s7299rcw8hv33180000gn/C/com.apple.DeveloperTools/26.5-17F42/Xcode/CompilationCache.noindex
               COMPILATION_CACHE_KEEP_CAS_DIRECTORY = YES
               COMPILER_INDEX_STORE_ENABLE = Default
               COMPOSITE_SDK_DIRS = /Users/gregoriomorelli/Documents/vibra/build/ios/CompositeSDKs
               COMPRESS_PNG_FILES = YES
               CONFIGURATION = Release
               CONFIGURATION_BUILD_DIR = /Users/gregoriomorelli/Documents/vibra/build/ios/Release-iphonesimulator/integration_test
               CONFIGURATION_TEMP_DIR = /Users/gregoriomorelli/Documents/vibra/build/ios/Pods.build/Release-iphonesimulator
               CONTENTS_FOLDER_PATH = integration_test.framework
               CONTENTS_FOLDER_PATH_SHALLOW_BUNDLE_NO = integration_test.framework/A
               CONTENTS_FOLDER_PATH_SHALLOW_BUNDLE_YES = integration_test.framework
               COPYING_PRESERVES_HFS_DATA = NO
               COPY_HEADERS_RUN_UNIFDEF = NO
               COPY_PHASE_STRIP = NO
               CORRESPONDING_DEVICE_PLATFORM_DIR = /Applications/Xcode.app/Contents/Developer/Platforms/iPhoneOS.platform
               CORRESPONDING_DEVICE_PLATFORM_NAME = iphoneos
               CORRESPONDING_DEVICE_SDK_DIR = /Applications/Xcode.app/Contents/Developer/Platforms/iPhoneOS.platform/Developer/SDKs/iPhoneOS26.5.sdk
               CORRESPONDING_DEVICE_SDK_NAME = iphoneos26.5
               CP = /bin/cp
               CREATE_INFOPLIST_SECTION_IN_BINARY = NO
               CURRENT_ARCH = undefined_arch
               CURRENT_PROJECT_VERSION = 1
               CURRENT_VARIANT = normal
               CURRENT_VERSION = Current
               DEAD_CODE_STRIPPING = YES
               DEBUGGING_SYMBOLS = YES
               DEBUG_INFORMATION_FORMAT = dwarf-with-dsym
               DEBUG_INFORMATION_VERSION = compiler-default
               DEFAULT_COMPILER = com.apple.compilers.llvm.clang.1_0
               DEFAULT_DEXT_INSTALL_PATH = /System/Library/DriverExtensions
               DEFAULT_KEXT_INSTALL_PATH = /System/Library/Extensions
               DEFINES_MODULE = YES
               DEPLOYMENT_LOCATION = NO
               DEPLOYMENT_POSTPROCESSING = NO
               DEPLOYMENT_TARGET_SETTING_NAME = IPHONEOS_DEPLOYMENT_TARGET
               DEPLOYMENT_TARGET_SUGGESTED_VALUES = 12.0 12.1 12.2 12.3 12.4 13.0 13.1 13.2 13.3 13.4 13.5 13.6 14.0 14.1 14.2 14.3 14.4 14.5 14.6 14.7 15.0 15.1 15.2 15.3 15.4 15.5 15.6 16.0 16.1 16.2 16.3 16.4 16.5 16.6 17.0 17.1 17.2 17.3 17.4 17.5 17.6 18.0 18.1 18.2 18.3 18.4 18.5 18.6 26.0 26.2 26.3 26.4 26.5
               DERIVED_FILES_DIR = /Users/gregoriomorelli/Documents/vibra/build/ios/Pods.build/Release-iphonesimulator/integration_test.build/DerivedSources
               DERIVED_FILE_DIR = /Users/gregoriomorelli/Documents/vibra/build/ios/Pods.build/Release-iphonesimulator/integration_test.build/DerivedSources
               DERIVED_SOURCES_DIR = /Users/gregoriomorelli/Documents/vibra/build/ios/Pods.build/Release-iphonesimulator/integration_test.build/DerivedSources
               DEVELOPER_APPLICATIONS_DIR = /Applications/Xcode.app/Contents/Developer/Applications
               DEVELOPER_BIN_DIR = /Applications/Xcode.app/Contents/Developer/usr/bin
               DEVELOPER_DIR = /Applications/Xcode.app/Contents/Developer
               DEVELOPER_FRAMEWORKS_DIR = /Applications/Xcode.app/Contents/Developer/Library/Frameworks
               DEVELOPER_FRAMEWORKS_DIR_QUOTED = /Applications/Xcode.app/Contents/Developer/Library/Frameworks
               DEVELOPER_LIBRARY_DIR = /Applications/Xcode.app/Contents/Developer/Library
               DEVELOPER_SDK_DIR = /Applications/Xcode.app/Contents/Developer/Platforms/MacOSX.platform/Developer/SDKs
               DEVELOPER_TOOLS_DIR = /Applications/Xcode.app/Contents/Developer/Tools
               DEVELOPER_USR_DIR = /Applications/Xcode.app/Contents/Developer/usr
               DEVELOPMENT_LANGUAGE = en
               DIAGNOSE_MISSING_TARGET_DEPENDENCIES = YES
               DIFF = /usr/bin/diff
               DOCUMENTATION_FOLDER_PATH = integration_test.framework/en.lproj/Documentation
               DONT_GENERATE_INFOPLIST_FILE = NO
               DRIVERKIT_DEPLOYMENT_TARGET = 25.5
               DSTROOT = /tmp/Pods.dst
               DT_TOOLCHAIN_DIR = /Applications/Xcode.app/Contents/Developer/Toolchains/XcodeDefault.xctoolchain
               DUMP_DEPENDENCIES = NO
               DUMP_DEPENDENCIES_OUTPUT_PATH = /Users/gregoriomorelli/Documents/vibra/build/ios/Pods.build/Release-iphonesimulator/integration_test.build/integration_test-BuildDependencyInfo.json
               DWARF_DSYM_FILE_NAME = integration_test.framework.dSYM
               DWARF_DSYM_FILE_SHOULD_ACCOMPANY_PRODUCT = NO
               DWARF_DSYM_FOLDER_PATH = /Users/gregoriomorelli/Documents/vibra/build/ios/Release-iphonesimulator/integration_test
               DYLIB_COMPATIBILITY_VERSION = 1
               DYLIB_CURRENT_VERSION = 1
               DYLIB_INSTALL_NAME_BASE = @rpath
               DYNAMIC_LIBRARY_EXTENSION = dylib
               EAGER_COMPILATION_ALLOW_SCRIPTS = NO
               EAGER_LINKING = NO
               EFFECTIVE_PLATFORM_NAME = -iphonesimulator
               EFFECTIVE_SWIFT_VERSION = 5
               EMBEDDED_CONTENT_CONTAINS_SWIFT = NO
               EMBED_ASSET_PACKS_IN_PRODUCT_BUNDLE = NO
               ENABLE_APP_SANDBOX = NO
               ENABLE_BITCODE = NO
               ENABLE_CODE_COVERAGE = YES
               ENABLE_COHORT_ARCHS = NO
               ENABLE_CPLUSPLUS_BOUNDS_SAFE_BUFFERS = NO
               ENABLE_C_BOUNDS_SAFETY = NO
               ENABLE_DEFAULT_HEADER_SEARCH_PATHS = YES
               ENABLE_DEFAULT_SEARCH_PATHS = YES
               ENABLE_ENHANCED_SECURITY = NO
               ENABLE_HARDENED_RUNTIME = NO
               ENABLE_HEADER_DEPENDENCIES = YES
               ENABLE_INCOMING_NETWORK_CONNECTIONS = NO
               ENABLE_MODULE_VERIFIER = NO
               ENABLE_NS_ASSERTIONS = NO
               ENABLE_ON_DEMAND_RESOURCES = NO
               ENABLE_OUTGOING_NETWORK_CONNECTIONS = NO
               ENABLE_POINTER_AUTHENTICATION = NO
               ENABLE_RESOURCE_ACCESS_AUDIO_INPUT = NO
               ENABLE_RESOURCE_ACCESS_BLUETOOTH = NO
               ENABLE_RESOURCE_ACCESS_CALENDARS = NO
               ENABLE_RESOURCE_ACCESS_CAMERA = NO
               ENABLE_RESOURCE_ACCESS_CONTACTS = NO
               ENABLE_RESOURCE_ACCESS_LOCATION = NO
               ENABLE_RESOURCE_ACCESS_PHOTO_LIBRARY = NO
               ENABLE_RESOURCE_ACCESS_PRINTING = NO
               ENABLE_RESOURCE_ACCESS_USB = NO
               ENABLE_SDK_IMPORTS = NO
               ENABLE_SECURITY_COMPILER_WARNINGS = NO
               ENABLE_STRICT_OBJC_MSGSEND = YES
               ENABLE_TESTABILITY = NO
               ENABLE_TESTING_SEARCH_PATHS = NO
               ENABLE_USER_SCRIPT_SANDBOXING = NO
               ENFORCE_VALID_ARCHS = YES
               ENTITLEMENTS_DESTINATION = __entitlements
               ENTITLEMENTS_REQUIRED = NO
               EXCLUDED_ARCHS = i386 i386
               EXCLUDED_INSTALLSRC_SUBDIRECTORY_PATTERNS = .DS_Store .svn .git .hg CVS
               EXCLUDED_RECURSIVE_SEARCH_PATH_SUBDIRECTORIES = *.nib *.lproj *.framework *.gch *.xcode* *.xcassets *.icon (*) .DS_Store CVS .svn .git .hg *.pbproj *.pbxproj
               EXECUTABLES_FOLDER_PATH = integration_test.framework/en.lproj
               EXECUTABLE_FOLDER_PATH = integration_test.framework
               EXECUTABLE_FOLDER_PATH_SHALLOW_BUNDLE_NO = integration_test.framework
               EXECUTABLE_FOLDER_PATH_SHALLOW_BUNDLE_YES = integration_test.framework
               EXECUTABLE_NAME = integration_test
               EXECUTABLE_PATH = integration_test.framework/integration_test
               EXTENSIONS_FOLDER_PATH = integration_test.framework/Extensions
               FILE_LIST = /Users/gregoriomorelli/Documents/vibra/build/ios/Pods.build/Release-iphonesimulator/integration_test.build/Objects/LinkFileList
               FIXED_FILES_DIR = /Users/gregoriomorelli/Documents/vibra/build/ios/Pods.build/Release-iphonesimulator/integration_test.build/FixedFiles
               FRAMEWORKS_FOLDER_PATH = integration_test.framework/Frameworks
               FRAMEWORK_FLAG_PREFIX = -framework
               FRAMEWORK_SEARCH_PATHS = /Users/gregoriomorelli/Documents/vibra/build/ios/Release-iphonesimulator/integration_test "/Users/gregoriomorelli/development/flutter/bin/cache/artifacts/engine/ios-release/Flutter.xcframework/ios-arm64_x86_64-simulator" 
               FRAMEWORK_VERSION = A
               FULL_PRODUCT_NAME = integration_test.framework
               FUSE_BUILD_PHASES = YES
               FUSE_BUILD_SCRIPT_PHASES = NO
               GCC3_VERSION = 3.3
               GCC_C_LANGUAGE_STANDARD = gnu11
               GCC_INLINES_ARE_PRIVATE_EXTERN = YES
               GCC_NO_COMMON_BLOCKS = YES
               GCC_OBJC_LEGACY_DISPATCH = YES
               GCC_PFE_FILE_C_DIALECTS = c objective-c c++ objective-c++
               GCC_PREFIX_HEADER = Target Support Files/integration_test/integration_test-prefix.pch
               GCC_PREPROCESSOR_DEFINITIONS = POD_CONFIGURATION_RELEASE=1  COCOAPODS=1
               GCC_TREAT_WARNINGS_AS_ERRORS = NO
               GCC_VERSION = com.apple.compilers.llvm.clang.1_0
               GCC_VERSION_IDENTIFIER = com_apple_compilers_llvm_clang_1_0
               GCC_WARN_64_TO_32_BIT_CONVERSION = YES
               GCC_WARN_ABOUT_RETURN_TYPE = YES_ERROR
               GCC_WARN_UNDECLARED_SELECTOR = YES
               GCC_WARN_UNINITIALIZED_AUTOS = YES_AGGRESSIVE
               GCC_WARN_UNUSED_FUNCTION = YES
               GCC_WARN_UNUSED_VARIABLE = YES
               GENERATED_MODULEMAP_DIR = /Users/gregoriomorelli/Documents/vibra/build/ios/GeneratedModuleMaps-iphonesimulator
               GENERATE_INFOPLIST_FILE = NO
               GENERATE_INTERMEDIATE_TEXT_BASED_STUBS = YES
               GENERATE_PKGINFO_FILE = NO
               GENERATE_PRELINK_OBJECT_FILE = NO
               GENERATE_PROFILING_CODE = NO
               GENERATE_TEXT_BASED_STUBS = NO
               GID = 20
               GROUP = staff
               HEADERMAP_INCLUDES_FLAT_ENTRIES_FOR_TARGET_BEING_BUILT = YES
               HEADERMAP_INCLUDES_FRAMEWORK_ENTRIES_FOR_ALL_PRODUCT_TYPES = YES
               HEADERMAP_INCLUDES_FRAMEWORK_ENTRIES_FOR_TARGETS_NOT_BEING_BUILT = YES
               HEADERMAP_INCLUDES_NONPUBLIC_NONPRIVATE_HEADERS = YES
               HEADERMAP_INCLUDES_PROJECT_HEADERS = YES
               HEADERMAP_USES_FRAMEWORK_PREFIX_ENTRIES = YES
               HEADERMAP_USES_VFS = YES
               HEADER_SEARCH_PATHS = /Users/gregoriomorelli/Documents/vibra/build/ios/Release-iphonesimulator/integration_test/include 
               HOME = /Users/gregoriomorelli
               HOST_ARCH = arm64
               HOST_PLATFORM = macosx
               ICONV = /usr/bin/iconv
               IMPLICIT_DEPENDENCY_DOMAIN = default
               INDEX_STORE_COMPRESS = NO
               INDEX_STORE_ONLY_PROJECT_FILES = NO
               INFOPLIST_ENABLE_CFBUNDLEICONS_MERGE = YES
               INFOPLIST_EXPAND_BUILD_SETTINGS = YES
               INFOPLIST_FILE = Target Support Files/integration_test/integration_test-Info.plist
               INFOPLIST_OUTPUT_FORMAT = binary
               INFOPLIST_PATH = integration_test.framework/Info.plist
               INFOPLIST_PREPROCESS = NO
               INFOSTRINGS_PATH = integration_test.framework/en.lproj/InfoPlist.strings
               INLINE_PRIVATE_FRAMEWORKS = NO
               INSTALLAPI_IGNORE_SKIP_INSTALL = YES
               INSTALLHDRS_COPY_PHASE = NO
               INSTALLHDRS_SCRIPT_PHASE = NO
               INSTALL_DIR = /tmp/Pods.dst/Library/Frameworks
               INSTALL_GROUP = staff
               INSTALL_MODE_FLAG = u+w,go-w,a+rX
               INSTALL_OWNER = gregoriomorelli
               INSTALL_PATH = /Library/Frameworks
               INSTALL_ROOT = /tmp/Pods.dst
               IPHONEOS_DEPLOYMENT_TARGET = 13.0
               IS_UNOPTIMIZED_BUILD = NO
               JAVAC_DEFAULT_FLAGS = -J-Xms64m -J-XX:NewSize=4M -J-Dfile.encoding=UTF8
               JAVA_APP_STUB = /System/Library/Frameworks/JavaVM.framework/Resources/MacOS/JavaApplicationStub
               JAVA_ARCHIVE_CLASSES = YES
               JAVA_ARCHIVE_TYPE = JAR
               JAVA_COMPILER = /usr/bin/javac
               JAVA_FOLDER_PATH = integration_test.framework/Java
               JAVA_FRAMEWORK_RESOURCES_DIRS = Resources
               JAVA_JAR_FLAGS = cv
               JAVA_SOURCE_SUBDIR = .
               JAVA_USE_DEPENDENCIES = YES
               JAVA_ZIP_FLAGS = -urg
               JIKES_DEFAULT_FLAGS = +E +OLDCSO
               KEEP_PRIVATE_EXTERNS = NO
               LD_DEPENDENCY_INFO_FILE = /Users/gregoriomorelli/Documents/vibra/build/ios/Pods.build/Release-iphonesimulator/integration_test.build/Objects-normal/undefined_arch/integration_test_dependency_info.dat
               LD_DYLIB_INSTALL_NAME = @rpath/integration_test.framework/integration_test
               LD_EXPORT_SYMBOLS = YES
               LD_GENERATE_MAP_FILE = NO
               LD_MAP_FILE_PATH = /Users/gregoriomorelli/Documents/vibra/build/ios/Pods.build/Release-iphonesimulator/integration_test.build/integration_test-LinkMap-normal-undefined_arch.txt
               LD_NO_PIE = NO
               LD_QUOTE_LINKER_ARGUMENTS_FOR_COMPILER_DRIVER = YES
               LD_RUNPATH_SEARCH_PATHS =  @executable_path/Frameworks @loader_path/Frameworks
               LD_SHARED_CACHE_ELIGIBLE = Automatic
               LD_WARN_DUPLICATE_LIBRARIES = NO
               LD_WARN_UNUSED_DYLIBS = NO
               LEGACY_DEVELOPER_DIR = /Applications/Xcode.app/Contents/PlugIns/Xcode3Core.ideplugin/Contents/SharedSupport/Developer
               LEX = lex
               LIBRARY_DEXT_INSTALL_PATH = /Library/DriverExtensions
               LIBRARY_FLAG_NOSPACE = YES
               LIBRARY_FLAG_PREFIX = -l
               LIBRARY_KEXT_INSTALL_PATH = /Library/Extensions
               LIBRARY_SEARCH_PATHS = /Users/gregoriomorelli/Documents/vibra/build/ios/Release-iphonesimulator/integration_test 
               LINKER_DISPLAYS_MANGLED_NAMES = NO
               LINK_FILE_LIST_normal_arm64 = /Users/gregoriomorelli/Documents/vibra/build/ios/Pods.build/Release-iphonesimulator/integration_test.build/Objects-normal/arm64/integration_test.LinkFileList
               LINK_FILE_LIST_normal_x86_64 = /Users/gregoriomorelli/Documents/vibra/build/ios/Pods.build/Release-iphonesimulator/integration_test.build/Objects-normal/x86_64/integration_test.LinkFileList
               LINK_OBJC_RUNTIME = YES
               LINK_WITH_STANDARD_LIBRARIES = YES
               LLVM_TARGET_TRIPLE_OS_VERSION = ios13.0
               LLVM_TARGET_TRIPLE_SUFFIX = -simulator
               LLVM_TARGET_TRIPLE_VENDOR = apple
               LM_AUX_CONST_METADATA_LIST_PATH_normal_arm64 = /Users/gregoriomorelli/Documents/vibra/build/ios/Pods.build/Release-iphonesimulator/integration_test.build/Objects-normal/arm64/integration_test.SwiftConstValuesFileList
               LM_AUX_CONST_METADATA_LIST_PATH_normal_x86_64 = /Users/gregoriomorelli/Documents/vibra/build/ios/Pods.build/Release-iphonesimulator/integration_test.build/Objects-normal/x86_64/integration_test.SwiftConstValuesFileList
               LOCALIZATION_EXPORT_SUPPORTED = YES
               LOCALIZATION_PREFERS_STRING_CATALOGS = NO
               LOCALIZED_RESOURCES_FOLDER_PATH = integration_test.framework/en.lproj
               LOCALIZED_STRING_CODE_COMMENTS = NO
               LOCALIZED_STRING_MACRO_NAMES = NSLocalizedString CFCopyLocalizedString
               LOCALIZED_STRING_SWIFTUI_SUPPORT = YES
               LOCAL_ADMIN_APPS_DIR = /Applications/Utilities
               LOCAL_APPS_DIR = /Applications
               LOCAL_DEVELOPER_DIR = /Library/Developer
               LOCAL_LIBRARY_DIR = /Library
               LOCROOT = /Users/gregoriomorelli/Documents/vibra/ios/Pods
               LOCSYMROOT = /Users/gregoriomorelli/Documents/vibra/ios/Pods
               MACH_O_TYPE = mh_dylib
               MACOSX_DEPLOYMENT_TARGET = 26.5
               MAC_OS_X_PRODUCT_BUILD_VERSION = 25F84
               MAC_OS_X_VERSION_ACTUAL = 260502
               MAC_OS_X_VERSION_MAJOR = 260000
               MAC_OS_X_VERSION_MINOR = 260500
               MAKE_MERGEABLE = NO
               MERGEABLE_LIBRARY = NO
               MERGED_BINARY_TYPE = none
               MERGE_LINKED_LIBRARIES = NO
               METAL_LIBRARY_FILE_BASE = default
               METAL_LIBRARY_OUTPUT_DIR = /Users/gregoriomorelli/Documents/vibra/build/ios/Release-iphonesimulator/integration_test/integration_test.framework
               MODULEMAP_FILE = Target Support Files/integration_test/integration_test.modulemap
               MODULES_FOLDER_PATH = integration_test.framework/Modules
               MTL_ENABLE_DEBUG_INFO = NO
               MTL_FAST_MATH = YES
               NATIVE_ARCH = arm64
               NATIVE_ARCH_32_BIT = arm
               NATIVE_ARCH_64_BIT = arm64
               NATIVE_ARCH_ACTUAL = arm64
               NO_COMMON = YES
               OBJC_ABI_VERSION = 2
               OBJECT_FILE_DIR = /Users/gregoriomorelli/Documents/vibra/build/ios/Pods.build/Release-iphonesimulator/integration_test.build/Objects
               OBJECT_FILE_DIR_normal = /Users/gregoriomorelli/Documents/vibra/build/ios/Pods.build/Release-iphonesimulator/integration_test.build/Objects-normal
               OBJROOT = /Users/gregoriomorelli/Documents/vibra/build/ios
               ONLY_ACTIVE_ARCH = NO
               OS = MACOS
               OSAC = /usr/bin/osacompile
               OTHER_LDFLAGS =  -framework "UIKit" -framework Flutter
               PACKAGE_TYPE = com.apple.package-type.wrapper.framework
               PASCAL_STRINGS = YES
               PATH = /Applications/Xcode.app/Contents/SharedFrameworks/SwiftBuild.framework/Versions/A/PlugIns/SWBBuildService.bundle/Contents/PlugIns/SWBUniversalPlatformPlugin.bundle/Contents/Frameworks/SWBUniversalPlatform.framework/Resources:/Applications/Xcode.app/Contents/Developer/Toolchains/XcodeDefault.xctoolchain/usr/bin:/Applications/Xcode.app/Contents/Developer/Toolchains/XcodeDefault.xctoolchain/usr/local/bin:/Applications/Xcode.app/Contents/Developer/Toolchains/XcodeDefault.xctoolchain/usr/libexec:/Applications/Xcode.app/Contents/Developer/Platforms/iPhoneSimulator.platform/usr/bin:/Applications/Xcode.app/Contents/Developer/Platforms/iPhoneSimulator.platform/usr/local/bin:/Applications/Xcode.app/Contents/Developer/Platforms/iPhoneSimulator.platform/Developer/usr/bin:/Applications/Xcode.app/Contents/Developer/Platforms/iPhoneSimulator.platform/Developer/usr/local/bin:/Applications/Xcode.app/Contents/Developer/usr/bin:/Applications/Xcode.app/Contents/Developer/usr/local/bin:/Users/gregoriomorelli/.gemini/antigravity/bin:/Users/gregoriomorelli/Library/Application Support/Antigravity/bin:/opt/homebrew/bin:/opt/homebrew/sbin:/Library/Developer/CommandLineTools/usr/bin:/Users/gregoriomorelli/development/flutter/bin:/Users/gregoriomorelli/Library/Android/sdk/platform-tools:/Users/gregoriomorelli/Library/Android/sdk/cmdline-tools/latest/bin:/Users/gregoriomorelli/Library/Android/sdk/emulator:/Users/gregoriomorelli/.antigravity-ide/antigravity-ide/bin:/Users/gregoriomorelli/.antigravity/antigravity/bin:/Applications/XAMPP/xamppfiles/bin:/Users/gregoriomorelli/develop/flutter/bin:/usr/local/bin:/System/Cryptexes/App/usr/bin:/usr/bin:/bin:/usr/sbin:/sbin:/var/run/com.apple.security.cryptexd/codex.system/bootstrap/usr/local/bin:/var/run/com.apple.security.cryptexd/codex.system/bootstrap/usr/bin:/var/run/com.apple.security.cryptexd/codex.system/bootstrap/usr/appleinternal/bin:/pkg/env/global/bin:/Users/gregoriomorelli/.spicetify
               PATH_PREFIXES_EXCLUDED_FROM_HEADER_DEPENDENCIES = /usr/include /usr/local/include /System/Library/Frameworks /System/Library/PrivateFrameworks /Applications/Xcode.app/Contents/Developer/Headers /Applications/Xcode.app/Contents/Developer/SDKs /Applications/Xcode.app/Contents/Developer/Platforms
               PBDEVELOPMENTPLIST_PATH = integration_test.framework/pbdevelopment.plist
               PER_ARCH_MODULE_FILE_DIR = /Users/gregoriomorelli/Documents/vibra/build/ios/Pods.build/Release-iphonesimulator/integration_test.build/Objects-normal/undefined_arch
               PER_ARCH_OBJECT_FILE_DIR = /Users/gregoriomorelli/Documents/vibra/build/ios/Pods.build/Release-iphonesimulator/integration_test.build/Objects-normal/undefined_arch
               PER_VARIANT_OBJECT_FILE_DIR = /Users/gregoriomorelli/Documents/vibra/build/ios/Pods.build/Release-iphonesimulator/integration_test.build/Objects-normal
               PKGINFO_FILE_PATH = /Users/gregoriomorelli/Documents/vibra/build/ios/Pods.build/Release-iphonesimulator/integration_test.build/PkgInfo
               PKGINFO_PATH = integration_test.framework/PkgInfo
               PLATFORM_DEVELOPER_APPLICATIONS_DIR = /Applications/Xcode.app/Contents/Developer/Platforms/iPhoneSimulator.platform/Developer/Applications
               PLATFORM_DEVELOPER_BIN_DIR = /Applications/Xcode.app/Contents/Developer/Platforms/iPhoneSimulator.platform/Developer/usr/bin
               PLATFORM_DEVELOPER_LIBRARY_DIR = /Applications/Xcode.app/Contents/Developer/Platforms/iPhoneSimulator.platform/Developer/Library
               PLATFORM_DEVELOPER_SDK_DIR = /Applications/Xcode.app/Contents/Developer/Platforms/iPhoneSimulator.platform/Developer/SDKs
               PLATFORM_DEVELOPER_TOOLS_DIR = /Applications/Xcode.app/Contents/Developer/Platforms/iPhoneSimulator.platform/Developer/Tools
               PLATFORM_DEVELOPER_USR_DIR = /Applications/Xcode.app/Contents/Developer/Platforms/iPhoneSimulator.platform/Developer/usr
               PLATFORM_DIR = /Applications/Xcode.app/Contents/Developer/Platforms/iPhoneSimulator.platform
               PLATFORM_DISPLAY_NAME = iOS Simulator
               PLATFORM_FAMILY_NAME = iOS
               PLATFORM_NAME = iphonesimulator
               PLATFORM_PREFERRED_ARCH = x86_64
               PLATFORM_PRODUCT_BUILD_VERSION = 23F73
               PLATFORM_REQUIRES_SWIFT_AUTOLINK_EXTRACT = NO
               PLATFORM_REQUIRES_SWIFT_MODULEWRAP = NO
               PLATFORM_USES_DSYMS = YES
               PLIST_FILE_OUTPUT_FORMAT = binary
               PLUGINS_FOLDER_PATH = integration_test.framework/PlugIns
               PODS_BUILD_DIR = /Users/gregoriomorelli/Documents/vibra/build/ios
               PODS_CONFIGURATION_BUILD_DIR = /Users/gregoriomorelli/Documents/vibra/build/ios/Release-iphonesimulator
               PODS_DEVELOPMENT_LANGUAGE = en
               PODS_ROOT = /Users/gregoriomorelli/Documents/vibra/ios/Pods
               PODS_TARGET_SRCROOT = /Users/gregoriomorelli/Documents/vibra/ios/Pods/../.symlinks/plugins/integration_test/ios
               PODS_XCFRAMEWORKS_BUILD_DIR = /Users/gregoriomorelli/Documents/vibra/build/ios/Release-iphonesimulator/XCFrameworkIntermediates
               PRECOMPS_INCLUDE_HEADERS_FROM_BUILT_PRODUCTS_DIR = YES
               PRECOMP_DESTINATION_DIR = /Users/gregoriomorelli/Documents/vibra/build/ios/Pods.build/Release-iphonesimulator/integration_test.build/PrefixHeaders
               PRIVATE_HEADERS_FOLDER_PATH = integration_test.framework/PrivateHeaders
               PROCESSED_INFOPLIST_PATH = /Users/gregoriomorelli/Documents/vibra/build/ios/Pods.build/Release-iphonesimulator/integration_test.build/Objects-normal/undefined_arch/Processed-Info.plist
               PRODUCT_BUNDLE_IDENTIFIER = org.cocoapods.integration-test
               PRODUCT_BUNDLE_PACKAGE_TYPE = FMWK
               PRODUCT_MODULE_NAME = integration_test
               PRODUCT_NAME = integration_test
               PRODUCT_SETTINGS_PATH = /Users/gregoriomorelli/Documents/vibra/ios/Pods/Target Support Files/integration_test/integration_test-Info.plist
               PRODUCT_TYPE = com.apple.product-type.framework
               PROFILING_CODE = NO
               PROJECT = Pods
               PROJECT_DERIVED_FILE_DIR = /Users/gregoriomorelli/Documents/vibra/build/ios/Pods.build/DerivedSources
               PROJECT_DIR = /Users/gregoriomorelli/Documents/vibra/ios/Pods
               PROJECT_FILE_PATH = /Users/gregoriomorelli/Documents/vibra/ios/Pods/Pods.xcodeproj
               PROJECT_GUID = bfdfe7dc352907fc980b868725387e98
               PROJECT_NAME = Pods
               PROJECT_TEMP_DIR = /Users/gregoriomorelli/Documents/vibra/build/ios/Pods.build
               PROJECT_TEMP_ROOT = /Users/gregoriomorelli/Documents/vibra/build/ios
               PUBLIC_HEADERS_FOLDER_PATH = integration_test.framework/Headers
               RECOMMENDED_IPHONEOS_DEPLOYMENT_TARGET = 15.0
               RECURSIVE_SEARCH_PATHS_FOLLOW_SYMLINKS = YES
               REMOVE_CVS_FROM_RESOURCES = YES
               REMOVE_GIT_FROM_RESOURCES = YES
               REMOVE_HEADERS_FROM_EMBEDDED_BUNDLES = YES
               REMOVE_HG_FROM_RESOURCES = YES
               REMOVE_STATIC_EXECUTABLES_FROM_EMBEDDED_BUNDLES = YES
               REMOVE_SVN_FROM_RESOURCES = YES
               RESCHEDULE_INDEPENDENT_HEADERS_PHASES = YES
               REZ_COLLECTOR_DIR = /Users/gregoriomorelli/Documents/vibra/build/ios/Pods.build/Release-iphonesimulator/integration_test.build/ResourceManagerResources
               REZ_OBJECTS_DIR = /Users/gregoriomorelli/Documents/vibra/build/ios/Pods.build/Release-iphonesimulator/integration_test.build/ResourceManagerResources/Objects
               REZ_SEARCH_PATHS = /Users/gregoriomorelli/Documents/vibra/build/ios/Release-iphonesimulator/integration_test 
               RPATH_ORIGIN = @loader_path
               RUNTIME_EXCEPTION_ALLOW_DYLD_ENVIRONMENT_VARIABLES = NO
               RUNTIME_EXCEPTION_ALLOW_JIT = NO
               RUNTIME_EXCEPTION_ALLOW_UNSIGNED_EXECUTABLE_MEMORY = NO
               RUNTIME_EXCEPTION_DEBUGGING_TOOL = NO
               RUNTIME_EXCEPTION_DISABLE_EXECUTABLE_PAGE_PROTECTION = NO
               RUNTIME_EXCEPTION_DISABLE_LIBRARY_VALIDATION = NO
               SCANNING_PCM_KEEP_CACHE_DIRECTORY = YES
               SCAN_ALL_SOURCE_FILES_FOR_INCLUDES = NO
               SCRIPTS_FOLDER_PATH = integration_test.framework/Scripts
               SDKROOT = /Applications/Xcode.app/Contents/Developer/Platforms/iPhoneSimulator.platform/Developer/SDKs/iPhoneSimulator26.5.sdk
               SDK_DIR = /Applications/Xcode.app/Contents/Developer/Platforms/iPhoneSimulator.platform/Developer/SDKs/iPhoneSimulator26.5.sdk
               SDK_DIR_iphonesimulator = /Applications/Xcode.app/Contents/Developer/Platforms/iPhoneSimulator.platform/Developer/SDKs/iPhoneSimulator26.5.sdk
               SDK_DIR_iphonesimulator26_5 = /Applications/Xcode.app/Contents/Developer/Platforms/iPhoneSimulator.platform/Developer/SDKs/iPhoneSimulator26.5.sdk
               SDK_NAME = iphonesimulator26.5
               SDK_NAMES = iphonesimulator26.5
               SDK_PRODUCT_BUILD_VERSION = 23F73
               SDK_STAT_CACHE_DIR = /var/folders/pg/x6t89f2n7s7299rcw8hv33180000gn/C/com.apple.DeveloperTools/26.5-17F42/Xcode
               SDK_STAT_CACHE_ENABLE = YES
               SDK_STAT_CACHE_PATH = /var/folders/pg/x6t89f2n7s7299rcw8hv33180000gn/C/com.apple.DeveloperTools/26.5-17F42/Xcode/SDKStatCaches.noindex/iphonesimulator26.5-23F73-6cfe768891a92b912361537c460fe42b.sdkstatcache
               SDK_VERSION = 26.5
               SDK_VERSION_ACTUAL = 260500
               SDK_VERSION_MAJOR = 260000
               SDK_VERSION_MINOR = 260500
               SED = /usr/bin/sed
               SEPARATE_STRIP = NO
               SEPARATE_SYMBOL_EDIT = NO
               SET_DIR_MODE_OWNER_GROUP = YES
               SET_FILE_MODE_OWNER_GROUP = NO
               SHALLOW_BUNDLE = YES
               SHALLOW_BUNDLE_TRIPLE = ios-simulator
               SHALLOW_BUNDLE_ios_macabi = NO
               SHALLOW_BUNDLE_macos = NO
               SHARED_DERIVED_FILE_DIR = /Users/gregoriomorelli/Documents/vibra/build/ios/Release-iphonesimulator/integration_test/DerivedSources
               SHARED_FRAMEWORKS_FOLDER_PATH = integration_test.framework/SharedFrameworks
               SHARED_PRECOMPS_DIR = /Users/gregoriomorelli/Documents/vibra/build/ios/SharedPrecompiledHeaders
               SHARED_SUPPORT_FOLDER_PATH = integration_test.framework
               SKIP_INSTALL = YES
               SKIP_MERGEABLE_LIBRARY_BUNDLE_HOOK = NO
               SOURCE_ROOT = /Users/gregoriomorelli/Documents/vibra/ios/Pods
               SRCROOT = /Users/gregoriomorelli/Documents/vibra/ios/Pods
               STRINGSDATA_DIR = /Users/gregoriomorelli/Documents/vibra/build/ios/Pods.build/Release-iphonesimulator/integration_test.build/Objects-normal/undefined_arch
               STRINGSDATA_ROOT = /Users/gregoriomorelli/Documents/vibra/build/ios/Pods.build/Release-iphonesimulator/integration_test.build
               STRINGS_FILE_INFOPLIST_RENAME = YES
               STRINGS_FILE_OUTPUT_ENCODING = binary
               STRING_CATALOG_GENERATE_SYMBOLS = NO
               STRIP_BITCODE_FROM_COPIED_FILES = NO
               STRIP_INSTALLED_PRODUCT = NO
               STRIP_STYLE = debugging
               STRIP_SWIFT_SYMBOLS = YES
               SUPPORTED_DEVICE_FAMILIES = 1,2
               SUPPORTED_PLATFORMS = iphoneos iphonesimulator
               SUPPORTS_TEXT_BASED_API = NO
               SUPPRESS_WARNINGS = NO
               SWIFT_ACTIVE_COMPILATION_CONDITIONS =  
               SWIFT_COMPILATION_MODE = wholemodule
               SWIFT_EMIT_CONST_VALUE_PROTOCOLS = AnyResolverProviding AppEntity AppEnum AppExtension AppIntent AppIntentsPackage AppShortcutProviding AppShortcutsProvider AppUnionValue AppUnionValueCasesProviding DynamicOptionsProvider EntityQuery ExtensionPointDefining IntentValueQuery Resolver TransientEntity _AssistantIntentsProvider _GenerativeFunctionExtractable _IntentValueRepresentable
               SWIFT_EMIT_LOC_STRINGS = NO
               SWIFT_ENABLE_EXPLICIT_MODULES = YES
               SWIFT_INSTALL_MODULE_FOR_DEPLOYMENT = YES
               SWIFT_INSTALL_OBJC_HEADER = YES
               SWIFT_OPTIMIZATION_LEVEL = -O
               SWIFT_PLATFORM_TARGET_PREFIX = ios
               SWIFT_RESPONSE_FILE_PATH_normal_arm64 = /Users/gregoriomorelli/Documents/vibra/build/ios/Pods.build/Release-iphonesimulator/integration_test.build/Objects-normal/arm64/integration_test.SwiftFileList
               SWIFT_RESPONSE_FILE_PATH_normal_x86_64 = /Users/gregoriomorelli/Documents/vibra/build/ios/Pods.build/Release-iphonesimulator/integration_test.build/Objects-normal/x86_64/integration_test.SwiftFileList
               SWIFT_VERSION = 5.0
               SYMROOT = /Users/gregoriomorelli/Documents/vibra/ios/build
               SYSTEM_ADMIN_APPS_DIR = /Applications/Utilities
               SYSTEM_APPS_DIR = /Applications
               SYSTEM_CORE_SERVICES_DIR = /System/Library/CoreServices
               SYSTEM_DEMOS_DIR = /Applications/Extras
               SYSTEM_DEVELOPER_APPS_DIR = /Applications/Xcode.app/Contents/Developer/Applications
               SYSTEM_DEVELOPER_BIN_DIR = /Applications/Xcode.app/Contents/Developer/usr/bin
               SYSTEM_DEVELOPER_DEMOS_DIR = /Applications/Xcode.app/Contents/Developer/Applications/Utilities/Built Examples
               SYSTEM_DEVELOPER_DIR = /Applications/Xcode.app/Contents/Developer
               SYSTEM_DEVELOPER_DOC_DIR = /Applications/Xcode.app/Contents/Developer/ADC Reference Library
               SYSTEM_DEVELOPER_GRAPHICS_TOOLS_DIR = /Applications/Xcode.app/Contents/Developer/Applications/Graphics Tools
               SYSTEM_DEVELOPER_JAVA_TOOLS_DIR = /Applications/Xcode.app/Contents/Developer/Applications/Java Tools
               SYSTEM_DEVELOPER_PERFORMANCE_TOOLS_DIR = /Applications/Xcode.app/Contents/Developer/Applications/Performance Tools
               SYSTEM_DEVELOPER_RELEASENOTES_DIR = /Applications/Xcode.app/Contents/Developer/ADC Reference Library/releasenotes
               SYSTEM_DEVELOPER_TOOLS = /Applications/Xcode.app/Contents/Developer/Tools
               SYSTEM_DEVELOPER_TOOLS_DOC_DIR = /Applications/Xcode.app/Contents/Developer/ADC Reference Library/documentation/DeveloperTools
               SYSTEM_DEVELOPER_TOOLS_RELEASENOTES_DIR = /Applications/Xcode.app/Contents/Developer/ADC Reference Library/releasenotes/DeveloperTools
               SYSTEM_DEVELOPER_USR_DIR = /Applications/Xcode.app/Contents/Developer/usr
               SYSTEM_DEVELOPER_UTILITIES_DIR = /Applications/Xcode.app/Contents/Developer/Applications/Utilities
               SYSTEM_DEXT_INSTALL_PATH = /System/Library/DriverExtensions
               SYSTEM_DOCUMENTATION_DIR = /Library/Documentation
               SYSTEM_EXTENSIONS_FOLDER_PATH = integration_test.framework/SystemExtensions
               SYSTEM_EXTENSIONS_FOLDER_PATH_SHALLOW_BUNDLE_NO = integration_test.framework/Library/SystemExtensions
               SYSTEM_EXTENSIONS_FOLDER_PATH_SHALLOW_BUNDLE_YES = integration_test.framework/SystemExtensions
               SYSTEM_KEXT_INSTALL_PATH = /System/Library/Extensions
               SYSTEM_LIBRARY_DIR = /System/Library
               TAPI_DEMANGLE = YES
               TAPI_ENABLE_PROJECT_HEADERS = NO
               TAPI_LANGUAGE = objective-c
               TAPI_LANGUAGE_STANDARD = compiler-default
               TAPI_USE_SRCROOT = YES
               TAPI_VERIFY_MODE = Pedantic
               TARGETED_DEVICE_FAMILY = 1,2
               TARGETNAME = integration_test
               TARGET_BUILD_DIR = /Users/gregoriomorelli/Documents/vibra/build/ios/Release-iphonesimulator/integration_test
               TARGET_NAME = integration_test
               TARGET_TEMP_DIR = /Users/gregoriomorelli/Documents/vibra/build/ios/Pods.build/Release-iphonesimulator/integration_test.build
               TEMP_DIR = /Users/gregoriomorelli/Documents/vibra/build/ios/Pods.build/Release-iphonesimulator/integration_test.build
               TEMP_FILES_DIR = /Users/gregoriomorelli/Documents/vibra/build/ios/Pods.build/Release-iphonesimulator/integration_test.build
               TEMP_FILE_DIR = /Users/gregoriomorelli/Documents/vibra/build/ios/Pods.build/Release-iphonesimulator/integration_test.build
               TEMP_ROOT = /Users/gregoriomorelli/Documents/vibra/build/ios
               TEMP_SANDBOX_DIR = /Users/gregoriomorelli/Documents/vibra/build/ios/TemporaryTaskSandboxes
               TEST_FRAMEWORK_SEARCH_PATHS =  /Applications/Xcode.app/Contents/Developer/Platforms/iPhoneSimulator.platform/Developer/Library/Frameworks /Applications/Xcode.app/Contents/Developer/Platforms/iPhoneSimulator.platform/Developer/SDKs/iPhoneSimulator26.5.sdk/Developer/Library/Frameworks
               TEST_LIBRARY_SEARCH_PATHS =  /Applications/Xcode.app/Contents/Developer/Platforms/iPhoneSimulator.platform/Developer/usr/lib
               TOOLCHAINS = com.apple.dt.toolchain.XcodeDefault
               TOOLCHAIN_DIR = /Applications/Xcode.app/Contents/Developer/Toolchains/XcodeDefault.xctoolchain
               TREAT_MISSING_BASELINES_AS_TEST_FAILURES = NO
               TREAT_MISSING_SCRIPT_PHASE_OUTPUTS_AS_ERRORS = NO
               TVOS_DEPLOYMENT_TARGET = 26.5
               UID = 501
               UNINSTALLED_PRODUCTS_DIR = /Users/gregoriomorelli/Documents/vibra/build/ios/UninstalledProducts
               UNLOCALIZED_RESOURCES_FOLDER_PATH = integration_test.framework
               UNLOCALIZED_RESOURCES_FOLDER_PATH_SHALLOW_BUNDLE_NO = integration_test.framework/Resources
               UNLOCALIZED_RESOURCES_FOLDER_PATH_SHALLOW_BUNDLE_YES = integration_test.framework
               UNSTRIPPED_PRODUCT = NO
               USER = gregoriomorelli
               USER_APPS_DIR = /Users/gregoriomorelli/Applications
               USER_LIBRARY_DIR = /Users/gregoriomorelli/Library
               USE_DYNAMIC_NO_PIC = YES
               USE_HEADERMAP = YES
               USE_HEADER_SYMLINKS = NO
               USE_RECURSIVE_SCRIPT_INPUTS_IN_SCRIPT_PHASES = YES
               VALIDATE_DEVELOPMENT_ASSET_PATHS = YES_ERROR
               VALIDATE_PRODUCT = YES
               VALID_ARCHS = arm64 x86_64
               VERBOSE_PBXCP = NO
               VERSIONING_SYSTEM = apple-generic
               VERSIONPLIST_PATH = integration_test.framework/version.plist
               VERSIONS_FOLDER_PATH = integration_test.framework
               VERSIONS_FOLDER_PATH_SHALLOW_BUNDLE_NO = integration_test.framework/Versions
               VERSIONS_FOLDER_PATH_SHALLOW_BUNDLE_YES = integration_test.framework
               VERSION_INFO_BUILDER = gregoriomorelli
               VERSION_INFO_FILE = integration_test_vers.c
               VERSION_INFO_STRING = "@(#)PROGRAM:integration_test  PROJECT:Pods-1"
               WATCHOS_DEPLOYMENT_TARGET = 26.5
               WORKSPACE_DIR = /Users/gregoriomorelli/Documents/vibra/ios/Pods/Pods.xcodeproj
               WRAPPER_EXTENSION = framework
               WRAPPER_NAME = integration_test.framework
               WRAPPER_SUFFIX = .framework
               WRAP_ASSET_PACKS_IN_SEPARATE_DIRECTORIES = NO
               XCODE_APP_SUPPORT_DIR = /Applications/Xcode.app/Contents/Developer/Library/Xcode
               XCODE_PRODUCT_BUILD_VERSION = 17F42
               XCODE_VERSION_ACTUAL = 2650
               XCODE_VERSION_MAJOR = 2600
               XCODE_VERSION_MINOR = 2650
               XPCSERVICES_FOLDER_PATH = integration_test.framework/XPCServices
               XROS_DEPLOYMENT_TARGET = 26.5
               YACC = yacc
               _DISCOVER_COMMAND_LINE_LINKER_INPUTS = YES
               _DISCOVER_COMMAND_LINE_LINKER_INPUTS_INCLUDE_WL = YES
               _LD_MULTIARCH = YES
               _WRAPPER_CONTENTS_DIR_SHALLOW_BUNDLE_NO = /Contents
               _WRAPPER_PARENT_PATH_SHALLOW_BUNDLE_NO = /..
               _WRAPPER_RESOURCES_DIR_SHALLOW_BUNDLE_NO = /Resources
               __DIAGNOSE_DEPRECATED_ARCHS = YES
               __ORIGINAL_SDK_DEFINED_LLVM_TARGET_TRIPLE_SYS = ios
               arch = undefined_arch
               variant = normal

           Build settings for action build and target nanopb:
               ACTION = build
               AD_HOC_CODE_SIGNING_ALLOWED = YES
               ALLOW_BUILD_REQUEST_OVERRIDES = NO
               ALLOW_TARGET_PLATFORM_SPECIALIZATION = NO
               ALTERNATE_GROUP = staff
               ALTERNATE_MODE = u+w,go-w,a+rX
               ALTERNATE_OWNER = gregoriomorelli
               ALTERNATIVE_DISTRIBUTION_WEB = NO
               ALWAYS_EMBED_SWIFT_STANDARD_LIBRARIES = NO
               ALWAYS_SEARCH_USER_PATHS = NO
               ALWAYS_USE_SEPARATE_HEADERMAPS = NO
               APPLICATION_EXTENSION_API_ONLY = NO
               APPLY_RULES_IN_COPY_FILES = NO
               APPLY_RULES_IN_COPY_HEADERS = NO
               APP_SHORTCUTS_ENABLE_FLEXIBLE_MATCHING = YES
               ARCHS = arm64 x86_64
               ARCHS_BASE = arm64 x86_64
               ARCHS_STANDARD = arm64 x86_64
               ARCHS_STANDARD_32_64_BIT = arm64 x86_64
               ARCHS_STANDARD_64_BIT = arm64 x86_64
               ARCHS_STANDARD_INCLUDING_64_BIT = arm64 x86_64
               ARCHS_UNIVERSAL_IPHONE_OS = arm64 x86_64
               AUTOMATICALLY_MERGE_DEPENDENCIES = NO
               AUTOMATION_APPLE_EVENTS = NO
               AVAILABLE_PLATFORMS = android appletvos appletvsimulator driverkit freebsd iphoneos iphonesimulator linux macosx none openbsd qnx watchos watchsimulator webassembly xros xrsimulator
               BUILD_ACTIVE_RESOURCES_ONLY = NO
               BUILD_COMPONENTS = headers build
               BUILD_DIR = /Users/gregoriomorelli/Documents/vibra/build/ios
               BUILD_LIBRARY_FOR_DISTRIBUTION = NO
               BUILD_ONLY_KNOWN_LOCALIZATIONS = NO
               BUILD_ROOT = /Users/gregoriomorelli/Documents/vibra/ios/build
               BUILD_STYLE = 
               BUILD_VARIANTS = normal
               BUILT_PRODUCTS_DIR = /Users/gregoriomorelli/Documents/vibra/build/ios/Release-iphonesimulator/nanopb
               BUNDLE_CONTENTS_FOLDER_PATH_deep = Contents/
               BUNDLE_EXECUTABLE_FOLDER_NAME_deep = MacOS
               BUNDLE_EXTENSIONS_FOLDER_PATH = Extensions
               BUNDLE_FORMAT = shallow
               BUNDLE_FRAMEWORKS_FOLDER_PATH = Frameworks
               BUNDLE_PLUGINS_FOLDER_PATH = PlugIns
               BUNDLE_PRIVATE_HEADERS_FOLDER_PATH = PrivateHeaders
               BUNDLE_PUBLIC_HEADERS_FOLDER_PATH = Headers
               CACHE_ROOT = /var/folders/pg/x6t89f2n7s7299rcw8hv33180000gn/C/com.apple.DeveloperTools/26.5-17F42/Xcode
               CCHROOT = /var/folders/pg/x6t89f2n7s7299rcw8hv33180000gn/C/com.apple.DeveloperTools/26.5-17F42/Xcode
               CHMOD = /bin/chmod
               CHOWN = chown
               CLANG_ANALYZER_LOCALIZABILITY_NONLOCALIZED = YES
               CLANG_ANALYZER_NONNULL = YES
               CLANG_ANALYZER_NUMBER_OBJECT_CONVERSION = YES_AGGRESSIVE
               CLANG_CACHE_FINE_GRAINED_OUTPUTS = YES
               CLANG_CXX_LANGUAGE_STANDARD = gnu++14
               CLANG_CXX_LIBRARY = libc++
               CLANG_ENABLE_EXPLICIT_MODULES = YES
               CLANG_ENABLE_MODULES = YES
               CLANG_ENABLE_OBJC_ARC = YES
               CLANG_ENABLE_OBJC_WEAK = NO
               CLANG_MODULES_BUILD_SESSION_FILE = /var/folders/pg/x6t89f2n7s7299rcw8hv33180000gn/C/org.llvm.clang/ModuleCache.noindex/Session.modulevalidation
               CLANG_WARN_BLOCK_CAPTURE_AUTORELEASING = YES
               CLANG_WARN_BOOL_CONVERSION = YES
               CLANG_WARN_COMMA = YES
               CLANG_WARN_CONSTANT_CONVERSION = YES
               CLANG_WARN_DEPRECATED_OBJC_IMPLEMENTATIONS = YES
               CLANG_WARN_DIRECT_OBJC_ISA_USAGE = YES_ERROR
               CLANG_WARN_DOCUMENTATION_COMMENTS = YES
               CLANG_WARN_EMPTY_BODY = YES
               CLANG_WARN_ENUM_CONVERSION = YES
               CLANG_WARN_INFINITE_RECURSION = YES
               CLANG_WARN_INT_CONVERSION = YES
               CLANG_WARN_NON_LITERAL_NULL_CONVERSION = YES
               CLANG_WARN_OBJC_IMPLICIT_RETAIN_SELF = YES
               CLANG_WARN_OBJC_LITERAL_CONVERSION = YES
               CLANG_WARN_OBJC_ROOT_CLASS = YES_ERROR
               CLANG_WARN_QUOTED_INCLUDE_IN_FRAMEWORK_HEADER = NO
               CLANG_WARN_RANGE_LOOP_ANALYSIS = YES
               CLANG_WARN_STRICT_PROTOTYPES = YES
               CLANG_WARN_SUSPICIOUS_MOVE = YES
               CLANG_WARN_UNGUARDED_AVAILABILITY = YES_AGGRESSIVE
               CLANG_WARN_UNREACHABLE_CODE = YES
               CLANG_WARN__DUPLICATE_METHOD_MATCH = YES
               CLASS_FILE_DIR = /Users/gregoriomorelli/Documents/vibra/build/ios/Pods.build/Release-iphonesimulator/nanopb.build/JavaClasses
               CLEAN_PRECOMPS = YES
               CLONE_HEADERS = NO
               CODESIGNING_FOLDER_PATH = /Users/gregoriomorelli/Documents/vibra/build/ios/Release-iphonesimulator/nanopb/nanopb.framework
               CODE_SIGNING_ALLOWED = YES
               CODE_SIGNING_REQUIRED = NO
               CODE_SIGNING_REQUIRES_TEAM = YES
               CODE_SIGN_CONTEXT_CLASS = XCiPhoneSimulatorCodeSignContext
               CODE_SIGN_IDENTITY = -
               CODE_SIGN_INJECT_BASE_ENTITLEMENTS = YES
               COLOR_DIAGNOSTICS = NO
               COMBINE_HIDPI_IMAGES = NO
               COMPILATION_CACHE_CAS_PATH = /var/folders/pg/x6t89f2n7s7299rcw8hv33180000gn/C/com.apple.DeveloperTools/26.5-17F42/Xcode/CompilationCache.noindex
               COMPILATION_CACHE_KEEP_CAS_DIRECTORY = YES
               COMPILER_INDEX_STORE_ENABLE = Default
               COMPOSITE_SDK_DIRS = /Users/gregoriomorelli/Documents/vibra/build/ios/CompositeSDKs
               COMPRESS_PNG_FILES = YES
               CONFIGURATION = Release
               CONFIGURATION_BUILD_DIR = /Users/gregoriomorelli/Documents/vibra/build/ios/Release-iphonesimulator/nanopb
               CONFIGURATION_TEMP_DIR = /Users/gregoriomorelli/Documents/vibra/build/ios/Pods.build/Release-iphonesimulator
               CONTENTS_FOLDER_PATH = nanopb.framework
               CONTENTS_FOLDER_PATH_SHALLOW_BUNDLE_NO = nanopb.framework/A
               CONTENTS_FOLDER_PATH_SHALLOW_BUNDLE_YES = nanopb.framework
               COPYING_PRESERVES_HFS_DATA = NO
               COPY_HEADERS_RUN_UNIFDEF = NO
               COPY_PHASE_STRIP = NO
               CORRESPONDING_DEVICE_PLATFORM_DIR = /Applications/Xcode.app/Contents/Developer/Platforms/iPhoneOS.platform
               CORRESPONDING_DEVICE_PLATFORM_NAME = iphoneos
               CORRESPONDING_DEVICE_SDK_DIR = /Applications/Xcode.app/Contents/Developer/Platforms/iPhoneOS.platform/Developer/SDKs/iPhoneOS26.5.sdk
               CORRESPONDING_DEVICE_SDK_NAME = iphoneos26.5
               CP = /bin/cp
               CREATE_INFOPLIST_SECTION_IN_BINARY = NO
               CURRENT_ARCH = undefined_arch
               CURRENT_PROJECT_VERSION = 1
               CURRENT_VARIANT = normal
               CURRENT_VERSION = Current
               DEAD_CODE_STRIPPING = YES
               DEBUGGING_SYMBOLS = YES
               DEBUG_INFORMATION_FORMAT = dwarf-with-dsym
               DEBUG_INFORMATION_VERSION = compiler-default
               DEFAULT_COMPILER = com.apple.compilers.llvm.clang.1_0
               DEFAULT_DEXT_INSTALL_PATH = /System/Library/DriverExtensions
               DEFAULT_KEXT_INSTALL_PATH = /System/Library/Extensions
               DEFINES_MODULE = YES
               DEPLOYMENT_LOCATION = NO
               DEPLOYMENT_POSTPROCESSING = NO
               DEPLOYMENT_TARGET_SETTING_NAME = IPHONEOS_DEPLOYMENT_TARGET
               DEPLOYMENT_TARGET_SUGGESTED_VALUES = 12.0 12.1 12.2 12.3 12.4 13.0 13.1 13.2 13.3 13.4 13.5 13.6 14.0 14.1 14.2 14.3 14.4 14.5 14.6 14.7 15.0 15.1 15.2 15.3 15.4 15.5 15.6 16.0 16.1 16.2 16.3 16.4 16.5 16.6 17.0 17.1 17.2 17.3 17.4 17.5 17.6 18.0 18.1 18.2 18.3 18.4 18.5 18.6 26.0 26.2 26.3 26.4 26.5
               DERIVED_FILES_DIR = /Users/gregoriomorelli/Documents/vibra/build/ios/Pods.build/Release-iphonesimulator/nanopb.build/DerivedSources
               DERIVED_FILE_DIR = /Users/gregoriomorelli/Documents/vibra/build/ios/Pods.build/Release-iphonesimulator/nanopb.build/DerivedSources
               DERIVED_SOURCES_DIR = /Users/gregoriomorelli/Documents/vibra/build/ios/Pods.build/Release-iphonesimulator/nanopb.build/DerivedSources
               DEVELOPER_APPLICATIONS_DIR = /Applications/Xcode.app/Contents/Developer/Applications
               DEVELOPER_BIN_DIR = /Applications/Xcode.app/Contents/Developer/usr/bin
               DEVELOPER_DIR = /Applications/Xcode.app/Contents/Developer
               DEVELOPER_FRAMEWORKS_DIR = /Applications/Xcode.app/Contents/Developer/Library/Frameworks
               DEVELOPER_FRAMEWORKS_DIR_QUOTED = /Applications/Xcode.app/Contents/Developer/Library/Frameworks
               DEVELOPER_LIBRARY_DIR = /Applications/Xcode.app/Contents/Developer/Library
               DEVELOPER_SDK_DIR = /Applications/Xcode.app/Contents/Developer/Platforms/MacOSX.platform/Developer/SDKs
               DEVELOPER_TOOLS_DIR = /Applications/Xcode.app/Contents/Developer/Tools
               DEVELOPER_USR_DIR = /Applications/Xcode.app/Contents/Developer/usr
               DEVELOPMENT_LANGUAGE = en
               DIAGNOSE_MISSING_TARGET_DEPENDENCIES = YES
               DIFF = /usr/bin/diff
               DOCUMENTATION_FOLDER_PATH = nanopb.framework/en.lproj/Documentation
               DONT_GENERATE_INFOPLIST_FILE = NO
               DRIVERKIT_DEPLOYMENT_TARGET = 25.5
               DSTROOT = /tmp/Pods.dst
               DT_TOOLCHAIN_DIR = /Applications/Xcode.app/Contents/Developer/Toolchains/XcodeDefault.xctoolchain
               DUMP_DEPENDENCIES = NO
               DUMP_DEPENDENCIES_OUTPUT_PATH = /Users/gregoriomorelli/Documents/vibra/build/ios/Pods.build/Release-iphonesimulator/nanopb.build/nanopb-BuildDependencyInfo.json
               DWARF_DSYM_FILE_NAME = nanopb.framework.dSYM
               DWARF_DSYM_FILE_SHOULD_ACCOMPANY_PRODUCT = NO
               DWARF_DSYM_FOLDER_PATH = /Users/gregoriomorelli/Documents/vibra/build/ios/Release-iphonesimulator/nanopb
               DYLIB_COMPATIBILITY_VERSION = 1
               DYLIB_CURRENT_VERSION = 1
               DYLIB_INSTALL_NAME_BASE = @rpath
               DYNAMIC_LIBRARY_EXTENSION = dylib
               EAGER_COMPILATION_ALLOW_SCRIPTS = NO
               EAGER_LINKING = NO
               EFFECTIVE_PLATFORM_NAME = -iphonesimulator
               EFFECTIVE_SWIFT_VERSION = 5
               EMBEDDED_CONTENT_CONTAINS_SWIFT = NO
               EMBED_ASSET_PACKS_IN_PRODUCT_BUNDLE = NO
               ENABLE_APP_SANDBOX = NO
               ENABLE_CODE_COVERAGE = YES
               ENABLE_COHORT_ARCHS = NO
               ENABLE_CPLUSPLUS_BOUNDS_SAFE_BUFFERS = NO
               ENABLE_C_BOUNDS_SAFETY = NO
               ENABLE_DEFAULT_HEADER_SEARCH_PATHS = YES
               ENABLE_DEFAULT_SEARCH_PATHS = YES
               ENABLE_ENHANCED_SECURITY = NO
               ENABLE_HARDENED_RUNTIME = NO
               ENABLE_HEADER_DEPENDENCIES = YES
               ENABLE_INCOMING_NETWORK_CONNECTIONS = NO
               ENABLE_MODULE_VERIFIER = NO
               ENABLE_NS_ASSERTIONS = NO
               ENABLE_ON_DEMAND_RESOURCES = NO
               ENABLE_OUTGOING_NETWORK_CONNECTIONS = NO
               ENABLE_POINTER_AUTHENTICATION = NO
               ENABLE_RESOURCE_ACCESS_AUDIO_INPUT = NO
               ENABLE_RESOURCE_ACCESS_BLUETOOTH = NO
               ENABLE_RESOURCE_ACCESS_CALENDARS = NO
               ENABLE_RESOURCE_ACCESS_CAMERA = NO
               ENABLE_RESOURCE_ACCESS_CONTACTS = NO
               ENABLE_RESOURCE_ACCESS_LOCATION = NO
               ENABLE_RESOURCE_ACCESS_PHOTO_LIBRARY = NO
               ENABLE_RESOURCE_ACCESS_PRINTING = NO
               ENABLE_RESOURCE_ACCESS_USB = NO
               ENABLE_SDK_IMPORTS = NO
               ENABLE_SECURITY_COMPILER_WARNINGS = NO
               ENABLE_STRICT_OBJC_MSGSEND = YES
               ENABLE_TESTABILITY = NO
               ENABLE_TESTING_SEARCH_PATHS = NO
               ENABLE_USER_SCRIPT_SANDBOXING = NO
               ENFORCE_VALID_ARCHS = YES
               ENTITLEMENTS_DESTINATION = __entitlements
               ENTITLEMENTS_REQUIRED = NO
               EXCLUDED_INSTALLSRC_SUBDIRECTORY_PATTERNS = .DS_Store .svn .git .hg CVS
               EXCLUDED_RECURSIVE_SEARCH_PATH_SUBDIRECTORIES = *.nib *.lproj *.framework *.gch *.xcode* *.xcassets *.icon (*) .DS_Store CVS .svn .git .hg *.pbproj *.pbxproj
               EXECUTABLES_FOLDER_PATH = nanopb.framework/en.lproj
               EXECUTABLE_FOLDER_PATH = nanopb.framework
               EXECUTABLE_FOLDER_PATH_SHALLOW_BUNDLE_NO = nanopb.framework
               EXECUTABLE_FOLDER_PATH_SHALLOW_BUNDLE_YES = nanopb.framework
               EXECUTABLE_NAME = nanopb
               EXECUTABLE_PATH = nanopb.framework/nanopb
               EXTENSIONS_FOLDER_PATH = nanopb.framework/Extensions
               FILE_LIST = /Users/gregoriomorelli/Documents/vibra/build/ios/Pods.build/Release-iphonesimulator/nanopb.build/Objects/LinkFileList
               FIXED_FILES_DIR = /Users/gregoriomorelli/Documents/vibra/build/ios/Pods.build/Release-iphonesimulator/nanopb.build/FixedFiles
               FRAMEWORKS_FOLDER_PATH = nanopb.framework/Frameworks
               FRAMEWORK_FLAG_PREFIX = -framework
               FRAMEWORK_SEARCH_PATHS = /Users/gregoriomorelli/Documents/vibra/build/ios/Release-iphonesimulator/nanopb 
               FRAMEWORK_VERSION = A
               FULL_PRODUCT_NAME = nanopb.framework
               FUSE_BUILD_PHASES = YES
               FUSE_BUILD_SCRIPT_PHASES = NO
               GCC3_VERSION = 3.3
               GCC_C_LANGUAGE_STANDARD = gnu11
               GCC_INLINES_ARE_PRIVATE_EXTERN = YES
               GCC_NO_COMMON_BLOCKS = YES
               GCC_OBJC_LEGACY_DISPATCH = YES
               GCC_PFE_FILE_C_DIALECTS = c objective-c c++ objective-c++
               GCC_PREFIX_HEADER = Target Support Files/nanopb/nanopb-prefix.pch
               GCC_PREPROCESSOR_DEFINITIONS = POD_CONFIGURATION_RELEASE=1  COCOAPODS=1 POD_CONFIGURATION_RELEASE=1  PB_FIELD_32BIT=1 PB_NO_PACKED_STRUCTS=1 PB_ENABLE_MALLOC=1
               GCC_TREAT_WARNINGS_AS_ERRORS = NO
               GCC_VERSION = com.apple.compilers.llvm.clang.1_0
               GCC_VERSION_IDENTIFIER = com_apple_compilers_llvm_clang_1_0
               GCC_WARN_64_TO_32_BIT_CONVERSION = YES
               GCC_WARN_ABOUT_RETURN_TYPE = YES_ERROR
               GCC_WARN_UNDECLARED_SELECTOR = YES
               GCC_WARN_UNINITIALIZED_AUTOS = YES_AGGRESSIVE
               GCC_WARN_UNUSED_FUNCTION = YES
               GCC_WARN_UNUSED_VARIABLE = YES
               GENERATED_MODULEMAP_DIR = /Users/gregoriomorelli/Documents/vibra/build/ios/GeneratedModuleMaps-iphonesimulator
               GENERATE_INFOPLIST_FILE = NO
               GENERATE_INTERMEDIATE_TEXT_BASED_STUBS = YES
               GENERATE_PKGINFO_FILE = NO
               GENERATE_PRELINK_OBJECT_FILE = NO
               GENERATE_PROFILING_CODE = NO
               GENERATE_TEXT_BASED_STUBS = NO
               GID = 20
               GROUP = staff
               HEADERMAP_INCLUDES_FLAT_ENTRIES_FOR_TARGET_BEING_BUILT = YES
               HEADERMAP_INCLUDES_FRAMEWORK_ENTRIES_FOR_ALL_PRODUCT_TYPES = YES
               HEADERMAP_INCLUDES_FRAMEWORK_ENTRIES_FOR_TARGETS_NOT_BEING_BUILT = YES
               HEADERMAP_INCLUDES_NONPUBLIC_NONPRIVATE_HEADERS = YES
               HEADERMAP_INCLUDES_PROJECT_HEADERS = YES
               HEADERMAP_USES_FRAMEWORK_PREFIX_ENTRIES = YES
               HEADERMAP_USES_VFS = YES
               HEADER_SEARCH_PATHS = /Users/gregoriomorelli/Documents/vibra/build/ios/Release-iphonesimulator/nanopb/include 
               HOME = /Users/gregoriomorelli
               HOST_ARCH = arm64
               HOST_PLATFORM = macosx
               ICONV = /usr/bin/iconv
               IMPLICIT_DEPENDENCY_DOMAIN = default
               INDEX_STORE_COMPRESS = NO
               INDEX_STORE_ONLY_PROJECT_FILES = NO
               INFOPLIST_ENABLE_CFBUNDLEICONS_MERGE = YES
               INFOPLIST_EXPAND_BUILD_SETTINGS = YES
               INFOPLIST_FILE = Target Support Files/nanopb/nanopb-Info.plist
               INFOPLIST_OUTPUT_FORMAT = binary
               INFOPLIST_PATH = nanopb.framework/Info.plist
               INFOPLIST_PREPROCESS = NO
               INFOSTRINGS_PATH = nanopb.framework/en.lproj/InfoPlist.strings
               INLINE_PRIVATE_FRAMEWORKS = NO
               INSTALLAPI_IGNORE_SKIP_INSTALL = YES
               INSTALLHDRS_COPY_PHASE = NO
               INSTALLHDRS_SCRIPT_PHASE = NO
               INSTALL_DIR = /tmp/Pods.dst/Library/Frameworks
               INSTALL_GROUP = staff
               INSTALL_MODE_FLAG = u+w,go-w,a+rX
               INSTALL_OWNER = gregoriomorelli
               INSTALL_PATH = /Library/Frameworks
               INSTALL_ROOT = /tmp/Pods.dst
               IPHONEOS_DEPLOYMENT_TARGET = 12.0
               IS_UNOPTIMIZED_BUILD = NO
               JAVAC_DEFAULT_FLAGS = -J-Xms64m -J-XX:NewSize=4M -J-Dfile.encoding=UTF8
               JAVA_APP_STUB = /System/Library/Frameworks/JavaVM.framework/Resources/MacOS/JavaApplicationStub
               JAVA_ARCHIVE_CLASSES = YES
               JAVA_ARCHIVE_TYPE = JAR
               JAVA_COMPILER = /usr/bin/javac
               JAVA_FOLDER_PATH = nanopb.framework/Java
               JAVA_FRAMEWORK_RESOURCES_DIRS = Resources
               JAVA_JAR_FLAGS = cv
               JAVA_SOURCE_SUBDIR = .
               JAVA_USE_DEPENDENCIES = YES
               JAVA_ZIP_FLAGS = -urg
               JIKES_DEFAULT_FLAGS = +E +OLDCSO
               KEEP_PRIVATE_EXTERNS = NO
               LD_DEPENDENCY_INFO_FILE = /Users/gregoriomorelli/Documents/vibra/build/ios/Pods.build/Release-iphonesimulator/nanopb.build/Objects-normal/undefined_arch/nanopb_dependency_info.dat
               LD_DYLIB_INSTALL_NAME = @rpath/nanopb.framework/nanopb
               LD_EXPORT_SYMBOLS = YES
               LD_GENERATE_MAP_FILE = NO
               LD_MAP_FILE_PATH = /Users/gregoriomorelli/Documents/vibra/build/ios/Pods.build/Release-iphonesimulator/nanopb.build/nanopb-LinkMap-normal-undefined_arch.txt
               LD_NO_PIE = NO
               LD_QUOTE_LINKER_ARGUMENTS_FOR_COMPILER_DRIVER = YES
               LD_RUNPATH_SEARCH_PATHS =  @executable_path/Frameworks @loader_path/Frameworks
               LD_SHARED_CACHE_ELIGIBLE = Automatic
               LD_WARN_DUPLICATE_LIBRARIES = NO
               LD_WARN_UNUSED_DYLIBS = NO
               LEGACY_DEVELOPER_DIR = /Applications/Xcode.app/Contents/PlugIns/Xcode3Core.ideplugin/Contents/SharedSupport/Developer
               LEX = lex
               LIBRARY_DEXT_INSTALL_PATH = /Library/DriverExtensions
               LIBRARY_FLAG_NOSPACE = YES
               LIBRARY_FLAG_PREFIX = -l
               LIBRARY_KEXT_INSTALL_PATH = /Library/Extensions
               LIBRARY_SEARCH_PATHS = /Users/gregoriomorelli/Documents/vibra/build/ios/Release-iphonesimulator/nanopb 
               LINKER_DISPLAYS_MANGLED_NAMES = NO
               LINK_FILE_LIST_normal_arm64 = /Users/gregoriomorelli/Documents/vibra/build/ios/Pods.build/Release-iphonesimulator/nanopb.build/Objects-normal/arm64/nanopb.LinkFileList
               LINK_FILE_LIST_normal_x86_64 = /Users/gregoriomorelli/Documents/vibra/build/ios/Pods.build/Release-iphonesimulator/nanopb.build/Objects-normal/x86_64/nanopb.LinkFileList
               LINK_OBJC_RUNTIME = YES
               LINK_WITH_STANDARD_LIBRARIES = YES
               LLVM_TARGET_TRIPLE_OS_VERSION = ios12.0
               LLVM_TARGET_TRIPLE_SUFFIX = -simulator
               LLVM_TARGET_TRIPLE_VENDOR = apple
               LM_AUX_CONST_METADATA_LIST_PATH_normal_arm64 = /Users/gregoriomorelli/Documents/vibra/build/ios/Pods.build/Release-iphonesimulator/nanopb.build/Objects-normal/arm64/nanopb.SwiftConstValuesFileList
               LM_AUX_CONST_METADATA_LIST_PATH_normal_x86_64 = /Users/gregoriomorelli/Documents/vibra/build/ios/Pods.build/Release-iphonesimulator/nanopb.build/Objects-normal/x86_64/nanopb.SwiftConstValuesFileList
               LOCALIZATION_EXPORT_SUPPORTED = YES
               LOCALIZATION_PREFERS_STRING_CATALOGS = NO
               LOCALIZED_RESOURCES_FOLDER_PATH = nanopb.framework/en.lproj
               LOCALIZED_STRING_CODE_COMMENTS = NO
               LOCALIZED_STRING_MACRO_NAMES = NSLocalizedString CFCopyLocalizedString
               LOCALIZED_STRING_SWIFTUI_SUPPORT = YES
               LOCAL_ADMIN_APPS_DIR = /Applications/Utilities
               LOCAL_APPS_DIR = /Applications
               LOCAL_DEVELOPER_DIR = /Library/Developer
               LOCAL_LIBRARY_DIR = /Library
               LOCROOT = /Users/gregoriomorelli/Documents/vibra/ios/Pods
               LOCSYMROOT = /Users/gregoriomorelli/Documents/vibra/ios/Pods
               MACH_O_TYPE = mh_dylib
               MACOSX_DEPLOYMENT_TARGET = 26.5
               MAC_OS_X_PRODUCT_BUILD_VERSION = 25F84
               MAC_OS_X_VERSION_ACTUAL = 260502
               MAC_OS_X_VERSION_MAJOR = 260000
               MAC_OS_X_VERSION_MINOR = 260500
               MAKE_MERGEABLE = NO
               MERGEABLE_LIBRARY = NO
               MERGED_BINARY_TYPE = none
               MERGE_LINKED_LIBRARIES = NO
               METAL_LIBRARY_FILE_BASE = default
               METAL_LIBRARY_OUTPUT_DIR = /Users/gregoriomorelli/Documents/vibra/build/ios/Release-iphonesimulator/nanopb/nanopb.framework
               MODULEMAP_FILE = Target Support Files/nanopb/nanopb.modulemap
               MODULES_FOLDER_PATH = nanopb.framework/Modules
               MTL_ENABLE_DEBUG_INFO = NO
               MTL_FAST_MATH = YES
               NATIVE_ARCH = arm64
               NATIVE_ARCH_32_BIT = arm
               NATIVE_ARCH_64_BIT = arm64
               NATIVE_ARCH_ACTUAL = arm64
               NO_COMMON = YES
               OBJC_ABI_VERSION = 2
               OBJECT_FILE_DIR = /Users/gregoriomorelli/Documents/vibra/build/ios/Pods.build/Release-iphonesimulator/nanopb.build/Objects
               OBJECT_FILE_DIR_normal = /Users/gregoriomorelli/Documents/vibra/build/ios/Pods.build/Release-iphonesimulator/nanopb.build/Objects-normal
               OBJROOT = /Users/gregoriomorelli/Documents/vibra/build/ios
               ONLY_ACTIVE_ARCH = NO
               OS = MACOS
               OSAC = /usr/bin/osacompile
               PACKAGE_TYPE = com.apple.package-type.wrapper.framework
               PASCAL_STRINGS = YES
               PATH = /Applications/Xcode.app/Contents/SharedFrameworks/SwiftBuild.framework/Versions/A/PlugIns/SWBBuildService.bundle/Contents/PlugIns/SWBUniversalPlatformPlugin.bundle/Contents/Frameworks/SWBUniversalPlatform.framework/Resources:/Applications/Xcode.app/Contents/Developer/Toolchains/XcodeDefault.xctoolchain/usr/bin:/Applications/Xcode.app/Contents/Developer/Toolchains/XcodeDefault.xctoolchain/usr/local/bin:/Applications/Xcode.app/Contents/Developer/Toolchains/XcodeDefault.xctoolchain/usr/libexec:/Applications/Xcode.app/Contents/Developer/Platforms/iPhoneSimulator.platform/usr/bin:/Applications/Xcode.app/Contents/Developer/Platforms/iPhoneSimulator.platform/usr/local/bin:/Applications/Xcode.app/Contents/Developer/Platforms/iPhoneSimulator.platform/Developer/usr/bin:/Applications/Xcode.app/Contents/Developer/Platforms/iPhoneSimulator.platform/Developer/usr/local/bin:/Applications/Xcode.app/Contents/Developer/usr/bin:/Applications/Xcode.app/Contents/Developer/usr/local/bin:/Users/gregoriomorelli/.gemini/antigravity/bin:/Users/gregoriomorelli/Library/Application Support/Antigravity/bin:/opt/homebrew/bin:/opt/homebrew/sbin:/Library/Developer/CommandLineTools/usr/bin:/Users/gregoriomorelli/development/flutter/bin:/Users/gregoriomorelli/Library/Android/sdk/platform-tools:/Users/gregoriomorelli/Library/Android/sdk/cmdline-tools/latest/bin:/Users/gregoriomorelli/Library/Android/sdk/emulator:/Users/gregoriomorelli/.antigravity-ide/antigravity-ide/bin:/Users/gregoriomorelli/.antigravity/antigravity/bin:/Applications/XAMPP/xamppfiles/bin:/Users/gregoriomorelli/develop/flutter/bin:/usr/local/bin:/System/Cryptexes/App/usr/bin:/usr/bin:/bin:/usr/sbin:/sbin:/var/run/com.apple.security.cryptexd/codex.system/bootstrap/usr/local/bin:/var/run/com.apple.security.cryptexd/codex.system/bootstrap/usr/bin:/var/run/com.apple.security.cryptexd/codex.system/bootstrap/usr/appleinternal/bin:/pkg/env/global/bin:/Users/gregoriomorelli/.spicetify
               PATH_PREFIXES_EXCLUDED_FROM_HEADER_DEPENDENCIES = /usr/include /usr/local/include /System/Library/Frameworks /System/Library/PrivateFrameworks /Applications/Xcode.app/Contents/Developer/Headers /Applications/Xcode.app/Contents/Developer/SDKs /Applications/Xcode.app/Contents/Developer/Platforms
               PBDEVELOPMENTPLIST_PATH = nanopb.framework/pbdevelopment.plist
               PER_ARCH_MODULE_FILE_DIR = /Users/gregoriomorelli/Documents/vibra/build/ios/Pods.build/Release-iphonesimulator/nanopb.build/Objects-normal/undefined_arch
               PER_ARCH_OBJECT_FILE_DIR = /Users/gregoriomorelli/Documents/vibra/build/ios/Pods.build/Release-iphonesimulator/nanopb.build/Objects-normal/undefined_arch
               PER_VARIANT_OBJECT_FILE_DIR = /Users/gregoriomorelli/Documents/vibra/build/ios/Pods.build/Release-iphonesimulator/nanopb.build/Objects-normal
               PKGINFO_FILE_PATH = /Users/gregoriomorelli/Documents/vibra/build/ios/Pods.build/Release-iphonesimulator/nanopb.build/PkgInfo
               PKGINFO_PATH = nanopb.framework/PkgInfo
               PLATFORM_DEVELOPER_APPLICATIONS_DIR = /Applications/Xcode.app/Contents/Developer/Platforms/iPhoneSimulator.platform/Developer/Applications
               PLATFORM_DEVELOPER_BIN_DIR = /Applications/Xcode.app/Contents/Developer/Platforms/iPhoneSimulator.platform/Developer/usr/bin
               PLATFORM_DEVELOPER_LIBRARY_DIR = /Applications/Xcode.app/Contents/Developer/Platforms/iPhoneSimulator.platform/Developer/Library
               PLATFORM_DEVELOPER_SDK_DIR = /Applications/Xcode.app/Contents/Developer/Platforms/iPhoneSimulator.platform/Developer/SDKs
               PLATFORM_DEVELOPER_TOOLS_DIR = /Applications/Xcode.app/Contents/Developer/Platforms/iPhoneSimulator.platform/Developer/Tools
               PLATFORM_DEVELOPER_USR_DIR = /Applications/Xcode.app/Contents/Developer/Platforms/iPhoneSimulator.platform/Developer/usr
               PLATFORM_DIR = /Applications/Xcode.app/Contents/Developer/Platforms/iPhoneSimulator.platform
               PLATFORM_DISPLAY_NAME = iOS Simulator
               PLATFORM_FAMILY_NAME = iOS
               PLATFORM_NAME = iphonesimulator
               PLATFORM_PREFERRED_ARCH = x86_64
               PLATFORM_PRODUCT_BUILD_VERSION = 23F73
               PLATFORM_REQUIRES_SWIFT_AUTOLINK_EXTRACT = NO
               PLATFORM_REQUIRES_SWIFT_MODULEWRAP = NO
               PLATFORM_USES_DSYMS = YES
               PLIST_FILE_OUTPUT_FORMAT = binary
               PLUGINS_FOLDER_PATH = nanopb.framework/PlugIns
               PODS_BUILD_DIR = /Users/gregoriomorelli/Documents/vibra/build/ios
               PODS_CONFIGURATION_BUILD_DIR = /Users/gregoriomorelli/Documents/vibra/build/ios/Release-iphonesimulator
               PODS_DEVELOPMENT_LANGUAGE = en
               PODS_ROOT = /Users/gregoriomorelli/Documents/vibra/ios/Pods
               PODS_TARGET_SRCROOT = /Users/gregoriomorelli/Documents/vibra/ios/Pods/nanopb
               PODS_XCFRAMEWORKS_BUILD_DIR = /Users/gregoriomorelli/Documents/vibra/build/ios/Release-iphonesimulator/XCFrameworkIntermediates
               PRECOMPS_INCLUDE_HEADERS_FROM_BUILT_PRODUCTS_DIR = YES
               PRECOMP_DESTINATION_DIR = /Users/gregoriomorelli/Documents/vibra/build/ios/Pods.build/Release-iphonesimulator/nanopb.build/PrefixHeaders
               PRIVATE_HEADERS_FOLDER_PATH = nanopb.framework/PrivateHeaders
               PROCESSED_INFOPLIST_PATH = /Users/gregoriomorelli/Documents/vibra/build/ios/Pods.build/Release-iphonesimulator/nanopb.build/Objects-normal/undefined_arch/Processed-Info.plist
               PRODUCT_BUNDLE_IDENTIFIER = org.cocoapods.nanopb
               PRODUCT_BUNDLE_PACKAGE_TYPE = FMWK
               PRODUCT_MODULE_NAME = nanopb
               PRODUCT_NAME = nanopb
               PRODUCT_SETTINGS_PATH = /Users/gregoriomorelli/Documents/vibra/ios/Pods/Target Support Files/nanopb/nanopb-Info.plist
               PRODUCT_TYPE = com.apple.product-type.framework
               PROFILING_CODE = NO
               PROJECT = Pods
               PROJECT_DERIVED_FILE_DIR = /Users/gregoriomorelli/Documents/vibra/build/ios/Pods.build/DerivedSources
               PROJECT_DIR = /Users/gregoriomorelli/Documents/vibra/ios/Pods
               PROJECT_FILE_PATH = /Users/gregoriomorelli/Documents/vibra/ios/Pods/Pods.xcodeproj
               PROJECT_GUID = bfdfe7dc352907fc980b868725387e98
               PROJECT_NAME = Pods
               PROJECT_TEMP_DIR = /Users/gregoriomorelli/Documents/vibra/build/ios/Pods.build
               PROJECT_TEMP_ROOT = /Users/gregoriomorelli/Documents/vibra/build/ios
               PUBLIC_HEADERS_FOLDER_PATH = nanopb.framework/Headers
               RECOMMENDED_IPHONEOS_DEPLOYMENT_TARGET = 15.0
               RECURSIVE_SEARCH_PATHS_FOLLOW_SYMLINKS = YES
               REMOVE_CVS_FROM_RESOURCES = YES
               REMOVE_GIT_FROM_RESOURCES = YES
               REMOVE_HEADERS_FROM_EMBEDDED_BUNDLES = YES
               REMOVE_HG_FROM_RESOURCES = YES
               REMOVE_STATIC_EXECUTABLES_FROM_EMBEDDED_BUNDLES = YES
               REMOVE_SVN_FROM_RESOURCES = YES
               RESCHEDULE_INDEPENDENT_HEADERS_PHASES = YES
               REZ_COLLECTOR_DIR = /Users/gregoriomorelli/Documents/vibra/build/ios/Pods.build/Release-iphonesimulator/nanopb.build/ResourceManagerResources
               REZ_OBJECTS_DIR = /Users/gregoriomorelli/Documents/vibra/build/ios/Pods.build/Release-iphonesimulator/nanopb.build/ResourceManagerResources/Objects
               REZ_SEARCH_PATHS = /Users/gregoriomorelli/Documents/vibra/build/ios/Release-iphonesimulator/nanopb 
               RPATH_ORIGIN = @loader_path
               RUNTIME_EXCEPTION_ALLOW_DYLD_ENVIRONMENT_VARIABLES = NO
               RUNTIME_EXCEPTION_ALLOW_JIT = NO
               RUNTIME_EXCEPTION_ALLOW_UNSIGNED_EXECUTABLE_MEMORY = NO
               RUNTIME_EXCEPTION_DEBUGGING_TOOL = NO
               RUNTIME_EXCEPTION_DISABLE_EXECUTABLE_PAGE_PROTECTION = NO
               RUNTIME_EXCEPTION_DISABLE_LIBRARY_VALIDATION = NO
               SCANNING_PCM_KEEP_CACHE_DIRECTORY = YES
               SCAN_ALL_SOURCE_FILES_FOR_INCLUDES = NO
               SCRIPTS_FOLDER_PATH = nanopb.framework/Scripts
               SDKROOT = /Applications/Xcode.app/Contents/Developer/Platforms/iPhoneSimulator.platform/Developer/SDKs/iPhoneSimulator26.5.sdk
               SDK_DIR = /Applications/Xcode.app/Contents/Developer/Platforms/iPhoneSimulator.platform/Developer/SDKs/iPhoneSimulator26.5.sdk
               SDK_DIR_iphonesimulator = /Applications/Xcode.app/Contents/Developer/Platforms/iPhoneSimulator.platform/Developer/SDKs/iPhoneSimulator26.5.sdk
               SDK_DIR_iphonesimulator26_5 = /Applications/Xcode.app/Contents/Developer/Platforms/iPhoneSimulator.platform/Developer/SDKs/iPhoneSimulator26.5.sdk
               SDK_NAME = iphonesimulator26.5
               SDK_NAMES = iphonesimulator26.5
               SDK_PRODUCT_BUILD_VERSION = 23F73
               SDK_STAT_CACHE_DIR = /var/folders/pg/x6t89f2n7s7299rcw8hv33180000gn/C/com.apple.DeveloperTools/26.5-17F42/Xcode
               SDK_STAT_CACHE_ENABLE = YES
               SDK_STAT_CACHE_PATH = /var/folders/pg/x6t89f2n7s7299rcw8hv33180000gn/C/com.apple.DeveloperTools/26.5-17F42/Xcode/SDKStatCaches.noindex/iphonesimulator26.5-23F73-6cfe768891a92b912361537c460fe42b.sdkstatcache
               SDK_VERSION = 26.5
               SDK_VERSION_ACTUAL = 260500
               SDK_VERSION_MAJOR = 260000
               SDK_VERSION_MINOR = 260500
               SED = /usr/bin/sed
               SEPARATE_STRIP = NO
               SEPARATE_SYMBOL_EDIT = NO
               SET_DIR_MODE_OWNER_GROUP = YES
               SET_FILE_MODE_OWNER_GROUP = NO
               SHALLOW_BUNDLE = YES
               SHALLOW_BUNDLE_TRIPLE = ios-simulator
               SHALLOW_BUNDLE_ios_macabi = NO
               SHALLOW_BUNDLE_macos = NO
               SHARED_DERIVED_FILE_DIR = /Users/gregoriomorelli/Documents/vibra/build/ios/Release-iphonesimulator/nanopb/DerivedSources
               SHARED_FRAMEWORKS_FOLDER_PATH = nanopb.framework/SharedFrameworks
               SHARED_PRECOMPS_DIR = /Users/gregoriomorelli/Documents/vibra/build/ios/SharedPrecompiledHeaders
               SHARED_SUPPORT_FOLDER_PATH = nanopb.framework
               SKIP_INSTALL = YES
               SKIP_MERGEABLE_LIBRARY_BUNDLE_HOOK = NO
               SOURCE_ROOT = /Users/gregoriomorelli/Documents/vibra/ios/Pods
               SRCROOT = /Users/gregoriomorelli/Documents/vibra/ios/Pods
               STRINGSDATA_DIR = /Users/gregoriomorelli/Documents/vibra/build/ios/Pods.build/Release-iphonesimulator/nanopb.build/Objects-normal/undefined_arch
               STRINGSDATA_ROOT = /Users/gregoriomorelli/Documents/vibra/build/ios/Pods.build/Release-iphonesimulator/nanopb.build
               STRINGS_FILE_INFOPLIST_RENAME = YES
               STRINGS_FILE_OUTPUT_ENCODING = binary
               STRING_CATALOG_GENERATE_SYMBOLS = NO
               STRIP_BITCODE_FROM_COPIED_FILES = NO
               STRIP_INSTALLED_PRODUCT = NO
               STRIP_STYLE = debugging
               STRIP_SWIFT_SYMBOLS = YES
               SUPPORTED_DEVICE_FAMILIES = 1,2
               SUPPORTED_PLATFORMS = iphoneos iphonesimulator
               SUPPORTS_TEXT_BASED_API = NO
               SUPPRESS_WARNINGS = NO
               SWIFT_ACTIVE_COMPILATION_CONDITIONS =  
               SWIFT_COMPILATION_MODE = wholemodule
               SWIFT_EMIT_CONST_VALUE_PROTOCOLS = AnyResolverProviding AppEntity AppEnum AppExtension AppIntent AppIntentsPackage AppShortcutProviding AppShortcutsProvider AppUnionValue AppUnionValueCasesProviding DynamicOptionsProvider EntityQuery ExtensionPointDefining IntentValueQuery Resolver TransientEntity _AssistantIntentsProvider _GenerativeFunctionExtractable _IntentValueRepresentable
               SWIFT_EMIT_LOC_STRINGS = NO
               SWIFT_ENABLE_EXPLICIT_MODULES = YES
               SWIFT_INSTALL_MODULE_FOR_DEPLOYMENT = YES
               SWIFT_INSTALL_OBJC_HEADER = YES
               SWIFT_OPTIMIZATION_LEVEL = -O
               SWIFT_PLATFORM_TARGET_PREFIX = ios
               SWIFT_RESPONSE_FILE_PATH_normal_arm64 = /Users/gregoriomorelli/Documents/vibra/build/ios/Pods.build/Release-iphonesimulator/nanopb.build/Objects-normal/arm64/nanopb.SwiftFileList
               SWIFT_RESPONSE_FILE_PATH_normal_x86_64 = /Users/gregoriomorelli/Documents/vibra/build/ios/Pods.build/Release-iphonesimulator/nanopb.build/Objects-normal/x86_64/nanopb.SwiftFileList
               SWIFT_VERSION = 5.0
               SYMROOT = /Users/gregoriomorelli/Documents/vibra/ios/build
               SYSTEM_ADMIN_APPS_DIR = /Applications/Utilities
               SYSTEM_APPS_DIR = /Applications
               SYSTEM_CORE_SERVICES_DIR = /System/Library/CoreServices
               SYSTEM_DEMOS_DIR = /Applications/Extras
               SYSTEM_DEVELOPER_APPS_DIR = /Applications/Xcode.app/Contents/Developer/Applications
               SYSTEM_DEVELOPER_BIN_DIR = /Applications/Xcode.app/Contents/Developer/usr/bin
               SYSTEM_DEVELOPER_DEMOS_DIR = /Applications/Xcode.app/Contents/Developer/Applications/Utilities/Built Examples
               SYSTEM_DEVELOPER_DIR = /Applications/Xcode.app/Contents/Developer
               SYSTEM_DEVELOPER_DOC_DIR = /Applications/Xcode.app/Contents/Developer/ADC Reference Library
               SYSTEM_DEVELOPER_GRAPHICS_TOOLS_DIR = /Applications/Xcode.app/Contents/Developer/Applications/Graphics Tools
               SYSTEM_DEVELOPER_JAVA_TOOLS_DIR = /Applications/Xcode.app/Contents/Developer/Applications/Java Tools
               SYSTEM_DEVELOPER_PERFORMANCE_TOOLS_DIR = /Applications/Xcode.app/Contents/Developer/Applications/Performance Tools
               SYSTEM_DEVELOPER_RELEASENOTES_DIR = /Applications/Xcode.app/Contents/Developer/ADC Reference Library/releasenotes
               SYSTEM_DEVELOPER_TOOLS = /Applications/Xcode.app/Contents/Developer/Tools
               SYSTEM_DEVELOPER_TOOLS_DOC_DIR = /Applications/Xcode.app/Contents/Developer/ADC Reference Library/documentation/DeveloperTools
               SYSTEM_DEVELOPER_TOOLS_RELEASENOTES_DIR = /Applications/Xcode.app/Contents/Developer/ADC Reference Library/releasenotes/DeveloperTools
               SYSTEM_DEVELOPER_USR_DIR = /Applications/Xcode.app/Contents/Developer/usr
               SYSTEM_DEVELOPER_UTILITIES_DIR = /Applications/Xcode.app/Contents/Developer/Applications/Utilities
               SYSTEM_DEXT_INSTALL_PATH = /System/Library/DriverExtensions
               SYSTEM_DOCUMENTATION_DIR = /Library/Documentation
               SYSTEM_EXTENSIONS_FOLDER_PATH = nanopb.framework/SystemExtensions
               SYSTEM_EXTENSIONS_FOLDER_PATH_SHALLOW_BUNDLE_NO = nanopb.framework/Library/SystemExtensions
               SYSTEM_EXTENSIONS_FOLDER_PATH_SHALLOW_BUNDLE_YES = nanopb.framework/SystemExtensions
               SYSTEM_KEXT_INSTALL_PATH = /System/Library/Extensions
               SYSTEM_LIBRARY_DIR = /System/Library
               TAPI_DEMANGLE = YES
               TAPI_ENABLE_PROJECT_HEADERS = NO
               TAPI_LANGUAGE = objective-c
               TAPI_LANGUAGE_STANDARD = compiler-default
               TAPI_USE_SRCROOT = YES
               TAPI_VERIFY_MODE = Pedantic
               TARGETED_DEVICE_FAMILY = 1,2
               TARGETNAME = nanopb
               TARGET_BUILD_DIR = /Users/gregoriomorelli/Documents/vibra/build/ios/Release-iphonesimulator/nanopb
               TARGET_NAME = nanopb
               TARGET_TEMP_DIR = /Users/gregoriomorelli/Documents/vibra/build/ios/Pods.build/Release-iphonesimulator/nanopb.build
               TEMP_DIR = /Users/gregoriomorelli/Documents/vibra/build/ios/Pods.build/Release-iphonesimulator/nanopb.build
               TEMP_FILES_DIR = /Users/gregoriomorelli/Documents/vibra/build/ios/Pods.build/Release-iphonesimulator/nanopb.build
               TEMP_FILE_DIR = /Users/gregoriomorelli/Documents/vibra/build/ios/Pods.build/Release-iphonesimulator/nanopb.build
               TEMP_ROOT = /Users/gregoriomorelli/Documents/vibra/build/ios
               TEMP_SANDBOX_DIR = /Users/gregoriomorelli/Documents/vibra/build/ios/TemporaryTaskSandboxes
               TEST_FRAMEWORK_SEARCH_PATHS =  /Applications/Xcode.app/Contents/Developer/Platforms/iPhoneSimulator.platform/Developer/Library/Frameworks /Applications/Xcode.app/Contents/Developer/Platforms/iPhoneSimulator.platform/Developer/SDKs/iPhoneSimulator26.5.sdk/Developer/Library/Frameworks
               TEST_LIBRARY_SEARCH_PATHS =  /Applications/Xcode.app/Contents/Developer/Platforms/iPhoneSimulator.platform/Developer/usr/lib
               TOOLCHAINS = com.apple.dt.toolchain.XcodeDefault
               TOOLCHAIN_DIR = /Applications/Xcode.app/Contents/Developer/Toolchains/XcodeDefault.xctoolchain
               TREAT_MISSING_BASELINES_AS_TEST_FAILURES = NO
               TREAT_MISSING_SCRIPT_PHASE_OUTPUTS_AS_ERRORS = NO
               TVOS_DEPLOYMENT_TARGET = 26.5
               UID = 501
               UNINSTALLED_PRODUCTS_DIR = /Users/gregoriomorelli/Documents/vibra/build/ios/UninstalledProducts
               UNLOCALIZED_RESOURCES_FOLDER_PATH = nanopb.framework
               UNLOCALIZED_RESOURCES_FOLDER_PATH_SHALLOW_BUNDLE_NO = nanopb.framework/Resources
               UNLOCALIZED_RESOURCES_FOLDER_PATH_SHALLOW_BUNDLE_YES = nanopb.framework
               UNSTRIPPED_PRODUCT = NO
               USER = gregoriomorelli
               USER_APPS_DIR = /Users/gregoriomorelli/Applications
               USER_LIBRARY_DIR = /Users/gregoriomorelli/Library
               USE_DYNAMIC_NO_PIC = YES
               USE_HEADERMAP = YES
               USE_HEADER_SYMLINKS = NO
               USE_RECURSIVE_SCRIPT_INPUTS_IN_SCRIPT_PHASES = YES
               VALIDATE_DEVELOPMENT_ASSET_PATHS = YES_ERROR
               VALIDATE_PRODUCT = YES
               VALID_ARCHS = arm64 x86_64
               VERBOSE_PBXCP = NO
               VERSIONING_SYSTEM = apple-generic
               VERSIONPLIST_PATH = nanopb.framework/version.plist
               VERSIONS_FOLDER_PATH = nanopb.framework
               VERSIONS_FOLDER_PATH_SHALLOW_BUNDLE_NO = nanopb.framework/Versions
               VERSIONS_FOLDER_PATH_SHALLOW_BUNDLE_YES = nanopb.framework
               VERSION_INFO_BUILDER = gregoriomorelli
               VERSION_INFO_FILE = nanopb_vers.c
               VERSION_INFO_STRING = "@(#)PROGRAM:nanopb  PROJECT:Pods-1"
               WATCHOS_DEPLOYMENT_TARGET = 26.5
               WORKSPACE_DIR = /Users/gregoriomorelli/Documents/vibra/ios/Pods/Pods.xcodeproj
               WRAPPER_EXTENSION = framework
               WRAPPER_NAME = nanopb.framework
               WRAPPER_SUFFIX = .framework
               WRAP_ASSET_PACKS_IN_SEPARATE_DIRECTORIES = NO
               XCODE_APP_SUPPORT_DIR = /Applications/Xcode.app/Contents/Developer/Library/Xcode
               XCODE_PRODUCT_BUILD_VERSION = 17F42
               XCODE_VERSION_ACTUAL = 2650
               XCODE_VERSION_MAJOR = 2600
               XCODE_VERSION_MINOR = 2650
               XPCSERVICES_FOLDER_PATH = nanopb.framework/XPCServices
               XROS_DEPLOYMENT_TARGET = 26.5
               YACC = yacc
               _DISCOVER_COMMAND_LINE_LINKER_INPUTS = YES
               _DISCOVER_COMMAND_LINE_LINKER_INPUTS_INCLUDE_WL = YES
               _LD_MULTIARCH = YES
               _WRAPPER_CONTENTS_DIR_SHALLOW_BUNDLE_NO = /Contents
               _WRAPPER_PARENT_PATH_SHALLOW_BUNDLE_NO = /..
               _WRAPPER_RESOURCES_DIR_SHALLOW_BUNDLE_NO = /Resources
               __DIAGNOSE_DEPRECATED_ARCHS = YES
               __ORIGINAL_SDK_DEFINED_LLVM_TARGET_TRIPLE_SYS = ios
               arch = undefined_arch
               variant = normal

           Build settings for action build and target nanopb-nanopb_Privacy:
               ACTION = build
               AD_HOC_CODE_SIGNING_ALLOWED = YES
               ALLOW_BUILD_REQUEST_OVERRIDES = NO
               ALLOW_TARGET_PLATFORM_SPECIALIZATION = NO
               ALTERNATE_GROUP = staff
               ALTERNATE_MODE = u+w,go-w,a+rX
               ALTERNATE_OWNER = gregoriomorelli
               ALTERNATIVE_DISTRIBUTION_WEB = NO
               ALWAYS_EMBED_SWIFT_STANDARD_LIBRARIES = NO
               ALWAYS_SEARCH_USER_PATHS = NO
               ALWAYS_USE_SEPARATE_HEADERMAPS = NO
               APPLICATION_EXTENSION_API_ONLY = NO
               APPLY_RULES_IN_COPY_FILES = NO
               APPLY_RULES_IN_COPY_HEADERS = NO
               APP_SHORTCUTS_ENABLE_FLEXIBLE_MATCHING = YES
               ARCHS = arm64 x86_64
               ARCHS_BASE = arm64 x86_64
               ARCHS_STANDARD = arm64 x86_64
               ARCHS_STANDARD_32_64_BIT = arm64 x86_64
               ARCHS_STANDARD_64_BIT = arm64 x86_64
               ARCHS_STANDARD_INCLUDING_64_BIT = arm64 x86_64
               ARCHS_UNIVERSAL_IPHONE_OS = arm64 x86_64
               AUTOMATICALLY_MERGE_DEPENDENCIES = NO
               AUTOMATION_APPLE_EVENTS = NO
               AVAILABLE_PLATFORMS = android appletvos appletvsimulator driverkit freebsd iphoneos iphonesimulator linux macosx none openbsd qnx watchos watchsimulator webassembly xros xrsimulator
               BUILD_ACTIVE_RESOURCES_ONLY = NO
               BUILD_COMPONENTS = headers build
               BUILD_DIR = /Users/gregoriomorelli/Documents/vibra/build/ios
               BUILD_LIBRARY_FOR_DISTRIBUTION = NO
               BUILD_ONLY_KNOWN_LOCALIZATIONS = NO
               BUILD_ROOT = /Users/gregoriomorelli/Documents/vibra/ios/build
               BUILD_STYLE = 
               BUILD_VARIANTS = normal
               BUILT_PRODUCTS_DIR = /Users/gregoriomorelli/Documents/vibra/build/ios/Release-iphonesimulator/nanopb
               BUNDLE_CONTENTS_FOLDER_PATH_deep = Contents/
               BUNDLE_EXECUTABLE_FOLDER_NAME_deep = MacOS
               BUNDLE_EXTENSIONS_FOLDER_PATH = Extensions
               BUNDLE_FORMAT = shallow
               BUNDLE_FRAMEWORKS_FOLDER_PATH = Frameworks
               BUNDLE_PLUGINS_FOLDER_PATH = PlugIns
               BUNDLE_PRIVATE_HEADERS_FOLDER_PATH = PrivateHeaders
               BUNDLE_PUBLIC_HEADERS_FOLDER_PATH = Headers
               CACHE_ROOT = /var/folders/pg/x6t89f2n7s7299rcw8hv33180000gn/C/com.apple.DeveloperTools/26.5-17F42/Xcode
               CCHROOT = /var/folders/pg/x6t89f2n7s7299rcw8hv33180000gn/C/com.apple.DeveloperTools/26.5-17F42/Xcode
               CHMOD = /bin/chmod
               CHOWN = chown
               CLANG_ANALYZER_LOCALIZABILITY_NONLOCALIZED = YES
               CLANG_ANALYZER_NONNULL = YES
               CLANG_ANALYZER_NUMBER_OBJECT_CONVERSION = YES_AGGRESSIVE
               CLANG_CACHE_FINE_GRAINED_OUTPUTS = YES
               CLANG_CXX_LANGUAGE_STANDARD = gnu++14
               CLANG_CXX_LIBRARY = libc++
               CLANG_ENABLE_EXPLICIT_MODULES = YES
               CLANG_ENABLE_MODULES = YES
               CLANG_ENABLE_OBJC_ARC = YES
               CLANG_ENABLE_OBJC_WEAK = YES
               CLANG_MODULES_BUILD_SESSION_FILE = /var/folders/pg/x6t89f2n7s7299rcw8hv33180000gn/C/org.llvm.clang/ModuleCache.noindex/Session.modulevalidation
               CLANG_WARN_BLOCK_CAPTURE_AUTORELEASING = YES
               CLANG_WARN_BOOL_CONVERSION = YES
               CLANG_WARN_COMMA = YES
               CLANG_WARN_CONSTANT_CONVERSION = YES
               CLANG_WARN_DEPRECATED_OBJC_IMPLEMENTATIONS = YES
               CLANG_WARN_DIRECT_OBJC_ISA_USAGE = YES_ERROR
               CLANG_WARN_DOCUMENTATION_COMMENTS = YES
               CLANG_WARN_EMPTY_BODY = YES
               CLANG_WARN_ENUM_CONVERSION = YES
               CLANG_WARN_INFINITE_RECURSION = YES
               CLANG_WARN_INT_CONVERSION = YES
               CLANG_WARN_NON_LITERAL_NULL_CONVERSION = YES
               CLANG_WARN_OBJC_IMPLICIT_RETAIN_SELF = YES
               CLANG_WARN_OBJC_LITERAL_CONVERSION = YES
               CLANG_WARN_OBJC_ROOT_CLASS = YES_ERROR
               CLANG_WARN_QUOTED_INCLUDE_IN_FRAMEWORK_HEADER = NO
               CLANG_WARN_RANGE_LOOP_ANALYSIS = YES
               CLANG_WARN_STRICT_PROTOTYPES = YES
               CLANG_WARN_SUSPICIOUS_MOVE = YES
               CLANG_WARN_UNGUARDED_AVAILABILITY = YES_AGGRESSIVE
               CLANG_WARN_UNREACHABLE_CODE = YES
               CLANG_WARN__DUPLICATE_METHOD_MATCH = YES
               CLASS_FILE_DIR = /Users/gregoriomorelli/Documents/vibra/build/ios/Pods.build/Release-iphonesimulator/nanopb-nanopb_Privacy.build/JavaClasses
               CLEAN_PRECOMPS = YES
               CLONE_HEADERS = NO
               CODESIGNING_FOLDER_PATH = /Users/gregoriomorelli/Documents/vibra/build/ios/Release-iphonesimulator/nanopb/nanopb_Privacy.bundle
               CODE_SIGNING_ALLOWED = NO
               CODE_SIGNING_IDENTITY = -
               CODE_SIGNING_REQUIRED = NO
               CODE_SIGN_CONTEXT_CLASS = XCiPhoneSimulatorCodeSignContext
               CODE_SIGN_IDENTITY = -
               CODE_SIGN_INJECT_BASE_ENTITLEMENTS = YES
               COLOR_DIAGNOSTICS = NO
               COMBINE_HIDPI_IMAGES = NO
               COMPILATION_CACHE_CAS_PATH = /var/folders/pg/x6t89f2n7s7299rcw8hv33180000gn/C/com.apple.DeveloperTools/26.5-17F42/Xcode/CompilationCache.noindex
               COMPILATION_CACHE_KEEP_CAS_DIRECTORY = YES
               COMPILER_INDEX_STORE_ENABLE = Default
               COMPOSITE_SDK_DIRS = /Users/gregoriomorelli/Documents/vibra/build/ios/CompositeSDKs
               COMPRESS_PNG_FILES = YES
               CONFIGURATION = Release
               CONFIGURATION_BUILD_DIR = /Users/gregoriomorelli/Documents/vibra/build/ios/Release-iphonesimulator/nanopb
               CONFIGURATION_TEMP_DIR = /Users/gregoriomorelli/Documents/vibra/build/ios/Pods.build/Release-iphonesimulator
               CONTENTS_FOLDER_PATH = nanopb_Privacy.bundle
               CONTENTS_FOLDER_PATH_SHALLOW_BUNDLE_NO = nanopb_Privacy.bundle/Contents
               CONTENTS_FOLDER_PATH_SHALLOW_BUNDLE_YES = nanopb_Privacy.bundle
               COPYING_PRESERVES_HFS_DATA = NO
               COPY_HEADERS_RUN_UNIFDEF = NO
               COPY_PHASE_STRIP = NO
               CORRESPONDING_DEVICE_PLATFORM_DIR = /Applications/Xcode.app/Contents/Developer/Platforms/iPhoneOS.platform
               CORRESPONDING_DEVICE_PLATFORM_NAME = iphoneos
               CORRESPONDING_DEVICE_SDK_DIR = /Applications/Xcode.app/Contents/Developer/Platforms/iPhoneOS.platform/Developer/SDKs/iPhoneOS26.5.sdk
               CORRESPONDING_DEVICE_SDK_NAME = iphoneos26.5
               CP = /bin/cp
               CREATE_INFOPLIST_SECTION_IN_BINARY = NO
               CURRENT_ARCH = undefined_arch
               CURRENT_VARIANT = normal
               DEAD_CODE_STRIPPING = YES
               DEBUGGING_SYMBOLS = YES
               DEBUG_INFORMATION_FORMAT = dwarf-with-dsym
               DEBUG_INFORMATION_VERSION = compiler-default
               DEFAULT_COMPILER = com.apple.compilers.llvm.clang.1_0
               DEFAULT_DEXT_INSTALL_PATH = /System/Library/DriverExtensions
               DEFAULT_KEXT_INSTALL_PATH = /System/Library/Extensions
               DEFINES_MODULE = NO
               DEPLOYMENT_LOCATION = NO
               DEPLOYMENT_POSTPROCESSING = NO
               DEPLOYMENT_TARGET_SETTING_NAME = IPHONEOS_DEPLOYMENT_TARGET
               DEPLOYMENT_TARGET_SUGGESTED_VALUES = 12.0 12.1 12.2 12.3 12.4 13.0 13.1 13.2 13.3 13.4 13.5 13.6 14.0 14.1 14.2 14.3 14.4 14.5 14.6 14.7 15.0 15.1 15.2 15.3 15.4 15.5 15.6 16.0 16.1 16.2 16.3 16.4 16.5 16.6 17.0 17.1 17.2 17.3 17.4 17.5 17.6 18.0 18.1 18.2 18.3 18.4 18.5 18.6 26.0 26.2 26.3 26.4 26.5
               DERIVED_FILES_DIR = /Users/gregoriomorelli/Documents/vibra/build/ios/Pods.build/Release-iphonesimulator/nanopb-nanopb_Privacy.build/DerivedSources
               DERIVED_FILE_DIR = /Users/gregoriomorelli/Documents/vibra/build/ios/Pods.build/Release-iphonesimulator/nanopb-nanopb_Privacy.build/DerivedSources
               DERIVED_SOURCES_DIR = /Users/gregoriomorelli/Documents/vibra/build/ios/Pods.build/Release-iphonesimulator/nanopb-nanopb_Privacy.build/DerivedSources
               DEVELOPER_APPLICATIONS_DIR = /Applications/Xcode.app/Contents/Developer/Applications
               DEVELOPER_BIN_DIR = /Applications/Xcode.app/Contents/Developer/usr/bin
               DEVELOPER_DIR = /Applications/Xcode.app/Contents/Developer
               DEVELOPER_FRAMEWORKS_DIR = /Applications/Xcode.app/Contents/Developer/Library/Frameworks
               DEVELOPER_FRAMEWORKS_DIR_QUOTED = /Applications/Xcode.app/Contents/Developer/Library/Frameworks
               DEVELOPER_LIBRARY_DIR = /Applications/Xcode.app/Contents/Developer/Library
               DEVELOPER_SDK_DIR = /Applications/Xcode.app/Contents/Developer/Platforms/MacOSX.platform/Developer/SDKs
               DEVELOPER_TOOLS_DIR = /Applications/Xcode.app/Contents/Developer/Tools
               DEVELOPER_USR_DIR = /Applications/Xcode.app/Contents/Developer/usr
               DEVELOPMENT_LANGUAGE = en
               DIAGNOSE_MISSING_TARGET_DEPENDENCIES = YES
               DIFF = /usr/bin/diff
               DOCUMENTATION_FOLDER_PATH = nanopb_Privacy.bundle/en.lproj/Documentation
               DONT_GENERATE_INFOPLIST_FILE = NO
               DRIVERKIT_DEPLOYMENT_TARGET = 25.5
               DSTROOT = /tmp/Pods.dst
               DT_TOOLCHAIN_DIR = /Applications/Xcode.app/Contents/Developer/Toolchains/XcodeDefault.xctoolchain
               DUMP_DEPENDENCIES = NO
               DUMP_DEPENDENCIES_OUTPUT_PATH = /Users/gregoriomorelli/Documents/vibra/build/ios/Pods.build/Release-iphonesimulator/nanopb-nanopb_Privacy.build/nanopb-nanopb_Privacy-BuildDependencyInfo.json
               DWARF_DSYM_FILE_NAME = nanopb_Privacy.bundle.dSYM
               DWARF_DSYM_FILE_SHOULD_ACCOMPANY_PRODUCT = NO
               DWARF_DSYM_FOLDER_PATH = /Users/gregoriomorelli/Documents/vibra/build/ios/Release-iphonesimulator/nanopb
               DYNAMIC_LIBRARY_EXTENSION = dylib
               EAGER_COMPILATION_ALLOW_SCRIPTS = NO
               EAGER_LINKING = NO
               EFFECTIVE_PLATFORM_NAME = -iphonesimulator
               EFFECTIVE_SWIFT_VERSION = 5
               EMBEDDED_CONTENT_CONTAINS_SWIFT = NO
               EMBED_ASSET_PACKS_IN_PRODUCT_BUNDLE = NO
               ENABLE_APP_SANDBOX = NO
               ENABLE_CODE_COVERAGE = YES
               ENABLE_COHORT_ARCHS = NO
               ENABLE_CPLUSPLUS_BOUNDS_SAFE_BUFFERS = NO
               ENABLE_C_BOUNDS_SAFETY = NO
               ENABLE_DEFAULT_HEADER_SEARCH_PATHS = YES
               ENABLE_DEFAULT_SEARCH_PATHS = YES
               ENABLE_ENHANCED_SECURITY = NO
               ENABLE_HARDENED_RUNTIME = NO
               ENABLE_HEADER_DEPENDENCIES = YES
               ENABLE_INCOMING_NETWORK_CONNECTIONS = NO
               ENABLE_NS_ASSERTIONS = NO
               ENABLE_ON_DEMAND_RESOURCES = NO
               ENABLE_OUTGOING_NETWORK_CONNECTIONS = NO
               ENABLE_POINTER_AUTHENTICATION = NO
               ENABLE_RESOURCE_ACCESS_AUDIO_INPUT = NO
               ENABLE_RESOURCE_ACCESS_BLUETOOTH = NO
               ENABLE_RESOURCE_ACCESS_CALENDARS = NO
               ENABLE_RESOURCE_ACCESS_CAMERA = NO
               ENABLE_RESOURCE_ACCESS_CONTACTS = NO
               ENABLE_RESOURCE_ACCESS_LOCATION = NO
               ENABLE_RESOURCE_ACCESS_PHOTO_LIBRARY = NO
               ENABLE_RESOURCE_ACCESS_PRINTING = NO
               ENABLE_RESOURCE_ACCESS_USB = NO
               ENABLE_SDK_IMPORTS = NO
               ENABLE_SECURITY_COMPILER_WARNINGS = NO
               ENABLE_STRICT_OBJC_MSGSEND = YES
               ENABLE_TESTABILITY = NO
               ENABLE_TESTING_SEARCH_PATHS = NO
               ENABLE_USER_SCRIPT_SANDBOXING = NO
               ENFORCE_VALID_ARCHS = YES
               ENTITLEMENTS_DESTINATION = __entitlements
               ENTITLEMENTS_REQUIRED = NO
               EXCLUDED_INSTALLSRC_SUBDIRECTORY_PATTERNS = .DS_Store .svn .git .hg CVS
               EXCLUDED_RECURSIVE_SEARCH_PATH_SUBDIRECTORIES = *.nib *.lproj *.framework *.gch *.xcode* *.xcassets *.icon (*) .DS_Store CVS .svn .git .hg *.pbproj *.pbxproj
               EXECUTABLES_FOLDER_PATH = nanopb_Privacy.bundle/Executables
               EXECUTABLE_FOLDER_PATH = nanopb_Privacy.bundle
               EXECUTABLE_FOLDER_PATH_SHALLOW_BUNDLE_NO = nanopb_Privacy.bundle/MacOS
               EXECUTABLE_FOLDER_PATH_SHALLOW_BUNDLE_YES = nanopb_Privacy.bundle
               EXECUTABLE_NAME = nanopb_Privacy
               EXECUTABLE_PATH = nanopb_Privacy.bundle/nanopb_Privacy
               EXPANDED_CODE_SIGN_IDENTITY = -
               EXTENSIONS_FOLDER_PATH = nanopb_Privacy.bundle/Extensions
               FILE_LIST = /Users/gregoriomorelli/Documents/vibra/build/ios/Pods.build/Release-iphonesimulator/nanopb-nanopb_Privacy.build/Objects/LinkFileList
               FIXED_FILES_DIR = /Users/gregoriomorelli/Documents/vibra/build/ios/Pods.build/Release-iphonesimulator/nanopb-nanopb_Privacy.build/FixedFiles
               FRAMEWORKS_FOLDER_PATH = nanopb_Privacy.bundle/Frameworks
               FRAMEWORK_FLAG_PREFIX = -framework
               FRAMEWORK_SEARCH_PATHS = /Users/gregoriomorelli/Documents/vibra/build/ios/Release-iphonesimulator/nanopb 
               FRAMEWORK_VERSION = A
               FULL_PRODUCT_NAME = nanopb_Privacy.bundle
               FUSE_BUILD_PHASES = YES
               FUSE_BUILD_SCRIPT_PHASES = NO
               GCC3_VERSION = 3.3
               GCC_C_LANGUAGE_STANDARD = gnu11
               GCC_INLINES_ARE_PRIVATE_EXTERN = YES
               GCC_NO_COMMON_BLOCKS = YES
               GCC_OBJC_LEGACY_DISPATCH = YES
               GCC_PFE_FILE_C_DIALECTS = c objective-c c++ objective-c++
               GCC_PREPROCESSOR_DEFINITIONS = POD_CONFIGURATION_RELEASE=1  COCOAPODS=1 POD_CONFIGURATION_RELEASE=1  PB_FIELD_32BIT=1 PB_NO_PACKED_STRUCTS=1 PB_ENABLE_MALLOC=1
               GCC_TREAT_WARNINGS_AS_ERRORS = NO
               GCC_VERSION = com.apple.compilers.llvm.clang.1_0
               GCC_VERSION_IDENTIFIER = com_apple_compilers_llvm_clang_1_0
               GCC_WARN_64_TO_32_BIT_CONVERSION = YES
               GCC_WARN_ABOUT_RETURN_TYPE = YES_ERROR
               GCC_WARN_UNDECLARED_SELECTOR = YES
               GCC_WARN_UNINITIALIZED_AUTOS = YES_AGGRESSIVE
               GCC_WARN_UNUSED_FUNCTION = YES
               GCC_WARN_UNUSED_VARIABLE = YES
               GENERATED_MODULEMAP_DIR = /Users/gregoriomorelli/Documents/vibra/build/ios/GeneratedModuleMaps-iphonesimulator
               GENERATE_INFOPLIST_FILE = NO
               GENERATE_INTERMEDIATE_TEXT_BASED_STUBS = YES
               GENERATE_PKGINFO_FILE = NO
               GENERATE_PRELINK_OBJECT_FILE = NO
               GENERATE_PROFILING_CODE = NO
               GENERATE_TEXT_BASED_STUBS = NO
               GID = 20
               GROUP = staff
               HEADERMAP_INCLUDES_FLAT_ENTRIES_FOR_TARGET_BEING_BUILT = YES
               HEADERMAP_INCLUDES_FRAMEWORK_ENTRIES_FOR_ALL_PRODUCT_TYPES = YES
               HEADERMAP_INCLUDES_FRAMEWORK_ENTRIES_FOR_TARGETS_NOT_BEING_BUILT = YES
               HEADERMAP_INCLUDES_NONPUBLIC_NONPRIVATE_HEADERS = YES
               HEADERMAP_INCLUDES_PROJECT_HEADERS = YES
               HEADERMAP_USES_FRAMEWORK_PREFIX_ENTRIES = YES
               HEADERMAP_USES_VFS = NO
               HEADER_SEARCH_PATHS = /Users/gregoriomorelli/Documents/vibra/build/ios/Release-iphonesimulator/nanopb/include 
               HOME = /Users/gregoriomorelli
               HOST_ARCH = arm64
               HOST_PLATFORM = macosx
               IBSC_MODULE = nanopb
               ICONV = /usr/bin/iconv
               IMPLICIT_DEPENDENCY_DOMAIN = default
               INDEX_STORE_COMPRESS = NO
               INDEX_STORE_ONLY_PROJECT_FILES = NO
               INFOPLIST_ENABLE_CFBUNDLEICONS_MERGE = YES
               INFOPLIST_EXPAND_BUILD_SETTINGS = YES
               INFOPLIST_FILE = Target Support Files/nanopb/ResourceBundle-nanopb_Privacy-nanopb-Info.plist
               INFOPLIST_OUTPUT_FORMAT = binary
               INFOPLIST_PATH = nanopb_Privacy.bundle/Info.plist
               INFOPLIST_PREPROCESS = NO
               INFOSTRINGS_PATH = nanopb_Privacy.bundle/en.lproj/InfoPlist.strings
               INLINE_PRIVATE_FRAMEWORKS = NO
               INSTALLAPI_IGNORE_SKIP_INSTALL = YES
               INSTALLHDRS_COPY_PHASE = NO
               INSTALLHDRS_SCRIPT_PHASE = NO
               INSTALL_DIR = /tmp/Pods.dst
               INSTALL_GROUP = staff
               INSTALL_MODE_FLAG = u+w,go-w,a+rX
               INSTALL_OWNER = gregoriomorelli
               INSTALL_ROOT = /tmp/Pods.dst
               IPHONEOS_DEPLOYMENT_TARGET = 12.0
               IS_UNOPTIMIZED_BUILD = NO
               JAVAC_DEFAULT_FLAGS = -J-Xms64m -J-XX:NewSize=4M -J-Dfile.encoding=UTF8
               JAVA_APP_STUB = /System/Library/Frameworks/JavaVM.framework/Resources/MacOS/JavaApplicationStub
               JAVA_ARCHIVE_CLASSES = YES
               JAVA_ARCHIVE_TYPE = JAR
               JAVA_COMPILER = /usr/bin/javac
               JAVA_FOLDER_PATH = nanopb_Privacy.bundle/Java
               JAVA_FRAMEWORK_RESOURCES_DIRS = Resources
               JAVA_JAR_FLAGS = cv
               JAVA_SOURCE_SUBDIR = .
               JAVA_USE_DEPENDENCIES = YES
               JAVA_ZIP_FLAGS = -urg
               JIKES_DEFAULT_FLAGS = +E +OLDCSO
               KEEP_PRIVATE_EXTERNS = NO
               LD_DEPENDENCY_INFO_FILE = /Users/gregoriomorelli/Documents/vibra/build/ios/Pods.build/Release-iphonesimulator/nanopb-nanopb_Privacy.build/Objects-normal/undefined_arch/nanopb_Privacy_dependency_info.dat
               LD_EXPORT_SYMBOLS = YES
               LD_GENERATE_MAP_FILE = NO
               LD_MAP_FILE_PATH = /Users/gregoriomorelli/Documents/vibra/build/ios/Pods.build/Release-iphonesimulator/nanopb-nanopb_Privacy.build/nanopb_Privacy-LinkMap-normal-undefined_arch.txt
               LD_NO_PIE = NO
               LD_QUOTE_LINKER_ARGUMENTS_FOR_COMPILER_DRIVER = YES
               LD_SHARED_CACHE_ELIGIBLE = Automatic
               LD_WARN_DUPLICATE_LIBRARIES = NO
               LD_WARN_UNUSED_DYLIBS = NO
               LEGACY_DEVELOPER_DIR = /Applications/Xcode.app/Contents/PlugIns/Xcode3Core.ideplugin/Contents/SharedSupport/Developer
               LEX = lex
               LIBRARY_DEXT_INSTALL_PATH = /Library/DriverExtensions
               LIBRARY_FLAG_NOSPACE = YES
               LIBRARY_FLAG_PREFIX = -l
               LIBRARY_KEXT_INSTALL_PATH = /Library/Extensions
               LIBRARY_SEARCH_PATHS = /Users/gregoriomorelli/Documents/vibra/build/ios/Release-iphonesimulator/nanopb 
               LINKER_DISPLAYS_MANGLED_NAMES = NO
               LINK_FILE_LIST_normal_arm64 = /Users/gregoriomorelli/Documents/vibra/build/ios/Pods.build/Release-iphonesimulator/nanopb-nanopb_Privacy.build/Objects-normal/arm64/nanopb_Privacy.LinkFileList
               LINK_FILE_LIST_normal_x86_64 = /Users/gregoriomorelli/Documents/vibra/build/ios/Pods.build/Release-iphonesimulator/nanopb-nanopb_Privacy.build/Objects-normal/x86_64/nanopb_Privacy.LinkFileList
               LINK_OBJC_RUNTIME = YES
               LINK_WITH_STANDARD_LIBRARIES = YES
               LLVM_TARGET_TRIPLE_OS_VERSION = ios12.0
               LLVM_TARGET_TRIPLE_SUFFIX = -simulator
               LLVM_TARGET_TRIPLE_VENDOR = apple
               LM_AUX_CONST_METADATA_LIST_PATH_normal_arm64 = /Users/gregoriomorelli/Documents/vibra/build/ios/Pods.build/Release-iphonesimulator/nanopb-nanopb_Privacy.build/Objects-normal/arm64/nanopb_Privacy.SwiftConstValuesFileList
               LM_AUX_CONST_METADATA_LIST_PATH_normal_x86_64 = /Users/gregoriomorelli/Documents/vibra/build/ios/Pods.build/Release-iphonesimulator/nanopb-nanopb_Privacy.build/Objects-normal/x86_64/nanopb_Privacy.SwiftConstValuesFileList
               LOCALIZATION_EXPORT_SUPPORTED = YES
               LOCALIZATION_PREFERS_STRING_CATALOGS = NO
               LOCALIZED_RESOURCES_FOLDER_PATH = nanopb_Privacy.bundle/en.lproj
               LOCALIZED_STRING_CODE_COMMENTS = NO
               LOCALIZED_STRING_MACRO_NAMES = NSLocalizedString CFCopyLocalizedString
               LOCALIZED_STRING_SWIFTUI_SUPPORT = YES
               LOCAL_ADMIN_APPS_DIR = /Applications/Utilities
               LOCAL_APPS_DIR = /Applications
               LOCAL_DEVELOPER_DIR = /Library/Developer
               LOCAL_LIBRARY_DIR = /Library
               LOCROOT = /Users/gregoriomorelli/Documents/vibra/ios/Pods
               LOCSYMROOT = /Users/gregoriomorelli/Documents/vibra/ios/Pods
               MACH_O_TYPE = mh_bundle
               MACOSX_DEPLOYMENT_TARGET = 26.5
               MAC_OS_X_PRODUCT_BUILD_VERSION = 25F84
               MAC_OS_X_VERSION_ACTUAL = 260502
               MAC_OS_X_VERSION_MAJOR = 260000
               MAC_OS_X_VERSION_MINOR = 260500
               MAKE_MERGEABLE = NO
               MERGEABLE_LIBRARY = NO
               MERGED_BINARY_TYPE = none
               MERGE_LINKED_LIBRARIES = NO
               METAL_LIBRARY_FILE_BASE = default
               METAL_LIBRARY_OUTPUT_DIR = /Users/gregoriomorelli/Documents/vibra/build/ios/Release-iphonesimulator/nanopb/nanopb_Privacy.bundle
               MODULES_FOLDER_PATH = nanopb_Privacy.bundle/Modules
               MTL_ENABLE_DEBUG_INFO = NO
               MTL_FAST_MATH = YES
               NATIVE_ARCH = arm64
               NATIVE_ARCH_32_BIT = arm
               NATIVE_ARCH_64_BIT = arm64
               NATIVE_ARCH_ACTUAL = arm64
               NO_COMMON = YES
               OBJC_ABI_VERSION = 2
               OBJECT_FILE_DIR = /Users/gregoriomorelli/Documents/vibra/build/ios/Pods.build/Release-iphonesimulator/nanopb-nanopb_Privacy.build/Objects
               OBJECT_FILE_DIR_normal = /Users/gregoriomorelli/Documents/vibra/build/ios/Pods.build/Release-iphonesimulator/nanopb-nanopb_Privacy.build/Objects-normal
               OBJROOT = /Users/gregoriomorelli/Documents/vibra/build/ios
               ONLY_ACTIVE_ARCH = NO
               OS = MACOS
               OSAC = /usr/bin/osacompile
               PACKAGE_TYPE = com.apple.package-type.wrapper
               PASCAL_STRINGS = YES
               PATH = /Applications/Xcode.app/Contents/SharedFrameworks/SwiftBuild.framework/Versions/A/PlugIns/SWBBuildService.bundle/Contents/PlugIns/SWBUniversalPlatformPlugin.bundle/Contents/Frameworks/SWBUniversalPlatform.framework/Resources:/Applications/Xcode.app/Contents/Developer/Toolchains/XcodeDefault.xctoolchain/usr/bin:/Applications/Xcode.app/Contents/Developer/Toolchains/XcodeDefault.xctoolchain/usr/local/bin:/Applications/Xcode.app/Contents/Developer/Toolchains/XcodeDefault.xctoolchain/usr/libexec:/Applications/Xcode.app/Contents/Developer/Platforms/iPhoneSimulator.platform/usr/bin:/Applications/Xcode.app/Contents/Developer/Platforms/iPhoneSimulator.platform/usr/local/bin:/Applications/Xcode.app/Contents/Developer/Platforms/iPhoneSimulator.platform/Developer/usr/bin:/Applications/Xcode.app/Contents/Developer/Platforms/iPhoneSimulator.platform/Developer/usr/local/bin:/Applications/Xcode.app/Contents/Developer/usr/bin:/Applications/Xcode.app/Contents/Developer/usr/local/bin:/Users/gregoriomorelli/.gemini/antigravity/bin:/Users/gregoriomorelli/Library/Application Support/Antigravity/bin:/opt/homebrew/bin:/opt/homebrew/sbin:/Library/Developer/CommandLineTools/usr/bin:/Users/gregoriomorelli/development/flutter/bin:/Users/gregoriomorelli/Library/Android/sdk/platform-tools:/Users/gregoriomorelli/Library/Android/sdk/cmdline-tools/latest/bin:/Users/gregoriomorelli/Library/Android/sdk/emulator:/Users/gregoriomorelli/.antigravity-ide/antigravity-ide/bin:/Users/gregoriomorelli/.antigravity/antigravity/bin:/Applications/XAMPP/xamppfiles/bin:/Users/gregoriomorelli/develop/flutter/bin:/usr/local/bin:/System/Cryptexes/App/usr/bin:/usr/bin:/bin:/usr/sbin:/sbin:/var/run/com.apple.security.cryptexd/codex.system/bootstrap/usr/local/bin:/var/run/com.apple.security.cryptexd/codex.system/bootstrap/usr/bin:/var/run/com.apple.security.cryptexd/codex.system/bootstrap/usr/appleinternal/bin:/pkg/env/global/bin:/Users/gregoriomorelli/.spicetify
               PATH_PREFIXES_EXCLUDED_FROM_HEADER_DEPENDENCIES = /usr/include /usr/local/include /System/Library/Frameworks /System/Library/PrivateFrameworks /Applications/Xcode.app/Contents/Developer/Headers /Applications/Xcode.app/Contents/Developer/SDKs /Applications/Xcode.app/Contents/Developer/Platforms
               PBDEVELOPMENTPLIST_PATH = nanopb_Privacy.bundle/pbdevelopment.plist
               PER_ARCH_MODULE_FILE_DIR = /Users/gregoriomorelli/Documents/vibra/build/ios/Pods.build/Release-iphonesimulator/nanopb-nanopb_Privacy.build/Objects-normal/undefined_arch
               PER_ARCH_OBJECT_FILE_DIR = /Users/gregoriomorelli/Documents/vibra/build/ios/Pods.build/Release-iphonesimulator/nanopb-nanopb_Privacy.build/Objects-normal/undefined_arch
               PER_VARIANT_OBJECT_FILE_DIR = /Users/gregoriomorelli/Documents/vibra/build/ios/Pods.build/Release-iphonesimulator/nanopb-nanopb_Privacy.build/Objects-normal
               PKGINFO_FILE_PATH = /Users/gregoriomorelli/Documents/vibra/build/ios/Pods.build/Release-iphonesimulator/nanopb-nanopb_Privacy.build/PkgInfo
               PKGINFO_PATH = nanopb_Privacy.bundle/PkgInfo
               PLATFORM_DEVELOPER_APPLICATIONS_DIR = /Applications/Xcode.app/Contents/Developer/Platforms/iPhoneSimulator.platform/Developer/Applications
               PLATFORM_DEVELOPER_BIN_DIR = /Applications/Xcode.app/Contents/Developer/Platforms/iPhoneSimulator.platform/Developer/usr/bin
               PLATFORM_DEVELOPER_LIBRARY_DIR = /Applications/Xcode.app/Contents/Developer/Platforms/iPhoneSimulator.platform/Developer/Library
               PLATFORM_DEVELOPER_SDK_DIR = /Applications/Xcode.app/Contents/Developer/Platforms/iPhoneSimulator.platform/Developer/SDKs
               PLATFORM_DEVELOPER_TOOLS_DIR = /Applications/Xcode.app/Contents/Developer/Platforms/iPhoneSimulator.platform/Developer/Tools
               PLATFORM_DEVELOPER_USR_DIR = /Applications/Xcode.app/Contents/Developer/Platforms/iPhoneSimulator.platform/Developer/usr
               PLATFORM_DIR = /Applications/Xcode.app/Contents/Developer/Platforms/iPhoneSimulator.platform
               PLATFORM_DISPLAY_NAME = iOS Simulator
               PLATFORM_FAMILY_NAME = iOS
               PLATFORM_NAME = iphonesimulator
               PLATFORM_PREFERRED_ARCH = x86_64
               PLATFORM_PRODUCT_BUILD_VERSION = 23F73
               PLATFORM_REQUIRES_SWIFT_AUTOLINK_EXTRACT = NO
               PLATFORM_REQUIRES_SWIFT_MODULEWRAP = NO
               PLATFORM_USES_DSYMS = YES
               PLIST_FILE_OUTPUT_FORMAT = binary
               PLUGINS_FOLDER_PATH = nanopb_Privacy.bundle/PlugIns
               PODS_BUILD_DIR = /Users/gregoriomorelli/Documents/vibra/build/ios
               PODS_CONFIGURATION_BUILD_DIR = /Users/gregoriomorelli/Documents/vibra/build/ios/Release-iphonesimulator
               PODS_DEVELOPMENT_LANGUAGE = en
               PODS_ROOT = /Users/gregoriomorelli/Documents/vibra/ios/Pods
               PODS_TARGET_SRCROOT = /Users/gregoriomorelli/Documents/vibra/ios/Pods/nanopb
               PODS_XCFRAMEWORKS_BUILD_DIR = /Users/gregoriomorelli/Documents/vibra/build/ios/Release-iphonesimulator/XCFrameworkIntermediates
               PRECOMPS_INCLUDE_HEADERS_FROM_BUILT_PRODUCTS_DIR = YES
               PRECOMP_DESTINATION_DIR = /Users/gregoriomorelli/Documents/vibra/build/ios/Pods.build/Release-iphonesimulator/nanopb-nanopb_Privacy.build/PrefixHeaders
               PRIVATE_HEADERS_FOLDER_PATH = nanopb_Privacy.bundle/PrivateHeaders
               PROCESSED_INFOPLIST_PATH = /Users/gregoriomorelli/Documents/vibra/build/ios/Pods.build/Release-iphonesimulator/nanopb-nanopb_Privacy.build/Objects-normal/undefined_arch/Processed-Info.plist
               PRODUCT_BUNDLE_IDENTIFIER = org.cocoapods.nanopb-Privacy
               PRODUCT_BUNDLE_PACKAGE_TYPE = BNDL
               PRODUCT_MODULE_NAME = nanopb_Privacy
               PRODUCT_NAME = nanopb_Privacy
               PRODUCT_SETTINGS_PATH = /Users/gregoriomorelli/Documents/vibra/ios/Pods/Target Support Files/nanopb/ResourceBundle-nanopb_Privacy-nanopb-Info.plist
               PRODUCT_TYPE = com.apple.product-type.bundle
               PROFILING_CODE = NO
               PROJECT = Pods
               PROJECT_DERIVED_FILE_DIR = /Users/gregoriomorelli/Documents/vibra/build/ios/Pods.build/DerivedSources
               PROJECT_DIR = /Users/gregoriomorelli/Documents/vibra/ios/Pods
               PROJECT_FILE_PATH = /Users/gregoriomorelli/Documents/vibra/ios/Pods/Pods.xcodeproj
               PROJECT_GUID = bfdfe7dc352907fc980b868725387e98
               PROJECT_NAME = Pods
               PROJECT_TEMP_DIR = /Users/gregoriomorelli/Documents/vibra/build/ios/Pods.build
               PROJECT_TEMP_ROOT = /Users/gregoriomorelli/Documents/vibra/build/ios
               PUBLIC_HEADERS_FOLDER_PATH = nanopb_Privacy.bundle/Headers
               RECOMMENDED_IPHONEOS_DEPLOYMENT_TARGET = 15.0
               RECURSIVE_SEARCH_PATHS_FOLLOW_SYMLINKS = YES
               REMOVE_CVS_FROM_RESOURCES = YES
               REMOVE_GIT_FROM_RESOURCES = YES
               REMOVE_HEADERS_FROM_EMBEDDED_BUNDLES = YES
               REMOVE_HG_FROM_RESOURCES = YES
               REMOVE_STATIC_EXECUTABLES_FROM_EMBEDDED_BUNDLES = YES
               REMOVE_SVN_FROM_RESOURCES = YES
               RESCHEDULE_INDEPENDENT_HEADERS_PHASES = YES
               REZ_COLLECTOR_DIR = /Users/gregoriomorelli/Documents/vibra/build/ios/Pods.build/Release-iphonesimulator/nanopb-nanopb_Privacy.build/ResourceManagerResources
               REZ_OBJECTS_DIR = /Users/gregoriomorelli/Documents/vibra/build/ios/Pods.build/Release-iphonesimulator/nanopb-nanopb_Privacy.build/ResourceManagerResources/Objects
               REZ_SEARCH_PATHS = /Users/gregoriomorelli/Documents/vibra/build/ios/Release-iphonesimulator/nanopb 
               RPATH_ORIGIN = @loader_path
               RUNTIME_EXCEPTION_ALLOW_DYLD_ENVIRONMENT_VARIABLES = NO
               RUNTIME_EXCEPTION_ALLOW_JIT = NO
               RUNTIME_EXCEPTION_ALLOW_UNSIGNED_EXECUTABLE_MEMORY = NO
               RUNTIME_EXCEPTION_DEBUGGING_TOOL = NO
               RUNTIME_EXCEPTION_DISABLE_EXECUTABLE_PAGE_PROTECTION = NO
               RUNTIME_EXCEPTION_DISABLE_LIBRARY_VALIDATION = NO
               SCANNING_PCM_KEEP_CACHE_DIRECTORY = YES
               SCAN_ALL_SOURCE_FILES_FOR_INCLUDES = NO
               SCRIPTS_FOLDER_PATH = nanopb_Privacy.bundle/Scripts
               SDKROOT = /Applications/Xcode.app/Contents/Developer/Platforms/iPhoneSimulator.platform/Developer/SDKs/iPhoneSimulator26.5.sdk
               SDK_DIR = /Applications/Xcode.app/Contents/Developer/Platforms/iPhoneSimulator.platform/Developer/SDKs/iPhoneSimulator26.5.sdk
               SDK_DIR_iphonesimulator = /Applications/Xcode.app/Contents/Developer/Platforms/iPhoneSimulator.platform/Developer/SDKs/iPhoneSimulator26.5.sdk
               SDK_DIR_iphonesimulator26_5 = /Applications/Xcode.app/Contents/Developer/Platforms/iPhoneSimulator.platform/Developer/SDKs/iPhoneSimulator26.5.sdk
               SDK_NAME = iphonesimulator26.5
               SDK_NAMES = iphonesimulator26.5
               SDK_PRODUCT_BUILD_VERSION = 23F73
               SDK_STAT_CACHE_DIR = /var/folders/pg/x6t89f2n7s7299rcw8hv33180000gn/C/com.apple.DeveloperTools/26.5-17F42/Xcode
               SDK_STAT_CACHE_ENABLE = YES
               SDK_STAT_CACHE_PATH = /var/folders/pg/x6t89f2n7s7299rcw8hv33180000gn/C/com.apple.DeveloperTools/26.5-17F42/Xcode/SDKStatCaches.noindex/iphonesimulator26.5-23F73-6cfe768891a92b912361537c460fe42b.sdkstatcache
               SDK_VERSION = 26.5
               SDK_VERSION_ACTUAL = 260500
               SDK_VERSION_MAJOR = 260000
               SDK_VERSION_MINOR = 260500
               SED = /usr/bin/sed
               SEPARATE_STRIP = NO
               SEPARATE_SYMBOL_EDIT = NO
               SET_DIR_MODE_OWNER_GROUP = YES
               SET_FILE_MODE_OWNER_GROUP = NO
               SHALLOW_BUNDLE = YES
               SHALLOW_BUNDLE_TRIPLE = ios-simulator
               SHALLOW_BUNDLE_ios_macabi = NO
               SHALLOW_BUNDLE_macos = NO
               SHARED_DERIVED_FILE_DIR = /Users/gregoriomorelli/Documents/vibra/build/ios/Release-iphonesimulator/nanopb/DerivedSources
               SHARED_FRAMEWORKS_FOLDER_PATH = nanopb_Privacy.bundle/SharedFrameworks
               SHARED_PRECOMPS_DIR = /Users/gregoriomorelli/Documents/vibra/build/ios/SharedPrecompiledHeaders
               SHARED_SUPPORT_FOLDER_PATH = nanopb_Privacy.bundle/SharedSupport
               SKIP_INSTALL = YES
               SKIP_MERGEABLE_LIBRARY_BUNDLE_HOOK = NO
               SOURCE_ROOT = /Users/gregoriomorelli/Documents/vibra/ios/Pods
               SRCROOT = /Users/gregoriomorelli/Documents/vibra/ios/Pods
               STRINGSDATA_DIR = /Users/gregoriomorelli/Documents/vibra/build/ios/Pods.build/Release-iphonesimulator/nanopb-nanopb_Privacy.build/Objects-normal/undefined_arch
               STRINGSDATA_ROOT = /Users/gregoriomorelli/Documents/vibra/build/ios/Pods.build/Release-iphonesimulator/nanopb-nanopb_Privacy.build
               STRINGS_FILE_INFOPLIST_RENAME = YES
               STRINGS_FILE_OUTPUT_ENCODING = binary
               STRING_CATALOG_GENERATE_SYMBOLS = NO
               STRIP_BITCODE_FROM_COPIED_FILES = NO
               STRIP_INSTALLED_PRODUCT = NO
               STRIP_STYLE = non-global
               STRIP_SWIFT_SYMBOLS = YES
               SUPPORTED_DEVICE_FAMILIES = 1,2
               SUPPORTED_PLATFORMS = iphoneos iphonesimulator
               SUPPORTS_TEXT_BASED_API = NO
               SUPPRESS_WARNINGS = NO
               SWIFT_COMPILATION_MODE = wholemodule
               SWIFT_EMIT_CONST_VALUE_PROTOCOLS = AnyResolverProviding AppEntity AppEnum AppExtension AppIntent AppIntentsPackage AppShortcutProviding AppShortcutsProvider AppUnionValue AppUnionValueCasesProviding DynamicOptionsProvider EntityQuery ExtensionPointDefining IntentValueQuery Resolver TransientEntity _AssistantIntentsProvider _GenerativeFunctionExtractable _IntentValueRepresentable
               SWIFT_EMIT_LOC_STRINGS = NO
               SWIFT_ENABLE_EXPLICIT_MODULES = YES
               SWIFT_OPTIMIZATION_LEVEL = -O
               SWIFT_PLATFORM_TARGET_PREFIX = ios
               SWIFT_RESPONSE_FILE_PATH_normal_arm64 = /Users/gregoriomorelli/Documents/vibra/build/ios/Pods.build/Release-iphonesimulator/nanopb-nanopb_Privacy.build/Objects-normal/arm64/nanopb_Privacy.SwiftFileList
               SWIFT_RESPONSE_FILE_PATH_normal_x86_64 = /Users/gregoriomorelli/Documents/vibra/build/ios/Pods.build/Release-iphonesimulator/nanopb-nanopb_Privacy.build/Objects-normal/x86_64/nanopb_Privacy.SwiftFileList
               SWIFT_VERSION = 5.0
               SYMROOT = /Users/gregoriomorelli/Documents/vibra/ios/build
               SYSTEM_ADMIN_APPS_DIR = /Applications/Utilities
               SYSTEM_APPS_DIR = /Applications
               SYSTEM_CORE_SERVICES_DIR = /System/Library/CoreServices
               SYSTEM_DEMOS_DIR = /Applications/Extras
               SYSTEM_DEVELOPER_APPS_DIR = /Applications/Xcode.app/Contents/Developer/Applications
               SYSTEM_DEVELOPER_BIN_DIR = /Applications/Xcode.app/Contents/Developer/usr/bin
               SYSTEM_DEVELOPER_DEMOS_DIR = /Applications/Xcode.app/Contents/Developer/Applications/Utilities/Built Examples
               SYSTEM_DEVELOPER_DIR = /Applications/Xcode.app/Contents/Developer
               SYSTEM_DEVELOPER_DOC_DIR = /Applications/Xcode.app/Contents/Developer/ADC Reference Library
               SYSTEM_DEVELOPER_GRAPHICS_TOOLS_DIR = /Applications/Xcode.app/Contents/Developer/Applications/Graphics Tools
               SYSTEM_DEVELOPER_JAVA_TOOLS_DIR = /Applications/Xcode.app/Contents/Developer/Applications/Java Tools
               SYSTEM_DEVELOPER_PERFORMANCE_TOOLS_DIR = /Applications/Xcode.app/Contents/Developer/Applications/Performance Tools
               SYSTEM_DEVELOPER_RELEASENOTES_DIR = /Applications/Xcode.app/Contents/Developer/ADC Reference Library/releasenotes
               SYSTEM_DEVELOPER_TOOLS = /Applications/Xcode.app/Contents/Developer/Tools
               SYSTEM_DEVELOPER_TOOLS_DOC_DIR = /Applications/Xcode.app/Contents/Developer/ADC Reference Library/documentation/DeveloperTools
               SYSTEM_DEVELOPER_TOOLS_RELEASENOTES_DIR = /Applications/Xcode.app/Contents/Developer/ADC Reference Library/releasenotes/DeveloperTools
               SYSTEM_DEVELOPER_USR_DIR = /Applications/Xcode.app/Contents/Developer/usr
               SYSTEM_DEVELOPER_UTILITIES_DIR = /Applications/Xcode.app/Contents/Developer/Applications/Utilities
               SYSTEM_DEXT_INSTALL_PATH = /System/Library/DriverExtensions
               SYSTEM_DOCUMENTATION_DIR = /Library/Documentation
               SYSTEM_EXTENSIONS_FOLDER_PATH = nanopb_Privacy.bundle/SystemExtensions
               SYSTEM_EXTENSIONS_FOLDER_PATH_SHALLOW_BUNDLE_NO = nanopb_Privacy.bundle/Library/SystemExtensions
               SYSTEM_EXTENSIONS_FOLDER_PATH_SHALLOW_BUNDLE_YES = nanopb_Privacy.bundle/SystemExtensions
               SYSTEM_KEXT_INSTALL_PATH = /System/Library/Extensions
               SYSTEM_LIBRARY_DIR = /System/Library
               TAPI_DEMANGLE = YES
               TAPI_ENABLE_PROJECT_HEADERS = NO
               TAPI_LANGUAGE = objective-c
               TAPI_LANGUAGE_STANDARD = compiler-default
               TAPI_USE_SRCROOT = YES
               TAPI_VERIFY_MODE = Pedantic
               TARGETED_DEVICE_FAMILY = 1,2
               TARGETNAME = nanopb-nanopb_Privacy
               TARGET_BUILD_DIR = /Users/gregoriomorelli/Documents/vibra/build/ios/Release-iphonesimulator/nanopb
               TARGET_NAME = nanopb-nanopb_Privacy
               TARGET_TEMP_DIR = /Users/gregoriomorelli/Documents/vibra/build/ios/Pods.build/Release-iphonesimulator/nanopb-nanopb_Privacy.build
               TEMP_DIR = /Users/gregoriomorelli/Documents/vibra/build/ios/Pods.build/Release-iphonesimulator/nanopb-nanopb_Privacy.build
               TEMP_FILES_DIR = /Users/gregoriomorelli/Documents/vibra/build/ios/Pods.build/Release-iphonesimulator/nanopb-nanopb_Privacy.build
               TEMP_FILE_DIR = /Users/gregoriomorelli/Documents/vibra/build/ios/Pods.build/Release-iphonesimulator/nanopb-nanopb_Privacy.build
               TEMP_ROOT = /Users/gregoriomorelli/Documents/vibra/build/ios
               TEMP_SANDBOX_DIR = /Users/gregoriomorelli/Documents/vibra/build/ios/TemporaryTaskSandboxes
               TEST_FRAMEWORK_SEARCH_PATHS =  /Applications/Xcode.app/Contents/Developer/Platforms/iPhoneSimulator.platform/Developer/Library/Frameworks /Applications/Xcode.app/Contents/Developer/Platforms/iPhoneSimulator.platform/Developer/SDKs/iPhoneSimulator26.5.sdk/Developer/Library/Frameworks
               TEST_LIBRARY_SEARCH_PATHS =  /Applications/Xcode.app/Contents/Developer/Platforms/iPhoneSimulator.platform/Developer/usr/lib
               TOOLCHAINS = com.apple.dt.toolchain.XcodeDefault
               TOOLCHAIN_DIR = /Applications/Xcode.app/Contents/Developer/Toolchains/XcodeDefault.xctoolchain
               TREAT_MISSING_BASELINES_AS_TEST_FAILURES = NO
               TREAT_MISSING_SCRIPT_PHASE_OUTPUTS_AS_ERRORS = NO
               TVOS_DEPLOYMENT_TARGET = 26.5
               UID = 501
               UNINSTALLED_PRODUCTS_DIR = /Users/gregoriomorelli/Documents/vibra/build/ios/UninstalledProducts
               UNLOCALIZED_RESOURCES_FOLDER_PATH = nanopb_Privacy.bundle
               UNLOCALIZED_RESOURCES_FOLDER_PATH_SHALLOW_BUNDLE_NO = nanopb_Privacy.bundle/Resources
               UNLOCALIZED_RESOURCES_FOLDER_PATH_SHALLOW_BUNDLE_YES = nanopb_Privacy.bundle
               UNSTRIPPED_PRODUCT = NO
               USER = gregoriomorelli
               USER_APPS_DIR = /Users/gregoriomorelli/Applications
               USER_LIBRARY_DIR = /Users/gregoriomorelli/Library
               USE_DYNAMIC_NO_PIC = YES
               USE_HEADERMAP = YES
               USE_HEADER_SYMLINKS = NO
               USE_RECURSIVE_SCRIPT_INPUTS_IN_SCRIPT_PHASES = YES
               VALIDATE_DEVELOPMENT_ASSET_PATHS = YES_ERROR
               VALIDATE_PRODUCT = NO
               VALID_ARCHS = arm64 x86_64
               VERBOSE_PBXCP = NO
               VERSIONPLIST_PATH = nanopb_Privacy.bundle/version.plist
               VERSION_INFO_BUILDER = gregoriomorelli
               VERSION_INFO_FILE = nanopb_Privacy_vers.c
               VERSION_INFO_STRING = "@(#)PROGRAM:nanopb_Privacy  PROJECT:Pods-"
               WATCHOS_DEPLOYMENT_TARGET = 26.5
               WORKSPACE_DIR = /Users/gregoriomorelli/Documents/vibra/ios/Pods/Pods.xcodeproj
               WRAPPER_EXTENSION = bundle
               WRAPPER_NAME = nanopb_Privacy.bundle
               WRAPPER_SUFFIX = .bundle
               WRAP_ASSET_PACKS_IN_SEPARATE_DIRECTORIES = NO
               XCODE_APP_SUPPORT_DIR = /Applications/Xcode.app/Contents/Developer/Library/Xcode
               XCODE_PRODUCT_BUILD_VERSION = 17F42
               XCODE_VERSION_ACTUAL = 2650
               XCODE_VERSION_MAJOR = 2600
               XCODE_VERSION_MINOR = 2650
               XPCSERVICES_FOLDER_PATH = nanopb_Privacy.bundle/XPCServices
               XROS_DEPLOYMENT_TARGET = 26.5
               YACC = yacc
               _DISCOVER_COMMAND_LINE_LINKER_INPUTS = YES
               _DISCOVER_COMMAND_LINE_LINKER_INPUTS_INCLUDE_WL = YES
               _LD_MULTIARCH = YES
               _WRAPPER_CONTENTS_DIR_SHALLOW_BUNDLE_NO = /Contents
               _WRAPPER_PARENT_PATH_SHALLOW_BUNDLE_NO = /..
               _WRAPPER_RESOURCES_DIR_SHALLOW_BUNDLE_NO = /Resources
               __DIAGNOSE_DEPRECATED_ARCHS = YES
               __ORIGINAL_SDK_DEFINED_LLVM_TARGET_TRIPLE_SYS = ios
               arch = undefined_arch
               variant = normal

           Build settings for action build and target Pods-Runner:
               ACTION = build
               AD_HOC_CODE_SIGNING_ALLOWED = YES
               ALLOW_BUILD_REQUEST_OVERRIDES = NO
               ALLOW_TARGET_PLATFORM_SPECIALIZATION = NO
               ALTERNATE_GROUP = staff
               ALTERNATE_MODE = u+w,go-w,a+rX
               ALTERNATE_OWNER = gregoriomorelli
               ALTERNATIVE_DISTRIBUTION_WEB = NO
               ALWAYS_EMBED_SWIFT_STANDARD_LIBRARIES = NO
               ALWAYS_SEARCH_USER_PATHS = NO
               ALWAYS_USE_SEPARATE_HEADERMAPS = NO
               APPLICATION_EXTENSION_API_ONLY = NO
               APPLY_RULES_IN_COPY_FILES = NO
               APPLY_RULES_IN_COPY_HEADERS = NO
               APP_SHORTCUTS_ENABLE_FLEXIBLE_MATCHING = YES
               ARCHS = arm64 x86_64
               ARCHS_BASE = arm64 x86_64
               ARCHS_STANDARD = arm64 x86_64
               ARCHS_STANDARD_32_64_BIT = arm64 x86_64
               ARCHS_STANDARD_64_BIT = arm64 x86_64
               ARCHS_STANDARD_INCLUDING_64_BIT = arm64 x86_64
               ARCHS_UNIVERSAL_IPHONE_OS = arm64 x86_64
               AUTOMATICALLY_MERGE_DEPENDENCIES = NO
               AUTOMATION_APPLE_EVENTS = NO
               AVAILABLE_PLATFORMS = android appletvos appletvsimulator driverkit freebsd iphoneos iphonesimulator linux macosx none openbsd qnx watchos watchsimulator webassembly xros xrsimulator
               BUILD_ACTIVE_RESOURCES_ONLY = NO
               BUILD_COMPONENTS = headers build
               BUILD_DIR = /Users/gregoriomorelli/Documents/vibra/build/ios
               BUILD_LIBRARY_FOR_DISTRIBUTION = NO
               BUILD_ONLY_KNOWN_LOCALIZATIONS = NO
               BUILD_ROOT = /Users/gregoriomorelli/Documents/vibra/ios/build
               BUILD_STYLE = 
               BUILD_VARIANTS = normal
               BUILT_PRODUCTS_DIR = /Users/gregoriomorelli/Documents/vibra/build/ios/Release-iphonesimulator
               BUNDLE_CONTENTS_FOLDER_PATH_deep = Contents/
               BUNDLE_EXECUTABLE_FOLDER_NAME_deep = MacOS
               BUNDLE_EXTENSIONS_FOLDER_PATH = Extensions
               BUNDLE_FORMAT = shallow
               BUNDLE_FRAMEWORKS_FOLDER_PATH = Frameworks
               BUNDLE_PLUGINS_FOLDER_PATH = PlugIns
               BUNDLE_PRIVATE_HEADERS_FOLDER_PATH = PrivateHeaders
               BUNDLE_PUBLIC_HEADERS_FOLDER_PATH = Headers
               CACHE_ROOT = /var/folders/pg/x6t89f2n7s7299rcw8hv33180000gn/C/com.apple.DeveloperTools/26.5-17F42/Xcode
               CCHROOT = /var/folders/pg/x6t89f2n7s7299rcw8hv33180000gn/C/com.apple.DeveloperTools/26.5-17F42/Xcode
               CHMOD = /bin/chmod
               CHOWN = chown
               CLANG_ANALYZER_LOCALIZABILITY_NONLOCALIZED = YES
               CLANG_ANALYZER_NONNULL = YES
               CLANG_ANALYZER_NUMBER_OBJECT_CONVERSION = YES_AGGRESSIVE
               CLANG_CACHE_FINE_GRAINED_OUTPUTS = YES
               CLANG_CXX_LANGUAGE_STANDARD = gnu++14
               CLANG_CXX_LIBRARY = libc++
               CLANG_ENABLE_EXPLICIT_MODULES = YES
               CLANG_ENABLE_MODULES = YES
               CLANG_ENABLE_OBJC_ARC = YES
               CLANG_ENABLE_OBJC_WEAK = NO
               CLANG_MODULES_BUILD_SESSION_FILE = /var/folders/pg/x6t89f2n7s7299rcw8hv33180000gn/C/org.llvm.clang/ModuleCache.noindex/Session.modulevalidation
               CLANG_WARN_BLOCK_CAPTURE_AUTORELEASING = YES
               CLANG_WARN_BOOL_CONVERSION = YES
               CLANG_WARN_COMMA = YES
               CLANG_WARN_CONSTANT_CONVERSION = YES
               CLANG_WARN_DEPRECATED_OBJC_IMPLEMENTATIONS = YES
               CLANG_WARN_DIRECT_OBJC_ISA_USAGE = YES_ERROR
               CLANG_WARN_DOCUMENTATION_COMMENTS = YES
               CLANG_WARN_EMPTY_BODY = YES
               CLANG_WARN_ENUM_CONVERSION = YES
               CLANG_WARN_INFINITE_RECURSION = YES
               CLANG_WARN_INT_CONVERSION = YES
               CLANG_WARN_NON_LITERAL_NULL_CONVERSION = YES
               CLANG_WARN_OBJC_IMPLICIT_RETAIN_SELF = YES
               CLANG_WARN_OBJC_LITERAL_CONVERSION = YES
               CLANG_WARN_OBJC_ROOT_CLASS = YES_ERROR
               CLANG_WARN_QUOTED_INCLUDE_IN_FRAMEWORK_HEADER = NO
               CLANG_WARN_RANGE_LOOP_ANALYSIS = YES
               CLANG_WARN_STRICT_PROTOTYPES = YES
               CLANG_WARN_SUSPICIOUS_MOVE = YES
               CLANG_WARN_UNGUARDED_AVAILABILITY = YES_AGGRESSIVE
               CLANG_WARN_UNREACHABLE_CODE = YES
               CLANG_WARN__DUPLICATE_METHOD_MATCH = YES
               CLASS_FILE_DIR = /Users/gregoriomorelli/Documents/vibra/build/ios/Pods.build/Release-iphonesimulator/Pods-Runner.build/JavaClasses
               CLEAN_PRECOMPS = YES
               CLONE_HEADERS = NO
               CODESIGNING_FOLDER_PATH = /Users/gregoriomorelli/Documents/vibra/build/ios/Release-iphonesimulator/Pods_Runner.framework
               CODE_SIGNING_ALLOWED = YES
               CODE_SIGNING_REQUIRED = NO
               CODE_SIGNING_REQUIRES_TEAM = YES
               CODE_SIGN_CONTEXT_CLASS = XCiPhoneSimulatorCodeSignContext
               CODE_SIGN_IDENTITY = -
               CODE_SIGN_INJECT_BASE_ENTITLEMENTS = YES
               COLOR_DIAGNOSTICS = NO
               COMBINE_HIDPI_IMAGES = NO
               COMPILATION_CACHE_CAS_PATH = /var/folders/pg/x6t89f2n7s7299rcw8hv33180000gn/C/com.apple.DeveloperTools/26.5-17F42/Xcode/CompilationCache.noindex
               COMPILATION_CACHE_KEEP_CAS_DIRECTORY = YES
               COMPILER_INDEX_STORE_ENABLE = Default
               COMPOSITE_SDK_DIRS = /Users/gregoriomorelli/Documents/vibra/build/ios/CompositeSDKs
               COMPRESS_PNG_FILES = YES
               CONFIGURATION = Release
               CONFIGURATION_BUILD_DIR = /Users/gregoriomorelli/Documents/vibra/build/ios/Release-iphonesimulator
               CONFIGURATION_TEMP_DIR = /Users/gregoriomorelli/Documents/vibra/build/ios/Pods.build/Release-iphonesimulator
               CONTENTS_FOLDER_PATH = Pods_Runner.framework
               CONTENTS_FOLDER_PATH_SHALLOW_BUNDLE_NO = Pods_Runner.framework/A
               CONTENTS_FOLDER_PATH_SHALLOW_BUNDLE_YES = Pods_Runner.framework
               COPYING_PRESERVES_HFS_DATA = NO
               COPY_HEADERS_RUN_UNIFDEF = NO
               COPY_PHASE_STRIP = NO
               CORRESPONDING_DEVICE_PLATFORM_DIR = /Applications/Xcode.app/Contents/Developer/Platforms/iPhoneOS.platform
               CORRESPONDING_DEVICE_PLATFORM_NAME = iphoneos
               CORRESPONDING_DEVICE_SDK_DIR = /Applications/Xcode.app/Contents/Developer/Platforms/iPhoneOS.platform/Developer/SDKs/iPhoneOS26.5.sdk
               CORRESPONDING_DEVICE_SDK_NAME = iphoneos26.5
               CP = /bin/cp
               CREATE_INFOPLIST_SECTION_IN_BINARY = NO
               CURRENT_ARCH = undefined_arch
               CURRENT_PROJECT_VERSION = 1
               CURRENT_VARIANT = normal
               CURRENT_VERSION = Current
               DEAD_CODE_STRIPPING = YES
               DEBUGGING_SYMBOLS = YES
               DEBUG_INFORMATION_FORMAT = dwarf-with-dsym
               DEBUG_INFORMATION_VERSION = compiler-default
               DEFAULT_COMPILER = com.apple.compilers.llvm.clang.1_0
               DEFAULT_DEXT_INSTALL_PATH = /System/Library/DriverExtensions
               DEFAULT_KEXT_INSTALL_PATH = /System/Library/Extensions
               DEFINES_MODULE = YES
               DEPLOYMENT_LOCATION = NO
               DEPLOYMENT_POSTPROCESSING = NO
               DEPLOYMENT_TARGET_SETTING_NAME = IPHONEOS_DEPLOYMENT_TARGET
               DEPLOYMENT_TARGET_SUGGESTED_VALUES = 12.0 12.1 12.2 12.3 12.4 13.0 13.1 13.2 13.3 13.4 13.5 13.6 14.0 14.1 14.2 14.3 14.4 14.5 14.6 14.7 15.0 15.1 15.2 15.3 15.4 15.5 15.6 16.0 16.1 16.2 16.3 16.4 16.5 16.6 17.0 17.1 17.2 17.3 17.4 17.5 17.6 18.0 18.1 18.2 18.3 18.4 18.5 18.6 26.0 26.2 26.3 26.4 26.5
               DERIVED_FILES_DIR = /Users/gregoriomorelli/Documents/vibra/build/ios/Pods.build/Release-iphonesimulator/Pods-Runner.build/DerivedSources
               DERIVED_FILE_DIR = /Users/gregoriomorelli/Documents/vibra/build/ios/Pods.build/Release-iphonesimulator/Pods-Runner.build/DerivedSources
               DERIVED_SOURCES_DIR = /Users/gregoriomorelli/Documents/vibra/build/ios/Pods.build/Release-iphonesimulator/Pods-Runner.build/DerivedSources
               DEVELOPER_APPLICATIONS_DIR = /Applications/Xcode.app/Contents/Developer/Applications
               DEVELOPER_BIN_DIR = /Applications/Xcode.app/Contents/Developer/usr/bin
               DEVELOPER_DIR = /Applications/Xcode.app/Contents/Developer
               DEVELOPER_FRAMEWORKS_DIR = /Applications/Xcode.app/Contents/Developer/Library/Frameworks
               DEVELOPER_FRAMEWORKS_DIR_QUOTED = /Applications/Xcode.app/Contents/Developer/Library/Frameworks
               DEVELOPER_LIBRARY_DIR = /Applications/Xcode.app/Contents/Developer/Library
               DEVELOPER_SDK_DIR = /Applications/Xcode.app/Contents/Developer/Platforms/MacOSX.platform/Developer/SDKs
               DEVELOPER_TOOLS_DIR = /Applications/Xcode.app/Contents/Developer/Tools
               DEVELOPER_USR_DIR = /Applications/Xcode.app/Contents/Developer/usr
               DEVELOPMENT_LANGUAGE = en
               DIAGNOSE_MISSING_TARGET_DEPENDENCIES = YES
               DIFF = /usr/bin/diff
               DOCUMENTATION_FOLDER_PATH = Pods_Runner.framework/en.lproj/Documentation
               DONT_GENERATE_INFOPLIST_FILE = NO
               DRIVERKIT_DEPLOYMENT_TARGET = 25.5
               DSTROOT = /tmp/Pods.dst
               DT_TOOLCHAIN_DIR = /Applications/Xcode.app/Contents/Developer/Toolchains/XcodeDefault.xctoolchain
               DUMP_DEPENDENCIES = NO
               DUMP_DEPENDENCIES_OUTPUT_PATH = /Users/gregoriomorelli/Documents/vibra/build/ios/Pods.build/Release-iphonesimulator/Pods-Runner.build/Pods-Runner-BuildDependencyInfo.json
               DWARF_DSYM_FILE_NAME = Pods_Runner.framework.dSYM
               DWARF_DSYM_FILE_SHOULD_ACCOMPANY_PRODUCT = NO
               DWARF_DSYM_FOLDER_PATH = /Users/gregoriomorelli/Documents/vibra/build/ios/Release-iphonesimulator
               DYLIB_COMPATIBILITY_VERSION = 1
               DYLIB_CURRENT_VERSION = 1
               DYLIB_INSTALL_NAME_BASE = @rpath
               DYNAMIC_LIBRARY_EXTENSION = dylib
               EAGER_COMPILATION_ALLOW_SCRIPTS = NO
               EAGER_LINKING = NO
               EFFECTIVE_PLATFORM_NAME = -iphonesimulator
               EFFECTIVE_SWIFT_VERSION = 5
               EMBEDDED_CONTENT_CONTAINS_SWIFT = NO
               EMBED_ASSET_PACKS_IN_PRODUCT_BUNDLE = NO
               ENABLE_APP_SANDBOX = NO
               ENABLE_BITCODE = NO
               ENABLE_CODE_COVERAGE = YES
               ENABLE_COHORT_ARCHS = NO
               ENABLE_CPLUSPLUS_BOUNDS_SAFE_BUFFERS = NO
               ENABLE_C_BOUNDS_SAFETY = NO
               ENABLE_DEFAULT_HEADER_SEARCH_PATHS = YES
               ENABLE_DEFAULT_SEARCH_PATHS = YES
               ENABLE_ENHANCED_SECURITY = NO
               ENABLE_HARDENED_RUNTIME = NO
               ENABLE_HEADER_DEPENDENCIES = YES
               ENABLE_INCOMING_NETWORK_CONNECTIONS = NO
               ENABLE_MODULE_VERIFIER = NO
               ENABLE_NS_ASSERTIONS = NO
               ENABLE_ON_DEMAND_RESOURCES = NO
               ENABLE_OUTGOING_NETWORK_CONNECTIONS = NO
               ENABLE_POINTER_AUTHENTICATION = NO
               ENABLE_RESOURCE_ACCESS_AUDIO_INPUT = NO
               ENABLE_RESOURCE_ACCESS_BLUETOOTH = NO
               ENABLE_RESOURCE_ACCESS_CALENDARS = NO
               ENABLE_RESOURCE_ACCESS_CAMERA = NO
               ENABLE_RESOURCE_ACCESS_CONTACTS = NO
               ENABLE_RESOURCE_ACCESS_LOCATION = NO
               ENABLE_RESOURCE_ACCESS_PHOTO_LIBRARY = NO
               ENABLE_RESOURCE_ACCESS_PRINTING = NO
               ENABLE_RESOURCE_ACCESS_USB = NO
               ENABLE_SDK_IMPORTS = NO
               ENABLE_SECURITY_COMPILER_WARNINGS = NO
               ENABLE_STRICT_OBJC_MSGSEND = YES
               ENABLE_TESTABILITY = NO
               ENABLE_TESTING_SEARCH_PATHS = NO
               ENABLE_USER_SCRIPT_SANDBOXING = NO
               ENFORCE_VALID_ARCHS = YES
               ENTITLEMENTS_DESTINATION = __entitlements
               ENTITLEMENTS_REQUIRED = NO
               EXCLUDED_ARCHS =  i386
               EXCLUDED_INSTALLSRC_SUBDIRECTORY_PATTERNS = .DS_Store .svn .git .hg CVS
               EXCLUDED_RECURSIVE_SEARCH_PATH_SUBDIRECTORIES = *.nib *.lproj *.framework *.gch *.xcode* *.xcassets *.icon (*) .DS_Store CVS .svn .git .hg *.pbproj *.pbxproj
               EXECUTABLES_FOLDER_PATH = Pods_Runner.framework/en.lproj
               EXECUTABLE_FOLDER_PATH = Pods_Runner.framework
               EXECUTABLE_FOLDER_PATH_SHALLOW_BUNDLE_NO = Pods_Runner.framework
               EXECUTABLE_FOLDER_PATH_SHALLOW_BUNDLE_YES = Pods_Runner.framework
               EXECUTABLE_NAME = Pods_Runner
               EXECUTABLE_PATH = Pods_Runner.framework/Pods_Runner
               EXTENSIONS_FOLDER_PATH = Pods_Runner.framework/Extensions
               FILE_LIST = /Users/gregoriomorelli/Documents/vibra/build/ios/Pods.build/Release-iphonesimulator/Pods-Runner.build/Objects/LinkFileList
               FIXED_FILES_DIR = /Users/gregoriomorelli/Documents/vibra/build/ios/Pods.build/Release-iphonesimulator/Pods-Runner.build/FixedFiles
               FRAMEWORKS_FOLDER_PATH = Pods_Runner.framework/Frameworks
               FRAMEWORK_FLAG_PREFIX = -framework
               FRAMEWORK_SEARCH_PATHS = /Users/gregoriomorelli/Documents/vibra/build/ios/Release-iphonesimulator "/Users/gregoriomorelli/development/flutter/bin/cache/artifacts/engine/ios-release/Flutter.xcframework/ios-arm64_x86_64-simulator"  "/Users/gregoriomorelli/Documents/vibra/build/ios/Release-iphonesimulator/AppAuth" "/Users/gregoriomorelli/Documents/vibra/build/ios/Release-iphonesimulator/FirebaseCore" "/Users/gregoriomorelli/Documents/vibra/build/ios/Release-iphonesimulator/FirebaseCoreInternal" "/Users/gregoriomorelli/Documents/vibra/build/ios/Release-iphonesimulator/FirebaseInstallations" "/Users/gregoriomorelli/Documents/vibra/build/ios/Release-iphonesimulator/FirebaseMessaging" "/Users/gregoriomorelli/Documents/vibra/build/ios/Release-iphonesimulator/GoogleDataTransport" "/Users/gregoriomorelli/Documents/vibra/build/ios/Release-iphonesimulator/GoogleUtilities" "/Users/gregoriomorelli/Documents/vibra/build/ios/Release-iphonesimulator/PromisesObjC" "/Users/gregoriomorelli/Documents/vibra/build/ios/Release-iphonesimulator/app_links" "/Users/gregoriomorelli/Documents/vibra/build/ios/Release-iphonesimulator/connectivity_plus" "/Users/gregoriomorelli/Documents/vibra/build/ios/Release-iphonesimulator/firebase_core" "/Users/gregoriomorelli/Documents/vibra/build/ios/Release-iphonesimulator/firebase_messaging" "/Users/gregoriomorelli/Documents/vibra/build/ios/Release-iphonesimulator/flutter_appauth" "/Users/gregoriomorelli/Documents/vibra/build/ios/Release-iphonesimulator/flutter_secure_storage_darwin" "/Users/gregoriomorelli/Documents/vibra/build/ios/Release-iphonesimulator/flutter_web_auth_2" "/Users/gregoriomorelli/Documents/vibra/build/ios/Release-iphonesimulator/geocoding_ios" "/Users/gregoriomorelli/Documents/vibra/build/ios/Release-iphonesimulator/geolocator_apple" "/Users/gregoriomorelli/Documents/vibra/build/ios/Release-iphonesimulator/image_picker_ios" "/Users/gregoriomorelli/Documents/vibra/build/ios/Release-iphonesimulator/integration_test" "/Users/gregoriomorelli/Documents/vibra/build/ios/Release-iphonesimulator/nanopb" "/Users/gregoriomorelli/Documents/vibra/build/ios/Release-iphonesimulator/shared_preferences_foundation" "/Users/gregoriomorelli/Documents/vibra/build/ios/Release-iphonesimulator/sqflite_darwin" "/Users/gregoriomorelli/Documents/vibra/build/ios/Release-iphonesimulator/url_launcher_ios"
               FRAMEWORK_VERSION = A
               FULL_PRODUCT_NAME = Pods_Runner.framework
               FUSE_BUILD_PHASES = YES
               FUSE_BUILD_SCRIPT_PHASES = NO
               GCC3_VERSION = 3.3
               GCC_C_LANGUAGE_STANDARD = gnu11
               GCC_INLINES_ARE_PRIVATE_EXTERN = YES
               GCC_NO_COMMON_BLOCKS = YES
               GCC_OBJC_LEGACY_DISPATCH = YES
               GCC_PFE_FILE_C_DIALECTS = c objective-c c++ objective-c++
               GCC_PREPROCESSOR_DEFINITIONS = POD_CONFIGURATION_RELEASE=1  COCOAPODS=1 POD_CONFIGURATION_RELEASE=1  PB_FIELD_32BIT=1 PB_NO_PACKED_STRUCTS=1 PB_ENABLE_MALLOC=1
               GCC_TREAT_WARNINGS_AS_ERRORS = NO
               GCC_VERSION = com.apple.compilers.llvm.clang.1_0
               GCC_VERSION_IDENTIFIER = com_apple_compilers_llvm_clang_1_0
               GCC_WARN_64_TO_32_BIT_CONVERSION = YES
               GCC_WARN_ABOUT_RETURN_TYPE = YES_ERROR
               GCC_WARN_UNDECLARED_SELECTOR = YES
               GCC_WARN_UNINITIALIZED_AUTOS = YES_AGGRESSIVE
               GCC_WARN_UNUSED_FUNCTION = YES
               GCC_WARN_UNUSED_VARIABLE = YES
               GENERATED_MODULEMAP_DIR = /Users/gregoriomorelli/Documents/vibra/build/ios/GeneratedModuleMaps-iphonesimulator
               GENERATE_INFOPLIST_FILE = NO
               GENERATE_INTERMEDIATE_TEXT_BASED_STUBS = YES
               GENERATE_PKGINFO_FILE = NO
               GENERATE_PRELINK_OBJECT_FILE = NO
               GENERATE_PROFILING_CODE = NO
               GENERATE_TEXT_BASED_STUBS = NO
               GID = 20
               GROUP = staff
               HEADERMAP_INCLUDES_FLAT_ENTRIES_FOR_TARGET_BEING_BUILT = YES
               HEADERMAP_INCLUDES_FRAMEWORK_ENTRIES_FOR_ALL_PRODUCT_TYPES = YES
               HEADERMAP_INCLUDES_FRAMEWORK_ENTRIES_FOR_TARGETS_NOT_BEING_BUILT = YES
               HEADERMAP_INCLUDES_NONPUBLIC_NONPRIVATE_HEADERS = YES
               HEADERMAP_INCLUDES_PROJECT_HEADERS = YES
               HEADERMAP_USES_FRAMEWORK_PREFIX_ENTRIES = YES
               HEADERMAP_USES_VFS = YES
               HEADER_SEARCH_PATHS = /Users/gregoriomorelli/Documents/vibra/build/ios/Release-iphonesimulator/include  "/Users/gregoriomorelli/Documents/vibra/build/ios/Release-iphonesimulator/AppAuth/AppAuth.framework/Headers" "/Users/gregoriomorelli/Documents/vibra/build/ios/Release-iphonesimulator/FirebaseCore/FirebaseCore.framework/Headers" "/Users/gregoriomorelli/Documents/vibra/build/ios/Release-iphonesimulator/FirebaseCoreInternal/FirebaseCoreInternal.framework/Headers" "/Users/gregoriomorelli/Documents/vibra/build/ios/Release-iphonesimulator/FirebaseInstallations/FirebaseInstallations.framework/Headers" "/Users/gregoriomorelli/Documents/vibra/build/ios/Release-iphonesimulator/FirebaseMessaging/FirebaseMessaging.framework/Headers" "/Users/gregoriomorelli/Documents/vibra/build/ios/Release-iphonesimulator/GoogleDataTransport/GoogleDataTransport.framework/Headers" "/Users/gregoriomorelli/Documents/vibra/build/ios/Release-iphonesimulator/GoogleUtilities/GoogleUtilities.framework/Headers" "/Users/gregoriomorelli/Documents/vibra/build/ios/Release-iphonesimulator/PromisesObjC/FBLPromises.framework/Headers" "/Users/gregoriomorelli/Documents/vibra/build/ios/Release-iphonesimulator/app_links/app_links.framework/Headers" "/Users/gregoriomorelli/Documents/vibra/build/ios/Release-iphonesimulator/connectivity_plus/connectivity_plus.framework/Headers" "/Users/gregoriomorelli/Documents/vibra/build/ios/Release-iphonesimulator/firebase_core/firebase_core.framework/Headers" "/Users/gregoriomorelli/Documents/vibra/build/ios/Release-iphonesimulator/firebase_messaging/firebase_messaging.framework/Headers" "/Users/gregoriomorelli/Documents/vibra/build/ios/Release-iphonesimulator/flutter_appauth/flutter_appauth.framework/Headers" "/Users/gregoriomorelli/Documents/vibra/build/ios/Release-iphonesimulator/flutter_secure_storage_darwin/flutter_secure_storage_darwin.framework/Headers" "/Users/gregoriomorelli/Documents/vibra/build/ios/Release-iphonesimulator/flutter_web_auth_2/flutter_web_auth_2.framework/Headers" "/Users/gregoriomorelli/Documents/vibra/build/ios/Release-iphonesimulator/geocoding_ios/geocoding_ios.framework/Headers" "/Users/gregoriomorelli/Documents/vibra/build/ios/Release-iphonesimulator/geolocator_apple/geolocator_apple.framework/Headers" "/Users/gregoriomorelli/Documents/vibra/build/ios/Release-iphonesimulator/image_picker_ios/image_picker_ios.framework/Headers" "/Users/gregoriomorelli/Documents/vibra/build/ios/Release-iphonesimulator/integration_test/integration_test.framework/Headers" "/Users/gregoriomorelli/Documents/vibra/build/ios/Release-iphonesimulator/nanopb/nanopb.framework/Headers" "/Users/gregoriomorelli/Documents/vibra/build/ios/Release-iphonesimulator/shared_preferences_foundation/shared_preferences_foundation.framework/Headers" "/Users/gregoriomorelli/Documents/vibra/build/ios/Release-iphonesimulator/sqflite_darwin/sqflite_darwin.framework/Headers" "/Users/gregoriomorelli/Documents/vibra/build/ios/Release-iphonesimulator/url_launcher_ios/url_launcher_ios.framework/Headers" "/Users/gregoriomorelli/Documents/vibra/ios/Pods/Headers/Public" "/Users/gregoriomorelli/Documents/vibra/ios/Pods/Headers/Public/Firebase"  /Users/gregoriomorelli/Documents/vibra/ios/Pods/Firebase/CoreOnly/Sources
               HOME = /Users/gregoriomorelli
               HOST_ARCH = arm64
               HOST_PLATFORM = macosx
               ICONV = /usr/bin/iconv
               IMPLICIT_DEPENDENCY_DOMAIN = default
               INDEX_STORE_COMPRESS = NO
               INDEX_STORE_ONLY_PROJECT_FILES = NO
               INFOPLIST_ENABLE_CFBUNDLEICONS_MERGE = YES
               INFOPLIST_EXPAND_BUILD_SETTINGS = YES
               INFOPLIST_FILE = Target Support Files/Pods-Runner/Pods-Runner-Info.plist
               INFOPLIST_OUTPUT_FORMAT = binary
               INFOPLIST_PATH = Pods_Runner.framework/Info.plist
               INFOPLIST_PREPROCESS = NO
               INFOSTRINGS_PATH = Pods_Runner.framework/en.lproj/InfoPlist.strings
               INLINE_PRIVATE_FRAMEWORKS = NO
               INSTALLAPI_IGNORE_SKIP_INSTALL = YES
               INSTALLHDRS_COPY_PHASE = NO
               INSTALLHDRS_SCRIPT_PHASE = NO
               INSTALL_DIR = /tmp/Pods.dst/Library/Frameworks
               INSTALL_GROUP = staff
               INSTALL_MODE_FLAG = u+w,go-w,a+rX
               INSTALL_OWNER = gregoriomorelli
               INSTALL_PATH = /Library/Frameworks
               INSTALL_ROOT = /tmp/Pods.dst
               IPHONEOS_DEPLOYMENT_TARGET = 13.0
               IS_UNOPTIMIZED_BUILD = NO
               JAVAC_DEFAULT_FLAGS = -J-Xms64m -J-XX:NewSize=4M -J-Dfile.encoding=UTF8
               JAVA_APP_STUB = /System/Library/Frameworks/JavaVM.framework/Resources/MacOS/JavaApplicationStub
               JAVA_ARCHIVE_CLASSES = YES
               JAVA_ARCHIVE_TYPE = JAR
               JAVA_COMPILER = /usr/bin/javac
               JAVA_FOLDER_PATH = Pods_Runner.framework/Java
               JAVA_FRAMEWORK_RESOURCES_DIRS = Resources
               JAVA_JAR_FLAGS = cv
               JAVA_SOURCE_SUBDIR = .
               JAVA_USE_DEPENDENCIES = YES
               JAVA_ZIP_FLAGS = -urg
               JIKES_DEFAULT_FLAGS = +E +OLDCSO
               KEEP_PRIVATE_EXTERNS = NO
               LD_DEPENDENCY_INFO_FILE = /Users/gregoriomorelli/Documents/vibra/build/ios/Pods.build/Release-iphonesimulator/Pods-Runner.build/Objects-normal/undefined_arch/Pods_Runner_dependency_info.dat
               LD_DYLIB_INSTALL_NAME = @rpath/Pods_Runner.framework/Pods_Runner
               LD_EXPORT_SYMBOLS = YES
               LD_GENERATE_MAP_FILE = NO
               LD_MAP_FILE_PATH = /Users/gregoriomorelli/Documents/vibra/build/ios/Pods.build/Release-iphonesimulator/Pods-Runner.build/Pods_Runner-LinkMap-normal-undefined_arch.txt
               LD_NO_PIE = NO
               LD_QUOTE_LINKER_ARGUMENTS_FOR_COMPILER_DRIVER = YES
               LD_RUNPATH_SEARCH_PATHS =  /usr/lib/swift '@executable_path/Frameworks' '@loader_path/Frameworks' @executable_path/Frameworks @loader_path/Frameworks
               LD_SHARED_CACHE_ELIGIBLE = Automatic
               LD_WARN_DUPLICATE_LIBRARIES = NO
               LD_WARN_UNUSED_DYLIBS = NO
               LEGACY_DEVELOPER_DIR = /Applications/Xcode.app/Contents/PlugIns/Xcode3Core.ideplugin/Contents/SharedSupport/Developer
               LEX = lex
               LIBRARY_DEXT_INSTALL_PATH = /Library/DriverExtensions
               LIBRARY_FLAG_NOSPACE = YES
               LIBRARY_FLAG_PREFIX = -l
               LIBRARY_KEXT_INSTALL_PATH = /Library/Extensions
               LIBRARY_SEARCH_PATHS = /Users/gregoriomorelli/Documents/vibra/build/ios/Release-iphonesimulator /Applications/Xcode.app/Contents/Developer/Toolchains/XcodeDefault.xctoolchain/usr/lib/swift/iphonesimulator /Applications/Xcode.app/Contents/Developer/Platforms/iPhoneSimulator.platform/Developer/SDKs/iPhoneSimulator26.5.sdk/usr/lib/swift /Applications/Xcode.app/Contents/Developer/Toolchains/XcodeDefault.xctoolchain/usr/lib/swift/iphonesimulator /Applications/Xcode.app/Contents/Developer/Platforms/iPhoneSimulator.platform/Developer/SDKs/iPhoneSimulator26.5.sdk/usr/lib/swift
               LINKER_DISPLAYS_MANGLED_NAMES = NO
               LINK_FILE_LIST_normal_arm64 = /Users/gregoriomorelli/Documents/vibra/build/ios/Pods.build/Release-iphonesimulator/Pods-Runner.build/Objects-normal/arm64/Pods_Runner.LinkFileList
               LINK_FILE_LIST_normal_x86_64 = /Users/gregoriomorelli/Documents/vibra/build/ios/Pods.build/Release-iphonesimulator/Pods-Runner.build/Objects-normal/x86_64/Pods_Runner.LinkFileList
               LINK_OBJC_RUNTIME = YES
               LINK_WITH_STANDARD_LIBRARIES = YES
               LLVM_TARGET_TRIPLE_OS_VERSION = ios13.0
               LLVM_TARGET_TRIPLE_SUFFIX = -simulator
               LLVM_TARGET_TRIPLE_VENDOR = apple
               LM_AUX_CONST_METADATA_LIST_PATH_normal_arm64 = /Users/gregoriomorelli/Documents/vibra/build/ios/Pods.build/Release-iphonesimulator/Pods-Runner.build/Objects-normal/arm64/Pods_Runner.SwiftConstValuesFileList
               LM_AUX_CONST_METADATA_LIST_PATH_normal_x86_64 = /Users/gregoriomorelli/Documents/vibra/build/ios/Pods.build/Release-iphonesimulator/Pods-Runner.build/Objects-normal/x86_64/Pods_Runner.SwiftConstValuesFileList
               LOCALIZATION_EXPORT_SUPPORTED = YES
               LOCALIZATION_PREFERS_STRING_CATALOGS = NO
               LOCALIZED_RESOURCES_FOLDER_PATH = Pods_Runner.framework/en.lproj
               LOCALIZED_STRING_CODE_COMMENTS = NO
               LOCALIZED_STRING_MACRO_NAMES = NSLocalizedString CFCopyLocalizedString
               LOCALIZED_STRING_SWIFTUI_SUPPORT = YES
               LOCAL_ADMIN_APPS_DIR = /Applications/Utilities
               LOCAL_APPS_DIR = /Applications
               LOCAL_DEVELOPER_DIR = /Library/Developer
               LOCAL_LIBRARY_DIR = /Library
               LOCROOT = /Users/gregoriomorelli/Documents/vibra/ios/Pods
               LOCSYMROOT = /Users/gregoriomorelli/Documents/vibra/ios/Pods
               MACH_O_TYPE = staticlib
               MACOSX_DEPLOYMENT_TARGET = 26.5
               MAC_OS_X_PRODUCT_BUILD_VERSION = 25F84
               MAC_OS_X_VERSION_ACTUAL = 260502
               MAC_OS_X_VERSION_MAJOR = 260000
               MAC_OS_X_VERSION_MINOR = 260500
               MAKE_MERGEABLE = NO
               MERGEABLE_LIBRARY = NO
               MERGED_BINARY_TYPE = none
               MERGE_LINKED_LIBRARIES = NO
               METAL_LIBRARY_FILE_BASE = default
               METAL_LIBRARY_OUTPUT_DIR = /Users/gregoriomorelli/Documents/vibra/build/ios/Release-iphonesimulator/Pods_Runner.framework
               MODULEMAP_FILE = Target Support Files/Pods-Runner/Pods-Runner.modulemap
               MODULES_FOLDER_PATH = Pods_Runner.framework/Modules
               MTL_ENABLE_DEBUG_INFO = NO
               MTL_FAST_MATH = YES
               NATIVE_ARCH = arm64
               NATIVE_ARCH_32_BIT = arm
               NATIVE_ARCH_64_BIT = arm64
               NATIVE_ARCH_ACTUAL = arm64
               NO_COMMON = YES
               OBJC_ABI_VERSION = 2
               OBJECT_FILE_DIR = /Users/gregoriomorelli/Documents/vibra/build/ios/Pods.build/Release-iphonesimulator/Pods-Runner.build/Objects
               OBJECT_FILE_DIR_normal = /Users/gregoriomorelli/Documents/vibra/build/ios/Pods.build/Release-iphonesimulator/Pods-Runner.build/Objects-normal
               OBJROOT = /Users/gregoriomorelli/Documents/vibra/build/ios
               ONLY_ACTIVE_ARCH = NO
               OS = MACOS
               OSAC = /usr/bin/osacompile
               OTHER_LDFLAGS =  -ObjC -l"sqlite3" -l"z" -framework "AppAuth" -framework "CoreTelephony" -framework "FBLPromises" -framework "FirebaseCore" -framework "FirebaseCoreInternal" -framework "FirebaseInstallations" -framework "FirebaseMessaging" -framework "Foundation" -framework "GoogleDataTransport" -framework "GoogleUtilities" -framework "SafariServices" -framework "Security" -framework "SystemConfiguration" -framework "UIKit" -framework "app_links" -framework "connectivity_plus" -framework "firebase_core" -framework "firebase_messaging" -framework "flutter_appauth" -framework "flutter_secure_storage_darwin" -framework "flutter_web_auth_2" -framework "geocoding_ios" -framework "geolocator_apple" -framework "image_picker_ios" -framework "integration_test" -framework "nanopb" -framework "shared_preferences_foundation" -framework "sqflite_darwin" -framework "url_launcher_ios" -weak_framework "AuthenticationServices" -weak_framework "UserNotifications" -framework Flutter
               OTHER_MODULE_VERIFIER_FLAGS =  "-F/Users/gregoriomorelli/Documents/vibra/build/ios/Release-iphonesimulator/AppAuth" "-F/Users/gregoriomorelli/Documents/vibra/build/ios/Release-iphonesimulator/Firebase" "-F/Users/gregoriomorelli/Documents/vibra/build/ios/Release-iphonesimulator/FirebaseCore" "-F/Users/gregoriomorelli/Documents/vibra/build/ios/Release-iphonesimulator/FirebaseCoreInternal" "-F/Users/gregoriomorelli/Documents/vibra/build/ios/Release-iphonesimulator/FirebaseInstallations" "-F/Users/gregoriomorelli/Documents/vibra/build/ios/Release-iphonesimulator/FirebaseMessaging" "-F/Users/gregoriomorelli/Documents/vibra/build/ios/Release-iphonesimulator/Flutter" "-F/Users/gregoriomorelli/Documents/vibra/build/ios/Release-iphonesimulator/GoogleDataTransport" "-F/Users/gregoriomorelli/Documents/vibra/build/ios/Release-iphonesimulator/GoogleUtilities" "-F/Users/gregoriomorelli/Documents/vibra/build/ios/Release-iphonesimulator/PromisesObjC" "-F/Users/gregoriomorelli/Documents/vibra/build/ios/Release-iphonesimulator/app_links" "-F/Users/gregoriomorelli/Documents/vibra/build/ios/Release-iphonesimulator/connectivity_plus" "-F/Users/gregoriomorelli/Documents/vibra/build/ios/Release-iphonesimulator/firebase_core" "-F/Users/gregoriomorelli/Documents/vibra/build/ios/Release-iphonesimulator/firebase_messaging" "-F/Users/gregoriomorelli/Documents/vibra/build/ios/Release-iphonesimulator/flutter_appauth" "-F/Users/gregoriomorelli/Documents/vibra/build/ios/Release-iphonesimulator/flutter_secure_storage_darwin" "-F/Users/gregoriomorelli/Documents/vibra/build/ios/Release-iphonesimulator/flutter_web_auth_2" "-F/Users/gregoriomorelli/Documents/vibra/build/ios/Release-iphonesimulator/geocoding_ios" "-F/Users/gregoriomorelli/Documents/vibra/build/ios/Release-iphonesimulator/geolocator_apple" "-F/Users/gregoriomorelli/Documents/vibra/build/ios/Release-iphonesimulator/image_picker_ios" "-F/Users/gregoriomorelli/Documents/vibra/build/ios/Release-iphonesimulator/integration_test" "-F/Users/gregoriomorelli/Documents/vibra/build/ios/Release-iphonesimulator/nanopb" "-F/Users/gregoriomorelli/Documents/vibra/build/ios/Release-iphonesimulator/shared_preferences_foundation" "-F/Users/gregoriomorelli/Documents/vibra/build/ios/Release-iphonesimulator/sqflite_darwin" "-F/Users/gregoriomorelli/Documents/vibra/build/ios/Release-iphonesimulator/url_launcher_ios"
               OTHER_SWIFT_FLAGS =  -D COCOAPODS
               PACKAGE_TYPE = com.apple.package-type.wrapper.framework
               PASCAL_STRINGS = YES
               PATH = /Applications/Xcode.app/Contents/SharedFrameworks/SwiftBuild.framework/Versions/A/PlugIns/SWBBuildService.bundle/Contents/PlugIns/SWBUniversalPlatformPlugin.bundle/Contents/Frameworks/SWBUniversalPlatform.framework/Resources:/Applications/Xcode.app/Contents/Developer/Toolchains/XcodeDefault.xctoolchain/usr/bin:/Applications/Xcode.app/Contents/Developer/Toolchains/XcodeDefault.xctoolchain/usr/local/bin:/Applications/Xcode.app/Contents/Developer/Toolchains/XcodeDefault.xctoolchain/usr/libexec:/Applications/Xcode.app/Contents/Developer/Platforms/iPhoneSimulator.platform/usr/bin:/Applications/Xcode.app/Contents/Developer/Platforms/iPhoneSimulator.platform/usr/local/bin:/Applications/Xcode.app/Contents/Developer/Platforms/iPhoneSimulator.platform/Developer/usr/bin:/Applications/Xcode.app/Contents/Developer/Platforms/iPhoneSimulator.platform/Developer/usr/local/bin:/Applications/Xcode.app/Contents/Developer/usr/bin:/Applications/Xcode.app/Contents/Developer/usr/local/bin:/Users/gregoriomorelli/.gemini/antigravity/bin:/Users/gregoriomorelli/Library/Application Support/Antigravity/bin:/opt/homebrew/bin:/opt/homebrew/sbin:/Library/Developer/CommandLineTools/usr/bin:/Users/gregoriomorelli/development/flutter/bin:/Users/gregoriomorelli/Library/Android/sdk/platform-tools:/Users/gregoriomorelli/Library/Android/sdk/cmdline-tools/latest/bin:/Users/gregoriomorelli/Library/Android/sdk/emulator:/Users/gregoriomorelli/.antigravity-ide/antigravity-ide/bin:/Users/gregoriomorelli/.antigravity/antigravity/bin:/Applications/XAMPP/xamppfiles/bin:/Users/gregoriomorelli/develop/flutter/bin:/usr/local/bin:/System/Cryptexes/App/usr/bin:/usr/bin:/bin:/usr/sbin:/sbin:/var/run/com.apple.security.cryptexd/codex.system/bootstrap/usr/local/bin:/var/run/com.apple.security.cryptexd/codex.system/bootstrap/usr/bin:/var/run/com.apple.security.cryptexd/codex.system/bootstrap/usr/appleinternal/bin:/pkg/env/global/bin:/Users/gregoriomorelli/.spicetify
               PATH_PREFIXES_EXCLUDED_FROM_HEADER_DEPENDENCIES = /usr/include /usr/local/include /System/Library/Frameworks /System/Library/PrivateFrameworks /Applications/Xcode.app/Contents/Developer/Headers /Applications/Xcode.app/Contents/Developer/SDKs /Applications/Xcode.app/Contents/Developer/Platforms
               PBDEVELOPMENTPLIST_PATH = Pods_Runner.framework/pbdevelopment.plist
               PER_ARCH_MODULE_FILE_DIR = /Users/gregoriomorelli/Documents/vibra/build/ios/Pods.build/Release-iphonesimulator/Pods-Runner.build/Objects-normal/undefined_arch
               PER_ARCH_OBJECT_FILE_DIR = /Users/gregoriomorelli/Documents/vibra/build/ios/Pods.build/Release-iphonesimulator/Pods-Runner.build/Objects-normal/undefined_arch
               PER_VARIANT_OBJECT_FILE_DIR = /Users/gregoriomorelli/Documents/vibra/build/ios/Pods.build/Release-iphonesimulator/Pods-Runner.build/Objects-normal
               PKGINFO_FILE_PATH = /Users/gregoriomorelli/Documents/vibra/build/ios/Pods.build/Release-iphonesimulator/Pods-Runner.build/PkgInfo
               PKGINFO_PATH = Pods_Runner.framework/PkgInfo
               PLATFORM_DEVELOPER_APPLICATIONS_DIR = /Applications/Xcode.app/Contents/Developer/Platforms/iPhoneSimulator.platform/Developer/Applications
               PLATFORM_DEVELOPER_BIN_DIR = /Applications/Xcode.app/Contents/Developer/Platforms/iPhoneSimulator.platform/Developer/usr/bin
               PLATFORM_DEVELOPER_LIBRARY_DIR = /Applications/Xcode.app/Contents/Developer/Platforms/iPhoneSimulator.platform/Developer/Library
               PLATFORM_DEVELOPER_SDK_DIR = /Applications/Xcode.app/Contents/Developer/Platforms/iPhoneSimulator.platform/Developer/SDKs
               PLATFORM_DEVELOPER_TOOLS_DIR = /Applications/Xcode.app/Contents/Developer/Platforms/iPhoneSimulator.platform/Developer/Tools
               PLATFORM_DEVELOPER_USR_DIR = /Applications/Xcode.app/Contents/Developer/Platforms/iPhoneSimulator.platform/Developer/usr
               PLATFORM_DIR = /Applications/Xcode.app/Contents/Developer/Platforms/iPhoneSimulator.platform
               PLATFORM_DISPLAY_NAME = iOS Simulator
               PLATFORM_FAMILY_NAME = iOS
               PLATFORM_NAME = iphonesimulator
               PLATFORM_PREFERRED_ARCH = x86_64
               PLATFORM_PRODUCT_BUILD_VERSION = 23F73
               PLATFORM_REQUIRES_SWIFT_AUTOLINK_EXTRACT = NO
               PLATFORM_REQUIRES_SWIFT_MODULEWRAP = NO
               PLATFORM_USES_DSYMS = YES
               PLIST_FILE_OUTPUT_FORMAT = binary
               PLUGINS_FOLDER_PATH = Pods_Runner.framework/PlugIns
               PODS_BUILD_DIR = /Users/gregoriomorelli/Documents/vibra/build/ios
               PODS_CONFIGURATION_BUILD_DIR = /Users/gregoriomorelli/Documents/vibra/build/ios/Release-iphonesimulator
               PODS_PODFILE_DIR_PATH = /Users/gregoriomorelli/Documents/vibra/ios/Pods/.
               PODS_ROOT = /Users/gregoriomorelli/Documents/vibra/ios/Pods
               PODS_XCFRAMEWORKS_BUILD_DIR = /Users/gregoriomorelli/Documents/vibra/build/ios/Release-iphonesimulator/XCFrameworkIntermediates
               PRECOMPS_INCLUDE_HEADERS_FROM_BUILT_PRODUCTS_DIR = YES
               PRECOMP_DESTINATION_DIR = /Users/gregoriomorelli/Documents/vibra/build/ios/Pods.build/Release-iphonesimulator/Pods-Runner.build/PrefixHeaders
               PRIVATE_HEADERS_FOLDER_PATH = Pods_Runner.framework/PrivateHeaders
               PROCESSED_INFOPLIST_PATH = /Users/gregoriomorelli/Documents/vibra/build/ios/Pods.build/Release-iphonesimulator/Pods-Runner.build/Objects-normal/undefined_arch/Processed-Info.plist
               PRODUCT_BUNDLE_IDENTIFIER = org.cocoapods.Pods-Runner
               PRODUCT_BUNDLE_PACKAGE_TYPE = FMWK
               PRODUCT_MODULE_NAME = Pods_Runner
               PRODUCT_NAME = Pods_Runner
               PRODUCT_SETTINGS_PATH = /Users/gregoriomorelli/Documents/vibra/ios/Pods/Target Support Files/Pods-Runner/Pods-Runner-Info.plist
               PRODUCT_TYPE = com.apple.product-type.framework
               PROFILING_CODE = NO
               PROJECT = Pods
               PROJECT_DERIVED_FILE_DIR = /Users/gregoriomorelli/Documents/vibra/build/ios/Pods.build/DerivedSources
               PROJECT_DIR = /Users/gregoriomorelli/Documents/vibra/ios/Pods
               PROJECT_FILE_PATH = /Users/gregoriomorelli/Documents/vibra/ios/Pods/Pods.xcodeproj
               PROJECT_GUID = bfdfe7dc352907fc980b868725387e98
               PROJECT_NAME = Pods
               PROJECT_TEMP_DIR = /Users/gregoriomorelli/Documents/vibra/build/ios/Pods.build
               PROJECT_TEMP_ROOT = /Users/gregoriomorelli/Documents/vibra/build/ios
               PUBLIC_HEADERS_FOLDER_PATH = Pods_Runner.framework/Headers
               RECOMMENDED_IPHONEOS_DEPLOYMENT_TARGET = 15.0
               RECURSIVE_SEARCH_PATHS_FOLLOW_SYMLINKS = YES
               REMOVE_CVS_FROM_RESOURCES = YES
               REMOVE_GIT_FROM_RESOURCES = YES
               REMOVE_HEADERS_FROM_EMBEDDED_BUNDLES = YES
               REMOVE_HG_FROM_RESOURCES = YES
               REMOVE_STATIC_EXECUTABLES_FROM_EMBEDDED_BUNDLES = YES
               REMOVE_SVN_FROM_RESOURCES = YES
               RESCHEDULE_INDEPENDENT_HEADERS_PHASES = YES
               REZ_COLLECTOR_DIR = /Users/gregoriomorelli/Documents/vibra/build/ios/Pods.build/Release-iphonesimulator/Pods-Runner.build/ResourceManagerResources
               REZ_OBJECTS_DIR = /Users/gregoriomorelli/Documents/vibra/build/ios/Pods.build/Release-iphonesimulator/Pods-Runner.build/ResourceManagerResources/Objects
               REZ_SEARCH_PATHS = /Users/gregoriomorelli/Documents/vibra/build/ios/Release-iphonesimulator 
               RPATH_ORIGIN = @loader_path
               RUNTIME_EXCEPTION_ALLOW_DYLD_ENVIRONMENT_VARIABLES = NO
               RUNTIME_EXCEPTION_ALLOW_JIT = NO
               RUNTIME_EXCEPTION_ALLOW_UNSIGNED_EXECUTABLE_MEMORY = NO
               RUNTIME_EXCEPTION_DEBUGGING_TOOL = NO
               RUNTIME_EXCEPTION_DISABLE_EXECUTABLE_PAGE_PROTECTION = NO
               RUNTIME_EXCEPTION_DISABLE_LIBRARY_VALIDATION = NO
               SCANNING_PCM_KEEP_CACHE_DIRECTORY = YES
               SCAN_ALL_SOURCE_FILES_FOR_INCLUDES = NO
               SCRIPTS_FOLDER_PATH = Pods_Runner.framework/Scripts
               SDKROOT = /Applications/Xcode.app/Contents/Developer/Platforms/iPhoneSimulator.platform/Developer/SDKs/iPhoneSimulator26.5.sdk
               SDK_DIR = /Applications/Xcode.app/Contents/Developer/Platforms/iPhoneSimulator.platform/Developer/SDKs/iPhoneSimulator26.5.sdk
               SDK_DIR_iphonesimulator = /Applications/Xcode.app/Contents/Developer/Platforms/iPhoneSimulator.platform/Developer/SDKs/iPhoneSimulator26.5.sdk
               SDK_DIR_iphonesimulator26_5 = /Applications/Xcode.app/Contents/Developer/Platforms/iPhoneSimulator.platform/Developer/SDKs/iPhoneSimulator26.5.sdk
               SDK_NAME = iphonesimulator26.5
               SDK_NAMES = iphonesimulator26.5
               SDK_PRODUCT_BUILD_VERSION = 23F73
               SDK_STAT_CACHE_DIR = /var/folders/pg/x6t89f2n7s7299rcw8hv33180000gn/C/com.apple.DeveloperTools/26.5-17F42/Xcode
               SDK_STAT_CACHE_ENABLE = YES
               SDK_STAT_CACHE_PATH = /var/folders/pg/x6t89f2n7s7299rcw8hv33180000gn/C/com.apple.DeveloperTools/26.5-17F42/Xcode/SDKStatCaches.noindex/iphonesimulator26.5-23F73-6cfe768891a92b912361537c460fe42b.sdkstatcache
               SDK_VERSION = 26.5
               SDK_VERSION_ACTUAL = 260500
               SDK_VERSION_MAJOR = 260000
               SDK_VERSION_MINOR = 260500
               SED = /usr/bin/sed
               SEPARATE_STRIP = NO
               SEPARATE_SYMBOL_EDIT = NO
               SET_DIR_MODE_OWNER_GROUP = YES
               SET_FILE_MODE_OWNER_GROUP = NO
               SHALLOW_BUNDLE = YES
               SHALLOW_BUNDLE_TRIPLE = ios-simulator
               SHALLOW_BUNDLE_ios_macabi = NO
               SHALLOW_BUNDLE_macos = NO
               SHARED_DERIVED_FILE_DIR = /Users/gregoriomorelli/Documents/vibra/build/ios/Release-iphonesimulator/DerivedSources
               SHARED_FRAMEWORKS_FOLDER_PATH = Pods_Runner.framework/SharedFrameworks
               SHARED_PRECOMPS_DIR = /Users/gregoriomorelli/Documents/vibra/build/ios/SharedPrecompiledHeaders
               SHARED_SUPPORT_FOLDER_PATH = Pods_Runner.framework
               SKIP_INSTALL = YES
               SKIP_MERGEABLE_LIBRARY_BUNDLE_HOOK = NO
               SOURCE_ROOT = /Users/gregoriomorelli/Documents/vibra/ios/Pods
               SRCROOT = /Users/gregoriomorelli/Documents/vibra/ios/Pods
               STRINGSDATA_DIR = /Users/gregoriomorelli/Documents/vibra/build/ios/Pods.build/Release-iphonesimulator/Pods-Runner.build/Objects-normal/undefined_arch
               STRINGSDATA_ROOT = /Users/gregoriomorelli/Documents/vibra/build/ios/Pods.build/Release-iphonesimulator/Pods-Runner.build
               STRINGS_FILE_INFOPLIST_RENAME = YES
               STRINGS_FILE_OUTPUT_ENCODING = binary
               STRING_CATALOG_GENERATE_SYMBOLS = NO
               STRIP_BITCODE_FROM_COPIED_FILES = NO
               STRIP_INSTALLED_PRODUCT = NO
               STRIP_STYLE = debugging
               STRIP_SWIFT_SYMBOLS = YES
               SUPPORTED_DEVICE_FAMILIES = 1,2
               SUPPORTED_PLATFORMS = iphoneos iphonesimulator
               SUPPORTS_TEXT_BASED_API = NO
               SUPPRESS_WARNINGS = NO
               SWIFT_COMPILATION_MODE = wholemodule
               SWIFT_EMIT_CONST_VALUE_PROTOCOLS = AnyResolverProviding AppEntity AppEnum AppExtension AppIntent AppIntentsPackage AppShortcutProviding AppShortcutsProvider AppUnionValue AppUnionValueCasesProviding DynamicOptionsProvider EntityQuery ExtensionPointDefining IntentValueQuery Resolver TransientEntity _AssistantIntentsProvider _GenerativeFunctionExtractable _IntentValueRepresentable
               SWIFT_EMIT_LOC_STRINGS = NO
               SWIFT_ENABLE_EXPLICIT_MODULES = YES
               SWIFT_INSTALL_MODULE_FOR_DEPLOYMENT = YES
               SWIFT_OPTIMIZATION_LEVEL = -O
               SWIFT_PLATFORM_TARGET_PREFIX = ios
               SWIFT_RESPONSE_FILE_PATH_normal_arm64 = /Users/gregoriomorelli/Documents/vibra/build/ios/Pods.build/Release-iphonesimulator/Pods-Runner.build/Objects-normal/arm64/Pods_Runner.SwiftFileList
               SWIFT_RESPONSE_FILE_PATH_normal_x86_64 = /Users/gregoriomorelli/Documents/vibra/build/ios/Pods.build/Release-iphonesimulator/Pods-Runner.build/Objects-normal/x86_64/Pods_Runner.SwiftFileList
               SWIFT_VERSION = 5.0
               SYMROOT = /Users/gregoriomorelli/Documents/vibra/ios/build
               SYSTEM_ADMIN_APPS_DIR = /Applications/Utilities
               SYSTEM_APPS_DIR = /Applications
               SYSTEM_CORE_SERVICES_DIR = /System/Library/CoreServices
               SYSTEM_DEMOS_DIR = /Applications/Extras
               SYSTEM_DEVELOPER_APPS_DIR = /Applications/Xcode.app/Contents/Developer/Applications
               SYSTEM_DEVELOPER_BIN_DIR = /Applications/Xcode.app/Contents/Developer/usr/bin
               SYSTEM_DEVELOPER_DEMOS_DIR = /Applications/Xcode.app/Contents/Developer/Applications/Utilities/Built Examples
               SYSTEM_DEVELOPER_DIR = /Applications/Xcode.app/Contents/Developer
               SYSTEM_DEVELOPER_DOC_DIR = /Applications/Xcode.app/Contents/Developer/ADC Reference Library
               SYSTEM_DEVELOPER_GRAPHICS_TOOLS_DIR = /Applications/Xcode.app/Contents/Developer/Applications/Graphics Tools
               SYSTEM_DEVELOPER_JAVA_TOOLS_DIR = /Applications/Xcode.app/Contents/Developer/Applications/Java Tools
               SYSTEM_DEVELOPER_PERFORMANCE_TOOLS_DIR = /Applications/Xcode.app/Contents/Developer/Applications/Performance Tools
               SYSTEM_DEVELOPER_RELEASENOTES_DIR = /Applications/Xcode.app/Contents/Developer/ADC Reference Library/releasenotes
               SYSTEM_DEVELOPER_TOOLS = /Applications/Xcode.app/Contents/Developer/Tools
               SYSTEM_DEVELOPER_TOOLS_DOC_DIR = /Applications/Xcode.app/Contents/Developer/ADC Reference Library/documentation/DeveloperTools
               SYSTEM_DEVELOPER_TOOLS_RELEASENOTES_DIR = /Applications/Xcode.app/Contents/Developer/ADC Reference Library/releasenotes/DeveloperTools
               SYSTEM_DEVELOPER_USR_DIR = /Applications/Xcode.app/Contents/Developer/usr
               SYSTEM_DEVELOPER_UTILITIES_DIR = /Applications/Xcode.app/Contents/Developer/Applications/Utilities
               SYSTEM_DEXT_INSTALL_PATH = /System/Library/DriverExtensions
               SYSTEM_DOCUMENTATION_DIR = /Library/Documentation
               SYSTEM_EXTENSIONS_FOLDER_PATH = Pods_Runner.framework/SystemExtensions
               SYSTEM_EXTENSIONS_FOLDER_PATH_SHALLOW_BUNDLE_NO = Pods_Runner.framework/Library/SystemExtensions
               SYSTEM_EXTENSIONS_FOLDER_PATH_SHALLOW_BUNDLE_YES = Pods_Runner.framework/SystemExtensions
               SYSTEM_KEXT_INSTALL_PATH = /System/Library/Extensions
               SYSTEM_LIBRARY_DIR = /System/Library
               TAPI_DEMANGLE = YES
               TAPI_ENABLE_PROJECT_HEADERS = NO
               TAPI_LANGUAGE = objective-c
               TAPI_LANGUAGE_STANDARD = compiler-default
               TAPI_USE_SRCROOT = YES
               TAPI_VERIFY_MODE = Pedantic
               TARGETED_DEVICE_FAMILY = 1,2
               TARGETNAME = Pods-Runner
               TARGET_BUILD_DIR = /Users/gregoriomorelli/Documents/vibra/build/ios/Release-iphonesimulator
               TARGET_NAME = Pods-Runner
               TARGET_TEMP_DIR = /Users/gregoriomorelli/Documents/vibra/build/ios/Pods.build/Release-iphonesimulator/Pods-Runner.build
               TEMP_DIR = /Users/gregoriomorelli/Documents/vibra/build/ios/Pods.build/Release-iphonesimulator/Pods-Runner.build
               TEMP_FILES_DIR = /Users/gregoriomorelli/Documents/vibra/build/ios/Pods.build/Release-iphonesimulator/Pods-Runner.build
               TEMP_FILE_DIR = /Users/gregoriomorelli/Documents/vibra/build/ios/Pods.build/Release-iphonesimulator/Pods-Runner.build
               TEMP_ROOT = /Users/gregoriomorelli/Documents/vibra/build/ios
               TEMP_SANDBOX_DIR = /Users/gregoriomorelli/Documents/vibra/build/ios/TemporaryTaskSandboxes
               TEST_FRAMEWORK_SEARCH_PATHS =  /Applications/Xcode.app/Contents/Developer/Platforms/iPhoneSimulator.platform/Developer/Library/Frameworks /Applications/Xcode.app/Contents/Developer/Platforms/iPhoneSimulator.platform/Developer/SDKs/iPhoneSimulator26.5.sdk/Developer/Library/Frameworks
               TEST_LIBRARY_SEARCH_PATHS =  /Applications/Xcode.app/Contents/Developer/Platforms/iPhoneSimulator.platform/Developer/usr/lib
               TOOLCHAINS = com.apple.dt.toolchain.XcodeDefault
               TOOLCHAIN_DIR = /Applications/Xcode.app/Contents/Developer/Toolchains/XcodeDefault.xctoolchain
               TREAT_MISSING_BASELINES_AS_TEST_FAILURES = NO
               TREAT_MISSING_SCRIPT_PHASE_OUTPUTS_AS_ERRORS = NO
               TVOS_DEPLOYMENT_TARGET = 26.5
               UID = 501
               UNINSTALLED_PRODUCTS_DIR = /Users/gregoriomorelli/Documents/vibra/build/ios/UninstalledProducts
               UNLOCALIZED_RESOURCES_FOLDER_PATH = Pods_Runner.framework
               UNLOCALIZED_RESOURCES_FOLDER_PATH_SHALLOW_BUNDLE_NO = Pods_Runner.framework/Resources
               UNLOCALIZED_RESOURCES_FOLDER_PATH_SHALLOW_BUNDLE_YES = Pods_Runner.framework
               UNSTRIPPED_PRODUCT = NO
               USER = gregoriomorelli
               USER_APPS_DIR = /Users/gregoriomorelli/Applications
               USER_LIBRARY_DIR = /Users/gregoriomorelli/Library
               USE_DYNAMIC_NO_PIC = YES
               USE_HEADERMAP = YES
               USE_HEADER_SYMLINKS = NO
               USE_RECURSIVE_SCRIPT_INPUTS_IN_SCRIPT_PHASES = YES
               VALIDATE_DEVELOPMENT_ASSET_PATHS = YES_ERROR
               VALIDATE_PRODUCT = YES
               VALID_ARCHS = arm64 x86_64
               VERBOSE_PBXCP = NO
               VERSIONING_SYSTEM = apple-generic
               VERSIONPLIST_PATH = Pods_Runner.framework/version.plist
               VERSIONS_FOLDER_PATH = Pods_Runner.framework
               VERSIONS_FOLDER_PATH_SHALLOW_BUNDLE_NO = Pods_Runner.framework/Versions
               VERSIONS_FOLDER_PATH_SHALLOW_BUNDLE_YES = Pods_Runner.framework
               VERSION_INFO_BUILDER = gregoriomorelli
               VERSION_INFO_FILE = Pods_Runner_vers.c
               VERSION_INFO_STRING = "@(#)PROGRAM:Pods_Runner  PROJECT:Pods-1"
               WATCHOS_DEPLOYMENT_TARGET = 26.5
               WORKSPACE_DIR = /Users/gregoriomorelli/Documents/vibra/ios/Pods/Pods.xcodeproj
               WRAPPER_EXTENSION = framework
               WRAPPER_NAME = Pods_Runner.framework
               WRAPPER_SUFFIX = .framework
               WRAP_ASSET_PACKS_IN_SEPARATE_DIRECTORIES = NO
               XCODE_APP_SUPPORT_DIR = /Applications/Xcode.app/Contents/Developer/Library/Xcode
               XCODE_PRODUCT_BUILD_VERSION = 17F42
               XCODE_VERSION_ACTUAL = 2650
               XCODE_VERSION_MAJOR = 2600
               XCODE_VERSION_MINOR = 2650
               XPCSERVICES_FOLDER_PATH = Pods_Runner.framework/XPCServices
               XROS_DEPLOYMENT_TARGET = 26.5
               YACC = yacc
               _DISCOVER_COMMAND_LINE_LINKER_INPUTS = YES
               _DISCOVER_COMMAND_LINE_LINKER_INPUTS_INCLUDE_WL = YES
               _LD_MULTIARCH = YES
               _WRAPPER_CONTENTS_DIR_SHALLOW_BUNDLE_NO = /Contents
               _WRAPPER_PARENT_PATH_SHALLOW_BUNDLE_NO = /..
               _WRAPPER_RESOURCES_DIR_SHALLOW_BUNDLE_NO = /Resources
               __DIAGNOSE_DEPRECATED_ARCHS = YES
               __ORIGINAL_SDK_DEFINED_LLVM_TARGET_TRIPLE_SYS = ios
               arch = undefined_arch
               variant = normal

           Build settings for action build and target Pods-RunnerTests:
               ACTION = build
               AD_HOC_CODE_SIGNING_ALLOWED = YES
               ALLOW_BUILD_REQUEST_OVERRIDES = NO
               ALLOW_TARGET_PLATFORM_SPECIALIZATION = NO
               ALTERNATE_GROUP = staff
               ALTERNATE_MODE = u+w,go-w,a+rX
               ALTERNATE_OWNER = gregoriomorelli
               ALTERNATIVE_DISTRIBUTION_WEB = NO
               ALWAYS_EMBED_SWIFT_STANDARD_LIBRARIES = NO
               ALWAYS_SEARCH_USER_PATHS = NO
               ALWAYS_USE_SEPARATE_HEADERMAPS = NO
               APPLICATION_EXTENSION_API_ONLY = NO
               APPLY_RULES_IN_COPY_FILES = NO
               APPLY_RULES_IN_COPY_HEADERS = NO
               APP_SHORTCUTS_ENABLE_FLEXIBLE_MATCHING = YES
               ARCHS = arm64 x86_64
               ARCHS_BASE = arm64 x86_64
               ARCHS_STANDARD = arm64 x86_64
               ARCHS_STANDARD_32_64_BIT = arm64 x86_64
               ARCHS_STANDARD_64_BIT = arm64 x86_64
               ARCHS_STANDARD_INCLUDING_64_BIT = arm64 x86_64
               ARCHS_UNIVERSAL_IPHONE_OS = arm64 x86_64
               AUTOMATICALLY_MERGE_DEPENDENCIES = NO
               AUTOMATION_APPLE_EVENTS = NO
               AVAILABLE_PLATFORMS = android appletvos appletvsimulator driverkit freebsd iphoneos iphonesimulator linux macosx none openbsd qnx watchos watchsimulator webassembly xros xrsimulator
               BUILD_ACTIVE_RESOURCES_ONLY = NO
               BUILD_COMPONENTS = headers build
               BUILD_DIR = /Users/gregoriomorelli/Documents/vibra/build/ios
               BUILD_LIBRARY_FOR_DISTRIBUTION = NO
               BUILD_ONLY_KNOWN_LOCALIZATIONS = NO
               BUILD_ROOT = /Users/gregoriomorelli/Documents/vibra/ios/build
               BUILD_STYLE = 
               BUILD_VARIANTS = normal
               BUILT_PRODUCTS_DIR = /Users/gregoriomorelli/Documents/vibra/build/ios/Release-iphonesimulator
               BUNDLE_CONTENTS_FOLDER_PATH_deep = Contents/
               BUNDLE_EXECUTABLE_FOLDER_NAME_deep = MacOS
               BUNDLE_EXTENSIONS_FOLDER_PATH = Extensions
               BUNDLE_FORMAT = shallow
               BUNDLE_FRAMEWORKS_FOLDER_PATH = Frameworks
               BUNDLE_PLUGINS_FOLDER_PATH = PlugIns
               BUNDLE_PRIVATE_HEADERS_FOLDER_PATH = PrivateHeaders
               BUNDLE_PUBLIC_HEADERS_FOLDER_PATH = Headers
               CACHE_ROOT = /var/folders/pg/x6t89f2n7s7299rcw8hv33180000gn/C/com.apple.DeveloperTools/26.5-17F42/Xcode
               CCHROOT = /var/folders/pg/x6t89f2n7s7299rcw8hv33180000gn/C/com.apple.DeveloperTools/26.5-17F42/Xcode
               CHMOD = /bin/chmod
               CHOWN = chown
               CLANG_ANALYZER_LOCALIZABILITY_NONLOCALIZED = YES
               CLANG_ANALYZER_NONNULL = YES
               CLANG_ANALYZER_NUMBER_OBJECT_CONVERSION = YES_AGGRESSIVE
               CLANG_CACHE_FINE_GRAINED_OUTPUTS = YES
               CLANG_CXX_LANGUAGE_STANDARD = gnu++14
               CLANG_CXX_LIBRARY = libc++
               CLANG_ENABLE_EXPLICIT_MODULES = YES
               CLANG_ENABLE_MODULES = YES
               CLANG_ENABLE_OBJC_ARC = YES
               CLANG_ENABLE_OBJC_WEAK = NO
               CLANG_MODULES_BUILD_SESSION_FILE = /var/folders/pg/x6t89f2n7s7299rcw8hv33180000gn/C/org.llvm.clang/ModuleCache.noindex/Session.modulevalidation
               CLANG_WARN_BLOCK_CAPTURE_AUTORELEASING = YES
               CLANG_WARN_BOOL_CONVERSION = YES
               CLANG_WARN_COMMA = YES
               CLANG_WARN_CONSTANT_CONVERSION = YES
               CLANG_WARN_DEPRECATED_OBJC_IMPLEMENTATIONS = YES
               CLANG_WARN_DIRECT_OBJC_ISA_USAGE = YES_ERROR
               CLANG_WARN_DOCUMENTATION_COMMENTS = YES
               CLANG_WARN_EMPTY_BODY = YES
               CLANG_WARN_ENUM_CONVERSION = YES
               CLANG_WARN_INFINITE_RECURSION = YES
               CLANG_WARN_INT_CONVERSION = YES
               CLANG_WARN_NON_LITERAL_NULL_CONVERSION = YES
               CLANG_WARN_OBJC_IMPLICIT_RETAIN_SELF = YES
               CLANG_WARN_OBJC_LITERAL_CONVERSION = YES
               CLANG_WARN_OBJC_ROOT_CLASS = YES_ERROR
               CLANG_WARN_QUOTED_INCLUDE_IN_FRAMEWORK_HEADER = NO
               CLANG_WARN_RANGE_LOOP_ANALYSIS = YES
               CLANG_WARN_STRICT_PROTOTYPES = YES
               CLANG_WARN_SUSPICIOUS_MOVE = YES
               CLANG_WARN_UNGUARDED_AVAILABILITY = YES_AGGRESSIVE
               CLANG_WARN_UNREACHABLE_CODE = YES
               CLANG_WARN__DUPLICATE_METHOD_MATCH = YES
               CLASS_FILE_DIR = /Users/gregoriomorelli/Documents/vibra/build/ios/Pods.build/Release-iphonesimulator/Pods-RunnerTests.build/JavaClasses
               CLEAN_PRECOMPS = YES
               CLONE_HEADERS = NO
               CODESIGNING_FOLDER_PATH = /Users/gregoriomorelli/Documents/vibra/build/ios/Release-iphonesimulator/Pods_RunnerTests.framework
               CODE_SIGNING_ALLOWED = YES
               CODE_SIGNING_REQUIRED = NO
               CODE_SIGNING_REQUIRES_TEAM = YES
               CODE_SIGN_CONTEXT_CLASS = XCiPhoneSimulatorCodeSignContext
               CODE_SIGN_IDENTITY = -
               CODE_SIGN_INJECT_BASE_ENTITLEMENTS = YES
               COLOR_DIAGNOSTICS = NO
               COMBINE_HIDPI_IMAGES = NO
               COMPILATION_CACHE_CAS_PATH = /var/folders/pg/x6t89f2n7s7299rcw8hv33180000gn/C/com.apple.DeveloperTools/26.5-17F42/Xcode/CompilationCache.noindex
               COMPILATION_CACHE_KEEP_CAS_DIRECTORY = YES
               COMPILER_INDEX_STORE_ENABLE = Default
               COMPOSITE_SDK_DIRS = /Users/gregoriomorelli/Documents/vibra/build/ios/CompositeSDKs
               COMPRESS_PNG_FILES = YES
               CONFIGURATION = Release
               CONFIGURATION_BUILD_DIR = /Users/gregoriomorelli/Documents/vibra/build/ios/Release-iphonesimulator
               CONFIGURATION_TEMP_DIR = /Users/gregoriomorelli/Documents/vibra/build/ios/Pods.build/Release-iphonesimulator
               CONTENTS_FOLDER_PATH = Pods_RunnerTests.framework
               CONTENTS_FOLDER_PATH_SHALLOW_BUNDLE_NO = Pods_RunnerTests.framework/A
               CONTENTS_FOLDER_PATH_SHALLOW_BUNDLE_YES = Pods_RunnerTests.framework
               COPYING_PRESERVES_HFS_DATA = NO
               COPY_HEADERS_RUN_UNIFDEF = NO
               COPY_PHASE_STRIP = NO
               CORRESPONDING_DEVICE_PLATFORM_DIR = /Applications/Xcode.app/Contents/Developer/Platforms/iPhoneOS.platform
               CORRESPONDING_DEVICE_PLATFORM_NAME = iphoneos
               CORRESPONDING_DEVICE_SDK_DIR = /Applications/Xcode.app/Contents/Developer/Platforms/iPhoneOS.platform/Developer/SDKs/iPhoneOS26.5.sdk
               CORRESPONDING_DEVICE_SDK_NAME = iphoneos26.5
               CP = /bin/cp
               CREATE_INFOPLIST_SECTION_IN_BINARY = NO
               CURRENT_ARCH = undefined_arch
               CURRENT_PROJECT_VERSION = 1
               CURRENT_VARIANT = normal
               CURRENT_VERSION = Current
               DEAD_CODE_STRIPPING = YES
               DEBUGGING_SYMBOLS = YES
               DEBUG_INFORMATION_FORMAT = dwarf-with-dsym
               DEBUG_INFORMATION_VERSION = compiler-default
               DEFAULT_COMPILER = com.apple.compilers.llvm.clang.1_0
               DEFAULT_DEXT_INSTALL_PATH = /System/Library/DriverExtensions
               DEFAULT_KEXT_INSTALL_PATH = /System/Library/Extensions
               DEFINES_MODULE = YES
               DEPLOYMENT_LOCATION = NO
               DEPLOYMENT_POSTPROCESSING = NO
               DEPLOYMENT_TARGET_SETTING_NAME = IPHONEOS_DEPLOYMENT_TARGET
               DEPLOYMENT_TARGET_SUGGESTED_VALUES = 12.0 12.1 12.2 12.3 12.4 13.0 13.1 13.2 13.3 13.4 13.5 13.6 14.0 14.1 14.2 14.3 14.4 14.5 14.6 14.7 15.0 15.1 15.2 15.3 15.4 15.5 15.6 16.0 16.1 16.2 16.3 16.4 16.5 16.6 17.0 17.1 17.2 17.3 17.4 17.5 17.6 18.0 18.1 18.2 18.3 18.4 18.5 18.6 26.0 26.2 26.3 26.4 26.5
               DERIVED_FILES_DIR = /Users/gregoriomorelli/Documents/vibra/build/ios/Pods.build/Release-iphonesimulator/Pods-RunnerTests.build/DerivedSources
               DERIVED_FILE_DIR = /Users/gregoriomorelli/Documents/vibra/build/ios/Pods.build/Release-iphonesimulator/Pods-RunnerTests.build/DerivedSources
               DERIVED_SOURCES_DIR = /Users/gregoriomorelli/Documents/vibra/build/ios/Pods.build/Release-iphonesimulator/Pods-RunnerTests.build/DerivedSources
               DEVELOPER_APPLICATIONS_DIR = /Applications/Xcode.app/Contents/Developer/Applications
               DEVELOPER_BIN_DIR = /Applications/Xcode.app/Contents/Developer/usr/bin
               DEVELOPER_DIR = /Applications/Xcode.app/Contents/Developer
               DEVELOPER_FRAMEWORKS_DIR = /Applications/Xcode.app/Contents/Developer/Library/Frameworks
               DEVELOPER_FRAMEWORKS_DIR_QUOTED = /Applications/Xcode.app/Contents/Developer/Library/Frameworks
               DEVELOPER_LIBRARY_DIR = /Applications/Xcode.app/Contents/Developer/Library
               DEVELOPER_SDK_DIR = /Applications/Xcode.app/Contents/Developer/Platforms/MacOSX.platform/Developer/SDKs
               DEVELOPER_TOOLS_DIR = /Applications/Xcode.app/Contents/Developer/Tools
               DEVELOPER_USR_DIR = /Applications/Xcode.app/Contents/Developer/usr
               DEVELOPMENT_LANGUAGE = en
               DIAGNOSE_MISSING_TARGET_DEPENDENCIES = YES
               DIFF = /usr/bin/diff
               DOCUMENTATION_FOLDER_PATH = Pods_RunnerTests.framework/en.lproj/Documentation
               DONT_GENERATE_INFOPLIST_FILE = NO
               DRIVERKIT_DEPLOYMENT_TARGET = 25.5
               DSTROOT = /tmp/Pods.dst
               DT_TOOLCHAIN_DIR = /Applications/Xcode.app/Contents/Developer/Toolchains/XcodeDefault.xctoolchain
               DUMP_DEPENDENCIES = NO
               DUMP_DEPENDENCIES_OUTPUT_PATH = /Users/gregoriomorelli/Documents/vibra/build/ios/Pods.build/Release-iphonesimulator/Pods-RunnerTests.build/Pods-RunnerTests-BuildDependencyInfo.json
               DWARF_DSYM_FILE_NAME = Pods_RunnerTests.framework.dSYM
               DWARF_DSYM_FILE_SHOULD_ACCOMPANY_PRODUCT = NO
               DWARF_DSYM_FOLDER_PATH = /Users/gregoriomorelli/Documents/vibra/build/ios/Release-iphonesimulator
               DYLIB_COMPATIBILITY_VERSION = 1
               DYLIB_CURRENT_VERSION = 1
               DYLIB_INSTALL_NAME_BASE = @rpath
               DYNAMIC_LIBRARY_EXTENSION = dylib
               EAGER_COMPILATION_ALLOW_SCRIPTS = NO
               EAGER_LINKING = NO
               EFFECTIVE_PLATFORM_NAME = -iphonesimulator
               EFFECTIVE_SWIFT_VERSION = 5
               EMBEDDED_CONTENT_CONTAINS_SWIFT = NO
               EMBED_ASSET_PACKS_IN_PRODUCT_BUNDLE = NO
               ENABLE_APP_SANDBOX = NO
               ENABLE_BITCODE = NO
               ENABLE_CODE_COVERAGE = YES
               ENABLE_COHORT_ARCHS = NO
               ENABLE_CPLUSPLUS_BOUNDS_SAFE_BUFFERS = NO
               ENABLE_C_BOUNDS_SAFETY = NO
               ENABLE_DEFAULT_HEADER_SEARCH_PATHS = YES
               ENABLE_DEFAULT_SEARCH_PATHS = YES
               ENABLE_ENHANCED_SECURITY = NO
               ENABLE_HARDENED_RUNTIME = NO
               ENABLE_HEADER_DEPENDENCIES = YES
               ENABLE_INCOMING_NETWORK_CONNECTIONS = NO
               ENABLE_MODULE_VERIFIER = NO
               ENABLE_NS_ASSERTIONS = NO
               ENABLE_ON_DEMAND_RESOURCES = NO
               ENABLE_OUTGOING_NETWORK_CONNECTIONS = NO
               ENABLE_POINTER_AUTHENTICATION = NO
               ENABLE_RESOURCE_ACCESS_AUDIO_INPUT = NO
               ENABLE_RESOURCE_ACCESS_BLUETOOTH = NO
               ENABLE_RESOURCE_ACCESS_CALENDARS = NO
               ENABLE_RESOURCE_ACCESS_CAMERA = NO
               ENABLE_RESOURCE_ACCESS_CONTACTS = NO
               ENABLE_RESOURCE_ACCESS_LOCATION = NO
               ENABLE_RESOURCE_ACCESS_PHOTO_LIBRARY = NO
               ENABLE_RESOURCE_ACCESS_PRINTING = NO
               ENABLE_RESOURCE_ACCESS_USB = NO
               ENABLE_SDK_IMPORTS = NO
               ENABLE_SECURITY_COMPILER_WARNINGS = NO
               ENABLE_STRICT_OBJC_MSGSEND = YES
               ENABLE_TESTABILITY = NO
               ENABLE_TESTING_SEARCH_PATHS = NO
               ENABLE_USER_SCRIPT_SANDBOXING = NO
               ENFORCE_VALID_ARCHS = YES
               ENTITLEMENTS_DESTINATION = __entitlements
               ENTITLEMENTS_REQUIRED = NO
               EXCLUDED_ARCHS =  i386
               EXCLUDED_INSTALLSRC_SUBDIRECTORY_PATTERNS = .DS_Store .svn .git .hg CVS
               EXCLUDED_RECURSIVE_SEARCH_PATH_SUBDIRECTORIES = *.nib *.lproj *.framework *.gch *.xcode* *.xcassets *.icon (*) .DS_Store CVS .svn .git .hg *.pbproj *.pbxproj
               EXECUTABLES_FOLDER_PATH = Pods_RunnerTests.framework/en.lproj
               EXECUTABLE_FOLDER_PATH = Pods_RunnerTests.framework
               EXECUTABLE_FOLDER_PATH_SHALLOW_BUNDLE_NO = Pods_RunnerTests.framework
               EXECUTABLE_FOLDER_PATH_SHALLOW_BUNDLE_YES = Pods_RunnerTests.framework
               EXECUTABLE_NAME = Pods_RunnerTests
               EXECUTABLE_PATH = Pods_RunnerTests.framework/Pods_RunnerTests
               EXTENSIONS_FOLDER_PATH = Pods_RunnerTests.framework/Extensions
               FILE_LIST = /Users/gregoriomorelli/Documents/vibra/build/ios/Pods.build/Release-iphonesimulator/Pods-RunnerTests.build/Objects/LinkFileList
               FIXED_FILES_DIR = /Users/gregoriomorelli/Documents/vibra/build/ios/Pods.build/Release-iphonesimulator/Pods-RunnerTests.build/FixedFiles
               FRAMEWORKS_FOLDER_PATH = Pods_RunnerTests.framework/Frameworks
               FRAMEWORK_FLAG_PREFIX = -framework
               FRAMEWORK_SEARCH_PATHS = /Users/gregoriomorelli/Documents/vibra/build/ios/Release-iphonesimulator "/Users/gregoriomorelli/development/flutter/bin/cache/artifacts/engine/ios-release/Flutter.xcframework/ios-arm64_x86_64-simulator"  "/Users/gregoriomorelli/Documents/vibra/build/ios/Release-iphonesimulator/AppAuth" "/Users/gregoriomorelli/Documents/vibra/build/ios/Release-iphonesimulator/FirebaseCore" "/Users/gregoriomorelli/Documents/vibra/build/ios/Release-iphonesimulator/FirebaseCoreInternal" "/Users/gregoriomorelli/Documents/vibra/build/ios/Release-iphonesimulator/FirebaseInstallations" "/Users/gregoriomorelli/Documents/vibra/build/ios/Release-iphonesimulator/FirebaseMessaging" "/Users/gregoriomorelli/Documents/vibra/build/ios/Release-iphonesimulator/GoogleDataTransport" "/Users/gregoriomorelli/Documents/vibra/build/ios/Release-iphonesimulator/GoogleUtilities" "/Users/gregoriomorelli/Documents/vibra/build/ios/Release-iphonesimulator/PromisesObjC" "/Users/gregoriomorelli/Documents/vibra/build/ios/Release-iphonesimulator/app_links" "/Users/gregoriomorelli/Documents/vibra/build/ios/Release-iphonesimulator/connectivity_plus" "/Users/gregoriomorelli/Documents/vibra/build/ios/Release-iphonesimulator/firebase_core" "/Users/gregoriomorelli/Documents/vibra/build/ios/Release-iphonesimulator/firebase_messaging" "/Users/gregoriomorelli/Documents/vibra/build/ios/Release-iphonesimulator/flutter_appauth" "/Users/gregoriomorelli/Documents/vibra/build/ios/Release-iphonesimulator/flutter_secure_storage_darwin" "/Users/gregoriomorelli/Documents/vibra/build/ios/Release-iphonesimulator/flutter_web_auth_2" "/Users/gregoriomorelli/Documents/vibra/build/ios/Release-iphonesimulator/geocoding_ios" "/Users/gregoriomorelli/Documents/vibra/build/ios/Release-iphonesimulator/geolocator_apple" "/Users/gregoriomorelli/Documents/vibra/build/ios/Release-iphonesimulator/image_picker_ios" "/Users/gregoriomorelli/Documents/vibra/build/ios/Release-iphonesimulator/integration_test" "/Users/gregoriomorelli/Documents/vibra/build/ios/Release-iphonesimulator/nanopb" "/Users/gregoriomorelli/Documents/vibra/build/ios/Release-iphonesimulator/shared_preferences_foundation" "/Users/gregoriomorelli/Documents/vibra/build/ios/Release-iphonesimulator/sqflite_darwin" "/Users/gregoriomorelli/Documents/vibra/build/ios/Release-iphonesimulator/url_launcher_ios"
               FRAMEWORK_VERSION = A
               FULL_PRODUCT_NAME = Pods_RunnerTests.framework
               FUSE_BUILD_PHASES = YES
               FUSE_BUILD_SCRIPT_PHASES = NO
               GCC3_VERSION = 3.3
               GCC_C_LANGUAGE_STANDARD = gnu11
               GCC_INLINES_ARE_PRIVATE_EXTERN = YES
               GCC_NO_COMMON_BLOCKS = YES
               GCC_OBJC_LEGACY_DISPATCH = YES
               GCC_PFE_FILE_C_DIALECTS = c objective-c c++ objective-c++
               GCC_PREPROCESSOR_DEFINITIONS = POD_CONFIGURATION_RELEASE=1  COCOAPODS=1 POD_CONFIGURATION_RELEASE=1  PB_FIELD_32BIT=1 PB_NO_PACKED_STRUCTS=1 PB_ENABLE_MALLOC=1
               GCC_TREAT_WARNINGS_AS_ERRORS = NO
               GCC_VERSION = com.apple.compilers.llvm.clang.1_0
               GCC_VERSION_IDENTIFIER = com_apple_compilers_llvm_clang_1_0
               GCC_WARN_64_TO_32_BIT_CONVERSION = YES
               GCC_WARN_ABOUT_RETURN_TYPE = YES_ERROR
               GCC_WARN_UNDECLARED_SELECTOR = YES
               GCC_WARN_UNINITIALIZED_AUTOS = YES_AGGRESSIVE
               GCC_WARN_UNUSED_FUNCTION = YES
               GCC_WARN_UNUSED_VARIABLE = YES
               GENERATED_MODULEMAP_DIR = /Users/gregoriomorelli/Documents/vibra/build/ios/GeneratedModuleMaps-iphonesimulator
               GENERATE_INFOPLIST_FILE = NO
               GENERATE_INTERMEDIATE_TEXT_BASED_STUBS = YES
               GENERATE_PKGINFO_FILE = NO
               GENERATE_PRELINK_OBJECT_FILE = NO
               GENERATE_PROFILING_CODE = NO
               GENERATE_TEXT_BASED_STUBS = NO
               GID = 20
               GROUP = staff
               HEADERMAP_INCLUDES_FLAT_ENTRIES_FOR_TARGET_BEING_BUILT = YES
               HEADERMAP_INCLUDES_FRAMEWORK_ENTRIES_FOR_ALL_PRODUCT_TYPES = YES
               HEADERMAP_INCLUDES_FRAMEWORK_ENTRIES_FOR_TARGETS_NOT_BEING_BUILT = YES
               HEADERMAP_INCLUDES_NONPUBLIC_NONPRIVATE_HEADERS = YES
               HEADERMAP_INCLUDES_PROJECT_HEADERS = YES
               HEADERMAP_USES_FRAMEWORK_PREFIX_ENTRIES = YES
               HEADERMAP_USES_VFS = YES
               HEADER_SEARCH_PATHS = /Users/gregoriomorelli/Documents/vibra/build/ios/Release-iphonesimulator/include  "/Users/gregoriomorelli/Documents/vibra/build/ios/Release-iphonesimulator/AppAuth/AppAuth.framework/Headers" "/Users/gregoriomorelli/Documents/vibra/build/ios/Release-iphonesimulator/FirebaseCore/FirebaseCore.framework/Headers" "/Users/gregoriomorelli/Documents/vibra/build/ios/Release-iphonesimulator/FirebaseCoreInternal/FirebaseCoreInternal.framework/Headers" "/Users/gregoriomorelli/Documents/vibra/build/ios/Release-iphonesimulator/FirebaseInstallations/FirebaseInstallations.framework/Headers" "/Users/gregoriomorelli/Documents/vibra/build/ios/Release-iphonesimulator/FirebaseMessaging/FirebaseMessaging.framework/Headers" "/Users/gregoriomorelli/Documents/vibra/build/ios/Release-iphonesimulator/GoogleDataTransport/GoogleDataTransport.framework/Headers" "/Users/gregoriomorelli/Documents/vibra/build/ios/Release-iphonesimulator/GoogleUtilities/GoogleUtilities.framework/Headers" "/Users/gregoriomorelli/Documents/vibra/build/ios/Release-iphonesimulator/PromisesObjC/FBLPromises.framework/Headers" "/Users/gregoriomorelli/Documents/vibra/build/ios/Release-iphonesimulator/app_links/app_links.framework/Headers" "/Users/gregoriomorelli/Documents/vibra/build/ios/Release-iphonesimulator/connectivity_plus/connectivity_plus.framework/Headers" "/Users/gregoriomorelli/Documents/vibra/build/ios/Release-iphonesimulator/firebase_core/firebase_core.framework/Headers" "/Users/gregoriomorelli/Documents/vibra/build/ios/Release-iphonesimulator/firebase_messaging/firebase_messaging.framework/Headers" "/Users/gregoriomorelli/Documents/vibra/build/ios/Release-iphonesimulator/flutter_appauth/flutter_appauth.framework/Headers" "/Users/gregoriomorelli/Documents/vibra/build/ios/Release-iphonesimulator/flutter_secure_storage_darwin/flutter_secure_storage_darwin.framework/Headers" "/Users/gregoriomorelli/Documents/vibra/build/ios/Release-iphonesimulator/flutter_web_auth_2/flutter_web_auth_2.framework/Headers" "/Users/gregoriomorelli/Documents/vibra/build/ios/Release-iphonesimulator/geocoding_ios/geocoding_ios.framework/Headers" "/Users/gregoriomorelli/Documents/vibra/build/ios/Release-iphonesimulator/geolocator_apple/geolocator_apple.framework/Headers" "/Users/gregoriomorelli/Documents/vibra/build/ios/Release-iphonesimulator/image_picker_ios/image_picker_ios.framework/Headers" "/Users/gregoriomorelli/Documents/vibra/build/ios/Release-iphonesimulator/integration_test/integration_test.framework/Headers" "/Users/gregoriomorelli/Documents/vibra/build/ios/Release-iphonesimulator/nanopb/nanopb.framework/Headers" "/Users/gregoriomorelli/Documents/vibra/build/ios/Release-iphonesimulator/shared_preferences_foundation/shared_preferences_foundation.framework/Headers" "/Users/gregoriomorelli/Documents/vibra/build/ios/Release-iphonesimulator/sqflite_darwin/sqflite_darwin.framework/Headers" "/Users/gregoriomorelli/Documents/vibra/build/ios/Release-iphonesimulator/url_launcher_ios/url_launcher_ios.framework/Headers" "/Users/gregoriomorelli/Documents/vibra/ios/Pods/Headers/Public" "/Users/gregoriomorelli/Documents/vibra/ios/Pods/Headers/Public/Firebase"  /Users/gregoriomorelli/Documents/vibra/ios/Pods/Firebase/CoreOnly/Sources
               HOME = /Users/gregoriomorelli
               HOST_ARCH = arm64
               HOST_PLATFORM = macosx
               ICONV = /usr/bin/iconv
               IMPLICIT_DEPENDENCY_DOMAIN = default
               INDEX_STORE_COMPRESS = NO
               INDEX_STORE_ONLY_PROJECT_FILES = NO
               INFOPLIST_ENABLE_CFBUNDLEICONS_MERGE = YES
               INFOPLIST_EXPAND_BUILD_SETTINGS = YES
               INFOPLIST_FILE = Target Support Files/Pods-RunnerTests/Pods-RunnerTests-Info.plist
               INFOPLIST_OUTPUT_FORMAT = binary
               INFOPLIST_PATH = Pods_RunnerTests.framework/Info.plist
               INFOPLIST_PREPROCESS = NO
               INFOSTRINGS_PATH = Pods_RunnerTests.framework/en.lproj/InfoPlist.strings
               INLINE_PRIVATE_FRAMEWORKS = NO
               INSTALLAPI_IGNORE_SKIP_INSTALL = YES
               INSTALLHDRS_COPY_PHASE = NO
               INSTALLHDRS_SCRIPT_PHASE = NO
               INSTALL_DIR = /tmp/Pods.dst/Library/Frameworks
               INSTALL_GROUP = staff
               INSTALL_MODE_FLAG = u+w,go-w,a+rX
               INSTALL_OWNER = gregoriomorelli
               INSTALL_PATH = /Library/Frameworks
               INSTALL_ROOT = /tmp/Pods.dst
               IPHONEOS_DEPLOYMENT_TARGET = 13.0
               IS_UNOPTIMIZED_BUILD = NO
               JAVAC_DEFAULT_FLAGS = -J-Xms64m -J-XX:NewSize=4M -J-Dfile.encoding=UTF8
               JAVA_APP_STUB = /System/Library/Frameworks/JavaVM.framework/Resources/MacOS/JavaApplicationStub
               JAVA_ARCHIVE_CLASSES = YES
               JAVA_ARCHIVE_TYPE = JAR
               JAVA_COMPILER = /usr/bin/javac
               JAVA_FOLDER_PATH = Pods_RunnerTests.framework/Java
               JAVA_FRAMEWORK_RESOURCES_DIRS = Resources
               JAVA_JAR_FLAGS = cv
               JAVA_SOURCE_SUBDIR = .
               JAVA_USE_DEPENDENCIES = YES
               JAVA_ZIP_FLAGS = -urg
               JIKES_DEFAULT_FLAGS = +E +OLDCSO
               KEEP_PRIVATE_EXTERNS = NO
               LD_DEPENDENCY_INFO_FILE = /Users/gregoriomorelli/Documents/vibra/build/ios/Pods.build/Release-iphonesimulator/Pods-RunnerTests.build/Objects-normal/undefined_arch/Pods_RunnerTests_dependency_info.dat
               LD_DYLIB_INSTALL_NAME = @rpath/Pods_RunnerTests.framework/Pods_RunnerTests
               LD_EXPORT_SYMBOLS = YES
               LD_GENERATE_MAP_FILE = NO
               LD_MAP_FILE_PATH = /Users/gregoriomorelli/Documents/vibra/build/ios/Pods.build/Release-iphonesimulator/Pods-RunnerTests.build/Pods_RunnerTests-LinkMap-normal-undefined_arch.txt
               LD_NO_PIE = NO
               LD_QUOTE_LINKER_ARGUMENTS_FOR_COMPILER_DRIVER = YES
               LD_RUNPATH_SEARCH_PATHS =  /usr/lib/swift @executable_path/Frameworks @loader_path/Frameworks
               LD_SHARED_CACHE_ELIGIBLE = Automatic
               LD_WARN_DUPLICATE_LIBRARIES = NO
               LD_WARN_UNUSED_DYLIBS = NO
               LEGACY_DEVELOPER_DIR = /Applications/Xcode.app/Contents/PlugIns/Xcode3Core.ideplugin/Contents/SharedSupport/Developer
               LEX = lex
               LIBRARY_DEXT_INSTALL_PATH = /Library/DriverExtensions
               LIBRARY_FLAG_NOSPACE = YES
               LIBRARY_FLAG_PREFIX = -l
               LIBRARY_KEXT_INSTALL_PATH = /Library/Extensions
               LIBRARY_SEARCH_PATHS = /Users/gregoriomorelli/Documents/vibra/build/ios/Release-iphonesimulator  /Applications/Xcode.app/Contents/Developer/Toolchains/XcodeDefault.xctoolchain/usr/lib/swift/iphonesimulator/ /Applications/Xcode.app/Contents/Developer/Platforms/iPhoneSimulator.platform/Developer/SDKs/iPhoneSimulator26.5.sdk/usr/lib/swift
               LINKER_DISPLAYS_MANGLED_NAMES = NO
               LINK_FILE_LIST_normal_arm64 = /Users/gregoriomorelli/Documents/vibra/build/ios/Pods.build/Release-iphonesimulator/Pods-RunnerTests.build/Objects-normal/arm64/Pods_RunnerTests.LinkFileList
               LINK_FILE_LIST_normal_x86_64 = /Users/gregoriomorelli/Documents/vibra/build/ios/Pods.build/Release-iphonesimulator/Pods-RunnerTests.build/Objects-normal/x86_64/Pods_RunnerTests.LinkFileList
               LINK_OBJC_RUNTIME = YES
               LINK_WITH_STANDARD_LIBRARIES = YES
               LLVM_TARGET_TRIPLE_OS_VERSION = ios13.0
               LLVM_TARGET_TRIPLE_SUFFIX = -simulator
               LLVM_TARGET_TRIPLE_VENDOR = apple
               LM_AUX_CONST_METADATA_LIST_PATH_normal_arm64 = /Users/gregoriomorelli/Documents/vibra/build/ios/Pods.build/Release-iphonesimulator/Pods-RunnerTests.build/Objects-normal/arm64/Pods_RunnerTests.SwiftConstValuesFileList
               LM_AUX_CONST_METADATA_LIST_PATH_normal_x86_64 = /Users/gregoriomorelli/Documents/vibra/build/ios/Pods.build/Release-iphonesimulator/Pods-RunnerTests.build/Objects-normal/x86_64/Pods_RunnerTests.SwiftConstValuesFileList
               LOCALIZATION_EXPORT_SUPPORTED = YES
               LOCALIZATION_PREFERS_STRING_CATALOGS = NO
               LOCALIZED_RESOURCES_FOLDER_PATH = Pods_RunnerTests.framework/en.lproj
               LOCALIZED_STRING_CODE_COMMENTS = NO
               LOCALIZED_STRING_MACRO_NAMES = NSLocalizedString CFCopyLocalizedString
               LOCALIZED_STRING_SWIFTUI_SUPPORT = YES
               LOCAL_ADMIN_APPS_DIR = /Applications/Utilities
               LOCAL_APPS_DIR = /Applications
               LOCAL_DEVELOPER_DIR = /Library/Developer
               LOCAL_LIBRARY_DIR = /Library
               LOCROOT = /Users/gregoriomorelli/Documents/vibra/ios/Pods
               LOCSYMROOT = /Users/gregoriomorelli/Documents/vibra/ios/Pods
               MACH_O_TYPE = staticlib
               MACOSX_DEPLOYMENT_TARGET = 26.5
               MAC_OS_X_PRODUCT_BUILD_VERSION = 25F84
               MAC_OS_X_VERSION_ACTUAL = 260502
               MAC_OS_X_VERSION_MAJOR = 260000
               MAC_OS_X_VERSION_MINOR = 260500
               MAKE_MERGEABLE = NO
               MERGEABLE_LIBRARY = NO
               MERGED_BINARY_TYPE = none
               MERGE_LINKED_LIBRARIES = NO
               METAL_LIBRARY_FILE_BASE = default
               METAL_LIBRARY_OUTPUT_DIR = /Users/gregoriomorelli/Documents/vibra/build/ios/Release-iphonesimulator/Pods_RunnerTests.framework
               MODULEMAP_FILE = Target Support Files/Pods-RunnerTests/Pods-RunnerTests.modulemap
               MODULES_FOLDER_PATH = Pods_RunnerTests.framework/Modules
               MTL_ENABLE_DEBUG_INFO = NO
               MTL_FAST_MATH = YES
               NATIVE_ARCH = arm64
               NATIVE_ARCH_32_BIT = arm
               NATIVE_ARCH_64_BIT = arm64
               NATIVE_ARCH_ACTUAL = arm64
               NO_COMMON = YES
               OBJC_ABI_VERSION = 2
               OBJECT_FILE_DIR = /Users/gregoriomorelli/Documents/vibra/build/ios/Pods.build/Release-iphonesimulator/Pods-RunnerTests.build/Objects
               OBJECT_FILE_DIR_normal = /Users/gregoriomorelli/Documents/vibra/build/ios/Pods.build/Release-iphonesimulator/Pods-RunnerTests.build/Objects-normal
               OBJROOT = /Users/gregoriomorelli/Documents/vibra/build/ios
               ONLY_ACTIVE_ARCH = NO
               OS = MACOS
               OSAC = /usr/bin/osacompile
               OTHER_LDFLAGS =  -l"sqlite3" -l"z" -framework "AppAuth" -framework "CoreTelephony" -framework "FBLPromises" -framework "FirebaseCore" -framework "FirebaseCoreInternal" -framework "FirebaseInstallations" -framework "FirebaseMessaging" -framework "Foundation" -framework "GoogleDataTransport" -framework "GoogleUtilities" -framework "SafariServices" -framework "Security" -framework "SystemConfiguration" -framework "UIKit" -framework "app_links" -framework "connectivity_plus" -framework "flutter_appauth" -framework "flutter_secure_storage_darwin" -framework "flutter_web_auth_2" -framework "geocoding_ios" -framework "geolocator_apple" -framework "image_picker_ios" -framework "integration_test" -framework "nanopb" -framework "shared_preferences_foundation" -framework "sqflite_darwin" -framework "url_launcher_ios" -weak_framework "AuthenticationServices" -weak_framework "UserNotifications" -framework Flutter
               PACKAGE_TYPE = com.apple.package-type.wrapper.framework
               PASCAL_STRINGS = YES
               PATH = /Applications/Xcode.app/Contents/SharedFrameworks/SwiftBuild.framework/Versions/A/PlugIns/SWBBuildService.bundle/Contents/PlugIns/SWBUniversalPlatformPlugin.bundle/Contents/Frameworks/SWBUniversalPlatform.framework/Resources:/Applications/Xcode.app/Contents/Developer/Toolchains/XcodeDefault.xctoolchain/usr/bin:/Applications/Xcode.app/Contents/Developer/Toolchains/XcodeDefault.xctoolchain/usr/local/bin:/Applications/Xcode.app/Contents/Developer/Toolchains/XcodeDefault.xctoolchain/usr/libexec:/Applications/Xcode.app/Contents/Developer/Platforms/iPhoneSimulator.platform/usr/bin:/Applications/Xcode.app/Contents/Developer/Platforms/iPhoneSimulator.platform/usr/local/bin:/Applications/Xcode.app/Contents/Developer/Platforms/iPhoneSimulator.platform/Developer/usr/bin:/Applications/Xcode.app/Contents/Developer/Platforms/iPhoneSimulator.platform/Developer/usr/local/bin:/Applications/Xcode.app/Contents/Developer/usr/bin:/Applications/Xcode.app/Contents/Developer/usr/local/bin:/Users/gregoriomorelli/.gemini/antigravity/bin:/Users/gregoriomorelli/Library/Application Support/Antigravity/bin:/opt/homebrew/bin:/opt/homebrew/sbin:/Library/Developer/CommandLineTools/usr/bin:/Users/gregoriomorelli/development/flutter/bin:/Users/gregoriomorelli/Library/Android/sdk/platform-tools:/Users/gregoriomorelli/Library/Android/sdk/cmdline-tools/latest/bin:/Users/gregoriomorelli/Library/Android/sdk/emulator:/Users/gregoriomorelli/.antigravity-ide/antigravity-ide/bin:/Users/gregoriomorelli/.antigravity/antigravity/bin:/Applications/XAMPP/xamppfiles/bin:/Users/gregoriomorelli/develop/flutter/bin:/usr/local/bin:/System/Cryptexes/App/usr/bin:/usr/bin:/bin:/usr/sbin:/sbin:/var/run/com.apple.security.cryptexd/codex.system/bootstrap/usr/local/bin:/var/run/com.apple.security.cryptexd/codex.system/bootstrap/usr/bin:/var/run/com.apple.security.cryptexd/codex.system/bootstrap/usr/appleinternal/bin:/pkg/env/global/bin:/Users/gregoriomorelli/.spicetify
               PATH_PREFIXES_EXCLUDED_FROM_HEADER_DEPENDENCIES = /usr/include /usr/local/include /System/Library/Frameworks /System/Library/PrivateFrameworks /Applications/Xcode.app/Contents/Developer/Headers /Applications/Xcode.app/Contents/Developer/SDKs /Applications/Xcode.app/Contents/Developer/Platforms
               PBDEVELOPMENTPLIST_PATH = Pods_RunnerTests.framework/pbdevelopment.plist
               PER_ARCH_MODULE_FILE_DIR = /Users/gregoriomorelli/Documents/vibra/build/ios/Pods.build/Release-iphonesimulator/Pods-RunnerTests.build/Objects-normal/undefined_arch
               PER_ARCH_OBJECT_FILE_DIR = /Users/gregoriomorelli/Documents/vibra/build/ios/Pods.build/Release-iphonesimulator/Pods-RunnerTests.build/Objects-normal/undefined_arch
               PER_VARIANT_OBJECT_FILE_DIR = /Users/gregoriomorelli/Documents/vibra/build/ios/Pods.build/Release-iphonesimulator/Pods-RunnerTests.build/Objects-normal
               PKGINFO_FILE_PATH = /Users/gregoriomorelli/Documents/vibra/build/ios/Pods.build/Release-iphonesimulator/Pods-RunnerTests.build/PkgInfo
               PKGINFO_PATH = Pods_RunnerTests.framework/PkgInfo
               PLATFORM_DEVELOPER_APPLICATIONS_DIR = /Applications/Xcode.app/Contents/Developer/Platforms/iPhoneSimulator.platform/Developer/Applications
               PLATFORM_DEVELOPER_BIN_DIR = /Applications/Xcode.app/Contents/Developer/Platforms/iPhoneSimulator.platform/Developer/usr/bin
               PLATFORM_DEVELOPER_LIBRARY_DIR = /Applications/Xcode.app/Contents/Developer/Platforms/iPhoneSimulator.platform/Developer/Library
               PLATFORM_DEVELOPER_SDK_DIR = /Applications/Xcode.app/Contents/Developer/Platforms/iPhoneSimulator.platform/Developer/SDKs
               PLATFORM_DEVELOPER_TOOLS_DIR = /Applications/Xcode.app/Contents/Developer/Platforms/iPhoneSimulator.platform/Developer/Tools
               PLATFORM_DEVELOPER_USR_DIR = /Applications/Xcode.app/Contents/Developer/Platforms/iPhoneSimulator.platform/Developer/usr
               PLATFORM_DIR = /Applications/Xcode.app/Contents/Developer/Platforms/iPhoneSimulator.platform
               PLATFORM_DISPLAY_NAME = iOS Simulator
               PLATFORM_FAMILY_NAME = iOS
               PLATFORM_NAME = iphonesimulator
               PLATFORM_PREFERRED_ARCH = x86_64
               PLATFORM_PRODUCT_BUILD_VERSION = 23F73
               PLATFORM_REQUIRES_SWIFT_AUTOLINK_EXTRACT = NO
               PLATFORM_REQUIRES_SWIFT_MODULEWRAP = NO
               PLATFORM_USES_DSYMS = YES
               PLIST_FILE_OUTPUT_FORMAT = binary
               PLUGINS_FOLDER_PATH = Pods_RunnerTests.framework/PlugIns
               PODS_BUILD_DIR = /Users/gregoriomorelli/Documents/vibra/build/ios
               PODS_CONFIGURATION_BUILD_DIR = /Users/gregoriomorelli/Documents/vibra/build/ios/Release-iphonesimulator
               PODS_PODFILE_DIR_PATH = /Users/gregoriomorelli/Documents/vibra/ios/Pods/.
               PODS_ROOT = /Users/gregoriomorelli/Documents/vibra/ios/Pods
               PODS_XCFRAMEWORKS_BUILD_DIR = /Users/gregoriomorelli/Documents/vibra/build/ios/Release-iphonesimulator/XCFrameworkIntermediates
               PRECOMPS_INCLUDE_HEADERS_FROM_BUILT_PRODUCTS_DIR = YES
               PRECOMP_DESTINATION_DIR = /Users/gregoriomorelli/Documents/vibra/build/ios/Pods.build/Release-iphonesimulator/Pods-RunnerTests.build/PrefixHeaders
               PRIVATE_HEADERS_FOLDER_PATH = Pods_RunnerTests.framework/PrivateHeaders
               PROCESSED_INFOPLIST_PATH = /Users/gregoriomorelli/Documents/vibra/build/ios/Pods.build/Release-iphonesimulator/Pods-RunnerTests.build/Objects-normal/undefined_arch/Processed-Info.plist
               PRODUCT_BUNDLE_IDENTIFIER = org.cocoapods.Pods-RunnerTests
               PRODUCT_BUNDLE_PACKAGE_TYPE = FMWK
               PRODUCT_MODULE_NAME = Pods_RunnerTests
               PRODUCT_NAME = Pods_RunnerTests
               PRODUCT_SETTINGS_PATH = /Users/gregoriomorelli/Documents/vibra/ios/Pods/Target Support Files/Pods-RunnerTests/Pods-RunnerTests-Info.plist
               PRODUCT_TYPE = com.apple.product-type.framework
               PROFILING_CODE = NO
               PROJECT = Pods
               PROJECT_DERIVED_FILE_DIR = /Users/gregoriomorelli/Documents/vibra/build/ios/Pods.build/DerivedSources
               PROJECT_DIR = /Users/gregoriomorelli/Documents/vibra/ios/Pods
               PROJECT_FILE_PATH = /Users/gregoriomorelli/Documents/vibra/ios/Pods/Pods.xcodeproj
               PROJECT_GUID = bfdfe7dc352907fc980b868725387e98
               PROJECT_NAME = Pods
               PROJECT_TEMP_DIR = /Users/gregoriomorelli/Documents/vibra/build/ios/Pods.build
               PROJECT_TEMP_ROOT = /Users/gregoriomorelli/Documents/vibra/build/ios
               PUBLIC_HEADERS_FOLDER_PATH = Pods_RunnerTests.framework/Headers
               RECOMMENDED_IPHONEOS_DEPLOYMENT_TARGET = 15.0
               RECURSIVE_SEARCH_PATHS_FOLLOW_SYMLINKS = YES
               REMOVE_CVS_FROM_RESOURCES = YES
               REMOVE_GIT_FROM_RESOURCES = YES
               REMOVE_HEADERS_FROM_EMBEDDED_BUNDLES = YES
               REMOVE_HG_FROM_RESOURCES = YES
               REMOVE_STATIC_EXECUTABLES_FROM_EMBEDDED_BUNDLES = YES
               REMOVE_SVN_FROM_RESOURCES = YES
               RESCHEDULE_INDEPENDENT_HEADERS_PHASES = YES
               REZ_COLLECTOR_DIR = /Users/gregoriomorelli/Documents/vibra/build/ios/Pods.build/Release-iphonesimulator/Pods-RunnerTests.build/ResourceManagerResources
               REZ_OBJECTS_DIR = /Users/gregoriomorelli/Documents/vibra/build/ios/Pods.build/Release-iphonesimulator/Pods-RunnerTests.build/ResourceManagerResources/Objects
               REZ_SEARCH_PATHS = /Users/gregoriomorelli/Documents/vibra/build/ios/Release-iphonesimulator 
               RPATH_ORIGIN = @loader_path
               RUNTIME_EXCEPTION_ALLOW_DYLD_ENVIRONMENT_VARIABLES = NO
               RUNTIME_EXCEPTION_ALLOW_JIT = NO
               RUNTIME_EXCEPTION_ALLOW_UNSIGNED_EXECUTABLE_MEMORY = NO
               RUNTIME_EXCEPTION_DEBUGGING_TOOL = NO
               RUNTIME_EXCEPTION_DISABLE_EXECUTABLE_PAGE_PROTECTION = NO
               RUNTIME_EXCEPTION_DISABLE_LIBRARY_VALIDATION = NO
               SCANNING_PCM_KEEP_CACHE_DIRECTORY = YES
               SCAN_ALL_SOURCE_FILES_FOR_INCLUDES = NO
               SCRIPTS_FOLDER_PATH = Pods_RunnerTests.framework/Scripts
               SDKROOT = /Applications/Xcode.app/Contents/Developer/Platforms/iPhoneSimulator.platform/Developer/SDKs/iPhoneSimulator26.5.sdk
               SDK_DIR = /Applications/Xcode.app/Contents/Developer/Platforms/iPhoneSimulator.platform/Developer/SDKs/iPhoneSimulator26.5.sdk
               SDK_DIR_iphonesimulator = /Applications/Xcode.app/Contents/Developer/Platforms/iPhoneSimulator.platform/Developer/SDKs/iPhoneSimulator26.5.sdk
               SDK_DIR_iphonesimulator26_5 = /Applications/Xcode.app/Contents/Developer/Platforms/iPhoneSimulator.platform/Developer/SDKs/iPhoneSimulator26.5.sdk
               SDK_NAME = iphonesimulator26.5
               SDK_NAMES = iphonesimulator26.5
               SDK_PRODUCT_BUILD_VERSION = 23F73
               SDK_STAT_CACHE_DIR = /var/folders/pg/x6t89f2n7s7299rcw8hv33180000gn/C/com.apple.DeveloperTools/26.5-17F42/Xcode
               SDK_STAT_CACHE_ENABLE = YES
               SDK_STAT_CACHE_PATH = /var/folders/pg/x6t89f2n7s7299rcw8hv33180000gn/C/com.apple.DeveloperTools/26.5-17F42/Xcode/SDKStatCaches.noindex/iphonesimulator26.5-23F73-6cfe768891a92b912361537c460fe42b.sdkstatcache
               SDK_VERSION = 26.5
               SDK_VERSION_ACTUAL = 260500
               SDK_VERSION_MAJOR = 260000
               SDK_VERSION_MINOR = 260500
               SED = /usr/bin/sed
               SEPARATE_STRIP = NO
               SEPARATE_SYMBOL_EDIT = NO
               SET_DIR_MODE_OWNER_GROUP = YES
               SET_FILE_MODE_OWNER_GROUP = NO
               SHALLOW_BUNDLE = YES
               SHALLOW_BUNDLE_TRIPLE = ios-simulator
               SHALLOW_BUNDLE_ios_macabi = NO
               SHALLOW_BUNDLE_macos = NO
               SHARED_DERIVED_FILE_DIR = /Users/gregoriomorelli/Documents/vibra/build/ios/Release-iphonesimulator/DerivedSources
               SHARED_FRAMEWORKS_FOLDER_PATH = Pods_RunnerTests.framework/SharedFrameworks
               SHARED_PRECOMPS_DIR = /Users/gregoriomorelli/Documents/vibra/build/ios/SharedPrecompiledHeaders
               SHARED_SUPPORT_FOLDER_PATH = Pods_RunnerTests.framework
               SKIP_INSTALL = YES
               SKIP_MERGEABLE_LIBRARY_BUNDLE_HOOK = NO
               SOURCE_ROOT = /Users/gregoriomorelli/Documents/vibra/ios/Pods
               SRCROOT = /Users/gregoriomorelli/Documents/vibra/ios/Pods
               STRINGSDATA_DIR = /Users/gregoriomorelli/Documents/vibra/build/ios/Pods.build/Release-iphonesimulator/Pods-RunnerTests.build/Objects-normal/undefined_arch
               STRINGSDATA_ROOT = /Users/gregoriomorelli/Documents/vibra/build/ios/Pods.build/Release-iphonesimulator/Pods-RunnerTests.build
               STRINGS_FILE_INFOPLIST_RENAME = YES
               STRINGS_FILE_OUTPUT_ENCODING = binary
               STRING_CATALOG_GENERATE_SYMBOLS = NO
               STRIP_BITCODE_FROM_COPIED_FILES = NO
               STRIP_INSTALLED_PRODUCT = NO
               STRIP_STYLE = debugging
               STRIP_SWIFT_SYMBOLS = YES
               SUPPORTED_DEVICE_FAMILIES = 1,2
               SUPPORTED_PLATFORMS = iphoneos iphonesimulator
               SUPPORTS_TEXT_BASED_API = NO
               SUPPRESS_WARNINGS = NO
               SWIFT_COMPILATION_MODE = wholemodule
               SWIFT_EMIT_CONST_VALUE_PROTOCOLS = AnyResolverProviding AppEntity AppEnum AppExtension AppIntent AppIntentsPackage AppShortcutProviding AppShortcutsProvider AppUnionValue AppUnionValueCasesProviding DynamicOptionsProvider EntityQuery ExtensionPointDefining IntentValueQuery Resolver TransientEntity _AssistantIntentsProvider _GenerativeFunctionExtractable _IntentValueRepresentable
               SWIFT_EMIT_LOC_STRINGS = NO
               SWIFT_ENABLE_EXPLICIT_MODULES = YES
               SWIFT_INSTALL_MODULE_FOR_DEPLOYMENT = YES
               SWIFT_OPTIMIZATION_LEVEL = -O
               SWIFT_PLATFORM_TARGET_PREFIX = ios
               SWIFT_RESPONSE_FILE_PATH_normal_arm64 = /Users/gregoriomorelli/Documents/vibra/build/ios/Pods.build/Release-iphonesimulator/Pods-RunnerTests.build/Objects-normal/arm64/Pods_RunnerTests.SwiftFileList
               SWIFT_RESPONSE_FILE_PATH_normal_x86_64 = /Users/gregoriomorelli/Documents/vibra/build/ios/Pods.build/Release-iphonesimulator/Pods-RunnerTests.build/Objects-normal/x86_64/Pods_RunnerTests.SwiftFileList
               SWIFT_VERSION = 5.0
               SYMROOT = /Users/gregoriomorelli/Documents/vibra/ios/build
               SYSTEM_ADMIN_APPS_DIR = /Applications/Utilities
               SYSTEM_APPS_DIR = /Applications
               SYSTEM_CORE_SERVICES_DIR = /System/Library/CoreServices
               SYSTEM_DEMOS_DIR = /Applications/Extras
               SYSTEM_DEVELOPER_APPS_DIR = /Applications/Xcode.app/Contents/Developer/Applications
               SYSTEM_DEVELOPER_BIN_DIR = /Applications/Xcode.app/Contents/Developer/usr/bin
               SYSTEM_DEVELOPER_DEMOS_DIR = /Applications/Xcode.app/Contents/Developer/Applications/Utilities/Built Examples
               SYSTEM_DEVELOPER_DIR = /Applications/Xcode.app/Contents/Developer
               SYSTEM_DEVELOPER_DOC_DIR = /Applications/Xcode.app/Contents/Developer/ADC Reference Library
               SYSTEM_DEVELOPER_GRAPHICS_TOOLS_DIR = /Applications/Xcode.app/Contents/Developer/Applications/Graphics Tools
               SYSTEM_DEVELOPER_JAVA_TOOLS_DIR = /Applications/Xcode.app/Contents/Developer/Applications/Java Tools
               SYSTEM_DEVELOPER_PERFORMANCE_TOOLS_DIR = /Applications/Xcode.app/Contents/Developer/Applications/Performance Tools
               SYSTEM_DEVELOPER_RELEASENOTES_DIR = /Applications/Xcode.app/Contents/Developer/ADC Reference Library/releasenotes
               SYSTEM_DEVELOPER_TOOLS = /Applications/Xcode.app/Contents/Developer/Tools
               SYSTEM_DEVELOPER_TOOLS_DOC_DIR = /Applications/Xcode.app/Contents/Developer/ADC Reference Library/documentation/DeveloperTools
               SYSTEM_DEVELOPER_TOOLS_RELEASENOTES_DIR = /Applications/Xcode.app/Contents/Developer/ADC Reference Library/releasenotes/DeveloperTools
               SYSTEM_DEVELOPER_USR_DIR = /Applications/Xcode.app/Contents/Developer/usr
               SYSTEM_DEVELOPER_UTILITIES_DIR = /Applications/Xcode.app/Contents/Developer/Applications/Utilities
               SYSTEM_DEXT_INSTALL_PATH = /System/Library/DriverExtensions
               SYSTEM_DOCUMENTATION_DIR = /Library/Documentation
               SYSTEM_EXTENSIONS_FOLDER_PATH = Pods_RunnerTests.framework/SystemExtensions
               SYSTEM_EXTENSIONS_FOLDER_PATH_SHALLOW_BUNDLE_NO = Pods_RunnerTests.framework/Library/SystemExtensions
               SYSTEM_EXTENSIONS_FOLDER_PATH_SHALLOW_BUNDLE_YES = Pods_RunnerTests.framework/SystemExtensions
               SYSTEM_KEXT_INSTALL_PATH = /System/Library/Extensions
               SYSTEM_LIBRARY_DIR = /System/Library
               TAPI_DEMANGLE = YES
               TAPI_ENABLE_PROJECT_HEADERS = NO
               TAPI_LANGUAGE = objective-c
               TAPI_LANGUAGE_STANDARD = compiler-default
               TAPI_USE_SRCROOT = YES
               TAPI_VERIFY_MODE = Pedantic
               TARGETED_DEVICE_FAMILY = 1,2
               TARGETNAME = Pods-RunnerTests
               TARGET_BUILD_DIR = /Users/gregoriomorelli/Documents/vibra/build/ios/Release-iphonesimulator
               TARGET_NAME = Pods-RunnerTests
               TARGET_TEMP_DIR = /Users/gregoriomorelli/Documents/vibra/build/ios/Pods.build/Release-iphonesimulator/Pods-RunnerTests.build
               TEMP_DIR = /Users/gregoriomorelli/Documents/vibra/build/ios/Pods.build/Release-iphonesimulator/Pods-RunnerTests.build
               TEMP_FILES_DIR = /Users/gregoriomorelli/Documents/vibra/build/ios/Pods.build/Release-iphonesimulator/Pods-RunnerTests.build
               TEMP_FILE_DIR = /Users/gregoriomorelli/Documents/vibra/build/ios/Pods.build/Release-iphonesimulator/Pods-RunnerTests.build
               TEMP_ROOT = /Users/gregoriomorelli/Documents/vibra/build/ios
               TEMP_SANDBOX_DIR = /Users/gregoriomorelli/Documents/vibra/build/ios/TemporaryTaskSandboxes
               TEST_FRAMEWORK_SEARCH_PATHS =  /Applications/Xcode.app/Contents/Developer/Platforms/iPhoneSimulator.platform/Developer/Library/Frameworks /Applications/Xcode.app/Contents/Developer/Platforms/iPhoneSimulator.platform/Developer/SDKs/iPhoneSimulator26.5.sdk/Developer/Library/Frameworks
               TEST_LIBRARY_SEARCH_PATHS =  /Applications/Xcode.app/Contents/Developer/Platforms/iPhoneSimulator.platform/Developer/usr/lib
               TOOLCHAINS = com.apple.dt.toolchain.XcodeDefault
               TOOLCHAIN_DIR = /Applications/Xcode.app/Contents/Developer/Toolchains/XcodeDefault.xctoolchain
               TREAT_MISSING_BASELINES_AS_TEST_FAILURES = NO
               TREAT_MISSING_SCRIPT_PHASE_OUTPUTS_AS_ERRORS = NO
               TVOS_DEPLOYMENT_TARGET = 26.5
               UID = 501
               UNINSTALLED_PRODUCTS_DIR = /Users/gregoriomorelli/Documents/vibra/build/ios/UninstalledProducts
               UNLOCALIZED_RESOURCES_FOLDER_PATH = Pods_RunnerTests.framework
               UNLOCALIZED_RESOURCES_FOLDER_PATH_SHALLOW_BUNDLE_NO = Pods_RunnerTests.framework/Resources
               UNLOCALIZED_RESOURCES_FOLDER_PATH_SHALLOW_BUNDLE_YES = Pods_RunnerTests.framework
               UNSTRIPPED_PRODUCT = NO
               USER = gregoriomorelli
               USER_APPS_DIR = /Users/gregoriomorelli/Applications
               USER_LIBRARY_DIR = /Users/gregoriomorelli/Library
               USE_DYNAMIC_NO_PIC = YES
               USE_HEADERMAP = YES
               USE_HEADER_SYMLINKS = NO
               USE_RECURSIVE_SCRIPT_INPUTS_IN_SCRIPT_PHASES = YES
               VALIDATE_DEVELOPMENT_ASSET_PATHS = YES_ERROR
               VALIDATE_PRODUCT = YES
               VALID_ARCHS = arm64 x86_64
               VERBOSE_PBXCP = NO
               VERSIONING_SYSTEM = apple-generic
               VERSIONPLIST_PATH = Pods_RunnerTests.framework/version.plist
               VERSIONS_FOLDER_PATH = Pods_RunnerTests.framework
               VERSIONS_FOLDER_PATH_SHALLOW_BUNDLE_NO = Pods_RunnerTests.framework/Versions
               VERSIONS_FOLDER_PATH_SHALLOW_BUNDLE_YES = Pods_RunnerTests.framework
               VERSION_INFO_BUILDER = gregoriomorelli
               VERSION_INFO_FILE = Pods_RunnerTests_vers.c
               VERSION_INFO_STRING = "@(#)PROGRAM:Pods_RunnerTests  PROJECT:Pods-1"
               WATCHOS_DEPLOYMENT_TARGET = 26.5
               WORKSPACE_DIR = /Users/gregoriomorelli/Documents/vibra/ios/Pods/Pods.xcodeproj
               WRAPPER_EXTENSION = framework
               WRAPPER_NAME = Pods_RunnerTests.framework
               WRAPPER_SUFFIX = .framework
               WRAP_ASSET_PACKS_IN_SEPARATE_DIRECTORIES = NO
               XCODE_APP_SUPPORT_DIR = /Applications/Xcode.app/Contents/Developer/Library/Xcode
               XCODE_PRODUCT_BUILD_VERSION = 17F42
               XCODE_VERSION_ACTUAL = 2650
               XCODE_VERSION_MAJOR = 2600
               XCODE_VERSION_MINOR = 2650
               XPCSERVICES_FOLDER_PATH = Pods_RunnerTests.framework/XPCServices
               XROS_DEPLOYMENT_TARGET = 26.5
               YACC = yacc
               _DISCOVER_COMMAND_LINE_LINKER_INPUTS = YES
               _DISCOVER_COMMAND_LINE_LINKER_INPUTS_INCLUDE_WL = YES
               _LD_MULTIARCH = YES
               _WRAPPER_CONTENTS_DIR_SHALLOW_BUNDLE_NO = /Contents
               _WRAPPER_PARENT_PATH_SHALLOW_BUNDLE_NO = /..
               _WRAPPER_RESOURCES_DIR_SHALLOW_BUNDLE_NO = /Resources
               __DIAGNOSE_DEPRECATED_ARCHS = YES
               __ORIGINAL_SDK_DEFINED_LLVM_TARGET_TRIPLE_SYS = ios
               arch = undefined_arch
               variant = normal

           Build settings for action build and target PromisesObjC:
               ACTION = build
               AD_HOC_CODE_SIGNING_ALLOWED = YES
               ALLOW_BUILD_REQUEST_OVERRIDES = NO
               ALLOW_TARGET_PLATFORM_SPECIALIZATION = NO
               ALTERNATE_GROUP = staff
               ALTERNATE_MODE = u+w,go-w,a+rX
               ALTERNATE_OWNER = gregoriomorelli
               ALTERNATIVE_DISTRIBUTION_WEB = NO
               ALWAYS_EMBED_SWIFT_STANDARD_LIBRARIES = NO
               ALWAYS_SEARCH_USER_PATHS = NO
               ALWAYS_USE_SEPARATE_HEADERMAPS = NO
               APPLICATION_EXTENSION_API_ONLY = NO
               APPLY_RULES_IN_COPY_FILES = NO
               APPLY_RULES_IN_COPY_HEADERS = NO
               APP_SHORTCUTS_ENABLE_FLEXIBLE_MATCHING = YES
               ARCHS = arm64 x86_64
               ARCHS_BASE = arm64 x86_64
               ARCHS_STANDARD = arm64 x86_64
               ARCHS_STANDARD_32_64_BIT = arm64 x86_64
               ARCHS_STANDARD_64_BIT = arm64 x86_64
               ARCHS_STANDARD_INCLUDING_64_BIT = arm64 x86_64
               ARCHS_UNIVERSAL_IPHONE_OS = arm64 x86_64
               AUTOMATICALLY_MERGE_DEPENDENCIES = NO
               AUTOMATION_APPLE_EVENTS = NO
               AVAILABLE_PLATFORMS = android appletvos appletvsimulator driverkit freebsd iphoneos iphonesimulator linux macosx none openbsd qnx watchos watchsimulator webassembly xros xrsimulator
               BUILD_ACTIVE_RESOURCES_ONLY = NO
               BUILD_COMPONENTS = headers build
               BUILD_DIR = /Users/gregoriomorelli/Documents/vibra/build/ios
               BUILD_LIBRARY_FOR_DISTRIBUTION = NO
               BUILD_ONLY_KNOWN_LOCALIZATIONS = NO
               BUILD_ROOT = /Users/gregoriomorelli/Documents/vibra/ios/build
               BUILD_STYLE = 
               BUILD_VARIANTS = normal
               BUILT_PRODUCTS_DIR = /Users/gregoriomorelli/Documents/vibra/build/ios/Release-iphonesimulator/PromisesObjC
               BUNDLE_CONTENTS_FOLDER_PATH_deep = Contents/
               BUNDLE_EXECUTABLE_FOLDER_NAME_deep = MacOS
               BUNDLE_EXTENSIONS_FOLDER_PATH = Extensions
               BUNDLE_FORMAT = shallow
               BUNDLE_FRAMEWORKS_FOLDER_PATH = Frameworks
               BUNDLE_PLUGINS_FOLDER_PATH = PlugIns
               BUNDLE_PRIVATE_HEADERS_FOLDER_PATH = PrivateHeaders
               BUNDLE_PUBLIC_HEADERS_FOLDER_PATH = Headers
               CACHE_ROOT = /var/folders/pg/x6t89f2n7s7299rcw8hv33180000gn/C/com.apple.DeveloperTools/26.5-17F42/Xcode
               CCHROOT = /var/folders/pg/x6t89f2n7s7299rcw8hv33180000gn/C/com.apple.DeveloperTools/26.5-17F42/Xcode
               CHMOD = /bin/chmod
               CHOWN = chown
               CLANG_ANALYZER_LOCALIZABILITY_NONLOCALIZED = YES
               CLANG_ANALYZER_NONNULL = YES
               CLANG_ANALYZER_NUMBER_OBJECT_CONVERSION = YES_AGGRESSIVE
               CLANG_CACHE_FINE_GRAINED_OUTPUTS = YES
               CLANG_CXX_LANGUAGE_STANDARD = gnu++14
               CLANG_CXX_LIBRARY = libc++
               CLANG_ENABLE_EXPLICIT_MODULES = YES
               CLANG_ENABLE_MODULES = YES
               CLANG_ENABLE_OBJC_ARC = YES
               CLANG_ENABLE_OBJC_WEAK = YES
               CLANG_MODULES_BUILD_SESSION_FILE = /var/folders/pg/x6t89f2n7s7299rcw8hv33180000gn/C/org.llvm.clang/ModuleCache.noindex/Session.modulevalidation
               CLANG_WARN_BLOCK_CAPTURE_AUTORELEASING = YES
               CLANG_WARN_BOOL_CONVERSION = YES
               CLANG_WARN_COMMA = YES
               CLANG_WARN_CONSTANT_CONVERSION = YES
               CLANG_WARN_DEPRECATED_OBJC_IMPLEMENTATIONS = YES
               CLANG_WARN_DIRECT_OBJC_ISA_USAGE = YES_ERROR
               CLANG_WARN_DOCUMENTATION_COMMENTS = YES
               CLANG_WARN_EMPTY_BODY = YES
               CLANG_WARN_ENUM_CONVERSION = YES
               CLANG_WARN_INFINITE_RECURSION = YES
               CLANG_WARN_INT_CONVERSION = YES
               CLANG_WARN_NON_LITERAL_NULL_CONVERSION = YES
               CLANG_WARN_OBJC_IMPLICIT_RETAIN_SELF = YES
               CLANG_WARN_OBJC_LITERAL_CONVERSION = YES
               CLANG_WARN_OBJC_ROOT_CLASS = YES_ERROR
               CLANG_WARN_QUOTED_INCLUDE_IN_FRAMEWORK_HEADER = NO
               CLANG_WARN_RANGE_LOOP_ANALYSIS = YES
               CLANG_WARN_STRICT_PROTOTYPES = YES
               CLANG_WARN_SUSPICIOUS_MOVE = YES
               CLANG_WARN_UNGUARDED_AVAILABILITY = YES_AGGRESSIVE
               CLANG_WARN_UNREACHABLE_CODE = YES
               CLANG_WARN__DUPLICATE_METHOD_MATCH = YES
               CLASS_FILE_DIR = /Users/gregoriomorelli/Documents/vibra/build/ios/Pods.build/Release-iphonesimulator/PromisesObjC.build/JavaClasses
               CLEAN_PRECOMPS = YES
               CLONE_HEADERS = NO
               CODESIGNING_FOLDER_PATH = /Users/gregoriomorelli/Documents/vibra/build/ios/Release-iphonesimulator/PromisesObjC/FBLPromises.framework
               CODE_SIGNING_ALLOWED = YES
               CODE_SIGNING_REQUIRED = NO
               CODE_SIGNING_REQUIRES_TEAM = YES
               CODE_SIGN_CONTEXT_CLASS = XCiPhoneSimulatorCodeSignContext
               CODE_SIGN_IDENTITY = -
               CODE_SIGN_INJECT_BASE_ENTITLEMENTS = YES
               COLOR_DIAGNOSTICS = NO
               COMBINE_HIDPI_IMAGES = NO
               COMPILATION_CACHE_CAS_PATH = /var/folders/pg/x6t89f2n7s7299rcw8hv33180000gn/C/com.apple.DeveloperTools/26.5-17F42/Xcode/CompilationCache.noindex
               COMPILATION_CACHE_KEEP_CAS_DIRECTORY = YES
               COMPILER_INDEX_STORE_ENABLE = Default
               COMPOSITE_SDK_DIRS = /Users/gregoriomorelli/Documents/vibra/build/ios/CompositeSDKs
               COMPRESS_PNG_FILES = YES
               CONFIGURATION = Release
               CONFIGURATION_BUILD_DIR = /Users/gregoriomorelli/Documents/vibra/build/ios/Release-iphonesimulator/PromisesObjC
               CONFIGURATION_TEMP_DIR = /Users/gregoriomorelli/Documents/vibra/build/ios/Pods.build/Release-iphonesimulator
               CONTENTS_FOLDER_PATH = FBLPromises.framework
               CONTENTS_FOLDER_PATH_SHALLOW_BUNDLE_NO = FBLPromises.framework/A
               CONTENTS_FOLDER_PATH_SHALLOW_BUNDLE_YES = FBLPromises.framework
               COPYING_PRESERVES_HFS_DATA = NO
               COPY_HEADERS_RUN_UNIFDEF = NO
               COPY_PHASE_STRIP = NO
               CORRESPONDING_DEVICE_PLATFORM_DIR = /Applications/Xcode.app/Contents/Developer/Platforms/iPhoneOS.platform
               CORRESPONDING_DEVICE_PLATFORM_NAME = iphoneos
               CORRESPONDING_DEVICE_SDK_DIR = /Applications/Xcode.app/Contents/Developer/Platforms/iPhoneOS.platform/Developer/SDKs/iPhoneOS26.5.sdk
               CORRESPONDING_DEVICE_SDK_NAME = iphoneos26.5
               CP = /bin/cp
               CREATE_INFOPLIST_SECTION_IN_BINARY = NO
               CURRENT_ARCH = undefined_arch
               CURRENT_PROJECT_VERSION = 1
               CURRENT_VARIANT = normal
               CURRENT_VERSION = Current
               DEAD_CODE_STRIPPING = YES
               DEBUGGING_SYMBOLS = YES
               DEBUG_INFORMATION_FORMAT = dwarf-with-dsym
               DEBUG_INFORMATION_VERSION = compiler-default
               DEFAULT_COMPILER = com.apple.compilers.llvm.clang.1_0
               DEFAULT_DEXT_INSTALL_PATH = /System/Library/DriverExtensions
               DEFAULT_KEXT_INSTALL_PATH = /System/Library/Extensions
               DEFINES_MODULE = YES
               DEPLOYMENT_LOCATION = NO
               DEPLOYMENT_POSTPROCESSING = NO
               DEPLOYMENT_TARGET_SETTING_NAME = IPHONEOS_DEPLOYMENT_TARGET
               DEPLOYMENT_TARGET_SUGGESTED_VALUES = 12.0 12.1 12.2 12.3 12.4 13.0 13.1 13.2 13.3 13.4 13.5 13.6 14.0 14.1 14.2 14.3 14.4 14.5 14.6 14.7 15.0 15.1 15.2 15.3 15.4 15.5 15.6 16.0 16.1 16.2 16.3 16.4 16.5 16.6 17.0 17.1 17.2 17.3 17.4 17.5 17.6 18.0 18.1 18.2 18.3 18.4 18.5 18.6 26.0 26.2 26.3 26.4 26.5
               DERIVED_FILES_DIR = /Users/gregoriomorelli/Documents/vibra/build/ios/Pods.build/Release-iphonesimulator/PromisesObjC.build/DerivedSources
               DERIVED_FILE_DIR = /Users/gregoriomorelli/Documents/vibra/build/ios/Pods.build/Release-iphonesimulator/PromisesObjC.build/DerivedSources
               DERIVED_SOURCES_DIR = /Users/gregoriomorelli/Documents/vibra/build/ios/Pods.build/Release-iphonesimulator/PromisesObjC.build/DerivedSources
               DEVELOPER_APPLICATIONS_DIR = /Applications/Xcode.app/Contents/Developer/Applications
               DEVELOPER_BIN_DIR = /Applications/Xcode.app/Contents/Developer/usr/bin
               DEVELOPER_DIR = /Applications/Xcode.app/Contents/Developer
               DEVELOPER_FRAMEWORKS_DIR = /Applications/Xcode.app/Contents/Developer/Library/Frameworks
               DEVELOPER_FRAMEWORKS_DIR_QUOTED = /Applications/Xcode.app/Contents/Developer/Library/Frameworks
               DEVELOPER_LIBRARY_DIR = /Applications/Xcode.app/Contents/Developer/Library
               DEVELOPER_SDK_DIR = /Applications/Xcode.app/Contents/Developer/Platforms/MacOSX.platform/Developer/SDKs
               DEVELOPER_TOOLS_DIR = /Applications/Xcode.app/Contents/Developer/Tools
               DEVELOPER_USR_DIR = /Applications/Xcode.app/Contents/Developer/usr
               DEVELOPMENT_LANGUAGE = en
               DIAGNOSE_MISSING_TARGET_DEPENDENCIES = YES
               DIFF = /usr/bin/diff
               DOCUMENTATION_FOLDER_PATH = FBLPromises.framework/en.lproj/Documentation
               DONT_GENERATE_INFOPLIST_FILE = NO
               DRIVERKIT_DEPLOYMENT_TARGET = 25.5
               DSTROOT = /tmp/Pods.dst
               DT_TOOLCHAIN_DIR = /Applications/Xcode.app/Contents/Developer/Toolchains/XcodeDefault.xctoolchain
               DUMP_DEPENDENCIES = NO
               DUMP_DEPENDENCIES_OUTPUT_PATH = /Users/gregoriomorelli/Documents/vibra/build/ios/Pods.build/Release-iphonesimulator/PromisesObjC.build/PromisesObjC-BuildDependencyInfo.json
               DWARF_DSYM_FILE_NAME = FBLPromises.framework.dSYM
               DWARF_DSYM_FILE_SHOULD_ACCOMPANY_PRODUCT = NO
               DWARF_DSYM_FOLDER_PATH = /Users/gregoriomorelli/Documents/vibra/build/ios/Release-iphonesimulator/PromisesObjC
               DYLIB_COMPATIBILITY_VERSION = 1
               DYLIB_CURRENT_VERSION = 1
               DYLIB_INSTALL_NAME_BASE = @rpath
               DYNAMIC_LIBRARY_EXTENSION = dylib
               EAGER_COMPILATION_ALLOW_SCRIPTS = NO
               EAGER_LINKING = NO
               EFFECTIVE_PLATFORM_NAME = -iphonesimulator
               EFFECTIVE_SWIFT_VERSION = 5
               EMBEDDED_CONTENT_CONTAINS_SWIFT = NO
               EMBED_ASSET_PACKS_IN_PRODUCT_BUNDLE = NO
               ENABLE_APP_SANDBOX = NO
               ENABLE_CODE_COVERAGE = YES
               ENABLE_COHORT_ARCHS = NO
               ENABLE_CPLUSPLUS_BOUNDS_SAFE_BUFFERS = NO
               ENABLE_C_BOUNDS_SAFETY = NO
               ENABLE_DEFAULT_HEADER_SEARCH_PATHS = YES
               ENABLE_DEFAULT_SEARCH_PATHS = YES
               ENABLE_ENHANCED_SECURITY = NO
               ENABLE_HARDENED_RUNTIME = NO
               ENABLE_HEADER_DEPENDENCIES = YES
               ENABLE_INCOMING_NETWORK_CONNECTIONS = NO
               ENABLE_MODULE_VERIFIER = NO
               ENABLE_NS_ASSERTIONS = NO
               ENABLE_ON_DEMAND_RESOURCES = NO
               ENABLE_OUTGOING_NETWORK_CONNECTIONS = NO
               ENABLE_POINTER_AUTHENTICATION = NO
               ENABLE_RESOURCE_ACCESS_AUDIO_INPUT = NO
               ENABLE_RESOURCE_ACCESS_BLUETOOTH = NO
               ENABLE_RESOURCE_ACCESS_CALENDARS = NO
               ENABLE_RESOURCE_ACCESS_CAMERA = NO
               ENABLE_RESOURCE_ACCESS_CONTACTS = NO
               ENABLE_RESOURCE_ACCESS_LOCATION = NO
               ENABLE_RESOURCE_ACCESS_PHOTO_LIBRARY = NO
               ENABLE_RESOURCE_ACCESS_PRINTING = NO
               ENABLE_RESOURCE_ACCESS_USB = NO
               ENABLE_SDK_IMPORTS = NO
               ENABLE_SECURITY_COMPILER_WARNINGS = NO
               ENABLE_STRICT_OBJC_MSGSEND = YES
               ENABLE_TESTABILITY = NO
               ENABLE_TESTING_SEARCH_PATHS = NO
               ENABLE_USER_SCRIPT_SANDBOXING = NO
               ENFORCE_VALID_ARCHS = YES
               ENTITLEMENTS_DESTINATION = __entitlements
               ENTITLEMENTS_REQUIRED = NO
               EXCLUDED_INSTALLSRC_SUBDIRECTORY_PATTERNS = .DS_Store .svn .git .hg CVS
               EXCLUDED_RECURSIVE_SEARCH_PATH_SUBDIRECTORIES = *.nib *.lproj *.framework *.gch *.xcode* *.xcassets *.icon (*) .DS_Store CVS .svn .git .hg *.pbproj *.pbxproj
               EXECUTABLES_FOLDER_PATH = FBLPromises.framework/en.lproj
               EXECUTABLE_FOLDER_PATH = FBLPromises.framework
               EXECUTABLE_FOLDER_PATH_SHALLOW_BUNDLE_NO = FBLPromises.framework
               EXECUTABLE_FOLDER_PATH_SHALLOW_BUNDLE_YES = FBLPromises.framework
               EXECUTABLE_NAME = FBLPromises
               EXECUTABLE_PATH = FBLPromises.framework/FBLPromises
               EXTENSIONS_FOLDER_PATH = FBLPromises.framework/Extensions
               FILE_LIST = /Users/gregoriomorelli/Documents/vibra/build/ios/Pods.build/Release-iphonesimulator/PromisesObjC.build/Objects/LinkFileList
               FIXED_FILES_DIR = /Users/gregoriomorelli/Documents/vibra/build/ios/Pods.build/Release-iphonesimulator/PromisesObjC.build/FixedFiles
               FRAMEWORKS_FOLDER_PATH = FBLPromises.framework/Frameworks
               FRAMEWORK_FLAG_PREFIX = -framework
               FRAMEWORK_SEARCH_PATHS = /Users/gregoriomorelli/Documents/vibra/build/ios/Release-iphonesimulator/PromisesObjC 
               FRAMEWORK_VERSION = A
               FULL_PRODUCT_NAME = FBLPromises.framework
               FUSE_BUILD_PHASES = YES
               FUSE_BUILD_SCRIPT_PHASES = NO
               GCC3_VERSION = 3.3
               GCC_C_LANGUAGE_STANDARD = gnu11
               GCC_INLINES_ARE_PRIVATE_EXTERN = YES
               GCC_NO_COMMON_BLOCKS = YES
               GCC_OBJC_LEGACY_DISPATCH = YES
               GCC_PFE_FILE_C_DIALECTS = c objective-c c++ objective-c++
               GCC_PREPROCESSOR_DEFINITIONS = POD_CONFIGURATION_RELEASE=1  COCOAPODS=1
               GCC_TREAT_WARNINGS_AS_ERRORS = NO
               GCC_VERSION = com.apple.compilers.llvm.clang.1_0
               GCC_VERSION_IDENTIFIER = com_apple_compilers_llvm_clang_1_0
               GCC_WARN_64_TO_32_BIT_CONVERSION = YES
               GCC_WARN_ABOUT_RETURN_TYPE = YES_ERROR
               GCC_WARN_UNDECLARED_SELECTOR = YES
               GCC_WARN_UNINITIALIZED_AUTOS = YES_AGGRESSIVE
               GCC_WARN_UNUSED_FUNCTION = YES
               GCC_WARN_UNUSED_VARIABLE = YES
               GENERATED_MODULEMAP_DIR = /Users/gregoriomorelli/Documents/vibra/build/ios/GeneratedModuleMaps-iphonesimulator
               GENERATE_INFOPLIST_FILE = NO
               GENERATE_INTERMEDIATE_TEXT_BASED_STUBS = YES
               GENERATE_PKGINFO_FILE = NO
               GENERATE_PRELINK_OBJECT_FILE = NO
               GENERATE_PROFILING_CODE = NO
               GENERATE_TEXT_BASED_STUBS = NO
               GID = 20
               GROUP = staff
               HEADERMAP_INCLUDES_FLAT_ENTRIES_FOR_TARGET_BEING_BUILT = YES
               HEADERMAP_INCLUDES_FRAMEWORK_ENTRIES_FOR_ALL_PRODUCT_TYPES = YES
               HEADERMAP_INCLUDES_FRAMEWORK_ENTRIES_FOR_TARGETS_NOT_BEING_BUILT = YES
               HEADERMAP_INCLUDES_NONPUBLIC_NONPRIVATE_HEADERS = YES
               HEADERMAP_INCLUDES_PROJECT_HEADERS = YES
               HEADERMAP_USES_FRAMEWORK_PREFIX_ENTRIES = YES
               HEADERMAP_USES_VFS = YES
               HEADER_SEARCH_PATHS = /Users/gregoriomorelli/Documents/vibra/build/ios/Release-iphonesimulator/PromisesObjC/include 
               HOME = /Users/gregoriomorelli
               HOST_ARCH = arm64
               HOST_PLATFORM = macosx
               ICONV = /usr/bin/iconv
               IMPLICIT_DEPENDENCY_DOMAIN = default
               INDEX_STORE_COMPRESS = NO
               INDEX_STORE_ONLY_PROJECT_FILES = NO
               INFOPLIST_ENABLE_CFBUNDLEICONS_MERGE = YES
               INFOPLIST_EXPAND_BUILD_SETTINGS = YES
               INFOPLIST_FILE = Target Support Files/PromisesObjC/PromisesObjC-Info.plist
               INFOPLIST_OUTPUT_FORMAT = binary
               INFOPLIST_PATH = FBLPromises.framework/Info.plist
               INFOPLIST_PREPROCESS = NO
               INFOSTRINGS_PATH = FBLPromises.framework/en.lproj/InfoPlist.strings
               INLINE_PRIVATE_FRAMEWORKS = NO
               INSTALLAPI_IGNORE_SKIP_INSTALL = YES
               INSTALLHDRS_COPY_PHASE = NO
               INSTALLHDRS_SCRIPT_PHASE = NO
               INSTALL_DIR = /tmp/Pods.dst/Library/Frameworks
               INSTALL_GROUP = staff
               INSTALL_MODE_FLAG = u+w,go-w,a+rX
               INSTALL_OWNER = gregoriomorelli
               INSTALL_PATH = /Library/Frameworks
               INSTALL_ROOT = /tmp/Pods.dst
               IPHONEOS_DEPLOYMENT_TARGET = 9.0
               IS_UNOPTIMIZED_BUILD = NO
               JAVAC_DEFAULT_FLAGS = -J-Xms64m -J-XX:NewSize=4M -J-Dfile.encoding=UTF8
               JAVA_APP_STUB = /System/Library/Frameworks/JavaVM.framework/Resources/MacOS/JavaApplicationStub
               JAVA_ARCHIVE_CLASSES = YES
               JAVA_ARCHIVE_TYPE = JAR
               JAVA_COMPILER = /usr/bin/javac
               JAVA_FOLDER_PATH = FBLPromises.framework/Java
               JAVA_FRAMEWORK_RESOURCES_DIRS = Resources
               JAVA_JAR_FLAGS = cv
               JAVA_SOURCE_SUBDIR = .
               JAVA_USE_DEPENDENCIES = YES
               JAVA_ZIP_FLAGS = -urg
               JIKES_DEFAULT_FLAGS = +E +OLDCSO
               KEEP_PRIVATE_EXTERNS = NO
               LD_DEPENDENCY_INFO_FILE = /Users/gregoriomorelli/Documents/vibra/build/ios/Pods.build/Release-iphonesimulator/PromisesObjC.build/Objects-normal/undefined_arch/FBLPromises_dependency_info.dat
               LD_DYLIB_INSTALL_NAME = @rpath/FBLPromises.framework/FBLPromises
               LD_EXPORT_SYMBOLS = YES
               LD_GENERATE_MAP_FILE = NO
               LD_MAP_FILE_PATH = /Users/gregoriomorelli/Documents/vibra/build/ios/Pods.build/Release-iphonesimulator/PromisesObjC.build/FBLPromises-LinkMap-normal-undefined_arch.txt
               LD_NO_PIE = NO
               LD_QUOTE_LINKER_ARGUMENTS_FOR_COMPILER_DRIVER = YES
               LD_RUNPATH_SEARCH_PATHS =  @executable_path/Frameworks @loader_path/Frameworks
               LD_SHARED_CACHE_ELIGIBLE = Automatic
               LD_WARN_DUPLICATE_LIBRARIES = NO
               LD_WARN_UNUSED_DYLIBS = NO
               LEGACY_DEVELOPER_DIR = /Applications/Xcode.app/Contents/PlugIns/Xcode3Core.ideplugin/Contents/SharedSupport/Developer
               LEX = lex
               LIBRARY_DEXT_INSTALL_PATH = /Library/DriverExtensions
               LIBRARY_FLAG_NOSPACE = YES
               LIBRARY_FLAG_PREFIX = -l
               LIBRARY_KEXT_INSTALL_PATH = /Library/Extensions
               LIBRARY_SEARCH_PATHS = /Users/gregoriomorelli/Documents/vibra/build/ios/Release-iphonesimulator/PromisesObjC 
               LINKER_DISPLAYS_MANGLED_NAMES = NO
               LINK_FILE_LIST_normal_arm64 = /Users/gregoriomorelli/Documents/vibra/build/ios/Pods.build/Release-iphonesimulator/PromisesObjC.build/Objects-normal/arm64/FBLPromises.LinkFileList
               LINK_FILE_LIST_normal_x86_64 = /Users/gregoriomorelli/Documents/vibra/build/ios/Pods.build/Release-iphonesimulator/PromisesObjC.build/Objects-normal/x86_64/FBLPromises.LinkFileList
               LINK_OBJC_RUNTIME = YES
               LINK_WITH_STANDARD_LIBRARIES = YES
               LLVM_TARGET_TRIPLE_OS_VERSION = ios9.0
               LLVM_TARGET_TRIPLE_SUFFIX = -simulator
               LLVM_TARGET_TRIPLE_VENDOR = apple
               LM_AUX_CONST_METADATA_LIST_PATH_normal_arm64 = /Users/gregoriomorelli/Documents/vibra/build/ios/Pods.build/Release-iphonesimulator/PromisesObjC.build/Objects-normal/arm64/FBLPromises.SwiftConstValuesFileList
               LM_AUX_CONST_METADATA_LIST_PATH_normal_x86_64 = /Users/gregoriomorelli/Documents/vibra/build/ios/Pods.build/Release-iphonesimulator/PromisesObjC.build/Objects-normal/x86_64/FBLPromises.SwiftConstValuesFileList
               LOCALIZATION_EXPORT_SUPPORTED = YES
               LOCALIZATION_PREFERS_STRING_CATALOGS = NO
               LOCALIZED_RESOURCES_FOLDER_PATH = FBLPromises.framework/en.lproj
               LOCALIZED_STRING_CODE_COMMENTS = NO
               LOCALIZED_STRING_MACRO_NAMES = NSLocalizedString CFCopyLocalizedString
               LOCALIZED_STRING_SWIFTUI_SUPPORT = YES
               LOCAL_ADMIN_APPS_DIR = /Applications/Utilities
               LOCAL_APPS_DIR = /Applications
               LOCAL_DEVELOPER_DIR = /Library/Developer
               LOCAL_LIBRARY_DIR = /Library
               LOCROOT = /Users/gregoriomorelli/Documents/vibra/ios/Pods
               LOCSYMROOT = /Users/gregoriomorelli/Documents/vibra/ios/Pods
               MACH_O_TYPE = mh_dylib
               MACOSX_DEPLOYMENT_TARGET = 26.5
               MAC_OS_X_PRODUCT_BUILD_VERSION = 25F84
               MAC_OS_X_VERSION_ACTUAL = 260502
               MAC_OS_X_VERSION_MAJOR = 260000
               MAC_OS_X_VERSION_MINOR = 260500
               MAKE_MERGEABLE = NO
               MERGEABLE_LIBRARY = NO
               MERGED_BINARY_TYPE = none
               MERGE_LINKED_LIBRARIES = NO
               METAL_LIBRARY_FILE_BASE = default
               METAL_LIBRARY_OUTPUT_DIR = /Users/gregoriomorelli/Documents/vibra/build/ios/Release-iphonesimulator/PromisesObjC/FBLPromises.framework
               MODULEMAP_FILE = Target Support Files/PromisesObjC/PromisesObjC.modulemap
               MODULES_FOLDER_PATH = FBLPromises.framework/Modules
               MTL_ENABLE_DEBUG_INFO = NO
               MTL_FAST_MATH = YES
               NATIVE_ARCH = arm64
               NATIVE_ARCH_32_BIT = arm
               NATIVE_ARCH_64_BIT = arm64
               NATIVE_ARCH_ACTUAL = arm64
               NO_COMMON = YES
               OBJC_ABI_VERSION = 2
               OBJECT_FILE_DIR = /Users/gregoriomorelli/Documents/vibra/build/ios/Pods.build/Release-iphonesimulator/PromisesObjC.build/Objects
               OBJECT_FILE_DIR_normal = /Users/gregoriomorelli/Documents/vibra/build/ios/Pods.build/Release-iphonesimulator/PromisesObjC.build/Objects-normal
               OBJROOT = /Users/gregoriomorelli/Documents/vibra/build/ios
               ONLY_ACTIVE_ARCH = NO
               OS = MACOS
               OSAC = /usr/bin/osacompile
               PACKAGE_TYPE = com.apple.package-type.wrapper.framework
               PASCAL_STRINGS = YES
               PATH = /Applications/Xcode.app/Contents/SharedFrameworks/SwiftBuild.framework/Versions/A/PlugIns/SWBBuildService.bundle/Contents/PlugIns/SWBUniversalPlatformPlugin.bundle/Contents/Frameworks/SWBUniversalPlatform.framework/Resources:/Applications/Xcode.app/Contents/Developer/Toolchains/XcodeDefault.xctoolchain/usr/bin:/Applications/Xcode.app/Contents/Developer/Toolchains/XcodeDefault.xctoolchain/usr/local/bin:/Applications/Xcode.app/Contents/Developer/Toolchains/XcodeDefault.xctoolchain/usr/libexec:/Applications/Xcode.app/Contents/Developer/Platforms/iPhoneSimulator.platform/usr/bin:/Applications/Xcode.app/Contents/Developer/Platforms/iPhoneSimulator.platform/usr/local/bin:/Applications/Xcode.app/Contents/Developer/Platforms/iPhoneSimulator.platform/Developer/usr/bin:/Applications/Xcode.app/Contents/Developer/Platforms/iPhoneSimulator.platform/Developer/usr/local/bin:/Applications/Xcode.app/Contents/Developer/usr/bin:/Applications/Xcode.app/Contents/Developer/usr/local/bin:/Users/gregoriomorelli/.gemini/antigravity/bin:/Users/gregoriomorelli/Library/Application Support/Antigravity/bin:/opt/homebrew/bin:/opt/homebrew/sbin:/Library/Developer/CommandLineTools/usr/bin:/Users/gregoriomorelli/development/flutter/bin:/Users/gregoriomorelli/Library/Android/sdk/platform-tools:/Users/gregoriomorelli/Library/Android/sdk/cmdline-tools/latest/bin:/Users/gregoriomorelli/Library/Android/sdk/emulator:/Users/gregoriomorelli/.antigravity-ide/antigravity-ide/bin:/Users/gregoriomorelli/.antigravity/antigravity/bin:/Applications/XAMPP/xamppfiles/bin:/Users/gregoriomorelli/develop/flutter/bin:/usr/local/bin:/System/Cryptexes/App/usr/bin:/usr/bin:/bin:/usr/sbin:/sbin:/var/run/com.apple.security.cryptexd/codex.system/bootstrap/usr/local/bin:/var/run/com.apple.security.cryptexd/codex.system/bootstrap/usr/bin:/var/run/com.apple.security.cryptexd/codex.system/bootstrap/usr/appleinternal/bin:/pkg/env/global/bin:/Users/gregoriomorelli/.spicetify
               PATH_PREFIXES_EXCLUDED_FROM_HEADER_DEPENDENCIES = /usr/include /usr/local/include /System/Library/Frameworks /System/Library/PrivateFrameworks /Applications/Xcode.app/Contents/Developer/Headers /Applications/Xcode.app/Contents/Developer/SDKs /Applications/Xcode.app/Contents/Developer/Platforms
               PBDEVELOPMENTPLIST_PATH = FBLPromises.framework/pbdevelopment.plist
               PER_ARCH_MODULE_FILE_DIR = /Users/gregoriomorelli/Documents/vibra/build/ios/Pods.build/Release-iphonesimulator/PromisesObjC.build/Objects-normal/undefined_arch
               PER_ARCH_OBJECT_FILE_DIR = /Users/gregoriomorelli/Documents/vibra/build/ios/Pods.build/Release-iphonesimulator/PromisesObjC.build/Objects-normal/undefined_arch
               PER_VARIANT_OBJECT_FILE_DIR = /Users/gregoriomorelli/Documents/vibra/build/ios/Pods.build/Release-iphonesimulator/PromisesObjC.build/Objects-normal
               PKGINFO_FILE_PATH = /Users/gregoriomorelli/Documents/vibra/build/ios/Pods.build/Release-iphonesimulator/PromisesObjC.build/PkgInfo
               PKGINFO_PATH = FBLPromises.framework/PkgInfo
               PLATFORM_DEVELOPER_APPLICATIONS_DIR = /Applications/Xcode.app/Contents/Developer/Platforms/iPhoneSimulator.platform/Developer/Applications
               PLATFORM_DEVELOPER_BIN_DIR = /Applications/Xcode.app/Contents/Developer/Platforms/iPhoneSimulator.platform/Developer/usr/bin
               PLATFORM_DEVELOPER_LIBRARY_DIR = /Applications/Xcode.app/Contents/Developer/Platforms/iPhoneSimulator.platform/Developer/Library
               PLATFORM_DEVELOPER_SDK_DIR = /Applications/Xcode.app/Contents/Developer/Platforms/iPhoneSimulator.platform/Developer/SDKs
               PLATFORM_DEVELOPER_TOOLS_DIR = /Applications/Xcode.app/Contents/Developer/Platforms/iPhoneSimulator.platform/Developer/Tools
               PLATFORM_DEVELOPER_USR_DIR = /Applications/Xcode.app/Contents/Developer/Platforms/iPhoneSimulator.platform/Developer/usr
               PLATFORM_DIR = /Applications/Xcode.app/Contents/Developer/Platforms/iPhoneSimulator.platform
               PLATFORM_DISPLAY_NAME = iOS Simulator
               PLATFORM_FAMILY_NAME = iOS
               PLATFORM_NAME = iphonesimulator
               PLATFORM_PREFERRED_ARCH = x86_64
               PLATFORM_PRODUCT_BUILD_VERSION = 23F73
               PLATFORM_REQUIRES_SWIFT_AUTOLINK_EXTRACT = NO
               PLATFORM_REQUIRES_SWIFT_MODULEWRAP = NO
               PLATFORM_USES_DSYMS = YES
               PLIST_FILE_OUTPUT_FORMAT = binary
               PLUGINS_FOLDER_PATH = FBLPromises.framework/PlugIns
               PODS_BUILD_DIR = /Users/gregoriomorelli/Documents/vibra/build/ios
               PODS_CONFIGURATION_BUILD_DIR = /Users/gregoriomorelli/Documents/vibra/build/ios/Release-iphonesimulator
               PODS_DEVELOPMENT_LANGUAGE = en
               PODS_ROOT = /Users/gregoriomorelli/Documents/vibra/ios/Pods
               PODS_TARGET_SRCROOT = /Users/gregoriomorelli/Documents/vibra/ios/Pods/PromisesObjC
               PODS_XCFRAMEWORKS_BUILD_DIR = /Users/gregoriomorelli/Documents/vibra/build/ios/Release-iphonesimulator/XCFrameworkIntermediates
               PRECOMPS_INCLUDE_HEADERS_FROM_BUILT_PRODUCTS_DIR = YES
               PRECOMP_DESTINATION_DIR = /Users/gregoriomorelli/Documents/vibra/build/ios/Pods.build/Release-iphonesimulator/PromisesObjC.build/PrefixHeaders
               PRIVATE_HEADERS_FOLDER_PATH = FBLPromises.framework/PrivateHeaders
               PROCESSED_INFOPLIST_PATH = /Users/gregoriomorelli/Documents/vibra/build/ios/Pods.build/Release-iphonesimulator/PromisesObjC.build/Objects-normal/undefined_arch/Processed-Info.plist
               PRODUCT_BUNDLE_IDENTIFIER = org.cocoapods.FBLPromises
               PRODUCT_BUNDLE_PACKAGE_TYPE = FMWK
               PRODUCT_MODULE_NAME = FBLPromises
               PRODUCT_NAME = FBLPromises
               PRODUCT_SETTINGS_PATH = /Users/gregoriomorelli/Documents/vibra/ios/Pods/Target Support Files/PromisesObjC/PromisesObjC-Info.plist
               PRODUCT_TYPE = com.apple.product-type.framework
               PROFILING_CODE = NO
               PROJECT = Pods
               PROJECT_DERIVED_FILE_DIR = /Users/gregoriomorelli/Documents/vibra/build/ios/Pods.build/DerivedSources
               PROJECT_DIR = /Users/gregoriomorelli/Documents/vibra/ios/Pods
               PROJECT_FILE_PATH = /Users/gregoriomorelli/Documents/vibra/ios/Pods/Pods.xcodeproj
               PROJECT_GUID = bfdfe7dc352907fc980b868725387e98
               PROJECT_NAME = Pods
               PROJECT_TEMP_DIR = /Users/gregoriomorelli/Documents/vibra/build/ios/Pods.build
               PROJECT_TEMP_ROOT = /Users/gregoriomorelli/Documents/vibra/build/ios
               PUBLIC_HEADERS_FOLDER_PATH = FBLPromises.framework/Headers
               RECOMMENDED_IPHONEOS_DEPLOYMENT_TARGET = 15.0
               RECURSIVE_SEARCH_PATHS_FOLLOW_SYMLINKS = YES
               REMOVE_CVS_FROM_RESOURCES = YES
               REMOVE_GIT_FROM_RESOURCES = YES
               REMOVE_HEADERS_FROM_EMBEDDED_BUNDLES = YES
               REMOVE_HG_FROM_RESOURCES = YES
               REMOVE_STATIC_EXECUTABLES_FROM_EMBEDDED_BUNDLES = YES
               REMOVE_SVN_FROM_RESOURCES = YES
               RESCHEDULE_INDEPENDENT_HEADERS_PHASES = YES
               REZ_COLLECTOR_DIR = /Users/gregoriomorelli/Documents/vibra/build/ios/Pods.build/Release-iphonesimulator/PromisesObjC.build/ResourceManagerResources
               REZ_OBJECTS_DIR = /Users/gregoriomorelli/Documents/vibra/build/ios/Pods.build/Release-iphonesimulator/PromisesObjC.build/ResourceManagerResources/Objects
               REZ_SEARCH_PATHS = /Users/gregoriomorelli/Documents/vibra/build/ios/Release-iphonesimulator/PromisesObjC 
               RPATH_ORIGIN = @loader_path
               RUNTIME_EXCEPTION_ALLOW_DYLD_ENVIRONMENT_VARIABLES = NO
               RUNTIME_EXCEPTION_ALLOW_JIT = NO
               RUNTIME_EXCEPTION_ALLOW_UNSIGNED_EXECUTABLE_MEMORY = NO
               RUNTIME_EXCEPTION_DEBUGGING_TOOL = NO
               RUNTIME_EXCEPTION_DISABLE_EXECUTABLE_PAGE_PROTECTION = NO
               RUNTIME_EXCEPTION_DISABLE_LIBRARY_VALIDATION = NO
               SCANNING_PCM_KEEP_CACHE_DIRECTORY = YES
               SCAN_ALL_SOURCE_FILES_FOR_INCLUDES = NO
               SCRIPTS_FOLDER_PATH = FBLPromises.framework/Scripts
               SDKROOT = /Applications/Xcode.app/Contents/Developer/Platforms/iPhoneSimulator.platform/Developer/SDKs/iPhoneSimulator26.5.sdk
               SDK_DIR = /Applications/Xcode.app/Contents/Developer/Platforms/iPhoneSimulator.platform/Developer/SDKs/iPhoneSimulator26.5.sdk
               SDK_DIR_iphonesimulator = /Applications/Xcode.app/Contents/Developer/Platforms/iPhoneSimulator.platform/Developer/SDKs/iPhoneSimulator26.5.sdk
               SDK_DIR_iphonesimulator26_5 = /Applications/Xcode.app/Contents/Developer/Platforms/iPhoneSimulator.platform/Developer/SDKs/iPhoneSimulator26.5.sdk
               SDK_NAME = iphonesimulator26.5
               SDK_NAMES = iphonesimulator26.5
               SDK_PRODUCT_BUILD_VERSION = 23F73
               SDK_STAT_CACHE_DIR = /var/folders/pg/x6t89f2n7s7299rcw8hv33180000gn/C/com.apple.DeveloperTools/26.5-17F42/Xcode
               SDK_STAT_CACHE_ENABLE = YES
               SDK_STAT_CACHE_PATH = /var/folders/pg/x6t89f2n7s7299rcw8hv33180000gn/C/com.apple.DeveloperTools/26.5-17F42/Xcode/SDKStatCaches.noindex/iphonesimulator26.5-23F73-6cfe768891a92b912361537c460fe42b.sdkstatcache
               SDK_VERSION = 26.5
               SDK_VERSION_ACTUAL = 260500
               SDK_VERSION_MAJOR = 260000
               SDK_VERSION_MINOR = 260500
               SED = /usr/bin/sed
               SEPARATE_STRIP = NO
               SEPARATE_SYMBOL_EDIT = NO
               SET_DIR_MODE_OWNER_GROUP = YES
               SET_FILE_MODE_OWNER_GROUP = NO
               SHALLOW_BUNDLE = YES
               SHALLOW_BUNDLE_TRIPLE = ios-simulator
               SHALLOW_BUNDLE_ios_macabi = NO
               SHALLOW_BUNDLE_macos = NO
               SHARED_DERIVED_FILE_DIR = /Users/gregoriomorelli/Documents/vibra/build/ios/Release-iphonesimulator/PromisesObjC/DerivedSources
               SHARED_FRAMEWORKS_FOLDER_PATH = FBLPromises.framework/SharedFrameworks
               SHARED_PRECOMPS_DIR = /Users/gregoriomorelli/Documents/vibra/build/ios/SharedPrecompiledHeaders
               SHARED_SUPPORT_FOLDER_PATH = FBLPromises.framework
               SKIP_INSTALL = YES
               SKIP_MERGEABLE_LIBRARY_BUNDLE_HOOK = NO
               SOURCE_ROOT = /Users/gregoriomorelli/Documents/vibra/ios/Pods
               SRCROOT = /Users/gregoriomorelli/Documents/vibra/ios/Pods
               STRINGSDATA_DIR = /Users/gregoriomorelli/Documents/vibra/build/ios/Pods.build/Release-iphonesimulator/PromisesObjC.build/Objects-normal/undefined_arch
               STRINGSDATA_ROOT = /Users/gregoriomorelli/Documents/vibra/build/ios/Pods.build/Release-iphonesimulator/PromisesObjC.build
               STRINGS_FILE_INFOPLIST_RENAME = YES
               STRINGS_FILE_OUTPUT_ENCODING = binary
               STRING_CATALOG_GENERATE_SYMBOLS = NO
               STRIP_BITCODE_FROM_COPIED_FILES = NO
               STRIP_INSTALLED_PRODUCT = NO
               STRIP_STYLE = debugging
               STRIP_SWIFT_SYMBOLS = YES
               SUPPORTED_DEVICE_FAMILIES = 1,2
               SUPPORTED_PLATFORMS = iphoneos iphonesimulator
               SUPPORTS_TEXT_BASED_API = NO
               SUPPRESS_WARNINGS = NO
               SWIFT_ACTIVE_COMPILATION_CONDITIONS =  
               SWIFT_COMPILATION_MODE = wholemodule
               SWIFT_EMIT_CONST_VALUE_PROTOCOLS = AnyResolverProviding AppEntity AppEnum AppExtension AppIntent AppIntentsPackage AppShortcutProviding AppShortcutsProvider AppUnionValue AppUnionValueCasesProviding DynamicOptionsProvider EntityQuery ExtensionPointDefining IntentValueQuery Resolver TransientEntity _AssistantIntentsProvider _GenerativeFunctionExtractable _IntentValueRepresentable
               SWIFT_EMIT_LOC_STRINGS = NO
               SWIFT_ENABLE_EXPLICIT_MODULES = YES
               SWIFT_INSTALL_MODULE_FOR_DEPLOYMENT = YES
               SWIFT_INSTALL_OBJC_HEADER = YES
               SWIFT_OPTIMIZATION_LEVEL = -O
               SWIFT_PLATFORM_TARGET_PREFIX = ios
               SWIFT_RESPONSE_FILE_PATH_normal_arm64 = /Users/gregoriomorelli/Documents/vibra/build/ios/Pods.build/Release-iphonesimulator/PromisesObjC.build/Objects-normal/arm64/FBLPromises.SwiftFileList
               SWIFT_RESPONSE_FILE_PATH_normal_x86_64 = /Users/gregoriomorelli/Documents/vibra/build/ios/Pods.build/Release-iphonesimulator/PromisesObjC.build/Objects-normal/x86_64/FBLPromises.SwiftFileList
               SWIFT_VERSION = 5.0
               SYMROOT = /Users/gregoriomorelli/Documents/vibra/ios/build
               SYSTEM_ADMIN_APPS_DIR = /Applications/Utilities
               SYSTEM_APPS_DIR = /Applications
               SYSTEM_CORE_SERVICES_DIR = /System/Library/CoreServices
               SYSTEM_DEMOS_DIR = /Applications/Extras
               SYSTEM_DEVELOPER_APPS_DIR = /Applications/Xcode.app/Contents/Developer/Applications
               SYSTEM_DEVELOPER_BIN_DIR = /Applications/Xcode.app/Contents/Developer/usr/bin
               SYSTEM_DEVELOPER_DEMOS_DIR = /Applications/Xcode.app/Contents/Developer/Applications/Utilities/Built Examples
               SYSTEM_DEVELOPER_DIR = /Applications/Xcode.app/Contents/Developer
               SYSTEM_DEVELOPER_DOC_DIR = /Applications/Xcode.app/Contents/Developer/ADC Reference Library
               SYSTEM_DEVELOPER_GRAPHICS_TOOLS_DIR = /Applications/Xcode.app/Contents/Developer/Applications/Graphics Tools
               SYSTEM_DEVELOPER_JAVA_TOOLS_DIR = /Applications/Xcode.app/Contents/Developer/Applications/Java Tools
               SYSTEM_DEVELOPER_PERFORMANCE_TOOLS_DIR = /Applications/Xcode.app/Contents/Developer/Applications/Performance Tools
               SYSTEM_DEVELOPER_RELEASENOTES_DIR = /Applications/Xcode.app/Contents/Developer/ADC Reference Library/releasenotes
               SYSTEM_DEVELOPER_TOOLS = /Applications/Xcode.app/Contents/Developer/Tools
               SYSTEM_DEVELOPER_TOOLS_DOC_DIR = /Applications/Xcode.app/Contents/Developer/ADC Reference Library/documentation/DeveloperTools
               SYSTEM_DEVELOPER_TOOLS_RELEASENOTES_DIR = /Applications/Xcode.app/Contents/Developer/ADC Reference Library/releasenotes/DeveloperTools
               SYSTEM_DEVELOPER_USR_DIR = /Applications/Xcode.app/Contents/Developer/usr
               SYSTEM_DEVELOPER_UTILITIES_DIR = /Applications/Xcode.app/Contents/Developer/Applications/Utilities
               SYSTEM_DEXT_INSTALL_PATH = /System/Library/DriverExtensions
               SYSTEM_DOCUMENTATION_DIR = /Library/Documentation
               SYSTEM_EXTENSIONS_FOLDER_PATH = FBLPromises.framework/SystemExtensions
               SYSTEM_EXTENSIONS_FOLDER_PATH_SHALLOW_BUNDLE_NO = FBLPromises.framework/Library/SystemExtensions
               SYSTEM_EXTENSIONS_FOLDER_PATH_SHALLOW_BUNDLE_YES = FBLPromises.framework/SystemExtensions
               SYSTEM_KEXT_INSTALL_PATH = /System/Library/Extensions
               SYSTEM_LIBRARY_DIR = /System/Library
               TAPI_DEMANGLE = YES
               TAPI_ENABLE_PROJECT_HEADERS = NO
               TAPI_LANGUAGE = objective-c
               TAPI_LANGUAGE_STANDARD = compiler-default
               TAPI_USE_SRCROOT = YES
               TAPI_VERIFY_MODE = Pedantic
               TARGETED_DEVICE_FAMILY = 1,2
               TARGETNAME = PromisesObjC
               TARGET_BUILD_DIR = /Users/gregoriomorelli/Documents/vibra/build/ios/Release-iphonesimulator/PromisesObjC
               TARGET_NAME = PromisesObjC
               TARGET_TEMP_DIR = /Users/gregoriomorelli/Documents/vibra/build/ios/Pods.build/Release-iphonesimulator/PromisesObjC.build
               TEMP_DIR = /Users/gregoriomorelli/Documents/vibra/build/ios/Pods.build/Release-iphonesimulator/PromisesObjC.build
               TEMP_FILES_DIR = /Users/gregoriomorelli/Documents/vibra/build/ios/Pods.build/Release-iphonesimulator/PromisesObjC.build
               TEMP_FILE_DIR = /Users/gregoriomorelli/Documents/vibra/build/ios/Pods.build/Release-iphonesimulator/PromisesObjC.build
               TEMP_ROOT = /Users/gregoriomorelli/Documents/vibra/build/ios
               TEMP_SANDBOX_DIR = /Users/gregoriomorelli/Documents/vibra/build/ios/TemporaryTaskSandboxes
               TEST_FRAMEWORK_SEARCH_PATHS =  /Applications/Xcode.app/Contents/Developer/Platforms/iPhoneSimulator.platform/Developer/Library/Frameworks /Applications/Xcode.app/Contents/Developer/Platforms/iPhoneSimulator.platform/Developer/SDKs/iPhoneSimulator26.5.sdk/Developer/Library/Frameworks
               TEST_LIBRARY_SEARCH_PATHS =  /Applications/Xcode.app/Contents/Developer/Platforms/iPhoneSimulator.platform/Developer/usr/lib
               TOOLCHAINS = com.apple.dt.toolchain.XcodeDefault
               TOOLCHAIN_DIR = /Applications/Xcode.app/Contents/Developer/Toolchains/XcodeDefault.xctoolchain
               TREAT_MISSING_BASELINES_AS_TEST_FAILURES = NO
               TREAT_MISSING_SCRIPT_PHASE_OUTPUTS_AS_ERRORS = NO
               TVOS_DEPLOYMENT_TARGET = 26.5
               UID = 501
               UNINSTALLED_PRODUCTS_DIR = /Users/gregoriomorelli/Documents/vibra/build/ios/UninstalledProducts
               UNLOCALIZED_RESOURCES_FOLDER_PATH = FBLPromises.framework
               UNLOCALIZED_RESOURCES_FOLDER_PATH_SHALLOW_BUNDLE_NO = FBLPromises.framework/Resources
               UNLOCALIZED_RESOURCES_FOLDER_PATH_SHALLOW_BUNDLE_YES = FBLPromises.framework
               UNSTRIPPED_PRODUCT = NO
               USER = gregoriomorelli
               USER_APPS_DIR = /Users/gregoriomorelli/Applications
               USER_LIBRARY_DIR = /Users/gregoriomorelli/Library
               USE_DYNAMIC_NO_PIC = YES
               USE_HEADERMAP = YES
               USE_HEADER_SYMLINKS = NO
               USE_RECURSIVE_SCRIPT_INPUTS_IN_SCRIPT_PHASES = YES
               VALIDATE_DEVELOPMENT_ASSET_PATHS = YES_ERROR
               VALIDATE_PRODUCT = YES
               VALID_ARCHS = arm64 x86_64
               VERBOSE_PBXCP = NO
               VERSIONING_SYSTEM = apple-generic
               VERSIONPLIST_PATH = FBLPromises.framework/version.plist
               VERSIONS_FOLDER_PATH = FBLPromises.framework
               VERSIONS_FOLDER_PATH_SHALLOW_BUNDLE_NO = FBLPromises.framework/Versions
               VERSIONS_FOLDER_PATH_SHALLOW_BUNDLE_YES = FBLPromises.framework
               VERSION_INFO_BUILDER = gregoriomorelli
               VERSION_INFO_FILE = FBLPromises_vers.c
               VERSION_INFO_STRING = "@(#)PROGRAM:FBLPromises  PROJECT:Pods-1"
               WATCHOS_DEPLOYMENT_TARGET = 26.5
               WORKSPACE_DIR = /Users/gregoriomorelli/Documents/vibra/ios/Pods/Pods.xcodeproj
               WRAPPER_EXTENSION = framework
               WRAPPER_NAME = FBLPromises.framework
               WRAPPER_SUFFIX = .framework
               WRAP_ASSET_PACKS_IN_SEPARATE_DIRECTORIES = NO
               XCODE_APP_SUPPORT_DIR = /Applications/Xcode.app/Contents/Developer/Library/Xcode
               XCODE_PRODUCT_BUILD_VERSION = 17F42
               XCODE_VERSION_ACTUAL = 2650
               XCODE_VERSION_MAJOR = 2600
               XCODE_VERSION_MINOR = 2650
               XPCSERVICES_FOLDER_PATH = FBLPromises.framework/XPCServices
               XROS_DEPLOYMENT_TARGET = 26.5
               YACC = yacc
               _DISCOVER_COMMAND_LINE_LINKER_INPUTS = YES
               _DISCOVER_COMMAND_LINE_LINKER_INPUTS_INCLUDE_WL = YES
               _LD_MULTIARCH = YES
               _WRAPPER_CONTENTS_DIR_SHALLOW_BUNDLE_NO = /Contents
               _WRAPPER_PARENT_PATH_SHALLOW_BUNDLE_NO = /..
               _WRAPPER_RESOURCES_DIR_SHALLOW_BUNDLE_NO = /Resources
               __DIAGNOSE_DEPRECATED_ARCHS = YES
               __ORIGINAL_SDK_DEFINED_LLVM_TARGET_TRIPLE_SYS = ios
               arch = undefined_arch
               variant = normal

           Build settings for action build and target PromisesObjC-FBLPromises_Privacy:
               ACTION = build
               AD_HOC_CODE_SIGNING_ALLOWED = YES
               ALLOW_BUILD_REQUEST_OVERRIDES = NO
               ALLOW_TARGET_PLATFORM_SPECIALIZATION = NO
               ALTERNATE_GROUP = staff
               ALTERNATE_MODE = u+w,go-w,a+rX
               ALTERNATE_OWNER = gregoriomorelli
               ALTERNATIVE_DISTRIBUTION_WEB = NO
               ALWAYS_EMBED_SWIFT_STANDARD_LIBRARIES = NO
               ALWAYS_SEARCH_USER_PATHS = NO
               ALWAYS_USE_SEPARATE_HEADERMAPS = NO
               APPLICATION_EXTENSION_API_ONLY = NO
               APPLY_RULES_IN_COPY_FILES = NO
               APPLY_RULES_IN_COPY_HEADERS = NO
               APP_SHORTCUTS_ENABLE_FLEXIBLE_MATCHING = YES
               ARCHS = arm64 x86_64
               ARCHS_BASE = arm64 x86_64
               ARCHS_STANDARD = arm64 x86_64
               ARCHS_STANDARD_32_64_BIT = arm64 x86_64
               ARCHS_STANDARD_64_BIT = arm64 x86_64
               ARCHS_STANDARD_INCLUDING_64_BIT = arm64 x86_64
               ARCHS_UNIVERSAL_IPHONE_OS = arm64 x86_64
               AUTOMATICALLY_MERGE_DEPENDENCIES = NO
               AUTOMATION_APPLE_EVENTS = NO
               AVAILABLE_PLATFORMS = android appletvos appletvsimulator driverkit freebsd iphoneos iphonesimulator linux macosx none openbsd qnx watchos watchsimulator webassembly xros xrsimulator
               BUILD_ACTIVE_RESOURCES_ONLY = NO
               BUILD_COMPONENTS = headers build
               BUILD_DIR = /Users/gregoriomorelli/Documents/vibra/build/ios
               BUILD_LIBRARY_FOR_DISTRIBUTION = NO
               BUILD_ONLY_KNOWN_LOCALIZATIONS = NO
               BUILD_ROOT = /Users/gregoriomorelli/Documents/vibra/ios/build
               BUILD_STYLE = 
               BUILD_VARIANTS = normal
               BUILT_PRODUCTS_DIR = /Users/gregoriomorelli/Documents/vibra/build/ios/Release-iphonesimulator/PromisesObjC
               BUNDLE_CONTENTS_FOLDER_PATH_deep = Contents/
               BUNDLE_EXECUTABLE_FOLDER_NAME_deep = MacOS
               BUNDLE_EXTENSIONS_FOLDER_PATH = Extensions
               BUNDLE_FORMAT = shallow
               BUNDLE_FRAMEWORKS_FOLDER_PATH = Frameworks
               BUNDLE_PLUGINS_FOLDER_PATH = PlugIns
               BUNDLE_PRIVATE_HEADERS_FOLDER_PATH = PrivateHeaders
               BUNDLE_PUBLIC_HEADERS_FOLDER_PATH = Headers
               CACHE_ROOT = /var/folders/pg/x6t89f2n7s7299rcw8hv33180000gn/C/com.apple.DeveloperTools/26.5-17F42/Xcode
               CCHROOT = /var/folders/pg/x6t89f2n7s7299rcw8hv33180000gn/C/com.apple.DeveloperTools/26.5-17F42/Xcode
               CHMOD = /bin/chmod
               CHOWN = chown
               CLANG_ANALYZER_LOCALIZABILITY_NONLOCALIZED = YES
               CLANG_ANALYZER_NONNULL = YES
               CLANG_ANALYZER_NUMBER_OBJECT_CONVERSION = YES_AGGRESSIVE
               CLANG_CACHE_FINE_GRAINED_OUTPUTS = YES
               CLANG_CXX_LANGUAGE_STANDARD = gnu++14
               CLANG_CXX_LIBRARY = libc++
               CLANG_ENABLE_EXPLICIT_MODULES = YES
               CLANG_ENABLE_MODULES = YES
               CLANG_ENABLE_OBJC_ARC = YES
               CLANG_ENABLE_OBJC_WEAK = YES
               CLANG_MODULES_BUILD_SESSION_FILE = /var/folders/pg/x6t89f2n7s7299rcw8hv33180000gn/C/org.llvm.clang/ModuleCache.noindex/Session.modulevalidation
               CLANG_WARN_BLOCK_CAPTURE_AUTORELEASING = YES
               CLANG_WARN_BOOL_CONVERSION = YES
               CLANG_WARN_COMMA = YES
               CLANG_WARN_CONSTANT_CONVERSION = YES
               CLANG_WARN_DEPRECATED_OBJC_IMPLEMENTATIONS = YES
               CLANG_WARN_DIRECT_OBJC_ISA_USAGE = YES_ERROR
               CLANG_WARN_DOCUMENTATION_COMMENTS = YES
               CLANG_WARN_EMPTY_BODY = YES
               CLANG_WARN_ENUM_CONVERSION = YES
               CLANG_WARN_INFINITE_RECURSION = YES
               CLANG_WARN_INT_CONVERSION = YES
               CLANG_WARN_NON_LITERAL_NULL_CONVERSION = YES
               CLANG_WARN_OBJC_IMPLICIT_RETAIN_SELF = YES
               CLANG_WARN_OBJC_LITERAL_CONVERSION = YES
               CLANG_WARN_OBJC_ROOT_CLASS = YES_ERROR
               CLANG_WARN_QUOTED_INCLUDE_IN_FRAMEWORK_HEADER = NO
               CLANG_WARN_RANGE_LOOP_ANALYSIS = YES
               CLANG_WARN_STRICT_PROTOTYPES = YES
               CLANG_WARN_SUSPICIOUS_MOVE = YES
               CLANG_WARN_UNGUARDED_AVAILABILITY = YES_AGGRESSIVE
               CLANG_WARN_UNREACHABLE_CODE = YES
               CLANG_WARN__DUPLICATE_METHOD_MATCH = YES
               CLASS_FILE_DIR = /Users/gregoriomorelli/Documents/vibra/build/ios/Pods.build/Release-iphonesimulator/PromisesObjC-FBLPromises_Privacy.build/JavaClasses
               CLEAN_PRECOMPS = YES
               CLONE_HEADERS = NO
               CODESIGNING_FOLDER_PATH = /Users/gregoriomorelli/Documents/vibra/build/ios/Release-iphonesimulator/PromisesObjC/FBLPromises_Privacy.bundle
               CODE_SIGNING_ALLOWED = NO
               CODE_SIGNING_IDENTITY = -
               CODE_SIGNING_REQUIRED = NO
               CODE_SIGN_CONTEXT_CLASS = XCiPhoneSimulatorCodeSignContext
               CODE_SIGN_IDENTITY = -
               CODE_SIGN_INJECT_BASE_ENTITLEMENTS = YES
               COLOR_DIAGNOSTICS = NO
               COMBINE_HIDPI_IMAGES = NO
               COMPILATION_CACHE_CAS_PATH = /var/folders/pg/x6t89f2n7s7299rcw8hv33180000gn/C/com.apple.DeveloperTools/26.5-17F42/Xcode/CompilationCache.noindex
               COMPILATION_CACHE_KEEP_CAS_DIRECTORY = YES
               COMPILER_INDEX_STORE_ENABLE = Default
               COMPOSITE_SDK_DIRS = /Users/gregoriomorelli/Documents/vibra/build/ios/CompositeSDKs
               COMPRESS_PNG_FILES = YES
               CONFIGURATION = Release
               CONFIGURATION_BUILD_DIR = /Users/gregoriomorelli/Documents/vibra/build/ios/Release-iphonesimulator/PromisesObjC
               CONFIGURATION_TEMP_DIR = /Users/gregoriomorelli/Documents/vibra/build/ios/Pods.build/Release-iphonesimulator
               CONTENTS_FOLDER_PATH = FBLPromises_Privacy.bundle
               CONTENTS_FOLDER_PATH_SHALLOW_BUNDLE_NO = FBLPromises_Privacy.bundle/Contents
               CONTENTS_FOLDER_PATH_SHALLOW_BUNDLE_YES = FBLPromises_Privacy.bundle
               COPYING_PRESERVES_HFS_DATA = NO
               COPY_HEADERS_RUN_UNIFDEF = NO
               COPY_PHASE_STRIP = NO
               CORRESPONDING_DEVICE_PLATFORM_DIR = /Applications/Xcode.app/Contents/Developer/Platforms/iPhoneOS.platform
               CORRESPONDING_DEVICE_PLATFORM_NAME = iphoneos
               CORRESPONDING_DEVICE_SDK_DIR = /Applications/Xcode.app/Contents/Developer/Platforms/iPhoneOS.platform/Developer/SDKs/iPhoneOS26.5.sdk
               CORRESPONDING_DEVICE_SDK_NAME = iphoneos26.5
               CP = /bin/cp
               CREATE_INFOPLIST_SECTION_IN_BINARY = NO
               CURRENT_ARCH = undefined_arch
               CURRENT_VARIANT = normal
               DEAD_CODE_STRIPPING = YES
               DEBUGGING_SYMBOLS = YES
               DEBUG_INFORMATION_FORMAT = dwarf-with-dsym
               DEBUG_INFORMATION_VERSION = compiler-default
               DEFAULT_COMPILER = com.apple.compilers.llvm.clang.1_0
               DEFAULT_DEXT_INSTALL_PATH = /System/Library/DriverExtensions
               DEFAULT_KEXT_INSTALL_PATH = /System/Library/Extensions
               DEFINES_MODULE = YES
               DEPLOYMENT_LOCATION = NO
               DEPLOYMENT_POSTPROCESSING = NO
               DEPLOYMENT_TARGET_SETTING_NAME = IPHONEOS_DEPLOYMENT_TARGET
               DEPLOYMENT_TARGET_SUGGESTED_VALUES = 12.0 12.1 12.2 12.3 12.4 13.0 13.1 13.2 13.3 13.4 13.5 13.6 14.0 14.1 14.2 14.3 14.4 14.5 14.6 14.7 15.0 15.1 15.2 15.3 15.4 15.5 15.6 16.0 16.1 16.2 16.3 16.4 16.5 16.6 17.0 17.1 17.2 17.3 17.4 17.5 17.6 18.0 18.1 18.2 18.3 18.4 18.5 18.6 26.0 26.2 26.3 26.4 26.5
               DERIVED_FILES_DIR = /Users/gregoriomorelli/Documents/vibra/build/ios/Pods.build/Release-iphonesimulator/PromisesObjC-FBLPromises_Privacy.build/DerivedSources
               DERIVED_FILE_DIR = /Users/gregoriomorelli/Documents/vibra/build/ios/Pods.build/Release-iphonesimulator/PromisesObjC-FBLPromises_Privacy.build/DerivedSources
               DERIVED_SOURCES_DIR = /Users/gregoriomorelli/Documents/vibra/build/ios/Pods.build/Release-iphonesimulator/PromisesObjC-FBLPromises_Privacy.build/DerivedSources
               DEVELOPER_APPLICATIONS_DIR = /Applications/Xcode.app/Contents/Developer/Applications
               DEVELOPER_BIN_DIR = /Applications/Xcode.app/Contents/Developer/usr/bin
               DEVELOPER_DIR = /Applications/Xcode.app/Contents/Developer
               DEVELOPER_FRAMEWORKS_DIR = /Applications/Xcode.app/Contents/Developer/Library/Frameworks
               DEVELOPER_FRAMEWORKS_DIR_QUOTED = /Applications/Xcode.app/Contents/Developer/Library/Frameworks
               DEVELOPER_LIBRARY_DIR = /Applications/Xcode.app/Contents/Developer/Library
               DEVELOPER_SDK_DIR = /Applications/Xcode.app/Contents/Developer/Platforms/MacOSX.platform/Developer/SDKs
               DEVELOPER_TOOLS_DIR = /Applications/Xcode.app/Contents/Developer/Tools
               DEVELOPER_USR_DIR = /Applications/Xcode.app/Contents/Developer/usr
               DEVELOPMENT_LANGUAGE = en
               DIAGNOSE_MISSING_TARGET_DEPENDENCIES = YES
               DIFF = /usr/bin/diff
               DOCUMENTATION_FOLDER_PATH = FBLPromises_Privacy.bundle/en.lproj/Documentation
               DONT_GENERATE_INFOPLIST_FILE = NO
               DRIVERKIT_DEPLOYMENT_TARGET = 25.5
               DSTROOT = /tmp/Pods.dst
               DT_TOOLCHAIN_DIR = /Applications/Xcode.app/Contents/Developer/Toolchains/XcodeDefault.xctoolchain
               DUMP_DEPENDENCIES = NO
               DUMP_DEPENDENCIES_OUTPUT_PATH = /Users/gregoriomorelli/Documents/vibra/build/ios/Pods.build/Release-iphonesimulator/PromisesObjC-FBLPromises_Privacy.build/PromisesObjC-FBLPromises_Privacy-BuildDependencyInfo.json
               DWARF_DSYM_FILE_NAME = FBLPromises_Privacy.bundle.dSYM
               DWARF_DSYM_FILE_SHOULD_ACCOMPANY_PRODUCT = NO
               DWARF_DSYM_FOLDER_PATH = /Users/gregoriomorelli/Documents/vibra/build/ios/Release-iphonesimulator/PromisesObjC
               DYNAMIC_LIBRARY_EXTENSION = dylib
               EAGER_COMPILATION_ALLOW_SCRIPTS = NO
               EAGER_LINKING = NO
               EFFECTIVE_PLATFORM_NAME = -iphonesimulator
               EFFECTIVE_SWIFT_VERSION = 5
               EMBEDDED_CONTENT_CONTAINS_SWIFT = NO
               EMBED_ASSET_PACKS_IN_PRODUCT_BUNDLE = NO
               ENABLE_APP_SANDBOX = NO
               ENABLE_CODE_COVERAGE = YES
               ENABLE_COHORT_ARCHS = NO
               ENABLE_CPLUSPLUS_BOUNDS_SAFE_BUFFERS = NO
               ENABLE_C_BOUNDS_SAFETY = NO
               ENABLE_DEFAULT_HEADER_SEARCH_PATHS = YES
               ENABLE_DEFAULT_SEARCH_PATHS = YES
               ENABLE_ENHANCED_SECURITY = NO
               ENABLE_HARDENED_RUNTIME = NO
               ENABLE_HEADER_DEPENDENCIES = YES
               ENABLE_INCOMING_NETWORK_CONNECTIONS = NO
               ENABLE_NS_ASSERTIONS = NO
               ENABLE_ON_DEMAND_RESOURCES = NO
               ENABLE_OUTGOING_NETWORK_CONNECTIONS = NO
               ENABLE_POINTER_AUTHENTICATION = NO
               ENABLE_RESOURCE_ACCESS_AUDIO_INPUT = NO
               ENABLE_RESOURCE_ACCESS_BLUETOOTH = NO
               ENABLE_RESOURCE_ACCESS_CALENDARS = NO
               ENABLE_RESOURCE_ACCESS_CAMERA = NO
               ENABLE_RESOURCE_ACCESS_CONTACTS = NO
               ENABLE_RESOURCE_ACCESS_LOCATION = NO
               ENABLE_RESOURCE_ACCESS_PHOTO_LIBRARY = NO
               ENABLE_RESOURCE_ACCESS_PRINTING = NO
               ENABLE_RESOURCE_ACCESS_USB = NO
               ENABLE_SDK_IMPORTS = NO
               ENABLE_SECURITY_COMPILER_WARNINGS = NO
               ENABLE_STRICT_OBJC_MSGSEND = YES
               ENABLE_TESTABILITY = NO
               ENABLE_TESTING_SEARCH_PATHS = NO
               ENABLE_USER_SCRIPT_SANDBOXING = NO
               ENFORCE_VALID_ARCHS = YES
               ENTITLEMENTS_DESTINATION = __entitlements
               ENTITLEMENTS_REQUIRED = NO
               EXCLUDED_INSTALLSRC_SUBDIRECTORY_PATTERNS = .DS_Store .svn .git .hg CVS
               EXCLUDED_RECURSIVE_SEARCH_PATH_SUBDIRECTORIES = *.nib *.lproj *.framework *.gch *.xcode* *.xcassets *.icon (*) .DS_Store CVS .svn .git .hg *.pbproj *.pbxproj
               EXECUTABLES_FOLDER_PATH = FBLPromises_Privacy.bundle/Executables
               EXECUTABLE_FOLDER_PATH = FBLPromises_Privacy.bundle
               EXECUTABLE_FOLDER_PATH_SHALLOW_BUNDLE_NO = FBLPromises_Privacy.bundle/MacOS
               EXECUTABLE_FOLDER_PATH_SHALLOW_BUNDLE_YES = FBLPromises_Privacy.bundle
               EXECUTABLE_NAME = FBLPromises_Privacy
               EXECUTABLE_PATH = FBLPromises_Privacy.bundle/FBLPromises_Privacy
               EXPANDED_CODE_SIGN_IDENTITY = -
               EXTENSIONS_FOLDER_PATH = FBLPromises_Privacy.bundle/Extensions
               FILE_LIST = /Users/gregoriomorelli/Documents/vibra/build/ios/Pods.build/Release-iphonesimulator/PromisesObjC-FBLPromises_Privacy.build/Objects/LinkFileList
               FIXED_FILES_DIR = /Users/gregoriomorelli/Documents/vibra/build/ios/Pods.build/Release-iphonesimulator/PromisesObjC-FBLPromises_Privacy.build/FixedFiles
               FRAMEWORKS_FOLDER_PATH = FBLPromises_Privacy.bundle/Frameworks
               FRAMEWORK_FLAG_PREFIX = -framework
               FRAMEWORK_SEARCH_PATHS = /Users/gregoriomorelli/Documents/vibra/build/ios/Release-iphonesimulator/PromisesObjC 
               FRAMEWORK_VERSION = A
               FULL_PRODUCT_NAME = FBLPromises_Privacy.bundle
               FUSE_BUILD_PHASES = YES
               FUSE_BUILD_SCRIPT_PHASES = NO
               GCC3_VERSION = 3.3
               GCC_C_LANGUAGE_STANDARD = gnu11
               GCC_INLINES_ARE_PRIVATE_EXTERN = YES
               GCC_NO_COMMON_BLOCKS = YES
               GCC_OBJC_LEGACY_DISPATCH = YES
               GCC_PFE_FILE_C_DIALECTS = c objective-c c++ objective-c++
               GCC_PREPROCESSOR_DEFINITIONS = POD_CONFIGURATION_RELEASE=1  COCOAPODS=1
               GCC_TREAT_WARNINGS_AS_ERRORS = NO
               GCC_VERSION = com.apple.compilers.llvm.clang.1_0
               GCC_VERSION_IDENTIFIER = com_apple_compilers_llvm_clang_1_0
               GCC_WARN_64_TO_32_BIT_CONVERSION = YES
               GCC_WARN_ABOUT_RETURN_TYPE = YES_ERROR
               GCC_WARN_UNDECLARED_SELECTOR = YES
               GCC_WARN_UNINITIALIZED_AUTOS = YES_AGGRESSIVE
               GCC_WARN_UNUSED_FUNCTION = YES
               GCC_WARN_UNUSED_VARIABLE = YES
               GENERATED_MODULEMAP_DIR = /Users/gregoriomorelli/Documents/vibra/build/ios/GeneratedModuleMaps-iphonesimulator
               GENERATE_INFOPLIST_FILE = NO
               GENERATE_INTERMEDIATE_TEXT_BASED_STUBS = YES
               GENERATE_PKGINFO_FILE = NO
               GENERATE_PRELINK_OBJECT_FILE = NO
               GENERATE_PROFILING_CODE = NO
               GENERATE_TEXT_BASED_STUBS = NO
               GID = 20
               GROUP = staff
               HEADERMAP_INCLUDES_FLAT_ENTRIES_FOR_TARGET_BEING_BUILT = YES
               HEADERMAP_INCLUDES_FRAMEWORK_ENTRIES_FOR_ALL_PRODUCT_TYPES = YES
               HEADERMAP_INCLUDES_FRAMEWORK_ENTRIES_FOR_TARGETS_NOT_BEING_BUILT = YES
               HEADERMAP_INCLUDES_NONPUBLIC_NONPRIVATE_HEADERS = YES
               HEADERMAP_INCLUDES_PROJECT_HEADERS = YES
               HEADERMAP_USES_FRAMEWORK_PREFIX_ENTRIES = YES
               HEADERMAP_USES_VFS = YES
               HEADER_SEARCH_PATHS = /Users/gregoriomorelli/Documents/vibra/build/ios/Release-iphonesimulator/PromisesObjC/include 
               HOME = /Users/gregoriomorelli
               HOST_ARCH = arm64
               HOST_PLATFORM = macosx
               IBSC_MODULE = FBLPromises
               ICONV = /usr/bin/iconv
               IMPLICIT_DEPENDENCY_DOMAIN = default
               INDEX_STORE_COMPRESS = NO
               INDEX_STORE_ONLY_PROJECT_FILES = NO
               INFOPLIST_ENABLE_CFBUNDLEICONS_MERGE = YES
               INFOPLIST_EXPAND_BUILD_SETTINGS = YES
               INFOPLIST_FILE = Target Support Files/PromisesObjC/ResourceBundle-FBLPromises_Privacy-PromisesObjC-Info.plist
               INFOPLIST_OUTPUT_FORMAT = binary
               INFOPLIST_PATH = FBLPromises_Privacy.bundle/Info.plist
               INFOPLIST_PREPROCESS = NO
               INFOSTRINGS_PATH = FBLPromises_Privacy.bundle/en.lproj/InfoPlist.strings
               INLINE_PRIVATE_FRAMEWORKS = NO
               INSTALLAPI_IGNORE_SKIP_INSTALL = YES
               INSTALLHDRS_COPY_PHASE = NO
               INSTALLHDRS_SCRIPT_PHASE = NO
               INSTALL_DIR = /tmp/Pods.dst
               INSTALL_GROUP = staff
               INSTALL_MODE_FLAG = u+w,go-w,a+rX
               INSTALL_OWNER = gregoriomorelli
               INSTALL_ROOT = /tmp/Pods.dst
               IPHONEOS_DEPLOYMENT_TARGET = 9.0
               IS_UNOPTIMIZED_BUILD = NO
               JAVAC_DEFAULT_FLAGS = -J-Xms64m -J-XX:NewSize=4M -J-Dfile.encoding=UTF8
               JAVA_APP_STUB = /System/Library/Frameworks/JavaVM.framework/Resources/MacOS/JavaApplicationStub
               JAVA_ARCHIVE_CLASSES = YES
               JAVA_ARCHIVE_TYPE = JAR
               JAVA_COMPILER = /usr/bin/javac
               JAVA_FOLDER_PATH = FBLPromises_Privacy.bundle/Java
               JAVA_FRAMEWORK_RESOURCES_DIRS = Resources
               JAVA_JAR_FLAGS = cv
               JAVA_SOURCE_SUBDIR = .
               JAVA_USE_DEPENDENCIES = YES
               JAVA_ZIP_FLAGS = -urg
               JIKES_DEFAULT_FLAGS = +E +OLDCSO
               KEEP_PRIVATE_EXTERNS = NO
               LD_DEPENDENCY_INFO_FILE = /Users/gregoriomorelli/Documents/vibra/build/ios/Pods.build/Release-iphonesimulator/PromisesObjC-FBLPromises_Privacy.build/Objects-normal/undefined_arch/FBLPromises_Privacy_dependency_info.dat
               LD_EXPORT_SYMBOLS = YES
               LD_GENERATE_MAP_FILE = NO
               LD_MAP_FILE_PATH = /Users/gregoriomorelli/Documents/vibra/build/ios/Pods.build/Release-iphonesimulator/PromisesObjC-FBLPromises_Privacy.build/FBLPromises_Privacy-LinkMap-normal-undefined_arch.txt
               LD_NO_PIE = NO
               LD_QUOTE_LINKER_ARGUMENTS_FOR_COMPILER_DRIVER = YES
               LD_SHARED_CACHE_ELIGIBLE = Automatic
               LD_WARN_DUPLICATE_LIBRARIES = NO
               LD_WARN_UNUSED_DYLIBS = NO
               LEGACY_DEVELOPER_DIR = /Applications/Xcode.app/Contents/PlugIns/Xcode3Core.ideplugin/Contents/SharedSupport/Developer
               LEX = lex
               LIBRARY_DEXT_INSTALL_PATH = /Library/DriverExtensions
               LIBRARY_FLAG_NOSPACE = YES
               LIBRARY_FLAG_PREFIX = -l
               LIBRARY_KEXT_INSTALL_PATH = /Library/Extensions
               LIBRARY_SEARCH_PATHS = /Users/gregoriomorelli/Documents/vibra/build/ios/Release-iphonesimulator/PromisesObjC 
               LINKER_DISPLAYS_MANGLED_NAMES = NO
               LINK_FILE_LIST_normal_arm64 = /Users/gregoriomorelli/Documents/vibra/build/ios/Pods.build/Release-iphonesimulator/PromisesObjC-FBLPromises_Privacy.build/Objects-normal/arm64/FBLPromises_Privacy.LinkFileList
               LINK_FILE_LIST_normal_x86_64 = /Users/gregoriomorelli/Documents/vibra/build/ios/Pods.build/Release-iphonesimulator/PromisesObjC-FBLPromises_Privacy.build/Objects-normal/x86_64/FBLPromises_Privacy.LinkFileList
               LINK_OBJC_RUNTIME = YES
               LINK_WITH_STANDARD_LIBRARIES = YES
               LLVM_TARGET_TRIPLE_OS_VERSION = ios9.0
               LLVM_TARGET_TRIPLE_SUFFIX = -simulator
               LLVM_TARGET_TRIPLE_VENDOR = apple
               LM_AUX_CONST_METADATA_LIST_PATH_normal_arm64 = /Users/gregoriomorelli/Documents/vibra/build/ios/Pods.build/Release-iphonesimulator/PromisesObjC-FBLPromises_Privacy.build/Objects-normal/arm64/FBLPromises_Privacy.SwiftConstValuesFileList
               LM_AUX_CONST_METADATA_LIST_PATH_normal_x86_64 = /Users/gregoriomorelli/Documents/vibra/build/ios/Pods.build/Release-iphonesimulator/PromisesObjC-FBLPromises_Privacy.build/Objects-normal/x86_64/FBLPromises_Privacy.SwiftConstValuesFileList
               LOCALIZATION_EXPORT_SUPPORTED = YES
               LOCALIZATION_PREFERS_STRING_CATALOGS = NO
               LOCALIZED_RESOURCES_FOLDER_PATH = FBLPromises_Privacy.bundle/en.lproj
               LOCALIZED_STRING_CODE_COMMENTS = NO
               LOCALIZED_STRING_MACRO_NAMES = NSLocalizedString CFCopyLocalizedString
               LOCALIZED_STRING_SWIFTUI_SUPPORT = YES
               LOCAL_ADMIN_APPS_DIR = /Applications/Utilities
               LOCAL_APPS_DIR = /Applications
               LOCAL_DEVELOPER_DIR = /Library/Developer
               LOCAL_LIBRARY_DIR = /Library
               LOCROOT = /Users/gregoriomorelli/Documents/vibra/ios/Pods
               LOCSYMROOT = /Users/gregoriomorelli/Documents/vibra/ios/Pods
               MACH_O_TYPE = mh_bundle
               MACOSX_DEPLOYMENT_TARGET = 26.5
               MAC_OS_X_PRODUCT_BUILD_VERSION = 25F84
               MAC_OS_X_VERSION_ACTUAL = 260502
               MAC_OS_X_VERSION_MAJOR = 260000
               MAC_OS_X_VERSION_MINOR = 260500
               MAKE_MERGEABLE = NO
               MERGEABLE_LIBRARY = NO
               MERGED_BINARY_TYPE = none
               MERGE_LINKED_LIBRARIES = NO
               METAL_LIBRARY_FILE_BASE = default
               METAL_LIBRARY_OUTPUT_DIR = /Users/gregoriomorelli/Documents/vibra/build/ios/Release-iphonesimulator/PromisesObjC/FBLPromises_Privacy.bundle
               MODULES_FOLDER_PATH = FBLPromises_Privacy.bundle/Modules
               MTL_ENABLE_DEBUG_INFO = NO
               MTL_FAST_MATH = YES
               NATIVE_ARCH = arm64
               NATIVE_ARCH_32_BIT = arm
               NATIVE_ARCH_64_BIT = arm64
               NATIVE_ARCH_ACTUAL = arm64
               NO_COMMON = YES
               OBJC_ABI_VERSION = 2
               OBJECT_FILE_DIR = /Users/gregoriomorelli/Documents/vibra/build/ios/Pods.build/Release-iphonesimulator/PromisesObjC-FBLPromises_Privacy.build/Objects
               OBJECT_FILE_DIR_normal = /Users/gregoriomorelli/Documents/vibra/build/ios/Pods.build/Release-iphonesimulator/PromisesObjC-FBLPromises_Privacy.build/Objects-normal
               OBJROOT = /Users/gregoriomorelli/Documents/vibra/build/ios
               ONLY_ACTIVE_ARCH = NO
               OS = MACOS
               OSAC = /usr/bin/osacompile
               PACKAGE_TYPE = com.apple.package-type.wrapper
               PASCAL_STRINGS = YES
               PATH = /Applications/Xcode.app/Contents/SharedFrameworks/SwiftBuild.framework/Versions/A/PlugIns/SWBBuildService.bundle/Contents/PlugIns/SWBUniversalPlatformPlugin.bundle/Contents/Frameworks/SWBUniversalPlatform.framework/Resources:/Applications/Xcode.app/Contents/Developer/Toolchains/XcodeDefault.xctoolchain/usr/bin:/Applications/Xcode.app/Contents/Developer/Toolchains/XcodeDefault.xctoolchain/usr/local/bin:/Applications/Xcode.app/Contents/Developer/Toolchains/XcodeDefault.xctoolchain/usr/libexec:/Applications/Xcode.app/Contents/Developer/Platforms/iPhoneSimulator.platform/usr/bin:/Applications/Xcode.app/Contents/Developer/Platforms/iPhoneSimulator.platform/usr/local/bin:/Applications/Xcode.app/Contents/Developer/Platforms/iPhoneSimulator.platform/Developer/usr/bin:/Applications/Xcode.app/Contents/Developer/Platforms/iPhoneSimulator.platform/Developer/usr/local/bin:/Applications/Xcode.app/Contents/Developer/usr/bin:/Applications/Xcode.app/Contents/Developer/usr/local/bin:/Users/gregoriomorelli/.gemini/antigravity/bin:/Users/gregoriomorelli/Library/Application Support/Antigravity/bin:/opt/homebrew/bin:/opt/homebrew/sbin:/Library/Developer/CommandLineTools/usr/bin:/Users/gregoriomorelli/development/flutter/bin:/Users/gregoriomorelli/Library/Android/sdk/platform-tools:/Users/gregoriomorelli/Library/Android/sdk/cmdline-tools/latest/bin:/Users/gregoriomorelli/Library/Android/sdk/emulator:/Users/gregoriomorelli/.antigravity-ide/antigravity-ide/bin:/Users/gregoriomorelli/.antigravity/antigravity/bin:/Applications/XAMPP/xamppfiles/bin:/Users/gregoriomorelli/develop/flutter/bin:/usr/local/bin:/System/Cryptexes/App/usr/bin:/usr/bin:/bin:/usr/sbin:/sbin:/var/run/com.apple.security.cryptexd/codex.system/bootstrap/usr/local/bin:/var/run/com.apple.security.cryptexd/codex.system/bootstrap/usr/bin:/var/run/com.apple.security.cryptexd/codex.system/bootstrap/usr/appleinternal/bin:/pkg/env/global/bin:/Users/gregoriomorelli/.spicetify
               PATH_PREFIXES_EXCLUDED_FROM_HEADER_DEPENDENCIES = /usr/include /usr/local/include /System/Library/Frameworks /System/Library/PrivateFrameworks /Applications/Xcode.app/Contents/Developer/Headers /Applications/Xcode.app/Contents/Developer/SDKs /Applications/Xcode.app/Contents/Developer/Platforms
               PBDEVELOPMENTPLIST_PATH = FBLPromises_Privacy.bundle/pbdevelopment.plist
               PER_ARCH_MODULE_FILE_DIR = /Users/gregoriomorelli/Documents/vibra/build/ios/Pods.build/Release-iphonesimulator/PromisesObjC-FBLPromises_Privacy.build/Objects-normal/undefined_arch
               PER_ARCH_OBJECT_FILE_DIR = /Users/gregoriomorelli/Documents/vibra/build/ios/Pods.build/Release-iphonesimulator/PromisesObjC-FBLPromises_Privacy.build/Objects-normal/undefined_arch
               PER_VARIANT_OBJECT_FILE_DIR = /Users/gregoriomorelli/Documents/vibra/build/ios/Pods.build/Release-iphonesimulator/PromisesObjC-FBLPromises_Privacy.build/Objects-normal
               PKGINFO_FILE_PATH = /Users/gregoriomorelli/Documents/vibra/build/ios/Pods.build/Release-iphonesimulator/PromisesObjC-FBLPromises_Privacy.build/PkgInfo
               PKGINFO_PATH = FBLPromises_Privacy.bundle/PkgInfo
               PLATFORM_DEVELOPER_APPLICATIONS_DIR = /Applications/Xcode.app/Contents/Developer/Platforms/iPhoneSimulator.platform/Developer/Applications
               PLATFORM_DEVELOPER_BIN_DIR = /Applications/Xcode.app/Contents/Developer/Platforms/iPhoneSimulator.platform/Developer/usr/bin
               PLATFORM_DEVELOPER_LIBRARY_DIR = /Applications/Xcode.app/Contents/Developer/Platforms/iPhoneSimulator.platform/Developer/Library
               PLATFORM_DEVELOPER_SDK_DIR = /Applications/Xcode.app/Contents/Developer/Platforms/iPhoneSimulator.platform/Developer/SDKs
               PLATFORM_DEVELOPER_TOOLS_DIR = /Applications/Xcode.app/Contents/Developer/Platforms/iPhoneSimulator.platform/Developer/Tools
               PLATFORM_DEVELOPER_USR_DIR = /Applications/Xcode.app/Contents/Developer/Platforms/iPhoneSimulator.platform/Developer/usr
               PLATFORM_DIR = /Applications/Xcode.app/Contents/Developer/Platforms/iPhoneSimulator.platform
               PLATFORM_DISPLAY_NAME = iOS Simulator
               PLATFORM_FAMILY_NAME = iOS
               PLATFORM_NAME = iphonesimulator
               PLATFORM_PREFERRED_ARCH = x86_64
               PLATFORM_PRODUCT_BUILD_VERSION = 23F73
               PLATFORM_REQUIRES_SWIFT_AUTOLINK_EXTRACT = NO
               PLATFORM_REQUIRES_SWIFT_MODULEWRAP = NO
               PLATFORM_USES_DSYMS = YES
               PLIST_FILE_OUTPUT_FORMAT = binary
               PLUGINS_FOLDER_PATH = FBLPromises_Privacy.bundle/PlugIns
               PODS_BUILD_DIR = /Users/gregoriomorelli/Documents/vibra/build/ios
               PODS_CONFIGURATION_BUILD_DIR = /Users/gregoriomorelli/Documents/vibra/build/ios/Release-iphonesimulator
               PODS_DEVELOPMENT_LANGUAGE = en
               PODS_ROOT = /Users/gregoriomorelli/Documents/vibra/ios/Pods
               PODS_TARGET_SRCROOT = /Users/gregoriomorelli/Documents/vibra/ios/Pods/PromisesObjC
               PODS_XCFRAMEWORKS_BUILD_DIR = /Users/gregoriomorelli/Documents/vibra/build/ios/Release-iphonesimulator/XCFrameworkIntermediates
               PRECOMPS_INCLUDE_HEADERS_FROM_BUILT_PRODUCTS_DIR = YES
               PRECOMP_DESTINATION_DIR = /Users/gregoriomorelli/Documents/vibra/build/ios/Pods.build/Release-iphonesimulator/PromisesObjC-FBLPromises_Privacy.build/PrefixHeaders
               PRIVATE_HEADERS_FOLDER_PATH = FBLPromises_Privacy.bundle/PrivateHeaders
               PROCESSED_INFOPLIST_PATH = /Users/gregoriomorelli/Documents/vibra/build/ios/Pods.build/Release-iphonesimulator/PromisesObjC-FBLPromises_Privacy.build/Objects-normal/undefined_arch/Processed-Info.plist
               PRODUCT_BUNDLE_IDENTIFIER = org.cocoapods.FBLPromises-Privacy
               PRODUCT_BUNDLE_PACKAGE_TYPE = BNDL
               PRODUCT_MODULE_NAME = FBLPromises_Privacy
               PRODUCT_NAME = FBLPromises_Privacy
               PRODUCT_SETTINGS_PATH = /Users/gregoriomorelli/Documents/vibra/ios/Pods/Target Support Files/PromisesObjC/ResourceBundle-FBLPromises_Privacy-PromisesObjC-Info.plist
               PRODUCT_TYPE = com.apple.product-type.bundle
               PROFILING_CODE = NO
               PROJECT = Pods
               PROJECT_DERIVED_FILE_DIR = /Users/gregoriomorelli/Documents/vibra/build/ios/Pods.build/DerivedSources
               PROJECT_DIR = /Users/gregoriomorelli/Documents/vibra/ios/Pods
               PROJECT_FILE_PATH = /Users/gregoriomorelli/Documents/vibra/ios/Pods/Pods.xcodeproj
               PROJECT_GUID = bfdfe7dc352907fc980b868725387e98
               PROJECT_NAME = Pods
               PROJECT_TEMP_DIR = /Users/gregoriomorelli/Documents/vibra/build/ios/Pods.build
               PROJECT_TEMP_ROOT = /Users/gregoriomorelli/Documents/vibra/build/ios
               PUBLIC_HEADERS_FOLDER_PATH = FBLPromises_Privacy.bundle/Headers
               RECOMMENDED_IPHONEOS_DEPLOYMENT_TARGET = 15.0
               RECURSIVE_SEARCH_PATHS_FOLLOW_SYMLINKS = YES
               REMOVE_CVS_FROM_RESOURCES = YES
               REMOVE_GIT_FROM_RESOURCES = YES
               REMOVE_HEADERS_FROM_EMBEDDED_BUNDLES = YES
               REMOVE_HG_FROM_RESOURCES = YES
               REMOVE_STATIC_EXECUTABLES_FROM_EMBEDDED_BUNDLES = YES
               REMOVE_SVN_FROM_RESOURCES = YES
               RESCHEDULE_INDEPENDENT_HEADERS_PHASES = YES
               REZ_COLLECTOR_DIR = /Users/gregoriomorelli/Documents/vibra/build/ios/Pods.build/Release-iphonesimulator/PromisesObjC-FBLPromises_Privacy.build/ResourceManagerResources
               REZ_OBJECTS_DIR = /Users/gregoriomorelli/Documents/vibra/build/ios/Pods.build/Release-iphonesimulator/PromisesObjC-FBLPromises_Privacy.build/ResourceManagerResources/Objects
               REZ_SEARCH_PATHS = /Users/gregoriomorelli/Documents/vibra/build/ios/Release-iphonesimulator/PromisesObjC 
               RPATH_ORIGIN = @loader_path
               RUNTIME_EXCEPTION_ALLOW_DYLD_ENVIRONMENT_VARIABLES = NO
               RUNTIME_EXCEPTION_ALLOW_JIT = NO
               RUNTIME_EXCEPTION_ALLOW_UNSIGNED_EXECUTABLE_MEMORY = NO
               RUNTIME_EXCEPTION_DEBUGGING_TOOL = NO
               RUNTIME_EXCEPTION_DISABLE_EXECUTABLE_PAGE_PROTECTION = NO
               RUNTIME_EXCEPTION_DISABLE_LIBRARY_VALIDATION = NO
               SCANNING_PCM_KEEP_CACHE_DIRECTORY = YES
               SCAN_ALL_SOURCE_FILES_FOR_INCLUDES = NO
               SCRIPTS_FOLDER_PATH = FBLPromises_Privacy.bundle/Scripts
               SDKROOT = /Applications/Xcode.app/Contents/Developer/Platforms/iPhoneSimulator.platform/Developer/SDKs/iPhoneSimulator26.5.sdk
               SDK_DIR = /Applications/Xcode.app/Contents/Developer/Platforms/iPhoneSimulator.platform/Developer/SDKs/iPhoneSimulator26.5.sdk
               SDK_DIR_iphonesimulator = /Applications/Xcode.app/Contents/Developer/Platforms/iPhoneSimulator.platform/Developer/SDKs/iPhoneSimulator26.5.sdk
               SDK_DIR_iphonesimulator26_5 = /Applications/Xcode.app/Contents/Developer/Platforms/iPhoneSimulator.platform/Developer/SDKs/iPhoneSimulator26.5.sdk
               SDK_NAME = iphonesimulator26.5
               SDK_NAMES = iphonesimulator26.5
               SDK_PRODUCT_BUILD_VERSION = 23F73
               SDK_STAT_CACHE_DIR = /var/folders/pg/x6t89f2n7s7299rcw8hv33180000gn/C/com.apple.DeveloperTools/26.5-17F42/Xcode
               SDK_STAT_CACHE_ENABLE = YES
               SDK_STAT_CACHE_PATH = /var/folders/pg/x6t89f2n7s7299rcw8hv33180000gn/C/com.apple.DeveloperTools/26.5-17F42/Xcode/SDKStatCaches.noindex/iphonesimulator26.5-23F73-6cfe768891a92b912361537c460fe42b.sdkstatcache
               SDK_VERSION = 26.5
               SDK_VERSION_ACTUAL = 260500
               SDK_VERSION_MAJOR = 260000
               SDK_VERSION_MINOR = 260500
               SED = /usr/bin/sed
               SEPARATE_STRIP = NO
               SEPARATE_SYMBOL_EDIT = NO
               SET_DIR_MODE_OWNER_GROUP = YES
               SET_FILE_MODE_OWNER_GROUP = NO
               SHALLOW_BUNDLE = YES
               SHALLOW_BUNDLE_TRIPLE = ios-simulator
               SHALLOW_BUNDLE_ios_macabi = NO
               SHALLOW_BUNDLE_macos = NO
               SHARED_DERIVED_FILE_DIR = /Users/gregoriomorelli/Documents/vibra/build/ios/Release-iphonesimulator/PromisesObjC/DerivedSources
               SHARED_FRAMEWORKS_FOLDER_PATH = FBLPromises_Privacy.bundle/SharedFrameworks
               SHARED_PRECOMPS_DIR = /Users/gregoriomorelli/Documents/vibra/build/ios/SharedPrecompiledHeaders
               SHARED_SUPPORT_FOLDER_PATH = FBLPromises_Privacy.bundle/SharedSupport
               SKIP_INSTALL = YES
               SKIP_MERGEABLE_LIBRARY_BUNDLE_HOOK = NO
               SOURCE_ROOT = /Users/gregoriomorelli/Documents/vibra/ios/Pods
               SRCROOT = /Users/gregoriomorelli/Documents/vibra/ios/Pods
               STRINGSDATA_DIR = /Users/gregoriomorelli/Documents/vibra/build/ios/Pods.build/Release-iphonesimulator/PromisesObjC-FBLPromises_Privacy.build/Objects-normal/undefined_arch
               STRINGSDATA_ROOT = /Users/gregoriomorelli/Documents/vibra/build/ios/Pods.build/Release-iphonesimulator/PromisesObjC-FBLPromises_Privacy.build
               STRINGS_FILE_INFOPLIST_RENAME = YES
               STRINGS_FILE_OUTPUT_ENCODING = binary
               STRING_CATALOG_GENERATE_SYMBOLS = NO
               STRIP_BITCODE_FROM_COPIED_FILES = NO
               STRIP_INSTALLED_PRODUCT = NO
               STRIP_STYLE = non-global
               STRIP_SWIFT_SYMBOLS = YES
               SUPPORTED_DEVICE_FAMILIES = 1,2
               SUPPORTED_PLATFORMS = iphoneos iphonesimulator
               SUPPORTS_TEXT_BASED_API = NO
               SUPPRESS_WARNINGS = NO
               SWIFT_COMPILATION_MODE = wholemodule
               SWIFT_EMIT_CONST_VALUE_PROTOCOLS = AnyResolverProviding AppEntity AppEnum AppExtension AppIntent AppIntentsPackage AppShortcutProviding AppShortcutsProvider AppUnionValue AppUnionValueCasesProviding DynamicOptionsProvider EntityQuery ExtensionPointDefining IntentValueQuery Resolver TransientEntity _AssistantIntentsProvider _GenerativeFunctionExtractable _IntentValueRepresentable
               SWIFT_EMIT_LOC_STRINGS = NO
               SWIFT_ENABLE_EXPLICIT_MODULES = YES
               SWIFT_OPTIMIZATION_LEVEL = -O
               SWIFT_PLATFORM_TARGET_PREFIX = ios
               SWIFT_RESPONSE_FILE_PATH_normal_arm64 = /Users/gregoriomorelli/Documents/vibra/build/ios/Pods.build/Release-iphonesimulator/PromisesObjC-FBLPromises_Privacy.build/Objects-normal/arm64/FBLPromises_Privacy.SwiftFileList
               SWIFT_RESPONSE_FILE_PATH_normal_x86_64 = /Users/gregoriomorelli/Documents/vibra/build/ios/Pods.build/Release-iphonesimulator/PromisesObjC-FBLPromises_Privacy.build/Objects-normal/x86_64/FBLPromises_Privacy.SwiftFileList
               SWIFT_VERSION = 5.0
               SYMROOT = /Users/gregoriomorelli/Documents/vibra/ios/build
               SYSTEM_ADMIN_APPS_DIR = /Applications/Utilities
               SYSTEM_APPS_DIR = /Applications
               SYSTEM_CORE_SERVICES_DIR = /System/Library/CoreServices
               SYSTEM_DEMOS_DIR = /Applications/Extras
               SYSTEM_DEVELOPER_APPS_DIR = /Applications/Xcode.app/Contents/Developer/Applications
               SYSTEM_DEVELOPER_BIN_DIR = /Applications/Xcode.app/Contents/Developer/usr/bin
               SYSTEM_DEVELOPER_DEMOS_DIR = /Applications/Xcode.app/Contents/Developer/Applications/Utilities/Built Examples
               SYSTEM_DEVELOPER_DIR = /Applications/Xcode.app/Contents/Developer
               SYSTEM_DEVELOPER_DOC_DIR = /Applications/Xcode.app/Contents/Developer/ADC Reference Library
               SYSTEM_DEVELOPER_GRAPHICS_TOOLS_DIR = /Applications/Xcode.app/Contents/Developer/Applications/Graphics Tools
               SYSTEM_DEVELOPER_JAVA_TOOLS_DIR = /Applications/Xcode.app/Contents/Developer/Applications/Java Tools
               SYSTEM_DEVELOPER_PERFORMANCE_TOOLS_DIR = /Applications/Xcode.app/Contents/Developer/Applications/Performance Tools
               SYSTEM_DEVELOPER_RELEASENOTES_DIR = /Applications/Xcode.app/Contents/Developer/ADC Reference Library/releasenotes
               SYSTEM_DEVELOPER_TOOLS = /Applications/Xcode.app/Contents/Developer/Tools
               SYSTEM_DEVELOPER_TOOLS_DOC_DIR = /Applications/Xcode.app/Contents/Developer/ADC Reference Library/documentation/DeveloperTools
               SYSTEM_DEVELOPER_TOOLS_RELEASENOTES_DIR = /Applications/Xcode.app/Contents/Developer/ADC Reference Library/releasenotes/DeveloperTools
               SYSTEM_DEVELOPER_USR_DIR = /Applications/Xcode.app/Contents/Developer/usr
               SYSTEM_DEVELOPER_UTILITIES_DIR = /Applications/Xcode.app/Contents/Developer/Applications/Utilities
               SYSTEM_DEXT_INSTALL_PATH = /System/Library/DriverExtensions
               SYSTEM_DOCUMENTATION_DIR = /Library/Documentation
               SYSTEM_EXTENSIONS_FOLDER_PATH = FBLPromises_Privacy.bundle/SystemExtensions
               SYSTEM_EXTENSIONS_FOLDER_PATH_SHALLOW_BUNDLE_NO = FBLPromises_Privacy.bundle/Library/SystemExtensions
               SYSTEM_EXTENSIONS_FOLDER_PATH_SHALLOW_BUNDLE_YES = FBLPromises_Privacy.bundle/SystemExtensions
               SYSTEM_KEXT_INSTALL_PATH = /System/Library/Extensions
               SYSTEM_LIBRARY_DIR = /System/Library
               TAPI_DEMANGLE = YES
               TAPI_ENABLE_PROJECT_HEADERS = NO
               TAPI_LANGUAGE = objective-c
               TAPI_LANGUAGE_STANDARD = compiler-default
               TAPI_USE_SRCROOT = YES
               TAPI_VERIFY_MODE = Pedantic
               TARGETED_DEVICE_FAMILY = 1,2
               TARGETNAME = PromisesObjC-FBLPromises_Privacy
               TARGET_BUILD_DIR = /Users/gregoriomorelli/Documents/vibra/build/ios/Release-iphonesimulator/PromisesObjC
               TARGET_NAME = PromisesObjC-FBLPromises_Privacy
               TARGET_TEMP_DIR = /Users/gregoriomorelli/Documents/vibra/build/ios/Pods.build/Release-iphonesimulator/PromisesObjC-FBLPromises_Privacy.build
               TEMP_DIR = /Users/gregoriomorelli/Documents/vibra/build/ios/Pods.build/Release-iphonesimulator/PromisesObjC-FBLPromises_Privacy.build
               TEMP_FILES_DIR = /Users/gregoriomorelli/Documents/vibra/build/ios/Pods.build/Release-iphonesimulator/PromisesObjC-FBLPromises_Privacy.build
               TEMP_FILE_DIR = /Users/gregoriomorelli/Documents/vibra/build/ios/Pods.build/Release-iphonesimulator/PromisesObjC-FBLPromises_Privacy.build
               TEMP_ROOT = /Users/gregoriomorelli/Documents/vibra/build/ios
               TEMP_SANDBOX_DIR = /Users/gregoriomorelli/Documents/vibra/build/ios/TemporaryTaskSandboxes
               TEST_FRAMEWORK_SEARCH_PATHS =  /Applications/Xcode.app/Contents/Developer/Platforms/iPhoneSimulator.platform/Developer/Library/Frameworks /Applications/Xcode.app/Contents/Developer/Platforms/iPhoneSimulator.platform/Developer/SDKs/iPhoneSimulator26.5.sdk/Developer/Library/Frameworks
               TEST_LIBRARY_SEARCH_PATHS =  /Applications/Xcode.app/Contents/Developer/Platforms/iPhoneSimulator.platform/Developer/usr/lib
               TOOLCHAINS = com.apple.dt.toolchain.XcodeDefault
               TOOLCHAIN_DIR = /Applications/Xcode.app/Contents/Developer/Toolchains/XcodeDefault.xctoolchain
               TREAT_MISSING_BASELINES_AS_TEST_FAILURES = NO
               TREAT_MISSING_SCRIPT_PHASE_OUTPUTS_AS_ERRORS = NO
               TVOS_DEPLOYMENT_TARGET = 26.5
               UID = 501
               UNINSTALLED_PRODUCTS_DIR = /Users/gregoriomorelli/Documents/vibra/build/ios/UninstalledProducts
               UNLOCALIZED_RESOURCES_FOLDER_PATH = FBLPromises_Privacy.bundle
               UNLOCALIZED_RESOURCES_FOLDER_PATH_SHALLOW_BUNDLE_NO = FBLPromises_Privacy.bundle/Resources
               UNLOCALIZED_RESOURCES_FOLDER_PATH_SHALLOW_BUNDLE_YES = FBLPromises_Privacy.bundle
               UNSTRIPPED_PRODUCT = NO
               USER = gregoriomorelli
               USER_APPS_DIR = /Users/gregoriomorelli/Applications
               USER_LIBRARY_DIR = /Users/gregoriomorelli/Library
               USE_DYNAMIC_NO_PIC = YES
               USE_HEADERMAP = YES
               USE_HEADER_SYMLINKS = NO
               USE_RECURSIVE_SCRIPT_INPUTS_IN_SCRIPT_PHASES = YES
               VALIDATE_DEVELOPMENT_ASSET_PATHS = YES_ERROR
               VALIDATE_PRODUCT = NO
               VALID_ARCHS = arm64 x86_64
               VERBOSE_PBXCP = NO
               VERSIONPLIST_PATH = FBLPromises_Privacy.bundle/version.plist
               VERSION_INFO_BUILDER = gregoriomorelli
               VERSION_INFO_FILE = FBLPromises_Privacy_vers.c
               VERSION_INFO_STRING = "@(#)PROGRAM:FBLPromises_Privacy  PROJECT:Pods-"
               WATCHOS_DEPLOYMENT_TARGET = 26.5
               WORKSPACE_DIR = /Users/gregoriomorelli/Documents/vibra/ios/Pods/Pods.xcodeproj
               WRAPPER_EXTENSION = bundle
               WRAPPER_NAME = FBLPromises_Privacy.bundle
               WRAPPER_SUFFIX = .bundle
               WRAP_ASSET_PACKS_IN_SEPARATE_DIRECTORIES = NO
               XCODE_APP_SUPPORT_DIR = /Applications/Xcode.app/Contents/Developer/Library/Xcode
               XCODE_PRODUCT_BUILD_VERSION = 17F42
               XCODE_VERSION_ACTUAL = 2650
               XCODE_VERSION_MAJOR = 2600
               XCODE_VERSION_MINOR = 2650
               XPCSERVICES_FOLDER_PATH = FBLPromises_Privacy.bundle/XPCServices
               XROS_DEPLOYMENT_TARGET = 26.5
               YACC = yacc
               _DISCOVER_COMMAND_LINE_LINKER_INPUTS = YES
               _DISCOVER_COMMAND_LINE_LINKER_INPUTS_INCLUDE_WL = YES
               _LD_MULTIARCH = YES
               _WRAPPER_CONTENTS_DIR_SHALLOW_BUNDLE_NO = /Contents
               _WRAPPER_PARENT_PATH_SHALLOW_BUNDLE_NO = /..
               _WRAPPER_RESOURCES_DIR_SHALLOW_BUNDLE_NO = /Resources
               __DIAGNOSE_DEPRECATED_ARCHS = YES
               __ORIGINAL_SDK_DEFINED_LLVM_TARGET_TRIPLE_SYS = ios
               arch = undefined_arch
               variant = normal

           Build settings for action build and target shared_preferences_foundation:
               ACTION = build
               AD_HOC_CODE_SIGNING_ALLOWED = YES
               ALLOW_BUILD_REQUEST_OVERRIDES = NO
               ALLOW_TARGET_PLATFORM_SPECIALIZATION = NO
               ALTERNATE_GROUP = staff
               ALTERNATE_MODE = u+w,go-w,a+rX
               ALTERNATE_OWNER = gregoriomorelli
               ALTERNATIVE_DISTRIBUTION_WEB = NO
               ALWAYS_EMBED_SWIFT_STANDARD_LIBRARIES = NO
               ALWAYS_SEARCH_USER_PATHS = NO
               ALWAYS_USE_SEPARATE_HEADERMAPS = NO
               APPLICATION_EXTENSION_API_ONLY = NO
               APPLY_RULES_IN_COPY_FILES = NO
               APPLY_RULES_IN_COPY_HEADERS = NO
               APP_SHORTCUTS_ENABLE_FLEXIBLE_MATCHING = YES
               ARCHS = arm64 x86_64
               ARCHS_BASE = arm64 x86_64
               ARCHS_STANDARD = arm64 x86_64
               ARCHS_STANDARD_32_64_BIT = arm64 x86_64
               ARCHS_STANDARD_64_BIT = arm64 x86_64
               ARCHS_STANDARD_INCLUDING_64_BIT = arm64 x86_64
               ARCHS_UNIVERSAL_IPHONE_OS = arm64 x86_64
               AUTOMATICALLY_MERGE_DEPENDENCIES = NO
               AUTOMATION_APPLE_EVENTS = NO
               AVAILABLE_PLATFORMS = android appletvos appletvsimulator driverkit freebsd iphoneos iphonesimulator linux macosx none openbsd qnx watchos watchsimulator webassembly xros xrsimulator
               BUILD_ACTIVE_RESOURCES_ONLY = NO
               BUILD_COMPONENTS = headers build
               BUILD_DIR = /Users/gregoriomorelli/Documents/vibra/build/ios
               BUILD_LIBRARY_FOR_DISTRIBUTION = NO
               BUILD_ONLY_KNOWN_LOCALIZATIONS = NO
               BUILD_ROOT = /Users/gregoriomorelli/Documents/vibra/ios/build
               BUILD_STYLE = 
               BUILD_VARIANTS = normal
               BUILT_PRODUCTS_DIR = /Users/gregoriomorelli/Documents/vibra/build/ios/Release-iphonesimulator/shared_preferences_foundation
               BUNDLE_CONTENTS_FOLDER_PATH_deep = Contents/
               BUNDLE_EXECUTABLE_FOLDER_NAME_deep = MacOS
               BUNDLE_EXTENSIONS_FOLDER_PATH = Extensions
               BUNDLE_FORMAT = shallow
               BUNDLE_FRAMEWORKS_FOLDER_PATH = Frameworks
               BUNDLE_PLUGINS_FOLDER_PATH = PlugIns
               BUNDLE_PRIVATE_HEADERS_FOLDER_PATH = PrivateHeaders
               BUNDLE_PUBLIC_HEADERS_FOLDER_PATH = Headers
               CACHE_ROOT = /var/folders/pg/x6t89f2n7s7299rcw8hv33180000gn/C/com.apple.DeveloperTools/26.5-17F42/Xcode
               CCHROOT = /var/folders/pg/x6t89f2n7s7299rcw8hv33180000gn/C/com.apple.DeveloperTools/26.5-17F42/Xcode
               CHMOD = /bin/chmod
               CHOWN = chown
               CLANG_ANALYZER_LOCALIZABILITY_NONLOCALIZED = YES
               CLANG_ANALYZER_NONNULL = YES
               CLANG_ANALYZER_NUMBER_OBJECT_CONVERSION = YES_AGGRESSIVE
               CLANG_CACHE_FINE_GRAINED_OUTPUTS = YES
               CLANG_CXX_LANGUAGE_STANDARD = gnu++14
               CLANG_CXX_LIBRARY = libc++
               CLANG_ENABLE_EXPLICIT_MODULES = YES
               CLANG_ENABLE_MODULES = YES
               CLANG_ENABLE_OBJC_ARC = YES
               CLANG_ENABLE_OBJC_WEAK = NO
               CLANG_MODULES_BUILD_SESSION_FILE = /var/folders/pg/x6t89f2n7s7299rcw8hv33180000gn/C/org.llvm.clang/ModuleCache.noindex/Session.modulevalidation
               CLANG_WARN_BLOCK_CAPTURE_AUTORELEASING = YES
               CLANG_WARN_BOOL_CONVERSION = YES
               CLANG_WARN_COMMA = YES
               CLANG_WARN_CONSTANT_CONVERSION = YES
               CLANG_WARN_DEPRECATED_OBJC_IMPLEMENTATIONS = YES
               CLANG_WARN_DIRECT_OBJC_ISA_USAGE = YES_ERROR
               CLANG_WARN_DOCUMENTATION_COMMENTS = YES
               CLANG_WARN_EMPTY_BODY = YES
               CLANG_WARN_ENUM_CONVERSION = YES
               CLANG_WARN_INFINITE_RECURSION = YES
               CLANG_WARN_INT_CONVERSION = YES
               CLANG_WARN_NON_LITERAL_NULL_CONVERSION = YES
               CLANG_WARN_OBJC_IMPLICIT_RETAIN_SELF = YES
               CLANG_WARN_OBJC_LITERAL_CONVERSION = YES
               CLANG_WARN_OBJC_ROOT_CLASS = YES_ERROR
               CLANG_WARN_QUOTED_INCLUDE_IN_FRAMEWORK_HEADER = NO
               CLANG_WARN_RANGE_LOOP_ANALYSIS = YES
               CLANG_WARN_STRICT_PROTOTYPES = YES
               CLANG_WARN_SUSPICIOUS_MOVE = YES
               CLANG_WARN_UNGUARDED_AVAILABILITY = YES_AGGRESSIVE
               CLANG_WARN_UNREACHABLE_CODE = YES
               CLANG_WARN__DUPLICATE_METHOD_MATCH = YES
               CLASS_FILE_DIR = /Users/gregoriomorelli/Documents/vibra/build/ios/Pods.build/Release-iphonesimulator/shared_preferences_foundation.build/JavaClasses
               CLEAN_PRECOMPS = YES
               CLONE_HEADERS = NO
               CODESIGNING_FOLDER_PATH = /Users/gregoriomorelli/Documents/vibra/build/ios/Release-iphonesimulator/shared_preferences_foundation/shared_preferences_foundation.framework
               CODE_SIGNING_ALLOWED = YES
               CODE_SIGNING_REQUIRED = NO
               CODE_SIGNING_REQUIRES_TEAM = YES
               CODE_SIGN_CONTEXT_CLASS = XCiPhoneSimulatorCodeSignContext
               CODE_SIGN_IDENTITY = -
               CODE_SIGN_INJECT_BASE_ENTITLEMENTS = YES
               COLOR_DIAGNOSTICS = NO
               COMBINE_HIDPI_IMAGES = NO
               COMPILATION_CACHE_CAS_PATH = /var/folders/pg/x6t89f2n7s7299rcw8hv33180000gn/C/com.apple.DeveloperTools/26.5-17F42/Xcode/CompilationCache.noindex
               COMPILATION_CACHE_KEEP_CAS_DIRECTORY = YES
               COMPILER_INDEX_STORE_ENABLE = Default
               COMPOSITE_SDK_DIRS = /Users/gregoriomorelli/Documents/vibra/build/ios/CompositeSDKs
               COMPRESS_PNG_FILES = YES
               CONFIGURATION = Release
               CONFIGURATION_BUILD_DIR = /Users/gregoriomorelli/Documents/vibra/build/ios/Release-iphonesimulator/shared_preferences_foundation
               CONFIGURATION_TEMP_DIR = /Users/gregoriomorelli/Documents/vibra/build/ios/Pods.build/Release-iphonesimulator
               CONTENTS_FOLDER_PATH = shared_preferences_foundation.framework
               CONTENTS_FOLDER_PATH_SHALLOW_BUNDLE_NO = shared_preferences_foundation.framework/A
               CONTENTS_FOLDER_PATH_SHALLOW_BUNDLE_YES = shared_preferences_foundation.framework
               COPYING_PRESERVES_HFS_DATA = NO
               COPY_HEADERS_RUN_UNIFDEF = NO
               COPY_PHASE_STRIP = NO
               CORRESPONDING_DEVICE_PLATFORM_DIR = /Applications/Xcode.app/Contents/Developer/Platforms/iPhoneOS.platform
               CORRESPONDING_DEVICE_PLATFORM_NAME = iphoneos
               CORRESPONDING_DEVICE_SDK_DIR = /Applications/Xcode.app/Contents/Developer/Platforms/iPhoneOS.platform/Developer/SDKs/iPhoneOS26.5.sdk
               CORRESPONDING_DEVICE_SDK_NAME = iphoneos26.5
               CP = /bin/cp
               CREATE_INFOPLIST_SECTION_IN_BINARY = NO
               CURRENT_ARCH = undefined_arch
               CURRENT_PROJECT_VERSION = 1
               CURRENT_VARIANT = normal
               CURRENT_VERSION = Current
               DEAD_CODE_STRIPPING = YES
               DEBUGGING_SYMBOLS = YES
               DEBUG_INFORMATION_FORMAT = dwarf-with-dsym
               DEBUG_INFORMATION_VERSION = compiler-default
               DEFAULT_COMPILER = com.apple.compilers.llvm.clang.1_0
               DEFAULT_DEXT_INSTALL_PATH = /System/Library/DriverExtensions
               DEFAULT_KEXT_INSTALL_PATH = /System/Library/Extensions
               DEFINES_MODULE = YES
               DEPLOYMENT_LOCATION = NO
               DEPLOYMENT_POSTPROCESSING = NO
               DEPLOYMENT_TARGET_SETTING_NAME = IPHONEOS_DEPLOYMENT_TARGET
               DEPLOYMENT_TARGET_SUGGESTED_VALUES = 12.0 12.1 12.2 12.3 12.4 13.0 13.1 13.2 13.3 13.4 13.5 13.6 14.0 14.1 14.2 14.3 14.4 14.5 14.6 14.7 15.0 15.1 15.2 15.3 15.4 15.5 15.6 16.0 16.1 16.2 16.3 16.4 16.5 16.6 17.0 17.1 17.2 17.3 17.4 17.5 17.6 18.0 18.1 18.2 18.3 18.4 18.5 18.6 26.0 26.2 26.3 26.4 26.5
               DERIVED_FILES_DIR = /Users/gregoriomorelli/Documents/vibra/build/ios/Pods.build/Release-iphonesimulator/shared_preferences_foundation.build/DerivedSources
               DERIVED_FILE_DIR = /Users/gregoriomorelli/Documents/vibra/build/ios/Pods.build/Release-iphonesimulator/shared_preferences_foundation.build/DerivedSources
               DERIVED_SOURCES_DIR = /Users/gregoriomorelli/Documents/vibra/build/ios/Pods.build/Release-iphonesimulator/shared_preferences_foundation.build/DerivedSources
               DEVELOPER_APPLICATIONS_DIR = /Applications/Xcode.app/Contents/Developer/Applications
               DEVELOPER_BIN_DIR = /Applications/Xcode.app/Contents/Developer/usr/bin
               DEVELOPER_DIR = /Applications/Xcode.app/Contents/Developer
               DEVELOPER_FRAMEWORKS_DIR = /Applications/Xcode.app/Contents/Developer/Library/Frameworks
               DEVELOPER_FRAMEWORKS_DIR_QUOTED = /Applications/Xcode.app/Contents/Developer/Library/Frameworks
               DEVELOPER_LIBRARY_DIR = /Applications/Xcode.app/Contents/Developer/Library
               DEVELOPER_SDK_DIR = /Applications/Xcode.app/Contents/Developer/Platforms/MacOSX.platform/Developer/SDKs
               DEVELOPER_TOOLS_DIR = /Applications/Xcode.app/Contents/Developer/Tools
               DEVELOPER_USR_DIR = /Applications/Xcode.app/Contents/Developer/usr
               DEVELOPMENT_LANGUAGE = en
               DIAGNOSE_MISSING_TARGET_DEPENDENCIES = YES
               DIFF = /usr/bin/diff
               DOCUMENTATION_FOLDER_PATH = shared_preferences_foundation.framework/en.lproj/Documentation
               DONT_GENERATE_INFOPLIST_FILE = NO
               DRIVERKIT_DEPLOYMENT_TARGET = 25.5
               DSTROOT = /tmp/Pods.dst
               DT_TOOLCHAIN_DIR = /Applications/Xcode.app/Contents/Developer/Toolchains/XcodeDefault.xctoolchain
               DUMP_DEPENDENCIES = NO
               DUMP_DEPENDENCIES_OUTPUT_PATH = /Users/gregoriomorelli/Documents/vibra/build/ios/Pods.build/Release-iphonesimulator/shared_preferences_foundation.build/shared_preferences_foundation-BuildDependencyInfo.json
               DWARF_DSYM_FILE_NAME = shared_preferences_foundation.framework.dSYM
               DWARF_DSYM_FILE_SHOULD_ACCOMPANY_PRODUCT = NO
               DWARF_DSYM_FOLDER_PATH = /Users/gregoriomorelli/Documents/vibra/build/ios/Release-iphonesimulator/shared_preferences_foundation
               DYLIB_COMPATIBILITY_VERSION = 1
               DYLIB_CURRENT_VERSION = 1
               DYLIB_INSTALL_NAME_BASE = @rpath
               DYNAMIC_LIBRARY_EXTENSION = dylib
               EAGER_COMPILATION_ALLOW_SCRIPTS = NO
               EAGER_LINKING = NO
               EFFECTIVE_PLATFORM_NAME = -iphonesimulator
               EFFECTIVE_SWIFT_VERSION = 5
               EMBEDDED_CONTENT_CONTAINS_SWIFT = NO
               EMBED_ASSET_PACKS_IN_PRODUCT_BUNDLE = NO
               ENABLE_APP_SANDBOX = NO
               ENABLE_BITCODE = NO
               ENABLE_CODE_COVERAGE = YES
               ENABLE_COHORT_ARCHS = NO
               ENABLE_CPLUSPLUS_BOUNDS_SAFE_BUFFERS = NO
               ENABLE_C_BOUNDS_SAFETY = NO
               ENABLE_DEFAULT_HEADER_SEARCH_PATHS = YES
               ENABLE_DEFAULT_SEARCH_PATHS = YES
               ENABLE_ENHANCED_SECURITY = NO
               ENABLE_HARDENED_RUNTIME = NO
               ENABLE_HEADER_DEPENDENCIES = YES
               ENABLE_INCOMING_NETWORK_CONNECTIONS = NO
               ENABLE_MODULE_VERIFIER = NO
               ENABLE_NS_ASSERTIONS = NO
               ENABLE_ON_DEMAND_RESOURCES = NO
               ENABLE_OUTGOING_NETWORK_CONNECTIONS = NO
               ENABLE_POINTER_AUTHENTICATION = NO
               ENABLE_RESOURCE_ACCESS_AUDIO_INPUT = NO
               ENABLE_RESOURCE_ACCESS_BLUETOOTH = NO
               ENABLE_RESOURCE_ACCESS_CALENDARS = NO
               ENABLE_RESOURCE_ACCESS_CAMERA = NO
               ENABLE_RESOURCE_ACCESS_CONTACTS = NO
               ENABLE_RESOURCE_ACCESS_LOCATION = NO
               ENABLE_RESOURCE_ACCESS_PHOTO_LIBRARY = NO
               ENABLE_RESOURCE_ACCESS_PRINTING = NO
               ENABLE_RESOURCE_ACCESS_USB = NO
               ENABLE_SDK_IMPORTS = NO
               ENABLE_SECURITY_COMPILER_WARNINGS = NO
               ENABLE_STRICT_OBJC_MSGSEND = YES
               ENABLE_TESTABILITY = NO
               ENABLE_TESTING_SEARCH_PATHS = NO
               ENABLE_USER_SCRIPT_SANDBOXING = NO
               ENFORCE_VALID_ARCHS = YES
               ENTITLEMENTS_DESTINATION = __entitlements
               ENTITLEMENTS_REQUIRED = NO
               EXCLUDED_ARCHS =  i386
               EXCLUDED_INSTALLSRC_SUBDIRECTORY_PATTERNS = .DS_Store .svn .git .hg CVS
               EXCLUDED_RECURSIVE_SEARCH_PATH_SUBDIRECTORIES = *.nib *.lproj *.framework *.gch *.xcode* *.xcassets *.icon (*) .DS_Store CVS .svn .git .hg *.pbproj *.pbxproj
               EXECUTABLES_FOLDER_PATH = shared_preferences_foundation.framework/en.lproj
               EXECUTABLE_FOLDER_PATH = shared_preferences_foundation.framework
               EXECUTABLE_FOLDER_PATH_SHALLOW_BUNDLE_NO = shared_preferences_foundation.framework
               EXECUTABLE_FOLDER_PATH_SHALLOW_BUNDLE_YES = shared_preferences_foundation.framework
               EXECUTABLE_NAME = shared_preferences_foundation
               EXECUTABLE_PATH = shared_preferences_foundation.framework/shared_preferences_foundation
               EXTENSIONS_FOLDER_PATH = shared_preferences_foundation.framework/Extensions
               FILE_LIST = /Users/gregoriomorelli/Documents/vibra/build/ios/Pods.build/Release-iphonesimulator/shared_preferences_foundation.build/Objects/LinkFileList
               FIXED_FILES_DIR = /Users/gregoriomorelli/Documents/vibra/build/ios/Pods.build/Release-iphonesimulator/shared_preferences_foundation.build/FixedFiles
               FRAMEWORKS_FOLDER_PATH = shared_preferences_foundation.framework/Frameworks
               FRAMEWORK_FLAG_PREFIX = -framework
               FRAMEWORK_SEARCH_PATHS = /Users/gregoriomorelli/Documents/vibra/build/ios/Release-iphonesimulator/shared_preferences_foundation "/Users/gregoriomorelli/development/flutter/bin/cache/artifacts/engine/ios-release/Flutter.xcframework/ios-arm64_x86_64-simulator" 
               FRAMEWORK_VERSION = A
               FULL_PRODUCT_NAME = shared_preferences_foundation.framework
               FUSE_BUILD_PHASES = YES
               FUSE_BUILD_SCRIPT_PHASES = NO
               GCC3_VERSION = 3.3
               GCC_C_LANGUAGE_STANDARD = gnu11
               GCC_INLINES_ARE_PRIVATE_EXTERN = YES
               GCC_NO_COMMON_BLOCKS = YES
               GCC_OBJC_LEGACY_DISPATCH = YES
               GCC_PFE_FILE_C_DIALECTS = c objective-c c++ objective-c++
               GCC_PREFIX_HEADER = Target Support Files/shared_preferences_foundation/shared_preferences_foundation-prefix.pch
               GCC_PREPROCESSOR_DEFINITIONS = POD_CONFIGURATION_RELEASE=1  COCOAPODS=1
               GCC_TREAT_WARNINGS_AS_ERRORS = NO
               GCC_VERSION = com.apple.compilers.llvm.clang.1_0
               GCC_VERSION_IDENTIFIER = com_apple_compilers_llvm_clang_1_0
               GCC_WARN_64_TO_32_BIT_CONVERSION = YES
               GCC_WARN_ABOUT_RETURN_TYPE = YES_ERROR
               GCC_WARN_UNDECLARED_SELECTOR = YES
               GCC_WARN_UNINITIALIZED_AUTOS = YES_AGGRESSIVE
               GCC_WARN_UNUSED_FUNCTION = YES
               GCC_WARN_UNUSED_VARIABLE = YES
               GENERATED_MODULEMAP_DIR = /Users/gregoriomorelli/Documents/vibra/build/ios/GeneratedModuleMaps-iphonesimulator
               GENERATE_INFOPLIST_FILE = NO
               GENERATE_INTERMEDIATE_TEXT_BASED_STUBS = YES
               GENERATE_PKGINFO_FILE = NO
               GENERATE_PRELINK_OBJECT_FILE = NO
               GENERATE_PROFILING_CODE = NO
               GENERATE_TEXT_BASED_STUBS = NO
               GID = 20
               GROUP = staff
               HEADERMAP_INCLUDES_FLAT_ENTRIES_FOR_TARGET_BEING_BUILT = YES
               HEADERMAP_INCLUDES_FRAMEWORK_ENTRIES_FOR_ALL_PRODUCT_TYPES = YES
               HEADERMAP_INCLUDES_FRAMEWORK_ENTRIES_FOR_TARGETS_NOT_BEING_BUILT = YES
               HEADERMAP_INCLUDES_NONPUBLIC_NONPRIVATE_HEADERS = YES
               HEADERMAP_INCLUDES_PROJECT_HEADERS = YES
               HEADERMAP_USES_FRAMEWORK_PREFIX_ENTRIES = YES
               HEADERMAP_USES_VFS = YES
               HEADER_SEARCH_PATHS = /Users/gregoriomorelli/Documents/vibra/build/ios/Release-iphonesimulator/shared_preferences_foundation/include 
               HOME = /Users/gregoriomorelli
               HOST_ARCH = arm64
               HOST_PLATFORM = macosx
               ICONV = /usr/bin/iconv
               IMPLICIT_DEPENDENCY_DOMAIN = default
               INDEX_STORE_COMPRESS = NO
               INDEX_STORE_ONLY_PROJECT_FILES = NO
               INFOPLIST_ENABLE_CFBUNDLEICONS_MERGE = YES
               INFOPLIST_EXPAND_BUILD_SETTINGS = YES
               INFOPLIST_FILE = Target Support Files/shared_preferences_foundation/shared_preferences_foundation-Info.plist
               INFOPLIST_OUTPUT_FORMAT = binary
               INFOPLIST_PATH = shared_preferences_foundation.framework/Info.plist
               INFOPLIST_PREPROCESS = NO
               INFOSTRINGS_PATH = shared_preferences_foundation.framework/en.lproj/InfoPlist.strings
               INLINE_PRIVATE_FRAMEWORKS = NO
               INSTALLAPI_IGNORE_SKIP_INSTALL = YES
               INSTALLHDRS_COPY_PHASE = NO
               INSTALLHDRS_SCRIPT_PHASE = NO
               INSTALL_DIR = /tmp/Pods.dst/Library/Frameworks
               INSTALL_GROUP = staff
               INSTALL_MODE_FLAG = u+w,go-w,a+rX
               INSTALL_OWNER = gregoriomorelli
               INSTALL_PATH = /Library/Frameworks
               INSTALL_ROOT = /tmp/Pods.dst
               IPHONEOS_DEPLOYMENT_TARGET = 13.0
               IS_UNOPTIMIZED_BUILD = NO
               JAVAC_DEFAULT_FLAGS = -J-Xms64m -J-XX:NewSize=4M -J-Dfile.encoding=UTF8
               JAVA_APP_STUB = /System/Library/Frameworks/JavaVM.framework/Resources/MacOS/JavaApplicationStub
               JAVA_ARCHIVE_CLASSES = YES
               JAVA_ARCHIVE_TYPE = JAR
               JAVA_COMPILER = /usr/bin/javac
               JAVA_FOLDER_PATH = shared_preferences_foundation.framework/Java
               JAVA_FRAMEWORK_RESOURCES_DIRS = Resources
               JAVA_JAR_FLAGS = cv
               JAVA_SOURCE_SUBDIR = .
               JAVA_USE_DEPENDENCIES = YES
               JAVA_ZIP_FLAGS = -urg
               JIKES_DEFAULT_FLAGS = +E +OLDCSO
               KEEP_PRIVATE_EXTERNS = NO
               LD_DEPENDENCY_INFO_FILE = /Users/gregoriomorelli/Documents/vibra/build/ios/Pods.build/Release-iphonesimulator/shared_preferences_foundation.build/Objects-normal/undefined_arch/shared_preferences_foundation_dependency_info.dat
               LD_DYLIB_INSTALL_NAME = @rpath/shared_preferences_foundation.framework/shared_preferences_foundation
               LD_EXPORT_SYMBOLS = YES
               LD_GENERATE_MAP_FILE = NO
               LD_MAP_FILE_PATH = /Users/gregoriomorelli/Documents/vibra/build/ios/Pods.build/Release-iphonesimulator/shared_preferences_foundation.build/shared_preferences_foundation-LinkMap-normal-undefined_arch.txt
               LD_NO_PIE = NO
               LD_QUOTE_LINKER_ARGUMENTS_FOR_COMPILER_DRIVER = YES
               LD_RUNPATH_SEARCH_PATHS =  /usr/lib/swift
               LD_SHARED_CACHE_ELIGIBLE = Automatic
               LD_WARN_DUPLICATE_LIBRARIES = NO
               LD_WARN_UNUSED_DYLIBS = NO
               LEGACY_DEVELOPER_DIR = /Applications/Xcode.app/Contents/PlugIns/Xcode3Core.ideplugin/Contents/SharedSupport/Developer
               LEX = lex
               LIBRARY_DEXT_INSTALL_PATH = /Library/DriverExtensions
               LIBRARY_FLAG_NOSPACE = YES
               LIBRARY_FLAG_PREFIX = -l
               LIBRARY_KEXT_INSTALL_PATH = /Library/Extensions
               LIBRARY_SEARCH_PATHS = /Users/gregoriomorelli/Documents/vibra/build/ios/Release-iphonesimulator/shared_preferences_foundation /Applications/Xcode.app/Contents/Developer/Toolchains/XcodeDefault.xctoolchain/usr/lib/swift/iphonesimulator /Applications/Xcode.app/Contents/Developer/Platforms/iPhoneSimulator.platform/Developer/SDKs/iPhoneSimulator26.5.sdk/usr/lib/swift /Applications/Xcode.app/Contents/Developer/Toolchains/XcodeDefault.xctoolchain/usr/lib/swift/iphonesimulator /Applications/Xcode.app/Contents/Developer/Platforms/iPhoneSimulator.platform/Developer/SDKs/iPhoneSimulator26.5.sdk/usr/lib/swift
               LINKER_DISPLAYS_MANGLED_NAMES = NO
               LINK_FILE_LIST_normal_arm64 = /Users/gregoriomorelli/Documents/vibra/build/ios/Pods.build/Release-iphonesimulator/shared_preferences_foundation.build/Objects-normal/arm64/shared_preferences_foundation.LinkFileList
               LINK_FILE_LIST_normal_x86_64 = /Users/gregoriomorelli/Documents/vibra/build/ios/Pods.build/Release-iphonesimulator/shared_preferences_foundation.build/Objects-normal/x86_64/shared_preferences_foundation.LinkFileList
               LINK_OBJC_RUNTIME = YES
               LINK_WITH_STANDARD_LIBRARIES = YES
               LLVM_TARGET_TRIPLE_OS_VERSION = ios13.0
               LLVM_TARGET_TRIPLE_SUFFIX = -simulator
               LLVM_TARGET_TRIPLE_VENDOR = apple
               LM_AUX_CONST_METADATA_LIST_PATH_normal_arm64 = /Users/gregoriomorelli/Documents/vibra/build/ios/Pods.build/Release-iphonesimulator/shared_preferences_foundation.build/Objects-normal/arm64/shared_preferences_foundation.SwiftConstValuesFileList
               LM_AUX_CONST_METADATA_LIST_PATH_normal_x86_64 = /Users/gregoriomorelli/Documents/vibra/build/ios/Pods.build/Release-iphonesimulator/shared_preferences_foundation.build/Objects-normal/x86_64/shared_preferences_foundation.SwiftConstValuesFileList
               LOCALIZATION_EXPORT_SUPPORTED = YES
               LOCALIZATION_PREFERS_STRING_CATALOGS = NO
               LOCALIZED_RESOURCES_FOLDER_PATH = shared_preferences_foundation.framework/en.lproj
               LOCALIZED_STRING_CODE_COMMENTS = NO
               LOCALIZED_STRING_MACRO_NAMES = NSLocalizedString CFCopyLocalizedString
               LOCALIZED_STRING_SWIFTUI_SUPPORT = YES
               LOCAL_ADMIN_APPS_DIR = /Applications/Utilities
               LOCAL_APPS_DIR = /Applications
               LOCAL_DEVELOPER_DIR = /Library/Developer
               LOCAL_LIBRARY_DIR = /Library
               LOCROOT = /Users/gregoriomorelli/Documents/vibra/ios/Pods
               LOCSYMROOT = /Users/gregoriomorelli/Documents/vibra/ios/Pods
               MACH_O_TYPE = mh_dylib
               MACOSX_DEPLOYMENT_TARGET = 26.5
               MAC_OS_X_PRODUCT_BUILD_VERSION = 25F84
               MAC_OS_X_VERSION_ACTUAL = 260502
               MAC_OS_X_VERSION_MAJOR = 260000
               MAC_OS_X_VERSION_MINOR = 260500
               MAKE_MERGEABLE = NO
               MERGEABLE_LIBRARY = NO
               MERGED_BINARY_TYPE = none
               MERGE_LINKED_LIBRARIES = NO
               METAL_LIBRARY_FILE_BASE = default
               METAL_LIBRARY_OUTPUT_DIR = /Users/gregoriomorelli/Documents/vibra/build/ios/Release-iphonesimulator/shared_preferences_foundation/shared_preferences_foundation.framework
               MODULEMAP_FILE = Target Support Files/shared_preferences_foundation/shared_preferences_foundation.modulemap
               MODULES_FOLDER_PATH = shared_preferences_foundation.framework/Modules
               MTL_ENABLE_DEBUG_INFO = NO
               MTL_FAST_MATH = YES
               NATIVE_ARCH = arm64
               NATIVE_ARCH_32_BIT = arm
               NATIVE_ARCH_64_BIT = arm64
               NATIVE_ARCH_ACTUAL = arm64
               NO_COMMON = YES
               OBJC_ABI_VERSION = 2
               OBJECT_FILE_DIR = /Users/gregoriomorelli/Documents/vibra/build/ios/Pods.build/Release-iphonesimulator/shared_preferences_foundation.build/Objects
               OBJECT_FILE_DIR_normal = /Users/gregoriomorelli/Documents/vibra/build/ios/Pods.build/Release-iphonesimulator/shared_preferences_foundation.build/Objects-normal
               OBJROOT = /Users/gregoriomorelli/Documents/vibra/build/ios
               ONLY_ACTIVE_ARCH = NO
               OS = MACOS
               OSAC = /usr/bin/osacompile
               OTHER_LDFLAGS =  -framework Flutter
               OTHER_SWIFT_FLAGS =  -D COCOAPODS
               PACKAGE_TYPE = com.apple.package-type.wrapper.framework
               PASCAL_STRINGS = YES
               PATH = /Applications/Xcode.app/Contents/SharedFrameworks/SwiftBuild.framework/Versions/A/PlugIns/SWBBuildService.bundle/Contents/PlugIns/SWBUniversalPlatformPlugin.bundle/Contents/Frameworks/SWBUniversalPlatform.framework/Resources:/Applications/Xcode.app/Contents/Developer/Toolchains/XcodeDefault.xctoolchain/usr/bin:/Applications/Xcode.app/Contents/Developer/Toolchains/XcodeDefault.xctoolchain/usr/local/bin:/Applications/Xcode.app/Contents/Developer/Toolchains/XcodeDefault.xctoolchain/usr/libexec:/Applications/Xcode.app/Contents/Developer/Platforms/iPhoneSimulator.platform/usr/bin:/Applications/Xcode.app/Contents/Developer/Platforms/iPhoneSimulator.platform/usr/local/bin:/Applications/Xcode.app/Contents/Developer/Platforms/iPhoneSimulator.platform/Developer/usr/bin:/Applications/Xcode.app/Contents/Developer/Platforms/iPhoneSimulator.platform/Developer/usr/local/bin:/Applications/Xcode.app/Contents/Developer/usr/bin:/Applications/Xcode.app/Contents/Developer/usr/local/bin:/Users/gregoriomorelli/.gemini/antigravity/bin:/Users/gregoriomorelli/Library/Application Support/Antigravity/bin:/opt/homebrew/bin:/opt/homebrew/sbin:/Library/Developer/CommandLineTools/usr/bin:/Users/gregoriomorelli/development/flutter/bin:/Users/gregoriomorelli/Library/Android/sdk/platform-tools:/Users/gregoriomorelli/Library/Android/sdk/cmdline-tools/latest/bin:/Users/gregoriomorelli/Library/Android/sdk/emulator:/Users/gregoriomorelli/.antigravity-ide/antigravity-ide/bin:/Users/gregoriomorelli/.antigravity/antigravity/bin:/Applications/XAMPP/xamppfiles/bin:/Users/gregoriomorelli/develop/flutter/bin:/usr/local/bin:/System/Cryptexes/App/usr/bin:/usr/bin:/bin:/usr/sbin:/sbin:/var/run/com.apple.security.cryptexd/codex.system/bootstrap/usr/local/bin:/var/run/com.apple.security.cryptexd/codex.system/bootstrap/usr/bin:/var/run/com.apple.security.cryptexd/codex.system/bootstrap/usr/appleinternal/bin:/pkg/env/global/bin:/Users/gregoriomorelli/.spicetify
               PATH_PREFIXES_EXCLUDED_FROM_HEADER_DEPENDENCIES = /usr/include /usr/local/include /System/Library/Frameworks /System/Library/PrivateFrameworks /Applications/Xcode.app/Contents/Developer/Headers /Applications/Xcode.app/Contents/Developer/SDKs /Applications/Xcode.app/Contents/Developer/Platforms
               PBDEVELOPMENTPLIST_PATH = shared_preferences_foundation.framework/pbdevelopment.plist
               PER_ARCH_MODULE_FILE_DIR = /Users/gregoriomorelli/Documents/vibra/build/ios/Pods.build/Release-iphonesimulator/shared_preferences_foundation.build/Objects-normal/undefined_arch
               PER_ARCH_OBJECT_FILE_DIR = /Users/gregoriomorelli/Documents/vibra/build/ios/Pods.build/Release-iphonesimulator/shared_preferences_foundation.build/Objects-normal/undefined_arch
               PER_VARIANT_OBJECT_FILE_DIR = /Users/gregoriomorelli/Documents/vibra/build/ios/Pods.build/Release-iphonesimulator/shared_preferences_foundation.build/Objects-normal
               PKGINFO_FILE_PATH = /Users/gregoriomorelli/Documents/vibra/build/ios/Pods.build/Release-iphonesimulator/shared_preferences_foundation.build/PkgInfo
               PKGINFO_PATH = shared_preferences_foundation.framework/PkgInfo
               PLATFORM_DEVELOPER_APPLICATIONS_DIR = /Applications/Xcode.app/Contents/Developer/Platforms/iPhoneSimulator.platform/Developer/Applications
               PLATFORM_DEVELOPER_BIN_DIR = /Applications/Xcode.app/Contents/Developer/Platforms/iPhoneSimulator.platform/Developer/usr/bin
               PLATFORM_DEVELOPER_LIBRARY_DIR = /Applications/Xcode.app/Contents/Developer/Platforms/iPhoneSimulator.platform/Developer/Library
               PLATFORM_DEVELOPER_SDK_DIR = /Applications/Xcode.app/Contents/Developer/Platforms/iPhoneSimulator.platform/Developer/SDKs
               PLATFORM_DEVELOPER_TOOLS_DIR = /Applications/Xcode.app/Contents/Developer/Platforms/iPhoneSimulator.platform/Developer/Tools
               PLATFORM_DEVELOPER_USR_DIR = /Applications/Xcode.app/Contents/Developer/Platforms/iPhoneSimulator.platform/Developer/usr
               PLATFORM_DIR = /Applications/Xcode.app/Contents/Developer/Platforms/iPhoneSimulator.platform
               PLATFORM_DISPLAY_NAME = iOS Simulator
               PLATFORM_FAMILY_NAME = iOS
               PLATFORM_NAME = iphonesimulator
               PLATFORM_PREFERRED_ARCH = x86_64
               PLATFORM_PRODUCT_BUILD_VERSION = 23F73
               PLATFORM_REQUIRES_SWIFT_AUTOLINK_EXTRACT = NO
               PLATFORM_REQUIRES_SWIFT_MODULEWRAP = NO
               PLATFORM_USES_DSYMS = YES
               PLIST_FILE_OUTPUT_FORMAT = binary
               PLUGINS_FOLDER_PATH = shared_preferences_foundation.framework/PlugIns
               PODS_BUILD_DIR = /Users/gregoriomorelli/Documents/vibra/build/ios
               PODS_CONFIGURATION_BUILD_DIR = /Users/gregoriomorelli/Documents/vibra/build/ios/Release-iphonesimulator
               PODS_DEVELOPMENT_LANGUAGE = en
               PODS_ROOT = /Users/gregoriomorelli/Documents/vibra/ios/Pods
               PODS_TARGET_SRCROOT = /Users/gregoriomorelli/Documents/vibra/ios/Pods/../.symlinks/plugins/shared_preferences_foundation/darwin
               PODS_XCFRAMEWORKS_BUILD_DIR = /Users/gregoriomorelli/Documents/vibra/build/ios/Release-iphonesimulator/XCFrameworkIntermediates
               PRECOMPS_INCLUDE_HEADERS_FROM_BUILT_PRODUCTS_DIR = YES
               PRECOMP_DESTINATION_DIR = /Users/gregoriomorelli/Documents/vibra/build/ios/Pods.build/Release-iphonesimulator/shared_preferences_foundation.build/PrefixHeaders
               PRIVATE_HEADERS_FOLDER_PATH = shared_preferences_foundation.framework/PrivateHeaders
               PROCESSED_INFOPLIST_PATH = /Users/gregoriomorelli/Documents/vibra/build/ios/Pods.build/Release-iphonesimulator/shared_preferences_foundation.build/Objects-normal/undefined_arch/Processed-Info.plist
               PRODUCT_BUNDLE_IDENTIFIER = org.cocoapods.shared-preferences-foundation
               PRODUCT_BUNDLE_PACKAGE_TYPE = FMWK
               PRODUCT_MODULE_NAME = shared_preferences_foundation
               PRODUCT_NAME = shared_preferences_foundation
               PRODUCT_SETTINGS_PATH = /Users/gregoriomorelli/Documents/vibra/ios/Pods/Target Support Files/shared_preferences_foundation/shared_preferences_foundation-Info.plist
               PRODUCT_TYPE = com.apple.product-type.framework
               PROFILING_CODE = NO
               PROJECT = Pods
               PROJECT_DERIVED_FILE_DIR = /Users/gregoriomorelli/Documents/vibra/build/ios/Pods.build/DerivedSources
               PROJECT_DIR = /Users/gregoriomorelli/Documents/vibra/ios/Pods
               PROJECT_FILE_PATH = /Users/gregoriomorelli/Documents/vibra/ios/Pods/Pods.xcodeproj
               PROJECT_GUID = bfdfe7dc352907fc980b868725387e98
               PROJECT_NAME = Pods
               PROJECT_TEMP_DIR = /Users/gregoriomorelli/Documents/vibra/build/ios/Pods.build
               PROJECT_TEMP_ROOT = /Users/gregoriomorelli/Documents/vibra/build/ios
               PUBLIC_HEADERS_FOLDER_PATH = shared_preferences_foundation.framework/Headers
               RECOMMENDED_IPHONEOS_DEPLOYMENT_TARGET = 15.0
               RECURSIVE_SEARCH_PATHS_FOLLOW_SYMLINKS = YES
               REMOVE_CVS_FROM_RESOURCES = YES
               REMOVE_GIT_FROM_RESOURCES = YES
               REMOVE_HEADERS_FROM_EMBEDDED_BUNDLES = YES
               REMOVE_HG_FROM_RESOURCES = YES
               REMOVE_STATIC_EXECUTABLES_FROM_EMBEDDED_BUNDLES = YES
               REMOVE_SVN_FROM_RESOURCES = YES
               RESCHEDULE_INDEPENDENT_HEADERS_PHASES = YES
               REZ_COLLECTOR_DIR = /Users/gregoriomorelli/Documents/vibra/build/ios/Pods.build/Release-iphonesimulator/shared_preferences_foundation.build/ResourceManagerResources
               REZ_OBJECTS_DIR = /Users/gregoriomorelli/Documents/vibra/build/ios/Pods.build/Release-iphonesimulator/shared_preferences_foundation.build/ResourceManagerResources/Objects
               REZ_SEARCH_PATHS = /Users/gregoriomorelli/Documents/vibra/build/ios/Release-iphonesimulator/shared_preferences_foundation 
               RPATH_ORIGIN = @loader_path
               RUNTIME_EXCEPTION_ALLOW_DYLD_ENVIRONMENT_VARIABLES = NO
               RUNTIME_EXCEPTION_ALLOW_JIT = NO
               RUNTIME_EXCEPTION_ALLOW_UNSIGNED_EXECUTABLE_MEMORY = NO
               RUNTIME_EXCEPTION_DEBUGGING_TOOL = NO
               RUNTIME_EXCEPTION_DISABLE_EXECUTABLE_PAGE_PROTECTION = NO
               RUNTIME_EXCEPTION_DISABLE_LIBRARY_VALIDATION = NO
               SCANNING_PCM_KEEP_CACHE_DIRECTORY = YES
               SCAN_ALL_SOURCE_FILES_FOR_INCLUDES = NO
               SCRIPTS_FOLDER_PATH = shared_preferences_foundation.framework/Scripts
               SDKROOT = /Applications/Xcode.app/Contents/Developer/Platforms/iPhoneSimulator.platform/Developer/SDKs/iPhoneSimulator26.5.sdk
               SDK_DIR = /Applications/Xcode.app/Contents/Developer/Platforms/iPhoneSimulator.platform/Developer/SDKs/iPhoneSimulator26.5.sdk
               SDK_DIR_iphonesimulator = /Applications/Xcode.app/Contents/Developer/Platforms/iPhoneSimulator.platform/Developer/SDKs/iPhoneSimulator26.5.sdk
               SDK_DIR_iphonesimulator26_5 = /Applications/Xcode.app/Contents/Developer/Platforms/iPhoneSimulator.platform/Developer/SDKs/iPhoneSimulator26.5.sdk
               SDK_NAME = iphonesimulator26.5
               SDK_NAMES = iphonesimulator26.5
               SDK_PRODUCT_BUILD_VERSION = 23F73
               SDK_STAT_CACHE_DIR = /var/folders/pg/x6t89f2n7s7299rcw8hv33180000gn/C/com.apple.DeveloperTools/26.5-17F42/Xcode
               SDK_STAT_CACHE_ENABLE = YES
               SDK_STAT_CACHE_PATH = /var/folders/pg/x6t89f2n7s7299rcw8hv33180000gn/C/com.apple.DeveloperTools/26.5-17F42/Xcode/SDKStatCaches.noindex/iphonesimulator26.5-23F73-6cfe768891a92b912361537c460fe42b.sdkstatcache
               SDK_VERSION = 26.5
               SDK_VERSION_ACTUAL = 260500
               SDK_VERSION_MAJOR = 260000
               SDK_VERSION_MINOR = 260500
               SED = /usr/bin/sed
               SEPARATE_STRIP = NO
               SEPARATE_SYMBOL_EDIT = NO
               SET_DIR_MODE_OWNER_GROUP = YES
               SET_FILE_MODE_OWNER_GROUP = NO
               SHALLOW_BUNDLE = YES
               SHALLOW_BUNDLE_TRIPLE = ios-simulator
               SHALLOW_BUNDLE_ios_macabi = NO
               SHALLOW_BUNDLE_macos = NO
               SHARED_DERIVED_FILE_DIR = /Users/gregoriomorelli/Documents/vibra/build/ios/Release-iphonesimulator/shared_preferences_foundation/DerivedSources
               SHARED_FRAMEWORKS_FOLDER_PATH = shared_preferences_foundation.framework/SharedFrameworks
               SHARED_PRECOMPS_DIR = /Users/gregoriomorelli/Documents/vibra/build/ios/SharedPrecompiledHeaders
               SHARED_SUPPORT_FOLDER_PATH = shared_preferences_foundation.framework
               SKIP_INSTALL = YES
               SKIP_MERGEABLE_LIBRARY_BUNDLE_HOOK = NO
               SOURCE_ROOT = /Users/gregoriomorelli/Documents/vibra/ios/Pods
               SRCROOT = /Users/gregoriomorelli/Documents/vibra/ios/Pods
               STRINGSDATA_DIR = /Users/gregoriomorelli/Documents/vibra/build/ios/Pods.build/Release-iphonesimulator/shared_preferences_foundation.build/Objects-normal/undefined_arch
               STRINGSDATA_ROOT = /Users/gregoriomorelli/Documents/vibra/build/ios/Pods.build/Release-iphonesimulator/shared_preferences_foundation.build
               STRINGS_FILE_INFOPLIST_RENAME = YES
               STRINGS_FILE_OUTPUT_ENCODING = binary
               STRING_CATALOG_GENERATE_SYMBOLS = NO
               STRIP_BITCODE_FROM_COPIED_FILES = NO
               STRIP_INSTALLED_PRODUCT = NO
               STRIP_STYLE = debugging
               STRIP_SWIFT_SYMBOLS = YES
               SUPPORTED_DEVICE_FAMILIES = 1,2
               SUPPORTED_PLATFORMS = iphoneos iphonesimulator
               SUPPORTS_TEXT_BASED_API = NO
               SUPPRESS_WARNINGS = NO
               SWIFT_ACTIVE_COMPILATION_CONDITIONS =  
               SWIFT_COMPILATION_MODE = wholemodule
               SWIFT_EMIT_CONST_VALUE_PROTOCOLS = AnyResolverProviding AppEntity AppEnum AppExtension AppIntent AppIntentsPackage AppShortcutProviding AppShortcutsProvider AppUnionValue AppUnionValueCasesProviding DynamicOptionsProvider EntityQuery ExtensionPointDefining IntentValueQuery Resolver TransientEntity _AssistantIntentsProvider _GenerativeFunctionExtractable _IntentValueRepresentable
               SWIFT_EMIT_LOC_STRINGS = NO
               SWIFT_ENABLE_EXPLICIT_MODULES = YES
               SWIFT_INSTALL_MODULE_FOR_DEPLOYMENT = YES
               SWIFT_INSTALL_OBJC_HEADER = YES
               SWIFT_OPTIMIZATION_LEVEL = -O
               SWIFT_PLATFORM_TARGET_PREFIX = ios
               SWIFT_RESPONSE_FILE_PATH_normal_arm64 = /Users/gregoriomorelli/Documents/vibra/build/ios/Pods.build/Release-iphonesimulator/shared_preferences_foundation.build/Objects-normal/arm64/shared_preferences_foundation.SwiftFileList
               SWIFT_RESPONSE_FILE_PATH_normal_x86_64 = /Users/gregoriomorelli/Documents/vibra/build/ios/Pods.build/Release-iphonesimulator/shared_preferences_foundation.build/Objects-normal/x86_64/shared_preferences_foundation.SwiftFileList
               SWIFT_VERSION = 5.0
               SYMROOT = /Users/gregoriomorelli/Documents/vibra/ios/build
               SYSTEM_ADMIN_APPS_DIR = /Applications/Utilities
               SYSTEM_APPS_DIR = /Applications
               SYSTEM_CORE_SERVICES_DIR = /System/Library/CoreServices
               SYSTEM_DEMOS_DIR = /Applications/Extras
               SYSTEM_DEVELOPER_APPS_DIR = /Applications/Xcode.app/Contents/Developer/Applications
               SYSTEM_DEVELOPER_BIN_DIR = /Applications/Xcode.app/Contents/Developer/usr/bin
               SYSTEM_DEVELOPER_DEMOS_DIR = /Applications/Xcode.app/Contents/Developer/Applications/Utilities/Built Examples
               SYSTEM_DEVELOPER_DIR = /Applications/Xcode.app/Contents/Developer
               SYSTEM_DEVELOPER_DOC_DIR = /Applications/Xcode.app/Contents/Developer/ADC Reference Library
               SYSTEM_DEVELOPER_GRAPHICS_TOOLS_DIR = /Applications/Xcode.app/Contents/Developer/Applications/Graphics Tools
               SYSTEM_DEVELOPER_JAVA_TOOLS_DIR = /Applications/Xcode.app/Contents/Developer/Applications/Java Tools
               SYSTEM_DEVELOPER_PERFORMANCE_TOOLS_DIR = /Applications/Xcode.app/Contents/Developer/Applications/Performance Tools
               SYSTEM_DEVELOPER_RELEASENOTES_DIR = /Applications/Xcode.app/Contents/Developer/ADC Reference Library/releasenotes
               SYSTEM_DEVELOPER_TOOLS = /Applications/Xcode.app/Contents/Developer/Tools
               SYSTEM_DEVELOPER_TOOLS_DOC_DIR = /Applications/Xcode.app/Contents/Developer/ADC Reference Library/documentation/DeveloperTools
               SYSTEM_DEVELOPER_TOOLS_RELEASENOTES_DIR = /Applications/Xcode.app/Contents/Developer/ADC Reference Library/releasenotes/DeveloperTools
               SYSTEM_DEVELOPER_USR_DIR = /Applications/Xcode.app/Contents/Developer/usr
               SYSTEM_DEVELOPER_UTILITIES_DIR = /Applications/Xcode.app/Contents/Developer/Applications/Utilities
               SYSTEM_DEXT_INSTALL_PATH = /System/Library/DriverExtensions
               SYSTEM_DOCUMENTATION_DIR = /Library/Documentation
               SYSTEM_EXTENSIONS_FOLDER_PATH = shared_preferences_foundation.framework/SystemExtensions
               SYSTEM_EXTENSIONS_FOLDER_PATH_SHALLOW_BUNDLE_NO = shared_preferences_foundation.framework/Library/SystemExtensions
               SYSTEM_EXTENSIONS_FOLDER_PATH_SHALLOW_BUNDLE_YES = shared_preferences_foundation.framework/SystemExtensions
               SYSTEM_KEXT_INSTALL_PATH = /System/Library/Extensions
               SYSTEM_LIBRARY_DIR = /System/Library
               TAPI_DEMANGLE = YES
               TAPI_ENABLE_PROJECT_HEADERS = NO
               TAPI_LANGUAGE = objective-c
               TAPI_LANGUAGE_STANDARD = compiler-default
               TAPI_USE_SRCROOT = YES
               TAPI_VERIFY_MODE = Pedantic
               TARGETED_DEVICE_FAMILY = 1,2
               TARGETNAME = shared_preferences_foundation
               TARGET_BUILD_DIR = /Users/gregoriomorelli/Documents/vibra/build/ios/Release-iphonesimulator/shared_preferences_foundation
               TARGET_NAME = shared_preferences_foundation
               TARGET_TEMP_DIR = /Users/gregoriomorelli/Documents/vibra/build/ios/Pods.build/Release-iphonesimulator/shared_preferences_foundation.build
               TEMP_DIR = /Users/gregoriomorelli/Documents/vibra/build/ios/Pods.build/Release-iphonesimulator/shared_preferences_foundation.build
               TEMP_FILES_DIR = /Users/gregoriomorelli/Documents/vibra/build/ios/Pods.build/Release-iphonesimulator/shared_preferences_foundation.build
               TEMP_FILE_DIR = /Users/gregoriomorelli/Documents/vibra/build/ios/Pods.build/Release-iphonesimulator/shared_preferences_foundation.build
               TEMP_ROOT = /Users/gregoriomorelli/Documents/vibra/build/ios
               TEMP_SANDBOX_DIR = /Users/gregoriomorelli/Documents/vibra/build/ios/TemporaryTaskSandboxes
               TEST_FRAMEWORK_SEARCH_PATHS =  /Applications/Xcode.app/Contents/Developer/Platforms/iPhoneSimulator.platform/Developer/Library/Frameworks /Applications/Xcode.app/Contents/Developer/Platforms/iPhoneSimulator.platform/Developer/SDKs/iPhoneSimulator26.5.sdk/Developer/Library/Frameworks
               TEST_LIBRARY_SEARCH_PATHS =  /Applications/Xcode.app/Contents/Developer/Platforms/iPhoneSimulator.platform/Developer/usr/lib
               TOOLCHAINS = com.apple.dt.toolchain.XcodeDefault
               TOOLCHAIN_DIR = /Applications/Xcode.app/Contents/Developer/Toolchains/XcodeDefault.xctoolchain
               TREAT_MISSING_BASELINES_AS_TEST_FAILURES = NO
               TREAT_MISSING_SCRIPT_PHASE_OUTPUTS_AS_ERRORS = NO
               TVOS_DEPLOYMENT_TARGET = 26.5
               UID = 501
               UNINSTALLED_PRODUCTS_DIR = /Users/gregoriomorelli/Documents/vibra/build/ios/UninstalledProducts
               UNLOCALIZED_RESOURCES_FOLDER_PATH = shared_preferences_foundation.framework
               UNLOCALIZED_RESOURCES_FOLDER_PATH_SHALLOW_BUNDLE_NO = shared_preferences_foundation.framework/Resources
               UNLOCALIZED_RESOURCES_FOLDER_PATH_SHALLOW_BUNDLE_YES = shared_preferences_foundation.framework
               UNSTRIPPED_PRODUCT = NO
               USER = gregoriomorelli
               USER_APPS_DIR = /Users/gregoriomorelli/Applications
               USER_LIBRARY_DIR = /Users/gregoriomorelli/Library
               USE_DYNAMIC_NO_PIC = YES
               USE_HEADERMAP = YES
               USE_HEADER_SYMLINKS = NO
               USE_RECURSIVE_SCRIPT_INPUTS_IN_SCRIPT_PHASES = YES
               VALIDATE_DEVELOPMENT_ASSET_PATHS = YES_ERROR
               VALIDATE_PRODUCT = YES
               VALID_ARCHS = arm64 x86_64
               VERBOSE_PBXCP = NO
               VERSIONING_SYSTEM = apple-generic
               VERSIONPLIST_PATH = shared_preferences_foundation.framework/version.plist
               VERSIONS_FOLDER_PATH = shared_preferences_foundation.framework
               VERSIONS_FOLDER_PATH_SHALLOW_BUNDLE_NO = shared_preferences_foundation.framework/Versions
               VERSIONS_FOLDER_PATH_SHALLOW_BUNDLE_YES = shared_preferences_foundation.framework
               VERSION_INFO_BUILDER = gregoriomorelli
               VERSION_INFO_FILE = shared_preferences_foundation_vers.c
               VERSION_INFO_STRING = "@(#)PROGRAM:shared_preferences_foundation  PROJECT:Pods-1"
               WATCHOS_DEPLOYMENT_TARGET = 26.5
               WORKSPACE_DIR = /Users/gregoriomorelli/Documents/vibra/ios/Pods/Pods.xcodeproj
               WRAPPER_EXTENSION = framework
               WRAPPER_NAME = shared_preferences_foundation.framework
               WRAPPER_SUFFIX = .framework
               WRAP_ASSET_PACKS_IN_SEPARATE_DIRECTORIES = NO
               XCODE_APP_SUPPORT_DIR = /Applications/Xcode.app/Contents/Developer/Library/Xcode
               XCODE_PRODUCT_BUILD_VERSION = 17F42
               XCODE_VERSION_ACTUAL = 2650
               XCODE_VERSION_MAJOR = 2600
               XCODE_VERSION_MINOR = 2650
               XPCSERVICES_FOLDER_PATH = shared_preferences_foundation.framework/XPCServices
               XROS_DEPLOYMENT_TARGET = 26.5
               YACC = yacc
               _DISCOVER_COMMAND_LINE_LINKER_INPUTS = YES
               _DISCOVER_COMMAND_LINE_LINKER_INPUTS_INCLUDE_WL = YES
               _LD_MULTIARCH = YES
               _WRAPPER_CONTENTS_DIR_SHALLOW_BUNDLE_NO = /Contents
               _WRAPPER_PARENT_PATH_SHALLOW_BUNDLE_NO = /..
               _WRAPPER_RESOURCES_DIR_SHALLOW_BUNDLE_NO = /Resources
               __DIAGNOSE_DEPRECATED_ARCHS = YES
               __ORIGINAL_SDK_DEFINED_LLVM_TARGET_TRIPLE_SYS = ios
               arch = undefined_arch
               variant = normal

           Build settings for action build and target shared_preferences_foundation-shared_preferences_foundation_privacy:
               ACTION = build
               AD_HOC_CODE_SIGNING_ALLOWED = YES
               ALLOW_BUILD_REQUEST_OVERRIDES = NO
               ALLOW_TARGET_PLATFORM_SPECIALIZATION = NO
               ALTERNATE_GROUP = staff
               ALTERNATE_MODE = u+w,go-w,a+rX
               ALTERNATE_OWNER = gregoriomorelli
               ALTERNATIVE_DISTRIBUTION_WEB = NO
               ALWAYS_EMBED_SWIFT_STANDARD_LIBRARIES = NO
               ALWAYS_SEARCH_USER_PATHS = NO
               ALWAYS_USE_SEPARATE_HEADERMAPS = NO
               APPLICATION_EXTENSION_API_ONLY = NO
               APPLY_RULES_IN_COPY_FILES = NO
               APPLY_RULES_IN_COPY_HEADERS = NO
               APP_SHORTCUTS_ENABLE_FLEXIBLE_MATCHING = YES
               ARCHS = arm64 x86_64
               ARCHS_BASE = arm64 x86_64
               ARCHS_STANDARD = arm64 x86_64
               ARCHS_STANDARD_32_64_BIT = arm64 x86_64
               ARCHS_STANDARD_64_BIT = arm64 x86_64
               ARCHS_STANDARD_INCLUDING_64_BIT = arm64 x86_64
               ARCHS_UNIVERSAL_IPHONE_OS = arm64 x86_64
               AUTOMATICALLY_MERGE_DEPENDENCIES = NO
               AUTOMATION_APPLE_EVENTS = NO
               AVAILABLE_PLATFORMS = android appletvos appletvsimulator driverkit freebsd iphoneos iphonesimulator linux macosx none openbsd qnx watchos watchsimulator webassembly xros xrsimulator
               BUILD_ACTIVE_RESOURCES_ONLY = NO
               BUILD_COMPONENTS = headers build
               BUILD_DIR = /Users/gregoriomorelli/Documents/vibra/build/ios
               BUILD_LIBRARY_FOR_DISTRIBUTION = NO
               BUILD_ONLY_KNOWN_LOCALIZATIONS = NO
               BUILD_ROOT = /Users/gregoriomorelli/Documents/vibra/ios/build
               BUILD_STYLE = 
               BUILD_VARIANTS = normal
               BUILT_PRODUCTS_DIR = /Users/gregoriomorelli/Documents/vibra/build/ios/Release-iphonesimulator/shared_preferences_foundation
               BUNDLE_CONTENTS_FOLDER_PATH_deep = Contents/
               BUNDLE_EXECUTABLE_FOLDER_NAME_deep = MacOS
               BUNDLE_EXTENSIONS_FOLDER_PATH = Extensions
               BUNDLE_FORMAT = shallow
               BUNDLE_FRAMEWORKS_FOLDER_PATH = Frameworks
               BUNDLE_PLUGINS_FOLDER_PATH = PlugIns
               BUNDLE_PRIVATE_HEADERS_FOLDER_PATH = PrivateHeaders
               BUNDLE_PUBLIC_HEADERS_FOLDER_PATH = Headers
               CACHE_ROOT = /var/folders/pg/x6t89f2n7s7299rcw8hv33180000gn/C/com.apple.DeveloperTools/26.5-17F42/Xcode
               CCHROOT = /var/folders/pg/x6t89f2n7s7299rcw8hv33180000gn/C/com.apple.DeveloperTools/26.5-17F42/Xcode
               CHMOD = /bin/chmod
               CHOWN = chown
               CLANG_ANALYZER_LOCALIZABILITY_NONLOCALIZED = YES
               CLANG_ANALYZER_NONNULL = YES
               CLANG_ANALYZER_NUMBER_OBJECT_CONVERSION = YES_AGGRESSIVE
               CLANG_CACHE_FINE_GRAINED_OUTPUTS = YES
               CLANG_CXX_LANGUAGE_STANDARD = gnu++14
               CLANG_CXX_LIBRARY = libc++
               CLANG_ENABLE_EXPLICIT_MODULES = YES
               CLANG_ENABLE_MODULES = YES
               CLANG_ENABLE_OBJC_ARC = YES
               CLANG_ENABLE_OBJC_WEAK = YES
               CLANG_MODULES_BUILD_SESSION_FILE = /var/folders/pg/x6t89f2n7s7299rcw8hv33180000gn/C/org.llvm.clang/ModuleCache.noindex/Session.modulevalidation
               CLANG_WARN_BLOCK_CAPTURE_AUTORELEASING = YES
               CLANG_WARN_BOOL_CONVERSION = YES
               CLANG_WARN_COMMA = YES
               CLANG_WARN_CONSTANT_CONVERSION = YES
               CLANG_WARN_DEPRECATED_OBJC_IMPLEMENTATIONS = YES
               CLANG_WARN_DIRECT_OBJC_ISA_USAGE = YES_ERROR
               CLANG_WARN_DOCUMENTATION_COMMENTS = YES
               CLANG_WARN_EMPTY_BODY = YES
               CLANG_WARN_ENUM_CONVERSION = YES
               CLANG_WARN_INFINITE_RECURSION = YES
               CLANG_WARN_INT_CONVERSION = YES
               CLANG_WARN_NON_LITERAL_NULL_CONVERSION = YES
               CLANG_WARN_OBJC_IMPLICIT_RETAIN_SELF = YES
               CLANG_WARN_OBJC_LITERAL_CONVERSION = YES
               CLANG_WARN_OBJC_ROOT_CLASS = YES_ERROR
               CLANG_WARN_QUOTED_INCLUDE_IN_FRAMEWORK_HEADER = NO
               CLANG_WARN_RANGE_LOOP_ANALYSIS = YES
               CLANG_WARN_STRICT_PROTOTYPES = YES
               CLANG_WARN_SUSPICIOUS_MOVE = YES
               CLANG_WARN_UNGUARDED_AVAILABILITY = YES_AGGRESSIVE
               CLANG_WARN_UNREACHABLE_CODE = YES
               CLANG_WARN__DUPLICATE_METHOD_MATCH = YES
               CLASS_FILE_DIR = /Users/gregoriomorelli/Documents/vibra/build/ios/Pods.build/Release-iphonesimulator/shared_preferences_foundation-shared_preferences_foundation_privacy.build/JavaClasses
               CLEAN_PRECOMPS = YES
               CLONE_HEADERS = NO
               CODESIGNING_FOLDER_PATH = /Users/gregoriomorelli/Documents/vibra/build/ios/Release-iphonesimulator/shared_preferences_foundation/shared_preferences_foundation_privacy.bundle
               CODE_SIGNING_ALLOWED = NO
               CODE_SIGNING_IDENTITY = -
               CODE_SIGNING_REQUIRED = NO
               CODE_SIGN_CONTEXT_CLASS = XCiPhoneSimulatorCodeSignContext
               CODE_SIGN_IDENTITY = -
               CODE_SIGN_INJECT_BASE_ENTITLEMENTS = YES
               COLOR_DIAGNOSTICS = NO
               COMBINE_HIDPI_IMAGES = NO
               COMPILATION_CACHE_CAS_PATH = /var/folders/pg/x6t89f2n7s7299rcw8hv33180000gn/C/com.apple.DeveloperTools/26.5-17F42/Xcode/CompilationCache.noindex
               COMPILATION_CACHE_KEEP_CAS_DIRECTORY = YES
               COMPILER_INDEX_STORE_ENABLE = Default
               COMPOSITE_SDK_DIRS = /Users/gregoriomorelli/Documents/vibra/build/ios/CompositeSDKs
               COMPRESS_PNG_FILES = YES
               CONFIGURATION = Release
               CONFIGURATION_BUILD_DIR = /Users/gregoriomorelli/Documents/vibra/build/ios/Release-iphonesimulator/shared_preferences_foundation
               CONFIGURATION_TEMP_DIR = /Users/gregoriomorelli/Documents/vibra/build/ios/Pods.build/Release-iphonesimulator
               CONTENTS_FOLDER_PATH = shared_preferences_foundation_privacy.bundle
               CONTENTS_FOLDER_PATH_SHALLOW_BUNDLE_NO = shared_preferences_foundation_privacy.bundle/Contents
               CONTENTS_FOLDER_PATH_SHALLOW_BUNDLE_YES = shared_preferences_foundation_privacy.bundle
               COPYING_PRESERVES_HFS_DATA = NO
               COPY_HEADERS_RUN_UNIFDEF = NO
               COPY_PHASE_STRIP = NO
               CORRESPONDING_DEVICE_PLATFORM_DIR = /Applications/Xcode.app/Contents/Developer/Platforms/iPhoneOS.platform
               CORRESPONDING_DEVICE_PLATFORM_NAME = iphoneos
               CORRESPONDING_DEVICE_SDK_DIR = /Applications/Xcode.app/Contents/Developer/Platforms/iPhoneOS.platform/Developer/SDKs/iPhoneOS26.5.sdk
               CORRESPONDING_DEVICE_SDK_NAME = iphoneos26.5
               CP = /bin/cp
               CREATE_INFOPLIST_SECTION_IN_BINARY = NO
               CURRENT_ARCH = undefined_arch
               CURRENT_VARIANT = normal
               DEAD_CODE_STRIPPING = YES
               DEBUGGING_SYMBOLS = YES
               DEBUG_INFORMATION_FORMAT = dwarf-with-dsym
               DEBUG_INFORMATION_VERSION = compiler-default
               DEFAULT_COMPILER = com.apple.compilers.llvm.clang.1_0
               DEFAULT_DEXT_INSTALL_PATH = /System/Library/DriverExtensions
               DEFAULT_KEXT_INSTALL_PATH = /System/Library/Extensions
               DEFINES_MODULE = YES
               DEPLOYMENT_LOCATION = NO
               DEPLOYMENT_POSTPROCESSING = NO
               DEPLOYMENT_TARGET_SETTING_NAME = IPHONEOS_DEPLOYMENT_TARGET
               DEPLOYMENT_TARGET_SUGGESTED_VALUES = 12.0 12.1 12.2 12.3 12.4 13.0 13.1 13.2 13.3 13.4 13.5 13.6 14.0 14.1 14.2 14.3 14.4 14.5 14.6 14.7 15.0 15.1 15.2 15.3 15.4 15.5 15.6 16.0 16.1 16.2 16.3 16.4 16.5 16.6 17.0 17.1 17.2 17.3 17.4 17.5 17.6 18.0 18.1 18.2 18.3 18.4 18.5 18.6 26.0 26.2 26.3 26.4 26.5
               DERIVED_FILES_DIR = /Users/gregoriomorelli/Documents/vibra/build/ios/Pods.build/Release-iphonesimulator/shared_preferences_foundation-shared_preferences_foundation_privacy.build/DerivedSources
               DERIVED_FILE_DIR = /Users/gregoriomorelli/Documents/vibra/build/ios/Pods.build/Release-iphonesimulator/shared_preferences_foundation-shared_preferences_foundation_privacy.build/DerivedSources
               DERIVED_SOURCES_DIR = /Users/gregoriomorelli/Documents/vibra/build/ios/Pods.build/Release-iphonesimulator/shared_preferences_foundation-shared_preferences_foundation_privacy.build/DerivedSources
               DEVELOPER_APPLICATIONS_DIR = /Applications/Xcode.app/Contents/Developer/Applications
               DEVELOPER_BIN_DIR = /Applications/Xcode.app/Contents/Developer/usr/bin
               DEVELOPER_DIR = /Applications/Xcode.app/Contents/Developer
               DEVELOPER_FRAMEWORKS_DIR = /Applications/Xcode.app/Contents/Developer/Library/Frameworks
               DEVELOPER_FRAMEWORKS_DIR_QUOTED = /Applications/Xcode.app/Contents/Developer/Library/Frameworks
               DEVELOPER_LIBRARY_DIR = /Applications/Xcode.app/Contents/Developer/Library
               DEVELOPER_SDK_DIR = /Applications/Xcode.app/Contents/Developer/Platforms/MacOSX.platform/Developer/SDKs
               DEVELOPER_TOOLS_DIR = /Applications/Xcode.app/Contents/Developer/Tools
               DEVELOPER_USR_DIR = /Applications/Xcode.app/Contents/Developer/usr
               DEVELOPMENT_LANGUAGE = en
               DIAGNOSE_MISSING_TARGET_DEPENDENCIES = YES
               DIFF = /usr/bin/diff
               DOCUMENTATION_FOLDER_PATH = shared_preferences_foundation_privacy.bundle/en.lproj/Documentation
               DONT_GENERATE_INFOPLIST_FILE = NO
               DRIVERKIT_DEPLOYMENT_TARGET = 25.5
               DSTROOT = /tmp/Pods.dst
               DT_TOOLCHAIN_DIR = /Applications/Xcode.app/Contents/Developer/Toolchains/XcodeDefault.xctoolchain
               DUMP_DEPENDENCIES = NO
               DUMP_DEPENDENCIES_OUTPUT_PATH = /Users/gregoriomorelli/Documents/vibra/build/ios/Pods.build/Release-iphonesimulator/shared_preferences_foundation-shared_preferences_foundation_privacy.build/shared_preferences_foundation-shared_preferences_foundation_privacy-BuildDependencyInfo.json
               DWARF_DSYM_FILE_NAME = shared_preferences_foundation_privacy.bundle.dSYM
               DWARF_DSYM_FILE_SHOULD_ACCOMPANY_PRODUCT = NO
               DWARF_DSYM_FOLDER_PATH = /Users/gregoriomorelli/Documents/vibra/build/ios/Release-iphonesimulator/shared_preferences_foundation
               DYNAMIC_LIBRARY_EXTENSION = dylib
               EAGER_COMPILATION_ALLOW_SCRIPTS = NO
               EAGER_LINKING = NO
               EFFECTIVE_PLATFORM_NAME = -iphonesimulator
               EFFECTIVE_SWIFT_VERSION = 5
               EMBEDDED_CONTENT_CONTAINS_SWIFT = NO
               EMBED_ASSET_PACKS_IN_PRODUCT_BUNDLE = NO
               ENABLE_APP_SANDBOX = NO
               ENABLE_CODE_COVERAGE = YES
               ENABLE_COHORT_ARCHS = NO
               ENABLE_CPLUSPLUS_BOUNDS_SAFE_BUFFERS = NO
               ENABLE_C_BOUNDS_SAFETY = NO
               ENABLE_DEFAULT_HEADER_SEARCH_PATHS = YES
               ENABLE_DEFAULT_SEARCH_PATHS = YES
               ENABLE_ENHANCED_SECURITY = NO
               ENABLE_HARDENED_RUNTIME = NO
               ENABLE_HEADER_DEPENDENCIES = YES
               ENABLE_INCOMING_NETWORK_CONNECTIONS = NO
               ENABLE_NS_ASSERTIONS = NO
               ENABLE_ON_DEMAND_RESOURCES = NO
               ENABLE_OUTGOING_NETWORK_CONNECTIONS = NO
               ENABLE_POINTER_AUTHENTICATION = NO
               ENABLE_RESOURCE_ACCESS_AUDIO_INPUT = NO
               ENABLE_RESOURCE_ACCESS_BLUETOOTH = NO
               ENABLE_RESOURCE_ACCESS_CALENDARS = NO
               ENABLE_RESOURCE_ACCESS_CAMERA = NO
               ENABLE_RESOURCE_ACCESS_CONTACTS = NO
               ENABLE_RESOURCE_ACCESS_LOCATION = NO
               ENABLE_RESOURCE_ACCESS_PHOTO_LIBRARY = NO
               ENABLE_RESOURCE_ACCESS_PRINTING = NO
               ENABLE_RESOURCE_ACCESS_USB = NO
               ENABLE_SDK_IMPORTS = NO
               ENABLE_SECURITY_COMPILER_WARNINGS = NO
               ENABLE_STRICT_OBJC_MSGSEND = YES
               ENABLE_TESTABILITY = NO
               ENABLE_TESTING_SEARCH_PATHS = NO
               ENABLE_USER_SCRIPT_SANDBOXING = NO
               ENFORCE_VALID_ARCHS = YES
               ENTITLEMENTS_DESTINATION = __entitlements
               ENTITLEMENTS_REQUIRED = NO
               EXCLUDED_INSTALLSRC_SUBDIRECTORY_PATTERNS = .DS_Store .svn .git .hg CVS
               EXCLUDED_RECURSIVE_SEARCH_PATH_SUBDIRECTORIES = *.nib *.lproj *.framework *.gch *.xcode* *.xcassets *.icon (*) .DS_Store CVS .svn .git .hg *.pbproj *.pbxproj
               EXECUTABLES_FOLDER_PATH = shared_preferences_foundation_privacy.bundle/Executables
               EXECUTABLE_FOLDER_PATH = shared_preferences_foundation_privacy.bundle
               EXECUTABLE_FOLDER_PATH_SHALLOW_BUNDLE_NO = shared_preferences_foundation_privacy.bundle/MacOS
               EXECUTABLE_FOLDER_PATH_SHALLOW_BUNDLE_YES = shared_preferences_foundation_privacy.bundle
               EXECUTABLE_NAME = shared_preferences_foundation_privacy
               EXECUTABLE_PATH = shared_preferences_foundation_privacy.bundle/shared_preferences_foundation_privacy
               EXPANDED_CODE_SIGN_IDENTITY = -
               EXTENSIONS_FOLDER_PATH = shared_preferences_foundation_privacy.bundle/Extensions
               FILE_LIST = /Users/gregoriomorelli/Documents/vibra/build/ios/Pods.build/Release-iphonesimulator/shared_preferences_foundation-shared_preferences_foundation_privacy.build/Objects/LinkFileList
               FIXED_FILES_DIR = /Users/gregoriomorelli/Documents/vibra/build/ios/Pods.build/Release-iphonesimulator/shared_preferences_foundation-shared_preferences_foundation_privacy.build/FixedFiles
               FRAMEWORKS_FOLDER_PATH = shared_preferences_foundation_privacy.bundle/Frameworks
               FRAMEWORK_FLAG_PREFIX = -framework
               FRAMEWORK_SEARCH_PATHS = /Users/gregoriomorelli/Documents/vibra/build/ios/Release-iphonesimulator/shared_preferences_foundation 
               FRAMEWORK_VERSION = A
               FULL_PRODUCT_NAME = shared_preferences_foundation_privacy.bundle
               FUSE_BUILD_PHASES = YES
               FUSE_BUILD_SCRIPT_PHASES = NO
               GCC3_VERSION = 3.3
               GCC_C_LANGUAGE_STANDARD = gnu11
               GCC_INLINES_ARE_PRIVATE_EXTERN = YES
               GCC_NO_COMMON_BLOCKS = YES
               GCC_OBJC_LEGACY_DISPATCH = YES
               GCC_PFE_FILE_C_DIALECTS = c objective-c c++ objective-c++
               GCC_PREPROCESSOR_DEFINITIONS = POD_CONFIGURATION_RELEASE=1  COCOAPODS=1
               GCC_TREAT_WARNINGS_AS_ERRORS = NO
               GCC_VERSION = com.apple.compilers.llvm.clang.1_0
               GCC_VERSION_IDENTIFIER = com_apple_compilers_llvm_clang_1_0
               GCC_WARN_64_TO_32_BIT_CONVERSION = YES
               GCC_WARN_ABOUT_RETURN_TYPE = YES_ERROR
               GCC_WARN_UNDECLARED_SELECTOR = YES
               GCC_WARN_UNINITIALIZED_AUTOS = YES_AGGRESSIVE
               GCC_WARN_UNUSED_FUNCTION = YES
               GCC_WARN_UNUSED_VARIABLE = YES
               GENERATED_MODULEMAP_DIR = /Users/gregoriomorelli/Documents/vibra/build/ios/GeneratedModuleMaps-iphonesimulator
               GENERATE_INFOPLIST_FILE = NO
               GENERATE_INTERMEDIATE_TEXT_BASED_STUBS = YES
               GENERATE_PKGINFO_FILE = NO
               GENERATE_PRELINK_OBJECT_FILE = NO
               GENERATE_PROFILING_CODE = NO
               GENERATE_TEXT_BASED_STUBS = NO
               GID = 20
               GROUP = staff
               HEADERMAP_INCLUDES_FLAT_ENTRIES_FOR_TARGET_BEING_BUILT = YES
               HEADERMAP_INCLUDES_FRAMEWORK_ENTRIES_FOR_ALL_PRODUCT_TYPES = YES
               HEADERMAP_INCLUDES_FRAMEWORK_ENTRIES_FOR_TARGETS_NOT_BEING_BUILT = YES
               HEADERMAP_INCLUDES_NONPUBLIC_NONPRIVATE_HEADERS = YES
               HEADERMAP_INCLUDES_PROJECT_HEADERS = YES
               HEADERMAP_USES_FRAMEWORK_PREFIX_ENTRIES = YES
               HEADERMAP_USES_VFS = YES
               HEADER_SEARCH_PATHS = /Users/gregoriomorelli/Documents/vibra/build/ios/Release-iphonesimulator/shared_preferences_foundation/include 
               HOME = /Users/gregoriomorelli
               HOST_ARCH = arm64
               HOST_PLATFORM = macosx
               IBSC_MODULE = shared_preferences_foundation
               ICONV = /usr/bin/iconv
               IMPLICIT_DEPENDENCY_DOMAIN = default
               INDEX_STORE_COMPRESS = NO
               INDEX_STORE_ONLY_PROJECT_FILES = NO
               INFOPLIST_ENABLE_CFBUNDLEICONS_MERGE = YES
               INFOPLIST_EXPAND_BUILD_SETTINGS = YES
               INFOPLIST_FILE = Target Support Files/shared_preferences_foundation/ResourceBundle-shared_preferences_foundation_privacy-shared_preferences_foundation-Info.plist
               INFOPLIST_OUTPUT_FORMAT = binary
               INFOPLIST_PATH = shared_preferences_foundation_privacy.bundle/Info.plist
               INFOPLIST_PREPROCESS = NO
               INFOSTRINGS_PATH = shared_preferences_foundation_privacy.bundle/en.lproj/InfoPlist.strings
               INLINE_PRIVATE_FRAMEWORKS = NO
               INSTALLAPI_IGNORE_SKIP_INSTALL = YES
               INSTALLHDRS_COPY_PHASE = NO
               INSTALLHDRS_SCRIPT_PHASE = NO
               INSTALL_DIR = /tmp/Pods.dst
               INSTALL_GROUP = staff
               INSTALL_MODE_FLAG = u+w,go-w,a+rX
               INSTALL_OWNER = gregoriomorelli
               INSTALL_ROOT = /tmp/Pods.dst
               IPHONEOS_DEPLOYMENT_TARGET = 13.0
               IS_UNOPTIMIZED_BUILD = NO
               JAVAC_DEFAULT_FLAGS = -J-Xms64m -J-XX:NewSize=4M -J-Dfile.encoding=UTF8
               JAVA_APP_STUB = /System/Library/Frameworks/JavaVM.framework/Resources/MacOS/JavaApplicationStub
               JAVA_ARCHIVE_CLASSES = YES
               JAVA_ARCHIVE_TYPE = JAR
               JAVA_COMPILER = /usr/bin/javac
               JAVA_FOLDER_PATH = shared_preferences_foundation_privacy.bundle/Java
               JAVA_FRAMEWORK_RESOURCES_DIRS = Resources
               JAVA_JAR_FLAGS = cv
               JAVA_SOURCE_SUBDIR = .
               JAVA_USE_DEPENDENCIES = YES
               JAVA_ZIP_FLAGS = -urg
               JIKES_DEFAULT_FLAGS = +E +OLDCSO
               KEEP_PRIVATE_EXTERNS = NO
               LD_DEPENDENCY_INFO_FILE = /Users/gregoriomorelli/Documents/vibra/build/ios/Pods.build/Release-iphonesimulator/shared_preferences_foundation-shared_preferences_foundation_privacy.build/Objects-normal/undefined_arch/shared_preferences_foundation_privacy_dependency_info.dat
               LD_EXPORT_SYMBOLS = YES
               LD_GENERATE_MAP_FILE = NO
               LD_MAP_FILE_PATH = /Users/gregoriomorelli/Documents/vibra/build/ios/Pods.build/Release-iphonesimulator/shared_preferences_foundation-shared_preferences_foundation_privacy.build/shared_preferences_foundation_privacy-LinkMap-normal-undefined_arch.txt
               LD_NO_PIE = NO
               LD_QUOTE_LINKER_ARGUMENTS_FOR_COMPILER_DRIVER = YES
               LD_RUNPATH_SEARCH_PATHS =  /usr/lib/swift
               LD_SHARED_CACHE_ELIGIBLE = Automatic
               LD_WARN_DUPLICATE_LIBRARIES = NO
               LD_WARN_UNUSED_DYLIBS = NO
               LEGACY_DEVELOPER_DIR = /Applications/Xcode.app/Contents/PlugIns/Xcode3Core.ideplugin/Contents/SharedSupport/Developer
               LEX = lex
               LIBRARY_DEXT_INSTALL_PATH = /Library/DriverExtensions
               LIBRARY_FLAG_NOSPACE = YES
               LIBRARY_FLAG_PREFIX = -l
               LIBRARY_KEXT_INSTALL_PATH = /Library/Extensions
               LIBRARY_SEARCH_PATHS = /Users/gregoriomorelli/Documents/vibra/build/ios/Release-iphonesimulator/shared_preferences_foundation /Applications/Xcode.app/Contents/Developer/Toolchains/XcodeDefault.xctoolchain/usr/lib/swift/iphonesimulator /Applications/Xcode.app/Contents/Developer/Platforms/iPhoneSimulator.platform/Developer/SDKs/iPhoneSimulator26.5.sdk/usr/lib/swift /Applications/Xcode.app/Contents/Developer/Toolchains/XcodeDefault.xctoolchain/usr/lib/swift/iphonesimulator /Applications/Xcode.app/Contents/Developer/Platforms/iPhoneSimulator.platform/Developer/SDKs/iPhoneSimulator26.5.sdk/usr/lib/swift
               LINKER_DISPLAYS_MANGLED_NAMES = NO
               LINK_FILE_LIST_normal_arm64 = /Users/gregoriomorelli/Documents/vibra/build/ios/Pods.build/Release-iphonesimulator/shared_preferences_foundation-shared_preferences_foundation_privacy.build/Objects-normal/arm64/shared_preferences_foundation_privacy.LinkFileList
               LINK_FILE_LIST_normal_x86_64 = /Users/gregoriomorelli/Documents/vibra/build/ios/Pods.build/Release-iphonesimulator/shared_preferences_foundation-shared_preferences_foundation_privacy.build/Objects-normal/x86_64/shared_preferences_foundation_privacy.LinkFileList
               LINK_OBJC_RUNTIME = YES
               LINK_WITH_STANDARD_LIBRARIES = YES
               LLVM_TARGET_TRIPLE_OS_VERSION = ios13.0
               LLVM_TARGET_TRIPLE_SUFFIX = -simulator
               LLVM_TARGET_TRIPLE_VENDOR = apple
               LM_AUX_CONST_METADATA_LIST_PATH_normal_arm64 = /Users/gregoriomorelli/Documents/vibra/build/ios/Pods.build/Release-iphonesimulator/shared_preferences_foundation-shared_preferences_foundation_privacy.build/Objects-normal/arm64/shared_preferences_foundation_privacy.SwiftConstValuesFileList
               LM_AUX_CONST_METADATA_LIST_PATH_normal_x86_64 = /Users/gregoriomorelli/Documents/vibra/build/ios/Pods.build/Release-iphonesimulator/shared_preferences_foundation-shared_preferences_foundation_privacy.build/Objects-normal/x86_64/shared_preferences_foundation_privacy.SwiftConstValuesFileList
               LOCALIZATION_EXPORT_SUPPORTED = YES
               LOCALIZATION_PREFERS_STRING_CATALOGS = NO
               LOCALIZED_RESOURCES_FOLDER_PATH = shared_preferences_foundation_privacy.bundle/en.lproj
               LOCALIZED_STRING_CODE_COMMENTS = NO
               LOCALIZED_STRING_MACRO_NAMES = NSLocalizedString CFCopyLocalizedString
               LOCALIZED_STRING_SWIFTUI_SUPPORT = YES
               LOCAL_ADMIN_APPS_DIR = /Applications/Utilities
               LOCAL_APPS_DIR = /Applications
               LOCAL_DEVELOPER_DIR = /Library/Developer
               LOCAL_LIBRARY_DIR = /Library
               LOCROOT = /Users/gregoriomorelli/Documents/vibra/ios/Pods
               LOCSYMROOT = /Users/gregoriomorelli/Documents/vibra/ios/Pods
               MACH_O_TYPE = mh_bundle
               MACOSX_DEPLOYMENT_TARGET = 26.5
               MAC_OS_X_PRODUCT_BUILD_VERSION = 25F84
               MAC_OS_X_VERSION_ACTUAL = 260502
               MAC_OS_X_VERSION_MAJOR = 260000
               MAC_OS_X_VERSION_MINOR = 260500
               MAKE_MERGEABLE = NO
               MERGEABLE_LIBRARY = NO
               MERGED_BINARY_TYPE = none
               MERGE_LINKED_LIBRARIES = NO
               METAL_LIBRARY_FILE_BASE = default
               METAL_LIBRARY_OUTPUT_DIR = /Users/gregoriomorelli/Documents/vibra/build/ios/Release-iphonesimulator/shared_preferences_foundation/shared_preferences_foundation_privacy.bundle
               MODULES_FOLDER_PATH = shared_preferences_foundation_privacy.bundle/Modules
               MTL_ENABLE_DEBUG_INFO = NO
               MTL_FAST_MATH = YES
               NATIVE_ARCH = arm64
               NATIVE_ARCH_32_BIT = arm
               NATIVE_ARCH_64_BIT = arm64
               NATIVE_ARCH_ACTUAL = arm64
               NO_COMMON = YES
               OBJC_ABI_VERSION = 2
               OBJECT_FILE_DIR = /Users/gregoriomorelli/Documents/vibra/build/ios/Pods.build/Release-iphonesimulator/shared_preferences_foundation-shared_preferences_foundation_privacy.build/Objects
               OBJECT_FILE_DIR_normal = /Users/gregoriomorelli/Documents/vibra/build/ios/Pods.build/Release-iphonesimulator/shared_preferences_foundation-shared_preferences_foundation_privacy.build/Objects-normal
               OBJROOT = /Users/gregoriomorelli/Documents/vibra/build/ios
               ONLY_ACTIVE_ARCH = NO
               OS = MACOS
               OSAC = /usr/bin/osacompile
               OTHER_SWIFT_FLAGS =  -D COCOAPODS
               PACKAGE_TYPE = com.apple.package-type.wrapper
               PASCAL_STRINGS = YES
               PATH = /Applications/Xcode.app/Contents/SharedFrameworks/SwiftBuild.framework/Versions/A/PlugIns/SWBBuildService.bundle/Contents/PlugIns/SWBUniversalPlatformPlugin.bundle/Contents/Frameworks/SWBUniversalPlatform.framework/Resources:/Applications/Xcode.app/Contents/Developer/Toolchains/XcodeDefault.xctoolchain/usr/bin:/Applications/Xcode.app/Contents/Developer/Toolchains/XcodeDefault.xctoolchain/usr/local/bin:/Applications/Xcode.app/Contents/Developer/Toolchains/XcodeDefault.xctoolchain/usr/libexec:/Applications/Xcode.app/Contents/Developer/Platforms/iPhoneSimulator.platform/usr/bin:/Applications/Xcode.app/Contents/Developer/Platforms/iPhoneSimulator.platform/usr/local/bin:/Applications/Xcode.app/Contents/Developer/Platforms/iPhoneSimulator.platform/Developer/usr/bin:/Applications/Xcode.app/Contents/Developer/Platforms/iPhoneSimulator.platform/Developer/usr/local/bin:/Applications/Xcode.app/Contents/Developer/usr/bin:/Applications/Xcode.app/Contents/Developer/usr/local/bin:/Users/gregoriomorelli/.gemini/antigravity/bin:/Users/gregoriomorelli/Library/Application Support/Antigravity/bin:/opt/homebrew/bin:/opt/homebrew/sbin:/Library/Developer/CommandLineTools/usr/bin:/Users/gregoriomorelli/development/flutter/bin:/Users/gregoriomorelli/Library/Android/sdk/platform-tools:/Users/gregoriomorelli/Library/Android/sdk/cmdline-tools/latest/bin:/Users/gregoriomorelli/Library/Android/sdk/emulator:/Users/gregoriomorelli/.antigravity-ide/antigravity-ide/bin:/Users/gregoriomorelli/.antigravity/antigravity/bin:/Applications/XAMPP/xamppfiles/bin:/Users/gregoriomorelli/develop/flutter/bin:/usr/local/bin:/System/Cryptexes/App/usr/bin:/usr/bin:/bin:/usr/sbin:/sbin:/var/run/com.apple.security.cryptexd/codex.system/bootstrap/usr/local/bin:/var/run/com.apple.security.cryptexd/codex.system/bootstrap/usr/bin:/var/run/com.apple.security.cryptexd/codex.system/bootstrap/usr/appleinternal/bin:/pkg/env/global/bin:/Users/gregoriomorelli/.spicetify
               PATH_PREFIXES_EXCLUDED_FROM_HEADER_DEPENDENCIES = /usr/include /usr/local/include /System/Library/Frameworks /System/Library/PrivateFrameworks /Applications/Xcode.app/Contents/Developer/Headers /Applications/Xcode.app/Contents/Developer/SDKs /Applications/Xcode.app/Contents/Developer/Platforms
               PBDEVELOPMENTPLIST_PATH = shared_preferences_foundation_privacy.bundle/pbdevelopment.plist
               PER_ARCH_MODULE_FILE_DIR = /Users/gregoriomorelli/Documents/vibra/build/ios/Pods.build/Release-iphonesimulator/shared_preferences_foundation-shared_preferences_foundation_privacy.build/Objects-normal/undefined_arch
               PER_ARCH_OBJECT_FILE_DIR = /Users/gregoriomorelli/Documents/vibra/build/ios/Pods.build/Release-iphonesimulator/shared_preferences_foundation-shared_preferences_foundation_privacy.build/Objects-normal/undefined_arch
               PER_VARIANT_OBJECT_FILE_DIR = /Users/gregoriomorelli/Documents/vibra/build/ios/Pods.build/Release-iphonesimulator/shared_preferences_foundation-shared_preferences_foundation_privacy.build/Objects-normal
               PKGINFO_FILE_PATH = /Users/gregoriomorelli/Documents/vibra/build/ios/Pods.build/Release-iphonesimulator/shared_preferences_foundation-shared_preferences_foundation_privacy.build/PkgInfo
               PKGINFO_PATH = shared_preferences_foundation_privacy.bundle/PkgInfo
               PLATFORM_DEVELOPER_APPLICATIONS_DIR = /Applications/Xcode.app/Contents/Developer/Platforms/iPhoneSimulator.platform/Developer/Applications
               PLATFORM_DEVELOPER_BIN_DIR = /Applications/Xcode.app/Contents/Developer/Platforms/iPhoneSimulator.platform/Developer/usr/bin
               PLATFORM_DEVELOPER_LIBRARY_DIR = /Applications/Xcode.app/Contents/Developer/Platforms/iPhoneSimulator.platform/Developer/Library
               PLATFORM_DEVELOPER_SDK_DIR = /Applications/Xcode.app/Contents/Developer/Platforms/iPhoneSimulator.platform/Developer/SDKs
               PLATFORM_DEVELOPER_TOOLS_DIR = /Applications/Xcode.app/Contents/Developer/Platforms/iPhoneSimulator.platform/Developer/Tools
               PLATFORM_DEVELOPER_USR_DIR = /Applications/Xcode.app/Contents/Developer/Platforms/iPhoneSimulator.platform/Developer/usr
               PLATFORM_DIR = /Applications/Xcode.app/Contents/Developer/Platforms/iPhoneSimulator.platform
               PLATFORM_DISPLAY_NAME = iOS Simulator
               PLATFORM_FAMILY_NAME = iOS
               PLATFORM_NAME = iphonesimulator
               PLATFORM_PREFERRED_ARCH = x86_64
               PLATFORM_PRODUCT_BUILD_VERSION = 23F73
               PLATFORM_REQUIRES_SWIFT_AUTOLINK_EXTRACT = NO
               PLATFORM_REQUIRES_SWIFT_MODULEWRAP = NO
               PLATFORM_USES_DSYMS = YES
               PLIST_FILE_OUTPUT_FORMAT = binary
               PLUGINS_FOLDER_PATH = shared_preferences_foundation_privacy.bundle/PlugIns
               PODS_BUILD_DIR = /Users/gregoriomorelli/Documents/vibra/build/ios
               PODS_CONFIGURATION_BUILD_DIR = /Users/gregoriomorelli/Documents/vibra/build/ios/Release-iphonesimulator
               PODS_DEVELOPMENT_LANGUAGE = en
               PODS_ROOT = /Users/gregoriomorelli/Documents/vibra/ios/Pods
               PODS_TARGET_SRCROOT = /Users/gregoriomorelli/Documents/vibra/ios/Pods/../.symlinks/plugins/shared_preferences_foundation/darwin
               PODS_XCFRAMEWORKS_BUILD_DIR = /Users/gregoriomorelli/Documents/vibra/build/ios/Release-iphonesimulator/XCFrameworkIntermediates
               PRECOMPS_INCLUDE_HEADERS_FROM_BUILT_PRODUCTS_DIR = YES
               PRECOMP_DESTINATION_DIR = /Users/gregoriomorelli/Documents/vibra/build/ios/Pods.build/Release-iphonesimulator/shared_preferences_foundation-shared_preferences_foundation_privacy.build/PrefixHeaders
               PRIVATE_HEADERS_FOLDER_PATH = shared_preferences_foundation_privacy.bundle/PrivateHeaders
               PROCESSED_INFOPLIST_PATH = /Users/gregoriomorelli/Documents/vibra/build/ios/Pods.build/Release-iphonesimulator/shared_preferences_foundation-shared_preferences_foundation_privacy.build/Objects-normal/undefined_arch/Processed-Info.plist
               PRODUCT_BUNDLE_IDENTIFIER = org.cocoapods.shared-preferences-foundation-privacy
               PRODUCT_BUNDLE_PACKAGE_TYPE = BNDL
               PRODUCT_MODULE_NAME = shared_preferences_foundation_privacy
               PRODUCT_NAME = shared_preferences_foundation_privacy
               PRODUCT_SETTINGS_PATH = /Users/gregoriomorelli/Documents/vibra/ios/Pods/Target Support Files/shared_preferences_foundation/ResourceBundle-shared_preferences_foundation_privacy-shared_preferences_foundation-Info.plist
               PRODUCT_TYPE = com.apple.product-type.bundle
               PROFILING_CODE = NO
               PROJECT = Pods
               PROJECT_DERIVED_FILE_DIR = /Users/gregoriomorelli/Documents/vibra/build/ios/Pods.build/DerivedSources
               PROJECT_DIR = /Users/gregoriomorelli/Documents/vibra/ios/Pods
               PROJECT_FILE_PATH = /Users/gregoriomorelli/Documents/vibra/ios/Pods/Pods.xcodeproj
               PROJECT_GUID = bfdfe7dc352907fc980b868725387e98
               PROJECT_NAME = Pods
               PROJECT_TEMP_DIR = /Users/gregoriomorelli/Documents/vibra/build/ios/Pods.build
               PROJECT_TEMP_ROOT = /Users/gregoriomorelli/Documents/vibra/build/ios
               PUBLIC_HEADERS_FOLDER_PATH = shared_preferences_foundation_privacy.bundle/Headers
               RECOMMENDED_IPHONEOS_DEPLOYMENT_TARGET = 15.0
               RECURSIVE_SEARCH_PATHS_FOLLOW_SYMLINKS = YES
               REMOVE_CVS_FROM_RESOURCES = YES
               REMOVE_GIT_FROM_RESOURCES = YES
               REMOVE_HEADERS_FROM_EMBEDDED_BUNDLES = YES
               REMOVE_HG_FROM_RESOURCES = YES
               REMOVE_STATIC_EXECUTABLES_FROM_EMBEDDED_BUNDLES = YES
               REMOVE_SVN_FROM_RESOURCES = YES
               RESCHEDULE_INDEPENDENT_HEADERS_PHASES = YES
               REZ_COLLECTOR_DIR = /Users/gregoriomorelli/Documents/vibra/build/ios/Pods.build/Release-iphonesimulator/shared_preferences_foundation-shared_preferences_foundation_privacy.build/ResourceManagerResources
               REZ_OBJECTS_DIR = /Users/gregoriomorelli/Documents/vibra/build/ios/Pods.build/Release-iphonesimulator/shared_preferences_foundation-shared_preferences_foundation_privacy.build/ResourceManagerResources/Objects
               REZ_SEARCH_PATHS = /Users/gregoriomorelli/Documents/vibra/build/ios/Release-iphonesimulator/shared_preferences_foundation 
               RPATH_ORIGIN = @loader_path
               RUNTIME_EXCEPTION_ALLOW_DYLD_ENVIRONMENT_VARIABLES = NO
               RUNTIME_EXCEPTION_ALLOW_JIT = NO
               RUNTIME_EXCEPTION_ALLOW_UNSIGNED_EXECUTABLE_MEMORY = NO
               RUNTIME_EXCEPTION_DEBUGGING_TOOL = NO
               RUNTIME_EXCEPTION_DISABLE_EXECUTABLE_PAGE_PROTECTION = NO
               RUNTIME_EXCEPTION_DISABLE_LIBRARY_VALIDATION = NO
               SCANNING_PCM_KEEP_CACHE_DIRECTORY = YES
               SCAN_ALL_SOURCE_FILES_FOR_INCLUDES = NO
               SCRIPTS_FOLDER_PATH = shared_preferences_foundation_privacy.bundle/Scripts
               SDKROOT = /Applications/Xcode.app/Contents/Developer/Platforms/iPhoneSimulator.platform/Developer/SDKs/iPhoneSimulator26.5.sdk
               SDK_DIR = /Applications/Xcode.app/Contents/Developer/Platforms/iPhoneSimulator.platform/Developer/SDKs/iPhoneSimulator26.5.sdk
               SDK_DIR_iphonesimulator = /Applications/Xcode.app/Contents/Developer/Platforms/iPhoneSimulator.platform/Developer/SDKs/iPhoneSimulator26.5.sdk
               SDK_DIR_iphonesimulator26_5 = /Applications/Xcode.app/Contents/Developer/Platforms/iPhoneSimulator.platform/Developer/SDKs/iPhoneSimulator26.5.sdk
               SDK_NAME = iphonesimulator26.5
               SDK_NAMES = iphonesimulator26.5
               SDK_PRODUCT_BUILD_VERSION = 23F73
               SDK_STAT_CACHE_DIR = /var/folders/pg/x6t89f2n7s7299rcw8hv33180000gn/C/com.apple.DeveloperTools/26.5-17F42/Xcode
               SDK_STAT_CACHE_ENABLE = YES
               SDK_STAT_CACHE_PATH = /var/folders/pg/x6t89f2n7s7299rcw8hv33180000gn/C/com.apple.DeveloperTools/26.5-17F42/Xcode/SDKStatCaches.noindex/iphonesimulator26.5-23F73-6cfe768891a92b912361537c460fe42b.sdkstatcache
               SDK_VERSION = 26.5
               SDK_VERSION_ACTUAL = 260500
               SDK_VERSION_MAJOR = 260000
               SDK_VERSION_MINOR = 260500
               SED = /usr/bin/sed
               SEPARATE_STRIP = NO
               SEPARATE_SYMBOL_EDIT = NO
               SET_DIR_MODE_OWNER_GROUP = YES
               SET_FILE_MODE_OWNER_GROUP = NO
               SHALLOW_BUNDLE = YES
               SHALLOW_BUNDLE_TRIPLE = ios-simulator
               SHALLOW_BUNDLE_ios_macabi = NO
               SHALLOW_BUNDLE_macos = NO
               SHARED_DERIVED_FILE_DIR = /Users/gregoriomorelli/Documents/vibra/build/ios/Release-iphonesimulator/shared_preferences_foundation/DerivedSources
               SHARED_FRAMEWORKS_FOLDER_PATH = shared_preferences_foundation_privacy.bundle/SharedFrameworks
               SHARED_PRECOMPS_DIR = /Users/gregoriomorelli/Documents/vibra/build/ios/SharedPrecompiledHeaders
               SHARED_SUPPORT_FOLDER_PATH = shared_preferences_foundation_privacy.bundle/SharedSupport
               SKIP_INSTALL = YES
               SKIP_MERGEABLE_LIBRARY_BUNDLE_HOOK = NO
               SOURCE_ROOT = /Users/gregoriomorelli/Documents/vibra/ios/Pods
               SRCROOT = /Users/gregoriomorelli/Documents/vibra/ios/Pods
               STRINGSDATA_DIR = /Users/gregoriomorelli/Documents/vibra/build/ios/Pods.build/Release-iphonesimulator/shared_preferences_foundation-shared_preferences_foundation_privacy.build/Objects-normal/undefined_arch
               STRINGSDATA_ROOT = /Users/gregoriomorelli/Documents/vibra/build/ios/Pods.build/Release-iphonesimulator/shared_preferences_foundation-shared_preferences_foundation_privacy.build
               STRINGS_FILE_INFOPLIST_RENAME = YES
               STRINGS_FILE_OUTPUT_ENCODING = binary
               STRING_CATALOG_GENERATE_SYMBOLS = NO
               STRIP_BITCODE_FROM_COPIED_FILES = NO
               STRIP_INSTALLED_PRODUCT = NO
               STRIP_STYLE = non-global
               STRIP_SWIFT_SYMBOLS = YES
               SUPPORTED_DEVICE_FAMILIES = 1,2
               SUPPORTED_PLATFORMS = iphoneos iphonesimulator
               SUPPORTS_TEXT_BASED_API = NO
               SUPPRESS_WARNINGS = NO
               SWIFT_COMPILATION_MODE = wholemodule
               SWIFT_EMIT_CONST_VALUE_PROTOCOLS = AnyResolverProviding AppEntity AppEnum AppExtension AppIntent AppIntentsPackage AppShortcutProviding AppShortcutsProvider AppUnionValue AppUnionValueCasesProviding DynamicOptionsProvider EntityQuery ExtensionPointDefining IntentValueQuery Resolver TransientEntity _AssistantIntentsProvider _GenerativeFunctionExtractable _IntentValueRepresentable
               SWIFT_EMIT_LOC_STRINGS = NO
               SWIFT_ENABLE_EXPLICIT_MODULES = YES
               SWIFT_OPTIMIZATION_LEVEL = -O
               SWIFT_PLATFORM_TARGET_PREFIX = ios
               SWIFT_RESPONSE_FILE_PATH_normal_arm64 = /Users/gregoriomorelli/Documents/vibra/build/ios/Pods.build/Release-iphonesimulator/shared_preferences_foundation-shared_preferences_foundation_privacy.build/Objects-normal/arm64/shared_preferences_foundation_privacy.SwiftFileList
               SWIFT_RESPONSE_FILE_PATH_normal_x86_64 = /Users/gregoriomorelli/Documents/vibra/build/ios/Pods.build/Release-iphonesimulator/shared_preferences_foundation-shared_preferences_foundation_privacy.build/Objects-normal/x86_64/shared_preferences_foundation_privacy.SwiftFileList
               SWIFT_VERSION = 5.0
               SYMROOT = /Users/gregoriomorelli/Documents/vibra/ios/build
               SYSTEM_ADMIN_APPS_DIR = /Applications/Utilities
               SYSTEM_APPS_DIR = /Applications
               SYSTEM_CORE_SERVICES_DIR = /System/Library/CoreServices
               SYSTEM_DEMOS_DIR = /Applications/Extras
               SYSTEM_DEVELOPER_APPS_DIR = /Applications/Xcode.app/Contents/Developer/Applications
               SYSTEM_DEVELOPER_BIN_DIR = /Applications/Xcode.app/Contents/Developer/usr/bin
               SYSTEM_DEVELOPER_DEMOS_DIR = /Applications/Xcode.app/Contents/Developer/Applications/Utilities/Built Examples
               SYSTEM_DEVELOPER_DIR = /Applications/Xcode.app/Contents/Developer
               SYSTEM_DEVELOPER_DOC_DIR = /Applications/Xcode.app/Contents/Developer/ADC Reference Library
               SYSTEM_DEVELOPER_GRAPHICS_TOOLS_DIR = /Applications/Xcode.app/Contents/Developer/Applications/Graphics Tools
               SYSTEM_DEVELOPER_JAVA_TOOLS_DIR = /Applications/Xcode.app/Contents/Developer/Applications/Java Tools
               SYSTEM_DEVELOPER_PERFORMANCE_TOOLS_DIR = /Applications/Xcode.app/Contents/Developer/Applications/Performance Tools
               SYSTEM_DEVELOPER_RELEASENOTES_DIR = /Applications/Xcode.app/Contents/Developer/ADC Reference Library/releasenotes
               SYSTEM_DEVELOPER_TOOLS = /Applications/Xcode.app/Contents/Developer/Tools
               SYSTEM_DEVELOPER_TOOLS_DOC_DIR = /Applications/Xcode.app/Contents/Developer/ADC Reference Library/documentation/DeveloperTools
               SYSTEM_DEVELOPER_TOOLS_RELEASENOTES_DIR = /Applications/Xcode.app/Contents/Developer/ADC Reference Library/releasenotes/DeveloperTools
               SYSTEM_DEVELOPER_USR_DIR = /Applications/Xcode.app/Contents/Developer/usr
               SYSTEM_DEVELOPER_UTILITIES_DIR = /Applications/Xcode.app/Contents/Developer/Applications/Utilities
               SYSTEM_DEXT_INSTALL_PATH = /System/Library/DriverExtensions
               SYSTEM_DOCUMENTATION_DIR = /Library/Documentation
               SYSTEM_EXTENSIONS_FOLDER_PATH = shared_preferences_foundation_privacy.bundle/SystemExtensions
               SYSTEM_EXTENSIONS_FOLDER_PATH_SHALLOW_BUNDLE_NO = shared_preferences_foundation_privacy.bundle/Library/SystemExtensions
               SYSTEM_EXTENSIONS_FOLDER_PATH_SHALLOW_BUNDLE_YES = shared_preferences_foundation_privacy.bundle/SystemExtensions
               SYSTEM_KEXT_INSTALL_PATH = /System/Library/Extensions
               SYSTEM_LIBRARY_DIR = /System/Library
               TAPI_DEMANGLE = YES
               TAPI_ENABLE_PROJECT_HEADERS = NO
               TAPI_LANGUAGE = objective-c
               TAPI_LANGUAGE_STANDARD = compiler-default
               TAPI_USE_SRCROOT = YES
               TAPI_VERIFY_MODE = Pedantic
               TARGETED_DEVICE_FAMILY = 1,2
               TARGETNAME = shared_preferences_foundation-shared_preferences_foundation_privacy
               TARGET_BUILD_DIR = /Users/gregoriomorelli/Documents/vibra/build/ios/Release-iphonesimulator/shared_preferences_foundation
               TARGET_NAME = shared_preferences_foundation-shared_preferences_foundation_privacy
               TARGET_TEMP_DIR = /Users/gregoriomorelli/Documents/vibra/build/ios/Pods.build/Release-iphonesimulator/shared_preferences_foundation-shared_preferences_foundation_privacy.build
               TEMP_DIR = /Users/gregoriomorelli/Documents/vibra/build/ios/Pods.build/Release-iphonesimulator/shared_preferences_foundation-shared_preferences_foundation_privacy.build
               TEMP_FILES_DIR = /Users/gregoriomorelli/Documents/vibra/build/ios/Pods.build/Release-iphonesimulator/shared_preferences_foundation-shared_preferences_foundation_privacy.build
               TEMP_FILE_DIR = /Users/gregoriomorelli/Documents/vibra/build/ios/Pods.build/Release-iphonesimulator/shared_preferences_foundation-shared_preferences_foundation_privacy.build
               TEMP_ROOT = /Users/gregoriomorelli/Documents/vibra/build/ios
               TEMP_SANDBOX_DIR = /Users/gregoriomorelli/Documents/vibra/build/ios/TemporaryTaskSandboxes
               TEST_FRAMEWORK_SEARCH_PATHS =  /Applications/Xcode.app/Contents/Developer/Platforms/iPhoneSimulator.platform/Developer/Library/Frameworks /Applications/Xcode.app/Contents/Developer/Platforms/iPhoneSimulator.platform/Developer/SDKs/iPhoneSimulator26.5.sdk/Developer/Library/Frameworks
               TEST_LIBRARY_SEARCH_PATHS =  /Applications/Xcode.app/Contents/Developer/Platforms/iPhoneSimulator.platform/Developer/usr/lib
               TOOLCHAINS = com.apple.dt.toolchain.XcodeDefault
               TOOLCHAIN_DIR = /Applications/Xcode.app/Contents/Developer/Toolchains/XcodeDefault.xctoolchain
               TREAT_MISSING_BASELINES_AS_TEST_FAILURES = NO
               TREAT_MISSING_SCRIPT_PHASE_OUTPUTS_AS_ERRORS = NO
               TVOS_DEPLOYMENT_TARGET = 26.5
               UID = 501
               UNINSTALLED_PRODUCTS_DIR = /Users/gregoriomorelli/Documents/vibra/build/ios/UninstalledProducts
               UNLOCALIZED_RESOURCES_FOLDER_PATH = shared_preferences_foundation_privacy.bundle
               UNLOCALIZED_RESOURCES_FOLDER_PATH_SHALLOW_BUNDLE_NO = shared_preferences_foundation_privacy.bundle/Resources
               UNLOCALIZED_RESOURCES_FOLDER_PATH_SHALLOW_BUNDLE_YES = shared_preferences_foundation_privacy.bundle
               UNSTRIPPED_PRODUCT = NO
               USER = gregoriomorelli
               USER_APPS_DIR = /Users/gregoriomorelli/Applications
               USER_LIBRARY_DIR = /Users/gregoriomorelli/Library
               USE_DYNAMIC_NO_PIC = YES
               USE_HEADERMAP = YES
               USE_HEADER_SYMLINKS = NO
               USE_RECURSIVE_SCRIPT_INPUTS_IN_SCRIPT_PHASES = YES
               VALIDATE_DEVELOPMENT_ASSET_PATHS = YES_ERROR
               VALIDATE_PRODUCT = NO
               VALID_ARCHS = arm64 x86_64
               VERBOSE_PBXCP = NO
               VERSIONPLIST_PATH = shared_preferences_foundation_privacy.bundle/version.plist
               VERSION_INFO_BUILDER = gregoriomorelli
               VERSION_INFO_FILE = shared_preferences_foundation_privacy_vers.c
               VERSION_INFO_STRING = "@(#)PROGRAM:shared_preferences_foundation_privacy  PROJECT:Pods-"
               WATCHOS_DEPLOYMENT_TARGET = 26.5
               WORKSPACE_DIR = /Users/gregoriomorelli/Documents/vibra/ios/Pods/Pods.xcodeproj
               WRAPPER_EXTENSION = bundle
               WRAPPER_NAME = shared_preferences_foundation_privacy.bundle
               WRAPPER_SUFFIX = .bundle
               WRAP_ASSET_PACKS_IN_SEPARATE_DIRECTORIES = NO
               XCODE_APP_SUPPORT_DIR = /Applications/Xcode.app/Contents/Developer/Library/Xcode
               XCODE_PRODUCT_BUILD_VERSION = 17F42
               XCODE_VERSION_ACTUAL = 2650
               XCODE_VERSION_MAJOR = 2600
               XCODE_VERSION_MINOR = 2650
               XPCSERVICES_FOLDER_PATH = shared_preferences_foundation_privacy.bundle/XPCServices
               XROS_DEPLOYMENT_TARGET = 26.5
               YACC = yacc
               _DISCOVER_COMMAND_LINE_LINKER_INPUTS = YES
               _DISCOVER_COMMAND_LINE_LINKER_INPUTS_INCLUDE_WL = YES
               _LD_MULTIARCH = YES
               _WRAPPER_CONTENTS_DIR_SHALLOW_BUNDLE_NO = /Contents
               _WRAPPER_PARENT_PATH_SHALLOW_BUNDLE_NO = /..
               _WRAPPER_RESOURCES_DIR_SHALLOW_BUNDLE_NO = /Resources
               __DIAGNOSE_DEPRECATED_ARCHS = YES
               __ORIGINAL_SDK_DEFINED_LLVM_TARGET_TRIPLE_SYS = ios
               arch = undefined_arch
               variant = normal

           Build settings for action build and target sqflite_darwin:
               ACTION = build
               AD_HOC_CODE_SIGNING_ALLOWED = YES
               ALLOW_BUILD_REQUEST_OVERRIDES = NO
               ALLOW_TARGET_PLATFORM_SPECIALIZATION = NO
               ALTERNATE_GROUP = staff
               ALTERNATE_MODE = u+w,go-w,a+rX
               ALTERNATE_OWNER = gregoriomorelli
               ALTERNATIVE_DISTRIBUTION_WEB = NO
               ALWAYS_EMBED_SWIFT_STANDARD_LIBRARIES = NO
               ALWAYS_SEARCH_USER_PATHS = NO
               ALWAYS_USE_SEPARATE_HEADERMAPS = NO
               APPLICATION_EXTENSION_API_ONLY = NO
               APPLY_RULES_IN_COPY_FILES = NO
               APPLY_RULES_IN_COPY_HEADERS = NO
               APP_SHORTCUTS_ENABLE_FLEXIBLE_MATCHING = YES
               ARCHS = arm64 x86_64
               ARCHS_BASE = arm64 x86_64
               ARCHS_STANDARD = arm64 x86_64
               ARCHS_STANDARD_32_64_BIT = arm64 x86_64
               ARCHS_STANDARD_64_BIT = arm64 x86_64
               ARCHS_STANDARD_INCLUDING_64_BIT = arm64 x86_64
               ARCHS_UNIVERSAL_IPHONE_OS = arm64 x86_64
               AUTOMATICALLY_MERGE_DEPENDENCIES = NO
               AUTOMATION_APPLE_EVENTS = NO
               AVAILABLE_PLATFORMS = android appletvos appletvsimulator driverkit freebsd iphoneos iphonesimulator linux macosx none openbsd qnx watchos watchsimulator webassembly xros xrsimulator
               BUILD_ACTIVE_RESOURCES_ONLY = NO
               BUILD_COMPONENTS = headers build
               BUILD_DIR = /Users/gregoriomorelli/Documents/vibra/build/ios
               BUILD_LIBRARY_FOR_DISTRIBUTION = NO
               BUILD_ONLY_KNOWN_LOCALIZATIONS = NO
               BUILD_ROOT = /Users/gregoriomorelli/Documents/vibra/ios/build
               BUILD_STYLE = 
               BUILD_VARIANTS = normal
               BUILT_PRODUCTS_DIR = /Users/gregoriomorelli/Documents/vibra/build/ios/Release-iphonesimulator/sqflite_darwin
               BUNDLE_CONTENTS_FOLDER_PATH_deep = Contents/
               BUNDLE_EXECUTABLE_FOLDER_NAME_deep = MacOS
               BUNDLE_EXTENSIONS_FOLDER_PATH = Extensions
               BUNDLE_FORMAT = shallow
               BUNDLE_FRAMEWORKS_FOLDER_PATH = Frameworks
               BUNDLE_PLUGINS_FOLDER_PATH = PlugIns
               BUNDLE_PRIVATE_HEADERS_FOLDER_PATH = PrivateHeaders
               BUNDLE_PUBLIC_HEADERS_FOLDER_PATH = Headers
               CACHE_ROOT = /var/folders/pg/x6t89f2n7s7299rcw8hv33180000gn/C/com.apple.DeveloperTools/26.5-17F42/Xcode
               CCHROOT = /var/folders/pg/x6t89f2n7s7299rcw8hv33180000gn/C/com.apple.DeveloperTools/26.5-17F42/Xcode
               CHMOD = /bin/chmod
               CHOWN = chown
               CLANG_ANALYZER_LOCALIZABILITY_NONLOCALIZED = YES
               CLANG_ANALYZER_NONNULL = YES
               CLANG_ANALYZER_NUMBER_OBJECT_CONVERSION = YES_AGGRESSIVE
               CLANG_CACHE_FINE_GRAINED_OUTPUTS = YES
               CLANG_CXX_LANGUAGE_STANDARD = gnu++14
               CLANG_CXX_LIBRARY = libc++
               CLANG_ENABLE_EXPLICIT_MODULES = YES
               CLANG_ENABLE_MODULES = YES
               CLANG_ENABLE_OBJC_ARC = YES
               CLANG_ENABLE_OBJC_WEAK = NO
               CLANG_MODULES_BUILD_SESSION_FILE = /var/folders/pg/x6t89f2n7s7299rcw8hv33180000gn/C/org.llvm.clang/ModuleCache.noindex/Session.modulevalidation
               CLANG_WARN_BLOCK_CAPTURE_AUTORELEASING = YES
               CLANG_WARN_BOOL_CONVERSION = YES
               CLANG_WARN_COMMA = YES
               CLANG_WARN_CONSTANT_CONVERSION = YES
               CLANG_WARN_DEPRECATED_OBJC_IMPLEMENTATIONS = YES
               CLANG_WARN_DIRECT_OBJC_ISA_USAGE = YES_ERROR
               CLANG_WARN_DOCUMENTATION_COMMENTS = YES
               CLANG_WARN_EMPTY_BODY = YES
               CLANG_WARN_ENUM_CONVERSION = YES
               CLANG_WARN_INFINITE_RECURSION = YES
               CLANG_WARN_INT_CONVERSION = YES
               CLANG_WARN_NON_LITERAL_NULL_CONVERSION = YES
               CLANG_WARN_OBJC_IMPLICIT_RETAIN_SELF = YES
               CLANG_WARN_OBJC_LITERAL_CONVERSION = YES
               CLANG_WARN_OBJC_ROOT_CLASS = YES_ERROR
               CLANG_WARN_QUOTED_INCLUDE_IN_FRAMEWORK_HEADER = NO
               CLANG_WARN_RANGE_LOOP_ANALYSIS = YES
               CLANG_WARN_STRICT_PROTOTYPES = YES
               CLANG_WARN_SUSPICIOUS_MOVE = YES
               CLANG_WARN_UNGUARDED_AVAILABILITY = YES_AGGRESSIVE
               CLANG_WARN_UNREACHABLE_CODE = YES
               CLANG_WARN__DUPLICATE_METHOD_MATCH = YES
               CLASS_FILE_DIR = /Users/gregoriomorelli/Documents/vibra/build/ios/Pods.build/Release-iphonesimulator/sqflite_darwin.build/JavaClasses
               CLEAN_PRECOMPS = YES
               CLONE_HEADERS = NO
               CODESIGNING_FOLDER_PATH = /Users/gregoriomorelli/Documents/vibra/build/ios/Release-iphonesimulator/sqflite_darwin/sqflite_darwin.framework
               CODE_SIGNING_ALLOWED = YES
               CODE_SIGNING_REQUIRED = NO
               CODE_SIGNING_REQUIRES_TEAM = YES
               CODE_SIGN_CONTEXT_CLASS = XCiPhoneSimulatorCodeSignContext
               CODE_SIGN_IDENTITY = -
               CODE_SIGN_INJECT_BASE_ENTITLEMENTS = YES
               COLOR_DIAGNOSTICS = NO
               COMBINE_HIDPI_IMAGES = NO
               COMPILATION_CACHE_CAS_PATH = /var/folders/pg/x6t89f2n7s7299rcw8hv33180000gn/C/com.apple.DeveloperTools/26.5-17F42/Xcode/CompilationCache.noindex
               COMPILATION_CACHE_KEEP_CAS_DIRECTORY = YES
               COMPILER_INDEX_STORE_ENABLE = Default
               COMPOSITE_SDK_DIRS = /Users/gregoriomorelli/Documents/vibra/build/ios/CompositeSDKs
               COMPRESS_PNG_FILES = YES
               CONFIGURATION = Release
               CONFIGURATION_BUILD_DIR = /Users/gregoriomorelli/Documents/vibra/build/ios/Release-iphonesimulator/sqflite_darwin
               CONFIGURATION_TEMP_DIR = /Users/gregoriomorelli/Documents/vibra/build/ios/Pods.build/Release-iphonesimulator
               CONTENTS_FOLDER_PATH = sqflite_darwin.framework
               CONTENTS_FOLDER_PATH_SHALLOW_BUNDLE_NO = sqflite_darwin.framework/A
               CONTENTS_FOLDER_PATH_SHALLOW_BUNDLE_YES = sqflite_darwin.framework
               COPYING_PRESERVES_HFS_DATA = NO
               COPY_HEADERS_RUN_UNIFDEF = NO
               COPY_PHASE_STRIP = NO
               CORRESPONDING_DEVICE_PLATFORM_DIR = /Applications/Xcode.app/Contents/Developer/Platforms/iPhoneOS.platform
               CORRESPONDING_DEVICE_PLATFORM_NAME = iphoneos
               CORRESPONDING_DEVICE_SDK_DIR = /Applications/Xcode.app/Contents/Developer/Platforms/iPhoneOS.platform/Developer/SDKs/iPhoneOS26.5.sdk
               CORRESPONDING_DEVICE_SDK_NAME = iphoneos26.5
               CP = /bin/cp
               CREATE_INFOPLIST_SECTION_IN_BINARY = NO
               CURRENT_ARCH = undefined_arch
               CURRENT_PROJECT_VERSION = 1
               CURRENT_VARIANT = normal
               CURRENT_VERSION = Current
               DEAD_CODE_STRIPPING = YES
               DEBUGGING_SYMBOLS = YES
               DEBUG_INFORMATION_FORMAT = dwarf-with-dsym
               DEBUG_INFORMATION_VERSION = compiler-default
               DEFAULT_COMPILER = com.apple.compilers.llvm.clang.1_0
               DEFAULT_DEXT_INSTALL_PATH = /System/Library/DriverExtensions
               DEFAULT_KEXT_INSTALL_PATH = /System/Library/Extensions
               DEFINES_MODULE = YES
               DEPLOYMENT_LOCATION = NO
               DEPLOYMENT_POSTPROCESSING = NO
               DEPLOYMENT_TARGET_SETTING_NAME = IPHONEOS_DEPLOYMENT_TARGET
               DEPLOYMENT_TARGET_SUGGESTED_VALUES = 12.0 12.1 12.2 12.3 12.4 13.0 13.1 13.2 13.3 13.4 13.5 13.6 14.0 14.1 14.2 14.3 14.4 14.5 14.6 14.7 15.0 15.1 15.2 15.3 15.4 15.5 15.6 16.0 16.1 16.2 16.3 16.4 16.5 16.6 17.0 17.1 17.2 17.3 17.4 17.5 17.6 18.0 18.1 18.2 18.3 18.4 18.5 18.6 26.0 26.2 26.3 26.4 26.5
               DERIVED_FILES_DIR = /Users/gregoriomorelli/Documents/vibra/build/ios/Pods.build/Release-iphonesimulator/sqflite_darwin.build/DerivedSources
               DERIVED_FILE_DIR = /Users/gregoriomorelli/Documents/vibra/build/ios/Pods.build/Release-iphonesimulator/sqflite_darwin.build/DerivedSources
               DERIVED_SOURCES_DIR = /Users/gregoriomorelli/Documents/vibra/build/ios/Pods.build/Release-iphonesimulator/sqflite_darwin.build/DerivedSources
               DEVELOPER_APPLICATIONS_DIR = /Applications/Xcode.app/Contents/Developer/Applications
               DEVELOPER_BIN_DIR = /Applications/Xcode.app/Contents/Developer/usr/bin
               DEVELOPER_DIR = /Applications/Xcode.app/Contents/Developer
               DEVELOPER_FRAMEWORKS_DIR = /Applications/Xcode.app/Contents/Developer/Library/Frameworks
               DEVELOPER_FRAMEWORKS_DIR_QUOTED = /Applications/Xcode.app/Contents/Developer/Library/Frameworks
               DEVELOPER_LIBRARY_DIR = /Applications/Xcode.app/Contents/Developer/Library
               DEVELOPER_SDK_DIR = /Applications/Xcode.app/Contents/Developer/Platforms/MacOSX.platform/Developer/SDKs
               DEVELOPER_TOOLS_DIR = /Applications/Xcode.app/Contents/Developer/Tools
               DEVELOPER_USR_DIR = /Applications/Xcode.app/Contents/Developer/usr
               DEVELOPMENT_LANGUAGE = en
               DIAGNOSE_MISSING_TARGET_DEPENDENCIES = YES
               DIFF = /usr/bin/diff
               DOCUMENTATION_FOLDER_PATH = sqflite_darwin.framework/en.lproj/Documentation
               DONT_GENERATE_INFOPLIST_FILE = NO
               DRIVERKIT_DEPLOYMENT_TARGET = 25.5
               DSTROOT = /tmp/Pods.dst
               DT_TOOLCHAIN_DIR = /Applications/Xcode.app/Contents/Developer/Toolchains/XcodeDefault.xctoolchain
               DUMP_DEPENDENCIES = NO
               DUMP_DEPENDENCIES_OUTPUT_PATH = /Users/gregoriomorelli/Documents/vibra/build/ios/Pods.build/Release-iphonesimulator/sqflite_darwin.build/sqflite_darwin-BuildDependencyInfo.json
               DWARF_DSYM_FILE_NAME = sqflite_darwin.framework.dSYM
               DWARF_DSYM_FILE_SHOULD_ACCOMPANY_PRODUCT = NO
               DWARF_DSYM_FOLDER_PATH = /Users/gregoriomorelli/Documents/vibra/build/ios/Release-iphonesimulator/sqflite_darwin
               DYLIB_COMPATIBILITY_VERSION = 1
               DYLIB_CURRENT_VERSION = 1
               DYLIB_INSTALL_NAME_BASE = @rpath
               DYNAMIC_LIBRARY_EXTENSION = dylib
               EAGER_COMPILATION_ALLOW_SCRIPTS = NO
               EAGER_LINKING = NO
               EFFECTIVE_PLATFORM_NAME = -iphonesimulator
               EFFECTIVE_SWIFT_VERSION = 5
               EMBEDDED_CONTENT_CONTAINS_SWIFT = NO
               EMBED_ASSET_PACKS_IN_PRODUCT_BUNDLE = NO
               ENABLE_APP_SANDBOX = NO
               ENABLE_BITCODE = NO
               ENABLE_CODE_COVERAGE = YES
               ENABLE_COHORT_ARCHS = NO
               ENABLE_CPLUSPLUS_BOUNDS_SAFE_BUFFERS = NO
               ENABLE_C_BOUNDS_SAFETY = NO
               ENABLE_DEFAULT_HEADER_SEARCH_PATHS = YES
               ENABLE_DEFAULT_SEARCH_PATHS = YES
               ENABLE_ENHANCED_SECURITY = NO
               ENABLE_HARDENED_RUNTIME = NO
               ENABLE_HEADER_DEPENDENCIES = YES
               ENABLE_INCOMING_NETWORK_CONNECTIONS = NO
               ENABLE_MODULE_VERIFIER = NO
               ENABLE_NS_ASSERTIONS = NO
               ENABLE_ON_DEMAND_RESOURCES = NO
               ENABLE_OUTGOING_NETWORK_CONNECTIONS = NO
               ENABLE_POINTER_AUTHENTICATION = NO
               ENABLE_RESOURCE_ACCESS_AUDIO_INPUT = NO
               ENABLE_RESOURCE_ACCESS_BLUETOOTH = NO
               ENABLE_RESOURCE_ACCESS_CALENDARS = NO
               ENABLE_RESOURCE_ACCESS_CAMERA = NO
               ENABLE_RESOURCE_ACCESS_CONTACTS = NO
               ENABLE_RESOURCE_ACCESS_LOCATION = NO
               ENABLE_RESOURCE_ACCESS_PHOTO_LIBRARY = NO
               ENABLE_RESOURCE_ACCESS_PRINTING = NO
               ENABLE_RESOURCE_ACCESS_USB = NO
               ENABLE_SDK_IMPORTS = NO
               ENABLE_SECURITY_COMPILER_WARNINGS = NO
               ENABLE_STRICT_OBJC_MSGSEND = YES
               ENABLE_TESTABILITY = NO
               ENABLE_TESTING_SEARCH_PATHS = NO
               ENABLE_USER_SCRIPT_SANDBOXING = NO
               ENFORCE_VALID_ARCHS = YES
               ENTITLEMENTS_DESTINATION = __entitlements
               ENTITLEMENTS_REQUIRED = NO
               EXCLUDED_ARCHS = i386 i386
               EXCLUDED_INSTALLSRC_SUBDIRECTORY_PATTERNS = .DS_Store .svn .git .hg CVS
               EXCLUDED_RECURSIVE_SEARCH_PATH_SUBDIRECTORIES = *.nib *.lproj *.framework *.gch *.xcode* *.xcassets *.icon (*) .DS_Store CVS .svn .git .hg *.pbproj *.pbxproj
               EXECUTABLES_FOLDER_PATH = sqflite_darwin.framework/en.lproj
               EXECUTABLE_FOLDER_PATH = sqflite_darwin.framework
               EXECUTABLE_FOLDER_PATH_SHALLOW_BUNDLE_NO = sqflite_darwin.framework
               EXECUTABLE_FOLDER_PATH_SHALLOW_BUNDLE_YES = sqflite_darwin.framework
               EXECUTABLE_NAME = sqflite_darwin
               EXECUTABLE_PATH = sqflite_darwin.framework/sqflite_darwin
               EXTENSIONS_FOLDER_PATH = sqflite_darwin.framework/Extensions
               FILE_LIST = /Users/gregoriomorelli/Documents/vibra/build/ios/Pods.build/Release-iphonesimulator/sqflite_darwin.build/Objects/LinkFileList
               FIXED_FILES_DIR = /Users/gregoriomorelli/Documents/vibra/build/ios/Pods.build/Release-iphonesimulator/sqflite_darwin.build/FixedFiles
               FRAMEWORKS_FOLDER_PATH = sqflite_darwin.framework/Frameworks
               FRAMEWORK_FLAG_PREFIX = -framework
               FRAMEWORK_SEARCH_PATHS = /Users/gregoriomorelli/Documents/vibra/build/ios/Release-iphonesimulator/sqflite_darwin "/Users/gregoriomorelli/development/flutter/bin/cache/artifacts/engine/ios-release/Flutter.xcframework/ios-arm64_x86_64-simulator" 
               FRAMEWORK_VERSION = A
               FULL_PRODUCT_NAME = sqflite_darwin.framework
               FUSE_BUILD_PHASES = YES
               FUSE_BUILD_SCRIPT_PHASES = NO
               GCC3_VERSION = 3.3
               GCC_C_LANGUAGE_STANDARD = gnu11
               GCC_INLINES_ARE_PRIVATE_EXTERN = YES
               GCC_NO_COMMON_BLOCKS = YES
               GCC_OBJC_LEGACY_DISPATCH = YES
               GCC_PFE_FILE_C_DIALECTS = c objective-c c++ objective-c++
               GCC_PREFIX_HEADER = Target Support Files/sqflite_darwin/sqflite_darwin-prefix.pch
               GCC_PREPROCESSOR_DEFINITIONS = POD_CONFIGURATION_RELEASE=1  COCOAPODS=1
               GCC_TREAT_WARNINGS_AS_ERRORS = NO
               GCC_VERSION = com.apple.compilers.llvm.clang.1_0
               GCC_VERSION_IDENTIFIER = com_apple_compilers_llvm_clang_1_0
               GCC_WARN_64_TO_32_BIT_CONVERSION = YES
               GCC_WARN_ABOUT_RETURN_TYPE = YES_ERROR
               GCC_WARN_UNDECLARED_SELECTOR = YES
               GCC_WARN_UNINITIALIZED_AUTOS = YES_AGGRESSIVE
               GCC_WARN_UNUSED_FUNCTION = YES
               GCC_WARN_UNUSED_VARIABLE = YES
               GENERATED_MODULEMAP_DIR = /Users/gregoriomorelli/Documents/vibra/build/ios/GeneratedModuleMaps-iphonesimulator
               GENERATE_INFOPLIST_FILE = NO
               GENERATE_INTERMEDIATE_TEXT_BASED_STUBS = YES
               GENERATE_PKGINFO_FILE = NO
               GENERATE_PRELINK_OBJECT_FILE = NO
               GENERATE_PROFILING_CODE = NO
               GENERATE_TEXT_BASED_STUBS = NO
               GID = 20
               GROUP = staff
               HEADERMAP_INCLUDES_FLAT_ENTRIES_FOR_TARGET_BEING_BUILT = YES
               HEADERMAP_INCLUDES_FRAMEWORK_ENTRIES_FOR_ALL_PRODUCT_TYPES = YES
               HEADERMAP_INCLUDES_FRAMEWORK_ENTRIES_FOR_TARGETS_NOT_BEING_BUILT = YES
               HEADERMAP_INCLUDES_NONPUBLIC_NONPRIVATE_HEADERS = YES
               HEADERMAP_INCLUDES_PROJECT_HEADERS = YES
               HEADERMAP_USES_FRAMEWORK_PREFIX_ENTRIES = YES
               HEADERMAP_USES_VFS = YES
               HEADER_SEARCH_PATHS = /Users/gregoriomorelli/Documents/vibra/build/ios/Release-iphonesimulator/sqflite_darwin/include 
               HOME = /Users/gregoriomorelli
               HOST_ARCH = arm64
               HOST_PLATFORM = macosx
               ICONV = /usr/bin/iconv
               IMPLICIT_DEPENDENCY_DOMAIN = default
               INDEX_STORE_COMPRESS = NO
               INDEX_STORE_ONLY_PROJECT_FILES = NO
               INFOPLIST_ENABLE_CFBUNDLEICONS_MERGE = YES
               INFOPLIST_EXPAND_BUILD_SETTINGS = YES
               INFOPLIST_FILE = Target Support Files/sqflite_darwin/sqflite_darwin-Info.plist
               INFOPLIST_OUTPUT_FORMAT = binary
               INFOPLIST_PATH = sqflite_darwin.framework/Info.plist
               INFOPLIST_PREPROCESS = NO
               INFOSTRINGS_PATH = sqflite_darwin.framework/en.lproj/InfoPlist.strings
               INLINE_PRIVATE_FRAMEWORKS = NO
               INSTALLAPI_IGNORE_SKIP_INSTALL = YES
               INSTALLHDRS_COPY_PHASE = NO
               INSTALLHDRS_SCRIPT_PHASE = NO
               INSTALL_DIR = /tmp/Pods.dst/Library/Frameworks
               INSTALL_GROUP = staff
               INSTALL_MODE_FLAG = u+w,go-w,a+rX
               INSTALL_OWNER = gregoriomorelli
               INSTALL_PATH = /Library/Frameworks
               INSTALL_ROOT = /tmp/Pods.dst
               IPHONEOS_DEPLOYMENT_TARGET = 13.0
               IS_UNOPTIMIZED_BUILD = NO
               JAVAC_DEFAULT_FLAGS = -J-Xms64m -J-XX:NewSize=4M -J-Dfile.encoding=UTF8
               JAVA_APP_STUB = /System/Library/Frameworks/JavaVM.framework/Resources/MacOS/JavaApplicationStub
               JAVA_ARCHIVE_CLASSES = YES
               JAVA_ARCHIVE_TYPE = JAR
               JAVA_COMPILER = /usr/bin/javac
               JAVA_FOLDER_PATH = sqflite_darwin.framework/Java
               JAVA_FRAMEWORK_RESOURCES_DIRS = Resources
               JAVA_JAR_FLAGS = cv
               JAVA_SOURCE_SUBDIR = .
               JAVA_USE_DEPENDENCIES = YES
               JAVA_ZIP_FLAGS = -urg
               JIKES_DEFAULT_FLAGS = +E +OLDCSO
               KEEP_PRIVATE_EXTERNS = NO
               LD_DEPENDENCY_INFO_FILE = /Users/gregoriomorelli/Documents/vibra/build/ios/Pods.build/Release-iphonesimulator/sqflite_darwin.build/Objects-normal/undefined_arch/sqflite_darwin_dependency_info.dat
               LD_DYLIB_INSTALL_NAME = @rpath/sqflite_darwin.framework/sqflite_darwin
               LD_EXPORT_SYMBOLS = YES
               LD_GENERATE_MAP_FILE = NO
               LD_MAP_FILE_PATH = /Users/gregoriomorelli/Documents/vibra/build/ios/Pods.build/Release-iphonesimulator/sqflite_darwin.build/sqflite_darwin-LinkMap-normal-undefined_arch.txt
               LD_NO_PIE = NO
               LD_QUOTE_LINKER_ARGUMENTS_FOR_COMPILER_DRIVER = YES
               LD_RUNPATH_SEARCH_PATHS =  @executable_path/Frameworks @loader_path/Frameworks
               LD_SHARED_CACHE_ELIGIBLE = Automatic
               LD_WARN_DUPLICATE_LIBRARIES = NO
               LD_WARN_UNUSED_DYLIBS = NO
               LEGACY_DEVELOPER_DIR = /Applications/Xcode.app/Contents/PlugIns/Xcode3Core.ideplugin/Contents/SharedSupport/Developer
               LEX = lex
               LIBRARY_DEXT_INSTALL_PATH = /Library/DriverExtensions
               LIBRARY_FLAG_NOSPACE = YES
               LIBRARY_FLAG_PREFIX = -l
               LIBRARY_KEXT_INSTALL_PATH = /Library/Extensions
               LIBRARY_SEARCH_PATHS = /Users/gregoriomorelli/Documents/vibra/build/ios/Release-iphonesimulator/sqflite_darwin 
               LINKER_DISPLAYS_MANGLED_NAMES = NO
               LINK_FILE_LIST_normal_arm64 = /Users/gregoriomorelli/Documents/vibra/build/ios/Pods.build/Release-iphonesimulator/sqflite_darwin.build/Objects-normal/arm64/sqflite_darwin.LinkFileList
               LINK_FILE_LIST_normal_x86_64 = /Users/gregoriomorelli/Documents/vibra/build/ios/Pods.build/Release-iphonesimulator/sqflite_darwin.build/Objects-normal/x86_64/sqflite_darwin.LinkFileList
               LINK_OBJC_RUNTIME = YES
               LINK_WITH_STANDARD_LIBRARIES = YES
               LLVM_TARGET_TRIPLE_OS_VERSION = ios13.0
               LLVM_TARGET_TRIPLE_SUFFIX = -simulator
               LLVM_TARGET_TRIPLE_VENDOR = apple
               LM_AUX_CONST_METADATA_LIST_PATH_normal_arm64 = /Users/gregoriomorelli/Documents/vibra/build/ios/Pods.build/Release-iphonesimulator/sqflite_darwin.build/Objects-normal/arm64/sqflite_darwin.SwiftConstValuesFileList
               LM_AUX_CONST_METADATA_LIST_PATH_normal_x86_64 = /Users/gregoriomorelli/Documents/vibra/build/ios/Pods.build/Release-iphonesimulator/sqflite_darwin.build/Objects-normal/x86_64/sqflite_darwin.SwiftConstValuesFileList
               LOCALIZATION_EXPORT_SUPPORTED = YES
               LOCALIZATION_PREFERS_STRING_CATALOGS = NO
               LOCALIZED_RESOURCES_FOLDER_PATH = sqflite_darwin.framework/en.lproj
               LOCALIZED_STRING_CODE_COMMENTS = NO
               LOCALIZED_STRING_MACRO_NAMES = NSLocalizedString CFCopyLocalizedString
               LOCALIZED_STRING_SWIFTUI_SUPPORT = YES
               LOCAL_ADMIN_APPS_DIR = /Applications/Utilities
               LOCAL_APPS_DIR = /Applications
               LOCAL_DEVELOPER_DIR = /Library/Developer
               LOCAL_LIBRARY_DIR = /Library
               LOCROOT = /Users/gregoriomorelli/Documents/vibra/ios/Pods
               LOCSYMROOT = /Users/gregoriomorelli/Documents/vibra/ios/Pods
               MACH_O_TYPE = mh_dylib
               MACOSX_DEPLOYMENT_TARGET = 26.5
               MAC_OS_X_PRODUCT_BUILD_VERSION = 25F84
               MAC_OS_X_VERSION_ACTUAL = 260502
               MAC_OS_X_VERSION_MAJOR = 260000
               MAC_OS_X_VERSION_MINOR = 260500
               MAKE_MERGEABLE = NO
               MERGEABLE_LIBRARY = NO
               MERGED_BINARY_TYPE = none
               MERGE_LINKED_LIBRARIES = NO
               METAL_LIBRARY_FILE_BASE = default
               METAL_LIBRARY_OUTPUT_DIR = /Users/gregoriomorelli/Documents/vibra/build/ios/Release-iphonesimulator/sqflite_darwin/sqflite_darwin.framework
               MODULEMAP_FILE = Target Support Files/sqflite_darwin/sqflite_darwin.modulemap
               MODULES_FOLDER_PATH = sqflite_darwin.framework/Modules
               MTL_ENABLE_DEBUG_INFO = NO
               MTL_FAST_MATH = YES
               NATIVE_ARCH = arm64
               NATIVE_ARCH_32_BIT = arm
               NATIVE_ARCH_64_BIT = arm64
               NATIVE_ARCH_ACTUAL = arm64
               NO_COMMON = YES
               OBJC_ABI_VERSION = 2
               OBJECT_FILE_DIR = /Users/gregoriomorelli/Documents/vibra/build/ios/Pods.build/Release-iphonesimulator/sqflite_darwin.build/Objects
               OBJECT_FILE_DIR_normal = /Users/gregoriomorelli/Documents/vibra/build/ios/Pods.build/Release-iphonesimulator/sqflite_darwin.build/Objects-normal
               OBJROOT = /Users/gregoriomorelli/Documents/vibra/build/ios
               ONLY_ACTIVE_ARCH = NO
               OS = MACOS
               OSAC = /usr/bin/osacompile
               OTHER_LDFLAGS =  -framework Flutter
               PACKAGE_TYPE = com.apple.package-type.wrapper.framework
               PASCAL_STRINGS = YES
               PATH = /Applications/Xcode.app/Contents/SharedFrameworks/SwiftBuild.framework/Versions/A/PlugIns/SWBBuildService.bundle/Contents/PlugIns/SWBUniversalPlatformPlugin.bundle/Contents/Frameworks/SWBUniversalPlatform.framework/Resources:/Applications/Xcode.app/Contents/Developer/Toolchains/XcodeDefault.xctoolchain/usr/bin:/Applications/Xcode.app/Contents/Developer/Toolchains/XcodeDefault.xctoolchain/usr/local/bin:/Applications/Xcode.app/Contents/Developer/Toolchains/XcodeDefault.xctoolchain/usr/libexec:/Applications/Xcode.app/Contents/Developer/Platforms/iPhoneSimulator.platform/usr/bin:/Applications/Xcode.app/Contents/Developer/Platforms/iPhoneSimulator.platform/usr/local/bin:/Applications/Xcode.app/Contents/Developer/Platforms/iPhoneSimulator.platform/Developer/usr/bin:/Applications/Xcode.app/Contents/Developer/Platforms/iPhoneSimulator.platform/Developer/usr/local/bin:/Applications/Xcode.app/Contents/Developer/usr/bin:/Applications/Xcode.app/Contents/Developer/usr/local/bin:/Users/gregoriomorelli/.gemini/antigravity/bin:/Users/gregoriomorelli/Library/Application Support/Antigravity/bin:/opt/homebrew/bin:/opt/homebrew/sbin:/Library/Developer/CommandLineTools/usr/bin:/Users/gregoriomorelli/development/flutter/bin:/Users/gregoriomorelli/Library/Android/sdk/platform-tools:/Users/gregoriomorelli/Library/Android/sdk/cmdline-tools/latest/bin:/Users/gregoriomorelli/Library/Android/sdk/emulator:/Users/gregoriomorelli/.antigravity-ide/antigravity-ide/bin:/Users/gregoriomorelli/.antigravity/antigravity/bin:/Applications/XAMPP/xamppfiles/bin:/Users/gregoriomorelli/develop/flutter/bin:/usr/local/bin:/System/Cryptexes/App/usr/bin:/usr/bin:/bin:/usr/sbin:/sbin:/var/run/com.apple.security.cryptexd/codex.system/bootstrap/usr/local/bin:/var/run/com.apple.security.cryptexd/codex.system/bootstrap/usr/bin:/var/run/com.apple.security.cryptexd/codex.system/bootstrap/usr/appleinternal/bin:/pkg/env/global/bin:/Users/gregoriomorelli/.spicetify
               PATH_PREFIXES_EXCLUDED_FROM_HEADER_DEPENDENCIES = /usr/include /usr/local/include /System/Library/Frameworks /System/Library/PrivateFrameworks /Applications/Xcode.app/Contents/Developer/Headers /Applications/Xcode.app/Contents/Developer/SDKs /Applications/Xcode.app/Contents/Developer/Platforms
               PBDEVELOPMENTPLIST_PATH = sqflite_darwin.framework/pbdevelopment.plist
               PER_ARCH_MODULE_FILE_DIR = /Users/gregoriomorelli/Documents/vibra/build/ios/Pods.build/Release-iphonesimulator/sqflite_darwin.build/Objects-normal/undefined_arch
               PER_ARCH_OBJECT_FILE_DIR = /Users/gregoriomorelli/Documents/vibra/build/ios/Pods.build/Release-iphonesimulator/sqflite_darwin.build/Objects-normal/undefined_arch
               PER_VARIANT_OBJECT_FILE_DIR = /Users/gregoriomorelli/Documents/vibra/build/ios/Pods.build/Release-iphonesimulator/sqflite_darwin.build/Objects-normal
               PKGINFO_FILE_PATH = /Users/gregoriomorelli/Documents/vibra/build/ios/Pods.build/Release-iphonesimulator/sqflite_darwin.build/PkgInfo
               PKGINFO_PATH = sqflite_darwin.framework/PkgInfo
               PLATFORM_DEVELOPER_APPLICATIONS_DIR = /Applications/Xcode.app/Contents/Developer/Platforms/iPhoneSimulator.platform/Developer/Applications
               PLATFORM_DEVELOPER_BIN_DIR = /Applications/Xcode.app/Contents/Developer/Platforms/iPhoneSimulator.platform/Developer/usr/bin
               PLATFORM_DEVELOPER_LIBRARY_DIR = /Applications/Xcode.app/Contents/Developer/Platforms/iPhoneSimulator.platform/Developer/Library
               PLATFORM_DEVELOPER_SDK_DIR = /Applications/Xcode.app/Contents/Developer/Platforms/iPhoneSimulator.platform/Developer/SDKs
               PLATFORM_DEVELOPER_TOOLS_DIR = /Applications/Xcode.app/Contents/Developer/Platforms/iPhoneSimulator.platform/Developer/Tools
               PLATFORM_DEVELOPER_USR_DIR = /Applications/Xcode.app/Contents/Developer/Platforms/iPhoneSimulator.platform/Developer/usr
               PLATFORM_DIR = /Applications/Xcode.app/Contents/Developer/Platforms/iPhoneSimulator.platform
               PLATFORM_DISPLAY_NAME = iOS Simulator
               PLATFORM_FAMILY_NAME = iOS
               PLATFORM_NAME = iphonesimulator
               PLATFORM_PREFERRED_ARCH = x86_64
               PLATFORM_PRODUCT_BUILD_VERSION = 23F73
               PLATFORM_REQUIRES_SWIFT_AUTOLINK_EXTRACT = NO
               PLATFORM_REQUIRES_SWIFT_MODULEWRAP = NO
               PLATFORM_USES_DSYMS = YES
               PLIST_FILE_OUTPUT_FORMAT = binary
               PLUGINS_FOLDER_PATH = sqflite_darwin.framework/PlugIns
               PODS_BUILD_DIR = /Users/gregoriomorelli/Documents/vibra/build/ios
               PODS_CONFIGURATION_BUILD_DIR = /Users/gregoriomorelli/Documents/vibra/build/ios/Release-iphonesimulator
               PODS_DEVELOPMENT_LANGUAGE = en
               PODS_ROOT = /Users/gregoriomorelli/Documents/vibra/ios/Pods
               PODS_TARGET_SRCROOT = /Users/gregoriomorelli/Documents/vibra/ios/Pods/../.symlinks/plugins/sqflite_darwin/darwin
               PODS_XCFRAMEWORKS_BUILD_DIR = /Users/gregoriomorelli/Documents/vibra/build/ios/Release-iphonesimulator/XCFrameworkIntermediates
               PRECOMPS_INCLUDE_HEADERS_FROM_BUILT_PRODUCTS_DIR = YES
               PRECOMP_DESTINATION_DIR = /Users/gregoriomorelli/Documents/vibra/build/ios/Pods.build/Release-iphonesimulator/sqflite_darwin.build/PrefixHeaders
               PRIVATE_HEADERS_FOLDER_PATH = sqflite_darwin.framework/PrivateHeaders
               PROCESSED_INFOPLIST_PATH = /Users/gregoriomorelli/Documents/vibra/build/ios/Pods.build/Release-iphonesimulator/sqflite_darwin.build/Objects-normal/undefined_arch/Processed-Info.plist
               PRODUCT_BUNDLE_IDENTIFIER = org.cocoapods.sqflite-darwin
               PRODUCT_BUNDLE_PACKAGE_TYPE = FMWK
               PRODUCT_MODULE_NAME = sqflite_darwin
               PRODUCT_NAME = sqflite_darwin
               PRODUCT_SETTINGS_PATH = /Users/gregoriomorelli/Documents/vibra/ios/Pods/Target Support Files/sqflite_darwin/sqflite_darwin-Info.plist
               PRODUCT_TYPE = com.apple.product-type.framework
               PROFILING_CODE = NO
               PROJECT = Pods
               PROJECT_DERIVED_FILE_DIR = /Users/gregoriomorelli/Documents/vibra/build/ios/Pods.build/DerivedSources
               PROJECT_DIR = /Users/gregoriomorelli/Documents/vibra/ios/Pods
               PROJECT_FILE_PATH = /Users/gregoriomorelli/Documents/vibra/ios/Pods/Pods.xcodeproj
               PROJECT_GUID = bfdfe7dc352907fc980b868725387e98
               PROJECT_NAME = Pods
               PROJECT_TEMP_DIR = /Users/gregoriomorelli/Documents/vibra/build/ios/Pods.build
               PROJECT_TEMP_ROOT = /Users/gregoriomorelli/Documents/vibra/build/ios
               PUBLIC_HEADERS_FOLDER_PATH = sqflite_darwin.framework/Headers
               RECOMMENDED_IPHONEOS_DEPLOYMENT_TARGET = 15.0
               RECURSIVE_SEARCH_PATHS_FOLLOW_SYMLINKS = YES
               REMOVE_CVS_FROM_RESOURCES = YES
               REMOVE_GIT_FROM_RESOURCES = YES
               REMOVE_HEADERS_FROM_EMBEDDED_BUNDLES = YES
               REMOVE_HG_FROM_RESOURCES = YES
               REMOVE_STATIC_EXECUTABLES_FROM_EMBEDDED_BUNDLES = YES
               REMOVE_SVN_FROM_RESOURCES = YES
               RESCHEDULE_INDEPENDENT_HEADERS_PHASES = YES
               REZ_COLLECTOR_DIR = /Users/gregoriomorelli/Documents/vibra/build/ios/Pods.build/Release-iphonesimulator/sqflite_darwin.build/ResourceManagerResources
               REZ_OBJECTS_DIR = /Users/gregoriomorelli/Documents/vibra/build/ios/Pods.build/Release-iphonesimulator/sqflite_darwin.build/ResourceManagerResources/Objects
               REZ_SEARCH_PATHS = /Users/gregoriomorelli/Documents/vibra/build/ios/Release-iphonesimulator/sqflite_darwin 
               RPATH_ORIGIN = @loader_path
               RUNTIME_EXCEPTION_ALLOW_DYLD_ENVIRONMENT_VARIABLES = NO
               RUNTIME_EXCEPTION_ALLOW_JIT = NO
               RUNTIME_EXCEPTION_ALLOW_UNSIGNED_EXECUTABLE_MEMORY = NO
               RUNTIME_EXCEPTION_DEBUGGING_TOOL = NO
               RUNTIME_EXCEPTION_DISABLE_EXECUTABLE_PAGE_PROTECTION = NO
               RUNTIME_EXCEPTION_DISABLE_LIBRARY_VALIDATION = NO
               SCANNING_PCM_KEEP_CACHE_DIRECTORY = YES
               SCAN_ALL_SOURCE_FILES_FOR_INCLUDES = NO
               SCRIPTS_FOLDER_PATH = sqflite_darwin.framework/Scripts
               SDKROOT = /Applications/Xcode.app/Contents/Developer/Platforms/iPhoneSimulator.platform/Developer/SDKs/iPhoneSimulator26.5.sdk
               SDK_DIR = /Applications/Xcode.app/Contents/Developer/Platforms/iPhoneSimulator.platform/Developer/SDKs/iPhoneSimulator26.5.sdk
               SDK_DIR_iphonesimulator = /Applications/Xcode.app/Contents/Developer/Platforms/iPhoneSimulator.platform/Developer/SDKs/iPhoneSimulator26.5.sdk
               SDK_DIR_iphonesimulator26_5 = /Applications/Xcode.app/Contents/Developer/Platforms/iPhoneSimulator.platform/Developer/SDKs/iPhoneSimulator26.5.sdk
               SDK_NAME = iphonesimulator26.5
               SDK_NAMES = iphonesimulator26.5
               SDK_PRODUCT_BUILD_VERSION = 23F73
               SDK_STAT_CACHE_DIR = /var/folders/pg/x6t89f2n7s7299rcw8hv33180000gn/C/com.apple.DeveloperTools/26.5-17F42/Xcode
               SDK_STAT_CACHE_ENABLE = YES
               SDK_STAT_CACHE_PATH = /var/folders/pg/x6t89f2n7s7299rcw8hv33180000gn/C/com.apple.DeveloperTools/26.5-17F42/Xcode/SDKStatCaches.noindex/iphonesimulator26.5-23F73-6cfe768891a92b912361537c460fe42b.sdkstatcache
               SDK_VERSION = 26.5
               SDK_VERSION_ACTUAL = 260500
               SDK_VERSION_MAJOR = 260000
               SDK_VERSION_MINOR = 260500
               SED = /usr/bin/sed
               SEPARATE_STRIP = NO
               SEPARATE_SYMBOL_EDIT = NO
               SET_DIR_MODE_OWNER_GROUP = YES
               SET_FILE_MODE_OWNER_GROUP = NO
               SHALLOW_BUNDLE = YES
               SHALLOW_BUNDLE_TRIPLE = ios-simulator
               SHALLOW_BUNDLE_ios_macabi = NO
               SHALLOW_BUNDLE_macos = NO
               SHARED_DERIVED_FILE_DIR = /Users/gregoriomorelli/Documents/vibra/build/ios/Release-iphonesimulator/sqflite_darwin/DerivedSources
               SHARED_FRAMEWORKS_FOLDER_PATH = sqflite_darwin.framework/SharedFrameworks
               SHARED_PRECOMPS_DIR = /Users/gregoriomorelli/Documents/vibra/build/ios/SharedPrecompiledHeaders
               SHARED_SUPPORT_FOLDER_PATH = sqflite_darwin.framework
               SKIP_INSTALL = YES
               SKIP_MERGEABLE_LIBRARY_BUNDLE_HOOK = NO
               SOURCE_ROOT = /Users/gregoriomorelli/Documents/vibra/ios/Pods
               SRCROOT = /Users/gregoriomorelli/Documents/vibra/ios/Pods
               STRINGSDATA_DIR = /Users/gregoriomorelli/Documents/vibra/build/ios/Pods.build/Release-iphonesimulator/sqflite_darwin.build/Objects-normal/undefined_arch
               STRINGSDATA_ROOT = /Users/gregoriomorelli/Documents/vibra/build/ios/Pods.build/Release-iphonesimulator/sqflite_darwin.build
               STRINGS_FILE_INFOPLIST_RENAME = YES
               STRINGS_FILE_OUTPUT_ENCODING = binary
               STRING_CATALOG_GENERATE_SYMBOLS = NO
               STRIP_BITCODE_FROM_COPIED_FILES = NO
               STRIP_INSTALLED_PRODUCT = NO
               STRIP_STYLE = debugging
               STRIP_SWIFT_SYMBOLS = YES
               SUPPORTED_DEVICE_FAMILIES = 1,2
               SUPPORTED_PLATFORMS = iphoneos iphonesimulator
               SUPPORTS_TEXT_BASED_API = NO
               SUPPRESS_WARNINGS = NO
               SWIFT_ACTIVE_COMPILATION_CONDITIONS =  
               SWIFT_COMPILATION_MODE = wholemodule
               SWIFT_EMIT_CONST_VALUE_PROTOCOLS = AnyResolverProviding AppEntity AppEnum AppExtension AppIntent AppIntentsPackage AppShortcutProviding AppShortcutsProvider AppUnionValue AppUnionValueCasesProviding DynamicOptionsProvider EntityQuery ExtensionPointDefining IntentValueQuery Resolver TransientEntity _AssistantIntentsProvider _GenerativeFunctionExtractable _IntentValueRepresentable
               SWIFT_EMIT_LOC_STRINGS = NO
               SWIFT_ENABLE_EXPLICIT_MODULES = YES
               SWIFT_INSTALL_MODULE_FOR_DEPLOYMENT = YES
               SWIFT_INSTALL_OBJC_HEADER = YES
               SWIFT_OPTIMIZATION_LEVEL = -O
               SWIFT_PLATFORM_TARGET_PREFIX = ios
               SWIFT_RESPONSE_FILE_PATH_normal_arm64 = /Users/gregoriomorelli/Documents/vibra/build/ios/Pods.build/Release-iphonesimulator/sqflite_darwin.build/Objects-normal/arm64/sqflite_darwin.SwiftFileList
               SWIFT_RESPONSE_FILE_PATH_normal_x86_64 = /Users/gregoriomorelli/Documents/vibra/build/ios/Pods.build/Release-iphonesimulator/sqflite_darwin.build/Objects-normal/x86_64/sqflite_darwin.SwiftFileList
               SWIFT_VERSION = 5.0
               SYMROOT = /Users/gregoriomorelli/Documents/vibra/ios/build
               SYSTEM_ADMIN_APPS_DIR = /Applications/Utilities
               SYSTEM_APPS_DIR = /Applications
               SYSTEM_CORE_SERVICES_DIR = /System/Library/CoreServices
               SYSTEM_DEMOS_DIR = /Applications/Extras
               SYSTEM_DEVELOPER_APPS_DIR = /Applications/Xcode.app/Contents/Developer/Applications
               SYSTEM_DEVELOPER_BIN_DIR = /Applications/Xcode.app/Contents/Developer/usr/bin
               SYSTEM_DEVELOPER_DEMOS_DIR = /Applications/Xcode.app/Contents/Developer/Applications/Utilities/Built Examples
               SYSTEM_DEVELOPER_DIR = /Applications/Xcode.app/Contents/Developer
               SYSTEM_DEVELOPER_DOC_DIR = /Applications/Xcode.app/Contents/Developer/ADC Reference Library
               SYSTEM_DEVELOPER_GRAPHICS_TOOLS_DIR = /Applications/Xcode.app/Contents/Developer/Applications/Graphics Tools
               SYSTEM_DEVELOPER_JAVA_TOOLS_DIR = /Applications/Xcode.app/Contents/Developer/Applications/Java Tools
               SYSTEM_DEVELOPER_PERFORMANCE_TOOLS_DIR = /Applications/Xcode.app/Contents/Developer/Applications/Performance Tools
               SYSTEM_DEVELOPER_RELEASENOTES_DIR = /Applications/Xcode.app/Contents/Developer/ADC Reference Library/releasenotes
               SYSTEM_DEVELOPER_TOOLS = /Applications/Xcode.app/Contents/Developer/Tools
               SYSTEM_DEVELOPER_TOOLS_DOC_DIR = /Applications/Xcode.app/Contents/Developer/ADC Reference Library/documentation/DeveloperTools
               SYSTEM_DEVELOPER_TOOLS_RELEASENOTES_DIR = /Applications/Xcode.app/Contents/Developer/ADC Reference Library/releasenotes/DeveloperTools
               SYSTEM_DEVELOPER_USR_DIR = /Applications/Xcode.app/Contents/Developer/usr
               SYSTEM_DEVELOPER_UTILITIES_DIR = /Applications/Xcode.app/Contents/Developer/Applications/Utilities
               SYSTEM_DEXT_INSTALL_PATH = /System/Library/DriverExtensions
               SYSTEM_DOCUMENTATION_DIR = /Library/Documentation
               SYSTEM_EXTENSIONS_FOLDER_PATH = sqflite_darwin.framework/SystemExtensions
               SYSTEM_EXTENSIONS_FOLDER_PATH_SHALLOW_BUNDLE_NO = sqflite_darwin.framework/Library/SystemExtensions
               SYSTEM_EXTENSIONS_FOLDER_PATH_SHALLOW_BUNDLE_YES = sqflite_darwin.framework/SystemExtensions
               SYSTEM_KEXT_INSTALL_PATH = /System/Library/Extensions
               SYSTEM_LIBRARY_DIR = /System/Library
               TAPI_DEMANGLE = YES
               TAPI_ENABLE_PROJECT_HEADERS = NO
               TAPI_LANGUAGE = objective-c
               TAPI_LANGUAGE_STANDARD = compiler-default
               TAPI_USE_SRCROOT = YES
               TAPI_VERIFY_MODE = Pedantic
               TARGETED_DEVICE_FAMILY = 1,2
               TARGETNAME = sqflite_darwin
               TARGET_BUILD_DIR = /Users/gregoriomorelli/Documents/vibra/build/ios/Release-iphonesimulator/sqflite_darwin
               TARGET_NAME = sqflite_darwin
               TARGET_TEMP_DIR = /Users/gregoriomorelli/Documents/vibra/build/ios/Pods.build/Release-iphonesimulator/sqflite_darwin.build
               TEMP_DIR = /Users/gregoriomorelli/Documents/vibra/build/ios/Pods.build/Release-iphonesimulator/sqflite_darwin.build
               TEMP_FILES_DIR = /Users/gregoriomorelli/Documents/vibra/build/ios/Pods.build/Release-iphonesimulator/sqflite_darwin.build
               TEMP_FILE_DIR = /Users/gregoriomorelli/Documents/vibra/build/ios/Pods.build/Release-iphonesimulator/sqflite_darwin.build
               TEMP_ROOT = /Users/gregoriomorelli/Documents/vibra/build/ios
               TEMP_SANDBOX_DIR = /Users/gregoriomorelli/Documents/vibra/build/ios/TemporaryTaskSandboxes
               TEST_FRAMEWORK_SEARCH_PATHS =  /Applications/Xcode.app/Contents/Developer/Platforms/iPhoneSimulator.platform/Developer/Library/Frameworks /Applications/Xcode.app/Contents/Developer/Platforms/iPhoneSimulator.platform/Developer/SDKs/iPhoneSimulator26.5.sdk/Developer/Library/Frameworks
               TEST_LIBRARY_SEARCH_PATHS =  /Applications/Xcode.app/Contents/Developer/Platforms/iPhoneSimulator.platform/Developer/usr/lib
               TOOLCHAINS = com.apple.dt.toolchain.XcodeDefault
               TOOLCHAIN_DIR = /Applications/Xcode.app/Contents/Developer/Toolchains/XcodeDefault.xctoolchain
               TREAT_MISSING_BASELINES_AS_TEST_FAILURES = NO
               TREAT_MISSING_SCRIPT_PHASE_OUTPUTS_AS_ERRORS = NO
               TVOS_DEPLOYMENT_TARGET = 26.5
               UID = 501
               UNINSTALLED_PRODUCTS_DIR = /Users/gregoriomorelli/Documents/vibra/build/ios/UninstalledProducts
               UNLOCALIZED_RESOURCES_FOLDER_PATH = sqflite_darwin.framework
               UNLOCALIZED_RESOURCES_FOLDER_PATH_SHALLOW_BUNDLE_NO = sqflite_darwin.framework/Resources
               UNLOCALIZED_RESOURCES_FOLDER_PATH_SHALLOW_BUNDLE_YES = sqflite_darwin.framework
               UNSTRIPPED_PRODUCT = NO
               USER = gregoriomorelli
               USER_APPS_DIR = /Users/gregoriomorelli/Applications
               USER_LIBRARY_DIR = /Users/gregoriomorelli/Library
               USE_DYNAMIC_NO_PIC = YES
               USE_HEADERMAP = YES
               USE_HEADER_SYMLINKS = NO
               USE_RECURSIVE_SCRIPT_INPUTS_IN_SCRIPT_PHASES = YES
               VALIDATE_DEVELOPMENT_ASSET_PATHS = YES_ERROR
               VALIDATE_PRODUCT = YES
               VALID_ARCHS = arm64 x86_64
               VERBOSE_PBXCP = NO
               VERSIONING_SYSTEM = apple-generic
               VERSIONPLIST_PATH = sqflite_darwin.framework/version.plist
               VERSIONS_FOLDER_PATH = sqflite_darwin.framework
               VERSIONS_FOLDER_PATH_SHALLOW_BUNDLE_NO = sqflite_darwin.framework/Versions
               VERSIONS_FOLDER_PATH_SHALLOW_BUNDLE_YES = sqflite_darwin.framework
               VERSION_INFO_BUILDER = gregoriomorelli
               VERSION_INFO_FILE = sqflite_darwin_vers.c
               VERSION_INFO_STRING = "@(#)PROGRAM:sqflite_darwin  PROJECT:Pods-1"
               WATCHOS_DEPLOYMENT_TARGET = 26.5
               WORKSPACE_DIR = /Users/gregoriomorelli/Documents/vibra/ios/Pods/Pods.xcodeproj
               WRAPPER_EXTENSION = framework
               WRAPPER_NAME = sqflite_darwin.framework
               WRAPPER_SUFFIX = .framework
               WRAP_ASSET_PACKS_IN_SEPARATE_DIRECTORIES = NO
               XCODE_APP_SUPPORT_DIR = /Applications/Xcode.app/Contents/Developer/Library/Xcode
               XCODE_PRODUCT_BUILD_VERSION = 17F42
               XCODE_VERSION_ACTUAL = 2650
               XCODE_VERSION_MAJOR = 2600
               XCODE_VERSION_MINOR = 2650
               XPCSERVICES_FOLDER_PATH = sqflite_darwin.framework/XPCServices
               XROS_DEPLOYMENT_TARGET = 26.5
               YACC = yacc
               _DISCOVER_COMMAND_LINE_LINKER_INPUTS = YES
               _DISCOVER_COMMAND_LINE_LINKER_INPUTS_INCLUDE_WL = YES
               _LD_MULTIARCH = YES
               _WRAPPER_CONTENTS_DIR_SHALLOW_BUNDLE_NO = /Contents
               _WRAPPER_PARENT_PATH_SHALLOW_BUNDLE_NO = /..
               _WRAPPER_RESOURCES_DIR_SHALLOW_BUNDLE_NO = /Resources
               __DIAGNOSE_DEPRECATED_ARCHS = YES
               __ORIGINAL_SDK_DEFINED_LLVM_TARGET_TRIPLE_SYS = ios
               arch = undefined_arch
               variant = normal

           Build settings for action build and target sqflite_darwin-sqflite_darwin_privacy:
               ACTION = build
               AD_HOC_CODE_SIGNING_ALLOWED = YES
               ALLOW_BUILD_REQUEST_OVERRIDES = NO
               ALLOW_TARGET_PLATFORM_SPECIALIZATION = NO
               ALTERNATE_GROUP = staff
               ALTERNATE_MODE = u+w,go-w,a+rX
               ALTERNATE_OWNER = gregoriomorelli
               ALTERNATIVE_DISTRIBUTION_WEB = NO
               ALWAYS_EMBED_SWIFT_STANDARD_LIBRARIES = NO
               ALWAYS_SEARCH_USER_PATHS = NO
               ALWAYS_USE_SEPARATE_HEADERMAPS = NO
               APPLICATION_EXTENSION_API_ONLY = NO
               APPLY_RULES_IN_COPY_FILES = NO
               APPLY_RULES_IN_COPY_HEADERS = NO
               APP_SHORTCUTS_ENABLE_FLEXIBLE_MATCHING = YES
               ARCHS = arm64 x86_64
               ARCHS_BASE = arm64 x86_64
               ARCHS_STANDARD = arm64 x86_64
               ARCHS_STANDARD_32_64_BIT = arm64 x86_64
               ARCHS_STANDARD_64_BIT = arm64 x86_64
               ARCHS_STANDARD_INCLUDING_64_BIT = arm64 x86_64
               ARCHS_UNIVERSAL_IPHONE_OS = arm64 x86_64
               AUTOMATICALLY_MERGE_DEPENDENCIES = NO
               AUTOMATION_APPLE_EVENTS = NO
               AVAILABLE_PLATFORMS = android appletvos appletvsimulator driverkit freebsd iphoneos iphonesimulator linux macosx none openbsd qnx watchos watchsimulator webassembly xros xrsimulator
               BUILD_ACTIVE_RESOURCES_ONLY = NO
               BUILD_COMPONENTS = headers build
               BUILD_DIR = /Users/gregoriomorelli/Documents/vibra/build/ios
               BUILD_LIBRARY_FOR_DISTRIBUTION = NO
               BUILD_ONLY_KNOWN_LOCALIZATIONS = NO
               BUILD_ROOT = /Users/gregoriomorelli/Documents/vibra/ios/build
               BUILD_STYLE = 
               BUILD_VARIANTS = normal
               BUILT_PRODUCTS_DIR = /Users/gregoriomorelli/Documents/vibra/build/ios/Release-iphonesimulator/sqflite_darwin
               BUNDLE_CONTENTS_FOLDER_PATH_deep = Contents/
               BUNDLE_EXECUTABLE_FOLDER_NAME_deep = MacOS
               BUNDLE_EXTENSIONS_FOLDER_PATH = Extensions
               BUNDLE_FORMAT = shallow
               BUNDLE_FRAMEWORKS_FOLDER_PATH = Frameworks
               BUNDLE_PLUGINS_FOLDER_PATH = PlugIns
               BUNDLE_PRIVATE_HEADERS_FOLDER_PATH = PrivateHeaders
               BUNDLE_PUBLIC_HEADERS_FOLDER_PATH = Headers
               CACHE_ROOT = /var/folders/pg/x6t89f2n7s7299rcw8hv33180000gn/C/com.apple.DeveloperTools/26.5-17F42/Xcode
               CCHROOT = /var/folders/pg/x6t89f2n7s7299rcw8hv33180000gn/C/com.apple.DeveloperTools/26.5-17F42/Xcode
               CHMOD = /bin/chmod
               CHOWN = chown
               CLANG_ANALYZER_LOCALIZABILITY_NONLOCALIZED = YES
               CLANG_ANALYZER_NONNULL = YES
               CLANG_ANALYZER_NUMBER_OBJECT_CONVERSION = YES_AGGRESSIVE
               CLANG_CACHE_FINE_GRAINED_OUTPUTS = YES
               CLANG_CXX_LANGUAGE_STANDARD = gnu++14
               CLANG_CXX_LIBRARY = libc++
               CLANG_ENABLE_EXPLICIT_MODULES = YES
               CLANG_ENABLE_MODULES = YES
               CLANG_ENABLE_OBJC_ARC = YES
               CLANG_ENABLE_OBJC_WEAK = YES
               CLANG_MODULES_BUILD_SESSION_FILE = /var/folders/pg/x6t89f2n7s7299rcw8hv33180000gn/C/org.llvm.clang/ModuleCache.noindex/Session.modulevalidation
               CLANG_WARN_BLOCK_CAPTURE_AUTORELEASING = YES
               CLANG_WARN_BOOL_CONVERSION = YES
               CLANG_WARN_COMMA = YES
               CLANG_WARN_CONSTANT_CONVERSION = YES
               CLANG_WARN_DEPRECATED_OBJC_IMPLEMENTATIONS = YES
               CLANG_WARN_DIRECT_OBJC_ISA_USAGE = YES_ERROR
               CLANG_WARN_DOCUMENTATION_COMMENTS = YES
               CLANG_WARN_EMPTY_BODY = YES
               CLANG_WARN_ENUM_CONVERSION = YES
               CLANG_WARN_INFINITE_RECURSION = YES
               CLANG_WARN_INT_CONVERSION = YES
               CLANG_WARN_NON_LITERAL_NULL_CONVERSION = YES
               CLANG_WARN_OBJC_IMPLICIT_RETAIN_SELF = YES
               CLANG_WARN_OBJC_LITERAL_CONVERSION = YES
               CLANG_WARN_OBJC_ROOT_CLASS = YES_ERROR
               CLANG_WARN_QUOTED_INCLUDE_IN_FRAMEWORK_HEADER = NO
               CLANG_WARN_RANGE_LOOP_ANALYSIS = YES
               CLANG_WARN_STRICT_PROTOTYPES = YES
               CLANG_WARN_SUSPICIOUS_MOVE = YES
               CLANG_WARN_UNGUARDED_AVAILABILITY = YES_AGGRESSIVE
               CLANG_WARN_UNREACHABLE_CODE = YES
               CLANG_WARN__DUPLICATE_METHOD_MATCH = YES
               CLASS_FILE_DIR = /Users/gregoriomorelli/Documents/vibra/build/ios/Pods.build/Release-iphonesimulator/sqflite_darwin-sqflite_darwin_privacy.build/JavaClasses
               CLEAN_PRECOMPS = YES
               CLONE_HEADERS = NO
               CODESIGNING_FOLDER_PATH = /Users/gregoriomorelli/Documents/vibra/build/ios/Release-iphonesimulator/sqflite_darwin/sqflite_darwin_privacy.bundle
               CODE_SIGNING_ALLOWED = NO
               CODE_SIGNING_IDENTITY = -
               CODE_SIGNING_REQUIRED = NO
               CODE_SIGN_CONTEXT_CLASS = XCiPhoneSimulatorCodeSignContext
               CODE_SIGN_IDENTITY = -
               CODE_SIGN_INJECT_BASE_ENTITLEMENTS = YES
               COLOR_DIAGNOSTICS = NO
               COMBINE_HIDPI_IMAGES = NO
               COMPILATION_CACHE_CAS_PATH = /var/folders/pg/x6t89f2n7s7299rcw8hv33180000gn/C/com.apple.DeveloperTools/26.5-17F42/Xcode/CompilationCache.noindex
               COMPILATION_CACHE_KEEP_CAS_DIRECTORY = YES
               COMPILER_INDEX_STORE_ENABLE = Default
               COMPOSITE_SDK_DIRS = /Users/gregoriomorelli/Documents/vibra/build/ios/CompositeSDKs
               COMPRESS_PNG_FILES = YES
               CONFIGURATION = Release
               CONFIGURATION_BUILD_DIR = /Users/gregoriomorelli/Documents/vibra/build/ios/Release-iphonesimulator/sqflite_darwin
               CONFIGURATION_TEMP_DIR = /Users/gregoriomorelli/Documents/vibra/build/ios/Pods.build/Release-iphonesimulator
               CONTENTS_FOLDER_PATH = sqflite_darwin_privacy.bundle
               CONTENTS_FOLDER_PATH_SHALLOW_BUNDLE_NO = sqflite_darwin_privacy.bundle/Contents
               CONTENTS_FOLDER_PATH_SHALLOW_BUNDLE_YES = sqflite_darwin_privacy.bundle
               COPYING_PRESERVES_HFS_DATA = NO
               COPY_HEADERS_RUN_UNIFDEF = NO
               COPY_PHASE_STRIP = NO
               CORRESPONDING_DEVICE_PLATFORM_DIR = /Applications/Xcode.app/Contents/Developer/Platforms/iPhoneOS.platform
               CORRESPONDING_DEVICE_PLATFORM_NAME = iphoneos
               CORRESPONDING_DEVICE_SDK_DIR = /Applications/Xcode.app/Contents/Developer/Platforms/iPhoneOS.platform/Developer/SDKs/iPhoneOS26.5.sdk
               CORRESPONDING_DEVICE_SDK_NAME = iphoneos26.5
               CP = /bin/cp
               CREATE_INFOPLIST_SECTION_IN_BINARY = NO
               CURRENT_ARCH = undefined_arch
               CURRENT_VARIANT = normal
               DEAD_CODE_STRIPPING = YES
               DEBUGGING_SYMBOLS = YES
               DEBUG_INFORMATION_FORMAT = dwarf-with-dsym
               DEBUG_INFORMATION_VERSION = compiler-default
               DEFAULT_COMPILER = com.apple.compilers.llvm.clang.1_0
               DEFAULT_DEXT_INSTALL_PATH = /System/Library/DriverExtensions
               DEFAULT_KEXT_INSTALL_PATH = /System/Library/Extensions
               DEFINES_MODULE = YES
               DEPLOYMENT_LOCATION = NO
               DEPLOYMENT_POSTPROCESSING = NO
               DEPLOYMENT_TARGET_SETTING_NAME = IPHONEOS_DEPLOYMENT_TARGET
               DEPLOYMENT_TARGET_SUGGESTED_VALUES = 12.0 12.1 12.2 12.3 12.4 13.0 13.1 13.2 13.3 13.4 13.5 13.6 14.0 14.1 14.2 14.3 14.4 14.5 14.6 14.7 15.0 15.1 15.2 15.3 15.4 15.5 15.6 16.0 16.1 16.2 16.3 16.4 16.5 16.6 17.0 17.1 17.2 17.3 17.4 17.5 17.6 18.0 18.1 18.2 18.3 18.4 18.5 18.6 26.0 26.2 26.3 26.4 26.5
               DERIVED_FILES_DIR = /Users/gregoriomorelli/Documents/vibra/build/ios/Pods.build/Release-iphonesimulator/sqflite_darwin-sqflite_darwin_privacy.build/DerivedSources
               DERIVED_FILE_DIR = /Users/gregoriomorelli/Documents/vibra/build/ios/Pods.build/Release-iphonesimulator/sqflite_darwin-sqflite_darwin_privacy.build/DerivedSources
               DERIVED_SOURCES_DIR = /Users/gregoriomorelli/Documents/vibra/build/ios/Pods.build/Release-iphonesimulator/sqflite_darwin-sqflite_darwin_privacy.build/DerivedSources
               DEVELOPER_APPLICATIONS_DIR = /Applications/Xcode.app/Contents/Developer/Applications
               DEVELOPER_BIN_DIR = /Applications/Xcode.app/Contents/Developer/usr/bin
               DEVELOPER_DIR = /Applications/Xcode.app/Contents/Developer
               DEVELOPER_FRAMEWORKS_DIR = /Applications/Xcode.app/Contents/Developer/Library/Frameworks
               DEVELOPER_FRAMEWORKS_DIR_QUOTED = /Applications/Xcode.app/Contents/Developer/Library/Frameworks
               DEVELOPER_LIBRARY_DIR = /Applications/Xcode.app/Contents/Developer/Library
               DEVELOPER_SDK_DIR = /Applications/Xcode.app/Contents/Developer/Platforms/MacOSX.platform/Developer/SDKs
               DEVELOPER_TOOLS_DIR = /Applications/Xcode.app/Contents/Developer/Tools
               DEVELOPER_USR_DIR = /Applications/Xcode.app/Contents/Developer/usr
               DEVELOPMENT_LANGUAGE = en
               DIAGNOSE_MISSING_TARGET_DEPENDENCIES = YES
               DIFF = /usr/bin/diff
               DOCUMENTATION_FOLDER_PATH = sqflite_darwin_privacy.bundle/en.lproj/Documentation
               DONT_GENERATE_INFOPLIST_FILE = NO
               DRIVERKIT_DEPLOYMENT_TARGET = 25.5
               DSTROOT = /tmp/Pods.dst
               DT_TOOLCHAIN_DIR = /Applications/Xcode.app/Contents/Developer/Toolchains/XcodeDefault.xctoolchain
               DUMP_DEPENDENCIES = NO
               DUMP_DEPENDENCIES_OUTPUT_PATH = /Users/gregoriomorelli/Documents/vibra/build/ios/Pods.build/Release-iphonesimulator/sqflite_darwin-sqflite_darwin_privacy.build/sqflite_darwin-sqflite_darwin_privacy-BuildDependencyInfo.json
               DWARF_DSYM_FILE_NAME = sqflite_darwin_privacy.bundle.dSYM
               DWARF_DSYM_FILE_SHOULD_ACCOMPANY_PRODUCT = NO
               DWARF_DSYM_FOLDER_PATH = /Users/gregoriomorelli/Documents/vibra/build/ios/Release-iphonesimulator/sqflite_darwin
               DYNAMIC_LIBRARY_EXTENSION = dylib
               EAGER_COMPILATION_ALLOW_SCRIPTS = NO
               EAGER_LINKING = NO
               EFFECTIVE_PLATFORM_NAME = -iphonesimulator
               EFFECTIVE_SWIFT_VERSION = 5
               EMBEDDED_CONTENT_CONTAINS_SWIFT = NO
               EMBED_ASSET_PACKS_IN_PRODUCT_BUNDLE = NO
               ENABLE_APP_SANDBOX = NO
               ENABLE_CODE_COVERAGE = YES
               ENABLE_COHORT_ARCHS = NO
               ENABLE_CPLUSPLUS_BOUNDS_SAFE_BUFFERS = NO
               ENABLE_C_BOUNDS_SAFETY = NO
               ENABLE_DEFAULT_HEADER_SEARCH_PATHS = YES
               ENABLE_DEFAULT_SEARCH_PATHS = YES
               ENABLE_ENHANCED_SECURITY = NO
               ENABLE_HARDENED_RUNTIME = NO
               ENABLE_HEADER_DEPENDENCIES = YES
               ENABLE_INCOMING_NETWORK_CONNECTIONS = NO
               ENABLE_NS_ASSERTIONS = NO
               ENABLE_ON_DEMAND_RESOURCES = NO
               ENABLE_OUTGOING_NETWORK_CONNECTIONS = NO
               ENABLE_POINTER_AUTHENTICATION = NO
               ENABLE_RESOURCE_ACCESS_AUDIO_INPUT = NO
               ENABLE_RESOURCE_ACCESS_BLUETOOTH = NO
               ENABLE_RESOURCE_ACCESS_CALENDARS = NO
               ENABLE_RESOURCE_ACCESS_CAMERA = NO
               ENABLE_RESOURCE_ACCESS_CONTACTS = NO
               ENABLE_RESOURCE_ACCESS_LOCATION = NO
               ENABLE_RESOURCE_ACCESS_PHOTO_LIBRARY = NO
               ENABLE_RESOURCE_ACCESS_PRINTING = NO
               ENABLE_RESOURCE_ACCESS_USB = NO
               ENABLE_SDK_IMPORTS = NO
               ENABLE_SECURITY_COMPILER_WARNINGS = NO
               ENABLE_STRICT_OBJC_MSGSEND = YES
               ENABLE_TESTABILITY = NO
               ENABLE_TESTING_SEARCH_PATHS = NO
               ENABLE_USER_SCRIPT_SANDBOXING = NO
               ENFORCE_VALID_ARCHS = YES
               ENTITLEMENTS_DESTINATION = __entitlements
               ENTITLEMENTS_REQUIRED = NO
               EXCLUDED_ARCHS = i386
               EXCLUDED_INSTALLSRC_SUBDIRECTORY_PATTERNS = .DS_Store .svn .git .hg CVS
               EXCLUDED_RECURSIVE_SEARCH_PATH_SUBDIRECTORIES = *.nib *.lproj *.framework *.gch *.xcode* *.xcassets *.icon (*) .DS_Store CVS .svn .git .hg *.pbproj *.pbxproj
               EXECUTABLES_FOLDER_PATH = sqflite_darwin_privacy.bundle/Executables
               EXECUTABLE_FOLDER_PATH = sqflite_darwin_privacy.bundle
               EXECUTABLE_FOLDER_PATH_SHALLOW_BUNDLE_NO = sqflite_darwin_privacy.bundle/MacOS
               EXECUTABLE_FOLDER_PATH_SHALLOW_BUNDLE_YES = sqflite_darwin_privacy.bundle
               EXECUTABLE_NAME = sqflite_darwin_privacy
               EXECUTABLE_PATH = sqflite_darwin_privacy.bundle/sqflite_darwin_privacy
               EXPANDED_CODE_SIGN_IDENTITY = -
               EXTENSIONS_FOLDER_PATH = sqflite_darwin_privacy.bundle/Extensions
               FILE_LIST = /Users/gregoriomorelli/Documents/vibra/build/ios/Pods.build/Release-iphonesimulator/sqflite_darwin-sqflite_darwin_privacy.build/Objects/LinkFileList
               FIXED_FILES_DIR = /Users/gregoriomorelli/Documents/vibra/build/ios/Pods.build/Release-iphonesimulator/sqflite_darwin-sqflite_darwin_privacy.build/FixedFiles
               FRAMEWORKS_FOLDER_PATH = sqflite_darwin_privacy.bundle/Frameworks
               FRAMEWORK_FLAG_PREFIX = -framework
               FRAMEWORK_SEARCH_PATHS = /Users/gregoriomorelli/Documents/vibra/build/ios/Release-iphonesimulator/sqflite_darwin 
               FRAMEWORK_VERSION = A
               FULL_PRODUCT_NAME = sqflite_darwin_privacy.bundle
               FUSE_BUILD_PHASES = YES
               FUSE_BUILD_SCRIPT_PHASES = NO
               GCC3_VERSION = 3.3
               GCC_C_LANGUAGE_STANDARD = gnu11
               GCC_INLINES_ARE_PRIVATE_EXTERN = YES
               GCC_NO_COMMON_BLOCKS = YES
               GCC_OBJC_LEGACY_DISPATCH = YES
               GCC_PFE_FILE_C_DIALECTS = c objective-c c++ objective-c++
               GCC_PREPROCESSOR_DEFINITIONS = POD_CONFIGURATION_RELEASE=1  COCOAPODS=1
               GCC_TREAT_WARNINGS_AS_ERRORS = NO
               GCC_VERSION = com.apple.compilers.llvm.clang.1_0
               GCC_VERSION_IDENTIFIER = com_apple_compilers_llvm_clang_1_0
               GCC_WARN_64_TO_32_BIT_CONVERSION = YES
               GCC_WARN_ABOUT_RETURN_TYPE = YES_ERROR
               GCC_WARN_UNDECLARED_SELECTOR = YES
               GCC_WARN_UNINITIALIZED_AUTOS = YES_AGGRESSIVE
               GCC_WARN_UNUSED_FUNCTION = YES
               GCC_WARN_UNUSED_VARIABLE = YES
               GENERATED_MODULEMAP_DIR = /Users/gregoriomorelli/Documents/vibra/build/ios/GeneratedModuleMaps-iphonesimulator
               GENERATE_INFOPLIST_FILE = NO
               GENERATE_INTERMEDIATE_TEXT_BASED_STUBS = YES
               GENERATE_PKGINFO_FILE = NO
               GENERATE_PRELINK_OBJECT_FILE = NO
               GENERATE_PROFILING_CODE = NO
               GENERATE_TEXT_BASED_STUBS = NO
               GID = 20
               GROUP = staff
               HEADERMAP_INCLUDES_FLAT_ENTRIES_FOR_TARGET_BEING_BUILT = YES
               HEADERMAP_INCLUDES_FRAMEWORK_ENTRIES_FOR_ALL_PRODUCT_TYPES = YES
               HEADERMAP_INCLUDES_FRAMEWORK_ENTRIES_FOR_TARGETS_NOT_BEING_BUILT = YES
               HEADERMAP_INCLUDES_NONPUBLIC_NONPRIVATE_HEADERS = YES
               HEADERMAP_INCLUDES_PROJECT_HEADERS = YES
               HEADERMAP_USES_FRAMEWORK_PREFIX_ENTRIES = YES
               HEADERMAP_USES_VFS = YES
               HEADER_SEARCH_PATHS = /Users/gregoriomorelli/Documents/vibra/build/ios/Release-iphonesimulator/sqflite_darwin/include 
               HOME = /Users/gregoriomorelli
               HOST_ARCH = arm64
               HOST_PLATFORM = macosx
               IBSC_MODULE = sqflite_darwin
               ICONV = /usr/bin/iconv
               IMPLICIT_DEPENDENCY_DOMAIN = default
               INDEX_STORE_COMPRESS = NO
               INDEX_STORE_ONLY_PROJECT_FILES = NO
               INFOPLIST_ENABLE_CFBUNDLEICONS_MERGE = YES
               INFOPLIST_EXPAND_BUILD_SETTINGS = YES
               INFOPLIST_FILE = Target Support Files/sqflite_darwin/ResourceBundle-sqflite_darwin_privacy-sqflite_darwin-Info.plist
               INFOPLIST_OUTPUT_FORMAT = binary
               INFOPLIST_PATH = sqflite_darwin_privacy.bundle/Info.plist
               INFOPLIST_PREPROCESS = NO
               INFOSTRINGS_PATH = sqflite_darwin_privacy.bundle/en.lproj/InfoPlist.strings
               INLINE_PRIVATE_FRAMEWORKS = NO
               INSTALLAPI_IGNORE_SKIP_INSTALL = YES
               INSTALLHDRS_COPY_PHASE = NO
               INSTALLHDRS_SCRIPT_PHASE = NO
               INSTALL_DIR = /tmp/Pods.dst
               INSTALL_GROUP = staff
               INSTALL_MODE_FLAG = u+w,go-w,a+rX
               INSTALL_OWNER = gregoriomorelli
               INSTALL_ROOT = /tmp/Pods.dst
               IPHONEOS_DEPLOYMENT_TARGET = 12.0
               IS_UNOPTIMIZED_BUILD = NO
               JAVAC_DEFAULT_FLAGS = -J-Xms64m -J-XX:NewSize=4M -J-Dfile.encoding=UTF8
               JAVA_APP_STUB = /System/Library/Frameworks/JavaVM.framework/Resources/MacOS/JavaApplicationStub
               JAVA_ARCHIVE_CLASSES = YES
               JAVA_ARCHIVE_TYPE = JAR
               JAVA_COMPILER = /usr/bin/javac
               JAVA_FOLDER_PATH = sqflite_darwin_privacy.bundle/Java
               JAVA_FRAMEWORK_RESOURCES_DIRS = Resources
               JAVA_JAR_FLAGS = cv
               JAVA_SOURCE_SUBDIR = .
               JAVA_USE_DEPENDENCIES = YES
               JAVA_ZIP_FLAGS = -urg
               JIKES_DEFAULT_FLAGS = +E +OLDCSO
               KEEP_PRIVATE_EXTERNS = NO
               LD_DEPENDENCY_INFO_FILE = /Users/gregoriomorelli/Documents/vibra/build/ios/Pods.build/Release-iphonesimulator/sqflite_darwin-sqflite_darwin_privacy.build/Objects-normal/undefined_arch/sqflite_darwin_privacy_dependency_info.dat
               LD_EXPORT_SYMBOLS = YES
               LD_GENERATE_MAP_FILE = NO
               LD_MAP_FILE_PATH = /Users/gregoriomorelli/Documents/vibra/build/ios/Pods.build/Release-iphonesimulator/sqflite_darwin-sqflite_darwin_privacy.build/sqflite_darwin_privacy-LinkMap-normal-undefined_arch.txt
               LD_NO_PIE = NO
               LD_QUOTE_LINKER_ARGUMENTS_FOR_COMPILER_DRIVER = YES
               LD_SHARED_CACHE_ELIGIBLE = Automatic
               LD_WARN_DUPLICATE_LIBRARIES = NO
               LD_WARN_UNUSED_DYLIBS = NO
               LEGACY_DEVELOPER_DIR = /Applications/Xcode.app/Contents/PlugIns/Xcode3Core.ideplugin/Contents/SharedSupport/Developer
               LEX = lex
               LIBRARY_DEXT_INSTALL_PATH = /Library/DriverExtensions
               LIBRARY_FLAG_NOSPACE = YES
               LIBRARY_FLAG_PREFIX = -l
               LIBRARY_KEXT_INSTALL_PATH = /Library/Extensions
               LIBRARY_SEARCH_PATHS = /Users/gregoriomorelli/Documents/vibra/build/ios/Release-iphonesimulator/sqflite_darwin 
               LINKER_DISPLAYS_MANGLED_NAMES = NO
               LINK_FILE_LIST_normal_arm64 = /Users/gregoriomorelli/Documents/vibra/build/ios/Pods.build/Release-iphonesimulator/sqflite_darwin-sqflite_darwin_privacy.build/Objects-normal/arm64/sqflite_darwin_privacy.LinkFileList
               LINK_FILE_LIST_normal_x86_64 = /Users/gregoriomorelli/Documents/vibra/build/ios/Pods.build/Release-iphonesimulator/sqflite_darwin-sqflite_darwin_privacy.build/Objects-normal/x86_64/sqflite_darwin_privacy.LinkFileList
               LINK_OBJC_RUNTIME = YES
               LINK_WITH_STANDARD_LIBRARIES = YES
               LLVM_TARGET_TRIPLE_OS_VERSION = ios12.0
               LLVM_TARGET_TRIPLE_SUFFIX = -simulator
               LLVM_TARGET_TRIPLE_VENDOR = apple
               LM_AUX_CONST_METADATA_LIST_PATH_normal_arm64 = /Users/gregoriomorelli/Documents/vibra/build/ios/Pods.build/Release-iphonesimulator/sqflite_darwin-sqflite_darwin_privacy.build/Objects-normal/arm64/sqflite_darwin_privacy.SwiftConstValuesFileList
               LM_AUX_CONST_METADATA_LIST_PATH_normal_x86_64 = /Users/gregoriomorelli/Documents/vibra/build/ios/Pods.build/Release-iphonesimulator/sqflite_darwin-sqflite_darwin_privacy.build/Objects-normal/x86_64/sqflite_darwin_privacy.SwiftConstValuesFileList
               LOCALIZATION_EXPORT_SUPPORTED = YES
               LOCALIZATION_PREFERS_STRING_CATALOGS = NO
               LOCALIZED_RESOURCES_FOLDER_PATH = sqflite_darwin_privacy.bundle/en.lproj
               LOCALIZED_STRING_CODE_COMMENTS = NO
               LOCALIZED_STRING_MACRO_NAMES = NSLocalizedString CFCopyLocalizedString
               LOCALIZED_STRING_SWIFTUI_SUPPORT = YES
               LOCAL_ADMIN_APPS_DIR = /Applications/Utilities
               LOCAL_APPS_DIR = /Applications
               LOCAL_DEVELOPER_DIR = /Library/Developer
               LOCAL_LIBRARY_DIR = /Library
               LOCROOT = /Users/gregoriomorelli/Documents/vibra/ios/Pods
               LOCSYMROOT = /Users/gregoriomorelli/Documents/vibra/ios/Pods
               MACH_O_TYPE = mh_bundle
               MACOSX_DEPLOYMENT_TARGET = 26.5
               MAC_OS_X_PRODUCT_BUILD_VERSION = 25F84
               MAC_OS_X_VERSION_ACTUAL = 260502
               MAC_OS_X_VERSION_MAJOR = 260000
               MAC_OS_X_VERSION_MINOR = 260500
               MAKE_MERGEABLE = NO
               MERGEABLE_LIBRARY = NO
               MERGED_BINARY_TYPE = none
               MERGE_LINKED_LIBRARIES = NO
               METAL_LIBRARY_FILE_BASE = default
               METAL_LIBRARY_OUTPUT_DIR = /Users/gregoriomorelli/Documents/vibra/build/ios/Release-iphonesimulator/sqflite_darwin/sqflite_darwin_privacy.bundle
               MODULES_FOLDER_PATH = sqflite_darwin_privacy.bundle/Modules
               MTL_ENABLE_DEBUG_INFO = NO
               MTL_FAST_MATH = YES
               NATIVE_ARCH = arm64
               NATIVE_ARCH_32_BIT = arm
               NATIVE_ARCH_64_BIT = arm64
               NATIVE_ARCH_ACTUAL = arm64
               NO_COMMON = YES
               OBJC_ABI_VERSION = 2
               OBJECT_FILE_DIR = /Users/gregoriomorelli/Documents/vibra/build/ios/Pods.build/Release-iphonesimulator/sqflite_darwin-sqflite_darwin_privacy.build/Objects
               OBJECT_FILE_DIR_normal = /Users/gregoriomorelli/Documents/vibra/build/ios/Pods.build/Release-iphonesimulator/sqflite_darwin-sqflite_darwin_privacy.build/Objects-normal
               OBJROOT = /Users/gregoriomorelli/Documents/vibra/build/ios
               ONLY_ACTIVE_ARCH = NO
               OS = MACOS
               OSAC = /usr/bin/osacompile
               PACKAGE_TYPE = com.apple.package-type.wrapper
               PASCAL_STRINGS = YES
               PATH = /Applications/Xcode.app/Contents/SharedFrameworks/SwiftBuild.framework/Versions/A/PlugIns/SWBBuildService.bundle/Contents/PlugIns/SWBUniversalPlatformPlugin.bundle/Contents/Frameworks/SWBUniversalPlatform.framework/Resources:/Applications/Xcode.app/Contents/Developer/Toolchains/XcodeDefault.xctoolchain/usr/bin:/Applications/Xcode.app/Contents/Developer/Toolchains/XcodeDefault.xctoolchain/usr/local/bin:/Applications/Xcode.app/Contents/Developer/Toolchains/XcodeDefault.xctoolchain/usr/libexec:/Applications/Xcode.app/Contents/Developer/Platforms/iPhoneSimulator.platform/usr/bin:/Applications/Xcode.app/Contents/Developer/Platforms/iPhoneSimulator.platform/usr/local/bin:/Applications/Xcode.app/Contents/Developer/Platforms/iPhoneSimulator.platform/Developer/usr/bin:/Applications/Xcode.app/Contents/Developer/Platforms/iPhoneSimulator.platform/Developer/usr/local/bin:/Applications/Xcode.app/Contents/Developer/usr/bin:/Applications/Xcode.app/Contents/Developer/usr/local/bin:/Users/gregoriomorelli/.gemini/antigravity/bin:/Users/gregoriomorelli/Library/Application Support/Antigravity/bin:/opt/homebrew/bin:/opt/homebrew/sbin:/Library/Developer/CommandLineTools/usr/bin:/Users/gregoriomorelli/development/flutter/bin:/Users/gregoriomorelli/Library/Android/sdk/platform-tools:/Users/gregoriomorelli/Library/Android/sdk/cmdline-tools/latest/bin:/Users/gregoriomorelli/Library/Android/sdk/emulator:/Users/gregoriomorelli/.antigravity-ide/antigravity-ide/bin:/Users/gregoriomorelli/.antigravity/antigravity/bin:/Applications/XAMPP/xamppfiles/bin:/Users/gregoriomorelli/develop/flutter/bin:/usr/local/bin:/System/Cryptexes/App/usr/bin:/usr/bin:/bin:/usr/sbin:/sbin:/var/run/com.apple.security.cryptexd/codex.system/bootstrap/usr/local/bin:/var/run/com.apple.security.cryptexd/codex.system/bootstrap/usr/bin:/var/run/com.apple.security.cryptexd/codex.system/bootstrap/usr/appleinternal/bin:/pkg/env/global/bin:/Users/gregoriomorelli/.spicetify
               PATH_PREFIXES_EXCLUDED_FROM_HEADER_DEPENDENCIES = /usr/include /usr/local/include /System/Library/Frameworks /System/Library/PrivateFrameworks /Applications/Xcode.app/Contents/Developer/Headers /Applications/Xcode.app/Contents/Developer/SDKs /Applications/Xcode.app/Contents/Developer/Platforms
               PBDEVELOPMENTPLIST_PATH = sqflite_darwin_privacy.bundle/pbdevelopment.plist
               PER_ARCH_MODULE_FILE_DIR = /Users/gregoriomorelli/Documents/vibra/build/ios/Pods.build/Release-iphonesimulator/sqflite_darwin-sqflite_darwin_privacy.build/Objects-normal/undefined_arch
               PER_ARCH_OBJECT_FILE_DIR = /Users/gregoriomorelli/Documents/vibra/build/ios/Pods.build/Release-iphonesimulator/sqflite_darwin-sqflite_darwin_privacy.build/Objects-normal/undefined_arch
               PER_VARIANT_OBJECT_FILE_DIR = /Users/gregoriomorelli/Documents/vibra/build/ios/Pods.build/Release-iphonesimulator/sqflite_darwin-sqflite_darwin_privacy.build/Objects-normal
               PKGINFO_FILE_PATH = /Users/gregoriomorelli/Documents/vibra/build/ios/Pods.build/Release-iphonesimulator/sqflite_darwin-sqflite_darwin_privacy.build/PkgInfo
               PKGINFO_PATH = sqflite_darwin_privacy.bundle/PkgInfo
               PLATFORM_DEVELOPER_APPLICATIONS_DIR = /Applications/Xcode.app/Contents/Developer/Platforms/iPhoneSimulator.platform/Developer/Applications
               PLATFORM_DEVELOPER_BIN_DIR = /Applications/Xcode.app/Contents/Developer/Platforms/iPhoneSimulator.platform/Developer/usr/bin
               PLATFORM_DEVELOPER_LIBRARY_DIR = /Applications/Xcode.app/Contents/Developer/Platforms/iPhoneSimulator.platform/Developer/Library
               PLATFORM_DEVELOPER_SDK_DIR = /Applications/Xcode.app/Contents/Developer/Platforms/iPhoneSimulator.platform/Developer/SDKs
               PLATFORM_DEVELOPER_TOOLS_DIR = /Applications/Xcode.app/Contents/Developer/Platforms/iPhoneSimulator.platform/Developer/Tools
               PLATFORM_DEVELOPER_USR_DIR = /Applications/Xcode.app/Contents/Developer/Platforms/iPhoneSimulator.platform/Developer/usr
               PLATFORM_DIR = /Applications/Xcode.app/Contents/Developer/Platforms/iPhoneSimulator.platform
               PLATFORM_DISPLAY_NAME = iOS Simulator
               PLATFORM_FAMILY_NAME = iOS
               PLATFORM_NAME = iphonesimulator
               PLATFORM_PREFERRED_ARCH = x86_64
               PLATFORM_PRODUCT_BUILD_VERSION = 23F73
               PLATFORM_REQUIRES_SWIFT_AUTOLINK_EXTRACT = NO
               PLATFORM_REQUIRES_SWIFT_MODULEWRAP = NO
               PLATFORM_USES_DSYMS = YES
               PLIST_FILE_OUTPUT_FORMAT = binary
               PLUGINS_FOLDER_PATH = sqflite_darwin_privacy.bundle/PlugIns
               PODS_BUILD_DIR = /Users/gregoriomorelli/Documents/vibra/build/ios
               PODS_CONFIGURATION_BUILD_DIR = /Users/gregoriomorelli/Documents/vibra/build/ios/Release-iphonesimulator
               PODS_DEVELOPMENT_LANGUAGE = en
               PODS_ROOT = /Users/gregoriomorelli/Documents/vibra/ios/Pods
               PODS_TARGET_SRCROOT = /Users/gregoriomorelli/Documents/vibra/ios/Pods/../.symlinks/plugins/sqflite_darwin/darwin
               PODS_XCFRAMEWORKS_BUILD_DIR = /Users/gregoriomorelli/Documents/vibra/build/ios/Release-iphonesimulator/XCFrameworkIntermediates
               PRECOMPS_INCLUDE_HEADERS_FROM_BUILT_PRODUCTS_DIR = YES
               PRECOMP_DESTINATION_DIR = /Users/gregoriomorelli/Documents/vibra/build/ios/Pods.build/Release-iphonesimulator/sqflite_darwin-sqflite_darwin_privacy.build/PrefixHeaders
               PRIVATE_HEADERS_FOLDER_PATH = sqflite_darwin_privacy.bundle/PrivateHeaders
               PROCESSED_INFOPLIST_PATH = /Users/gregoriomorelli/Documents/vibra/build/ios/Pods.build/Release-iphonesimulator/sqflite_darwin-sqflite_darwin_privacy.build/Objects-normal/undefined_arch/Processed-Info.plist
               PRODUCT_BUNDLE_IDENTIFIER = org.cocoapods.sqflite-darwin-privacy
               PRODUCT_BUNDLE_PACKAGE_TYPE = BNDL
               PRODUCT_MODULE_NAME = sqflite_darwin_privacy
               PRODUCT_NAME = sqflite_darwin_privacy
               PRODUCT_SETTINGS_PATH = /Users/gregoriomorelli/Documents/vibra/ios/Pods/Target Support Files/sqflite_darwin/ResourceBundle-sqflite_darwin_privacy-sqflite_darwin-Info.plist
               PRODUCT_TYPE = com.apple.product-type.bundle
               PROFILING_CODE = NO
               PROJECT = Pods
               PROJECT_DERIVED_FILE_DIR = /Users/gregoriomorelli/Documents/vibra/build/ios/Pods.build/DerivedSources
               PROJECT_DIR = /Users/gregoriomorelli/Documents/vibra/ios/Pods
               PROJECT_FILE_PATH = /Users/gregoriomorelli/Documents/vibra/ios/Pods/Pods.xcodeproj
               PROJECT_GUID = bfdfe7dc352907fc980b868725387e98
               PROJECT_NAME = Pods
               PROJECT_TEMP_DIR = /Users/gregoriomorelli/Documents/vibra/build/ios/Pods.build
               PROJECT_TEMP_ROOT = /Users/gregoriomorelli/Documents/vibra/build/ios
               PUBLIC_HEADERS_FOLDER_PATH = sqflite_darwin_privacy.bundle/Headers
               RECOMMENDED_IPHONEOS_DEPLOYMENT_TARGET = 15.0
               RECURSIVE_SEARCH_PATHS_FOLLOW_SYMLINKS = YES
               REMOVE_CVS_FROM_RESOURCES = YES
               REMOVE_GIT_FROM_RESOURCES = YES
               REMOVE_HEADERS_FROM_EMBEDDED_BUNDLES = YES
               REMOVE_HG_FROM_RESOURCES = YES
               REMOVE_STATIC_EXECUTABLES_FROM_EMBEDDED_BUNDLES = YES
               REMOVE_SVN_FROM_RESOURCES = YES
               RESCHEDULE_INDEPENDENT_HEADERS_PHASES = YES
               REZ_COLLECTOR_DIR = /Users/gregoriomorelli/Documents/vibra/build/ios/Pods.build/Release-iphonesimulator/sqflite_darwin-sqflite_darwin_privacy.build/ResourceManagerResources
               REZ_OBJECTS_DIR = /Users/gregoriomorelli/Documents/vibra/build/ios/Pods.build/Release-iphonesimulator/sqflite_darwin-sqflite_darwin_privacy.build/ResourceManagerResources/Objects
               REZ_SEARCH_PATHS = /Users/gregoriomorelli/Documents/vibra/build/ios/Release-iphonesimulator/sqflite_darwin 
               RPATH_ORIGIN = @loader_path
               RUNTIME_EXCEPTION_ALLOW_DYLD_ENVIRONMENT_VARIABLES = NO
               RUNTIME_EXCEPTION_ALLOW_JIT = NO
               RUNTIME_EXCEPTION_ALLOW_UNSIGNED_EXECUTABLE_MEMORY = NO
               RUNTIME_EXCEPTION_DEBUGGING_TOOL = NO
               RUNTIME_EXCEPTION_DISABLE_EXECUTABLE_PAGE_PROTECTION = NO
               RUNTIME_EXCEPTION_DISABLE_LIBRARY_VALIDATION = NO
               SCANNING_PCM_KEEP_CACHE_DIRECTORY = YES
               SCAN_ALL_SOURCE_FILES_FOR_INCLUDES = NO
               SCRIPTS_FOLDER_PATH = sqflite_darwin_privacy.bundle/Scripts
               SDKROOT = /Applications/Xcode.app/Contents/Developer/Platforms/iPhoneSimulator.platform/Developer/SDKs/iPhoneSimulator26.5.sdk
               SDK_DIR = /Applications/Xcode.app/Contents/Developer/Platforms/iPhoneSimulator.platform/Developer/SDKs/iPhoneSimulator26.5.sdk
               SDK_DIR_iphonesimulator = /Applications/Xcode.app/Contents/Developer/Platforms/iPhoneSimulator.platform/Developer/SDKs/iPhoneSimulator26.5.sdk
               SDK_DIR_iphonesimulator26_5 = /Applications/Xcode.app/Contents/Developer/Platforms/iPhoneSimulator.platform/Developer/SDKs/iPhoneSimulator26.5.sdk
               SDK_NAME = iphonesimulator26.5
               SDK_NAMES = iphonesimulator26.5
               SDK_PRODUCT_BUILD_VERSION = 23F73
               SDK_STAT_CACHE_DIR = /var/folders/pg/x6t89f2n7s7299rcw8hv33180000gn/C/com.apple.DeveloperTools/26.5-17F42/Xcode
               SDK_STAT_CACHE_ENABLE = YES
               SDK_STAT_CACHE_PATH = /var/folders/pg/x6t89f2n7s7299rcw8hv33180000gn/C/com.apple.DeveloperTools/26.5-17F42/Xcode/SDKStatCaches.noindex/iphonesimulator26.5-23F73-6cfe768891a92b912361537c460fe42b.sdkstatcache
               SDK_VERSION = 26.5
               SDK_VERSION_ACTUAL = 260500
               SDK_VERSION_MAJOR = 260000
               SDK_VERSION_MINOR = 260500
               SED = /usr/bin/sed
               SEPARATE_STRIP = NO
               SEPARATE_SYMBOL_EDIT = NO
               SET_DIR_MODE_OWNER_GROUP = YES
               SET_FILE_MODE_OWNER_GROUP = NO
               SHALLOW_BUNDLE = YES
               SHALLOW_BUNDLE_TRIPLE = ios-simulator
               SHALLOW_BUNDLE_ios_macabi = NO
               SHALLOW_BUNDLE_macos = NO
               SHARED_DERIVED_FILE_DIR = /Users/gregoriomorelli/Documents/vibra/build/ios/Release-iphonesimulator/sqflite_darwin/DerivedSources
               SHARED_FRAMEWORKS_FOLDER_PATH = sqflite_darwin_privacy.bundle/SharedFrameworks
               SHARED_PRECOMPS_DIR = /Users/gregoriomorelli/Documents/vibra/build/ios/SharedPrecompiledHeaders
               SHARED_SUPPORT_FOLDER_PATH = sqflite_darwin_privacy.bundle/SharedSupport
               SKIP_INSTALL = YES
               SKIP_MERGEABLE_LIBRARY_BUNDLE_HOOK = NO
               SOURCE_ROOT = /Users/gregoriomorelli/Documents/vibra/ios/Pods
               SRCROOT = /Users/gregoriomorelli/Documents/vibra/ios/Pods
               STRINGSDATA_DIR = /Users/gregoriomorelli/Documents/vibra/build/ios/Pods.build/Release-iphonesimulator/sqflite_darwin-sqflite_darwin_privacy.build/Objects-normal/undefined_arch
               STRINGSDATA_ROOT = /Users/gregoriomorelli/Documents/vibra/build/ios/Pods.build/Release-iphonesimulator/sqflite_darwin-sqflite_darwin_privacy.build
               STRINGS_FILE_INFOPLIST_RENAME = YES
               STRINGS_FILE_OUTPUT_ENCODING = binary
               STRING_CATALOG_GENERATE_SYMBOLS = NO
               STRIP_BITCODE_FROM_COPIED_FILES = NO
               STRIP_INSTALLED_PRODUCT = NO
               STRIP_STYLE = non-global
               STRIP_SWIFT_SYMBOLS = YES
               SUPPORTED_DEVICE_FAMILIES = 1,2
               SUPPORTED_PLATFORMS = iphoneos iphonesimulator
               SUPPORTS_TEXT_BASED_API = NO
               SUPPRESS_WARNINGS = NO
               SWIFT_COMPILATION_MODE = wholemodule
               SWIFT_EMIT_CONST_VALUE_PROTOCOLS = AnyResolverProviding AppEntity AppEnum AppExtension AppIntent AppIntentsPackage AppShortcutProviding AppShortcutsProvider AppUnionValue AppUnionValueCasesProviding DynamicOptionsProvider EntityQuery ExtensionPointDefining IntentValueQuery Resolver TransientEntity _AssistantIntentsProvider _GenerativeFunctionExtractable _IntentValueRepresentable
               SWIFT_EMIT_LOC_STRINGS = NO
               SWIFT_ENABLE_EXPLICIT_MODULES = YES
               SWIFT_OPTIMIZATION_LEVEL = -O
               SWIFT_PLATFORM_TARGET_PREFIX = ios
               SWIFT_RESPONSE_FILE_PATH_normal_arm64 = /Users/gregoriomorelli/Documents/vibra/build/ios/Pods.build/Release-iphonesimulator/sqflite_darwin-sqflite_darwin_privacy.build/Objects-normal/arm64/sqflite_darwin_privacy.SwiftFileList
               SWIFT_RESPONSE_FILE_PATH_normal_x86_64 = /Users/gregoriomorelli/Documents/vibra/build/ios/Pods.build/Release-iphonesimulator/sqflite_darwin-sqflite_darwin_privacy.build/Objects-normal/x86_64/sqflite_darwin_privacy.SwiftFileList
               SWIFT_VERSION = 5.0
               SYMROOT = /Users/gregoriomorelli/Documents/vibra/ios/build
               SYSTEM_ADMIN_APPS_DIR = /Applications/Utilities
               SYSTEM_APPS_DIR = /Applications
               SYSTEM_CORE_SERVICES_DIR = /System/Library/CoreServices
               SYSTEM_DEMOS_DIR = /Applications/Extras
               SYSTEM_DEVELOPER_APPS_DIR = /Applications/Xcode.app/Contents/Developer/Applications
               SYSTEM_DEVELOPER_BIN_DIR = /Applications/Xcode.app/Contents/Developer/usr/bin
               SYSTEM_DEVELOPER_DEMOS_DIR = /Applications/Xcode.app/Contents/Developer/Applications/Utilities/Built Examples
               SYSTEM_DEVELOPER_DIR = /Applications/Xcode.app/Contents/Developer
               SYSTEM_DEVELOPER_DOC_DIR = /Applications/Xcode.app/Contents/Developer/ADC Reference Library
               SYSTEM_DEVELOPER_GRAPHICS_TOOLS_DIR = /Applications/Xcode.app/Contents/Developer/Applications/Graphics Tools
               SYSTEM_DEVELOPER_JAVA_TOOLS_DIR = /Applications/Xcode.app/Contents/Developer/Applications/Java Tools
               SYSTEM_DEVELOPER_PERFORMANCE_TOOLS_DIR = /Applications/Xcode.app/Contents/Developer/Applications/Performance Tools
               SYSTEM_DEVELOPER_RELEASENOTES_DIR = /Applications/Xcode.app/Contents/Developer/ADC Reference Library/releasenotes
               SYSTEM_DEVELOPER_TOOLS = /Applications/Xcode.app/Contents/Developer/Tools
               SYSTEM_DEVELOPER_TOOLS_DOC_DIR = /Applications/Xcode.app/Contents/Developer/ADC Reference Library/documentation/DeveloperTools
               SYSTEM_DEVELOPER_TOOLS_RELEASENOTES_DIR = /Applications/Xcode.app/Contents/Developer/ADC Reference Library/releasenotes/DeveloperTools
               SYSTEM_DEVELOPER_USR_DIR = /Applications/Xcode.app/Contents/Developer/usr
               SYSTEM_DEVELOPER_UTILITIES_DIR = /Applications/Xcode.app/Contents/Developer/Applications/Utilities
               SYSTEM_DEXT_INSTALL_PATH = /System/Library/DriverExtensions
               SYSTEM_DOCUMENTATION_DIR = /Library/Documentation
               SYSTEM_EXTENSIONS_FOLDER_PATH = sqflite_darwin_privacy.bundle/SystemExtensions
               SYSTEM_EXTENSIONS_FOLDER_PATH_SHALLOW_BUNDLE_NO = sqflite_darwin_privacy.bundle/Library/SystemExtensions
               SYSTEM_EXTENSIONS_FOLDER_PATH_SHALLOW_BUNDLE_YES = sqflite_darwin_privacy.bundle/SystemExtensions
               SYSTEM_KEXT_INSTALL_PATH = /System/Library/Extensions
               SYSTEM_LIBRARY_DIR = /System/Library
               TAPI_DEMANGLE = YES
               TAPI_ENABLE_PROJECT_HEADERS = NO
               TAPI_LANGUAGE = objective-c
               TAPI_LANGUAGE_STANDARD = compiler-default
               TAPI_USE_SRCROOT = YES
               TAPI_VERIFY_MODE = Pedantic
               TARGETED_DEVICE_FAMILY = 1,2
               TARGETNAME = sqflite_darwin-sqflite_darwin_privacy
               TARGET_BUILD_DIR = /Users/gregoriomorelli/Documents/vibra/build/ios/Release-iphonesimulator/sqflite_darwin
               TARGET_NAME = sqflite_darwin-sqflite_darwin_privacy
               TARGET_TEMP_DIR = /Users/gregoriomorelli/Documents/vibra/build/ios/Pods.build/Release-iphonesimulator/sqflite_darwin-sqflite_darwin_privacy.build
               TEMP_DIR = /Users/gregoriomorelli/Documents/vibra/build/ios/Pods.build/Release-iphonesimulator/sqflite_darwin-sqflite_darwin_privacy.build
               TEMP_FILES_DIR = /Users/gregoriomorelli/Documents/vibra/build/ios/Pods.build/Release-iphonesimulator/sqflite_darwin-sqflite_darwin_privacy.build
               TEMP_FILE_DIR = /Users/gregoriomorelli/Documents/vibra/build/ios/Pods.build/Release-iphonesimulator/sqflite_darwin-sqflite_darwin_privacy.build
               TEMP_ROOT = /Users/gregoriomorelli/Documents/vibra/build/ios
               TEMP_SANDBOX_DIR = /Users/gregoriomorelli/Documents/vibra/build/ios/TemporaryTaskSandboxes
               TEST_FRAMEWORK_SEARCH_PATHS =  /Applications/Xcode.app/Contents/Developer/Platforms/iPhoneSimulator.platform/Developer/Library/Frameworks /Applications/Xcode.app/Contents/Developer/Platforms/iPhoneSimulator.platform/Developer/SDKs/iPhoneSimulator26.5.sdk/Developer/Library/Frameworks
               TEST_LIBRARY_SEARCH_PATHS =  /Applications/Xcode.app/Contents/Developer/Platforms/iPhoneSimulator.platform/Developer/usr/lib
               TOOLCHAINS = com.apple.dt.toolchain.XcodeDefault
               TOOLCHAIN_DIR = /Applications/Xcode.app/Contents/Developer/Toolchains/XcodeDefault.xctoolchain
               TREAT_MISSING_BASELINES_AS_TEST_FAILURES = NO
               TREAT_MISSING_SCRIPT_PHASE_OUTPUTS_AS_ERRORS = NO
               TVOS_DEPLOYMENT_TARGET = 26.5
               UID = 501
               UNINSTALLED_PRODUCTS_DIR = /Users/gregoriomorelli/Documents/vibra/build/ios/UninstalledProducts
               UNLOCALIZED_RESOURCES_FOLDER_PATH = sqflite_darwin_privacy.bundle
               UNLOCALIZED_RESOURCES_FOLDER_PATH_SHALLOW_BUNDLE_NO = sqflite_darwin_privacy.bundle/Resources
               UNLOCALIZED_RESOURCES_FOLDER_PATH_SHALLOW_BUNDLE_YES = sqflite_darwin_privacy.bundle
               UNSTRIPPED_PRODUCT = NO
               USER = gregoriomorelli
               USER_APPS_DIR = /Users/gregoriomorelli/Applications
               USER_LIBRARY_DIR = /Users/gregoriomorelli/Library
               USE_DYNAMIC_NO_PIC = YES
               USE_HEADERMAP = YES
               USE_HEADER_SYMLINKS = NO
               USE_RECURSIVE_SCRIPT_INPUTS_IN_SCRIPT_PHASES = YES
               VALIDATE_DEVELOPMENT_ASSET_PATHS = YES_ERROR
               VALIDATE_PRODUCT = NO
               VALID_ARCHS = arm64 x86_64
               VERBOSE_PBXCP = NO
               VERSIONPLIST_PATH = sqflite_darwin_privacy.bundle/version.plist
               VERSION_INFO_BUILDER = gregoriomorelli
               VERSION_INFO_FILE = sqflite_darwin_privacy_vers.c
               VERSION_INFO_STRING = "@(#)PROGRAM:sqflite_darwin_privacy  PROJECT:Pods-"
               WATCHOS_DEPLOYMENT_TARGET = 26.5
               WORKSPACE_DIR = /Users/gregoriomorelli/Documents/vibra/ios/Pods/Pods.xcodeproj
               WRAPPER_EXTENSION = bundle
               WRAPPER_NAME = sqflite_darwin_privacy.bundle
               WRAPPER_SUFFIX = .bundle
               WRAP_ASSET_PACKS_IN_SEPARATE_DIRECTORIES = NO
               XCODE_APP_SUPPORT_DIR = /Applications/Xcode.app/Contents/Developer/Library/Xcode
               XCODE_PRODUCT_BUILD_VERSION = 17F42
               XCODE_VERSION_ACTUAL = 2650
               XCODE_VERSION_MAJOR = 2600
               XCODE_VERSION_MINOR = 2650
               XPCSERVICES_FOLDER_PATH = sqflite_darwin_privacy.bundle/XPCServices
               XROS_DEPLOYMENT_TARGET = 26.5
               YACC = yacc
               _DISCOVER_COMMAND_LINE_LINKER_INPUTS = YES
               _DISCOVER_COMMAND_LINE_LINKER_INPUTS_INCLUDE_WL = YES
               _LD_MULTIARCH = YES
               _WRAPPER_CONTENTS_DIR_SHALLOW_BUNDLE_NO = /Contents
               _WRAPPER_PARENT_PATH_SHALLOW_BUNDLE_NO = /..
               _WRAPPER_RESOURCES_DIR_SHALLOW_BUNDLE_NO = /Resources
               __DIAGNOSE_DEPRECATED_ARCHS = YES
               __ORIGINAL_SDK_DEFINED_LLVM_TARGET_TRIPLE_SYS = ios
               arch = undefined_arch
               variant = normal

           Build settings for action build and target url_launcher_ios:
               ACTION = build
               AD_HOC_CODE_SIGNING_ALLOWED = YES
               ALLOW_BUILD_REQUEST_OVERRIDES = NO
               ALLOW_TARGET_PLATFORM_SPECIALIZATION = NO
               ALTERNATE_GROUP = staff
               ALTERNATE_MODE = u+w,go-w,a+rX
               ALTERNATE_OWNER = gregoriomorelli
               ALTERNATIVE_DISTRIBUTION_WEB = NO
               ALWAYS_EMBED_SWIFT_STANDARD_LIBRARIES = NO
               ALWAYS_SEARCH_USER_PATHS = NO
               ALWAYS_USE_SEPARATE_HEADERMAPS = NO
               APPLICATION_EXTENSION_API_ONLY = NO
               APPLY_RULES_IN_COPY_FILES = NO
               APPLY_RULES_IN_COPY_HEADERS = NO
               APP_SHORTCUTS_ENABLE_FLEXIBLE_MATCHING = YES
               ARCHS = arm64 x86_64
               ARCHS_BASE = arm64 x86_64
               ARCHS_STANDARD = arm64 x86_64
               ARCHS_STANDARD_32_64_BIT = arm64 x86_64
               ARCHS_STANDARD_64_BIT = arm64 x86_64
               ARCHS_STANDARD_INCLUDING_64_BIT = arm64 x86_64
               ARCHS_UNIVERSAL_IPHONE_OS = arm64 x86_64
               AUTOMATICALLY_MERGE_DEPENDENCIES = NO
               AUTOMATION_APPLE_EVENTS = NO
               AVAILABLE_PLATFORMS = android appletvos appletvsimulator driverkit freebsd iphoneos iphonesimulator linux macosx none openbsd qnx watchos watchsimulator webassembly xros xrsimulator
               BUILD_ACTIVE_RESOURCES_ONLY = NO
               BUILD_COMPONENTS = headers build
               BUILD_DIR = /Users/gregoriomorelli/Documents/vibra/build/ios
               BUILD_LIBRARY_FOR_DISTRIBUTION = NO
               BUILD_ONLY_KNOWN_LOCALIZATIONS = NO
               BUILD_ROOT = /Users/gregoriomorelli/Documents/vibra/ios/build
               BUILD_STYLE = 
               BUILD_VARIANTS = normal
               BUILT_PRODUCTS_DIR = /Users/gregoriomorelli/Documents/vibra/build/ios/Release-iphonesimulator/url_launcher_ios
               BUNDLE_CONTENTS_FOLDER_PATH_deep = Contents/
               BUNDLE_EXECUTABLE_FOLDER_NAME_deep = MacOS
               BUNDLE_EXTENSIONS_FOLDER_PATH = Extensions
               BUNDLE_FORMAT = shallow
               BUNDLE_FRAMEWORKS_FOLDER_PATH = Frameworks
               BUNDLE_PLUGINS_FOLDER_PATH = PlugIns
               BUNDLE_PRIVATE_HEADERS_FOLDER_PATH = PrivateHeaders
               BUNDLE_PUBLIC_HEADERS_FOLDER_PATH = Headers
               CACHE_ROOT = /var/folders/pg/x6t89f2n7s7299rcw8hv33180000gn/C/com.apple.DeveloperTools/26.5-17F42/Xcode
               CCHROOT = /var/folders/pg/x6t89f2n7s7299rcw8hv33180000gn/C/com.apple.DeveloperTools/26.5-17F42/Xcode
               CHMOD = /bin/chmod
               CHOWN = chown
               CLANG_ANALYZER_LOCALIZABILITY_NONLOCALIZED = YES
               CLANG_ANALYZER_NONNULL = YES
               CLANG_ANALYZER_NUMBER_OBJECT_CONVERSION = YES_AGGRESSIVE
               CLANG_CACHE_FINE_GRAINED_OUTPUTS = YES
               CLANG_CXX_LANGUAGE_STANDARD = gnu++14
               CLANG_CXX_LIBRARY = libc++
               CLANG_ENABLE_EXPLICIT_MODULES = YES
               CLANG_ENABLE_MODULES = YES
               CLANG_ENABLE_OBJC_ARC = YES
               CLANG_ENABLE_OBJC_WEAK = NO
               CLANG_MODULES_BUILD_SESSION_FILE = /var/folders/pg/x6t89f2n7s7299rcw8hv33180000gn/C/org.llvm.clang/ModuleCache.noindex/Session.modulevalidation
               CLANG_WARN_BLOCK_CAPTURE_AUTORELEASING = YES
               CLANG_WARN_BOOL_CONVERSION = YES
               CLANG_WARN_COMMA = YES
               CLANG_WARN_CONSTANT_CONVERSION = YES
               CLANG_WARN_DEPRECATED_OBJC_IMPLEMENTATIONS = YES
               CLANG_WARN_DIRECT_OBJC_ISA_USAGE = YES_ERROR
               CLANG_WARN_DOCUMENTATION_COMMENTS = YES
               CLANG_WARN_EMPTY_BODY = YES
               CLANG_WARN_ENUM_CONVERSION = YES
               CLANG_WARN_INFINITE_RECURSION = YES
               CLANG_WARN_INT_CONVERSION = YES
               CLANG_WARN_NON_LITERAL_NULL_CONVERSION = YES
               CLANG_WARN_OBJC_IMPLICIT_RETAIN_SELF = YES
               CLANG_WARN_OBJC_LITERAL_CONVERSION = YES
               CLANG_WARN_OBJC_ROOT_CLASS = YES_ERROR
               CLANG_WARN_QUOTED_INCLUDE_IN_FRAMEWORK_HEADER = NO
               CLANG_WARN_RANGE_LOOP_ANALYSIS = YES
               CLANG_WARN_STRICT_PROTOTYPES = YES
               CLANG_WARN_SUSPICIOUS_MOVE = YES
               CLANG_WARN_UNGUARDED_AVAILABILITY = YES_AGGRESSIVE
               CLANG_WARN_UNREACHABLE_CODE = YES
               CLANG_WARN__DUPLICATE_METHOD_MATCH = YES
               CLASS_FILE_DIR = /Users/gregoriomorelli/Documents/vibra/build/ios/Pods.build/Release-iphonesimulator/url_launcher_ios.build/JavaClasses
               CLEAN_PRECOMPS = YES
               CLONE_HEADERS = NO
               CODESIGNING_FOLDER_PATH = /Users/gregoriomorelli/Documents/vibra/build/ios/Release-iphonesimulator/url_launcher_ios/url_launcher_ios.framework
               CODE_SIGNING_ALLOWED = YES
               CODE_SIGNING_REQUIRED = NO
               CODE_SIGNING_REQUIRES_TEAM = YES
               CODE_SIGN_CONTEXT_CLASS = XCiPhoneSimulatorCodeSignContext
               CODE_SIGN_IDENTITY = -
               CODE_SIGN_INJECT_BASE_ENTITLEMENTS = YES
               COLOR_DIAGNOSTICS = NO
               COMBINE_HIDPI_IMAGES = NO
               COMPILATION_CACHE_CAS_PATH = /var/folders/pg/x6t89f2n7s7299rcw8hv33180000gn/C/com.apple.DeveloperTools/26.5-17F42/Xcode/CompilationCache.noindex
               COMPILATION_CACHE_KEEP_CAS_DIRECTORY = YES
               COMPILER_INDEX_STORE_ENABLE = Default
               COMPOSITE_SDK_DIRS = /Users/gregoriomorelli/Documents/vibra/build/ios/CompositeSDKs
               COMPRESS_PNG_FILES = YES
               CONFIGURATION = Release
               CONFIGURATION_BUILD_DIR = /Users/gregoriomorelli/Documents/vibra/build/ios/Release-iphonesimulator/url_launcher_ios
               CONFIGURATION_TEMP_DIR = /Users/gregoriomorelli/Documents/vibra/build/ios/Pods.build/Release-iphonesimulator
               CONTENTS_FOLDER_PATH = url_launcher_ios.framework
               CONTENTS_FOLDER_PATH_SHALLOW_BUNDLE_NO = url_launcher_ios.framework/A
               CONTENTS_FOLDER_PATH_SHALLOW_BUNDLE_YES = url_launcher_ios.framework
               COPYING_PRESERVES_HFS_DATA = NO
               COPY_HEADERS_RUN_UNIFDEF = NO
               COPY_PHASE_STRIP = NO
               CORRESPONDING_DEVICE_PLATFORM_DIR = /Applications/Xcode.app/Contents/Developer/Platforms/iPhoneOS.platform
               CORRESPONDING_DEVICE_PLATFORM_NAME = iphoneos
               CORRESPONDING_DEVICE_SDK_DIR = /Applications/Xcode.app/Contents/Developer/Platforms/iPhoneOS.platform/Developer/SDKs/iPhoneOS26.5.sdk
               CORRESPONDING_DEVICE_SDK_NAME = iphoneos26.5
               CP = /bin/cp
               CREATE_INFOPLIST_SECTION_IN_BINARY = NO
               CURRENT_ARCH = undefined_arch
               CURRENT_PROJECT_VERSION = 1
               CURRENT_VARIANT = normal
               CURRENT_VERSION = Current
               DEAD_CODE_STRIPPING = YES
               DEBUGGING_SYMBOLS = YES
               DEBUG_INFORMATION_FORMAT = dwarf-with-dsym
               DEBUG_INFORMATION_VERSION = compiler-default
               DEFAULT_COMPILER = com.apple.compilers.llvm.clang.1_0
               DEFAULT_DEXT_INSTALL_PATH = /System/Library/DriverExtensions
               DEFAULT_KEXT_INSTALL_PATH = /System/Library/Extensions
               DEFINES_MODULE = YES
               DEPLOYMENT_LOCATION = NO
               DEPLOYMENT_POSTPROCESSING = NO
               DEPLOYMENT_TARGET_SETTING_NAME = IPHONEOS_DEPLOYMENT_TARGET
               DEPLOYMENT_TARGET_SUGGESTED_VALUES = 12.0 12.1 12.2 12.3 12.4 13.0 13.1 13.2 13.3 13.4 13.5 13.6 14.0 14.1 14.2 14.3 14.4 14.5 14.6 14.7 15.0 15.1 15.2 15.3 15.4 15.5 15.6 16.0 16.1 16.2 16.3 16.4 16.5 16.6 17.0 17.1 17.2 17.3 17.4 17.5 17.6 18.0 18.1 18.2 18.3 18.4 18.5 18.6 26.0 26.2 26.3 26.4 26.5
               DERIVED_FILES_DIR = /Users/gregoriomorelli/Documents/vibra/build/ios/Pods.build/Release-iphonesimulator/url_launcher_ios.build/DerivedSources
               DERIVED_FILE_DIR = /Users/gregoriomorelli/Documents/vibra/build/ios/Pods.build/Release-iphonesimulator/url_launcher_ios.build/DerivedSources
               DERIVED_SOURCES_DIR = /Users/gregoriomorelli/Documents/vibra/build/ios/Pods.build/Release-iphonesimulator/url_launcher_ios.build/DerivedSources
               DEVELOPER_APPLICATIONS_DIR = /Applications/Xcode.app/Contents/Developer/Applications
               DEVELOPER_BIN_DIR = /Applications/Xcode.app/Contents/Developer/usr/bin
               DEVELOPER_DIR = /Applications/Xcode.app/Contents/Developer
               DEVELOPER_FRAMEWORKS_DIR = /Applications/Xcode.app/Contents/Developer/Library/Frameworks
               DEVELOPER_FRAMEWORKS_DIR_QUOTED = /Applications/Xcode.app/Contents/Developer/Library/Frameworks
               DEVELOPER_LIBRARY_DIR = /Applications/Xcode.app/Contents/Developer/Library
               DEVELOPER_SDK_DIR = /Applications/Xcode.app/Contents/Developer/Platforms/MacOSX.platform/Developer/SDKs
               DEVELOPER_TOOLS_DIR = /Applications/Xcode.app/Contents/Developer/Tools
               DEVELOPER_USR_DIR = /Applications/Xcode.app/Contents/Developer/usr
               DEVELOPMENT_LANGUAGE = en
               DIAGNOSE_MISSING_TARGET_DEPENDENCIES = YES
               DIFF = /usr/bin/diff
               DOCUMENTATION_FOLDER_PATH = url_launcher_ios.framework/en.lproj/Documentation
               DONT_GENERATE_INFOPLIST_FILE = NO
               DRIVERKIT_DEPLOYMENT_TARGET = 25.5
               DSTROOT = /tmp/Pods.dst
               DT_TOOLCHAIN_DIR = /Applications/Xcode.app/Contents/Developer/Toolchains/XcodeDefault.xctoolchain
               DUMP_DEPENDENCIES = NO
               DUMP_DEPENDENCIES_OUTPUT_PATH = /Users/gregoriomorelli/Documents/vibra/build/ios/Pods.build/Release-iphonesimulator/url_launcher_ios.build/url_launcher_ios-BuildDependencyInfo.json
               DWARF_DSYM_FILE_NAME = url_launcher_ios.framework.dSYM
               DWARF_DSYM_FILE_SHOULD_ACCOMPANY_PRODUCT = NO
               DWARF_DSYM_FOLDER_PATH = /Users/gregoriomorelli/Documents/vibra/build/ios/Release-iphonesimulator/url_launcher_ios
               DYLIB_COMPATIBILITY_VERSION = 1
               DYLIB_CURRENT_VERSION = 1
               DYLIB_INSTALL_NAME_BASE = @rpath
               DYNAMIC_LIBRARY_EXTENSION = dylib
               EAGER_COMPILATION_ALLOW_SCRIPTS = NO
               EAGER_LINKING = NO
               EFFECTIVE_PLATFORM_NAME = -iphonesimulator
               EFFECTIVE_SWIFT_VERSION = 5
               EMBEDDED_CONTENT_CONTAINS_SWIFT = NO
               EMBED_ASSET_PACKS_IN_PRODUCT_BUNDLE = NO
               ENABLE_APP_SANDBOX = NO
               ENABLE_BITCODE = NO
               ENABLE_CODE_COVERAGE = YES
               ENABLE_COHORT_ARCHS = NO
               ENABLE_CPLUSPLUS_BOUNDS_SAFE_BUFFERS = NO
               ENABLE_C_BOUNDS_SAFETY = NO
               ENABLE_DEFAULT_HEADER_SEARCH_PATHS = YES
               ENABLE_DEFAULT_SEARCH_PATHS = YES
               ENABLE_ENHANCED_SECURITY = NO
               ENABLE_HARDENED_RUNTIME = NO
               ENABLE_HEADER_DEPENDENCIES = YES
               ENABLE_INCOMING_NETWORK_CONNECTIONS = NO
               ENABLE_MODULE_VERIFIER = NO
               ENABLE_NS_ASSERTIONS = NO
               ENABLE_ON_DEMAND_RESOURCES = NO
               ENABLE_OUTGOING_NETWORK_CONNECTIONS = NO
               ENABLE_POINTER_AUTHENTICATION = NO
               ENABLE_RESOURCE_ACCESS_AUDIO_INPUT = NO
               ENABLE_RESOURCE_ACCESS_BLUETOOTH = NO
               ENABLE_RESOURCE_ACCESS_CALENDARS = NO
               ENABLE_RESOURCE_ACCESS_CAMERA = NO
               ENABLE_RESOURCE_ACCESS_CONTACTS = NO
               ENABLE_RESOURCE_ACCESS_LOCATION = NO
               ENABLE_RESOURCE_ACCESS_PHOTO_LIBRARY = NO
               ENABLE_RESOURCE_ACCESS_PRINTING = NO
               ENABLE_RESOURCE_ACCESS_USB = NO
               ENABLE_SDK_IMPORTS = NO
               ENABLE_SECURITY_COMPILER_WARNINGS = NO
               ENABLE_STRICT_OBJC_MSGSEND = YES
               ENABLE_TESTABILITY = NO
               ENABLE_TESTING_SEARCH_PATHS = NO
               ENABLE_USER_SCRIPT_SANDBOXING = NO
               ENFORCE_VALID_ARCHS = YES
               ENTITLEMENTS_DESTINATION = __entitlements
               ENTITLEMENTS_REQUIRED = NO
               EXCLUDED_ARCHS =  i386
               EXCLUDED_INSTALLSRC_SUBDIRECTORY_PATTERNS = .DS_Store .svn .git .hg CVS
               EXCLUDED_RECURSIVE_SEARCH_PATH_SUBDIRECTORIES = *.nib *.lproj *.framework *.gch *.xcode* *.xcassets *.icon (*) .DS_Store CVS .svn .git .hg *.pbproj *.pbxproj
               EXECUTABLES_FOLDER_PATH = url_launcher_ios.framework/en.lproj
               EXECUTABLE_FOLDER_PATH = url_launcher_ios.framework
               EXECUTABLE_FOLDER_PATH_SHALLOW_BUNDLE_NO = url_launcher_ios.framework
               EXECUTABLE_FOLDER_PATH_SHALLOW_BUNDLE_YES = url_launcher_ios.framework
               EXECUTABLE_NAME = url_launcher_ios
               EXECUTABLE_PATH = url_launcher_ios.framework/url_launcher_ios
               EXTENSIONS_FOLDER_PATH = url_launcher_ios.framework/Extensions
               FILE_LIST = /Users/gregoriomorelli/Documents/vibra/build/ios/Pods.build/Release-iphonesimulator/url_launcher_ios.build/Objects/LinkFileList
               FIXED_FILES_DIR = /Users/gregoriomorelli/Documents/vibra/build/ios/Pods.build/Release-iphonesimulator/url_launcher_ios.build/FixedFiles
               FRAMEWORKS_FOLDER_PATH = url_launcher_ios.framework/Frameworks
               FRAMEWORK_FLAG_PREFIX = -framework
               FRAMEWORK_SEARCH_PATHS = /Users/gregoriomorelli/Documents/vibra/build/ios/Release-iphonesimulator/url_launcher_ios "/Users/gregoriomorelli/development/flutter/bin/cache/artifacts/engine/ios-release/Flutter.xcframework/ios-arm64_x86_64-simulator" 
               FRAMEWORK_VERSION = A
               FULL_PRODUCT_NAME = url_launcher_ios.framework
               FUSE_BUILD_PHASES = YES
               FUSE_BUILD_SCRIPT_PHASES = NO
               GCC3_VERSION = 3.3
               GCC_C_LANGUAGE_STANDARD = gnu11
               GCC_INLINES_ARE_PRIVATE_EXTERN = YES
               GCC_NO_COMMON_BLOCKS = YES
               GCC_OBJC_LEGACY_DISPATCH = YES
               GCC_PFE_FILE_C_DIALECTS = c objective-c c++ objective-c++
               GCC_PREFIX_HEADER = Target Support Files/url_launcher_ios/url_launcher_ios-prefix.pch
               GCC_PREPROCESSOR_DEFINITIONS = POD_CONFIGURATION_RELEASE=1  COCOAPODS=1
               GCC_TREAT_WARNINGS_AS_ERRORS = NO
               GCC_VERSION = com.apple.compilers.llvm.clang.1_0
               GCC_VERSION_IDENTIFIER = com_apple_compilers_llvm_clang_1_0
               GCC_WARN_64_TO_32_BIT_CONVERSION = YES
               GCC_WARN_ABOUT_RETURN_TYPE = YES_ERROR
               GCC_WARN_UNDECLARED_SELECTOR = YES
               GCC_WARN_UNINITIALIZED_AUTOS = YES_AGGRESSIVE
               GCC_WARN_UNUSED_FUNCTION = YES
               GCC_WARN_UNUSED_VARIABLE = YES
               GENERATED_MODULEMAP_DIR = /Users/gregoriomorelli/Documents/vibra/build/ios/GeneratedModuleMaps-iphonesimulator
               GENERATE_INFOPLIST_FILE = NO
               GENERATE_INTERMEDIATE_TEXT_BASED_STUBS = YES
               GENERATE_PKGINFO_FILE = NO
               GENERATE_PRELINK_OBJECT_FILE = NO
               GENERATE_PROFILING_CODE = NO
               GENERATE_TEXT_BASED_STUBS = NO
               GID = 20
               GROUP = staff
               HEADERMAP_INCLUDES_FLAT_ENTRIES_FOR_TARGET_BEING_BUILT = YES
               HEADERMAP_INCLUDES_FRAMEWORK_ENTRIES_FOR_ALL_PRODUCT_TYPES = YES
               HEADERMAP_INCLUDES_FRAMEWORK_ENTRIES_FOR_TARGETS_NOT_BEING_BUILT = YES
               HEADERMAP_INCLUDES_NONPUBLIC_NONPRIVATE_HEADERS = YES
               HEADERMAP_INCLUDES_PROJECT_HEADERS = YES
               HEADERMAP_USES_FRAMEWORK_PREFIX_ENTRIES = YES
               HEADERMAP_USES_VFS = YES
               HEADER_SEARCH_PATHS = /Users/gregoriomorelli/Documents/vibra/build/ios/Release-iphonesimulator/url_launcher_ios/include 
               HOME = /Users/gregoriomorelli
               HOST_ARCH = arm64
               HOST_PLATFORM = macosx
               ICONV = /usr/bin/iconv
               IMPLICIT_DEPENDENCY_DOMAIN = default
               INDEX_STORE_COMPRESS = NO
               INDEX_STORE_ONLY_PROJECT_FILES = NO
               INFOPLIST_ENABLE_CFBUNDLEICONS_MERGE = YES
               INFOPLIST_EXPAND_BUILD_SETTINGS = YES
               INFOPLIST_FILE = Target Support Files/url_launcher_ios/url_launcher_ios-Info.plist
               INFOPLIST_OUTPUT_FORMAT = binary
               INFOPLIST_PATH = url_launcher_ios.framework/Info.plist
               INFOPLIST_PREPROCESS = NO
               INFOSTRINGS_PATH = url_launcher_ios.framework/en.lproj/InfoPlist.strings
               INLINE_PRIVATE_FRAMEWORKS = NO
               INSTALLAPI_IGNORE_SKIP_INSTALL = YES
               INSTALLHDRS_COPY_PHASE = NO
               INSTALLHDRS_SCRIPT_PHASE = NO
               INSTALL_DIR = /tmp/Pods.dst/Library/Frameworks
               INSTALL_GROUP = staff
               INSTALL_MODE_FLAG = u+w,go-w,a+rX
               INSTALL_OWNER = gregoriomorelli
               INSTALL_PATH = /Library/Frameworks
               INSTALL_ROOT = /tmp/Pods.dst
               IPHONEOS_DEPLOYMENT_TARGET = 13.0
               IS_UNOPTIMIZED_BUILD = NO
               JAVAC_DEFAULT_FLAGS = -J-Xms64m -J-XX:NewSize=4M -J-Dfile.encoding=UTF8
               JAVA_APP_STUB = /System/Library/Frameworks/JavaVM.framework/Resources/MacOS/JavaApplicationStub
               JAVA_ARCHIVE_CLASSES = YES
               JAVA_ARCHIVE_TYPE = JAR
               JAVA_COMPILER = /usr/bin/javac
               JAVA_FOLDER_PATH = url_launcher_ios.framework/Java
               JAVA_FRAMEWORK_RESOURCES_DIRS = Resources
               JAVA_JAR_FLAGS = cv
               JAVA_SOURCE_SUBDIR = .
               JAVA_USE_DEPENDENCIES = YES
               JAVA_ZIP_FLAGS = -urg
               JIKES_DEFAULT_FLAGS = +E +OLDCSO
               KEEP_PRIVATE_EXTERNS = NO
               LD_DEPENDENCY_INFO_FILE = /Users/gregoriomorelli/Documents/vibra/build/ios/Pods.build/Release-iphonesimulator/url_launcher_ios.build/Objects-normal/undefined_arch/url_launcher_ios_dependency_info.dat
               LD_DYLIB_INSTALL_NAME = @rpath/url_launcher_ios.framework/url_launcher_ios
               LD_EXPORT_SYMBOLS = YES
               LD_GENERATE_MAP_FILE = NO
               LD_MAP_FILE_PATH = /Users/gregoriomorelli/Documents/vibra/build/ios/Pods.build/Release-iphonesimulator/url_launcher_ios.build/url_launcher_ios-LinkMap-normal-undefined_arch.txt
               LD_NO_PIE = NO
               LD_QUOTE_LINKER_ARGUMENTS_FOR_COMPILER_DRIVER = YES
               LD_RUNPATH_SEARCH_PATHS =  /usr/lib/swift
               LD_SHARED_CACHE_ELIGIBLE = Automatic
               LD_WARN_DUPLICATE_LIBRARIES = NO
               LD_WARN_UNUSED_DYLIBS = NO
               LEGACY_DEVELOPER_DIR = /Applications/Xcode.app/Contents/PlugIns/Xcode3Core.ideplugin/Contents/SharedSupport/Developer
               LEX = lex
               LIBRARY_DEXT_INSTALL_PATH = /Library/DriverExtensions
               LIBRARY_FLAG_NOSPACE = YES
               LIBRARY_FLAG_PREFIX = -l
               LIBRARY_KEXT_INSTALL_PATH = /Library/Extensions
               LIBRARY_SEARCH_PATHS = /Users/gregoriomorelli/Documents/vibra/build/ios/Release-iphonesimulator/url_launcher_ios /Applications/Xcode.app/Contents/Developer/Toolchains/XcodeDefault.xctoolchain/usr/lib/swift/iphonesimulator /Applications/Xcode.app/Contents/Developer/Platforms/iPhoneSimulator.platform/Developer/SDKs/iPhoneSimulator26.5.sdk/usr/lib/swift /Applications/Xcode.app/Contents/Developer/Toolchains/XcodeDefault.xctoolchain/usr/lib/swift/iphonesimulator /Applications/Xcode.app/Contents/Developer/Platforms/iPhoneSimulator.platform/Developer/SDKs/iPhoneSimulator26.5.sdk/usr/lib/swift
               LINKER_DISPLAYS_MANGLED_NAMES = NO
               LINK_FILE_LIST_normal_arm64 = /Users/gregoriomorelli/Documents/vibra/build/ios/Pods.build/Release-iphonesimulator/url_launcher_ios.build/Objects-normal/arm64/url_launcher_ios.LinkFileList
               LINK_FILE_LIST_normal_x86_64 = /Users/gregoriomorelli/Documents/vibra/build/ios/Pods.build/Release-iphonesimulator/url_launcher_ios.build/Objects-normal/x86_64/url_launcher_ios.LinkFileList
               LINK_OBJC_RUNTIME = YES
               LINK_WITH_STANDARD_LIBRARIES = YES
               LLVM_TARGET_TRIPLE_OS_VERSION = ios13.0
               LLVM_TARGET_TRIPLE_SUFFIX = -simulator
               LLVM_TARGET_TRIPLE_VENDOR = apple
               LM_AUX_CONST_METADATA_LIST_PATH_normal_arm64 = /Users/gregoriomorelli/Documents/vibra/build/ios/Pods.build/Release-iphonesimulator/url_launcher_ios.build/Objects-normal/arm64/url_launcher_ios.SwiftConstValuesFileList
               LM_AUX_CONST_METADATA_LIST_PATH_normal_x86_64 = /Users/gregoriomorelli/Documents/vibra/build/ios/Pods.build/Release-iphonesimulator/url_launcher_ios.build/Objects-normal/x86_64/url_launcher_ios.SwiftConstValuesFileList
               LOCALIZATION_EXPORT_SUPPORTED = YES
               LOCALIZATION_PREFERS_STRING_CATALOGS = NO
               LOCALIZED_RESOURCES_FOLDER_PATH = url_launcher_ios.framework/en.lproj
               LOCALIZED_STRING_CODE_COMMENTS = NO
               LOCALIZED_STRING_MACRO_NAMES = NSLocalizedString CFCopyLocalizedString
               LOCALIZED_STRING_SWIFTUI_SUPPORT = YES
               LOCAL_ADMIN_APPS_DIR = /Applications/Utilities
               LOCAL_APPS_DIR = /Applications
               LOCAL_DEVELOPER_DIR = /Library/Developer
               LOCAL_LIBRARY_DIR = /Library
               LOCROOT = /Users/gregoriomorelli/Documents/vibra/ios/Pods
               LOCSYMROOT = /Users/gregoriomorelli/Documents/vibra/ios/Pods
               MACH_O_TYPE = mh_dylib
               MACOSX_DEPLOYMENT_TARGET = 26.5
               MAC_OS_X_PRODUCT_BUILD_VERSION = 25F84
               MAC_OS_X_VERSION_ACTUAL = 260502
               MAC_OS_X_VERSION_MAJOR = 260000
               MAC_OS_X_VERSION_MINOR = 260500
               MAKE_MERGEABLE = NO
               MERGEABLE_LIBRARY = NO
               MERGED_BINARY_TYPE = none
               MERGE_LINKED_LIBRARIES = NO
               METAL_LIBRARY_FILE_BASE = default
               METAL_LIBRARY_OUTPUT_DIR = /Users/gregoriomorelli/Documents/vibra/build/ios/Release-iphonesimulator/url_launcher_ios/url_launcher_ios.framework
               MODULEMAP_FILE = Target Support Files/url_launcher_ios/url_launcher_ios.modulemap
               MODULES_FOLDER_PATH = url_launcher_ios.framework/Modules
               MTL_ENABLE_DEBUG_INFO = NO
               MTL_FAST_MATH = YES
               NATIVE_ARCH = arm64
               NATIVE_ARCH_32_BIT = arm
               NATIVE_ARCH_64_BIT = arm64
               NATIVE_ARCH_ACTUAL = arm64
               NO_COMMON = YES
               OBJC_ABI_VERSION = 2
               OBJECT_FILE_DIR = /Users/gregoriomorelli/Documents/vibra/build/ios/Pods.build/Release-iphonesimulator/url_launcher_ios.build/Objects
               OBJECT_FILE_DIR_normal = /Users/gregoriomorelli/Documents/vibra/build/ios/Pods.build/Release-iphonesimulator/url_launcher_ios.build/Objects-normal
               OBJROOT = /Users/gregoriomorelli/Documents/vibra/build/ios
               ONLY_ACTIVE_ARCH = NO
               OS = MACOS
               OSAC = /usr/bin/osacompile
               OTHER_LDFLAGS =  -framework Flutter
               OTHER_SWIFT_FLAGS =  -D COCOAPODS
               PACKAGE_TYPE = com.apple.package-type.wrapper.framework
               PASCAL_STRINGS = YES
               PATH = /Applications/Xcode.app/Contents/SharedFrameworks/SwiftBuild.framework/Versions/A/PlugIns/SWBBuildService.bundle/Contents/PlugIns/SWBUniversalPlatformPlugin.bundle/Contents/Frameworks/SWBUniversalPlatform.framework/Resources:/Applications/Xcode.app/Contents/Developer/Toolchains/XcodeDefault.xctoolchain/usr/bin:/Applications/Xcode.app/Contents/Developer/Toolchains/XcodeDefault.xctoolchain/usr/local/bin:/Applications/Xcode.app/Contents/Developer/Toolchains/XcodeDefault.xctoolchain/usr/libexec:/Applications/Xcode.app/Contents/Developer/Platforms/iPhoneSimulator.platform/usr/bin:/Applications/Xcode.app/Contents/Developer/Platforms/iPhoneSimulator.platform/usr/local/bin:/Applications/Xcode.app/Contents/Developer/Platforms/iPhoneSimulator.platform/Developer/usr/bin:/Applications/Xcode.app/Contents/Developer/Platforms/iPhoneSimulator.platform/Developer/usr/local/bin:/Applications/Xcode.app/Contents/Developer/usr/bin:/Applications/Xcode.app/Contents/Developer/usr/local/bin:/Users/gregoriomorelli/.gemini/antigravity/bin:/Users/gregoriomorelli/Library/Application Support/Antigravity/bin:/opt/homebrew/bin:/opt/homebrew/sbin:/Library/Developer/CommandLineTools/usr/bin:/Users/gregoriomorelli/development/flutter/bin:/Users/gregoriomorelli/Library/Android/sdk/platform-tools:/Users/gregoriomorelli/Library/Android/sdk/cmdline-tools/latest/bin:/Users/gregoriomorelli/Library/Android/sdk/emulator:/Users/gregoriomorelli/.antigravity-ide/antigravity-ide/bin:/Users/gregoriomorelli/.antigravity/antigravity/bin:/Applications/XAMPP/xamppfiles/bin:/Users/gregoriomorelli/develop/flutter/bin:/usr/local/bin:/System/Cryptexes/App/usr/bin:/usr/bin:/bin:/usr/sbin:/sbin:/var/run/com.apple.security.cryptexd/codex.system/bootstrap/usr/local/bin:/var/run/com.apple.security.cryptexd/codex.system/bootstrap/usr/bin:/var/run/com.apple.security.cryptexd/codex.system/bootstrap/usr/appleinternal/bin:/pkg/env/global/bin:/Users/gregoriomorelli/.spicetify
               PATH_PREFIXES_EXCLUDED_FROM_HEADER_DEPENDENCIES = /usr/include /usr/local/include /System/Library/Frameworks /System/Library/PrivateFrameworks /Applications/Xcode.app/Contents/Developer/Headers /Applications/Xcode.app/Contents/Developer/SDKs /Applications/Xcode.app/Contents/Developer/Platforms
               PBDEVELOPMENTPLIST_PATH = url_launcher_ios.framework/pbdevelopment.plist
               PER_ARCH_MODULE_FILE_DIR = /Users/gregoriomorelli/Documents/vibra/build/ios/Pods.build/Release-iphonesimulator/url_launcher_ios.build/Objects-normal/undefined_arch
               PER_ARCH_OBJECT_FILE_DIR = /Users/gregoriomorelli/Documents/vibra/build/ios/Pods.build/Release-iphonesimulator/url_launcher_ios.build/Objects-normal/undefined_arch
               PER_VARIANT_OBJECT_FILE_DIR = /Users/gregoriomorelli/Documents/vibra/build/ios/Pods.build/Release-iphonesimulator/url_launcher_ios.build/Objects-normal
               PKGINFO_FILE_PATH = /Users/gregoriomorelli/Documents/vibra/build/ios/Pods.build/Release-iphonesimulator/url_launcher_ios.build/PkgInfo
               PKGINFO_PATH = url_launcher_ios.framework/PkgInfo
               PLATFORM_DEVELOPER_APPLICATIONS_DIR = /Applications/Xcode.app/Contents/Developer/Platforms/iPhoneSimulator.platform/Developer/Applications
               PLATFORM_DEVELOPER_BIN_DIR = /Applications/Xcode.app/Contents/Developer/Platforms/iPhoneSimulator.platform/Developer/usr/bin
               PLATFORM_DEVELOPER_LIBRARY_DIR = /Applications/Xcode.app/Contents/Developer/Platforms/iPhoneSimulator.platform/Developer/Library
               PLATFORM_DEVELOPER_SDK_DIR = /Applications/Xcode.app/Contents/Developer/Platforms/iPhoneSimulator.platform/Developer/SDKs
               PLATFORM_DEVELOPER_TOOLS_DIR = /Applications/Xcode.app/Contents/Developer/Platforms/iPhoneSimulator.platform/Developer/Tools
               PLATFORM_DEVELOPER_USR_DIR = /Applications/Xcode.app/Contents/Developer/Platforms/iPhoneSimulator.platform/Developer/usr
               PLATFORM_DIR = /Applications/Xcode.app/Contents/Developer/Platforms/iPhoneSimulator.platform
               PLATFORM_DISPLAY_NAME = iOS Simulator
               PLATFORM_FAMILY_NAME = iOS
               PLATFORM_NAME = iphonesimulator
               PLATFORM_PREFERRED_ARCH = x86_64
               PLATFORM_PRODUCT_BUILD_VERSION = 23F73
               PLATFORM_REQUIRES_SWIFT_AUTOLINK_EXTRACT = NO
               PLATFORM_REQUIRES_SWIFT_MODULEWRAP = NO
               PLATFORM_USES_DSYMS = YES
               PLIST_FILE_OUTPUT_FORMAT = binary
               PLUGINS_FOLDER_PATH = url_launcher_ios.framework/PlugIns
               PODS_BUILD_DIR = /Users/gregoriomorelli/Documents/vibra/build/ios
               PODS_CONFIGURATION_BUILD_DIR = /Users/gregoriomorelli/Documents/vibra/build/ios/Release-iphonesimulator
               PODS_DEVELOPMENT_LANGUAGE = en
               PODS_ROOT = /Users/gregoriomorelli/Documents/vibra/ios/Pods
               PODS_TARGET_SRCROOT = /Users/gregoriomorelli/Documents/vibra/ios/Pods/../.symlinks/plugins/url_launcher_ios/ios
               PODS_XCFRAMEWORKS_BUILD_DIR = /Users/gregoriomorelli/Documents/vibra/build/ios/Release-iphonesimulator/XCFrameworkIntermediates
               PRECOMPS_INCLUDE_HEADERS_FROM_BUILT_PRODUCTS_DIR = YES
               PRECOMP_DESTINATION_DIR = /Users/gregoriomorelli/Documents/vibra/build/ios/Pods.build/Release-iphonesimulator/url_launcher_ios.build/PrefixHeaders
               PRIVATE_HEADERS_FOLDER_PATH = url_launcher_ios.framework/PrivateHeaders
               PROCESSED_INFOPLIST_PATH = /Users/gregoriomorelli/Documents/vibra/build/ios/Pods.build/Release-iphonesimulator/url_launcher_ios.build/Objects-normal/undefined_arch/Processed-Info.plist
               PRODUCT_BUNDLE_IDENTIFIER = org.cocoapods.url-launcher-ios
               PRODUCT_BUNDLE_PACKAGE_TYPE = FMWK
               PRODUCT_MODULE_NAME = url_launcher_ios
               PRODUCT_NAME = url_launcher_ios
               PRODUCT_SETTINGS_PATH = /Users/gregoriomorelli/Documents/vibra/ios/Pods/Target Support Files/url_launcher_ios/url_launcher_ios-Info.plist
               PRODUCT_TYPE = com.apple.product-type.framework
               PROFILING_CODE = NO
               PROJECT = Pods
               PROJECT_DERIVED_FILE_DIR = /Users/gregoriomorelli/Documents/vibra/build/ios/Pods.build/DerivedSources
               PROJECT_DIR = /Users/gregoriomorelli/Documents/vibra/ios/Pods
               PROJECT_FILE_PATH = /Users/gregoriomorelli/Documents/vibra/ios/Pods/Pods.xcodeproj
               PROJECT_GUID = bfdfe7dc352907fc980b868725387e98
               PROJECT_NAME = Pods
               PROJECT_TEMP_DIR = /Users/gregoriomorelli/Documents/vibra/build/ios/Pods.build
               PROJECT_TEMP_ROOT = /Users/gregoriomorelli/Documents/vibra/build/ios
               PUBLIC_HEADERS_FOLDER_PATH = url_launcher_ios.framework/Headers
               RECOMMENDED_IPHONEOS_DEPLOYMENT_TARGET = 15.0
               RECURSIVE_SEARCH_PATHS_FOLLOW_SYMLINKS = YES
               REMOVE_CVS_FROM_RESOURCES = YES
               REMOVE_GIT_FROM_RESOURCES = YES
               REMOVE_HEADERS_FROM_EMBEDDED_BUNDLES = YES
               REMOVE_HG_FROM_RESOURCES = YES
               REMOVE_STATIC_EXECUTABLES_FROM_EMBEDDED_BUNDLES = YES
               REMOVE_SVN_FROM_RESOURCES = YES
               RESCHEDULE_INDEPENDENT_HEADERS_PHASES = YES
               REZ_COLLECTOR_DIR = /Users/gregoriomorelli/Documents/vibra/build/ios/Pods.build/Release-iphonesimulator/url_launcher_ios.build/ResourceManagerResources
               REZ_OBJECTS_DIR = /Users/gregoriomorelli/Documents/vibra/build/ios/Pods.build/Release-iphonesimulator/url_launcher_ios.build/ResourceManagerResources/Objects
               REZ_SEARCH_PATHS = /Users/gregoriomorelli/Documents/vibra/build/ios/Release-iphonesimulator/url_launcher_ios 
               RPATH_ORIGIN = @loader_path
               RUNTIME_EXCEPTION_ALLOW_DYLD_ENVIRONMENT_VARIABLES = NO
               RUNTIME_EXCEPTION_ALLOW_JIT = NO
               RUNTIME_EXCEPTION_ALLOW_UNSIGNED_EXECUTABLE_MEMORY = NO
               RUNTIME_EXCEPTION_DEBUGGING_TOOL = NO
               RUNTIME_EXCEPTION_DISABLE_EXECUTABLE_PAGE_PROTECTION = NO
               RUNTIME_EXCEPTION_DISABLE_LIBRARY_VALIDATION = NO
               SCANNING_PCM_KEEP_CACHE_DIRECTORY = YES
               SCAN_ALL_SOURCE_FILES_FOR_INCLUDES = NO
               SCRIPTS_FOLDER_PATH = url_launcher_ios.framework/Scripts
               SDKROOT = /Applications/Xcode.app/Contents/Developer/Platforms/iPhoneSimulator.platform/Developer/SDKs/iPhoneSimulator26.5.sdk
               SDK_DIR = /Applications/Xcode.app/Contents/Developer/Platforms/iPhoneSimulator.platform/Developer/SDKs/iPhoneSimulator26.5.sdk
               SDK_DIR_iphonesimulator = /Applications/Xcode.app/Contents/Developer/Platforms/iPhoneSimulator.platform/Developer/SDKs/iPhoneSimulator26.5.sdk
               SDK_DIR_iphonesimulator26_5 = /Applications/Xcode.app/Contents/Developer/Platforms/iPhoneSimulator.platform/Developer/SDKs/iPhoneSimulator26.5.sdk
               SDK_NAME = iphonesimulator26.5
               SDK_NAMES = iphonesimulator26.5
               SDK_PRODUCT_BUILD_VERSION = 23F73
               SDK_STAT_CACHE_DIR = /var/folders/pg/x6t89f2n7s7299rcw8hv33180000gn/C/com.apple.DeveloperTools/26.5-17F42/Xcode
               SDK_STAT_CACHE_ENABLE = YES
               SDK_STAT_CACHE_PATH = /var/folders/pg/x6t89f2n7s7299rcw8hv33180000gn/C/com.apple.DeveloperTools/26.5-17F42/Xcode/SDKStatCaches.noindex/iphonesimulator26.5-23F73-6cfe768891a92b912361537c460fe42b.sdkstatcache
               SDK_VERSION = 26.5
               SDK_VERSION_ACTUAL = 260500
               SDK_VERSION_MAJOR = 260000
               SDK_VERSION_MINOR = 260500
               SED = /usr/bin/sed
               SEPARATE_STRIP = NO
               SEPARATE_SYMBOL_EDIT = NO
               SET_DIR_MODE_OWNER_GROUP = YES
               SET_FILE_MODE_OWNER_GROUP = NO
               SHALLOW_BUNDLE = YES
               SHALLOW_BUNDLE_TRIPLE = ios-simulator
               SHALLOW_BUNDLE_ios_macabi = NO
               SHALLOW_BUNDLE_macos = NO
               SHARED_DERIVED_FILE_DIR = /Users/gregoriomorelli/Documents/vibra/build/ios/Release-iphonesimulator/url_launcher_ios/DerivedSources
               SHARED_FRAMEWORKS_FOLDER_PATH = url_launcher_ios.framework/SharedFrameworks
               SHARED_PRECOMPS_DIR = /Users/gregoriomorelli/Documents/vibra/build/ios/SharedPrecompiledHeaders
               SHARED_SUPPORT_FOLDER_PATH = url_launcher_ios.framework
               SKIP_INSTALL = YES
               SKIP_MERGEABLE_LIBRARY_BUNDLE_HOOK = NO
               SOURCE_ROOT = /Users/gregoriomorelli/Documents/vibra/ios/Pods
               SRCROOT = /Users/gregoriomorelli/Documents/vibra/ios/Pods
               STRINGSDATA_DIR = /Users/gregoriomorelli/Documents/vibra/build/ios/Pods.build/Release-iphonesimulator/url_launcher_ios.build/Objects-normal/undefined_arch
               STRINGSDATA_ROOT = /Users/gregoriomorelli/Documents/vibra/build/ios/Pods.build/Release-iphonesimulator/url_launcher_ios.build
               STRINGS_FILE_INFOPLIST_RENAME = YES
               STRINGS_FILE_OUTPUT_ENCODING = binary
               STRING_CATALOG_GENERATE_SYMBOLS = NO
               STRIP_BITCODE_FROM_COPIED_FILES = NO
               STRIP_INSTALLED_PRODUCT = NO
               STRIP_STYLE = debugging
               STRIP_SWIFT_SYMBOLS = YES
               SUPPORTED_DEVICE_FAMILIES = 1,2
               SUPPORTED_PLATFORMS = iphoneos iphonesimulator
               SUPPORTS_TEXT_BASED_API = NO
               SUPPRESS_WARNINGS = NO
               SWIFT_ACTIVE_COMPILATION_CONDITIONS =  
               SWIFT_COMPILATION_MODE = wholemodule
               SWIFT_EMIT_CONST_VALUE_PROTOCOLS = AnyResolverProviding AppEntity AppEnum AppExtension AppIntent AppIntentsPackage AppShortcutProviding AppShortcutsProvider AppUnionValue AppUnionValueCasesProviding DynamicOptionsProvider EntityQuery ExtensionPointDefining IntentValueQuery Resolver TransientEntity _AssistantIntentsProvider _GenerativeFunctionExtractable _IntentValueRepresentable
               SWIFT_EMIT_LOC_STRINGS = NO
               SWIFT_ENABLE_EXPLICIT_MODULES = YES
               SWIFT_INSTALL_MODULE_FOR_DEPLOYMENT = YES
               SWIFT_INSTALL_OBJC_HEADER = YES
               SWIFT_OPTIMIZATION_LEVEL = -O
               SWIFT_PLATFORM_TARGET_PREFIX = ios
               SWIFT_RESPONSE_FILE_PATH_normal_arm64 = /Users/gregoriomorelli/Documents/vibra/build/ios/Pods.build/Release-iphonesimulator/url_launcher_ios.build/Objects-normal/arm64/url_launcher_ios.SwiftFileList
               SWIFT_RESPONSE_FILE_PATH_normal_x86_64 = /Users/gregoriomorelli/Documents/vibra/build/ios/Pods.build/Release-iphonesimulator/url_launcher_ios.build/Objects-normal/x86_64/url_launcher_ios.SwiftFileList
               SWIFT_VERSION = 5.0
               SYMROOT = /Users/gregoriomorelli/Documents/vibra/ios/build
               SYSTEM_ADMIN_APPS_DIR = /Applications/Utilities
               SYSTEM_APPS_DIR = /Applications
               SYSTEM_CORE_SERVICES_DIR = /System/Library/CoreServices
               SYSTEM_DEMOS_DIR = /Applications/Extras
               SYSTEM_DEVELOPER_APPS_DIR = /Applications/Xcode.app/Contents/Developer/Applications
               SYSTEM_DEVELOPER_BIN_DIR = /Applications/Xcode.app/Contents/Developer/usr/bin
               SYSTEM_DEVELOPER_DEMOS_DIR = /Applications/Xcode.app/Contents/Developer/Applications/Utilities/Built Examples
               SYSTEM_DEVELOPER_DIR = /Applications/Xcode.app/Contents/Developer
               SYSTEM_DEVELOPER_DOC_DIR = /Applications/Xcode.app/Contents/Developer/ADC Reference Library
               SYSTEM_DEVELOPER_GRAPHICS_TOOLS_DIR = /Applications/Xcode.app/Contents/Developer/Applications/Graphics Tools
               SYSTEM_DEVELOPER_JAVA_TOOLS_DIR = /Applications/Xcode.app/Contents/Developer/Applications/Java Tools
               SYSTEM_DEVELOPER_PERFORMANCE_TOOLS_DIR = /Applications/Xcode.app/Contents/Developer/Applications/Performance Tools
               SYSTEM_DEVELOPER_RELEASENOTES_DIR = /Applications/Xcode.app/Contents/Developer/ADC Reference Library/releasenotes
               SYSTEM_DEVELOPER_TOOLS = /Applications/Xcode.app/Contents/Developer/Tools
               SYSTEM_DEVELOPER_TOOLS_DOC_DIR = /Applications/Xcode.app/Contents/Developer/ADC Reference Library/documentation/DeveloperTools
               SYSTEM_DEVELOPER_TOOLS_RELEASENOTES_DIR = /Applications/Xcode.app/Contents/Developer/ADC Reference Library/releasenotes/DeveloperTools
               SYSTEM_DEVELOPER_USR_DIR = /Applications/Xcode.app/Contents/Developer/usr
               SYSTEM_DEVELOPER_UTILITIES_DIR = /Applications/Xcode.app/Contents/Developer/Applications/Utilities
               SYSTEM_DEXT_INSTALL_PATH = /System/Library/DriverExtensions
               SYSTEM_DOCUMENTATION_DIR = /Library/Documentation
               SYSTEM_EXTENSIONS_FOLDER_PATH = url_launcher_ios.framework/SystemExtensions
               SYSTEM_EXTENSIONS_FOLDER_PATH_SHALLOW_BUNDLE_NO = url_launcher_ios.framework/Library/SystemExtensions
               SYSTEM_EXTENSIONS_FOLDER_PATH_SHALLOW_BUNDLE_YES = url_launcher_ios.framework/SystemExtensions
               SYSTEM_KEXT_INSTALL_PATH = /System/Library/Extensions
               SYSTEM_LIBRARY_DIR = /System/Library
               TAPI_DEMANGLE = YES
               TAPI_ENABLE_PROJECT_HEADERS = NO
               TAPI_LANGUAGE = objective-c
               TAPI_LANGUAGE_STANDARD = compiler-default
               TAPI_USE_SRCROOT = YES
               TAPI_VERIFY_MODE = Pedantic
               TARGETED_DEVICE_FAMILY = 1,2
               TARGETNAME = url_launcher_ios
               TARGET_BUILD_DIR = /Users/gregoriomorelli/Documents/vibra/build/ios/Release-iphonesimulator/url_launcher_ios
               TARGET_NAME = url_launcher_ios
               TARGET_TEMP_DIR = /Users/gregoriomorelli/Documents/vibra/build/ios/Pods.build/Release-iphonesimulator/url_launcher_ios.build
               TEMP_DIR = /Users/gregoriomorelli/Documents/vibra/build/ios/Pods.build/Release-iphonesimulator/url_launcher_ios.build
               TEMP_FILES_DIR = /Users/gregoriomorelli/Documents/vibra/build/ios/Pods.build/Release-iphonesimulator/url_launcher_ios.build
               TEMP_FILE_DIR = /Users/gregoriomorelli/Documents/vibra/build/ios/Pods.build/Release-iphonesimulator/url_launcher_ios.build
               TEMP_ROOT = /Users/gregoriomorelli/Documents/vibra/build/ios
               TEMP_SANDBOX_DIR = /Users/gregoriomorelli/Documents/vibra/build/ios/TemporaryTaskSandboxes
               TEST_FRAMEWORK_SEARCH_PATHS =  /Applications/Xcode.app/Contents/Developer/Platforms/iPhoneSimulator.platform/Developer/Library/Frameworks /Applications/Xcode.app/Contents/Developer/Platforms/iPhoneSimulator.platform/Developer/SDKs/iPhoneSimulator26.5.sdk/Developer/Library/Frameworks
               TEST_LIBRARY_SEARCH_PATHS =  /Applications/Xcode.app/Contents/Developer/Platforms/iPhoneSimulator.platform/Developer/usr/lib
               TOOLCHAINS = com.apple.dt.toolchain.XcodeDefault
               TOOLCHAIN_DIR = /Applications/Xcode.app/Contents/Developer/Toolchains/XcodeDefault.xctoolchain
               TREAT_MISSING_BASELINES_AS_TEST_FAILURES = NO
               TREAT_MISSING_SCRIPT_PHASE_OUTPUTS_AS_ERRORS = NO
               TVOS_DEPLOYMENT_TARGET = 26.5
               UID = 501
               UNINSTALLED_PRODUCTS_DIR = /Users/gregoriomorelli/Documents/vibra/build/ios/UninstalledProducts
               UNLOCALIZED_RESOURCES_FOLDER_PATH = url_launcher_ios.framework
               UNLOCALIZED_RESOURCES_FOLDER_PATH_SHALLOW_BUNDLE_NO = url_launcher_ios.framework/Resources
               UNLOCALIZED_RESOURCES_FOLDER_PATH_SHALLOW_BUNDLE_YES = url_launcher_ios.framework
               UNSTRIPPED_PRODUCT = NO
               USER = gregoriomorelli
               USER_APPS_DIR = /Users/gregoriomorelli/Applications
               USER_LIBRARY_DIR = /Users/gregoriomorelli/Library
               USE_DYNAMIC_NO_PIC = YES
               USE_HEADERMAP = YES
               USE_HEADER_SYMLINKS = NO
               USE_RECURSIVE_SCRIPT_INPUTS_IN_SCRIPT_PHASES = YES
               VALIDATE_DEVELOPMENT_ASSET_PATHS = YES_ERROR
               VALIDATE_PRODUCT = YES
               VALID_ARCHS = arm64 x86_64
               VERBOSE_PBXCP = NO
               VERSIONING_SYSTEM = apple-generic
               VERSIONPLIST_PATH = url_launcher_ios.framework/version.plist
               VERSIONS_FOLDER_PATH = url_launcher_ios.framework
               VERSIONS_FOLDER_PATH_SHALLOW_BUNDLE_NO = url_launcher_ios.framework/Versions
               VERSIONS_FOLDER_PATH_SHALLOW_BUNDLE_YES = url_launcher_ios.framework
               VERSION_INFO_BUILDER = gregoriomorelli
               VERSION_INFO_FILE = url_launcher_ios_vers.c
               VERSION_INFO_STRING = "@(#)PROGRAM:url_launcher_ios  PROJECT:Pods-1"
               WATCHOS_DEPLOYMENT_TARGET = 26.5
               WORKSPACE_DIR = /Users/gregoriomorelli/Documents/vibra/ios/Pods/Pods.xcodeproj
               WRAPPER_EXTENSION = framework
               WRAPPER_NAME = url_launcher_ios.framework
               WRAPPER_SUFFIX = .framework
               WRAP_ASSET_PACKS_IN_SEPARATE_DIRECTORIES = NO
               XCODE_APP_SUPPORT_DIR = /Applications/Xcode.app/Contents/Developer/Library/Xcode
               XCODE_PRODUCT_BUILD_VERSION = 17F42
               XCODE_VERSION_ACTUAL = 2650
               XCODE_VERSION_MAJOR = 2600
               XCODE_VERSION_MINOR = 2650
               XPCSERVICES_FOLDER_PATH = url_launcher_ios.framework/XPCServices
               XROS_DEPLOYMENT_TARGET = 26.5
               YACC = yacc
               _DISCOVER_COMMAND_LINE_LINKER_INPUTS = YES
               _DISCOVER_COMMAND_LINE_LINKER_INPUTS_INCLUDE_WL = YES
               _LD_MULTIARCH = YES
               _WRAPPER_CONTENTS_DIR_SHALLOW_BUNDLE_NO = /Contents
               _WRAPPER_PARENT_PATH_SHALLOW_BUNDLE_NO = /..
               _WRAPPER_RESOURCES_DIR_SHALLOW_BUNDLE_NO = /Resources
               __DIAGNOSE_DEPRECATED_ARCHS = YES
               __ORIGINAL_SDK_DEFINED_LLVM_TARGET_TRIPLE_SYS = ios
               arch = undefined_arch
               variant = normal

           Build settings for action build and target url_launcher_ios-url_launcher_ios_privacy:
               ACTION = build
               AD_HOC_CODE_SIGNING_ALLOWED = YES
               ALLOW_BUILD_REQUEST_OVERRIDES = NO
               ALLOW_TARGET_PLATFORM_SPECIALIZATION = NO
               ALTERNATE_GROUP = staff
               ALTERNATE_MODE = u+w,go-w,a+rX
               ALTERNATE_OWNER = gregoriomorelli
               ALTERNATIVE_DISTRIBUTION_WEB = NO
               ALWAYS_EMBED_SWIFT_STANDARD_LIBRARIES = NO
               ALWAYS_SEARCH_USER_PATHS = NO
               ALWAYS_USE_SEPARATE_HEADERMAPS = NO
               APPLICATION_EXTENSION_API_ONLY = NO
               APPLY_RULES_IN_COPY_FILES = NO
               APPLY_RULES_IN_COPY_HEADERS = NO
               APP_SHORTCUTS_ENABLE_FLEXIBLE_MATCHING = YES
               ARCHS = arm64 x86_64
               ARCHS_BASE = arm64 x86_64
               ARCHS_STANDARD = arm64 x86_64
               ARCHS_STANDARD_32_64_BIT = arm64 x86_64
               ARCHS_STANDARD_64_BIT = arm64 x86_64
               ARCHS_STANDARD_INCLUDING_64_BIT = arm64 x86_64
               ARCHS_UNIVERSAL_IPHONE_OS = arm64 x86_64
               AUTOMATICALLY_MERGE_DEPENDENCIES = NO
               AUTOMATION_APPLE_EVENTS = NO
               AVAILABLE_PLATFORMS = android appletvos appletvsimulator driverkit freebsd iphoneos iphonesimulator linux macosx none openbsd qnx watchos watchsimulator webassembly xros xrsimulator
               BUILD_ACTIVE_RESOURCES_ONLY = NO
               BUILD_COMPONENTS = headers build
               BUILD_DIR = /Users/gregoriomorelli/Documents/vibra/build/ios
               BUILD_LIBRARY_FOR_DISTRIBUTION = NO
               BUILD_ONLY_KNOWN_LOCALIZATIONS = NO
               BUILD_ROOT = /Users/gregoriomorelli/Documents/vibra/ios/build
               BUILD_STYLE = 
               BUILD_VARIANTS = normal
               BUILT_PRODUCTS_DIR = /Users/gregoriomorelli/Documents/vibra/build/ios/Release-iphonesimulator/url_launcher_ios
               BUNDLE_CONTENTS_FOLDER_PATH_deep = Contents/
               BUNDLE_EXECUTABLE_FOLDER_NAME_deep = MacOS
               BUNDLE_EXTENSIONS_FOLDER_PATH = Extensions
               BUNDLE_FORMAT = shallow
               BUNDLE_FRAMEWORKS_FOLDER_PATH = Frameworks
               BUNDLE_PLUGINS_FOLDER_PATH = PlugIns
               BUNDLE_PRIVATE_HEADERS_FOLDER_PATH = PrivateHeaders
               BUNDLE_PUBLIC_HEADERS_FOLDER_PATH = Headers
               CACHE_ROOT = /var/folders/pg/x6t89f2n7s7299rcw8hv33180000gn/C/com.apple.DeveloperTools/26.5-17F42/Xcode
               CCHROOT = /var/folders/pg/x6t89f2n7s7299rcw8hv33180000gn/C/com.apple.DeveloperTools/26.5-17F42/Xcode
               CHMOD = /bin/chmod
               CHOWN = chown
               CLANG_ANALYZER_LOCALIZABILITY_NONLOCALIZED = YES
               CLANG_ANALYZER_NONNULL = YES
               CLANG_ANALYZER_NUMBER_OBJECT_CONVERSION = YES_AGGRESSIVE
               CLANG_CACHE_FINE_GRAINED_OUTPUTS = YES
               CLANG_CXX_LANGUAGE_STANDARD = gnu++14
               CLANG_CXX_LIBRARY = libc++
               CLANG_ENABLE_EXPLICIT_MODULES = YES
               CLANG_ENABLE_MODULES = YES
               CLANG_ENABLE_OBJC_ARC = YES
               CLANG_ENABLE_OBJC_WEAK = YES
               CLANG_MODULES_BUILD_SESSION_FILE = /var/folders/pg/x6t89f2n7s7299rcw8hv33180000gn/C/org.llvm.clang/ModuleCache.noindex/Session.modulevalidation
               CLANG_WARN_BLOCK_CAPTURE_AUTORELEASING = YES
               CLANG_WARN_BOOL_CONVERSION = YES
               CLANG_WARN_COMMA = YES
               CLANG_WARN_CONSTANT_CONVERSION = YES
               CLANG_WARN_DEPRECATED_OBJC_IMPLEMENTATIONS = YES
               CLANG_WARN_DIRECT_OBJC_ISA_USAGE = YES_ERROR
               CLANG_WARN_DOCUMENTATION_COMMENTS = YES
               CLANG_WARN_EMPTY_BODY = YES
               CLANG_WARN_ENUM_CONVERSION = YES
               CLANG_WARN_INFINITE_RECURSION = YES
               CLANG_WARN_INT_CONVERSION = YES
               CLANG_WARN_NON_LITERAL_NULL_CONVERSION = YES
               CLANG_WARN_OBJC_IMPLICIT_RETAIN_SELF = YES
               CLANG_WARN_OBJC_LITERAL_CONVERSION = YES
               CLANG_WARN_OBJC_ROOT_CLASS = YES_ERROR
               CLANG_WARN_QUOTED_INCLUDE_IN_FRAMEWORK_HEADER = NO
               CLANG_WARN_RANGE_LOOP_ANALYSIS = YES
               CLANG_WARN_STRICT_PROTOTYPES = YES
               CLANG_WARN_SUSPICIOUS_MOVE = YES
               CLANG_WARN_UNGUARDED_AVAILABILITY = YES_AGGRESSIVE
               CLANG_WARN_UNREACHABLE_CODE = YES
               CLANG_WARN__DUPLICATE_METHOD_MATCH = YES
               CLASS_FILE_DIR = /Users/gregoriomorelli/Documents/vibra/build/ios/Pods.build/Release-iphonesimulator/url_launcher_ios-url_launcher_ios_privacy.build/JavaClasses
               CLEAN_PRECOMPS = YES
               CLONE_HEADERS = NO
               CODESIGNING_FOLDER_PATH = /Users/gregoriomorelli/Documents/vibra/build/ios/Release-iphonesimulator/url_launcher_ios/url_launcher_ios_privacy.bundle
               CODE_SIGNING_ALLOWED = NO
               CODE_SIGNING_IDENTITY = -
               CODE_SIGNING_REQUIRED = NO
               CODE_SIGN_CONTEXT_CLASS = XCiPhoneSimulatorCodeSignContext
               CODE_SIGN_IDENTITY = -
               CODE_SIGN_INJECT_BASE_ENTITLEMENTS = YES
               COLOR_DIAGNOSTICS = NO
               COMBINE_HIDPI_IMAGES = NO
               COMPILATION_CACHE_CAS_PATH = /var/folders/pg/x6t89f2n7s7299rcw8hv33180000gn/C/com.apple.DeveloperTools/26.5-17F42/Xcode/CompilationCache.noindex
               COMPILATION_CACHE_KEEP_CAS_DIRECTORY = YES
               COMPILER_INDEX_STORE_ENABLE = Default
               COMPOSITE_SDK_DIRS = /Users/gregoriomorelli/Documents/vibra/build/ios/CompositeSDKs
               COMPRESS_PNG_FILES = YES
               CONFIGURATION = Release
               CONFIGURATION_BUILD_DIR = /Users/gregoriomorelli/Documents/vibra/build/ios/Release-iphonesimulator/url_launcher_ios
               CONFIGURATION_TEMP_DIR = /Users/gregoriomorelli/Documents/vibra/build/ios/Pods.build/Release-iphonesimulator
               CONTENTS_FOLDER_PATH = url_launcher_ios_privacy.bundle
               CONTENTS_FOLDER_PATH_SHALLOW_BUNDLE_NO = url_launcher_ios_privacy.bundle/Contents
               CONTENTS_FOLDER_PATH_SHALLOW_BUNDLE_YES = url_launcher_ios_privacy.bundle
               COPYING_PRESERVES_HFS_DATA = NO
               COPY_HEADERS_RUN_UNIFDEF = NO
               COPY_PHASE_STRIP = NO
               CORRESPONDING_DEVICE_PLATFORM_DIR = /Applications/Xcode.app/Contents/Developer/Platforms/iPhoneOS.platform
               CORRESPONDING_DEVICE_PLATFORM_NAME = iphoneos
               CORRESPONDING_DEVICE_SDK_DIR = /Applications/Xcode.app/Contents/Developer/Platforms/iPhoneOS.platform/Developer/SDKs/iPhoneOS26.5.sdk
               CORRESPONDING_DEVICE_SDK_NAME = iphoneos26.5
               CP = /bin/cp
               CREATE_INFOPLIST_SECTION_IN_BINARY = NO
               CURRENT_ARCH = undefined_arch
               CURRENT_VARIANT = normal
               DEAD_CODE_STRIPPING = YES
               DEBUGGING_SYMBOLS = YES
               DEBUG_INFORMATION_FORMAT = dwarf-with-dsym
               DEBUG_INFORMATION_VERSION = compiler-default
               DEFAULT_COMPILER = com.apple.compilers.llvm.clang.1_0
               DEFAULT_DEXT_INSTALL_PATH = /System/Library/DriverExtensions
               DEFAULT_KEXT_INSTALL_PATH = /System/Library/Extensions
               DEFINES_MODULE = YES
               DEPLOYMENT_LOCATION = NO
               DEPLOYMENT_POSTPROCESSING = NO
               DEPLOYMENT_TARGET_SETTING_NAME = IPHONEOS_DEPLOYMENT_TARGET
               DEPLOYMENT_TARGET_SUGGESTED_VALUES = 12.0 12.1 12.2 12.3 12.4 13.0 13.1 13.2 13.3 13.4 13.5 13.6 14.0 14.1 14.2 14.3 14.4 14.5 14.6 14.7 15.0 15.1 15.2 15.3 15.4 15.5 15.6 16.0 16.1 16.2 16.3 16.4 16.5 16.6 17.0 17.1 17.2 17.3 17.4 17.5 17.6 18.0 18.1 18.2 18.3 18.4 18.5 18.6 26.0 26.2 26.3 26.4 26.5
               DERIVED_FILES_DIR = /Users/gregoriomorelli/Documents/vibra/build/ios/Pods.build/Release-iphonesimulator/url_launcher_ios-url_launcher_ios_privacy.build/DerivedSources
               DERIVED_FILE_DIR = /Users/gregoriomorelli/Documents/vibra/build/ios/Pods.build/Release-iphonesimulator/url_launcher_ios-url_launcher_ios_privacy.build/DerivedSources
               DERIVED_SOURCES_DIR = /Users/gregoriomorelli/Documents/vibra/build/ios/Pods.build/Release-iphonesimulator/url_launcher_ios-url_launcher_ios_privacy.build/DerivedSources
               DEVELOPER_APPLICATIONS_DIR = /Applications/Xcode.app/Contents/Developer/Applications
               DEVELOPER_BIN_DIR = /Applications/Xcode.app/Contents/Developer/usr/bin
               DEVELOPER_DIR = /Applications/Xcode.app/Contents/Developer
               DEVELOPER_FRAMEWORKS_DIR = /Applications/Xcode.app/Contents/Developer/Library/Frameworks
               DEVELOPER_FRAMEWORKS_DIR_QUOTED = /Applications/Xcode.app/Contents/Developer/Library/Frameworks
               DEVELOPER_LIBRARY_DIR = /Applications/Xcode.app/Contents/Developer/Library
               DEVELOPER_SDK_DIR = /Applications/Xcode.app/Contents/Developer/Platforms/MacOSX.platform/Developer/SDKs
               DEVELOPER_TOOLS_DIR = /Applications/Xcode.app/Contents/Developer/Tools
               DEVELOPER_USR_DIR = /Applications/Xcode.app/Contents/Developer/usr
               DEVELOPMENT_LANGUAGE = en
               DIAGNOSE_MISSING_TARGET_DEPENDENCIES = YES
               DIFF = /usr/bin/diff
               DOCUMENTATION_FOLDER_PATH = url_launcher_ios_privacy.bundle/en.lproj/Documentation
               DONT_GENERATE_INFOPLIST_FILE = NO
               DRIVERKIT_DEPLOYMENT_TARGET = 25.5
               DSTROOT = /tmp/Pods.dst
               DT_TOOLCHAIN_DIR = /Applications/Xcode.app/Contents/Developer/Toolchains/XcodeDefault.xctoolchain
               DUMP_DEPENDENCIES = NO
               DUMP_DEPENDENCIES_OUTPUT_PATH = /Users/gregoriomorelli/Documents/vibra/build/ios/Pods.build/Release-iphonesimulator/url_launcher_ios-url_launcher_ios_privacy.build/url_launcher_ios-url_launcher_ios_privacy-BuildDependencyInfo.json
               DWARF_DSYM_FILE_NAME = url_launcher_ios_privacy.bundle.dSYM
               DWARF_DSYM_FILE_SHOULD_ACCOMPANY_PRODUCT = NO
               DWARF_DSYM_FOLDER_PATH = /Users/gregoriomorelli/Documents/vibra/build/ios/Release-iphonesimulator/url_launcher_ios
               DYNAMIC_LIBRARY_EXTENSION = dylib
               EAGER_COMPILATION_ALLOW_SCRIPTS = NO
               EAGER_LINKING = NO
               EFFECTIVE_PLATFORM_NAME = -iphonesimulator
               EFFECTIVE_SWIFT_VERSION = 5
               EMBEDDED_CONTENT_CONTAINS_SWIFT = NO
               EMBED_ASSET_PACKS_IN_PRODUCT_BUNDLE = NO
               ENABLE_APP_SANDBOX = NO
               ENABLE_CODE_COVERAGE = YES
               ENABLE_COHORT_ARCHS = NO
               ENABLE_CPLUSPLUS_BOUNDS_SAFE_BUFFERS = NO
               ENABLE_C_BOUNDS_SAFETY = NO
               ENABLE_DEFAULT_HEADER_SEARCH_PATHS = YES
               ENABLE_DEFAULT_SEARCH_PATHS = YES
               ENABLE_ENHANCED_SECURITY = NO
               ENABLE_HARDENED_RUNTIME = NO
               ENABLE_HEADER_DEPENDENCIES = YES
               ENABLE_INCOMING_NETWORK_CONNECTIONS = NO
               ENABLE_NS_ASSERTIONS = NO
               ENABLE_ON_DEMAND_RESOURCES = NO
               ENABLE_OUTGOING_NETWORK_CONNECTIONS = NO
               ENABLE_POINTER_AUTHENTICATION = NO
               ENABLE_RESOURCE_ACCESS_AUDIO_INPUT = NO
               ENABLE_RESOURCE_ACCESS_BLUETOOTH = NO
               ENABLE_RESOURCE_ACCESS_CALENDARS = NO
               ENABLE_RESOURCE_ACCESS_CAMERA = NO
               ENABLE_RESOURCE_ACCESS_CONTACTS = NO
               ENABLE_RESOURCE_ACCESS_LOCATION = NO
               ENABLE_RESOURCE_ACCESS_PHOTO_LIBRARY = NO
               ENABLE_RESOURCE_ACCESS_PRINTING = NO
               ENABLE_RESOURCE_ACCESS_USB = NO
               ENABLE_SDK_IMPORTS = NO
               ENABLE_SECURITY_COMPILER_WARNINGS = NO
               ENABLE_STRICT_OBJC_MSGSEND = YES
               ENABLE_TESTABILITY = NO
               ENABLE_TESTING_SEARCH_PATHS = NO
               ENABLE_USER_SCRIPT_SANDBOXING = NO
               ENFORCE_VALID_ARCHS = YES
               ENTITLEMENTS_DESTINATION = __entitlements
               ENTITLEMENTS_REQUIRED = NO
               EXCLUDED_INSTALLSRC_SUBDIRECTORY_PATTERNS = .DS_Store .svn .git .hg CVS
               EXCLUDED_RECURSIVE_SEARCH_PATH_SUBDIRECTORIES = *.nib *.lproj *.framework *.gch *.xcode* *.xcassets *.icon (*) .DS_Store CVS .svn .git .hg *.pbproj *.pbxproj
               EXECUTABLES_FOLDER_PATH = url_launcher_ios_privacy.bundle/Executables
               EXECUTABLE_FOLDER_PATH = url_launcher_ios_privacy.bundle
               EXECUTABLE_FOLDER_PATH_SHALLOW_BUNDLE_NO = url_launcher_ios_privacy.bundle/MacOS
               EXECUTABLE_FOLDER_PATH_SHALLOW_BUNDLE_YES = url_launcher_ios_privacy.bundle
               EXECUTABLE_NAME = url_launcher_ios_privacy
               EXECUTABLE_PATH = url_launcher_ios_privacy.bundle/url_launcher_ios_privacy
               EXPANDED_CODE_SIGN_IDENTITY = -
               EXTENSIONS_FOLDER_PATH = url_launcher_ios_privacy.bundle/Extensions
               FILE_LIST = /Users/gregoriomorelli/Documents/vibra/build/ios/Pods.build/Release-iphonesimulator/url_launcher_ios-url_launcher_ios_privacy.build/Objects/LinkFileList
               FIXED_FILES_DIR = /Users/gregoriomorelli/Documents/vibra/build/ios/Pods.build/Release-iphonesimulator/url_launcher_ios-url_launcher_ios_privacy.build/FixedFiles
               FRAMEWORKS_FOLDER_PATH = url_launcher_ios_privacy.bundle/Frameworks
               FRAMEWORK_FLAG_PREFIX = -framework
               FRAMEWORK_SEARCH_PATHS = /Users/gregoriomorelli/Documents/vibra/build/ios/Release-iphonesimulator/url_launcher_ios 
               FRAMEWORK_VERSION = A
               FULL_PRODUCT_NAME = url_launcher_ios_privacy.bundle
               FUSE_BUILD_PHASES = YES
               FUSE_BUILD_SCRIPT_PHASES = NO
               GCC3_VERSION = 3.3
               GCC_C_LANGUAGE_STANDARD = gnu11
               GCC_INLINES_ARE_PRIVATE_EXTERN = YES
               GCC_NO_COMMON_BLOCKS = YES
               GCC_OBJC_LEGACY_DISPATCH = YES
               GCC_PFE_FILE_C_DIALECTS = c objective-c c++ objective-c++
               GCC_PREPROCESSOR_DEFINITIONS = POD_CONFIGURATION_RELEASE=1  COCOAPODS=1
               GCC_TREAT_WARNINGS_AS_ERRORS = NO
               GCC_VERSION = com.apple.compilers.llvm.clang.1_0
               GCC_VERSION_IDENTIFIER = com_apple_compilers_llvm_clang_1_0
               GCC_WARN_64_TO_32_BIT_CONVERSION = YES
               GCC_WARN_ABOUT_RETURN_TYPE = YES_ERROR
               GCC_WARN_UNDECLARED_SELECTOR = YES
               GCC_WARN_UNINITIALIZED_AUTOS = YES_AGGRESSIVE
               GCC_WARN_UNUSED_FUNCTION = YES
               GCC_WARN_UNUSED_VARIABLE = YES
               GENERATED_MODULEMAP_DIR = /Users/gregoriomorelli/Documents/vibra/build/ios/GeneratedModuleMaps-iphonesimulator
               GENERATE_INFOPLIST_FILE = NO
               GENERATE_INTERMEDIATE_TEXT_BASED_STUBS = YES
               GENERATE_PKGINFO_FILE = NO
               GENERATE_PRELINK_OBJECT_FILE = NO
               GENERATE_PROFILING_CODE = NO
               GENERATE_TEXT_BASED_STUBS = NO
               GID = 20
               GROUP = staff
               HEADERMAP_INCLUDES_FLAT_ENTRIES_FOR_TARGET_BEING_BUILT = YES
               HEADERMAP_INCLUDES_FRAMEWORK_ENTRIES_FOR_ALL_PRODUCT_TYPES = YES
               HEADERMAP_INCLUDES_FRAMEWORK_ENTRIES_FOR_TARGETS_NOT_BEING_BUILT = YES
               HEADERMAP_INCLUDES_NONPUBLIC_NONPRIVATE_HEADERS = YES
               HEADERMAP_INCLUDES_PROJECT_HEADERS = YES
               HEADERMAP_USES_FRAMEWORK_PREFIX_ENTRIES = YES
               HEADERMAP_USES_VFS = YES
               HEADER_SEARCH_PATHS = /Users/gregoriomorelli/Documents/vibra/build/ios/Release-iphonesimulator/url_launcher_ios/include 
               HOME = /Users/gregoriomorelli
               HOST_ARCH = arm64
               HOST_PLATFORM = macosx
               IBSC_MODULE = url_launcher_ios
               ICONV = /usr/bin/iconv
               IMPLICIT_DEPENDENCY_DOMAIN = default
               INDEX_STORE_COMPRESS = NO
               INDEX_STORE_ONLY_PROJECT_FILES = NO
               INFOPLIST_ENABLE_CFBUNDLEICONS_MERGE = YES
               INFOPLIST_EXPAND_BUILD_SETTINGS = YES
               INFOPLIST_FILE = Target Support Files/url_launcher_ios/ResourceBundle-url_launcher_ios_privacy-url_launcher_ios-Info.plist
               INFOPLIST_OUTPUT_FORMAT = binary
               INFOPLIST_PATH = url_launcher_ios_privacy.bundle/Info.plist
               INFOPLIST_PREPROCESS = NO
               INFOSTRINGS_PATH = url_launcher_ios_privacy.bundle/en.lproj/InfoPlist.strings
               INLINE_PRIVATE_FRAMEWORKS = NO
               INSTALLAPI_IGNORE_SKIP_INSTALL = YES
               INSTALLHDRS_COPY_PHASE = NO
               INSTALLHDRS_SCRIPT_PHASE = NO
               INSTALL_DIR = /tmp/Pods.dst
               INSTALL_GROUP = staff
               INSTALL_MODE_FLAG = u+w,go-w,a+rX
               INSTALL_OWNER = gregoriomorelli
               INSTALL_ROOT = /tmp/Pods.dst
               IPHONEOS_DEPLOYMENT_TARGET = 13.0
               IS_UNOPTIMIZED_BUILD = NO
               JAVAC_DEFAULT_FLAGS = -J-Xms64m -J-XX:NewSize=4M -J-Dfile.encoding=UTF8
               JAVA_APP_STUB = /System/Library/Frameworks/JavaVM.framework/Resources/MacOS/JavaApplicationStub
               JAVA_ARCHIVE_CLASSES = YES
               JAVA_ARCHIVE_TYPE = JAR
               JAVA_COMPILER = /usr/bin/javac
               JAVA_FOLDER_PATH = url_launcher_ios_privacy.bundle/Java
               JAVA_FRAMEWORK_RESOURCES_DIRS = Resources
               JAVA_JAR_FLAGS = cv
               JAVA_SOURCE_SUBDIR = .
               JAVA_USE_DEPENDENCIES = YES
               JAVA_ZIP_FLAGS = -urg
               JIKES_DEFAULT_FLAGS = +E +OLDCSO
               KEEP_PRIVATE_EXTERNS = NO
               LD_DEPENDENCY_INFO_FILE = /Users/gregoriomorelli/Documents/vibra/build/ios/Pods.build/Release-iphonesimulator/url_launcher_ios-url_launcher_ios_privacy.build/Objects-normal/undefined_arch/url_launcher_ios_privacy_dependency_info.dat
               LD_EXPORT_SYMBOLS = YES
               LD_GENERATE_MAP_FILE = NO
               LD_MAP_FILE_PATH = /Users/gregoriomorelli/Documents/vibra/build/ios/Pods.build/Release-iphonesimulator/url_launcher_ios-url_launcher_ios_privacy.build/url_launcher_ios_privacy-LinkMap-normal-undefined_arch.txt
               LD_NO_PIE = NO
               LD_QUOTE_LINKER_ARGUMENTS_FOR_COMPILER_DRIVER = YES
               LD_RUNPATH_SEARCH_PATHS =  /usr/lib/swift
               LD_SHARED_CACHE_ELIGIBLE = Automatic
               LD_WARN_DUPLICATE_LIBRARIES = NO
               LD_WARN_UNUSED_DYLIBS = NO
               LEGACY_DEVELOPER_DIR = /Applications/Xcode.app/Contents/PlugIns/Xcode3Core.ideplugin/Contents/SharedSupport/Developer
               LEX = lex
               LIBRARY_DEXT_INSTALL_PATH = /Library/DriverExtensions
               LIBRARY_FLAG_NOSPACE = YES
               LIBRARY_FLAG_PREFIX = -l
               LIBRARY_KEXT_INSTALL_PATH = /Library/Extensions
               LIBRARY_SEARCH_PATHS = /Users/gregoriomorelli/Documents/vibra/build/ios/Release-iphonesimulator/url_launcher_ios /Applications/Xcode.app/Contents/Developer/Toolchains/XcodeDefault.xctoolchain/usr/lib/swift/iphonesimulator /Applications/Xcode.app/Contents/Developer/Platforms/iPhoneSimulator.platform/Developer/SDKs/iPhoneSimulator26.5.sdk/usr/lib/swift /Applications/Xcode.app/Contents/Developer/Toolchains/XcodeDefault.xctoolchain/usr/lib/swift/iphonesimulator /Applications/Xcode.app/Contents/Developer/Platforms/iPhoneSimulator.platform/Developer/SDKs/iPhoneSimulator26.5.sdk/usr/lib/swift
               LINKER_DISPLAYS_MANGLED_NAMES = NO
               LINK_FILE_LIST_normal_arm64 = /Users/gregoriomorelli/Documents/vibra/build/ios/Pods.build/Release-iphonesimulator/url_launcher_ios-url_launcher_ios_privacy.build/Objects-normal/arm64/url_launcher_ios_privacy.LinkFileList
               LINK_FILE_LIST_normal_x86_64 = /Users/gregoriomorelli/Documents/vibra/build/ios/Pods.build/Release-iphonesimulator/url_launcher_ios-url_launcher_ios_privacy.build/Objects-normal/x86_64/url_launcher_ios_privacy.LinkFileList
               LINK_OBJC_RUNTIME = YES
               LINK_WITH_STANDARD_LIBRARIES = YES
               LLVM_TARGET_TRIPLE_OS_VERSION = ios13.0
               LLVM_TARGET_TRIPLE_SUFFIX = -simulator
               LLVM_TARGET_TRIPLE_VENDOR = apple
               LM_AUX_CONST_METADATA_LIST_PATH_normal_arm64 = /Users/gregoriomorelli/Documents/vibra/build/ios/Pods.build/Release-iphonesimulator/url_launcher_ios-url_launcher_ios_privacy.build/Objects-normal/arm64/url_launcher_ios_privacy.SwiftConstValuesFileList
               LM_AUX_CONST_METADATA_LIST_PATH_normal_x86_64 = /Users/gregoriomorelli/Documents/vibra/build/ios/Pods.build/Release-iphonesimulator/url_launcher_ios-url_launcher_ios_privacy.build/Objects-normal/x86_64/url_launcher_ios_privacy.SwiftConstValuesFileList
               LOCALIZATION_EXPORT_SUPPORTED = YES
               LOCALIZATION_PREFERS_STRING_CATALOGS = NO
               LOCALIZED_RESOURCES_FOLDER_PATH = url_launcher_ios_privacy.bundle/en.lproj
               LOCALIZED_STRING_CODE_COMMENTS = NO
               LOCALIZED_STRING_MACRO_NAMES = NSLocalizedString CFCopyLocalizedString
               LOCALIZED_STRING_SWIFTUI_SUPPORT = YES
               LOCAL_ADMIN_APPS_DIR = /Applications/Utilities
               LOCAL_APPS_DIR = /Applications
               LOCAL_DEVELOPER_DIR = /Library/Developer
               LOCAL_LIBRARY_DIR = /Library
               LOCROOT = /Users/gregoriomorelli/Documents/vibra/ios/Pods
               LOCSYMROOT = /Users/gregoriomorelli/Documents/vibra/ios/Pods
               MACH_O_TYPE = mh_bundle
               MACOSX_DEPLOYMENT_TARGET = 26.5
               MAC_OS_X_PRODUCT_BUILD_VERSION = 25F84
               MAC_OS_X_VERSION_ACTUAL = 260502
               MAC_OS_X_VERSION_MAJOR = 260000
               MAC_OS_X_VERSION_MINOR = 260500
               MAKE_MERGEABLE = NO
               MERGEABLE_LIBRARY = NO
               MERGED_BINARY_TYPE = none
               MERGE_LINKED_LIBRARIES = NO
               METAL_LIBRARY_FILE_BASE = default
               METAL_LIBRARY_OUTPUT_DIR = /Users/gregoriomorelli/Documents/vibra/build/ios/Release-iphonesimulator/url_launcher_ios/url_launcher_ios_privacy.bundle
               MODULES_FOLDER_PATH = url_launcher_ios_privacy.bundle/Modules
               MTL_ENABLE_DEBUG_INFO = NO
               MTL_FAST_MATH = YES
               NATIVE_ARCH = arm64
               NATIVE_ARCH_32_BIT = arm
               NATIVE_ARCH_64_BIT = arm64
               NATIVE_ARCH_ACTUAL = arm64
               NO_COMMON = YES
               OBJC_ABI_VERSION = 2
               OBJECT_FILE_DIR = /Users/gregoriomorelli/Documents/vibra/build/ios/Pods.build/Release-iphonesimulator/url_launcher_ios-url_launcher_ios_privacy.build/Objects
               OBJECT_FILE_DIR_normal = /Users/gregoriomorelli/Documents/vibra/build/ios/Pods.build/Release-iphonesimulator/url_launcher_ios-url_launcher_ios_privacy.build/Objects-normal
               OBJROOT = /Users/gregoriomorelli/Documents/vibra/build/ios
               ONLY_ACTIVE_ARCH = NO
               OS = MACOS
               OSAC = /usr/bin/osacompile
               OTHER_SWIFT_FLAGS =  -D COCOAPODS
               PACKAGE_TYPE = com.apple.package-type.wrapper
               PASCAL_STRINGS = YES
               PATH = /Applications/Xcode.app/Contents/SharedFrameworks/SwiftBuild.framework/Versions/A/PlugIns/SWBBuildService.bundle/Contents/PlugIns/SWBUniversalPlatformPlugin.bundle/Contents/Frameworks/SWBUniversalPlatform.framework/Resources:/Applications/Xcode.app/Contents/Developer/Toolchains/XcodeDefault.xctoolchain/usr/bin:/Applications/Xcode.app/Contents/Developer/Toolchains/XcodeDefault.xctoolchain/usr/local/bin:/Applications/Xcode.app/Contents/Developer/Toolchains/XcodeDefault.xctoolchain/usr/libexec:/Applications/Xcode.app/Contents/Developer/Platforms/iPhoneSimulator.platform/usr/bin:/Applications/Xcode.app/Contents/Developer/Platforms/iPhoneSimulator.platform/usr/local/bin:/Applications/Xcode.app/Contents/Developer/Platforms/iPhoneSimulator.platform/Developer/usr/bin:/Applications/Xcode.app/Contents/Developer/Platforms/iPhoneSimulator.platform/Developer/usr/local/bin:/Applications/Xcode.app/Contents/Developer/usr/bin:/Applications/Xcode.app/Contents/Developer/usr/local/bin:/Users/gregoriomorelli/.gemini/antigravity/bin:/Users/gregoriomorelli/Library/Application Support/Antigravity/bin:/opt/homebrew/bin:/opt/homebrew/sbin:/Library/Developer/CommandLineTools/usr/bin:/Users/gregoriomorelli/development/flutter/bin:/Users/gregoriomorelli/Library/Android/sdk/platform-tools:/Users/gregoriomorelli/Library/Android/sdk/cmdline-tools/latest/bin:/Users/gregoriomorelli/Library/Android/sdk/emulator:/Users/gregoriomorelli/.antigravity-ide/antigravity-ide/bin:/Users/gregoriomorelli/.antigravity/antigravity/bin:/Applications/XAMPP/xamppfiles/bin:/Users/gregoriomorelli/develop/flutter/bin:/usr/local/bin:/System/Cryptexes/App/usr/bin:/usr/bin:/bin:/usr/sbin:/sbin:/var/run/com.apple.security.cryptexd/codex.system/bootstrap/usr/local/bin:/var/run/com.apple.security.cryptexd/codex.system/bootstrap/usr/bin:/var/run/com.apple.security.cryptexd/codex.system/bootstrap/usr/appleinternal/bin:/pkg/env/global/bin:/Users/gregoriomorelli/.spicetify
               PATH_PREFIXES_EXCLUDED_FROM_HEADER_DEPENDENCIES = /usr/include /usr/local/include /System/Library/Frameworks /System/Library/PrivateFrameworks /Applications/Xcode.app/Contents/Developer/Headers /Applications/Xcode.app/Contents/Developer/SDKs /Applications/Xcode.app/Contents/Developer/Platforms
               PBDEVELOPMENTPLIST_PATH = url_launcher_ios_privacy.bundle/pbdevelopment.plist
               PER_ARCH_MODULE_FILE_DIR = /Users/gregoriomorelli/Documents/vibra/build/ios/Pods.build/Release-iphonesimulator/url_launcher_ios-url_launcher_ios_privacy.build/Objects-normal/undefined_arch
               PER_ARCH_OBJECT_FILE_DIR = /Users/gregoriomorelli/Documents/vibra/build/ios/Pods.build/Release-iphonesimulator/url_launcher_ios-url_launcher_ios_privacy.build/Objects-normal/undefined_arch
               PER_VARIANT_OBJECT_FILE_DIR = /Users/gregoriomorelli/Documents/vibra/build/ios/Pods.build/Release-iphonesimulator/url_launcher_ios-url_launcher_ios_privacy.build/Objects-normal
               PKGINFO_FILE_PATH = /Users/gregoriomorelli/Documents/vibra/build/ios/Pods.build/Release-iphonesimulator/url_launcher_ios-url_launcher_ios_privacy.build/PkgInfo
               PKGINFO_PATH = url_launcher_ios_privacy.bundle/PkgInfo
               PLATFORM_DEVELOPER_APPLICATIONS_DIR = /Applications/Xcode.app/Contents/Developer/Platforms/iPhoneSimulator.platform/Developer/Applications
               PLATFORM_DEVELOPER_BIN_DIR = /Applications/Xcode.app/Contents/Developer/Platforms/iPhoneSimulator.platform/Developer/usr/bin
               PLATFORM_DEVELOPER_LIBRARY_DIR = /Applications/Xcode.app/Contents/Developer/Platforms/iPhoneSimulator.platform/Developer/Library
               PLATFORM_DEVELOPER_SDK_DIR = /Applications/Xcode.app/Contents/Developer/Platforms/iPhoneSimulator.platform/Developer/SDKs
               PLATFORM_DEVELOPER_TOOLS_DIR = /Applications/Xcode.app/Contents/Developer/Platforms/iPhoneSimulator.platform/Developer/Tools
               PLATFORM_DEVELOPER_USR_DIR = /Applications/Xcode.app/Contents/Developer/Platforms/iPhoneSimulator.platform/Developer/usr
               PLATFORM_DIR = /Applications/Xcode.app/Contents/Developer/Platforms/iPhoneSimulator.platform
               PLATFORM_DISPLAY_NAME = iOS Simulator
               PLATFORM_FAMILY_NAME = iOS
               PLATFORM_NAME = iphonesimulator
               PLATFORM_PREFERRED_ARCH = x86_64
               PLATFORM_PRODUCT_BUILD_VERSION = 23F73
               PLATFORM_REQUIRES_SWIFT_AUTOLINK_EXTRACT = NO
               PLATFORM_REQUIRES_SWIFT_MODULEWRAP = NO
               PLATFORM_USES_DSYMS = YES
               PLIST_FILE_OUTPUT_FORMAT = binary
               PLUGINS_FOLDER_PATH = url_launcher_ios_privacy.bundle/PlugIns
               PODS_BUILD_DIR = /Users/gregoriomorelli/Documents/vibra/build/ios
               PODS_CONFIGURATION_BUILD_DIR = /Users/gregoriomorelli/Documents/vibra/build/ios/Release-iphonesimulator
               PODS_DEVELOPMENT_LANGUAGE = en
               PODS_ROOT = /Users/gregoriomorelli/Documents/vibra/ios/Pods
               PODS_TARGET_SRCROOT = /Users/gregoriomorelli/Documents/vibra/ios/Pods/../.symlinks/plugins/url_launcher_ios/ios
               PODS_XCFRAMEWORKS_BUILD_DIR = /Users/gregoriomorelli/Documents/vibra/build/ios/Release-iphonesimulator/XCFrameworkIntermediates
               PRECOMPS_INCLUDE_HEADERS_FROM_BUILT_PRODUCTS_DIR = YES
               PRECOMP_DESTINATION_DIR = /Users/gregoriomorelli/Documents/vibra/build/ios/Pods.build/Release-iphonesimulator/url_launcher_ios-url_launcher_ios_privacy.build/PrefixHeaders
               PRIVATE_HEADERS_FOLDER_PATH = url_launcher_ios_privacy.bundle/PrivateHeaders
               PROCESSED_INFOPLIST_PATH = /Users/gregoriomorelli/Documents/vibra/build/ios/Pods.build/Release-iphonesimulator/url_launcher_ios-url_launcher_ios_privacy.build/Objects-normal/undefined_arch/Processed-Info.plist
               PRODUCT_BUNDLE_IDENTIFIER = org.cocoapods.url-launcher-ios-privacy
               PRODUCT_BUNDLE_PACKAGE_TYPE = BNDL
               PRODUCT_MODULE_NAME = url_launcher_ios_privacy
               PRODUCT_NAME = url_launcher_ios_privacy
               PRODUCT_SETTINGS_PATH = /Users/gregoriomorelli/Documents/vibra/ios/Pods/Target Support Files/url_launcher_ios/ResourceBundle-url_launcher_ios_privacy-url_launcher_ios-Info.plist
               PRODUCT_TYPE = com.apple.product-type.bundle
               PROFILING_CODE = NO
               PROJECT = Pods
               PROJECT_DERIVED_FILE_DIR = /Users/gregoriomorelli/Documents/vibra/build/ios/Pods.build/DerivedSources
               PROJECT_DIR = /Users/gregoriomorelli/Documents/vibra/ios/Pods
               PROJECT_FILE_PATH = /Users/gregoriomorelli/Documents/vibra/ios/Pods/Pods.xcodeproj
               PROJECT_GUID = bfdfe7dc352907fc980b868725387e98
               PROJECT_NAME = Pods
               PROJECT_TEMP_DIR = /Users/gregoriomorelli/Documents/vibra/build/ios/Pods.build
               PROJECT_TEMP_ROOT = /Users/gregoriomorelli/Documents/vibra/build/ios
               PUBLIC_HEADERS_FOLDER_PATH = url_launcher_ios_privacy.bundle/Headers
               RECOMMENDED_IPHONEOS_DEPLOYMENT_TARGET = 15.0
               RECURSIVE_SEARCH_PATHS_FOLLOW_SYMLINKS = YES
               REMOVE_CVS_FROM_RESOURCES = YES
               REMOVE_GIT_FROM_RESOURCES = YES
               REMOVE_HEADERS_FROM_EMBEDDED_BUNDLES = YES
               REMOVE_HG_FROM_RESOURCES = YES
               REMOVE_STATIC_EXECUTABLES_FROM_EMBEDDED_BUNDLES = YES
               REMOVE_SVN_FROM_RESOURCES = YES
               RESCHEDULE_INDEPENDENT_HEADERS_PHASES = YES
               REZ_COLLECTOR_DIR = /Users/gregoriomorelli/Documents/vibra/build/ios/Pods.build/Release-iphonesimulator/url_launcher_ios-url_launcher_ios_privacy.build/ResourceManagerResources
               REZ_OBJECTS_DIR = /Users/gregoriomorelli/Documents/vibra/build/ios/Pods.build/Release-iphonesimulator/url_launcher_ios-url_launcher_ios_privacy.build/ResourceManagerResources/Objects
               REZ_SEARCH_PATHS = /Users/gregoriomorelli/Documents/vibra/build/ios/Release-iphonesimulator/url_launcher_ios 
               RPATH_ORIGIN = @loader_path
               RUNTIME_EXCEPTION_ALLOW_DYLD_ENVIRONMENT_VARIABLES = NO
               RUNTIME_EXCEPTION_ALLOW_JIT = NO
               RUNTIME_EXCEPTION_ALLOW_UNSIGNED_EXECUTABLE_MEMORY = NO
               RUNTIME_EXCEPTION_DEBUGGING_TOOL = NO
               RUNTIME_EXCEPTION_DISABLE_EXECUTABLE_PAGE_PROTECTION = NO
               RUNTIME_EXCEPTION_DISABLE_LIBRARY_VALIDATION = NO
               SCANNING_PCM_KEEP_CACHE_DIRECTORY = YES
               SCAN_ALL_SOURCE_FILES_FOR_INCLUDES = NO
               SCRIPTS_FOLDER_PATH = url_launcher_ios_privacy.bundle/Scripts
               SDKROOT = /Applications/Xcode.app/Contents/Developer/Platforms/iPhoneSimulator.platform/Developer/SDKs/iPhoneSimulator26.5.sdk
               SDK_DIR = /Applications/Xcode.app/Contents/Developer/Platforms/iPhoneSimulator.platform/Developer/SDKs/iPhoneSimulator26.5.sdk
               SDK_DIR_iphonesimulator = /Applications/Xcode.app/Contents/Developer/Platforms/iPhoneSimulator.platform/Developer/SDKs/iPhoneSimulator26.5.sdk
               SDK_DIR_iphonesimulator26_5 = /Applications/Xcode.app/Contents/Developer/Platforms/iPhoneSimulator.platform/Developer/SDKs/iPhoneSimulator26.5.sdk
               SDK_NAME = iphonesimulator26.5
               SDK_NAMES = iphonesimulator26.5
               SDK_PRODUCT_BUILD_VERSION = 23F73
               SDK_STAT_CACHE_DIR = /var/folders/pg/x6t89f2n7s7299rcw8hv33180000gn/C/com.apple.DeveloperTools/26.5-17F42/Xcode
               SDK_STAT_CACHE_ENABLE = YES
               SDK_STAT_CACHE_PATH = /var/folders/pg/x6t89f2n7s7299rcw8hv33180000gn/C/com.apple.DeveloperTools/26.5-17F42/Xcode/SDKStatCaches.noindex/iphonesimulator26.5-23F73-6cfe768891a92b912361537c460fe42b.sdkstatcache
               SDK_VERSION = 26.5
               SDK_VERSION_ACTUAL = 260500
               SDK_VERSION_MAJOR = 260000
               SDK_VERSION_MINOR = 260500
               SED = /usr/bin/sed
               SEPARATE_STRIP = NO
               SEPARATE_SYMBOL_EDIT = NO
               SET_DIR_MODE_OWNER_GROUP = YES
               SET_FILE_MODE_OWNER_GROUP = NO
               SHALLOW_BUNDLE = YES
               SHALLOW_BUNDLE_TRIPLE = ios-simulator
               SHALLOW_BUNDLE_ios_macabi = NO
               SHALLOW_BUNDLE_macos = NO
               SHARED_DERIVED_FILE_DIR = /Users/gregoriomorelli/Documents/vibra/build/ios/Release-iphonesimulator/url_launcher_ios/DerivedSources
               SHARED_FRAMEWORKS_FOLDER_PATH = url_launcher_ios_privacy.bundle/SharedFrameworks
               SHARED_PRECOMPS_DIR = /Users/gregoriomorelli/Documents/vibra/build/ios/SharedPrecompiledHeaders
               SHARED_SUPPORT_FOLDER_PATH = url_launcher_ios_privacy.bundle/SharedSupport
               SKIP_INSTALL = YES
               SKIP_MERGEABLE_LIBRARY_BUNDLE_HOOK = NO
               SOURCE_ROOT = /Users/gregoriomorelli/Documents/vibra/ios/Pods
               SRCROOT = /Users/gregoriomorelli/Documents/vibra/ios/Pods
               STRINGSDATA_DIR = /Users/gregoriomorelli/Documents/vibra/build/ios/Pods.build/Release-iphonesimulator/url_launcher_ios-url_launcher_ios_privacy.build/Objects-normal/undefined_arch
               STRINGSDATA_ROOT = /Users/gregoriomorelli/Documents/vibra/build/ios/Pods.build/Release-iphonesimulator/url_launcher_ios-url_launcher_ios_privacy.build
               STRINGS_FILE_INFOPLIST_RENAME = YES
               STRINGS_FILE_OUTPUT_ENCODING = binary
               STRING_CATALOG_GENERATE_SYMBOLS = NO
               STRIP_BITCODE_FROM_COPIED_FILES = NO
               STRIP_INSTALLED_PRODUCT = NO
               STRIP_STYLE = non-global
               STRIP_SWIFT_SYMBOLS = YES
               SUPPORTED_DEVICE_FAMILIES = 1,2
               SUPPORTED_PLATFORMS = iphoneos iphonesimulator
               SUPPORTS_TEXT_BASED_API = NO
               SUPPRESS_WARNINGS = NO
               SWIFT_COMPILATION_MODE = wholemodule
               SWIFT_EMIT_CONST_VALUE_PROTOCOLS = AnyResolverProviding AppEntity AppEnum AppExtension AppIntent AppIntentsPackage AppShortcutProviding AppShortcutsProvider AppUnionValue AppUnionValueCasesProviding DynamicOptionsProvider EntityQuery ExtensionPointDefining IntentValueQuery Resolver TransientEntity _AssistantIntentsProvider _GenerativeFunctionExtractable _IntentValueRepresentable
               SWIFT_EMIT_LOC_STRINGS = NO
               SWIFT_ENABLE_EXPLICIT_MODULES = YES
               SWIFT_OPTIMIZATION_LEVEL = -O
               SWIFT_PLATFORM_TARGET_PREFIX = ios
               SWIFT_RESPONSE_FILE_PATH_normal_arm64 = /Users/gregoriomorelli/Documents/vibra/build/ios/Pods.build/Release-iphonesimulator/url_launcher_ios-url_launcher_ios_privacy.build/Objects-normal/arm64/url_launcher_ios_privacy.SwiftFileList
               SWIFT_RESPONSE_FILE_PATH_normal_x86_64 = /Users/gregoriomorelli/Documents/vibra/build/ios/Pods.build/Release-iphonesimulator/url_launcher_ios-url_launcher_ios_privacy.build/Objects-normal/x86_64/url_launcher_ios_privacy.SwiftFileList
               SWIFT_VERSION = 5.0
               SYMROOT = /Users/gregoriomorelli/Documents/vibra/ios/build
               SYSTEM_ADMIN_APPS_DIR = /Applications/Utilities
               SYSTEM_APPS_DIR = /Applications
               SYSTEM_CORE_SERVICES_DIR = /System/Library/CoreServices
               SYSTEM_DEMOS_DIR = /Applications/Extras
               SYSTEM_DEVELOPER_APPS_DIR = /Applications/Xcode.app/Contents/Developer/Applications
               SYSTEM_DEVELOPER_BIN_DIR = /Applications/Xcode.app/Contents/Developer/usr/bin
               SYSTEM_DEVELOPER_DEMOS_DIR = /Applications/Xcode.app/Contents/Developer/Applications/Utilities/Built Examples
               SYSTEM_DEVELOPER_DIR = /Applications/Xcode.app/Contents/Developer
               SYSTEM_DEVELOPER_DOC_DIR = /Applications/Xcode.app/Contents/Developer/ADC Reference Library
               SYSTEM_DEVELOPER_GRAPHICS_TOOLS_DIR = /Applications/Xcode.app/Contents/Developer/Applications/Graphics Tools
               SYSTEM_DEVELOPER_JAVA_TOOLS_DIR = /Applications/Xcode.app/Contents/Developer/Applications/Java Tools
               SYSTEM_DEVELOPER_PERFORMANCE_TOOLS_DIR = /Applications/Xcode.app/Contents/Developer/Applications/Performance Tools
               SYSTEM_DEVELOPER_RELEASENOTES_DIR = /Applications/Xcode.app/Contents/Developer/ADC Reference Library/releasenotes
               SYSTEM_DEVELOPER_TOOLS = /Applications/Xcode.app/Contents/Developer/Tools
               SYSTEM_DEVELOPER_TOOLS_DOC_DIR = /Applications/Xcode.app/Contents/Developer/ADC Reference Library/documentation/DeveloperTools
               SYSTEM_DEVELOPER_TOOLS_RELEASENOTES_DIR = /Applications/Xcode.app/Contents/Developer/ADC Reference Library/releasenotes/DeveloperTools
               SYSTEM_DEVELOPER_USR_DIR = /Applications/Xcode.app/Contents/Developer/usr
               SYSTEM_DEVELOPER_UTILITIES_DIR = /Applications/Xcode.app/Contents/Developer/Applications/Utilities
               SYSTEM_DEXT_INSTALL_PATH = /System/Library/DriverExtensions
               SYSTEM_DOCUMENTATION_DIR = /Library/Documentation
               SYSTEM_EXTENSIONS_FOLDER_PATH = url_launcher_ios_privacy.bundle/SystemExtensions
               SYSTEM_EXTENSIONS_FOLDER_PATH_SHALLOW_BUNDLE_NO = url_launcher_ios_privacy.bundle/Library/SystemExtensions
               SYSTEM_EXTENSIONS_FOLDER_PATH_SHALLOW_BUNDLE_YES = url_launcher_ios_privacy.bundle/SystemExtensions
               SYSTEM_KEXT_INSTALL_PATH = /System/Library/Extensions
               SYSTEM_LIBRARY_DIR = /System/Library
               TAPI_DEMANGLE = YES
               TAPI_ENABLE_PROJECT_HEADERS = NO
               TAPI_LANGUAGE = objective-c
               TAPI_LANGUAGE_STANDARD = compiler-default
               TAPI_USE_SRCROOT = YES
               TAPI_VERIFY_MODE = Pedantic
               TARGETED_DEVICE_FAMILY = 1,2
               TARGETNAME = url_launcher_ios-url_launcher_ios_privacy
               TARGET_BUILD_DIR = /Users/gregoriomorelli/Documents/vibra/build/ios/Release-iphonesimulator/url_launcher_ios
               TARGET_NAME = url_launcher_ios-url_launcher_ios_privacy
               TARGET_TEMP_DIR = /Users/gregoriomorelli/Documents/vibra/build/ios/Pods.build/Release-iphonesimulator/url_launcher_ios-url_launcher_ios_privacy.build
               TEMP_DIR = /Users/gregoriomorelli/Documents/vibra/build/ios/Pods.build/Release-iphonesimulator/url_launcher_ios-url_launcher_ios_privacy.build
               TEMP_FILES_DIR = /Users/gregoriomorelli/Documents/vibra/build/ios/Pods.build/Release-iphonesimulator/url_launcher_ios-url_launcher_ios_privacy.build
               TEMP_FILE_DIR = /Users/gregoriomorelli/Documents/vibra/build/ios/Pods.build/Release-iphonesimulator/url_launcher_ios-url_launcher_ios_privacy.build
               TEMP_ROOT = /Users/gregoriomorelli/Documents/vibra/build/ios
               TEMP_SANDBOX_DIR = /Users/gregoriomorelli/Documents/vibra/build/ios/TemporaryTaskSandboxes
               TEST_FRAMEWORK_SEARCH_PATHS =  /Applications/Xcode.app/Contents/Developer/Platforms/iPhoneSimulator.platform/Developer/Library/Frameworks /Applications/Xcode.app/Contents/Developer/Platforms/iPhoneSimulator.platform/Developer/SDKs/iPhoneSimulator26.5.sdk/Developer/Library/Frameworks
               TEST_LIBRARY_SEARCH_PATHS =  /Applications/Xcode.app/Contents/Developer/Platforms/iPhoneSimulator.platform/Developer/usr/lib
               TOOLCHAINS = com.apple.dt.toolchain.XcodeDefault
               TOOLCHAIN_DIR = /Applications/Xcode.app/Contents/Developer/Toolchains/XcodeDefault.xctoolchain
               TREAT_MISSING_BASELINES_AS_TEST_FAILURES = NO
               TREAT_MISSING_SCRIPT_PHASE_OUTPUTS_AS_ERRORS = NO
               TVOS_DEPLOYMENT_TARGET = 26.5
               UID = 501
               UNINSTALLED_PRODUCTS_DIR = /Users/gregoriomorelli/Documents/vibra/build/ios/UninstalledProducts
               UNLOCALIZED_RESOURCES_FOLDER_PATH = url_launcher_ios_privacy.bundle
               UNLOCALIZED_RESOURCES_FOLDER_PATH_SHALLOW_BUNDLE_NO = url_launcher_ios_privacy.bundle/Resources
               UNLOCALIZED_RESOURCES_FOLDER_PATH_SHALLOW_BUNDLE_YES = url_launcher_ios_privacy.bundle
               UNSTRIPPED_PRODUCT = NO
               USER = gregoriomorelli
               USER_APPS_DIR = /Users/gregoriomorelli/Applications
               USER_LIBRARY_DIR = /Users/gregoriomorelli/Library
               USE_DYNAMIC_NO_PIC = YES
               USE_HEADERMAP = YES
               USE_HEADER_SYMLINKS = NO
               USE_RECURSIVE_SCRIPT_INPUTS_IN_SCRIPT_PHASES = YES
               VALIDATE_DEVELOPMENT_ASSET_PATHS = YES_ERROR
               VALIDATE_PRODUCT = NO
               VALID_ARCHS = arm64 x86_64
               VERBOSE_PBXCP = NO
               VERSIONPLIST_PATH = url_launcher_ios_privacy.bundle/version.plist
               VERSION_INFO_BUILDER = gregoriomorelli
               VERSION_INFO_FILE = url_launcher_ios_privacy_vers.c
               VERSION_INFO_STRING = "@(#)PROGRAM:url_launcher_ios_privacy  PROJECT:Pods-"
               WATCHOS_DEPLOYMENT_TARGET = 26.5
               WORKSPACE_DIR = /Users/gregoriomorelli/Documents/vibra/ios/Pods/Pods.xcodeproj
               WRAPPER_EXTENSION = bundle
               WRAPPER_NAME = url_launcher_ios_privacy.bundle
               WRAPPER_SUFFIX = .bundle
               WRAP_ASSET_PACKS_IN_SEPARATE_DIRECTORIES = NO
               XCODE_APP_SUPPORT_DIR = /Applications/Xcode.app/Contents/Developer/Library/Xcode
               XCODE_PRODUCT_BUILD_VERSION = 17F42
               XCODE_VERSION_ACTUAL = 2650
               XCODE_VERSION_MAJOR = 2600
               XCODE_VERSION_MINOR = 2650
               XPCSERVICES_FOLDER_PATH = url_launcher_ios_privacy.bundle/XPCServices
               XROS_DEPLOYMENT_TARGET = 26.5
               YACC = yacc
               _DISCOVER_COMMAND_LINE_LINKER_INPUTS = YES
               _DISCOVER_COMMAND_LINE_LINKER_INPUTS_INCLUDE_WL = YES
               _LD_MULTIARCH = YES
               _WRAPPER_CONTENTS_DIR_SHALLOW_BUNDLE_NO = /Contents
               _WRAPPER_PARENT_PATH_SHALLOW_BUNDLE_NO = /..
               _WRAPPER_RESOURCES_DIR_SHALLOW_BUNDLE_NO = /Resources
               __DIAGNOSE_DEPRECATED_ARCHS = YES
               __ORIGINAL_SDK_DEFINED_LLVM_TARGET_TRIPLE_SYS = ios
               arch = undefined_arch
               variant = normal

           Build settings for action build and target app_links:
               ACTION = build
               AD_HOC_CODE_SIGNING_ALLOWED = YES
               ALLOW_BUILD_REQUEST_OVERRIDES = NO
               ALLOW_TARGET_PLATFORM_SPECIALIZATION = NO
               ALTERNATE_GROUP = staff
               ALTERNATE_MODE = u+w,go-w,a+rX
               ALTERNATE_OWNER = gregoriomorelli
               ALTERNATIVE_DISTRIBUTION_WEB = NO
               ALWAYS_EMBED_SWIFT_STANDARD_LIBRARIES = NO
               ALWAYS_SEARCH_USER_PATHS = NO
               ALWAYS_USE_SEPARATE_HEADERMAPS = NO
               APPLICATION_EXTENSION_API_ONLY = NO
               APPLY_RULES_IN_COPY_FILES = NO
               APPLY_RULES_IN_COPY_HEADERS = NO
               APP_SHORTCUTS_ENABLE_FLEXIBLE_MATCHING = YES
               ARCHS = arm64 x86_64
               ARCHS_BASE = arm64 x86_64
               ARCHS_STANDARD = arm64 x86_64
               ARCHS_STANDARD_32_64_BIT = arm64 x86_64
               ARCHS_STANDARD_64_BIT = arm64 x86_64
               ARCHS_STANDARD_INCLUDING_64_BIT = arm64 x86_64
               ARCHS_UNIVERSAL_IPHONE_OS = arm64 x86_64
               AUTOMATICALLY_MERGE_DEPENDENCIES = NO
               AUTOMATION_APPLE_EVENTS = NO
               AVAILABLE_PLATFORMS = android appletvos appletvsimulator driverkit freebsd iphoneos iphonesimulator linux macosx none openbsd qnx watchos watchsimulator webassembly xros xrsimulator
               BUILD_ACTIVE_RESOURCES_ONLY = NO
               BUILD_COMPONENTS = headers build
               BUILD_DIR = /Users/gregoriomorelli/Documents/vibra/build/ios
               BUILD_LIBRARY_FOR_DISTRIBUTION = NO
               BUILD_ONLY_KNOWN_LOCALIZATIONS = NO
               BUILD_ROOT = /Users/gregoriomorelli/Documents/vibra/ios/build
               BUILD_STYLE = 
               BUILD_VARIANTS = normal
               BUILT_PRODUCTS_DIR = /Users/gregoriomorelli/Documents/vibra/build/ios/Release-iphonesimulator/app_links
               BUNDLE_CONTENTS_FOLDER_PATH_deep = Contents/
               BUNDLE_EXECUTABLE_FOLDER_NAME_deep = MacOS
               BUNDLE_EXTENSIONS_FOLDER_PATH = Extensions
               BUNDLE_FORMAT = shallow
               BUNDLE_FRAMEWORKS_FOLDER_PATH = Frameworks
               BUNDLE_PLUGINS_FOLDER_PATH = PlugIns
               BUNDLE_PRIVATE_HEADERS_FOLDER_PATH = PrivateHeaders
               BUNDLE_PUBLIC_HEADERS_FOLDER_PATH = Headers
               CACHE_ROOT = /var/folders/pg/x6t89f2n7s7299rcw8hv33180000gn/C/com.apple.DeveloperTools/26.5-17F42/Xcode
               CCHROOT = /var/folders/pg/x6t89f2n7s7299rcw8hv33180000gn/C/com.apple.DeveloperTools/26.5-17F42/Xcode
               CHMOD = /bin/chmod
               CHOWN = chown
               CLANG_ANALYZER_LOCALIZABILITY_NONLOCALIZED = YES
               CLANG_ANALYZER_NONNULL = YES
               CLANG_ANALYZER_NUMBER_OBJECT_CONVERSION = YES_AGGRESSIVE
               CLANG_CACHE_FINE_GRAINED_OUTPUTS = YES
               CLANG_CXX_LANGUAGE_STANDARD = gnu++14
               CLANG_CXX_LIBRARY = libc++
               CLANG_ENABLE_EXPLICIT_MODULES = YES
               CLANG_ENABLE_MODULES = YES
               CLANG_ENABLE_OBJC_ARC = YES
               CLANG_ENABLE_OBJC_WEAK = NO
               CLANG_MODULES_BUILD_SESSION_FILE = /var/folders/pg/x6t89f2n7s7299rcw8hv33180000gn/C/org.llvm.clang/ModuleCache.noindex/Session.modulevalidation
               CLANG_WARN_BLOCK_CAPTURE_AUTORELEASING = YES
               CLANG_WARN_BOOL_CONVERSION = YES
               CLANG_WARN_COMMA = YES
               CLANG_WARN_CONSTANT_CONVERSION = YES
               CLANG_WARN_DEPRECATED_OBJC_IMPLEMENTATIONS = YES
               CLANG_WARN_DIRECT_OBJC_ISA_USAGE = YES_ERROR
               CLANG_WARN_DOCUMENTATION_COMMENTS = YES
               CLANG_WARN_EMPTY_BODY = YES
               CLANG_WARN_ENUM_CONVERSION = YES
               CLANG_WARN_INFINITE_RECURSION = YES
               CLANG_WARN_INT_CONVERSION = YES
               CLANG_WARN_NON_LITERAL_NULL_CONVERSION = YES
               CLANG_WARN_OBJC_IMPLICIT_RETAIN_SELF = YES
               CLANG_WARN_OBJC_LITERAL_CONVERSION = YES
               CLANG_WARN_OBJC_ROOT_CLASS = YES_ERROR
               CLANG_WARN_QUOTED_INCLUDE_IN_FRAMEWORK_HEADER = NO
               CLANG_WARN_RANGE_LOOP_ANALYSIS = YES
               CLANG_WARN_STRICT_PROTOTYPES = YES
               CLANG_WARN_SUSPICIOUS_MOVE = YES
               CLANG_WARN_UNGUARDED_AVAILABILITY = YES_AGGRESSIVE
               CLANG_WARN_UNREACHABLE_CODE = YES
               CLANG_WARN__DUPLICATE_METHOD_MATCH = YES
               CLASS_FILE_DIR = /Users/gregoriomorelli/Documents/vibra/build/ios/Pods.build/Release-iphonesimulator/app_links.build/JavaClasses
               CLEAN_PRECOMPS = YES
               CLONE_HEADERS = NO
               CODESIGNING_FOLDER_PATH = /Users/gregoriomorelli/Documents/vibra/build/ios/Release-iphonesimulator/app_links/app_links.framework
               CODE_SIGNING_ALLOWED = YES
               CODE_SIGNING_REQUIRED = NO
               CODE_SIGNING_REQUIRES_TEAM = YES
               CODE_SIGN_CONTEXT_CLASS = XCiPhoneSimulatorCodeSignContext
               CODE_SIGN_IDENTITY = -
               CODE_SIGN_INJECT_BASE_ENTITLEMENTS = YES
               COLOR_DIAGNOSTICS = NO
               COMBINE_HIDPI_IMAGES = NO
               COMPILATION_CACHE_CAS_PATH = /var/folders/pg/x6t89f2n7s7299rcw8hv33180000gn/C/com.apple.DeveloperTools/26.5-17F42/Xcode/CompilationCache.noindex
               COMPILATION_CACHE_KEEP_CAS_DIRECTORY = YES
               COMPILER_INDEX_STORE_ENABLE = Default
               COMPOSITE_SDK_DIRS = /Users/gregoriomorelli/Documents/vibra/build/ios/CompositeSDKs
               COMPRESS_PNG_FILES = YES
               CONFIGURATION = Release
               CONFIGURATION_BUILD_DIR = /Users/gregoriomorelli/Documents/vibra/build/ios/Release-iphonesimulator/app_links
               CONFIGURATION_TEMP_DIR = /Users/gregoriomorelli/Documents/vibra/build/ios/Pods.build/Release-iphonesimulator
               CONTENTS_FOLDER_PATH = app_links.framework
               CONTENTS_FOLDER_PATH_SHALLOW_BUNDLE_NO = app_links.framework/A
               CONTENTS_FOLDER_PATH_SHALLOW_BUNDLE_YES = app_links.framework
               COPYING_PRESERVES_HFS_DATA = NO
               COPY_HEADERS_RUN_UNIFDEF = NO
               COPY_PHASE_STRIP = NO
               CORRESPONDING_DEVICE_PLATFORM_DIR = /Applications/Xcode.app/Contents/Developer/Platforms/iPhoneOS.platform
               CORRESPONDING_DEVICE_PLATFORM_NAME = iphoneos
               CORRESPONDING_DEVICE_SDK_DIR = /Applications/Xcode.app/Contents/Developer/Platforms/iPhoneOS.platform/Developer/SDKs/iPhoneOS26.5.sdk
               CORRESPONDING_DEVICE_SDK_NAME = iphoneos26.5
               CP = /bin/cp
               CREATE_INFOPLIST_SECTION_IN_BINARY = NO
               CURRENT_ARCH = undefined_arch
               CURRENT_PROJECT_VERSION = 1
               CURRENT_VARIANT = normal
               CURRENT_VERSION = Current
               DEAD_CODE_STRIPPING = YES
               DEBUGGING_SYMBOLS = YES
               DEBUG_INFORMATION_FORMAT = dwarf-with-dsym
               DEBUG_INFORMATION_VERSION = compiler-default
               DEFAULT_COMPILER = com.apple.compilers.llvm.clang.1_0
               DEFAULT_DEXT_INSTALL_PATH = /System/Library/DriverExtensions
               DEFAULT_KEXT_INSTALL_PATH = /System/Library/Extensions
               DEFINES_MODULE = YES
               DEPLOYMENT_LOCATION = NO
               DEPLOYMENT_POSTPROCESSING = NO
               DEPLOYMENT_TARGET_SETTING_NAME = IPHONEOS_DEPLOYMENT_TARGET
               DEPLOYMENT_TARGET_SUGGESTED_VALUES = 12.0 12.1 12.2 12.3 12.4 13.0 13.1 13.2 13.3 13.4 13.5 13.6 14.0 14.1 14.2 14.3 14.4 14.5 14.6 14.7 15.0 15.1 15.2 15.3 15.4 15.5 15.6 16.0 16.1 16.2 16.3 16.4 16.5 16.6 17.0 17.1 17.2 17.3 17.4 17.5 17.6 18.0 18.1 18.2 18.3 18.4 18.5 18.6 26.0 26.2 26.3 26.4 26.5
               DERIVED_FILES_DIR = /Users/gregoriomorelli/Documents/vibra/build/ios/Pods.build/Release-iphonesimulator/app_links.build/DerivedSources
               DERIVED_FILE_DIR = /Users/gregoriomorelli/Documents/vibra/build/ios/Pods.build/Release-iphonesimulator/app_links.build/DerivedSources
               DERIVED_SOURCES_DIR = /Users/gregoriomorelli/Documents/vibra/build/ios/Pods.build/Release-iphonesimulator/app_links.build/DerivedSources
               DEVELOPER_APPLICATIONS_DIR = /Applications/Xcode.app/Contents/Developer/Applications
               DEVELOPER_BIN_DIR = /Applications/Xcode.app/Contents/Developer/usr/bin
               DEVELOPER_DIR = /Applications/Xcode.app/Contents/Developer
               DEVELOPER_FRAMEWORKS_DIR = /Applications/Xcode.app/Contents/Developer/Library/Frameworks
               DEVELOPER_FRAMEWORKS_DIR_QUOTED = /Applications/Xcode.app/Contents/Developer/Library/Frameworks
               DEVELOPER_LIBRARY_DIR = /Applications/Xcode.app/Contents/Developer/Library
               DEVELOPER_SDK_DIR = /Applications/Xcode.app/Contents/Developer/Platforms/MacOSX.platform/Developer/SDKs
               DEVELOPER_TOOLS_DIR = /Applications/Xcode.app/Contents/Developer/Tools
               DEVELOPER_USR_DIR = /Applications/Xcode.app/Contents/Developer/usr
               DEVELOPMENT_LANGUAGE = en
               DIAGNOSE_MISSING_TARGET_DEPENDENCIES = YES
               DIFF = /usr/bin/diff
               DOCUMENTATION_FOLDER_PATH = app_links.framework/en.lproj/Documentation
               DONT_GENERATE_INFOPLIST_FILE = NO
               DRIVERKIT_DEPLOYMENT_TARGET = 25.5
               DSTROOT = /tmp/Pods.dst
               DT_TOOLCHAIN_DIR = /Applications/Xcode.app/Contents/Developer/Toolchains/XcodeDefault.xctoolchain
               DUMP_DEPENDENCIES = NO
               DUMP_DEPENDENCIES_OUTPUT_PATH = /Users/gregoriomorelli/Documents/vibra/build/ios/Pods.build/Release-iphonesimulator/app_links.build/app_links-BuildDependencyInfo.json
               DWARF_DSYM_FILE_NAME = app_links.framework.dSYM
               DWARF_DSYM_FILE_SHOULD_ACCOMPANY_PRODUCT = NO
               DWARF_DSYM_FOLDER_PATH = /Users/gregoriomorelli/Documents/vibra/build/ios/Release-iphonesimulator/app_links
               DYLIB_COMPATIBILITY_VERSION = 1
               DYLIB_CURRENT_VERSION = 1
               DYLIB_INSTALL_NAME_BASE = @rpath
               DYNAMIC_LIBRARY_EXTENSION = dylib
               EAGER_COMPILATION_ALLOW_SCRIPTS = NO
               EAGER_LINKING = NO
               EFFECTIVE_PLATFORM_NAME = -iphonesimulator
               EFFECTIVE_SWIFT_VERSION = 5
               EMBEDDED_CONTENT_CONTAINS_SWIFT = NO
               EMBED_ASSET_PACKS_IN_PRODUCT_BUNDLE = NO
               ENABLE_APP_SANDBOX = NO
               ENABLE_BITCODE = NO
               ENABLE_CODE_COVERAGE = YES
               ENABLE_COHORT_ARCHS = NO
               ENABLE_CPLUSPLUS_BOUNDS_SAFE_BUFFERS = NO
               ENABLE_C_BOUNDS_SAFETY = NO
               ENABLE_DEFAULT_HEADER_SEARCH_PATHS = YES
               ENABLE_DEFAULT_SEARCH_PATHS = YES
               ENABLE_ENHANCED_SECURITY = NO
               ENABLE_HARDENED_RUNTIME = NO
               ENABLE_HEADER_DEPENDENCIES = YES
               ENABLE_INCOMING_NETWORK_CONNECTIONS = NO
               ENABLE_MODULE_VERIFIER = NO
               ENABLE_NS_ASSERTIONS = NO
               ENABLE_ON_DEMAND_RESOURCES = NO
               ENABLE_OUTGOING_NETWORK_CONNECTIONS = NO
               ENABLE_POINTER_AUTHENTICATION = NO
               ENABLE_RESOURCE_ACCESS_AUDIO_INPUT = NO
               ENABLE_RESOURCE_ACCESS_BLUETOOTH = NO
               ENABLE_RESOURCE_ACCESS_CALENDARS = NO
               ENABLE_RESOURCE_ACCESS_CAMERA = NO
               ENABLE_RESOURCE_ACCESS_CONTACTS = NO
               ENABLE_RESOURCE_ACCESS_LOCATION = NO
               ENABLE_RESOURCE_ACCESS_PHOTO_LIBRARY = NO
               ENABLE_RESOURCE_ACCESS_PRINTING = NO
               ENABLE_RESOURCE_ACCESS_USB = NO
               ENABLE_SDK_IMPORTS = NO
               ENABLE_SECURITY_COMPILER_WARNINGS = NO
               ENABLE_STRICT_OBJC_MSGSEND = YES
               ENABLE_TESTABILITY = NO
               ENABLE_TESTING_SEARCH_PATHS = NO
               ENABLE_USER_SCRIPT_SANDBOXING = NO
               ENFORCE_VALID_ARCHS = YES
               ENTITLEMENTS_DESTINATION = __entitlements
               ENTITLEMENTS_REQUIRED = NO
               EXCLUDED_ARCHS = i386 i386
               EXCLUDED_INSTALLSRC_SUBDIRECTORY_PATTERNS = .DS_Store .svn .git .hg CVS
               EXCLUDED_RECURSIVE_SEARCH_PATH_SUBDIRECTORIES = *.nib *.lproj *.framework *.gch *.xcode* *.xcassets *.icon (*) .DS_Store CVS .svn .git .hg *.pbproj *.pbxproj
               EXECUTABLES_FOLDER_PATH = app_links.framework/en.lproj
               EXECUTABLE_FOLDER_PATH = app_links.framework
               EXECUTABLE_FOLDER_PATH_SHALLOW_BUNDLE_NO = app_links.framework
               EXECUTABLE_FOLDER_PATH_SHALLOW_BUNDLE_YES = app_links.framework
               EXECUTABLE_NAME = app_links
               EXECUTABLE_PATH = app_links.framework/app_links
               EXTENSIONS_FOLDER_PATH = app_links.framework/Extensions
               FILE_LIST = /Users/gregoriomorelli/Documents/vibra/build/ios/Pods.build/Release-iphonesimulator/app_links.build/Objects/LinkFileList
               FIXED_FILES_DIR = /Users/gregoriomorelli/Documents/vibra/build/ios/Pods.build/Release-iphonesimulator/app_links.build/FixedFiles
               FRAMEWORKS_FOLDER_PATH = app_links.framework/Frameworks
               FRAMEWORK_FLAG_PREFIX = -framework
               FRAMEWORK_SEARCH_PATHS = /Users/gregoriomorelli/Documents/vibra/build/ios/Release-iphonesimulator/app_links "/Users/gregoriomorelli/development/flutter/bin/cache/artifacts/engine/ios-release/Flutter.xcframework/ios-arm64_x86_64-simulator" 
               FRAMEWORK_VERSION = A
               FULL_PRODUCT_NAME = app_links.framework
               FUSE_BUILD_PHASES = YES
               FUSE_BUILD_SCRIPT_PHASES = NO
               GCC3_VERSION = 3.3
               GCC_C_LANGUAGE_STANDARD = gnu11
               GCC_INLINES_ARE_PRIVATE_EXTERN = YES
               GCC_NO_COMMON_BLOCKS = YES
               GCC_OBJC_LEGACY_DISPATCH = YES
               GCC_PFE_FILE_C_DIALECTS = c objective-c c++ objective-c++
               GCC_PREFIX_HEADER = Target Support Files/app_links/app_links-prefix.pch
               GCC_PREPROCESSOR_DEFINITIONS = POD_CONFIGURATION_RELEASE=1  COCOAPODS=1
               GCC_TREAT_WARNINGS_AS_ERRORS = NO
               GCC_VERSION = com.apple.compilers.llvm.clang.1_0
               GCC_VERSION_IDENTIFIER = com_apple_compilers_llvm_clang_1_0
               GCC_WARN_64_TO_32_BIT_CONVERSION = YES
               GCC_WARN_ABOUT_RETURN_TYPE = YES_ERROR
               GCC_WARN_UNDECLARED_SELECTOR = YES
               GCC_WARN_UNINITIALIZED_AUTOS = YES_AGGRESSIVE
               GCC_WARN_UNUSED_FUNCTION = YES
               GCC_WARN_UNUSED_VARIABLE = YES
               GENERATED_MODULEMAP_DIR = /Users/gregoriomorelli/Documents/vibra/build/ios/GeneratedModuleMaps-iphonesimulator
               GENERATE_INFOPLIST_FILE = NO
               GENERATE_INTERMEDIATE_TEXT_BASED_STUBS = YES
               GENERATE_PKGINFO_FILE = NO
               GENERATE_PRELINK_OBJECT_FILE = NO
               GENERATE_PROFILING_CODE = NO
               GENERATE_TEXT_BASED_STUBS = NO
               GID = 20
               GROUP = staff
               HEADERMAP_INCLUDES_FLAT_ENTRIES_FOR_TARGET_BEING_BUILT = YES
               HEADERMAP_INCLUDES_FRAMEWORK_ENTRIES_FOR_ALL_PRODUCT_TYPES = YES
               HEADERMAP_INCLUDES_FRAMEWORK_ENTRIES_FOR_TARGETS_NOT_BEING_BUILT = YES
               HEADERMAP_INCLUDES_NONPUBLIC_NONPRIVATE_HEADERS = YES
               HEADERMAP_INCLUDES_PROJECT_HEADERS = YES
               HEADERMAP_USES_FRAMEWORK_PREFIX_ENTRIES = YES
               HEADERMAP_USES_VFS = YES
               HEADER_SEARCH_PATHS = /Users/gregoriomorelli/Documents/vibra/build/ios/Release-iphonesimulator/app_links/include 
               HOME = /Users/gregoriomorelli
               HOST_ARCH = arm64
               HOST_PLATFORM = macosx
               ICONV = /usr/bin/iconv
               IMPLICIT_DEPENDENCY_DOMAIN = default
               INDEX_STORE_COMPRESS = NO
               INDEX_STORE_ONLY_PROJECT_FILES = NO
               INFOPLIST_ENABLE_CFBUNDLEICONS_MERGE = YES
               INFOPLIST_EXPAND_BUILD_SETTINGS = YES
               INFOPLIST_FILE = Target Support Files/app_links/app_links-Info.plist
               INFOPLIST_OUTPUT_FORMAT = binary
               INFOPLIST_PATH = app_links.framework/Info.plist
               INFOPLIST_PREPROCESS = NO
               INFOSTRINGS_PATH = app_links.framework/en.lproj/InfoPlist.strings
               INLINE_PRIVATE_FRAMEWORKS = NO
               INSTALLAPI_IGNORE_SKIP_INSTALL = YES
               INSTALLHDRS_COPY_PHASE = NO
               INSTALLHDRS_SCRIPT_PHASE = NO
               INSTALL_DIR = /tmp/Pods.dst/Library/Frameworks
               INSTALL_GROUP = staff
               INSTALL_MODE_FLAG = u+w,go-w,a+rX
               INSTALL_OWNER = gregoriomorelli
               INSTALL_PATH = /Library/Frameworks
               INSTALL_ROOT = /tmp/Pods.dst
               IPHONEOS_DEPLOYMENT_TARGET = 13.0
               IS_UNOPTIMIZED_BUILD = NO
               JAVAC_DEFAULT_FLAGS = -J-Xms64m -J-XX:NewSize=4M -J-Dfile.encoding=UTF8
               JAVA_APP_STUB = /System/Library/Frameworks/JavaVM.framework/Resources/MacOS/JavaApplicationStub
               JAVA_ARCHIVE_CLASSES = YES
               JAVA_ARCHIVE_TYPE = JAR
               JAVA_COMPILER = /usr/bin/javac
               JAVA_FOLDER_PATH = app_links.framework/Java
               JAVA_FRAMEWORK_RESOURCES_DIRS = Resources
               JAVA_JAR_FLAGS = cv
               JAVA_SOURCE_SUBDIR = .
               JAVA_USE_DEPENDENCIES = YES
               JAVA_ZIP_FLAGS = -urg
               JIKES_DEFAULT_FLAGS = +E +OLDCSO
               KEEP_PRIVATE_EXTERNS = NO
               LD_DEPENDENCY_INFO_FILE = /Users/gregoriomorelli/Documents/vibra/build/ios/Pods.build/Release-iphonesimulator/app_links.build/Objects-normal/undefined_arch/app_links_dependency_info.dat
               LD_DYLIB_INSTALL_NAME = @rpath/app_links.framework/app_links
               LD_EXPORT_SYMBOLS = YES
               LD_GENERATE_MAP_FILE = NO
               LD_MAP_FILE_PATH = /Users/gregoriomorelli/Documents/vibra/build/ios/Pods.build/Release-iphonesimulator/app_links.build/app_links-LinkMap-normal-undefined_arch.txt
               LD_NO_PIE = NO
               LD_QUOTE_LINKER_ARGUMENTS_FOR_COMPILER_DRIVER = YES
               LD_RUNPATH_SEARCH_PATHS =  @executable_path/Frameworks @loader_path/Frameworks
               LD_SHARED_CACHE_ELIGIBLE = Automatic
               LD_WARN_DUPLICATE_LIBRARIES = NO
               LD_WARN_UNUSED_DYLIBS = NO
               LEGACY_DEVELOPER_DIR = /Applications/Xcode.app/Contents/PlugIns/Xcode3Core.ideplugin/Contents/SharedSupport/Developer
               LEX = lex
               LIBRARY_DEXT_INSTALL_PATH = /Library/DriverExtensions
               LIBRARY_FLAG_NOSPACE = YES
               LIBRARY_FLAG_PREFIX = -l
               LIBRARY_KEXT_INSTALL_PATH = /Library/Extensions
               LIBRARY_SEARCH_PATHS = /Users/gregoriomorelli/Documents/vibra/build/ios/Release-iphonesimulator/app_links /Applications/Xcode.app/Contents/Developer/Toolchains/XcodeDefault.xctoolchain/usr/lib/swift/iphonesimulator /Applications/Xcode.app/Contents/Developer/Platforms/iPhoneSimulator.platform/Developer/SDKs/iPhoneSimulator26.5.sdk/usr/lib/swift
               LINKER_DISPLAYS_MANGLED_NAMES = NO
               LINK_FILE_LIST_normal_arm64 = /Users/gregoriomorelli/Documents/vibra/build/ios/Pods.build/Release-iphonesimulator/app_links.build/Objects-normal/arm64/app_links.LinkFileList
               LINK_FILE_LIST_normal_x86_64 = /Users/gregoriomorelli/Documents/vibra/build/ios/Pods.build/Release-iphonesimulator/app_links.build/Objects-normal/x86_64/app_links.LinkFileList
               LINK_OBJC_RUNTIME = YES
               LINK_WITH_STANDARD_LIBRARIES = YES
               LLVM_TARGET_TRIPLE_OS_VERSION = ios13.0
               LLVM_TARGET_TRIPLE_SUFFIX = -simulator
               LLVM_TARGET_TRIPLE_VENDOR = apple
               LM_AUX_CONST_METADATA_LIST_PATH_normal_arm64 = /Users/gregoriomorelli/Documents/vibra/build/ios/Pods.build/Release-iphonesimulator/app_links.build/Objects-normal/arm64/app_links.SwiftConstValuesFileList
               LM_AUX_CONST_METADATA_LIST_PATH_normal_x86_64 = /Users/gregoriomorelli/Documents/vibra/build/ios/Pods.build/Release-iphonesimulator/app_links.build/Objects-normal/x86_64/app_links.SwiftConstValuesFileList
               LOCALIZATION_EXPORT_SUPPORTED = YES
               LOCALIZATION_PREFERS_STRING_CATALOGS = NO
               LOCALIZED_RESOURCES_FOLDER_PATH = app_links.framework/en.lproj
               LOCALIZED_STRING_CODE_COMMENTS = NO
               LOCALIZED_STRING_MACRO_NAMES = NSLocalizedString CFCopyLocalizedString
               LOCALIZED_STRING_SWIFTUI_SUPPORT = YES
               LOCAL_ADMIN_APPS_DIR = /Applications/Utilities
               LOCAL_APPS_DIR = /Applications
               LOCAL_DEVELOPER_DIR = /Library/Developer
               LOCAL_LIBRARY_DIR = /Library
               LOCROOT = /Users/gregoriomorelli/Documents/vibra/ios/Pods
               LOCSYMROOT = /Users/gregoriomorelli/Documents/vibra/ios/Pods
               MACH_O_TYPE = mh_dylib
               MACOSX_DEPLOYMENT_TARGET = 26.5
               MAC_OS_X_PRODUCT_BUILD_VERSION = 25F84
               MAC_OS_X_VERSION_ACTUAL = 260502
               MAC_OS_X_VERSION_MAJOR = 260000
               MAC_OS_X_VERSION_MINOR = 260500
               MAKE_MERGEABLE = NO
               MERGEABLE_LIBRARY = NO
               MERGED_BINARY_TYPE = none
               MERGE_LINKED_LIBRARIES = NO
               METAL_LIBRARY_FILE_BASE = default
               METAL_LIBRARY_OUTPUT_DIR = /Users/gregoriomorelli/Documents/vibra/build/ios/Release-iphonesimulator/app_links/app_links.framework
               MODULEMAP_FILE = Target Support Files/app_links/app_links.modulemap
               MODULES_FOLDER_PATH = app_links.framework/Modules
               MTL_ENABLE_DEBUG_INFO = NO
               MTL_FAST_MATH = YES
               NATIVE_ARCH = arm64
               NATIVE_ARCH_32_BIT = arm
               NATIVE_ARCH_64_BIT = arm64
               NATIVE_ARCH_ACTUAL = arm64
               NO_COMMON = YES
               OBJC_ABI_VERSION = 2
               OBJECT_FILE_DIR = /Users/gregoriomorelli/Documents/vibra/build/ios/Pods.build/Release-iphonesimulator/app_links.build/Objects
               OBJECT_FILE_DIR_normal = /Users/gregoriomorelli/Documents/vibra/build/ios/Pods.build/Release-iphonesimulator/app_links.build/Objects-normal
               OBJROOT = /Users/gregoriomorelli/Documents/vibra/build/ios
               ONLY_ACTIVE_ARCH = NO
               OS = MACOS
               OSAC = /usr/bin/osacompile
               OTHER_LDFLAGS =  -framework Flutter
               OTHER_SWIFT_FLAGS =  -D COCOAPODS
               PACKAGE_TYPE = com.apple.package-type.wrapper.framework
               PASCAL_STRINGS = YES
               PATH = /Applications/Xcode.app/Contents/SharedFrameworks/SwiftBuild.framework/Versions/A/PlugIns/SWBBuildService.bundle/Contents/PlugIns/SWBUniversalPlatformPlugin.bundle/Contents/Frameworks/SWBUniversalPlatform.framework/Resources:/Applications/Xcode.app/Contents/Developer/Toolchains/XcodeDefault.xctoolchain/usr/bin:/Applications/Xcode.app/Contents/Developer/Toolchains/XcodeDefault.xctoolchain/usr/local/bin:/Applications/Xcode.app/Contents/Developer/Toolchains/XcodeDefault.xctoolchain/usr/libexec:/Applications/Xcode.app/Contents/Developer/Platforms/iPhoneSimulator.platform/usr/bin:/Applications/Xcode.app/Contents/Developer/Platforms/iPhoneSimulator.platform/usr/local/bin:/Applications/Xcode.app/Contents/Developer/Platforms/iPhoneSimulator.platform/Developer/usr/bin:/Applications/Xcode.app/Contents/Developer/Platforms/iPhoneSimulator.platform/Developer/usr/local/bin:/Applications/Xcode.app/Contents/Developer/usr/bin:/Applications/Xcode.app/Contents/Developer/usr/local/bin:/Users/gregoriomorelli/.gemini/antigravity/bin:/Users/gregoriomorelli/Library/Application Support/Antigravity/bin:/opt/homebrew/bin:/opt/homebrew/sbin:/Library/Developer/CommandLineTools/usr/bin:/Users/gregoriomorelli/development/flutter/bin:/Users/gregoriomorelli/Library/Android/sdk/platform-tools:/Users/gregoriomorelli/Library/Android/sdk/cmdline-tools/latest/bin:/Users/gregoriomorelli/Library/Android/sdk/emulator:/Users/gregoriomorelli/.antigravity-ide/antigravity-ide/bin:/Users/gregoriomorelli/.antigravity/antigravity/bin:/Applications/XAMPP/xamppfiles/bin:/Users/gregoriomorelli/develop/flutter/bin:/usr/local/bin:/System/Cryptexes/App/usr/bin:/usr/bin:/bin:/usr/sbin:/sbin:/var/run/com.apple.security.cryptexd/codex.system/bootstrap/usr/local/bin:/var/run/com.apple.security.cryptexd/codex.system/bootstrap/usr/bin:/var/run/com.apple.security.cryptexd/codex.system/bootstrap/usr/appleinternal/bin:/pkg/env/global/bin:/Users/gregoriomorelli/.spicetify
               PATH_PREFIXES_EXCLUDED_FROM_HEADER_DEPENDENCIES = /usr/include /usr/local/include /System/Library/Frameworks /System/Library/PrivateFrameworks /Applications/Xcode.app/Contents/Developer/Headers /Applications/Xcode.app/Contents/Developer/SDKs /Applications/Xcode.app/Contents/Developer/Platforms
               PBDEVELOPMENTPLIST_PATH = app_links.framework/pbdevelopment.plist
               PER_ARCH_MODULE_FILE_DIR = /Users/gregoriomorelli/Documents/vibra/build/ios/Pods.build/Release-iphonesimulator/app_links.build/Objects-normal/undefined_arch
               PER_ARCH_OBJECT_FILE_DIR = /Users/gregoriomorelli/Documents/vibra/build/ios/Pods.build/Release-iphonesimulator/app_links.build/Objects-normal/undefined_arch
               PER_VARIANT_OBJECT_FILE_DIR = /Users/gregoriomorelli/Documents/vibra/build/ios/Pods.build/Release-iphonesimulator/app_links.build/Objects-normal
               PKGINFO_FILE_PATH = /Users/gregoriomorelli/Documents/vibra/build/ios/Pods.build/Release-iphonesimulator/app_links.build/PkgInfo
               PKGINFO_PATH = app_links.framework/PkgInfo
               PLATFORM_DEVELOPER_APPLICATIONS_DIR = /Applications/Xcode.app/Contents/Developer/Platforms/iPhoneSimulator.platform/Developer/Applications
               PLATFORM_DEVELOPER_BIN_DIR = /Applications/Xcode.app/Contents/Developer/Platforms/iPhoneSimulator.platform/Developer/usr/bin
               PLATFORM_DEVELOPER_LIBRARY_DIR = /Applications/Xcode.app/Contents/Developer/Platforms/iPhoneSimulator.platform/Developer/Library
               PLATFORM_DEVELOPER_SDK_DIR = /Applications/Xcode.app/Contents/Developer/Platforms/iPhoneSimulator.platform/Developer/SDKs
               PLATFORM_DEVELOPER_TOOLS_DIR = /Applications/Xcode.app/Contents/Developer/Platforms/iPhoneSimulator.platform/Developer/Tools
               PLATFORM_DEVELOPER_USR_DIR = /Applications/Xcode.app/Contents/Developer/Platforms/iPhoneSimulator.platform/Developer/usr
               PLATFORM_DIR = /Applications/Xcode.app/Contents/Developer/Platforms/iPhoneSimulator.platform
               PLATFORM_DISPLAY_NAME = iOS Simulator
               PLATFORM_FAMILY_NAME = iOS
               PLATFORM_NAME = iphonesimulator
               PLATFORM_PREFERRED_ARCH = x86_64
               PLATFORM_PRODUCT_BUILD_VERSION = 23F73
               PLATFORM_REQUIRES_SWIFT_AUTOLINK_EXTRACT = NO
               PLATFORM_REQUIRES_SWIFT_MODULEWRAP = NO
               PLATFORM_USES_DSYMS = YES
               PLIST_FILE_OUTPUT_FORMAT = binary
               PLUGINS_FOLDER_PATH = app_links.framework/PlugIns
               PODS_BUILD_DIR = /Users/gregoriomorelli/Documents/vibra/build/ios
               PODS_CONFIGURATION_BUILD_DIR = /Users/gregoriomorelli/Documents/vibra/build/ios/Release-iphonesimulator
               PODS_DEVELOPMENT_LANGUAGE = en
               PODS_ROOT = /Users/gregoriomorelli/Documents/vibra/ios/Pods
               PODS_TARGET_SRCROOT = /Users/gregoriomorelli/Documents/vibra/ios/Pods/../.symlinks/plugins/app_links/ios
               PODS_XCFRAMEWORKS_BUILD_DIR = /Users/gregoriomorelli/Documents/vibra/build/ios/Release-iphonesimulator/XCFrameworkIntermediates
               PRECOMPS_INCLUDE_HEADERS_FROM_BUILT_PRODUCTS_DIR = YES
               PRECOMP_DESTINATION_DIR = /Users/gregoriomorelli/Documents/vibra/build/ios/Pods.build/Release-iphonesimulator/app_links.build/PrefixHeaders
               PRIVATE_HEADERS_FOLDER_PATH = app_links.framework/PrivateHeaders
               PROCESSED_INFOPLIST_PATH = /Users/gregoriomorelli/Documents/vibra/build/ios/Pods.build/Release-iphonesimulator/app_links.build/Objects-normal/undefined_arch/Processed-Info.plist
               PRODUCT_BUNDLE_IDENTIFIER = org.cocoapods.app-links
               PRODUCT_BUNDLE_PACKAGE_TYPE = FMWK
               PRODUCT_MODULE_NAME = app_links
               PRODUCT_NAME = app_links
               PRODUCT_SETTINGS_PATH = /Users/gregoriomorelli/Documents/vibra/ios/Pods/Target Support Files/app_links/app_links-Info.plist
               PRODUCT_TYPE = com.apple.product-type.framework
               PROFILING_CODE = NO
               PROJECT = Pods
               PROJECT_DERIVED_FILE_DIR = /Users/gregoriomorelli/Documents/vibra/build/ios/Pods.build/DerivedSources
               PROJECT_DIR = /Users/gregoriomorelli/Documents/vibra/ios/Pods
               PROJECT_FILE_PATH = /Users/gregoriomorelli/Documents/vibra/ios/Pods/Pods.xcodeproj
               PROJECT_GUID = bfdfe7dc352907fc980b868725387e98
               PROJECT_NAME = Pods
               PROJECT_TEMP_DIR = /Users/gregoriomorelli/Documents/vibra/build/ios/Pods.build
               PROJECT_TEMP_ROOT = /Users/gregoriomorelli/Documents/vibra/build/ios
               PUBLIC_HEADERS_FOLDER_PATH = app_links.framework/Headers
               RECOMMENDED_IPHONEOS_DEPLOYMENT_TARGET = 15.0
               RECURSIVE_SEARCH_PATHS_FOLLOW_SYMLINKS = YES
               REMOVE_CVS_FROM_RESOURCES = YES
               REMOVE_GIT_FROM_RESOURCES = YES
               REMOVE_HEADERS_FROM_EMBEDDED_BUNDLES = YES
               REMOVE_HG_FROM_RESOURCES = YES
               REMOVE_STATIC_EXECUTABLES_FROM_EMBEDDED_BUNDLES = YES
               REMOVE_SVN_FROM_RESOURCES = YES
               RESCHEDULE_INDEPENDENT_HEADERS_PHASES = YES
               REZ_COLLECTOR_DIR = /Users/gregoriomorelli/Documents/vibra/build/ios/Pods.build/Release-iphonesimulator/app_links.build/ResourceManagerResources
               REZ_OBJECTS_DIR = /Users/gregoriomorelli/Documents/vibra/build/ios/Pods.build/Release-iphonesimulator/app_links.build/ResourceManagerResources/Objects
               REZ_SEARCH_PATHS = /Users/gregoriomorelli/Documents/vibra/build/ios/Release-iphonesimulator/app_links 
               RPATH_ORIGIN = @loader_path
               RUNTIME_EXCEPTION_ALLOW_DYLD_ENVIRONMENT_VARIABLES = NO
               RUNTIME_EXCEPTION_ALLOW_JIT = NO
               RUNTIME_EXCEPTION_ALLOW_UNSIGNED_EXECUTABLE_MEMORY = NO
               RUNTIME_EXCEPTION_DEBUGGING_TOOL = NO
               RUNTIME_EXCEPTION_DISABLE_EXECUTABLE_PAGE_PROTECTION = NO
               RUNTIME_EXCEPTION_DISABLE_LIBRARY_VALIDATION = NO
               SCANNING_PCM_KEEP_CACHE_DIRECTORY = YES
               SCAN_ALL_SOURCE_FILES_FOR_INCLUDES = NO
               SCRIPTS_FOLDER_PATH = app_links.framework/Scripts
               SDKROOT = /Applications/Xcode.app/Contents/Developer/Platforms/iPhoneSimulator.platform/Developer/SDKs/iPhoneSimulator26.5.sdk
               SDK_DIR = /Applications/Xcode.app/Contents/Developer/Platforms/iPhoneSimulator.platform/Developer/SDKs/iPhoneSimulator26.5.sdk
               SDK_DIR_iphonesimulator = /Applications/Xcode.app/Contents/Developer/Platforms/iPhoneSimulator.platform/Developer/SDKs/iPhoneSimulator26.5.sdk
               SDK_DIR_iphonesimulator26_5 = /Applications/Xcode.app/Contents/Developer/Platforms/iPhoneSimulator.platform/Developer/SDKs/iPhoneSimulator26.5.sdk
               SDK_NAME = iphonesimulator26.5
               SDK_NAMES = iphonesimulator26.5
               SDK_PRODUCT_BUILD_VERSION = 23F73
               SDK_STAT_CACHE_DIR = /var/folders/pg/x6t89f2n7s7299rcw8hv33180000gn/C/com.apple.DeveloperTools/26.5-17F42/Xcode
               SDK_STAT_CACHE_ENABLE = YES
               SDK_STAT_CACHE_PATH = /var/folders/pg/x6t89f2n7s7299rcw8hv33180000gn/C/com.apple.DeveloperTools/26.5-17F42/Xcode/SDKStatCaches.noindex/iphonesimulator26.5-23F73-6cfe768891a92b912361537c460fe42b.sdkstatcache
               SDK_VERSION = 26.5
               SDK_VERSION_ACTUAL = 260500
               SDK_VERSION_MAJOR = 260000
               SDK_VERSION_MINOR = 260500
               SED = /usr/bin/sed
               SEPARATE_STRIP = NO
               SEPARATE_SYMBOL_EDIT = NO
               SET_DIR_MODE_OWNER_GROUP = YES
               SET_FILE_MODE_OWNER_GROUP = NO
               SHALLOW_BUNDLE = YES
               SHALLOW_BUNDLE_TRIPLE = ios-simulator
               SHALLOW_BUNDLE_ios_macabi = NO
               SHALLOW_BUNDLE_macos = NO
               SHARED_DERIVED_FILE_DIR = /Users/gregoriomorelli/Documents/vibra/build/ios/Release-iphonesimulator/app_links/DerivedSources
               SHARED_FRAMEWORKS_FOLDER_PATH = app_links.framework/SharedFrameworks
               SHARED_PRECOMPS_DIR = /Users/gregoriomorelli/Documents/vibra/build/ios/SharedPrecompiledHeaders
               SHARED_SUPPORT_FOLDER_PATH = app_links.framework
               SKIP_INSTALL = YES
               SKIP_MERGEABLE_LIBRARY_BUNDLE_HOOK = NO
               SOURCE_ROOT = /Users/gregoriomorelli/Documents/vibra/ios/Pods
               SRCROOT = /Users/gregoriomorelli/Documents/vibra/ios/Pods
               STRINGSDATA_DIR = /Users/gregoriomorelli/Documents/vibra/build/ios/Pods.build/Release-iphonesimulator/app_links.build/Objects-normal/undefined_arch
               STRINGSDATA_ROOT = /Users/gregoriomorelli/Documents/vibra/build/ios/Pods.build/Release-iphonesimulator/app_links.build
               STRINGS_FILE_INFOPLIST_RENAME = YES
               STRINGS_FILE_OUTPUT_ENCODING = binary
               STRING_CATALOG_GENERATE_SYMBOLS = NO
               STRIP_BITCODE_FROM_COPIED_FILES = NO
               STRIP_INSTALLED_PRODUCT = NO
               STRIP_STYLE = debugging
               STRIP_SWIFT_SYMBOLS = YES
               SUPPORTED_DEVICE_FAMILIES = 1,2
               SUPPORTED_PLATFORMS = iphoneos iphonesimulator
               SUPPORTS_TEXT_BASED_API = NO
               SUPPRESS_WARNINGS = NO
               SWIFT_ACTIVE_COMPILATION_CONDITIONS =  
               SWIFT_COMPILATION_MODE = wholemodule
               SWIFT_EMIT_CONST_VALUE_PROTOCOLS = AnyResolverProviding AppEntity AppEnum AppExtension AppIntent AppIntentsPackage AppShortcutProviding AppShortcutsProvider AppUnionValue AppUnionValueCasesProviding DynamicOptionsProvider EntityQuery ExtensionPointDefining IntentValueQuery Resolver TransientEntity _AssistantIntentsProvider _GenerativeFunctionExtractable _IntentValueRepresentable
               SWIFT_EMIT_LOC_STRINGS = NO
               SWIFT_ENABLE_EXPLICIT_MODULES = YES
               SWIFT_INSTALL_MODULE_FOR_DEPLOYMENT = YES
               SWIFT_INSTALL_OBJC_HEADER = YES
               SWIFT_OPTIMIZATION_LEVEL = -O
               SWIFT_PLATFORM_TARGET_PREFIX = ios
               SWIFT_RESPONSE_FILE_PATH_normal_arm64 = /Users/gregoriomorelli/Documents/vibra/build/ios/Pods.build/Release-iphonesimulator/app_links.build/Objects-normal/arm64/app_links.SwiftFileList
               SWIFT_RESPONSE_FILE_PATH_normal_x86_64 = /Users/gregoriomorelli/Documents/vibra/build/ios/Pods.build/Release-iphonesimulator/app_links.build/Objects-normal/x86_64/app_links.SwiftFileList
               SWIFT_VERSION = 5.0
               SYMROOT = /Users/gregoriomorelli/Documents/vibra/ios/build
               SYSTEM_ADMIN_APPS_DIR = /Applications/Utilities
               SYSTEM_APPS_DIR = /Applications
               SYSTEM_CORE_SERVICES_DIR = /System/Library/CoreServices
               SYSTEM_DEMOS_DIR = /Applications/Extras
               SYSTEM_DEVELOPER_APPS_DIR = /Applications/Xcode.app/Contents/Developer/Applications
               SYSTEM_DEVELOPER_BIN_DIR = /Applications/Xcode.app/Contents/Developer/usr/bin
               SYSTEM_DEVELOPER_DEMOS_DIR = /Applications/Xcode.app/Contents/Developer/Applications/Utilities/Built Examples
               SYSTEM_DEVELOPER_DIR = /Applications/Xcode.app/Contents/Developer
               SYSTEM_DEVELOPER_DOC_DIR = /Applications/Xcode.app/Contents/Developer/ADC Reference Library
               SYSTEM_DEVELOPER_GRAPHICS_TOOLS_DIR = /Applications/Xcode.app/Contents/Developer/Applications/Graphics Tools
               SYSTEM_DEVELOPER_JAVA_TOOLS_DIR = /Applications/Xcode.app/Contents/Developer/Applications/Java Tools
               SYSTEM_DEVELOPER_PERFORMANCE_TOOLS_DIR = /Applications/Xcode.app/Contents/Developer/Applications/Performance Tools
               SYSTEM_DEVELOPER_RELEASENOTES_DIR = /Applications/Xcode.app/Contents/Developer/ADC Reference Library/releasenotes
               SYSTEM_DEVELOPER_TOOLS = /Applications/Xcode.app/Contents/Developer/Tools
               SYSTEM_DEVELOPER_TOOLS_DOC_DIR = /Applications/Xcode.app/Contents/Developer/ADC Reference Library/documentation/DeveloperTools
               SYSTEM_DEVELOPER_TOOLS_RELEASENOTES_DIR = /Applications/Xcode.app/Contents/Developer/ADC Reference Library/releasenotes/DeveloperTools
               SYSTEM_DEVELOPER_USR_DIR = /Applications/Xcode.app/Contents/Developer/usr
               SYSTEM_DEVELOPER_UTILITIES_DIR = /Applications/Xcode.app/Contents/Developer/Applications/Utilities
               SYSTEM_DEXT_INSTALL_PATH = /System/Library/DriverExtensions
               SYSTEM_DOCUMENTATION_DIR = /Library/Documentation
               SYSTEM_EXTENSIONS_FOLDER_PATH = app_links.framework/SystemExtensions
               SYSTEM_EXTENSIONS_FOLDER_PATH_SHALLOW_BUNDLE_NO = app_links.framework/Library/SystemExtensions
               SYSTEM_EXTENSIONS_FOLDER_PATH_SHALLOW_BUNDLE_YES = app_links.framework/SystemExtensions
               SYSTEM_KEXT_INSTALL_PATH = /System/Library/Extensions
               SYSTEM_LIBRARY_DIR = /System/Library
               TAPI_DEMANGLE = YES
               TAPI_ENABLE_PROJECT_HEADERS = NO
               TAPI_LANGUAGE = objective-c
               TAPI_LANGUAGE_STANDARD = compiler-default
               TAPI_USE_SRCROOT = YES
               TAPI_VERIFY_MODE = Pedantic
               TARGETED_DEVICE_FAMILY = 1,2
               TARGETNAME = app_links
               TARGET_BUILD_DIR = /Users/gregoriomorelli/Documents/vibra/build/ios/Release-iphonesimulator/app_links
               TARGET_NAME = app_links
               TARGET_TEMP_DIR = /Users/gregoriomorelli/Documents/vibra/build/ios/Pods.build/Release-iphonesimulator/app_links.build
               TEMP_DIR = /Users/gregoriomorelli/Documents/vibra/build/ios/Pods.build/Release-iphonesimulator/app_links.build
               TEMP_FILES_DIR = /Users/gregoriomorelli/Documents/vibra/build/ios/Pods.build/Release-iphonesimulator/app_links.build
               TEMP_FILE_DIR = /Users/gregoriomorelli/Documents/vibra/build/ios/Pods.build/Release-iphonesimulator/app_links.build
               TEMP_ROOT = /Users/gregoriomorelli/Documents/vibra/build/ios
               TEMP_SANDBOX_DIR = /Users/gregoriomorelli/Documents/vibra/build/ios/TemporaryTaskSandboxes
               TEST_FRAMEWORK_SEARCH_PATHS =  /Applications/Xcode.app/Contents/Developer/Platforms/iPhoneSimulator.platform/Developer/Library/Frameworks /Applications/Xcode.app/Contents/Developer/Platforms/iPhoneSimulator.platform/Developer/SDKs/iPhoneSimulator26.5.sdk/Developer/Library/Frameworks
               TEST_LIBRARY_SEARCH_PATHS =  /Applications/Xcode.app/Contents/Developer/Platforms/iPhoneSimulator.platform/Developer/usr/lib
               TOOLCHAINS = com.apple.dt.toolchain.XcodeDefault
               TOOLCHAIN_DIR = /Applications/Xcode.app/Contents/Developer/Toolchains/XcodeDefault.xctoolchain
               TREAT_MISSING_BASELINES_AS_TEST_FAILURES = NO
               TREAT_MISSING_SCRIPT_PHASE_OUTPUTS_AS_ERRORS = NO
               TVOS_DEPLOYMENT_TARGET = 26.5
               UID = 501
               UNINSTALLED_PRODUCTS_DIR = /Users/gregoriomorelli/Documents/vibra/build/ios/UninstalledProducts
               UNLOCALIZED_RESOURCES_FOLDER_PATH = app_links.framework
               UNLOCALIZED_RESOURCES_FOLDER_PATH_SHALLOW_BUNDLE_NO = app_links.framework/Resources
               UNLOCALIZED_RESOURCES_FOLDER_PATH_SHALLOW_BUNDLE_YES = app_links.framework
               UNSTRIPPED_PRODUCT = NO
               USER = gregoriomorelli
               USER_APPS_DIR = /Users/gregoriomorelli/Applications
               USER_LIBRARY_DIR = /Users/gregoriomorelli/Library
               USE_DYNAMIC_NO_PIC = YES
               USE_HEADERMAP = YES
               USE_HEADER_SYMLINKS = NO
               USE_RECURSIVE_SCRIPT_INPUTS_IN_SCRIPT_PHASES = YES
               VALIDATE_DEVELOPMENT_ASSET_PATHS = YES_ERROR
               VALIDATE_PRODUCT = YES
               VALID_ARCHS = arm64 x86_64
               VERBOSE_PBXCP = NO
               VERSIONING_SYSTEM = apple-generic
               VERSIONPLIST_PATH = app_links.framework/version.plist
               VERSIONS_FOLDER_PATH = app_links.framework
               VERSIONS_FOLDER_PATH_SHALLOW_BUNDLE_NO = app_links.framework/Versions
               VERSIONS_FOLDER_PATH_SHALLOW_BUNDLE_YES = app_links.framework
               VERSION_INFO_BUILDER = gregoriomorelli
               VERSION_INFO_FILE = app_links_vers.c
               VERSION_INFO_STRING = "@(#)PROGRAM:app_links  PROJECT:Pods-1"
               WATCHOS_DEPLOYMENT_TARGET = 26.5
               WORKSPACE_DIR = /Users/gregoriomorelli/Documents/vibra/ios/Pods/Pods.xcodeproj
               WRAPPER_EXTENSION = framework
               WRAPPER_NAME = app_links.framework
               WRAPPER_SUFFIX = .framework
               WRAP_ASSET_PACKS_IN_SEPARATE_DIRECTORIES = NO
               XCODE_APP_SUPPORT_DIR = /Applications/Xcode.app/Contents/Developer/Library/Xcode
               XCODE_PRODUCT_BUILD_VERSION = 17F42
               XCODE_VERSION_ACTUAL = 2650
               XCODE_VERSION_MAJOR = 2600
               XCODE_VERSION_MINOR = 2650
               XPCSERVICES_FOLDER_PATH = app_links.framework/XPCServices
               XROS_DEPLOYMENT_TARGET = 26.5
               YACC = yacc
               _DISCOVER_COMMAND_LINE_LINKER_INPUTS = YES
               _DISCOVER_COMMAND_LINE_LINKER_INPUTS_INCLUDE_WL = YES
               _LD_MULTIARCH = YES
               _WRAPPER_CONTENTS_DIR_SHALLOW_BUNDLE_NO = /Contents
               _WRAPPER_PARENT_PATH_SHALLOW_BUNDLE_NO = /..
               _WRAPPER_RESOURCES_DIR_SHALLOW_BUNDLE_NO = /Resources
               __DIAGNOSE_DEPRECATED_ARCHS = YES
               __ORIGINAL_SDK_DEFINED_LLVM_TARGET_TRIPLE_SYS = ios
               arch = undefined_arch
               variant = normal
[ +145 ms] Found plugin integration_test at /Users/gregoriomorelli/development/flutter/packages/integration_test/
[   +3 ms] Found plugin url_launcher at /Users/gregoriomorelli/.pub-cache/hosted/pub.dev/url_launcher-6.3.2/
[        ] Found plugin url_launcher_windows at /Users/gregoriomorelli/.pub-cache/hosted/pub.dev/url_launcher_windows-3.1.5/
[        ] Found plugin url_launcher_web at /Users/gregoriomorelli/.pub-cache/hosted/pub.dev/url_launcher_web-2.4.3/
[        ] Found plugin url_launcher_macos at /Users/gregoriomorelli/.pub-cache/hosted/pub.dev/url_launcher_macos-3.2.5/
[        ] Found plugin url_launcher_linux at /Users/gregoriomorelli/.pub-cache/hosted/pub.dev/url_launcher_linux-3.2.2/
[        ] Found plugin url_launcher_ios at /Users/gregoriomorelli/.pub-cache/hosted/pub.dev/url_launcher_ios-6.4.1/
[        ] Found plugin url_launcher_android at /Users/gregoriomorelli/.pub-cache/hosted/pub.dev/url_launcher_android-6.3.32/
[   +2 ms] Found plugin shared_preferences at /Users/gregoriomorelli/.pub-cache/hosted/pub.dev/shared_preferences-2.5.5/
[        ] Found plugin shared_preferences_windows at /Users/gregoriomorelli/.pub-cache/hosted/pub.dev/shared_preferences_windows-2.4.1/
[        ] Found plugin path_provider_windows at /Users/gregoriomorelli/.pub-cache/hosted/pub.dev/path_provider_windows-2.3.0/
[        ] Found plugin shared_preferences_web at /Users/gregoriomorelli/.pub-cache/hosted/pub.dev/shared_preferences_web-2.4.3/
[        ] Found plugin shared_preferences_linux at /Users/gregoriomorelli/.pub-cache/hosted/pub.dev/shared_preferences_linux-2.4.1/
[        ] Found plugin path_provider_linux at /Users/gregoriomorelli/.pub-cache/hosted/pub.dev/path_provider_linux-2.2.2/
[        ] Found plugin shared_preferences_foundation at /Users/gregoriomorelli/.pub-cache/hosted/pub.dev/shared_preferences_foundation-2.5.6/
[        ] Found plugin shared_preferences_android at /Users/gregoriomorelli/.pub-cache/hosted/pub.dev/shared_preferences_android-2.4.27/
[        ] Found plugin app_links at /Users/gregoriomorelli/.pub-cache/hosted/pub.dev/app_links-7.2.1/
[        ] Found plugin app_links_web at /Users/gregoriomorelli/.pub-cache/hosted/pub.dev/app_links_web-1.0.4/
[        ] Found plugin app_links_linux at /Users/gregoriomorelli/.pub-cache/hosted/pub.dev/app_links_linux-1.0.3/
[        ] Found plugin gtk at /Users/gregoriomorelli/.pub-cache/hosted/pub.dev/gtk-2.2.0/
[        ] Found plugin image_picker at /Users/gregoriomorelli/.pub-cache/hosted/pub.dev/image_picker-1.2.3/
[        ] Found plugin image_picker_windows at /Users/gregoriomorelli/.pub-cache/hosted/pub.dev/image_picker_windows-0.2.2/
[        ] Found plugin file_selector_windows at /Users/gregoriomorelli/.pub-cache/hosted/pub.dev/file_selector_windows-0.9.3+5/
[        ] Found plugin image_picker_macos at /Users/gregoriomorelli/.pub-cache/hosted/pub.dev/image_picker_macos-0.2.2+1/
[        ] Found plugin file_selector_macos at /Users/gregoriomorelli/.pub-cache/hosted/pub.dev/file_selector_macos-0.9.5/
[        ] Found plugin image_picker_linux at /Users/gregoriomorelli/.pub-cache/hosted/pub.dev/image_picker_linux-0.2.2/
[        ] Found plugin file_selector_linux at /Users/gregoriomorelli/.pub-cache/hosted/pub.dev/file_selector_linux-0.9.4/
[        ] Found plugin image_picker_ios at /Users/gregoriomorelli/.pub-cache/hosted/pub.dev/image_picker_ios-0.8.13+6/
[        ] Found plugin image_picker_for_web at /Users/gregoriomorelli/.pub-cache/hosted/pub.dev/image_picker_for_web-3.1.1/
[        ] Found plugin image_picker_android at /Users/gregoriomorelli/.pub-cache/hosted/pub.dev/image_picker_android-0.8.13+19/
[        ] Found plugin flutter_plugin_android_lifecycle at /Users/gregoriomorelli/.pub-cache/hosted/pub.dev/flutter_plugin_android_lifecycle-2.0.35/
[        ] Found plugin path_provider at /Users/gregoriomorelli/.pub-cache/hosted/pub.dev/path_provider-2.1.6/
[        ] Found plugin path_provider_foundation at /Users/gregoriomorelli/.pub-cache/hosted/pub.dev/path_provider_foundation-2.6.0/
[        ] Found plugin path_provider_android at /Users/gregoriomorelli/.pub-cache/hosted/pub.dev/path_provider_android-2.3.1/
[        ] Found plugin jni_flutter at /Users/gregoriomorelli/.pub-cache/hosted/pub.dev/jni_flutter-1.0.1/
[        ] Found plugin jni at /Users/gregoriomorelli/.pub-cache/hosted/pub.dev/jni-1.0.0/
[        ] Found plugin geolocator at /Users/gregoriomorelli/.pub-cache/hosted/pub.dev/geolocator-13.0.4/
[        ] Found plugin geolocator_windows at /Users/gregoriomorelli/.pub-cache/hosted/pub.dev/geolocator_windows-0.2.5/
[        ] Found plugin geolocator_web at /Users/gregoriomorelli/.pub-cache/hosted/pub.dev/geolocator_web-4.1.4/
[        ] Found plugin geolocator_apple at /Users/gregoriomorelli/.pub-cache/hosted/pub.dev/geolocator_apple-2.3.14/
[        ] Found plugin geolocator_android at /Users/gregoriomorelli/.pub-cache/hosted/pub.dev/geolocator_android-4.6.2/
[        ] Found plugin geocoding at /Users/gregoriomorelli/.pub-cache/hosted/pub.dev/geocoding-3.0.0/
[        ] Found plugin geocoding_ios at /Users/gregoriomorelli/.pub-cache/hosted/pub.dev/geocoding_ios-3.1.0/
[        ] Found plugin geocoding_android at /Users/gregoriomorelli/.pub-cache/hosted/pub.dev/geocoding_android-3.3.1/
[        ] Found plugin flutter_web_auth_2 at /Users/gregoriomorelli/.pub-cache/hosted/pub.dev/flutter_web_auth_2-5.0.3/
[        ] Found plugin window_to_front at /Users/gregoriomorelli/.pub-cache/hosted/pub.dev/window_to_front-0.0.4/
[        ] Found plugin desktop_webview_window at /Users/gregoriomorelli/.pub-cache/hosted/pub.dev/desktop_webview_window-0.3.0/
[   +3 ms] Found plugin flutter_secure_storage at /Users/gregoriomorelli/.pub-cache/hosted/pub.dev/flutter_secure_storage-10.3.1/
[        ] Found plugin flutter_secure_storage_windows at /Users/gregoriomorelli/.pub-cache/hosted/pub.dev/flutter_secure_storage_windows-4.2.2/
[        ] Found plugin flutter_secure_storage_web at /Users/gregoriomorelli/.pub-cache/hosted/pub.dev/flutter_secure_storage_web-2.1.1/
[        ] Found plugin flutter_secure_storage_linux at /Users/gregoriomorelli/.pub-cache/hosted/pub.dev/flutter_secure_storage_linux-3.0.1/
[        ] Found plugin flutter_secure_storage_darwin at /Users/gregoriomorelli/.pub-cache/hosted/pub.dev/flutter_secure_storage_darwin-0.3.2/
[   +1 ms] Found plugin flutter_appauth at /Users/gregoriomorelli/.pub-cache/hosted/pub.dev/flutter_appauth-12.0.2/
[        ] Found plugin firebase_messaging at /Users/gregoriomorelli/.pub-cache/hosted/pub.dev/firebase_messaging-15.2.10/
[        ] Found plugin firebase_messaging_web at /Users/gregoriomorelli/.pub-cache/hosted/pub.dev/firebase_messaging_web-3.10.10/
[        ] Found plugin firebase_core at /Users/gregoriomorelli/.pub-cache/hosted/pub.dev/firebase_core-3.15.2/
[        ] Found plugin firebase_core_web at /Users/gregoriomorelli/.pub-cache/hosted/pub.dev/firebase_core_web-2.24.1/
[        ] Found plugin connectivity_plus at /Users/gregoriomorelli/.pub-cache/hosted/pub.dev/connectivity_plus-6.1.5/
[   +1 ms] Found plugin sqflite at /Users/gregoriomorelli/.pub-cache/hosted/pub.dev/sqflite-2.4.3/
[        ] Found plugin sqflite_darwin at /Users/gregoriomorelli/.pub-cache/hosted/pub.dev/sqflite_darwin-2.4.3+1/
[        ] Found plugin sqflite_android at /Users/gregoriomorelli/.pub-cache/hosted/pub.dev/sqflite_android-2.4.3/
[   +4 ms] executing: /usr/bin/plutil -convert xml1 -o - /Users/gregoriomorelli/Documents/vibra/ios/Runner/Info.plist
[   +5 ms] Exit code 0 from: /usr/bin/plutil -convert xml1 -o - /Users/gregoriomorelli/Documents/vibra/ios/Runner/Info.plist
[        ] <?xml version="1.0" encoding="UTF-8"?>
           <!DOCTYPE plist PUBLIC "-//Apple//DTD PLIST 1.0//EN" "http://www.apple.com/DTDs/PropertyList-1.0.dtd">
           <plist version="1.0">
           <dict>
           	<key>CADisableMinimumFrameDurationOnPhone</key>
           	<true/>
           	<key>CFBundleDevelopmentRegion</key>
           	<string>$(DEVELOPMENT_LANGUAGE)</string>
           	<key>CFBundleDisplayName</key>
           	<string>Vibra</string>
           	<key>CFBundleExecutable</key>
           	<string>$(EXECUTABLE_NAME)</string>
           	<key>CFBundleIdentifier</key>
           	<string>$(PRODUCT_BUNDLE_IDENTIFIER)</string>
           	<key>CFBundleInfoDictionaryVersion</key>
           	<string>6.0</string>
           	<key>CFBundleName</key>
           	<string>Vibra</string>
           	<key>CFBundlePackageType</key>
           	<string>APPL</string>
           	<key>CFBundleShortVersionString</key>
           	<string>$(FLUTTER_BUILD_NAME)</string>
           	<key>CFBundleSignature</key>
           	<string>????</string>
           	<key>CFBundleURLTypes</key>
           	<array>
           		<dict>
           			<key>CFBundleTypeRole</key>
           			<string>Editor</string>
           			<key>CFBundleURLName</key>
           			<string>com.vibra.app</string>
           			<key>CFBundleURLSchemes</key>
           			<array>
           				<string>com.vibra.app</string>
           			</array>
           		</dict>
           	</array>
           	<key>CFBundleVersion</key>
           	<string>$(FLUTTER_BUILD_NUMBER)</string>
           	<key>LSRequiresIPhoneOS</key>
           	<true/>
           	<key>NSCameraUsageDescription</key>
           	<string>Vibra ha bisogno della fotocamera per scattare una foto profilo.</string>
           	<key>NSLocationAlwaysUsageDescription</key>
           	<string>Vibra utilizza la tua posizione in background per inviarti notifiche su eventi nelle vicinanze.</string>
           	<key>NSLocationWhenInUseUsageDescription</key>
           	<string>Vibra utilizza la tua posizione per trovare concerti ed eventi vicino a te e per attivare la modalità Live durante gli eventi.</string>
           	<key>NSPhotoLibraryUsageDescription</key>
           	<string>Vibra ha bisogno di accedere alla galleria per impostare la tua foto profilo.</string>
           	<key>UIApplicationSceneManifest</key>
           	<dict>
           		<key>UIApplicationSupportsMultipleScenes</key>
           		<false/>
           		<key>UISceneConfigurations</key>
           		<dict>
           			<key>UIWindowSceneSessionRoleApplication</key>
           			<array>
           				<dict>
           					<key>UISceneClassName</key>
           					<string>UIWindowScene</string>
           					<key>UISceneConfigurationName</key>
           					<string>flutter</string>
           					<key>UISceneDelegateClassName</key>
           					<string>$(PRODUCT_MODULE_NAME).SceneDelegate</string>
           					<key>UISceneStoryboardFile</key>
           					<string>Main</string>
           				</dict>
           			</array>
           		</dict>
           	</dict>
           	<key>UIApplicationSupportsIndirectInputEvents</key>
           	<true/>
           	<key>UILaunchStoryboardName</key>
           	<string>LaunchScreen</string>
           	<key>UIMainStoryboardFile</key>
           	<string>Main</string>
           	<key>UISupportedInterfaceOrientations</key>
           	<array>
           		<string>UIInterfaceOrientationPortrait</string>
           	</array>
           	<key>UISupportedInterfaceOrientations~ipad</key>
           	<array>
           		<string>UIInterfaceOrientationPortrait</string>
           		<string>UIInterfaceOrientationPortraitUpsideDown</string>
           		<string>UIInterfaceOrientationLandscapeLeft</string>
           		<string>UIInterfaceOrientationLandscapeRight</string>
           	</array>
           </dict>
           </plist>
[   +2 ms] Running Xcode build...
[        ] executing: [/Users/gregoriomorelli/Documents/vibra/ios/] /usr/bin/arch -arm64e xcrun xcodebuild -clonedSourcePackagesDirPath /Users/gregoriomorelli/Documents/vibra/build/ios/SourcePackages -configuration Debug VERBOSE_SCRIPT_LOGGING=YES -allowProvisioningUpdates -allowProvisioningDeviceRegistration -workspace Runner.xcworkspace -scheme Runner BUILD_DIR=/Users/gregoriomorelli/Documents/vibra/build/ios -sdk iphonesimulator -destination generic/platform=iOS Simulator -resultBundlePath /var/folders/pg/x6t89f2n7s7299rcw8hv33180000gn/T/flutter_tools.QM0vJv/flutter_ios_build_temp_dirMN5gCW/temporary_xcresult_bundle -resultBundleVersion 3 FLUTTER_SUPPRESS_ANALYTICS=true COMPILER_INDEX_STORE_ENABLE=NO
[+4190 ms] Command line invocation:
               /Applications/Xcode.app/Contents/Developer/usr/bin/xcodebuild -clonedSourcePackagesDirPath /Users/gregoriomorelli/Documents/vibra/build/ios/SourcePackages -configuration Debug VERBOSE_SCRIPT_LOGGING=YES -allowProvisioningUpdates -allowProvisioningDeviceRegistration -workspace Runner.xcworkspace -scheme Runner BUILD_DIR=/Users/gregoriomorelli/Documents/vibra/build/ios -sdk iphonesimulator -destination "generic/platform=iOS Simulator" -resultBundlePath /var/folders/pg/x6t89f2n7s7299rcw8hv33180000gn/T/flutter_tools.QM0vJv/flutter_ios_build_temp_dirMN5gCW/temporary_xcresult_bundle -resultBundleVersion 3 FLUTTER_SUPPRESS_ANALYTICS=true COMPILER_INDEX_STORE_ENABLE=NO

           Build settings from command line:
               BUILD_DIR = /Users/gregoriomorelli/Documents/vibra/build/ios
               COMPILER_INDEX_STORE_ENABLE = NO
               FLUTTER_SUPPRESS_ANALYTICS = true
               SDKROOT = iphonesimulator26.5
               VERBOSE_SCRIPT_LOGGING = YES

           Resolve Package Graph


           Resolved source packages:
             FlutterGeneratedPluginSwiftPackage: /Users/gregoriomorelli/Documents/vibra/ios/Flutter/ephemeral/Packages/FlutterGeneratedPluginSwiftPackage

           Writing result bundle at path:
           	/var/folders/pg/x6t89f2n7s7299rcw8hv33180000gn/T/flutter_tools.QM0vJv/flutter_ios_build_temp_dirMN5gCW/temporary_xcresult_bundle

           Run pre-actions

           SchemeAction Run\ Prepare\ Flutter\ Framework\ Script /var/folders/pg/x6t89f2n7s7299rcw8hv33180000gn/T/SchemeScriptAction-8G44vg.sh
               cd /var/folders/pg/x6t89f2n7s7299rcw8hv33180000gn/T/
               export ACTION=build
               export ADDITIONAL_SDKS=
               export AD_HOC_CODE_SIGNING_ALLOWED=YES
               export AGGREGATE_TRACKED_DOMAINS=YES
               export AGY_BROWSER_ACTIVE_PORT_FILE="/Users/gregoriomorelli/Library/Application Support/Antigravity/DevToolsActivePort"
               export AGY_BROWSER_WS_URL="ws://127.0.0.1:52044/devtools/browser/2f008561-8e22-4b7c-a0a3-6bc2f4cc459f"
               export ALLOW_BUILD_REQUEST_OVERRIDES=NO
               export ALLOW_TARGET_PLATFORM_SPECIALIZATION=NO
               export ALL_OTHER_LDFLAGS="   -ObjC -l\"sqlite3\" -l\"z\" -framework \"AppAuth\" -framework \"CoreTelephony\" -framework \"FBLPromises\" -framework \"FirebaseCore\" -framework \"FirebaseCoreInternal\" -framework \"FirebaseInstallations\" -framework \"FirebaseMessaging\" -framework \"Foundation\" -framework \"GoogleDataTransport\" -framework \"GoogleUtilities\" -framework \"SafariServices\" -framework \"Security\" -framework \"SystemConfiguration\" -framework \"UIKit\" -framework \"app_links\" -framework \"connectivity_plus\" -framework \"firebase_core\" -framework \"firebase_messaging\" -framework \"flutter_appauth\" -framework \"flutter_secure_storage_darwin\" -framework \"flutter_web_auth_2\" -framework \"geocoding_ios\" -framework \"geolocator_apple\" -framework \"image_picker_ios\" -framework \"integration_test\" -framework \"nanopb\" -framework \"shared_preferences_foundation\" -framework \"sqflite_darwin\" -framework \"url_launcher_ios\" -weak_framework \"AuthenticationServices\" -weak_framework \"UserNotifications\"    "
               export ALL_OTHER_LIBTOOLFLAGS="    "
               export ALTERNATE_GROUP=staff
               export ALTERNATE_LINKER=
               export ALTERNATE_MODE=u+w,go-w,a+rX
               export ALTERNATE_OWNER=gregoriomorelli
               export ALTERNATE_PERMISSIONS_FILES=
               export ALTERNATIVE_DISTRIBUTION_WEB=NO
               export ALWAYS_EMBED_SWIFT_STANDARD_LIBRARIES=YES
               export ALWAYS_SEARCH_USER_PATHS=NO
               export ALWAYS_USE_SEPARATE_HEADERMAPS=NO
               export ANDROID_HOME=/Users/gregoriomorelli/Library/Android/sdk
               export ANDROID_SDK_ROOT=/Users/gregoriomorelli/Library/Android/sdk
               export ANTIGRAVITY_AGENT=1
               export ANTIGRAVITY_CONVERSATION_ID=eb7fd735-9bfb-466c-9d61-1d7a630b1be9
               export ANTIGRAVITY_CSRF_TOKEN=0fd5908e-cb8a-4fc3-bfa3-0a4408e6c348
               export ANTIGRAVITY_LS_ADDRESS="localhost:52046"
               export ANTIGRAVITY_PROJECT_ID=5c9e6295-405a-4423-a73e-82dbb2cf33d1
               export ANTIGRAVITY_SAFECLIS_DIR=/Users/gregoriomorelli/.gemini/antigravity/bin/safeclis
               export ANTIGRAVITY_SOURCE_METADATA="{\"tool\":{\"conversationId\":\"eb7fd735-9bfb-466c-9d61-1d7a630b1be9\",\"stepIndex\":307,\"toolCall\":{\"id\":\"tdm2tz3f\",\"name\":\"run_command\",\"argumentsJson\":\"{\\\"CommandLine\\\":\\\"flutter build ios --simulator -v \\\\u003e build_output.txt 2\\\\u003e\\\\u00261\\\",\\\"Cwd\\\":\\\"/Users/gregoriomorelli/Documents/vibra\\\",\\\"WaitMsBeforeAsync\\\":5000,\\\"toolAction\\\":\\\"Building with verbose logs\\\",\\\"toolSummary\\\":\\\"Building with verbose logs\\\"}\",\"thinkingSignature\":\"Es8PCswPARFNMg/umI9+aGUJ1EBANmTPkm7QKz4lJIejSZEO+jjt434qGE9fCAXrxbfi6TC2vSMCWyGs/3QGsqFJnyQCsbF7DIgN416Okxeo9ibqScKnKKSWLBYQt2XfSpB0JhvfISG8496BoN6A5KKvP0Iysx4sUXHlsNkzqhpv1mjttvyowu/0KGLUoz6/pEgR3+0YewAr3s6lXzqvhJ27S6OnKai1Ine74rQqFWzvqyvYKWqGmy0sBKCApjtlzUUPqDsfwWNa6M9XzoIj8X8m7EhCfg5lrAgLjnOpJVfK/BadJPJNNJTkZYj6PQbtY8NKfh2ygUdOsP8k+N0FFa+u+hzO6RgQMH0CEKWkZjeyAyIze80SuIwzHkbjCNEd1UOrl801tKbTLoZbERGO2AM+ocASUaeEM/TrEowXwrFMAvuczD4wAawFd+svt4Xz5aVvIvoGlVYJpg4GMNlqH9OuyDY0UXe/ImCl6sjGunAwDRBB1sxv3s3q4DNN+QgMa7nT2pppRj/yVPJupdUEFw/bHivEzttGDPUoGIG7uan3PMppVMone1yE1rrOkLtyOBLv6hjzaDQGX+CQx9XWcv9EUVuU518bXcFZ4sDLzm3ZBd8++2QOVqqpAqUhmOHOvuOxsKjCUtWQn4fkngD7Lyp9gp7KzBm35OtE+leu+clg8sDMbyd46FA6is3Q0et3aFT22QnwRJqbwS4163+JDm6DJho0qLdbP8aXmTVYEQDgjwrQoHP5KfBd0aOdB/4oj9Ac4v9hoAIHGFGW2xmp2bSNwMnO0sGq+lSTsxO8fDw7fObZ8m6fJnbVwf0mTcCVq0CMLq6G3GWHBT5hYPL4ThdFCyVdjZVQv7pi9Lp8cWWDQ6ICnW3K9cUqDaic2s5CtULqdPMXuSEVVBVPMArd+yXipBEUqZipOFL/PuKtBuwntY7BZ2LH2RbSdSVDnK69UodmD5Xhy1AV3O6p2FEhTxhcdoeu3AUhgfHSyFtSpnPZB7aR5W9qPcfm6RT4zBuYxucVta9zfl8iVNd1DevqNC/7eIdymdhPlA/dCCMXqlhEesGG4Bq0DXEMNXFSC2jdA29xtBTTOmcCsa9GeOcI5zNWvfWyak78c54+TG/2L/TK/uHm5lHviq6eoFdjFqNRlQQ3tE5Yutrr+dZfq9IIk2sSVVRTRoZsMfpOQpojh2qDVVnjmWWc7+czRlFbhBMKDnmqR6Ng6pm2XmRSI9u47V22sFDco0pF9KfEUCWx7pDCP41w07TP1TjuoPGM7aYU0u9lDkYUyxseUSQdP5Xj4FOTS5Wb/nOw1MnqSPl3+mFE5F8mm4wt9OoVUYXjVazumgIDSiSFbcKoxUfHXEf3bYD+sF7QR8tRU6BGeS5KmTgNkvL5zqlfCtgc1Ms8gpBRMsY2vrBgonR1wdT6bo0HyG6XeoI75Y0dr35OK3gjVVzI7jNRR7pEYhiJZyzA9x5+Itx8L9QSYBU/w9XibyFAIbHNyiQqTcGb2rsKXXY0O0jaf9Ej3niNUmB9UcgGNnL2ay99pQd7oR4ekdKKpg1Q0XiLTSJGAPA3ucif/hpnsZDCGujCbMu+VhEJflJwTnI13MKBv9wfuOeBlMO+9fOjjhtxBWnxW/nPNWVtl/rrL2jtO3R7Z0vUVmD4xo3hQ1R/j4vquYj2S4M4PeyT3zqcOvlwLfMXQYw7HPHI++j+9Q+rQ975pEvFCRZedK4UHDxtQoSc6CRow9aGcmTzjj3aVcP0bijSfbZJXECsLt7L2Kul6NCodyibzC/v8vFLRbS9vCFSt54WlPua4YMXYsMX8PaWlsm1KRLdC3t4LIs3EQm7GBlGSv1ZoDStgK7puPNXzq+m/Q51fl7Re4jyZJApjYVx+vE+JzTe/vyEoqAIIIwmJ86u8WCq3iCejvS7tcRjwbPY/H/H6yKvbh7qX2lwlk0MUnlJw9Cuk6DVjaGvdqmrTqVMfGpmSu3AlAHs93xHYDT4lhhYzTzy7QhHfFF727s5cC4nMdYfdE78Nx8aLru7qtY5p2efonLq9sKQawq19s0OtDN1hM4MQrV0xff9SsEWeLwUAob/bWNX9NII+TPfym4wagTGjQn0QA7eQTkpJahkxE+QCmaJT+aw3RH0SuW37OK7rGzwchAPfNXWUFVvYI1GOW8muYJnZcbp7CeIkKBDe0LQA9gPeCAtuTkIW9H4N6i38/BdfZpbhySSJKbPycUo9vEcFiC7uEGM2tFvYCVaAx2VhVYALSnFg2AMK7RcYFuDw1qUBmpHY2HsqjWPBB+yYp09IH3vl6VIu+okb4cuR7QXCKlTAEXdOCjxiNMFHKaRRr1pFzsYpdYh7/KFTJzfbZ19RZIP70vUE4yqlTBZIPGAEwByf2U9nZvXzEWhQhJBhxI4AfKPB/tXTKjslHz3i//wNWdS2fjqqI3iIgR+pWMiDsSpVa55y64B4G+eJ9agnSfHWTNmH2E239Xd8Y1DmPMTxYTQ/J6q7IapBOdBpun4Xfg1B6ft5A6r4DbboA05rONV6Z5S7370sJigXff+aOPSdwbpeUWi9wAIW6Y3A9isxodAMV2G2ITENKdMr0ZUzWBirUIHVRs4emKo0BCmiVjF7m+KLilYwGTQghrSAfd0/JYix+8qq0v/3uymT2Swr8bbuDSQVpKbVFRynQ==\",\"originalName\":\"run_command\"}}}"
               export ANTIGRAVITY_TRAJECTORY_ID=f9bf7451-0e4a-428d-8eda-6fe907484336
               export APPLE_INTERNAL_DEVELOPER_DIR=/AppleInternal/Developer
               export APPLE_INTERNAL_DIR=/AppleInternal
               export APPLE_INTERNAL_DOCUMENTATION_DIR=/AppleInternal/Documentation
               export APPLE_INTERNAL_LIBRARY_DIR=/AppleInternal/Library
               export APPLE_INTERNAL_TOOLS=/AppleInternal/Developer/Tools
               export APPLICATION_EXTENSION_API_ONLY=NO
               export APPLY_RULES_IN_COPY_FILES=NO
               export APPLY_RULES_IN_COPY_HEADERS=NO
               export APP_INTENTS_DEPLOYMENT_POSTPROCESSING=NO
               export APP_INTENTS_DEPLOYMENT_TARGET=13.0
               export APP_INTENTS_METADATA_PATH=/Metadata.appintents
               export APP_INTENTS_PLATFORM_FAMILY=
               export APP_PLAYGROUND_ASSET_CATALOG_GENERATOR=appleProductTypesTool
               export APP_PLAYGROUND_GENERATED_ASSET_CATALOG_APPICON_NAME=AppIcon
               export APP_PLAYGROUND_GENERATED_ASSET_CATALOG_FILE=/Users/gregoriomorelli/Library/Developer/Xcode/DerivedData/Runner-cyiairccsstbfgarbybvqeftcyhq/Build/Intermediates.noindex/Runner.build/Debug-iphonesimulator/Runner.build/DerivedSources/AppPlaygroundDefaultAssetCatalog.xcassets
               export APP_PLAYGROUND_GENERATED_ASSET_CATALOG_GLOBAL_ACCENT_COLOR_NAME=
               export APP_PLAYGROUND_GENERATED_ASSET_CATALOG_PLACEHOLDER_APPICON=
               export APP_PLAYGROUND_GENERATED_ASSET_CATALOG_PRESET_ACCENT_COLOR=
               export APP_PLAYGROUND_GENERATE_ASSET_CATALOG=NO
               export APP_SHORTCUTS_ENABLE_FLEXIBLE_MATCHING=YES
               export ARCHS="arm64 x86_64"
               export ARCHS_BASE="arm64 x86_64"
               export ARCHS_STANDARD="arm64 x86_64"
               export ARCHS_STANDARD_32_64_BIT="arm64 x86_64"
               export ARCHS_STANDARD_64_BIT="arm64 x86_64"
               export ARCHS_STANDARD_INCLUDING_64_BIT="arm64 x86_64"
               export ARCHS_UNIVERSAL_IPHONE_OS="arm64 x86_64"
               export ARC_LINKER_ARG_LINKER_DRIVER=-fobjc-arc
               export ARC_LINKER_ARG_LINKER_DRIVER_clang=-fobjc-arc
               export ARC_LINKER_ARG_LINKER_DRIVER_swiftc=
               export ASSETCATALOG_COMPILER_APPICON_NAME=AppIcon
               export ASSETCATALOG_COMPILER_BUNDLE_IDENTIFIER=com.vibra.app
               export ASSETCATALOG_COMPILER_COMPLICATION_NAME=
               export ASSETCATALOG_COMPILER_COMPRESS_PNGS=YES
               export ASSETCATALOG_COMPILER_DEPENDENCY_INFO_FILE=/Users/gregoriomorelli/Library/Developer/Xcode/DerivedData/Runner-cyiairccsstbfgarbybvqeftcyhq/Build/Intermediates.noindex/Runner.build/Debug-iphonesimulator/Runner.build/assetcatalog_dependencies
               export ASSETCATALOG_COMPILER_ENABLE_ON_DEMAND_RESOURCES=YES
               export ASSETCATALOG_COMPILER_FLATTENED_APP_ICON_PATH=
               export ASSETCATALOG_COMPILER_GENERATE_ASSET_SYMBOLS=YES
               export ASSETCATALOG_COMPILER_GENERATE_ASSET_SYMBOL_BACKWARDS_DEPLOYMENT_SUPPORT=
               export ASSETCATALOG_COMPILER_GENERATE_ASSET_SYMBOL_ERRORS=YES
               export ASSETCATALOG_COMPILER_GENERATE_ASSET_SYMBOL_FRAMEWORKS="SwiftUI UIKit AppKit"
               export ASSETCATALOG_COMPILER_GENERATE_ASSET_SYMBOL_INDEX_PATH=/Users/gregoriomorelli/Library/Developer/Xcode/DerivedData/Runner-cyiairccsstbfgarbybvqeftcyhq/Build/Intermediates.noindex/Runner.build/Debug-iphonesimulator/Runner.build/DerivedSources/GeneratedAssetSymbols-Index.plist
               export ASSETCATALOG_COMPILER_GENERATE_ASSET_SYMBOL_WARNINGS=YES
               export ASSETCATALOG_COMPILER_GENERATE_OBJC_ASSET_SYMBOLS_PATH=/Users/gregoriomorelli/Library/Developer/Xcode/DerivedData/Runner-cyiairccsstbfgarbybvqeftcyhq/Build/Intermediates.noindex/Runner.build/Debug-iphonesimulator/Runner.build/DerivedSources/GeneratedAssetSymbols.h
               export ASSETCATALOG_COMPILER_GENERATE_SWIFT_ASSET_SYMBOLS_PATH=/Users/gregoriomorelli/Library/Developer/Xcode/DerivedData/Runner-cyiairccsstbfgarbybvqeftcyhq/Build/Intermediates.noindex/Runner.build/Debug-iphonesimulator/Runner.build/DerivedSources/GeneratedAssetSymbols.swift
               export ASSETCATALOG_COMPILER_GENERATE_SWIFT_ASSET_SYMBOL_EXTENSIONS=YES
               export ASSETCATALOG_COMPILER_GLOBAL_ACCENT_COLOR_NAME=
               export ASSETCATALOG_COMPILER_INCLUDED_LANGUAGES=
               export ASSETCATALOG_COMPILER_INCLUDE_ALL_APPICON_ASSETS=NO
               export ASSETCATALOG_COMPILER_INCLUDE_INFOPLIST_LOCALIZATIONS=YES
               export ASSETCATALOG_COMPILER_INCLUDE_STICKER_CONTENT=NO
               export ASSETCATALOG_COMPILER_INFOPLIST_CONTENT_FILE=/Users/gregoriomorelli/Library/Developer/Xcode/DerivedData/Runner-cyiairccsstbfgarbybvqeftcyhq/Build/Intermediates.noindex/Runner.build/Debug-iphonesimulator/Runner.build/assetcatalog_generated_info.plist
               export ASSETCATALOG_COMPILER_LAUNCHIMAGE_NAME=
               export ASSETCATALOG_COMPILER_LEADERBOARD_IDENTIFIER_PREFIX=
               export ASSETCATALOG_COMPILER_LEADERBOARD_SET_IDENTIFIER_PREFIX=
               export ASSETCATALOG_COMPILER_OPTIMIZATION=
               export ASSETCATALOG_COMPILER_OUTPUT_DIR=
               export ASSETCATALOG_COMPILER_SKIP_APP_STORE_DEPLOYMENT=
               export ASSETCATALOG_COMPILER_STANDALONE_ICON_BEHAVIOR=default
               export ASSETCATALOG_COMPILER_STICKER_PACK_IDENTIFIER_PREFIX=
               export ASSETCATALOG_COMPILER_STICKER_PACK_STRINGS=
               export ASSETCATALOG_COMPILER_TARGET_STICKERS_ICON_ROLE=
               export ASSETCATALOG_COMPILER_WIDGET_BACKGROUND_COLOR_NAME=
               export ASSETCATALOG_EXEC=actool
               export ASSETCATALOG_FILTER_FOR_DEVICE_MODEL=
               export ASSETCATALOG_FILTER_FOR_DEVICE_OS_VERSION=
               export ASSETCATALOG_FILTER_FOR_THINNING_DEVICE_CONFIGURATION=
               export ASSETCATALOG_LIGHTWEIGHT_ASSET_RUNTIME_MODE=default
               export ASSETCATALOG_NOTICES=YES
               export ASSETCATALOG_OTHER_FLAGS=
               export ASSETCATALOG_OUTPUT_FORMAT=human-readable-text
               export ASSETCATALOG_WARNINGS=YES
               export ASSET_PACK_MANIFEST_URL_PREFIX=
               export AUTOMATICALLY_MERGE_DEPENDENCIES=NO
               export AUTOMATION_APPLE_EVENTS=NO
               export AVAILABLE_PLATFORMS="appletvos appletvsimulator driverkit iphoneos iphonesimulator macosx watchos watchsimulator xros xrsimulator"
               export AdditionalInfoFileKeys=
               export AdditionalInfoFileValues=
               export BUILD_ACTIVE_RESOURCES_ONLY=NO
               export BUILD_COMPONENTS=
               export BUILD_DIR=/Users/gregoriomorelli/Documents/vibra/build/ios
               export BUILD_LIBRARY_FOR_DISTRIBUTION=NO
               export BUILD_ONLY_KNOWN_LOCALIZATIONS=NO
               export BUILD_ROOT=/Users/gregoriomorelli/Library/Developer/Xcode/DerivedData/Runner-cyiairccsstbfgarbybvqeftcyhq/Build/Products
               export BUILD_STYLE=Debug
               export BUILD_VARIANTS=normal
               export BUILT_PRODUCTS_DIR=/Users/gregoriomorelli/Documents/vibra/build/ios/Debug-iphonesimulator
               export BUNDLE_CONTENTS_FOLDER_PATH=
               export BUNDLE_CONTENTS_FOLDER_PATH_deep=Contents/
               export BUNDLE_EXECUTABLE_FOLDER_NAME_deep=MacOS
               export BUNDLE_EXECUTABLE_FOLDER_PATH=
               export BUNDLE_EXTENSIONS_FOLDER_PATH=Extensions
               export BUNDLE_FORMAT=shallow
               export BUNDLE_FRAMEWORKS_FOLDER_PATH=Frameworks
               export BUNDLE_LOADER=
               export BUNDLE_PLUGINS_FOLDER_PATH=PlugIns
               export BUNDLE_PRIVATE_HEADERS_FOLDER_PATH=PrivateHeaders
               export BUNDLE_PUBLIC_HEADERS_FOLDER_PATH=Headers
               export CACHE_ROOT=/var/folders/pg/x6t89f2n7s7299rcw8hv33180000gn/C/com.apple.DeveloperTools/26.5-17F42/Xcode
               export CC=
               export CCHROOT=/var/folders/pg/x6t89f2n7s7299rcw8hv33180000gn/C/com.apple.DeveloperTools/26.5-17F42/Xcode
               export CHMOD=/bin/chmod
               export CHOWN=chown
               export CHROME_DEVTOOLS_MCP_JS=/Applications/Antigravity.app/Contents/Resources/app.asar.unpacked/node_modules/chrome-devtools-mcp/build/src/bin/chrome-devtools-mcp.js
               export CLANG_ADDRESS_SANITIZER=
               export CLANG_ADDRESS_SANITIZER_ALLOW_ERROR_RECOVERY=
               export CLANG_ADDRESS_SANITIZER_CONTAINER_OVERFLOW=NO
               export CLANG_ADDRESS_SANITIZER_USE_AFTER_SCOPE=NO
               export CLANG_ALLOW_NON_MODULAR_INCLUDES_IN_FRAMEWORK_MODULES=NO
               export CLANG_ALTERNATE_LINKER=
               export CLANG_ANALYZER_DEADCODE_DEADSTORES=YES
               export CLANG_ANALYZER_DEFINES=-D__clang_analyzer__
               export CLANG_ANALYZER_DIVIDE_BY_ZERO=YES
               export CLANG_ANALYZER_EXEC=clang
               export CLANG_ANALYZER_GCD=YES
               export CLANG_ANALYZER_GCD_PERFORMANCE=NO
               export CLANG_ANALYZER_LIBKERN_RETAIN_COUNT=YES
               export CLANG_ANALYZER_LOCALIZABILITY_EMPTY_CONTEXT=NO
               export CLANG_ANALYZER_LOCALIZABILITY_NONLOCALIZED=NO
               export CLANG_ANALYZER_MALLOC=YES
               export CLANG_ANALYZER_MEMORY_MANAGEMENT=YES
               export CLANG_ANALYZER_MIG_CONVENTIONS=YES
               export CLANG_ANALYZER_NONNULL=YES
               export CLANG_ANALYZER_NULL_DEREFERENCE=YES
               export CLANG_ANALYZER_NUMBER_OBJECT_CONVERSION=YES
               export CLANG_ANALYZER_OBJC_ATSYNC=YES
               export CLANG_ANALYZER_OBJC_COLLECTIONS=YES
               export CLANG_ANALYZER_OBJC_DEALLOC=YES
               export CLANG_ANALYZER_OBJC_GENERICS=YES
               export CLANG_ANALYZER_OBJC_INCOMP_METHOD_TYPES=YES
               export CLANG_ANALYZER_OBJC_NSCFERROR=YES
               export CLANG_ANALYZER_OBJC_RETAIN_COUNT=YES
               export CLANG_ANALYZER_OBJC_SELF_INIT=YES
               export CLANG_ANALYZER_OBJC_UNUSED_IVARS=YES
               export CLANG_ANALYZER_OSOBJECT_C_STYLE_CAST=NO
               export CLANG_ANALYZER_OUTPUT=plist-multi-file
               export CLANG_ANALYZER_OUTPUT_DIR=/Users/gregoriomorelli/Library/Developer/Xcode/DerivedData/Runner-cyiairccsstbfgarbybvqeftcyhq/Build/Intermediates.noindex/Runner.build/Debug-iphonesimulator/Runner.build
               export CLANG_ANALYZER_REPORT_MAIN_SOURCE_FILE=YES
               export CLANG_ANALYZER_SECURITY_BUFFER_OVERFLOW_EXPERIMENTAL=NO
               export CLANG_ANALYZER_SECURITY_FLOATLOOPCOUNTER=NO
               export CLANG_ANALYZER_SECURITY_INSECUREAPI_GETPW_GETS=YES
               export CLANG_ANALYZER_SECURITY_INSECUREAPI_MKSTEMP=YES
               export CLANG_ANALYZER_SECURITY_INSECUREAPI_RAND=NO
               export CLANG_ANALYZER_SECURITY_INSECUREAPI_STRCPY=NO
               export CLANG_ANALYZER_SECURITY_INSECUREAPI_UNCHECKEDRETURN=YES
               export CLANG_ANALYZER_SECURITY_INSECUREAPI_VFORK=YES
               export CLANG_ANALYZER_SECURITY_KEYCHAIN_API=YES
               export CLANG_ANALYZER_USE_AFTER_MOVE=YES_AGGRESSIVE
               export CLANG_BOUNDS_SAFETY_BRINGUP_MISSING_CHECKS=default
               export CLANG_BOUNDS_SAFETY_BRINGUP_MISSING_CHECKS_OPT_OUTS=
               export CLANG_CLANG_COVERAGE_MAPPING_LINKER_ARGS=NO
               export CLANG_COHORT_ARCHS=
               export CLANG_COLOR_DIAGNOSTICS=NO
               export CLANG_COVERAGE_MAPPING=NO
               export CLANG_COVERAGE_MAPPING_LINKER_ARGS=NO
               export CLANG_CXX_LANGUAGE_STANDARD=gnu++0x
               export CLANG_CXX_LIBRARY=libc++
               export CLANG_CXX_STANDARD_LIBRARY_HARDENING=debug
               export CLANG_DEBUG_INFORMATION_LEVEL=default
               export CLANG_DEBUG_MODULES=YES
               export CLANG_DIAGNOSTICS_FILE=/Users/gregoriomorelli/Library/Developer/Xcode/DerivedData/Runner-cyiairccsstbfgarbybvqeftcyhq/Build/Intermediates.noindex/Runner.build/Debug-iphonesimulator/Runner.build/Metal/.dia
               export CLANG_DISABLE_CXX_MODULES=YES
               export CLANG_ENABLE_APP_EXTENSION=NO
               export CLANG_ENABLE_BOUNDS_ATTRIBUTES=NO
               export CLANG_ENABLE_BOUNDS_SAFETY=NO
               export CLANG_ENABLE_CODE_COVERAGE=YES
               export CLANG_ENABLE_COMPILE_CACHE=
               export CLANG_ENABLE_CPLUSPLUS_TYPED_ALLOCATOR_SUPPORT=compiler-default
               export CLANG_ENABLE_CPP_STATIC_DESTRUCTORS=YES
               export CLANG_ENABLE_C_TYPED_ALLOCATOR_SUPPORT=compiler-default
               export CLANG_ENABLE_EXPLICIT_MODULES=YES
               export CLANG_ENABLE_MODULES=YES
               export CLANG_ENABLE_MODULE_DEBUGGING=YES
               export CLANG_ENABLE_MODULE_IMPLEMENTATION_OF=YES
               export CLANG_ENABLE_OBJC_ARC=YES
               export CLANG_ENABLE_OBJC_ARC_EXCEPTIONS=NO
               export CLANG_ENABLE_OBJC_WEAK=NO
               export CLANG_ENABLE_PREFIX_MAPPING=
               export CLANG_ENABLE_SECURITY_COMPILER_WARNINGS=NO
               export CLANG_ENABLE_STACK_ZERO_INIT=NO
               export CLANG_INDEX_STORE_COMPRESS=NO
               export CLANG_INDEX_STORE_ENABLE=YES
               export CLANG_INDEX_STORE_IGNORE_MACROS=NO
               export CLANG_INDEX_STORE_ONLY_PROJECT_FILES=NO
               export CLANG_INDEX_STORE_PATH=/Users/gregoriomorelli/Library/Developer/Xcode/DerivedData/Runner-cyiairccsstbfgarbybvqeftcyhq/Index.noindex/DataStore
               export CLANG_INSTRUMENT_FOR_OPTIMIZATION_PROFILING=NO
               export CLANG_LD_DYLIB_INSTALL_NAME=
               export CLANG_LD_EXPORT_GLOBAL_SYMBOLS=YES
               export CLANG_LD_SUPPRESS_WARNINGS=NO
               export CLANG_LD_THREAD_SANITIZER=
               export CLANG_LIBFUZZER=
               export CLANG_LINK_OBJC_RUNTIME=
               export CLANG_LINK_WITH_STANDARD_LIBRARIES=YES
               export CLANG_MACH_O_TYPE=mh_execute
               export CLANG_MACRO_BACKTRACE_LIMIT=0
               export CLANG_MODULES_AUTOLINK=YES
               export CLANG_MODULES_BUILD_SESSION_FILE=
               export CLANG_MODULES_DISABLE_PRIVATE_WARNING=NO
               export CLANG_MODULES_ENABLE_VERIFIER_TOOL=NO
               export CLANG_MODULES_IGNORE_MACROS=
               export CLANG_MODULES_PRUNE_AFTER=345600
               export CLANG_MODULES_PRUNE_INTERVAL=86400
               export CLANG_MODULES_VALIDATE_SYSTEM_HEADERS=NO
               export CLANG_MODULES_VERIFIER_VERBOSE_OUTPUT=NO
               export CLANG_MODULE_CACHE_PATH=/Users/gregoriomorelli/Library/Developer/Xcode/DerivedData/ModuleCache.noindex
               export CLANG_MODULE_LSV=NO
               export CLANG_OMIT_FRAME_POINTERS=compiler-default
               export CLANG_OPTIMIZATION_PROFILE_FILE=/Users/gregoriomorelli/Documents/vibra/ios/OptimizationProfiles/Runner.profdata
               export CLANG_OTHER_PREFIX_MAPPINGS=
               export CLANG_RESOURCE_DIR_CLANG=
               export CLANG_RESOURCE_DIR_SWIFTC=
               export CLANG_RETAIN_COMMENTS_FROM_SYSTEM_HEADERS=NO
               export CLANG_SANITIZER_COVERAGE=
               export CLANG_SDKROOT_LINKER_INPUT=iphonesimulator26.5
               export CLANG_STATIC_ANALYZER_MODE=shallow
               export CLANG_STATIC_ANALYZER_MODE_ACTION_deep=
               export CLANG_STATIC_ANALYZER_MODE_ACTION_shallow=Shallow
               export CLANG_STATIC_ANALYZER_MODE_ON_ANALYZE_ACTION=deep
               export CLANG_SYSTEM_FRAMEWORK_SEARCH_PATHS=
               export CLANG_TARGET_TRIPLE_ARCHS=undefined_arch
               export CLANG_THREAD_SANITIZER=
               export CLANG_TIDY_BUGPRONE_ASSERT_SIDE_EFFECT=YES
               export CLANG_TIDY_BUGPRONE_INFINITE_LOOP=YES
               export CLANG_TIDY_BUGPRONE_MOVE_FORWARDING_REFERENCE=YES
               export CLANG_TIDY_BUGPRONE_REDUNDANT_BRANCH_CONDITION=NO
               export CLANG_TIDY_MISC_REDUNDANT_EXPRESSION=NO
               export CLANG_TRIVIAL_AUTO_VAR_INIT=default
               export CLANG_UNDEFINED_BEHAVIOR_SANITIZER=
               export CLANG_UNDEFINED_BEHAVIOR_SANITIZER_INTEGER=NO
               export CLANG_UNDEFINED_BEHAVIOR_SANITIZER_NULLABILITY=NO
               export CLANG_UNDEFINED_BEHAVIOR_SANITIZER_TRAP_ON_SECURITY_ISSUES=NO
               export CLANG_UNDEFINED_BEHAVIOR_SANITIZER_TRAP_ON_SECURITY_ISSUES_OPT=YES
               export CLANG_USE_OPTIMIZATION_PROFILE=NO
               export CLANG_USE_RESPONSE_FILE=YES
               export CLANG_WARN_ASSIGN_ENUM=NO
               export CLANG_WARN_ATOMIC_IMPLICIT_SEQ_CST=NO
               export CLANG_WARN_BLOCK_CAPTURE_AUTORELEASING=YES
               export CLANG_WARN_BOOL_CONVERSION=YES
               export CLANG_WARN_COMMA=YES
               export CLANG_WARN_COMPLETION_HANDLER_MISUSE=NO
               export CLANG_WARN_CONSTANT_CONVERSION=YES
               export CLANG_WARN_CXX0X_EXTENSIONS=NO
               export CLANG_WARN_DELETE_NON_VIRTUAL_DTOR=YES
               export CLANG_WARN_DEPRECATED_OBJC_IMPLEMENTATIONS=YES
               export CLANG_WARN_DIRECT_OBJC_ISA_USAGE=YES_ERROR
               export CLANG_WARN_DOCUMENTATION_COMMENTS=NO
               export CLANG_WARN_EMPTY_BODY=YES
               export CLANG_WARN_ENUM_CONVERSION=YES
               export CLANG_WARN_FLOAT_CONVERSION=NO
               export CLANG_WARN_FRAMEWORK_INCLUDE_PRIVATE_FROM_PUBLIC=NO
               export CLANG_WARN_IMPLICIT_FALLTHROUGH=NO
               export CLANG_WARN_IMPLICIT_SIGN_CONVERSION=NO
               export CLANG_WARN_INFINITE_RECURSION=YES
               export CLANG_WARN_INT_CONVERSION=YES
               export CLANG_WARN_MISSING_NOESCAPE=YES
               export CLANG_WARN_NON_LITERAL_NULL_CONVERSION=YES
               export CLANG_WARN_NULLABLE_TO_NONNULL_CONVERSION=NO
               export CLANG_WARN_OBJC_EXPLICIT_OWNERSHIP_TYPE=NO
               export CLANG_WARN_OBJC_IMPLICIT_ATOMIC_PROPERTIES=NO
               export CLANG_WARN_OBJC_IMPLICIT_RETAIN_SELF=YES
               export CLANG_WARN_OBJC_INTERFACE_IVARS=NO
               export CLANG_WARN_OBJC_LITERAL_CONVERSION=YES
               export CLANG_WARN_OBJC_MISSING_PROPERTY_SYNTHESIS=NO
               export CLANG_WARN_OBJC_REPEATED_USE_OF_WEAK=NO
               export CLANG_WARN_OBJC_ROOT_CLASS=YES_ERROR
               export CLANG_WARN_PRAGMA_PACK=YES
               export CLANG_WARN_PRIVATE_MODULE=YES
               export CLANG_WARN_QUOTED_INCLUDE_IN_FRAMEWORK_HEADER=NO
               export CLANG_WARN_RANGE_LOOP_ANALYSIS=YES
               export CLANG_WARN_SEMICOLON_BEFORE_METHOD_BODY=NO
               export CLANG_WARN_STRICT_PROTOTYPES=YES
               export CLANG_WARN_SUSPICIOUS_IMPLICIT_CONVERSION=NO
               export CLANG_WARN_SUSPICIOUS_MOVE=YES
               export CLANG_WARN_UNGUARDED_AVAILABILITY=YES
               export CLANG_WARN_UNREACHABLE_CODE=YES
               export CLANG_WARN_UNSAFE_BUFFER_USAGE=DEFAULT
               export CLANG_WARN_VEXING_PARSE=YES
               export CLANG_WARN_XNU_TYPED_ALLOCATORS=DEFAULT
               export CLANG_WARN__ARC_BRIDGE_CAST_NONARC=YES
               export CLANG_WARN__DUPLICATE_METHOD_MATCH=YES
               export CLANG_WARN__EXIT_TIME_DESTRUCTORS=NO
               export CLANG_X86_VECTOR_INSTRUCTIONS=default
               export CLANG__INPUT_FILE_LIST_PATH__=
               export CLASS_FILE_DIR=/Users/gregoriomorelli/Library/Developer/Xcode/DerivedData/Runner-cyiairccsstbfgarbybvqeftcyhq/Build/Intermediates.noindex/Runner.build/Debug-iphonesimulator/Runner.build/JavaClasses
               export CLEAN_PRECOMPS=YES
               export CLONE_HEADERS=NO
               export COCOAPODS_PARALLEL_CODE_SIGN=true
               export CODESIGNING_FOLDER_PATH=/Users/gregoriomorelli/Documents/vibra/build/ios/Debug-iphonesimulator/Runner.app
               export CODE_SIGNING_ALLOWED=YES
               export CODE_SIGNING_REQUIRED=YES
               export CODE_SIGN_CONTEXT_CLASS=XCiPhoneSimulatorCodeSignContext
               export CODE_SIGN_ENTITLEMENTS=
               export CODE_SIGN_IDENTITY=-
               export CODE_SIGN_INJECT_BASE_ENTITLEMENTS=YES
               export CODE_SIGN_KEYCHAIN=
               export CODE_SIGN_LOCAL_EXECUTION_IDENTITY=
               export CODE_SIGN_RESOURCE_RULES_IN_BUNDLE=
               export CODE_SIGN_STYLE=
               export COHORT_ARCHS=
               export COHORT_BASE_ARCH=
               export COLOR_DIAGNOSTICS=NO
               export COMBINE_HIDPI_IMAGES=NO
               export COMMAND_MODE=unix2003
               export COMPILATION_CACHE_ENABLE_CACHING=
               export COMPILATION_CACHE_ENABLE_DIAGNOSTIC_REMARKS=
               export COMPILER_INDEX_STORE_ENABLE=NO
               export COMPOSITE_SDK_DIRS=/Users/gregoriomorelli/Library/Developer/Xcode/DerivedData/Runner-cyiairccsstbfgarbybvqeftcyhq/Build/Intermediates.noindex/CompositeSDKs
               export COMPRESS_PNG_FILES=YES
               export COMPRESS_TIFF_FILES_WHILE_COPYING=NO
               export CONFIGURATION=Debug
               export CONFIGURATION_BUILD_DIR=/Users/gregoriomorelli/Documents/vibra/build/ios/Debug-iphonesimulator
               export CONFIGURATION_TEMP_DIR=/Users/gregoriomorelli/Library/Developer/Xcode/DerivedData/Runner-cyiairccsstbfgarbybvqeftcyhq/Build/Intermediates.noindex/Runner.build/Debug-iphonesimulator
               export CONTENTS_FOLDER_PATH=Runner.app
               export CONTENTS_FOLDER_PATH_SHALLOW_BUNDLE_NO=Runner.app/Contents
               export CONTENTS_FOLDER_PATH_SHALLOW_BUNDLE_YES=Runner.app
               export COPYING_PRESERVES_HFS_DATA=NO
               export COPY_HEADERS_RUN_UNIFDEF=NO
               export COPY_HEADERS_UNIFDEF_FLAGS=
               export COPY_PHASE_STRIP=NO
               export COREML_CODEGEN_LANGUAGE=Automatic
               export COREML_CODEGEN_SWIFT_GLOBAL_MODULE=NO
               export COREML_CODEGEN_SWIFT_VERSION=5.0
               export COREML_COMPILER_CONTAINER=bundle-resources
               export COREML_COMPILER_INFOPLIST_CONTENT_FILE=/Users/gregoriomorelli/Library/Developer/Xcode/DerivedData/Runner-cyiairccsstbfgarbybvqeftcyhq/Build/Intermediates.noindex/Runner.build/Debug-iphonesimulator/Runner.build/-CoreMLPartialInfo.plist
               export COREML_DEPLOYMENT_TARGET=13.0
               export COREML_DEPLOYMENT_TARGET__NO=13.0
               export COREML_DEPLOYMENT_TARGET__YES=13.0
               export COREML_PLATFORM_NAME=ios
               export COREML_PLATFORM_NAME__NO=ios
               export COREML_PLATFORM_NAME__YES=maccatalyst
               export CORRESPONDING_DEVICE_PLATFORM_DIR=/Applications/Xcode.app/Contents/Developer/Platforms/iPhoneOS.platform
               export CORRESPONDING_DEVICE_PLATFORM_NAME=iphoneos
               export CORRESPONDING_DEVICE_SDK_DIR=/Applications/Xcode.app/Contents/Developer/Platforms/iPhoneOS.platform/Developer/SDKs/iPhoneOS26.5.sdk
               export CORRESPONDING_DEVICE_SDK_NAME=iphoneos26.5
               export CP=/bin/cp
               export CPP_HEADERMAP_FILE=/Users/gregoriomorelli/Library/Developer/Xcode/DerivedData/Runner-cyiairccsstbfgarbybvqeftcyhq/Build/Intermediates.noindex/Runner.build/Debug-iphonesimulator/Runner.build/Runner.hmap
               export CPP_HEADERMAP_FILE_FOR_ALL_NON_FRAMEWORK_TARGET_HEADERS=/Users/gregoriomorelli/Library/Developer/Xcode/DerivedData/Runner-cyiairccsstbfgarbybvqeftcyhq/Build/Intermediates.noindex/Runner.build/Debug-iphonesimulator/Runner.build/Runner-all-non-framework-target-headers.hmap
               export CPP_HEADERMAP_FILE_FOR_ALL_TARGET_HEADERS=/Users/gregoriomorelli/Library/Developer/Xcode/DerivedData/Runner-cyiairccsstbfgarbybvqeftcyhq/Build/Intermediates.noindex/Runner.build/Debug-iphonesimulator/Runner.build/Runner-all-target-headers.hmap
               export CPP_HEADERMAP_FILE_FOR_GENERATED_FILES=/Users/gregoriomorelli/Library/Developer/Xcode/DerivedData/Runner-cyiairccsstbfgarbybvqeftcyhq/Build/Intermediates.noindex/Runner.build/Debug-iphonesimulator/Runner.build/Runner-generated-files.hmap
               export CPP_HEADERMAP_FILE_FOR_OWN_TARGET_HEADERS=/Users/gregoriomorelli/Library/Developer/Xcode/DerivedData/Runner-cyiairccsstbfgarbybvqeftcyhq/Build/Intermediates.noindex/Runner.build/Debug-iphonesimulator/Runner.build/Runner-own-target-headers.hmap
               export CPP_HEADERMAP_FILE_FOR_PROJECT_FILES=/Users/gregoriomorelli/Library/Developer/Xcode/DerivedData/Runner-cyiairccsstbfgarbybvqeftcyhq/Build/Intermediates.noindex/Runner.build/Debug-iphonesimulator/Runner.build/Runner-project-headers.hmap
               export CPP_HEADERMAP_PRODUCT_HEADERS_VFS_FILE=/Users/gregoriomorelli/Library/Developer/Xcode/DerivedData/Runner-cyiairccsstbfgarbybvqeftcyhq/Build/Intermediates.noindex/Runner.build/Debug-iphonesimulator/Runner--VFS-iphonesimulator/all-product-headers.yaml
               export CPP_HEADER_SYMLINKS_DIR=/Users/gregoriomorelli/Library/Developer/Xcode/DerivedData/Runner-cyiairccsstbfgarbybvqeftcyhq/Build/Intermediates.noindex/Runner.build/Debug-iphonesimulator/Runner.build/Runner.hdrs
               export CREATE_INFOPLIST_SECTION_IN_BINARY=NO
               export CURRENT_ARCH=undefined_arch
               export CURRENT_PROJECT_VERSION=1
               export CURRENT_VARIANT=normal
               export CURRENT_VERSION=
               export C_COMPILER_LAUNCHER=
               export CodeSignEntitlements=
               export CodeSignResourceRules=
               export DART_DEFINES=RkxVVFRFUl9WRVJTSU9OPTMuNDQuMg==,RkxVVFRFUl9DSEFOTkVMPXN0YWJsZQ==,RkxVVFRFUl9HSVRfVVJMPWh0dHBzOi8vZ2l0aHViLmNvbS9mbHV0dGVyL2ZsdXR0ZXIuZ2l0,RkxVVFRFUl9GUkFNRVdPUktfUkVWSVNJT049YzlhNmM0ODQyMw==,RkxVVFRFUl9FTkdJTkVfUkVWSVNJT049NzdlMmU5NDc3Mg==,RkxVVFRFUl9EQVJUX1ZFUlNJT049My4xMi4y
               export DART_OBFUSCATION=false
               export DEAD_CODE_STRIPPING=YES
               export DEBUGGING_SYMBOLS=YES
               export DEBUG_INFORMATION_FORMAT=dwarf
               export DEBUG_INFORMATION_VERSION=compiler-default
               export DEFAULT_COMPILER=com.apple.compilers.llvm.clang.1_0
               export DEFAULT_DEXT_INSTALL_PATH=/System/Library/DriverExtensions
               export DEFAULT_KEXT_INSTALL_PATH=/System/Library/Extensions
               export DEFAULT_SSE_LEVEL_3_NO=default
               export DEFAULT_SSE_LEVEL_3_SUPPLEMENTAL_NO=default
               export DEFAULT_SSE_LEVEL_3_SUPPLEMENTAL_YES=ssse3
               export DEFAULT_SSE_LEVEL_3_YES=sse3
               export DEFAULT_SSE_LEVEL_4_1_NO=default
               export DEFAULT_SSE_LEVEL_4_1_YES=sse4.1
               export DEFAULT_SSE_LEVEL_4_2_NO=default
               export DEFAULT_SSE_LEVEL_4_2_YES=sse4.2
               export DEFINES_MODULE=NO
               export DEPLOYMENT_LOCATION=NO
               export DEPLOYMENT_POSTPROCESSING=NO
               export DEPLOYMENT_TARGET=13.0
               export DEPLOYMENT_TARGET_SETTING_NAME=IPHONEOS_DEPLOYMENT_TARGET
               export DEPLOYMENT_TARGET_SUGGESTED_VALUES="12.0 12.1 12.2 12.3 12.4 13.0 13.1 13.2 13.3 13.4 13.5 13.6 14.0 14.1 14.2 14.3 14.4 14.5 14.6 14.7 15.0 15.1 15.2 15.3 15.4 15.5 15.6 16.0 16.1 16.2 16.3 16.4 16.5 16.6 17.0 17.1 17.2 17.3 17.4 17.5 17.6 18.0 18.1 18.2 18.3 18.4 18.5 18.6 26.0 26.2 26.3 26.4 26.5"
               export DERIVED_DATA_DIR=/Users/gregoriomorelli/Library/Developer/Xcode/DerivedData
               export DERIVED_FILES_DIR=/Users/gregoriomorelli/Library/Developer/Xcode/DerivedData/Runner-cyiairccsstbfgarbybvqeftcyhq/Build/Intermediates.noindex/Runner.build/Debug-iphonesimulator/Runner.build/DerivedSources
               export DERIVED_FILE_DIR=/Users/gregoriomorelli/Library/Developer/Xcode/DerivedData/Runner-cyiairccsstbfgarbybvqeftcyhq/Build/Intermediates.noindex/Runner.build/Debug-iphonesimulator/Runner.build/DerivedSources
               export DERIVED_PATHS=
               export DERIVED_SOURCES_DIR=/Users/gregoriomorelli/Library/Developer/Xcode/DerivedData/Runner-cyiairccsstbfgarbybvqeftcyhq/Build/Intermediates.noindex/Runner.build/Debug-iphonesimulator/Runner.build/DerivedSources
               export DERIVE_MACCATALYST_PRODUCT_BUNDLE_IDENTIFIER=
               export DEVELOPER_APPLICATIONS_DIR=/Applications/Xcode.app/Contents/Developer/Applications
               export DEVELOPER_BIN_DIR=/Applications/Xcode.app/Contents/Developer/usr/bin
               export DEVELOPER_DIR=/Applications/Xcode.app/Contents/Developer
               export DEVELOPER_FRAMEWORKS_DIR=/Applications/Xcode.app/Contents/Developer/Library/Frameworks
               export DEVELOPER_FRAMEWORKS_DIR_QUOTED=/Applications/Xcode.app/Contents/Developer/Library/Frameworks
               export DEVELOPER_LIBRARY_DIR=/Applications/Xcode.app/Contents/Developer/Library
               export DEVELOPER_SDK_DIR=/Applications/Xcode.app/Contents/Developer/Platforms/MacOSX.platform/Developer/SDKs
               export DEVELOPER_TOOLS_DIR=/Applications/Xcode.app/Contents/Developer/Tools
               export DEVELOPER_USR_DIR=/Applications/Xcode.app/Contents/Developer/usr
               export DEVELOPMENT_ASSET_PATHS=
               export DEVELOPMENT_LANGUAGE=en
               export DEVELOPMENT_TEAM=
               export DEVICE_NAME="Any iOS Simulator Device"
               export DIFF=/usr/bin/diff
               export DISABLE_AUTO_UPDATE=true
               export DOCC_ANALYZE_DIAGNOSTICS=NO
               export DOCC_ARCHIVE_PATH=/Users/gregoriomorelli/Documents/vibra/build/ios/Debug-iphonesimulator/Runner.doccarchive
               export DOCC_CATALOG_DISPLAY_NAME=Runner
               export DOCC_CATALOG_IDENTIFIER=com.vibra.app
               export DOCC_DIAGNOSTICS_FILE=/Users/gregoriomorelli/Library/Developer/Xcode/DerivedData/Runner-cyiairccsstbfgarbybvqeftcyhq/Build/Intermediates.noindex/Runner.build/Debug-iphonesimulator/Runner.build/Runner-diagnostics.json
               export DOCC_EMIT_FIXITS=YES
               export DOCC_ENABLE_CXX_SUPPORT=YES
               export DOCC_EXEC=docc
               export DOCC_EXTRACT_EXTENSION_SYMBOLS=YES
               export DOCC_EXTRACT_OBJC_INFO_FOR_SWIFT_SYMBOLS=NO
               export DOCC_EXTRACT_SPI_DOCUMENTATION=NO
               export DOCC_EXTRACT_SWIFT_INFO_FOR_OBJC_SYMBOLS=NO
               export DOCC_HOSTING_BASE_PATH=
               export DOCC_IDE_CONSOLE_OUTPUT=YES
               export DOCC_MINIMUM_ACCESS_LEVEL=none
               export DOCC_OUTPUT_DIGEST_INFORMATION=NO
               export DOCC_OUTPUT_DIR=/Users/gregoriomorelli/Documents/vibra/build/ios/Debug-iphonesimulator
               export DOCC_OUTPUT_NAVIGATOR_INDEX=YES
               export DOCC_PRETTY_PRINT=NO
               export DOCC_SKIP_INHERITED_DOCS=NO
               export DOCC_SKIP_SYNTHESIZED_MEMBERS=NO
               export DOCC_TEMPLATE_PATH=
               export DOCC_TRANSFORM_FOR_STATIC_HOSTING=YES
               export DOCUMENTATION_FOLDER_PATH=Runner.app/en.lproj/Documentation
               export DONT_GENERATE_INFOPLIST_FILE=NO
               export DRIVERKIT_DEPLOYMENT_TARGET=20.4
               export DSTROOT=/tmp/Runner.dst
               export DSYMUTIL_DSYM_SEARCH_PATHS=
               export DSYMUTIL_QUIET_OPERATION=NO
               export DSYMUTIL_VARIANT_SUFFIX=
               export DSYMUTIL_VERBOSE=NO
               export DTRACE_OTHER_FLAGS=
               export DTRACE_OUTPUT_FILE_TYPE=Header
               export DT_TOOLCHAIN_DIR=/Applications/Xcode.app/Contents/Developer/Toolchains/XcodeDefault.xctoolchain
               export DUMP_DEPENDENCIES=NO
               export DUMP_DEPENDENCIES_OUTPUT_PATH=/Users/gregoriomorelli/Library/Developer/Xcode/DerivedData/Runner-cyiairccsstbfgarbybvqeftcyhq/Build/Intermediates.noindex/Runner.build/Debug-iphonesimulator/Runner.build/Runner-BuildDependencyInfo.json
               export DWARF_DSYM_FILE_NAME=Runner.app.dSYM
               export DWARF_DSYM_FILE_SHOULD_ACCOMPANY_PRODUCT=NO
               export DWARF_DSYM_FOLDER_PATH=/Users/gregoriomorelli/Documents/vibra/build/ios/Debug-iphonesimulator
               export DYLIB_COMPATIBILITY_VERSION=
               export DYLIB_CURRENT_VERSION=
               export DYLIB_INSTALL_NAME_BASE=
               export EAGER_COMPILATION_ALLOW_SCRIPTS=NO
               export EAGER_LINKING=NO
               export EFFECTIVE_PLATFORM_NAME=-iphonesimulator
               export EFFECTIVE_PLATFORM_SUFFIX=simulator
               export EFFECTIVE_TOOLCHAINS_DIRS=/Applications/Xcode.app/Contents/Developer/Toolchains/XcodeDefault.xctoolchain
               export EMBEDDED_CONTENT_CONTAINS_SWIFT=NO
               export EMBEDDED_PROFILE_NAME=
               export EMBED_ASSET_PACKS_IN_PRODUCT_BUNDLE=NO
               export ENABLE_APPINTENTS_DEPLOYMENT_AWARE_PROCESSING=YES
               export ENABLE_APPLE_KEXT_CODE_GENERATION=NO
               export ENABLE_APP_SANDBOX=NO
               export ENABLE_ASSISTANT_INTENTS_PROVIDER_VALIDATION=YES
               export ENABLE_BITCODE=NO
               export ENABLE_CODE_COVERAGE=YES
               export ENABLE_COHORT_ARCHS=NO
               export ENABLE_CPLUSPLUS_BOUNDS_SAFE_BUFFERS=NO
               export ENABLE_C_BOUNDS_SAFETY=NO
               export ENABLE_DEBUG_DYLIB=YES
               export ENABLE_DEFAULT_HEADER_SEARCH_PATHS=YES
               export ENABLE_DEFAULT_SEARCH_PATHS=YES
               export ENABLE_ENHANCED_SECURITY=NO
               export ENABLE_FILE_ACCESS_DOWNLOADS_FOLDER=
               export ENABLE_FILE_ACCESS_MOVIES_FOLDER=
               export ENABLE_FILE_ACCESS_MUSIC_FOLDER=
               export ENABLE_FILE_ACCESS_PICTURE_FOLDER=
               export ENABLE_HARDENED_RUNTIME=NO
               export ENABLE_HEADER_DEPENDENCIES=YES
               export ENABLE_INCOMING_NETWORK_CONNECTIONS=NO
               export ENABLE_INCREMENTAL_DISTILL=NO
               export ENABLE_MODULE_VERIFIER=NO
               export ENABLE_NS_ASSERTIONS=YES
               export ENABLE_ONLY_ACTIVE_RESOURCES=YES
               export ENABLE_ON_DEMAND_RESOURCES=YES
               export ENABLE_OUTGOING_NETWORK_CONNECTIONS=NO
               export ENABLE_POINTER_AUTHENTICATION=NO
               export ENABLE_PREVIEWS=
               export ENABLE_RESOURCE_ACCESS_AUDIO_INPUT=NO
               export ENABLE_RESOURCE_ACCESS_BLUETOOTH=NO
               export ENABLE_RESOURCE_ACCESS_CALENDARS=NO
               export ENABLE_RESOURCE_ACCESS_CAMERA=NO
               export ENABLE_RESOURCE_ACCESS_CONTACTS=NO
               export ENABLE_RESOURCE_ACCESS_LOCATION=NO
               export ENABLE_RESOURCE_ACCESS_PHOTO_LIBRARY=NO
               export ENABLE_RESOURCE_ACCESS_PRINTING=NO
               export ENABLE_RESOURCE_ACCESS_USB=NO
               export ENABLE_SDK_IMPORTS=NO
               export ENABLE_SECURITY_COMPILER_WARNINGS=NO
               export ENABLE_STRICT_OBJC_MSGSEND=YES
               export ENABLE_SWIFT_6_UPCOMING_FEATURES_IN_SWIFT_VERSION_6_0=YES
               export ENABLE_SYSTEM_SANITIZERS=
               export ENABLE_TESTABILITY=YES
               export ENABLE_TESTING_SEARCH_PATHS=NO
               export ENABLE_USER_SCRIPT_SANDBOXING=NO
               export ENABLE_USER_SELECTED_FILES=
               export ENFORCE_VALID_ARCHS=YES
               export ENTITLEMENTS_ALLOWED=NO
               export ENTITLEMENTS_DESTINATION=__entitlements
               export ENTITLEMENTS_REQUIRED=NO
               export EXCLUDED_ARCHS=i386
               export EXCLUDED_EXPLICIT_TARGET_DEPENDENCIES=
               export EXCLUDED_INSTALLSRC_SUBDIRECTORY_PATTERNS=".DS_Store .svn .git .hg CVS"
               export EXCLUDED_RECURSIVE_SEARCH_PATH_SUBDIRECTORIES="*.nib *.lproj *.framework *.gch *.xcode* *.xcassets *.icon (*) .DS_Store CVS .svn .git .hg *.pbproj *.pbxproj"
               export EXCLUDED_SOURCE_FILE_NAMES=
               export EXECUTABLES_FOLDER_PATH=Runner.app/Executables
               export EXECUTABLE_EXTENSION=
               export EXECUTABLE_FOLDER_PATH=Runner.app
               export EXECUTABLE_FOLDER_PATH_SHALLOW_BUNDLE_NO=Runner.app/MacOS
               export EXECUTABLE_FOLDER_PATH_SHALLOW_BUNDLE_YES=Runner.app
               export EXECUTABLE_NAME=Runner
               export EXECUTABLE_PATH=Runner.app/Runner
               export EXECUTABLE_PREFIX=
               export EXECUTABLE_SUFFIX=
               export EXECUTABLE_VARIANT_SUFFIX=
               export EXPORTED_SYMBOLS_FILE=
               export EXTENSIONS_FOLDER_PATH=Runner.app/Extensions
               export ExpandBuildSettings=
               export FILE_LIST=/Users/gregoriomorelli/Library/Developer/Xcode/DerivedData/Runner-cyiairccsstbfgarbybvqeftcyhq/Build/Intermediates.noindex/Runner.build/Debug-iphonesimulator/Runner.build/Objects/LinkFileList
               export FIXED_FILES_DIR=/Users/gregoriomorelli/Library/Developer/Xcode/DerivedData/Runner-cyiairccsstbfgarbybvqeftcyhq/Build/Intermediates.noindex/Runner.build/Debug-iphonesimulator/Runner.build/FixedFiles
               export FLUTTER_ALREADY_LOCKED=true
               export FLUTTER_APPLICATION_PATH=/Users/gregoriomorelli/Documents/vibra
               export FLUTTER_BUILD_DIR=build
               export FLUTTER_BUILD_NAME=0.1.0
               export FLUTTER_BUILD_NUMBER=1
               export FLUTTER_FRAMEWORK_SWIFT_PACKAGE_PATH=/Users/gregoriomorelli/Documents/vibra/ios/Flutter/ephemeral/Packages/.packages/FlutterFramework
               export FLUTTER_ROOT=/Users/gregoriomorelli/development/flutter
               export FLUTTER_SUPPRESS_ANALYTICS=true
               export FLUTTER_TARGET=lib/main.dart
               export FPATH="/opt/homebrew/share/zsh/site-functions:/opt/homebrew/share/zsh/site-functions:/usr/local/share/zsh/site-functions:/usr/share/zsh/site-functions:/usr/share/zsh/5.9/functions"
               export FRAMEWORKS_FOLDER_PATH=Runner.app/Frameworks
               export FRAMEWORK_FLAG_PREFIX=-framework
               export FRAMEWORK_SEARCH_PATHS=" \"/Users/gregoriomorelli/Documents/vibra/build/ios/Debug-iphonesimulator/AppAuth\" \"/Users/gregoriomorelli/Documents/vibra/build/ios/Debug-iphonesimulator/FirebaseCore\" \"/Users/gregoriomorelli/Documents/vibra/build/ios/Debug-iphonesimulator/FirebaseCoreInternal\" \"/Users/gregoriomorelli/Documents/vibra/build/ios/Debug-iphonesimulator/FirebaseInstallations\" \"/Users/gregoriomorelli/Documents/vibra/build/ios/Debug-iphonesimulator/FirebaseMessaging\" \"/Users/gregoriomorelli/Documents/vibra/build/ios/Debug-iphonesimulator/GoogleDataTransport\" \"/Users/gregoriomorelli/Documents/vibra/build/ios/Debug-iphonesimulator/GoogleUtilities\" \"/Users/gregoriomorelli/Documents/vibra/build/ios/Debug-iphonesimulator/PromisesObjC\" \"/Users/gregoriomorelli/Documents/vibra/build/ios/Debug-iphonesimulator/app_links\" \"/Users/gregoriomorelli/Documents/vibra/build/ios/Debug-iphonesimulator/connectivity_plus\" \"/Users/gregoriomorelli/Documents/vibra/build/ios/Debug-iphonesimulator/firebase_core\" \"/Users/gregoriomorelli/Documents/vibra/build/ios/Debug-iphonesimulator/firebase_messaging\" \"/Users/gregoriomorelli/Documents/vibra/build/ios/Debug-iphonesimulator/flutter_appauth\" \"/Users/gregoriomorelli/Documents/vibra/build/ios/Debug-iphonesimulator/flutter_secure_storage_darwin\" \"/Users/gregoriomorelli/Documents/vibra/build/ios/Debug-iphonesimulator/flutter_web_auth_2\" \"/Users/gregoriomorelli/Documents/vibra/build/ios/Debug-iphonesimulator/geocoding_ios\" \"/Users/gregoriomorelli/Documents/vibra/build/ios/Debug-iphonesimulator/geolocator_apple\" \"/Users/gregoriomorelli/Documents/vibra/build/ios/Debug-iphonesimulator/image_picker_ios\" \"/Users/gregoriomorelli/Documents/vibra/build/ios/Debug-iphonesimulator/integration_test\" \"/Users/gregoriomorelli/Documents/vibra/build/ios/Debug-iphonesimulator/nanopb\" \"/Users/gregoriomorelli/Documents/vibra/build/ios/Debug-iphonesimulator/shared_preferences_foundation\" \"/Users/gregoriomorelli/Documents/vibra/build/ios/Debug-iphonesimulator/sqflite_darwin\" \"/Users/gregoriomorelli/Documents/vibra/build/ios/Debug-iphonesimulator/url_launcher_ios\""
               export FRAMEWORK_VERSION=A
               export FULL_PRODUCT_NAME=Runner.app
               export FUSE_BUILD_PHASES=YES
               export FUSE_BUILD_SCRIPT_PHASES=NO
               export GCC3_VERSION=3.3
               export GCC_CHAR_IS_UNSIGNED_CHAR=NO
               export GCC_CW_ASM_SYNTAX=YES
               export GCC_C_LANGUAGE_STANDARD=gnu99
               export GCC_DEBUG_INFORMATION_FORMAT=dwarf
               export GCC_DEBUG_INFORMATION_VERSION=compiler-default
               export GCC_DYNAMIC_NO_PIC=NO
               export GCC_ENABLE_ASM_KEYWORD=YES
               export GCC_ENABLE_BUILTIN_FUNCTIONS=YES
               export GCC_ENABLE_CPP_EXCEPTIONS=YES
               export GCC_ENABLE_CPP_RTTI=YES
               export GCC_ENABLE_EXCEPTIONS=NO
               export GCC_ENABLE_FLOATING_POINT_LIBRARY_CALLS=NO
               export GCC_ENABLE_KERNEL_DEVELOPMENT=NO
               export GCC_ENABLE_OBJC_EXCEPTIONS=YES
               export GCC_ENABLE_PASCAL_STRINGS=YES
               export GCC_ENABLE_SSE3_EXTENSIONS=NO
               export GCC_ENABLE_SSE41_EXTENSIONS=NO
               export GCC_ENABLE_SSE42_EXTENSIONS=NO
               export GCC_ENABLE_SUPPLEMENTAL_SSE3_INSTRUCTIONS=NO
               export GCC_ENABLE_TRIGRAPHS=NO
               export GCC_FAST_MATH=NO
               export GCC_GENERATE_DEBUGGING_SYMBOLS=YES
               export GCC_GENERATE_TEST_COVERAGE_FILES=NO
               export GCC_INCREASE_PRECOMPILED_HEADER_SHARING=NO
               export GCC_INLINES_ARE_PRIVATE_EXTERN=YES
               export GCC_INPUT_FILETYPE=automatic
               export GCC_INSTRUMENT_PROGRAM_FLOW_ARCS=NO
               export GCC_LINK_WITH_DYNAMIC_LIBRARIES=YES
               export GCC_NO_COMMON_BLOCKS=YES
               export GCC_OBJC_ABI_VERSION=2
               export GCC_OBJC_LEGACY_DISPATCH=YES
               export GCC_OPERATION=compile
               export GCC_OPTIMIZATION_LEVEL=0
               export GCC_PFE_FILE_C_DIALECTS="c objective-c c++ objective-c++"
               export GCC_PRECOMPILE_PREFIX_HEADER=
               export GCC_PREFIX_HEADER=
               export GCC_PREPROCESSOR_DEFINITIONS="DEBUG=1  COCOAPODS=1 DEBUG=1  PB_FIELD_32BIT=1 PB_NO_PACKED_STRUCTS=1 PB_ENABLE_MALLOC=1"
               export GCC_PREPROCESSOR_DEFINITIONS_NOT_USED_IN_PRECOMPS=
               export GCC_PRODUCT_TYPE_PREPROCESSOR_DEFINITIONS=
               export GCC_REUSE_STRINGS=YES
               export GCC_SHORT_ENUMS=NO
               export GCC_STRICT_ALIASING=YES
               export GCC_SYMBOLS_PRIVATE_EXTERN=NO
               export GCC_THREADSAFE_STATICS=YES
               export GCC_TREAT_IMPLICIT_FUNCTION_DECLARATIONS_AS_ERRORS=NO
               export GCC_TREAT_INCOMPATIBLE_POINTER_TYPE_WARNINGS_AS_ERRORS=NO
               export GCC_TREAT_WARNINGS_AS_ERRORS=NO
               export GCC_UNROLL_LOOPS=NO
               export GCC_USE_GCC3_PFE_SUPPORT=
               export GCC_USE_STANDARD_INCLUDE_SEARCHING=YES
               export GCC_VERSION=
               export GCC_VERSION_IDENTIFIER=
               export GCC_WARN_64_TO_32_BIT_CONVERSION=YES
               export GCC_WARN_ABOUT_DEPRECATED_FUNCTIONS=YES
               export GCC_WARN_ABOUT_INVALID_OFFSETOF_MACRO=YES
               export GCC_WARN_ABOUT_MISSING_FIELD_INITIALIZERS=NO
               export GCC_WARN_ABOUT_MISSING_NEWLINE=NO
               export GCC_WARN_ABOUT_MISSING_PROTOTYPES=NO
               export GCC_WARN_ABOUT_POINTER_SIGNEDNESS=YES
               export GCC_WARN_ABOUT_RETURN_TYPE=YES_ERROR
               export GCC_WARN_ALLOW_INCOMPLETE_PROTOCOL=YES
               export GCC_WARN_CHECK_SWITCH_STATEMENTS=YES
               export GCC_WARN_FOUR_CHARACTER_CONSTANTS=NO
               export GCC_WARN_HIDDEN_VIRTUAL_FUNCTIONS=NO
               export GCC_WARN_INHIBIT_ALL_WARNINGS=NO
               export GCC_WARN_INITIALIZER_NOT_FULLY_BRACKETED=NO
               export GCC_WARN_MISSING_PARENTHESES=YES
               export GCC_WARN_MULTIPLE_DEFINITION_TYPES_FOR_SELECTOR=NO
               export GCC_WARN_NON_VIRTUAL_DESTRUCTOR=NO
               export GCC_WARN_PEDANTIC=NO
               export GCC_WARN_SHADOW=NO
               export GCC_WARN_SIGN_COMPARE=NO
               export GCC_WARN_STRICT_SELECTOR_MATCH=NO
               export GCC_WARN_TYPECHECK_CALLS_TO_PRINTF=YES
               export GCC_WARN_UNDECLARED_SELECTOR=YES
               export GCC_WARN_UNINITIALIZED_AUTOS=YES_AGGRESSIVE
               export GCC_WARN_UNKNOWN_PRAGMAS=NO
               export GCC_WARN_UNUSED_FUNCTION=YES
               export GCC_WARN_UNUSED_LABEL=NO
               export GCC_WARN_UNUSED_PARAMETER=NO
               export GCC_WARN_UNUSED_VALUE=YES
               export GCC_WARN_UNUSED_VARIABLE=YES
               export GENERATED_MODULEMAP_DIR=/Users/gregoriomorelli/Library/Developer/Xcode/DerivedData/Runner-cyiairccsstbfgarbybvqeftcyhq/Build/Intermediates.noindex/GeneratedModuleMaps-iphonesimulator
               export GENERATE_INFOPLIST_FILE=NO
               export GENERATE_INTERMEDIATE_TEXT_BASED_STUBS=YES
               export GENERATE_PKGINFO_FILE=YES
               export GENERATE_PRELINK_OBJECT_FILE=NO
               export GENERATE_PROFILING_CODE=NO
               export GENERATE_TEXT_BASED_STUBS=NO
               export GID=20
               export GLOBAL_CFLAGS=
               export GROUP=staff
               export GeneratedPkgInfoFile=
               export HEADERMAP_FILE_FORMAT=traditional
               export HEADERMAP_INCLUDES_FLAT_ENTRIES_FOR_TARGET_BEING_BUILT=YES
               export HEADERMAP_INCLUDES_FRAMEWORK_ENTRIES_FOR_ALL_PRODUCT_TYPES=YES
               export HEADERMAP_INCLUDES_FRAMEWORK_ENTRIES_FOR_TARGETS_NOT_BEING_BUILT=YES
               export HEADERMAP_INCLUDES_NONPUBLIC_NONPRIVATE_HEADERS=YES
               export HEADERMAP_INCLUDES_PROJECT_HEADERS=YES
               export HEADERMAP_USES_FRAMEWORK_PREFIX_ENTRIES=YES
               export HEADERMAP_USES_VFS=NO
               export HEADER_DEPENDENCIES=
               export HEADER_SEARCH_PATHS=" \"/Users/gregoriomorelli/Documents/vibra/build/ios/Debug-iphonesimulator/AppAuth/AppAuth.framework/Headers\" \"/Users/gregoriomorelli/Documents/vibra/build/ios/Debug-iphonesimulator/FirebaseCore/FirebaseCore.framework/Headers\" \"/Users/gregoriomorelli/Documents/vibra/build/ios/Debug-iphonesimulator/FirebaseCoreInternal/FirebaseCoreInternal.framework/Headers\" \"/Users/gregoriomorelli/Documents/vibra/build/ios/Debug-iphonesimulator/FirebaseInstallations/FirebaseInstallations.framework/Headers\" \"/Users/gregoriomorelli/Documents/vibra/build/ios/Debug-iphonesimulator/FirebaseMessaging/FirebaseMessaging.framework/Headers\" \"/Users/gregoriomorelli/Documents/vibra/build/ios/Debug-iphonesimulator/GoogleDataTransport/GoogleDataTransport.framework/Headers\" \"/Users/gregoriomorelli/Documents/vibra/build/ios/Debug-iphonesimulator/GoogleUtilities/GoogleUtilities.framework/Headers\" \"/Users/gregoriomorelli/Documents/vibra/build/ios/Debug-iphonesimulator/PromisesObjC/FBLPromises.framework/Headers\" \"/Users/gregoriomorelli/Documents/vibra/build/ios/Debug-iphonesimulator/app_links/app_links.framework/Headers\" \"/Users/gregoriomorelli/Documents/vibra/build/ios/Debug-iphonesimulator/connectivity_plus/connectivity_plus.framework/Headers\" \"/Users/gregoriomorelli/Documents/vibra/build/ios/Debug-iphonesimulator/firebase_core/firebase_core.framework/Headers\" \"/Users/gregoriomorelli/Documents/vibra/build/ios/Debug-iphonesimulator/firebase_messaging/firebase_messaging.framework/Headers\" \"/Users/gregoriomorelli/Documents/vibra/build/ios/Debug-iphonesimulator/flutter_appauth/flutter_appauth.framework/Headers\" \"/Users/gregoriomorelli/Documents/vibra/build/ios/Debug-iphonesimulator/flutter_secure_storage_darwin/flutter_secure_storage_darwin.framework/Headers\" \"/Users/gregoriomorelli/Documents/vibra/build/ios/Debug-iphonesimulator/flutter_web_auth_2/flutter_web_auth_2.framework/Headers\" \"/Users/gregoriomorelli/Documents/vibra/build/ios/Debug-iphonesimulator/geocoding_ios/geocoding_ios.framework/Headers\" \"/Users/gregoriomorelli/Documents/vibra/build/ios/Debug-iphonesimulator/geolocator_apple/geolocator_apple.framework/Headers\" \"/Users/gregoriomorelli/Documents/vibra/build/ios/Debug-iphonesimulator/image_picker_ios/image_picker_ios.framework/Headers\" \"/Users/gregoriomorelli/Documents/vibra/build/ios/Debug-iphonesimulator/integration_test/integration_test.framework/Headers\" \"/Users/gregoriomorelli/Documents/vibra/build/ios/Debug-iphonesimulator/nanopb/nanopb.framework/Headers\" \"/Users/gregoriomorelli/Documents/vibra/build/ios/Debug-iphonesimulator/shared_preferences_foundation/shared_preferences_foundation.framework/Headers\" \"/Users/gregoriomorelli/Documents/vibra/build/ios/Debug-iphonesimulator/sqflite_darwin/sqflite_darwin.framework/Headers\" \"/Users/gregoriomorelli/Documents/vibra/build/ios/Debug-iphonesimulator/url_launcher_ios/url_launcher_ios.framework/Headers\" \"/Users/gregoriomorelli/Documents/vibra/ios/Pods/Headers/Public\" \"/Users/gregoriomorelli/Documents/vibra/ios/Pods/Headers/Public/Firebase\"  /Users/gregoriomorelli/Documents/vibra/ios/Pods/Firebase/CoreOnly/Sources"
               export HOME=/Users/gregoriomorelli
               export HOMEBREW_CELLAR=/opt/homebrew/Cellar
               export HOMEBREW_PREFIX=/opt/homebrew
               export HOMEBREW_REPOSITORY=/opt/homebrew
               export HOST_ARCH=arm64e
               export IBC_COMPILATION_MODE_FOR_IOS=
               export IBC_COMPILER_AUTO_ACTIVATE_CUSTOM_FONTS=YES
               export IBC_COMPILER_USE_NIBKEYEDARCHIVER_FOR_MACOS=NO
               export IBC_ERRORS=YES
               export IBC_EXEC=ibtool
               export IBC_FLATTEN_NIBS=YES
               export IBC_MODULE=Runner
               export IBC_NOTICES=YES
               export IBC_OTHER_FLAGS=
               export IBC_OVERRIDING_PLUGINS_AND_FRAMEWORKS_DIR=
               export IBC_PLUGINS=
               export IBC_PLUGIN_SEARCH_PATHS=
               export IBC_REGIONS_AND_STRINGS_FILES=
               export IBC_STRIP_NIBS=YES
               export IBC_WARNINGS=YES
               export IBSC_COMPILATION_MODE_FOR_IOS=
               export IBSC_COMPILER_AUTO_ACTIVATE_CUSTOM_FONTS=YES
               export IBSC_COMPILER_USE_NIBKEYEDARCHIVER_FOR_MACOS=NO
               export IBSC_ERRORS=YES
               export IBSC_FLATTEN_NIBS=YES
               export IBSC_MODULE=Runner
               export IBSC_NOTICES=YES
               export IBSC_OTHER_FLAGS=
               export IBSC_REGIONS_AND_STRINGS_FILES=
               export IBSC_STRIP_NIBS=YES
               export IBSC_WARNINGS=YES
               export ICONV=/usr/bin/iconv
               export IIG_CXX_LANGUAGE_STANDARD=gnu++0x
               export IIG_DERIVED_FILE_DIR=/Users/gregoriomorelli/Library/Developer/Xcode/DerivedData/Runner-cyiairccsstbfgarbybvqeftcyhq/Build/Intermediates.noindex/Runner.build/Debug-iphonesimulator/Runner.build/DerivedSources/Runner
               export IIG_EXEC=iig
               export IIG_FRAMEWORK_NAME=Runner
               export IIG_HEADERS_DIR=/Users/gregoriomorelli/Library/Developer/Xcode/DerivedData/Runner-cyiairccsstbfgarbybvqeftcyhq/Build/Intermediates.noindex/Runner.build/Debug-iphonesimulator/Runner.build/DerivedSources/Runner
               export IIG_IMPLEMENTATION_DIR=/Users/gregoriomorelli/Library/Developer/Xcode/DerivedData/Runner-cyiairccsstbfgarbybvqeftcyhq/Build/Intermediates.noindex/Runner.build/Debug-iphonesimulator/Runner.build/DerivedSources/Runner
               export IIG_PREPROCESSOR_DEFINITIONS=__IIG=1
               export IMPLICIT_DEPENDENCY_DOMAIN=default
               export INCLUDED_EXPLICIT_TARGET_DEPENDENCIES=
               export INCLUDED_RECURSIVE_SEARCH_PATH_SUBDIRECTORIES=
               export INCLUDED_SOURCE_FILE_NAMES=
               export INDEX_DATA_STORE_DIR=/Users/gregoriomorelli/Library/Developer/Xcode/DerivedData/Runner-cyiairccsstbfgarbybvqeftcyhq/Index.noindex/DataStore
               export INDEX_ENABLE_DATA_STORE=YES
               export INDEX_PRECOMPS_DIR=/Users/gregoriomorelli/Library/Developer/Xcode/DerivedData/Runner-cyiairccsstbfgarbybvqeftcyhq/Index.noindex/PrecompiledHeaders
               export INDEX_STORE_COMPRESS=NO
               export INDEX_STORE_ONLY_PROJECT_FILES=NO
               export INFOPATH="/opt/homebrew/share/info:/opt/homebrew/share/info:"
               export INFOPLIST_ENABLE_CFBUNDLEICONS_MERGE=YES
               export INFOPLIST_EXPAND_BUILD_SETTINGS=YES
               export INFOPLIST_FILE=Runner/Info.plist
               export INFOPLIST_KEY_CFBundleDisplayName=
               export INFOPLIST_KEY_CLKComplicationPrincipalClass=
               export INFOPLIST_KEY_GCSupportsControllerUserInteraction=
               export INFOPLIST_KEY_GCSupportsGameMode=
               export INFOPLIST_KEY_ITSAppUsesNonExemptEncryption=
               export INFOPLIST_KEY_ITSEncryptionExportComplianceCode=
               export INFOPLIST_KEY_LSApplicationCategoryType=
               export INFOPLIST_KEY_LSBackgroundOnly=
               export INFOPLIST_KEY_LSSupportsOpeningDocumentsInPlace=
               export INFOPLIST_KEY_LSUIElement=
               export INFOPLIST_KEY_MetalCaptureEnabled=
               export INFOPLIST_KEY_NFCReaderUsageDescription=
               export INFOPLIST_KEY_NSAccessoryTrackingUsageDescription=
               export INFOPLIST_KEY_NSAppDataUsageDescription=
               export INFOPLIST_KEY_NSAppleEventsUsageDescription=
               export INFOPLIST_KEY_NSAppleMusicUsageDescription=
               export INFOPLIST_KEY_NSBluetoothAlwaysUsageDescription=
               export INFOPLIST_KEY_NSBluetoothPeripheralUsageDescription=
               export INFOPLIST_KEY_NSBluetoothWhileInUseUsageDescription=
               export INFOPLIST_KEY_NSCalendarsFullAccessUsageDescription=
               export INFOPLIST_KEY_NSCalendarsUsageDescription=
               export INFOPLIST_KEY_NSCalendarsWriteOnlyAccessUsageDescription=
               export INFOPLIST_KEY_NSCameraUsageDescription=
               export INFOPLIST_KEY_NSContactsUsageDescription=
               export INFOPLIST_KEY_NSCriticalMessagingUsageDescription=
               export INFOPLIST_KEY_NSDesktopFolderUsageDescription=
               export INFOPLIST_KEY_NSDocumentsFolderUsageDescription=
               export INFOPLIST_KEY_NSDownloadsFolderUsageDescription=
               export INFOPLIST_KEY_NSFaceIDUsageDescription=
               export INFOPLIST_KEY_NSFallDetectionUsageDescription=
               export INFOPLIST_KEY_NSFileProviderDomainUsageDescription=
               export INFOPLIST_KEY_NSFileProviderPresenceUsageDescription=
               export INFOPLIST_KEY_NSFinancialDataUsageDescription=
               export INFOPLIST_KEY_NSFocusStatusUsageDescription=
               export INFOPLIST_KEY_NSGKFriendListUsageDescription=
               export INFOPLIST_KEY_NSHandsTrackingUsageDescription=
               export INFOPLIST_KEY_NSHealthClinicalHealthRecordsShareUsageDescription=
               export INFOPLIST_KEY_NSHealthShareUsageDescription=
               export INFOPLIST_KEY_NSHealthUpdateUsageDescription=
               export INFOPLIST_KEY_NSHomeKitUsageDescription=
               export INFOPLIST_KEY_NSHumanReadableCopyright=
               export INFOPLIST_KEY_NSIdentityUsageDescription=
               export INFOPLIST_KEY_NSLocalNetworkUsageDescription=
               export INFOPLIST_KEY_NSLocationAlwaysAndWhenInUseUsageDescription=
               export INFOPLIST_KEY_NSLocationAlwaysUsageDescription=
               export INFOPLIST_KEY_NSLocationTemporaryUsageDescriptionDictionary=
               export INFOPLIST_KEY_NSLocationUsageDescription=
               export INFOPLIST_KEY_NSLocationWhenInUseUsageDescription=
               export INFOPLIST_KEY_NSMainCameraUsageDescription=
               export INFOPLIST_KEY_NSMainNibFile=
               export INFOPLIST_KEY_NSMainStoryboardFile=
               export INFOPLIST_KEY_NSMicrophoneUsageDescription=
               export INFOPLIST_KEY_NSMotionUsageDescription=
               export INFOPLIST_KEY_NSNearbyInteractionAllowOnceUsageDescription=
               export INFOPLIST_KEY_NSNearbyInteractionUsageDescription=
               export INFOPLIST_KEY_NSNetworkVolumesUsageDescription=
               export INFOPLIST_KEY_NSPhotoLibraryAddUsageDescription=
               export INFOPLIST_KEY_NSPhotoLibraryUsageDescription=
               export INFOPLIST_KEY_NSPrincipalClass=
               export INFOPLIST_KEY_NSRemindersFullAccessUsageDescription=
               export INFOPLIST_KEY_NSRemindersUsageDescription=
               export INFOPLIST_KEY_NSRemovableVolumesUsageDescription=
               export INFOPLIST_KEY_NSSensorKitPrivacyPolicyURL=
               export INFOPLIST_KEY_NSSensorKitUsageDescription=
               export INFOPLIST_KEY_NSSiriUsageDescription=
               export INFOPLIST_KEY_NSSpeechRecognitionUsageDescription=
               export INFOPLIST_KEY_NSStickerSharingLevel=
               export INFOPLIST_KEY_NSSupportsLiveActivities=
               export INFOPLIST_KEY_NSSupportsLiveActivitiesFrequentUpdates=
               export INFOPLIST_KEY_NSSystemAdministrationUsageDescription=
               export INFOPLIST_KEY_NSSystemExtensionUsageDescription=
               export INFOPLIST_KEY_NSUserTrackingUsageDescription=
               export INFOPLIST_KEY_NSVideoSubscriberAccountUsageDescription=
               export INFOPLIST_KEY_NSVoIPUsageDescription=
               export INFOPLIST_KEY_NSWorldSensingUsageDescription=
               export INFOPLIST_KEY_OSBundleUsageDescription=
               export INFOPLIST_KEY_UIApplicationSceneManifest_Generation=
               export INFOPLIST_KEY_UIApplicationSupportsIndirectInputEvents=
               export INFOPLIST_KEY_UILaunchScreen_Generation=
               export INFOPLIST_KEY_UILaunchStoryboardName=
               export INFOPLIST_KEY_UIMainStoryboardFile=
               export INFOPLIST_KEY_UIRequiresFullScreen=
               export INFOPLIST_KEY_UIStatusBarHidden=
               export INFOPLIST_KEY_UIStatusBarStyle=
               export INFOPLIST_KEY_UISupportsDocumentBrowser=
               export INFOPLIST_KEY_UIUserInterfaceStyle=
               export INFOPLIST_KEY_WKCompanionAppBundleIdentifier=
               export INFOPLIST_KEY_WKExtensionDelegateClassName=
               export INFOPLIST_KEY_WKRunsIndependentlyOfCompanionApp=
               export INFOPLIST_KEY_WKWatchOnly=
               export INFOPLIST_OTHER_PREPROCESSOR_FLAGS=
               export INFOPLIST_OUTPUT_FORMAT=binary
               export INFOPLIST_PATH=Runner.app/Info.plist
               export INFOPLIST_PREFIX_HEADER=
               export INFOPLIST_PREPROCESS=NO
               export INFOPLIST_PREPROCESSOR_DEFINITIONS=
               export INFOSTRINGS_PATH=Runner.app/en.lproj/InfoPlist.strings
               export INIT_ROUTINE=
               export INLINE_PRIVATE_FRAMEWORKS=NO
               export INSTALLAPI_IGNORE_SKIP_INSTALL=YES
               export INSTALLHDRS_COPY_PHASE=NO
               export INSTALLHDRS_SCRIPT_PHASE=NO
               export INSTALL_DIR=/tmp/Runner.dst/Applications
               export INSTALL_GROUP=staff
               export INSTALL_MODE_FLAG=u+w,go-w,a+rX
               export INSTALL_OWNER=gregoriomorelli
               export INSTALL_PATH=/Applications
               export INSTALL_ROOT=/tmp/Runner.dst
               export INSTRUMENTS_PACKAGE_BUILDER=instrumentbuilder
               export INSTRUMENTS_PACKAGE_BUILDER_DEPENDENCY_INFO_FILE=/Users/gregoriomorelli/Library/Developer/Xcode/DerivedData/Runner-cyiairccsstbfgarbybvqeftcyhq/Build/Intermediates.noindex/Runner.build/Debug-iphonesimulator/Runner.build/instruments-package-builder.dependencies
               export INSTRUMENTS_PACKAGE_BUILDER_LINKED_PACKAGES=
               export INSTRUMENTS_PACKAGE_BUILDER_NO_SYSTEM_SEARCH=NO
               export INSTRUMENTS_PACKAGE_BUILDER_SEARCH_PATHS=/Users/gregoriomorelli/Documents/vibra/build/ios/Debug-iphonesimulator
               export INSTRUMENTS_PACKAGE_BUILDER_VERSION_OVERRIDE=
               export INTENTS_CODEGEN_LANGUAGE=Automatic
               export IPHONEOS_DEPLOYMENT_TARGET=13.0
               export IS_MACCATALYST=
               export InfoPlistPath=
               export JAVAC_DEFAULT_FLAGS="-J-Xms64m -J-XX:NewSize=4M -J-Dfile.encoding=UTF8"
               export JAVA_APP_STUB=/System/Library/Frameworks/JavaVM.framework/Resources/MacOS/JavaApplicationStub
               export JAVA_ARCHIVE_CLASSES=YES
               export JAVA_ARCHIVE_TYPE=JAR
               export JAVA_COMPILER=/usr/bin/javac
               export JAVA_FOLDER_PATH=Runner.app/Java
               export JAVA_FRAMEWORK_JARS=
               export JAVA_FRAMEWORK_RESOURCES_DIRS=Resources
               export JAVA_JAR_FLAGS=cv
               export JAVA_SOURCE_SUBDIR=.
               export JAVA_USE_DEPENDENCIES=YES
               export JAVA_ZIP_FLAGS=-urg
               export JIKES_DEFAULT_FLAGS="+E +OLDCSO"
               export KEEP_PRIVATE_EXTERNS=NO
               export KEXT_CFLAGS=
               export KEXT_CPLUSPLUSFLAGS=
               export LANG=C.UTF-8
               export LAUNCH_CONSTRAINT_PARENT=
               export LAUNCH_CONSTRAINT_RESPONSIBLE=
               export LAUNCH_CONSTRAINT_SELF=
               export LD_ADDRESS_SANITIZER=-fsanitize=address
               export LD_ADDRESS_SANITIZER_clang=-fsanitize=address
               export LD_ADDRESS_SANITIZER_swiftc=-sanitize=address
               export LD_ADD_MERGEABLE_DEBUG_HOOK=
               export LD_CLIENT_NAME=
               export LD_COHORT_ARCHS=
               export LD_DEBUG_VARIANT=YES
               export LD_DEPENDENCY_INFO_FILE=/undefined_arch/Runner_dependency_info.dat
               export LD_DETERMINISTIC_MODE=YES
               export LD_DONT_RUN_DEDUPLICATION=YES
               export LD_DYLIB_ALLOWABLE_CLIENTS=
               export LD_DYLIB_INSTALL_NAME=
               export LD_ENTITLEMENTS_SECTION=
               export LD_ENTITLEMENTS_SECTION_DER=
               export LD_ENTRY_POINT=
               export LD_ENVIRONMENT=
               export LD_EXPORT_GLOBAL_SYMBOLS=YES
               export LD_EXPORT_SYMBOLS=YES
               export LD_FINAL_OUTPUT_FILE=/Applications/Runner.app/Runner
               export LD_FLAGS=
               export LD_GENERATE_MAP_FILE=NO
               export LD_LTO_OBJECT_FILE=/undefined_arch/Runner_lto.o
               export LD_MAKE_MERGEABLE=NO
               export LD_MAP_FILE_PATH=/Users/gregoriomorelli/Library/Developer/Xcode/DerivedData/Runner-cyiairccsstbfgarbybvqeftcyhq/Build/Intermediates.noindex/Runner.build/Debug-iphonesimulator/Runner.build/Runner-LinkMap-normal-undefined_arch.txt
               export LD_NO_PIE=NO
               export LD_OBJC_ABI_VERSION=2
               export LD_OBJC_RUNTIME_ARGS=-fobjc-link-runtime
               export LD_OBJC_RUNTIME_ARGS_clang=-fobjc-link-runtime
               export LD_OBJC_RUNTIME_ARGS_swiftc=-link-objc-runtime
               export LD_OPTIMIZATION_LEVEL=0
               export LD_QUOTE_LINKER_ARGUMENTS_FOR_COMPILER_DRIVER=YES
               export LD_RUNPATH_SEARCH_PATHS=" /usr/lib/swift '@executable_path/Frameworks' '@loader_path/Frameworks' @executable_path/Frameworks"
               export LD_RUNPATH_SEARCH_PATHS_YES="@loader_path/../Frameworks"
               export LD_SDK_IMPORTS_FILE=/undefined_arch/Runner_normal_undefined_arch_sdk_imports.json
               export LD_SHARED_CACHE_ELIGIBLE=Automatic
               export LD_SKIP_MERGEABLE_LIBRARY_BUNDLE_HOOK=NO
               export LD_SUPPRESS_WARNINGS=NO
               export LD_TARGET_TRIPLE_ARCHS=undefined_arch
               export LD_THREAD_SANITIZER=
               export LD_WARN_DUPLICATE_LIBRARIES=NO
               export LD_WARN_UNUSED_DYLIBS=NO
               export LEGACY_DEVELOPER_DIR=/Applications/Xcode.app/Contents/Developer/PlugIns/Xcode3Core.ideplugin/Contents/SharedSupport/Developer
               export LEX=lex
               export LEXFLAGS=
               export LEX_CASE_INSENSITIVE_SCANNER=NO
               export LEX_INSERT_LINE_DIRECTIVES=YES
               export LEX_SUPPRESS_DEFAULT_RULE=NO
               export LEX_SUPPRESS_WARNINGS=NO
               export LIBRARY_DEXT_INSTALL_PATH=/Library/DriverExtensions
               export LIBRARY_FLAG_NOSPACE=YES
               export LIBRARY_FLAG_PREFIX=-l
               export LIBRARY_KEXT_INSTALL_PATH=/Library/Extensions
               export LIBRARY_LOAD_CONSTRAINT=
               export LIBRARY_SEARCH_PATHS=" \"/Applications/Xcode.app/Contents/Developer/Toolchains/XcodeDefault.xctoolchain/usr/lib/swift/iphonesimulator\" /usr/lib/swift /Applications/Xcode.app/Contents/Developer/Toolchains/XcodeDefault.xctoolchain/usr/lib/swift/iphonesimulator/ iphonesimulator26.5/usr/lib/swift"
               export LIBTOOL=libtool
               export LIBTOOL_ARCH=undefined_arch
               export LIBTOOL_COHORT_ARCHS=
               export LIBTOOL_DEPENDENCY_INFO_FILE=/undefined_arch/Runner_libtool_dependency_info.dat
               export LIBTOOL_DEPLOYMENT_TARGET=13.0
               export LIBTOOL_DETERMINISTIC_MODE=YES
               export LIBTOOL_FILE_LIST_FORMAT=unescapedNewlineSeparated
               export LIBTOOL_USE_RESPONSE_FILE=YES
               export LINKER_DISPLAYS_MANGLED_NAMES=NO
               export LINKER_DRIVER=clang
               export LINKER_FILE_LIST_FORMAT=unescapedNewlineSeparated
               export LINKER_FILE_LIST_FORMAT_clang=unescapedNewlineSeparated
               export LINKER_FILE_LIST_FORMAT_swiftc=unixShellQuotedSpaceSeparated
               export LINKER_LIBRARY_FLAGS=
               export LINKER_RESPONSE_FILE_FORMAT=unixShellQuotedSpaceSeparated
               export LINK_WITH_STANDARD_LIBRARIES=YES
               export LLVM_IMPLICIT_AGGRESSIVE_OPTIMIZATIONS=NO
               export LLVM_LTO=NO
               export LLVM_OPTIMIZATION_LEVEL_VAL_0=NO
               export LLVM_OPTIMIZATION_LEVEL_VAL_1=NO
               export LLVM_OPTIMIZATION_LEVEL_VAL_2=NO
               export LLVM_OPTIMIZATION_LEVEL_VAL_3=NO
               export LLVM_OPTIMIZATION_LEVEL_VAL_fast=YES
               export LLVM_OPTIMIZATION_LEVEL_VAL_s=NO
               export LLVM_OPTIMIZATION_LEVEL_VAL_z=NO
               export LLVM_TARGET_TRIPLE_OS_VERSION=ios13.0
               export LLVM_TARGET_TRIPLE_SUFFIX=-simulator
               export LLVM_TARGET_TRIPLE_VENDOR=apple
               export LM_AUX_CONST_METADATA_LIST_PATH=
               export LM_AUX_INTENTS_METADATA_FILES_LIST_PATH=/Users/gregoriomorelli/Library/Developer/Xcode/DerivedData/Runner-cyiairccsstbfgarbybvqeftcyhq/Build/Intermediates.noindex/Runner.build/Debug-iphonesimulator/Runner.build/Runner.DependencyMetadataFileList
               export LM_AUX_INTENTS_STATIC_METADATA_FILES_LIST_PATH=/Users/gregoriomorelli/Library/Developer/Xcode/DerivedData/Runner-cyiairccsstbfgarbybvqeftcyhq/Build/Intermediates.noindex/Runner.build/Debug-iphonesimulator/Runner.build/Runner.DependencyStaticMetadataFileList
               export LM_BINARY_PATH=
               export LM_BUNDLE_IDENTIFIER=com.vibra.app
               export LM_COMPILE_TIME_EXTRACTION=YES
               export LM_DEPENDENCY_FILES=
               export LM_ENABLE_APP_NAME_OVERRIDE=NO
               export LM_ENABLE_ASSISTANT_INTENT_APP_NAME_OVERRIDE=NO
               export LM_ENABLE_LINK_GENERATION=YES
               export LM_ENABLE_STRING_VALIDATION=YES
               export LM_FILTER_WARNINGS=NO
               export LM_FORCE_LINK_GENERATION=NO
               export LM_FORCE_METADATA_OUTPUT=NO
               export LM_NO_APP_SHORTCUT_LOCALIZATION=YES
               export LM_OUTPUT_DIR=
               export LM_STRINGSDATA_FILES=
               export LOCALIZABLE_CONTENT_DIR=
               export LOCALIZATION_EXPORT_SUPPORTED=YES
               export LOCALIZATION_PREFERS_STRING_CATALOGS=NO
               export LOCALIZED_RESOURCES_FOLDER_PATH=Runner.app/en.lproj
               export LOCALIZED_STRING_CODE_COMMENTS=NO
               export LOCALIZED_STRING_MACRO_NAMES="NSLocalizedString CFCopyLocalizedString"
               export LOCALIZED_STRING_SWIFTUI_SUPPORT=YES
               export LOCAL_ADMIN_APPS_DIR=/Applications/Utilities
               export LOCAL_APPS_DIR=/Applications
               export LOCAL_DEVELOPER_DIR=/Library/Developer
               export LOCAL_DEVELOPER_EXECUTABLES_DIR=
               export LOCAL_LIBRARY_DIR=/Library
               export LOCROOT=
               export LOCSYMROOT=
               export LOGNAME=gregoriomorelli
               export MACH_O_TYPE=mh_execute
               export MACOSX_DEPLOYMENT_TARGET=11.5
               export MACOS_CREATOR=
               export MACOS_CREATOR_ARG=
               export MACOS_TYPE=
               export MACOS_TYPE_ARG=
               export MAC_OS_X_PRODUCT_BUILD_VERSION=25F84
               export MAC_OS_X_VERSION_ACTUAL=260502
               export MAC_OS_X_VERSION_MAJOR=260000
               export MAC_OS_X_VERSION_MAX_ALLOWED=
               export MAC_OS_X_VERSION_MINOR=260500
               export MAC_OS_X_VERSION_MIN_REQUIRED=
               export MAKE_MERGEABLE=NO
               export MANPATH="/Applications/Xcode.app/Contents/Developer/Platforms/MacOSX.platform/Developer/SDKs/MacOSX.sdk/usr/share/man:/Applications/Xcode.app/Contents/Developer/Platforms/MacOSX.platform/usr/share/man:/Applications/Xcode.app/Contents/Developer/usr/share/man:/Applications/Xcode.app/Contents/Developer/Toolchains/XcodeDefault.xctoolchain/usr/share/man:"
               export MAPC_MODULE=Runner
               export MAPC_NO_WARNINGS=NO
               export MARKETING_VERSION=
               export MERGEABLE_LIBRARY=NO
               export MERGED_BINARY_TYPE=none
               export MERGE_LINKED_LIBRARIES=NO
               export METAL_INDEX_STORE_ONLY_PROJECT_FILES=NO
               export METAL_LIBRARY_FILE_BASE=default
               export METAL_LIBRARY_OUTPUT_DIR=/Users/gregoriomorelli/Documents/vibra/build/ios/Debug-iphonesimulator/Runner.app
               export MIG_DEPLOYMENT_TARGET=13.0
               export MIG_EXEC=mig
               export MODULEMAP_FILE=
               export MODULEMAP_PRIVATE_FILE=
               export MODULES_FOLDER_PATH=Runner.app/Modules
               export MODULES_VERIFIER_EXEC=modules-verifier
               export MODULE_CACHE_DIR=/Users/gregoriomorelli/Library/Developer/Xcode/DerivedData/ModuleCache.noindex
               export MODULE_DEPENDENCIES=
               export MODULE_NAME=
               export MODULE_START=
               export MODULE_STOP=
               export MODULE_VERIFIER_LSV=NO
               export MODULE_VERIFIER_SUPPORTED_LANGUAGES=objective-c
               export MODULE_VERIFIER_TARGET_TRIPLE_ARCHS="arm64 x86_64"
               export MODULE_VERIFIER_VERBOSE=NO
               export MODULE_VERSION=
               export MOMC_MODULE=Runner
               export MOMC_NO_DELETE_RULE_WARNINGS=NO
               export MOMC_NO_INVERSE_RELATIONSHIP_WARNINGS=NO
               export MOMC_NO_MAX_PROPERTY_COUNT_WARNINGS=NO
               export MOMC_NO_WARNINGS=NO
               export MOMC_OUTPUT_SUFFIX=
               export MOMC_OUTPUT_SUFFIX__xcdatamodel=.mom
               export MOMC_OUTPUT_SUFFIX__xcdatamodeld=.momd
               export MOMC_SUPPRESS_INVERSE_TRANSIENT_ERROR=NO
               export MTLCOMPILER_DEPENDENCY_INFO_FILE=/Users/gregoriomorelli/Library/Developer/Xcode/DerivedData/Runner-cyiairccsstbfgarbybvqeftcyhq/Build/Intermediates.noindex/Runner.build/Debug-iphonesimulator/Runner.build/Metal/.dat
               export MTLCOMPILER_OUTPUT_FILE=/Users/gregoriomorelli/Library/Developer/Xcode/DerivedData/Runner-cyiairccsstbfgarbybvqeftcyhq/Build/Intermediates.noindex/Runner.build/Debug-iphonesimulator/Runner.build/Metal/.air
               export MTLLINKER_ALTERNATE_LINKER=
               export MTLLINKER_INCLUDE_SOURCE=
               export MTLLINKER_OUTPUT_FILE=
               export MTLLINKER_TARGET_TRIPLE=
               export MTL_COMPILER_FLAGS=
               export MTL_ENABLE_DEBUG_INFO=YES
               export MTL_ENABLE_INDEX_STORE=YES
               export MTL_ENABLE_MODULES=STDLIB
               export MTL_FAST_MATH=YES
               export MTL_FRAMEWORK_SEARCH_PATH_BUILT_PRODUCTS_DIR=
               export MTL_HEADER_SEARCH_PATHS=
               export MTL_HEADER_SEARCH_PATH_BUILT_PRODUCTS_DIR=
               export MTL_IGNORE_WARNINGS=NO
               export MTL_INDEX_STORE_PATH=/Users/gregoriomorelli/Library/Developer/Xcode/DerivedData/Runner-cyiairccsstbfgarbybvqeftcyhq/Index.noindex/DataStore
               export MTL_LANGUAGE_REVISION=UseDeploymentTarget
               export MTL_LANGUAGE_REVISION_dialect=ios
               export MTL_LANGUAGE_REVISION_dialect_macosx=macos
               export MTL_LANGUAGE_REVISION_optgen=UseDeploymentTarget
               export MTL_MATH_FP32_FUNCTIONS=FAST
               export MTL_MATH_FP32_FUNCTIONS_derived_NO=PRECISE
               export MTL_MATH_MODE=FAST
               export MTL_MATH_MODE_derived_NO=SAFE
               export MTL_OPTIMIZATION_LEVEL=default
               export MTL_TARGET_TRIPLE=air64-apple-ios13.0-simulator
               export MTL_TREAT_WARNINGS_AS_ERRORS=NO
               export NATIVE_ARCH=arm64e
               export NATIVE_ARCH_32_BIT=i386
               export NATIVE_ARCH_64_BIT=arm64e
               export NATIVE_ARCH_ACTUAL=arm64e
               export NO_COMMON=YES
               export OBJC_ABI_VERSION=2
               export OBJECT_FILE_ASSEMBLER_LINKER_RESPONSE_FILE_FORMAT=unixShellQuotedSpaceSeparated
               export OBJECT_FILE_DIR=/Users/gregoriomorelli/Library/Developer/Xcode/DerivedData/Runner-cyiairccsstbfgarbybvqeftcyhq/Build/Intermediates.noindex/Runner.build/Debug-iphonesimulator/Runner.build/Objects
               export OBJROOT=/Users/gregoriomorelli/Library/Developer/Xcode/DerivedData/Runner-cyiairccsstbfgarbybvqeftcyhq/Build/Intermediates.noindex
               export ONLY_ACTIVE_ARCH=NO
               export OPENCLC=/System/Library/Frameworks/OpenCL.framework/Libraries/openclc
               export OPENCL_ARCHS="i386 x86_64 gpu_32 gpu_64"
               export OPENCL_AUTO_VECTORIZE_ENABLE=YES
               export OPENCL_COMPILER_VERSION=CL1.1
               export OPENCL_DENORMS_ARE_ZERO=NO
               export OPENCL_DOUBLE_AS_SINGLE=NO
               export OPENCL_FAST_RELAXED_MATH=NO
               export OPENCL_MAD_ENABLE=NO
               export OPENCL_OPTIMIZATION_LEVEL=s
               export OPTIMIZATION_CFLAGS=
               export ORDER_FILE=
               export OS=MACOS
               export OSAC=/usr/bin/osacompile
               export OSACOMPILE_EXECUTE_ONLY=NO
               export OSLogRateLimit=64
               export OTHER_CLANG_MODULES_VERIFIER_FLAGS=
               export OTHER_CODE_SIGN_FLAGS=
               export OTHER_CPLUSPLUSFLAGS=
               export OTHER_IIG_CFLAGS=
               export OTHER_IIG_FLAGS=
               export OTHER_LDFLAGS=" -ObjC -l\"sqlite3\" -l\"z\" -framework \"AppAuth\" -framework \"CoreTelephony\" -framework \"FBLPromises\" -framework \"FirebaseCore\" -framework \"FirebaseCoreInternal\" -framework \"FirebaseInstallations\" -framework \"FirebaseMessaging\" -framework \"Foundation\" -framework \"GoogleDataTransport\" -framework \"GoogleUtilities\" -framework \"SafariServices\" -framework \"Security\" -framework \"SystemConfiguration\" -framework \"UIKit\" -framework \"app_links\" -framework \"connectivity_plus\" -framework \"firebase_core\" -framework \"firebase_messaging\" -framework \"flutter_appauth\" -framework \"flutter_secure_storage_darwin\" -framework \"flutter_web_auth_2\" -framework \"geocoding_ios\" -framework \"geolocator_apple\" -framework \"image_picker_ios\" -framework \"integration_test\" -framework \"nanopb\" -framework \"shared_preferences_foundation\" -framework \"sqflite_darwin\" -framework \"url_launcher_ios\" -weak_framework \"AuthenticationServices\" -weak_framework \"UserNotifications\""
               export OTHER_LDRFLAGS=" -ObjC -l\"sqlite3\" -l\"z\" -framework \"AppAuth\" -framework \"CoreTelephony\" -framework \"FBLPromises\" -framework \"FirebaseCore\" -framework \"FirebaseCoreInternal\" -framework \"FirebaseInstallations\" -framework \"FirebaseMessaging\" -framework \"Foundation\" -framework \"GoogleDataTransport\" -framework \"GoogleUtilities\" -framework \"SafariServices\" -framework \"Security\" -framework \"SystemConfiguration\" -framework \"UIKit\" -framework \"app_links\" -framework \"connectivity_plus\" -framework \"firebase_core\" -framework \"firebase_messaging\" -framework \"flutter_appauth\" -framework \"flutter_secure_storage_darwin\" -framework \"flutter_web_auth_2\" -framework \"geocoding_ios\" -framework \"geolocator_apple\" -framework \"image_picker_ios\" -framework \"integration_test\" -framework \"nanopb\" -framework \"shared_preferences_foundation\" -framework \"sqflite_darwin\" -framework \"url_launcher_ios\" -weak_framework \"AuthenticationServices\" -weak_framework \"UserNotifications\""
               export OTHER_LIBTOOLFLAGS=
               export OTHER_MIGFLAGS=
               export OTHER_MODULE_VERIFIER_FLAGS=" \"-F/Users/gregoriomorelli/Documents/vibra/build/ios/Debug-iphonesimulator/AppAuth\" \"-F/Users/gregoriomorelli/Documents/vibra/build/ios/Debug-iphonesimulator/Firebase\" \"-F/Users/gregoriomorelli/Documents/vibra/build/ios/Debug-iphonesimulator/FirebaseCore\" \"-F/Users/gregoriomorelli/Documents/vibra/build/ios/Debug-iphonesimulator/FirebaseCoreInternal\" \"-F/Users/gregoriomorelli/Documents/vibra/build/ios/Debug-iphonesimulator/FirebaseInstallations\" \"-F/Users/gregoriomorelli/Documents/vibra/build/ios/Debug-iphonesimulator/FirebaseMessaging\" \"-F/Users/gregoriomorelli/Documents/vibra/build/ios/Debug-iphonesimulator/Flutter\" \"-F/Users/gregoriomorelli/Documents/vibra/build/ios/Debug-iphonesimulator/GoogleDataTransport\" \"-F/Users/gregoriomorelli/Documents/vibra/build/ios/Debug-iphonesimulator/GoogleUtilities\" \"-F/Users/gregoriomorelli/Documents/vibra/build/ios/Debug-iphonesimulator/PromisesObjC\" \"-F/Users/gregoriomorelli/Documents/vibra/build/ios/Debug-iphonesimulator/app_links\" \"-F/Users/gregoriomorelli/Documents/vibra/build/ios/Debug-iphonesimulator/connectivity_plus\" \"-F/Users/gregoriomorelli/Documents/vibra/build/ios/Debug-iphonesimulator/firebase_core\" \"-F/Users/gregoriomorelli/Documents/vibra/build/ios/Debug-iphonesimulator/firebase_messaging\" \"-F/Users/gregoriomorelli/Documents/vibra/build/ios/Debug-iphonesimulator/flutter_appauth\" \"-F/Users/gregoriomorelli/Documents/vibra/build/ios/Debug-iphonesimulator/flutter_secure_storage_darwin\" \"-F/Users/gregoriomorelli/Documents/vibra/build/ios/Debug-iphonesimulator/flutter_web_auth_2\" \"-F/Users/gregoriomorelli/Documents/vibra/build/ios/Debug-iphonesimulator/geocoding_ios\" \"-F/Users/gregoriomorelli/Documents/vibra/build/ios/Debug-iphonesimulator/geolocator_apple\" \"-F/Users/gregoriomorelli/Documents/vibra/build/ios/Debug-iphonesimulator/image_picker_ios\" \"-F/Users/gregoriomorelli/Documents/vibra/build/ios/Debug-iphonesimulator/integration_test\" \"-F/Users/gregoriomorelli/Documents/vibra/build/ios/Debug-iphonesimulator/nanopb\" \"-F/Users/gregoriomorelli/Documents/vibra/build/ios/Debug-iphonesimulator/shared_preferences_foundation\" \"-F/Users/gregoriomorelli/Documents/vibra/build/ios/Debug-iphonesimulator/sqflite_darwin\" \"-F/Users/gregoriomorelli/Documents/vibra/build/ios/Debug-iphonesimulator/url_launcher_ios\""
               export OTHER_OSACOMPILEFLAGS=
               export OTHER_OSAFLAGS=
               export OTHER_PRECOMP_CFLAGS=
               export OTHER_RESMERGERFLAGS=
               export OTHER_REZFLAGS=
               export OTHER_SWIFT_FLAGS=" -D COCOAPODS"
               export OTHER_SWIFT_STDLIB_TOOL_FLAGS=
               export OTHER_TAPI_FLAGS=
               export OutputFormat=
               export PACKAGE_CONFIG=/Users/gregoriomorelli/Documents/vibra/.dart_tool/package_config.json
               export PACKAGE_TYPE=com.apple.package-type.wrapper.application
               export PASCAL_STRINGS=YES
               export PATH="/Applications/Xcode.app/Contents/Developer/usr/bin:/Users/gregoriomorelli/.gemini/antigravity/bin:/Users/gregoriomorelli/Library/Application Support/Antigravity/bin:/opt/homebrew/bin:/opt/homebrew/sbin:/Library/Developer/CommandLineTools/usr/bin:/Users/gregoriomorelli/development/flutter/bin:/Users/gregoriomorelli/Library/Android/sdk/platform-tools:/Users/gregoriomorelli/Library/Android/sdk/cmdline-tools/latest/bin:/Users/gregoriomorelli/Library/Android/sdk/emulator:/Users/gregoriomorelli/.antigravity-ide/antigravity-ide/bin:/Users/gregoriomorelli/.antigravity/antigravity/bin:/Applications/XAMPP/xamppfiles/bin:/Users/gregoriomorelli/develop/flutter/bin:/usr/local/bin:/System/Cryptexes/App/usr/bin:/usr/bin:/bin:/usr/sbin:/sbin:/var/run/com.apple.security.cryptexd/codex.system/bootstrap/usr/local/bin:/var/run/com.apple.security.cryptexd/codex.system/bootstrap/usr/bin:/var/run/com.apple.security.cryptexd/codex.system/bootstrap/usr/appleinternal/bin:/pkg/env/global/bin:/Users/gregoriomorelli/.spicetify"
               export PATH_PREFIXES_EXCLUDED_FROM_HEADER_DEPENDENCIES="/usr/include /usr/local/include /System/Library/Frameworks /System/Library/PrivateFrameworks /Applications/Xcode.app/Contents/Developer/Headers /Applications/Xcode.app/Contents/Developer/SDKs /Applications/Xcode.app/Contents/Developer/Platforms"
               export PBDEVELOPMENTPLIST_PATH=Runner.app/pbdevelopment.plist
               export PBXCP_BITCODE_STRIP_MODE=
               export PBXCP_BITCODE_STRIP_TOOL=
               export PBXCP_EXCLUDE_SUBPATHS=
               export PBXCP_IGNORE_MISSING_INPUTS=NO
               export PBXCP_INCLUDE_ONLY_SUBPATHS=
               export PBXCP_STRIP_BITCODE=NO
               export PBXCP_STRIP_SUBPATHS=
               export PBXCP_STRIP_TOOL=
               export PBXCP_STRIP_UNSIGNED_BINARIES=NO
               export PER_ARCH_MODULE_FILE_DIR=/Modules
               export PFE_FILE_C_DIALECTS=
               export PKGINFO_PATH=Runner.app/PkgInfo
               export PLATFORM_DEVELOPER_APPLICATIONS_DIR=/Applications/Xcode.app/Contents/Developer/Platforms/iPhoneSimulator.platform/Developer/Applications
               export PLATFORM_DEVELOPER_BIN_DIR=/Applications/Xcode.app/Contents/Developer/Platforms/iPhoneSimulator.platform/Developer/usr/bin
               export PLATFORM_DEVELOPER_LIBRARY_DIR=/Applications/Xcode.app/Contents/Developer/Platforms/iPhoneSimulator.platform/Developer/Library
               export PLATFORM_DEVELOPER_SDK_DIR=/Applications/Xcode.app/Contents/Developer/Platforms/iPhoneSimulator.platform/Developer/SDKs
               export PLATFORM_DEVELOPER_TOOLS_DIR=/Applications/Xcode.app/Contents/Developer/Platforms/iPhoneSimulator.platform/Developer/Tools
               export PLATFORM_DEVELOPER_USR_DIR=/Applications/Xcode.app/Contents/Developer/Platforms/iPhoneSimulator.platform/Developer/usr
               export PLATFORM_DIR=/Applications/Xcode.app/Contents/Developer/Platforms/iPhoneSimulator.platform
               export PLATFORM_DISPLAY_NAME="iOS Simulator"
               export PLATFORM_NAME=iphonesimulator
               export PLATFORM_PREFERRED_ARCH=undefined_arch
               export PLATFORM_PRODUCT_BUILD_VERSION=23F73
               export PLIST_FILE_OUTPUT_FORMAT=binary
               export PLUGINS_FOLDER_PATH=Runner.app/PlugIns
               export PODS_BUILD_DIR=/Users/gregoriomorelli/Documents/vibra/build/ios
               export PODS_CONFIGURATION_BUILD_DIR=/Users/gregoriomorelli/Documents/vibra/build/ios/Debug-iphonesimulator
               export PODS_PODFILE_DIR_PATH=/Users/gregoriomorelli/Documents/vibra/ios/.
               export PODS_ROOT=/Users/gregoriomorelli/Documents/vibra/ios/Pods
               export PODS_XCFRAMEWORKS_BUILD_DIR=/Users/gregoriomorelli/Documents/vibra/build/ios/Debug-iphonesimulator/XCFrameworkIntermediates
               export PRECOMPILE_PREFIX_HEADER=
               export PRECOMPS_INCLUDE_HEADERS_FROM_BUILT_PRODUCTS_DIR=YES
               export PRECOMP_DESTINATION_DIR=/Users/gregoriomorelli/Library/Developer/Xcode/DerivedData/Runner-cyiairccsstbfgarbybvqeftcyhq/Build/Intermediates.noindex/Runner.build/Debug-iphonesimulator/Runner.build/PrefixHeaders
               export PREFIX_CFLAG_BASE=
               export PREFIX_FLAGS=
               export PREFIX_HEADER=
               export PREFIX_REFERENCE=
               export PRELINK_FLAGS=
               export PRELINK_LIBS=
               export PRIVATE_HEADERS_FOLDER_PATH=Runner.app/PrivateHeaders
               export PROCESSED_INFOPLIST_PATH=/Users/gregoriomorelli/Library/Developer/Xcode/DerivedData/Runner-cyiairccsstbfgarbybvqeftcyhq/Build/Intermediates.noindex/Runner.build/Debug-iphonesimulator/Runner.build/Objects-normal/undefined_arch/Processed-Info.plist
               export PRODUCT_BUNDLE_IDENTIFIER=com.vibra.app
               export PRODUCT_BUNDLE_PACKAGE_TYPE=APPL
               export PRODUCT_DEFINITION_PLIST=
               export PRODUCT_MODULE_NAME=Runner
               export PRODUCT_NAME=Runner
               export PRODUCT_TYPE=com.apple.product-type.application
               export PRODUCT_TYPE_SWIFT_STDLIB_TOOL_FLAGS=
               export PROFILING_CODE=NO
               export PROJECT=Runner
               export PROJECT_DERIVED_FILE_DIR=/Users/gregoriomorelli/Library/Developer/Xcode/DerivedData/Runner-cyiairccsstbfgarbybvqeftcyhq/Build/Intermediates.noindex/Runner.build/DerivedSources
               export PROJECT_DIR=/Users/gregoriomorelli/Documents/vibra/ios
               export PROJECT_FILE_PATH=/Users/gregoriomorelli/Documents/vibra/ios/Runner.xcodeproj
               export PROJECT_NAME=Runner
               export PROJECT_TEMP_DIR=/Users/gregoriomorelli/Library/Developer/Xcode/DerivedData/Runner-cyiairccsstbfgarbybvqeftcyhq/Build/Intermediates.noindex/Runner.build
               export PROJECT_TEMP_ROOT=/Users/gregoriomorelli/Library/Developer/Xcode/DerivedData/Runner-cyiairccsstbfgarbybvqeftcyhq/Build/Intermediates.noindex
               export PROVISIONING_PROFILE=
               export PROVISIONING_PROFILE_DESTINATION_PATH=/Users/gregoriomorelli/Documents/vibra/build/ios/Debug-iphonesimulator/Runner.app
               export PROVISIONING_PROFILE_REQUIRED=NO
               export PROVISIONING_PROFILE_REQUIRED_YES_YES=YES
               export PROVISIONING_PROFILE_SPECIFIER=
               export PROVISIONING_PROFILE_SUPPORTED=YES
               export PUBLIC_HEADERS_FOLDER_PATH=Runner.app/Headers
               export PWD=/Users/gregoriomorelli/Documents/vibra
               export REALITYASSET_DEPLOYMENT_TARGET=13.0
               export RECURSIVE_SEARCH_PATHS_FOLLOW_SYMLINKS=YES
               export REFERENCEOBJECT_STRIP_USDZ=NO
               export REGISTER_APP_GROUPS=
               export REMOVE_CVS_FROM_RESOURCES=YES
               export REMOVE_GIT_FROM_RESOURCES=YES
               export REMOVE_HEADERS_FROM_EMBEDDED_BUNDLES=YES
               export REMOVE_HEADER_DIRECTORIES=NO
               export REMOVE_HG_FROM_RESOURCES=YES
               export REMOVE_STATIC_EXECUTABLES_FROM_EMBEDDED_BUNDLES=YES
               export REMOVE_SVN_FROM_RESOURCES=YES
               export RESCHEDULE_INDEPENDENT_HEADERS_PHASES=YES
               export RESMERGER_SOURCES_FORK=auto
               export RESOURCES_PLATFORM_NAME=
               export RESOURCES_UI_FRAMEWORK_FAMILY=
               export RESOURCE_RULES_PLIST_PATH=
               export RETAIN_RAW_BINARIES=
               export REZ_COLLECTOR_DIR=/Users/gregoriomorelli/Library/Developer/Xcode/DerivedData/Runner-cyiairccsstbfgarbybvqeftcyhq/Build/Intermediates.noindex/Runner.build/Debug-iphonesimulator/Runner.build/ResourceManagerResources
               export REZ_EXECUTABLE=
               export REZ_OBJECTS_DIR=/Users/gregoriomorelli/Library/Developer/Xcode/DerivedData/Runner-cyiairccsstbfgarbybvqeftcyhq/Build/Intermediates.noindex/Runner.build/Debug-iphonesimulator/Runner.build/ResourceManagerResources/Objects
               export REZ_PREFIX_FILE=
               export REZ_PREPROCESSOR_DEFINITIONS=
               export REZ_PREPROCESSOR_UNDEFINITIONS=
               export REZ_RESOLVE_ALIASES=Always
               export REZ_RESOURCE_MAP_READ_ONLY=NO
               export REZ_SCRIPT_TYPE=Roman
               export REZ_SEARCH_PATHS=
               export REZ_SHOW_DEBUG_OUTPUT=NO
               export REZ_SUPPRESS_REDECLARED_RESOURCE_TYPE_WARNINGS=NO
               export RUNTIME_EXCEPTION_ALLOW_DYLD_ENVIRONMENT_VARIABLES=NO
               export RUNTIME_EXCEPTION_ALLOW_JIT=NO
               export RUNTIME_EXCEPTION_ALLOW_UNSIGNED_EXECUTABLE_MEMORY=NO
               export RUNTIME_EXCEPTION_DEBUGGING_TOOL=NO
               export RUNTIME_EXCEPTION_DISABLE_EXECUTABLE_PAGE_PROTECTION=NO
               export RUNTIME_EXCEPTION_DISABLE_LIBRARY_VALIDATION=NO
               export RUN_CLANG_STATIC_ANALYZER=NO
               export RUN_DESTINATION_DEVICE_NAME="Any iOS Simulator Device"
               export RUN_DESTINATION_DEVICE_PLATFORM_IDENTIFIER=com.apple.platform.iphonesimulator
               export RUN_DESTINATION_DEVICE_PLATFORM_NAME=iphonesimulator
               export RUN_DESTINATION_DEVICE_UDID="dvtdevice-DVTiOSDeviceSimulatorPlaceholder-iphonesimulator:placeholder"
               export RUN_DOCUMENTATION_COMPILER=NO
               export RemoveFile=
               export SCAN_ALL_SOURCE_FILES_FOR_INCLUDES=NO
               export SCENEKIT_DEPLOYMENT_TARGET=13.0
               export SCHEME_ACTION_NAME="Run Prepare Flutter Framework Script"
               export SCHEME_NAME=Runner
               export SCRIPTS_FOLDER_PATH=Runner.app/Scripts
               export SDKDB_TO_SYMGRAPH_EXEC=/Applications/Xcode.app/Contents/Developer/../SharedFrameworks/CoreDocumentation.framework/Resources/sdkdb_to_symgraph
               export SDKROOT=iphonesimulator26.5
               export SDK_DIR=/Applications/Xcode.app/Contents/Developer/Platforms/iPhoneSimulator.platform/Developer/SDKs/iPhoneSimulator26.5.sdk
               export SDK_DIR_iphonesimulator26_5=/Applications/Xcode.app/Contents/Developer/Platforms/iPhoneSimulator.platform/Developer/SDKs/iPhoneSimulator26.5.sdk
               export SDK_NAME=iphonesimulator26.5
               export SDK_NAMES=iphonesimulator26.5
               export SDK_PRODUCT_BUILD_VERSION=23F73
               export SDK_STAT_CACHE_ENABLE=YES
               export SDK_STAT_CACHE_VERBOSE_LOGGING=NO
               export SDK_VERSION=26.5
               export SDK_VERSION_ACTUAL=260500
               export SDK_VERSION_MAJOR=260000
               export SDK_VERSION_MINOR=260500
               export SECTORDER_FLAGS=
               export SED=/usr/bin/sed
               export SEPARATE_STRIP=NO
               export SEPARATE_SYMBOL_EDIT=NO
               export SETTING_DefaultValue_NO_NO=NO
               export SETTING_DefaultValue_NO_YES=YES
               export SETTING_DefaultValue_YES_NO=YES
               export SETTING_DefaultValue_YES_YES=YES
               export SETTING_DefaultValue__=NO
               export SET_DIR_MODE_OWNER_GROUP=YES
               export SET_FILE_MODE_OWNER_GROUP=NO
               export SHALLOW_BUNDLE=YES
               export SHALLOW_BUNDLE_PLATFORM=
               export SHALLOW_BUNDLE_TRIPLE=ios-simulator
               export SHALLOW_BUNDLE_ios_macabi=NO
               export SHALLOW_BUNDLE_macos=NO
               export SHARED_DERIVED_FILE_DIR=/Users/gregoriomorelli/Documents/vibra/build/ios/Debug-iphonesimulator/DerivedSources
               export SHARED_FRAMEWORKS_FOLDER_PATH=Runner.app/SharedFrameworks
               export SHARED_PRECOMPS_DIR=/Users/gregoriomorelli/Library/Developer/Xcode/DerivedData/Runner-cyiairccsstbfgarbybvqeftcyhq/Build/Intermediates.noindex/PrecompiledHeaders
               export SHARED_SUPPORT_FOLDER_PATH=Runner.app/SharedSupport
               export SHELL=/bin/zsh
               export SHLVL=1
               export SKIP_INSTALL=NO
               export SKIP_MERGEABLE_LIBRARY_BUNDLE_HOOK=NO
               export SOURCE_ROOT=/Users/gregoriomorelli/Documents/vibra/ios
               export SRCROOT=/Users/gregoriomorelli/Documents/vibra/ios
               export SSH_AUTH_SOCK=/var/run/com.apple.launchd.sebQYPLgN9/Listeners
               export STORYBOARD_COMPILER_INFOPLIST_CONTENT_FILE=/Users/gregoriomorelli/Library/Developer/Xcode/DerivedData/Runner-cyiairccsstbfgarbybvqeftcyhq/Build/Intermediates.noindex/Runner.build/Debug-iphonesimulator/Runner.build/-SBPartialInfo.plist
               export STRINGSDATA_DIR=/undefined_arch
               export STRINGSDATA_ROOT=/Users/gregoriomorelli/Library/Developer/Xcode/DerivedData/Runner-cyiairccsstbfgarbybvqeftcyhq/Build/Intermediates.noindex/Runner.build/Debug-iphonesimulator/Runner.build
               export STRINGS_FILE_INFOPLIST_RENAME=YES
               export STRINGS_FILE_INPUT_ENCODING=
               export STRINGS_FILE_OUTPUT_ENCODING=binary
               export STRINGS_FILE_OUTPUT_FILENAME=
               export STRING_CATALOG_GENERATE_SYMBOLS=NO
               export STRIPFLAGS=
               export STRIP_BITCODE_FROM_COPIED_FILES=YES
               export STRIP_DETERMINISTIC_MODE=YES
               export STRIP_INSTALLED_PRODUCT=YES
               export STRIP_PNG_TEXT=YES
               export STRIP_STYLE=all
               export STRIP_SWIFT_SYMBOLS=YES
               export SUPPORTED_DEVICE_FAMILIES=1,2
               export SUPPORTED_PLATFORMS="iphonesimulator iphoneos"
               export SUPPORTS_MACCATALYST=NO
               export SUPPORTS_MAC_DESIGNED_FOR_IPHONE_IPAD=
               export SUPPORTS_ON_DEMAND_RESOURCES=YES
               export SUPPORTS_TEXT_BASED_API=NO
               export SUPPORTS_XR_DESIGNED_FOR_IPHONE_IPAD=
               export SUPPRESS_WARNINGS=NO
               export SWIFTC_ALTERNATE_LINKER=
               export SWIFTC_CLANG_COVERAGE_MAPPING_LINKER_ARGS=NO
               export SWIFTC_LD_DYLIB_INSTALL_NAME=
               export SWIFTC_LD_EXPORT_GLOBAL_SYMBOLS=YES
               export SWIFTC_LD_SUPPRESS_WARNINGS=NO
               export SWIFTC_LD_THREAD_SANITIZER=
               export SWIFTC_LINK_WITH_STANDARD_LIBRARIES=YES
               export SWIFTC_MACH_O_TYPE=mh_execute
               export SWIFTC_PASS_SDKROOT=YES
               export SWIFTC_RESOURCE_DIR=
               export SWIFTC_SDKROOT_LINKER_INPUT=iphonesimulator26.5
               export SWIFTC_SYSTEM_FRAMEWORK_SEARCH_PATHS=
               export SWIFTC__INPUT_FILE_LIST_PATH__=
               export SWIFT_ACTIVE_COMPILATION_CONDITIONS=
               export SWIFT_ADDITIONAL_LINKER_ARGS_OUTPUT_PATH=/Runner-linker-args.resp
               export SWIFT_ADDRESS_SANITIZER=
               export SWIFT_ADDRESS_SANITIZER_ALLOW_ERROR_RECOVERY=
               export SWIFT_ALLOW_INSTALL_OBJC_HEADER=YES
               export SWIFT_API_DIGESTER_MODE=abi
               export SWIFT_APPROACHABLE_CONCURRENCY=NO
               export SWIFT_AUTOLINK_EXTRACT_OUTPUT_PATH=/Runner-swiftbuild.autolink
               export SWIFT_BRIDGING_HEADER_IS_INTERNAL=NO
               export SWIFT_CLANG_CXX_LANGUAGE_STANDARD=objc-gnu++0x
               export SWIFT_CLANG_CXX_STANDARD_LIBRARY_HARDENING=debug
               export SWIFT_COHORT_ARCHS=
               export SWIFT_COMPILATION_MODE=singlefile
               export SWIFT_CROSS_MODULE_OPTIMIZATION=NO
               export SWIFT_DEBUG_INFORMATION_FORMAT=dwarf
               export SWIFT_DEBUG_INFORMATION_VERSION=compiler-default
               export SWIFT_DEFAULT_ACTOR_ISOLATION=nonisolated
               export SWIFT_DEPLOYMENT_TARGET=13.0
               export SWIFT_DISABLE_SAFETY_CHECKS=NO
               export SWIFT_EAGER_MODULE_EMISSION_IN_WMO=YES
               export SWIFT_EMIT_LOC_STRINGS=NO
               export SWIFT_EMIT_MODULE_INTERFACE=NO
               export SWIFT_ENABLE_APP_EXTENSION=NO
               export SWIFT_ENABLE_BARE_SLASH_REGEX=YES
               export SWIFT_ENABLE_BATCH_MODE=YES
               export SWIFT_ENABLE_COMPILE_CACHE=
               export SWIFT_ENABLE_EMIT_CONST_VALUES=YES
               export SWIFT_ENABLE_EXPLICIT_MODULES=
               export SWIFT_ENABLE_INCREMENTAL_COMPILATION=YES
               export SWIFT_ENABLE_LAYOUT_STRING_VALUE_WITNESSES=NO
               export SWIFT_ENABLE_LIBRARY_EVOLUTION=NO
               export SWIFT_ENABLE_OPAQUE_TYPE_ERASURE=NO
               export SWIFT_ENABLE_PREFIX_MAPPING=
               export SWIFT_ENABLE_TESTABILITY=NO
               export SWIFT_ENFORCE_EXCLUSIVE_ACCESS=default
               export SWIFT_EXEC=swiftc
               export SWIFT_EXPERIMENTAL_FEATURE_DEBUG_DESCRIPTION_MACRO=YES
               export SWIFT_GENERATE_ADDITIONAL_LINKER_ARGS=
               export SWIFT_INDEX_STORE_COMPRESS=NO
               export SWIFT_INDEX_STORE_ENABLE=YES
               export SWIFT_INDEX_STORE_ONLY_PROJECT_FILES=NO
               export SWIFT_INDEX_STORE_PATH=/Users/gregoriomorelli/Library/Developer/Xcode/DerivedData/Runner-cyiairccsstbfgarbybvqeftcyhq/Index.noindex/DataStore
               export SWIFT_INSTALL_MODULE=YES
               export SWIFT_INSTALL_MODULE_ABI_DESCRIPTOR=YES
               export SWIFT_INSTALL_OBJC_HEADER=YES
               export SWIFT_LIBFUZZER=
               export SWIFT_LIBRARIES_ONLY=NO
               export SWIFT_LIBRARY_PATH=
               export SWIFT_LINK_OBJC_RUNTIME=
               export SWIFT_LTO=NO
               export SWIFT_MODULES_AUTOLINK=YES
               export SWIFT_MODULE_ALIASES=
               export SWIFT_MODULE_NAME=Runner
               export SWIFT_OBJC_BRIDGING_HEADER=Runner/Runner-Bridging-Header.h
               export SWIFT_OBJC_INTERFACE_HEADER_NAME=Runner-Swift.h
               export SWIFT_OBJC_INTEROP_MODE=objc
               export SWIFT_OMIT_FRAME_POINTERS=compiler-default
               export SWIFT_OPTIMIZATION_LEVEL=-Onone
               export SWIFT_OTHER_PREFIX_MAPPINGS=
               export SWIFT_OVERLOAD_PREBUILT_MODULE_CACHE_PATH=
               export SWIFT_PACKAGE_NAME=
               export SWIFT_PLATFORM_TARGET_PREFIX=ios
               export SWIFT_PRECOMPILE_BRIDGING_HEADER=YES
               export SWIFT_REFLECTION_METADATA_LEVEL=all
               export SWIFT_RESOURCE_DIR=
               export SWIFT_RESPONSE_FILE_PATH=
               export SWIFT_SERIALIZE_DEBUGGING_OPTIONS=YES
               export SWIFT_SKIP_AUTOLINKING_ALL_FRAMEWORKS=NO
               export SWIFT_STDLIB=swiftCore
               export SWIFT_STDLIB_TOOL_ACTION=
               export SWIFT_STDLIB_TOOL_CODE_SIGN_IDENTITY=
               export SWIFT_STDLIB_TOOL_DESTINATION_DIR=/Users/gregoriomorelli/Documents/vibra/build/ios/Debug-iphonesimulator/Runner.app/Frameworks
               export SWIFT_STDLIB_TOOL_EXECUTABLE_TO_SCAN=
               export SWIFT_STDLIB_TOOL_FOLDERS_TO_SCAN=
               export SWIFT_STDLIB_TOOL_KEYCHAIN=
               export SWIFT_STDLIB_TOOL_OTHER_CODE_SIGN_FLAGS=
               export SWIFT_STDLIB_TOOL_SOURCE_LIBRARIES=
               export SWIFT_STDLIB_TOOL_STRIP_BITCODE=YES
               export SWIFT_STDLIB_TOOL_TOOLCHAINS=/Applications/Xcode.app/Contents/Developer/Toolchains/XcodeDefault.xctoolchain
               export SWIFT_STDLIB_TOOL_UNSIGNED_DESTINATION_DIR=
               export SWIFT_STDLIB_TOOL_VERBOSITY=verbose
               export SWIFT_STRICT_CONCURRENCY=minimal
               export SWIFT_STRICT_CONCURRENCY_DEFAULT=minimal
               export SWIFT_STRICT_CONCURRENCY_IN_SWIFT_VERSION_6_0=complete
               export SWIFT_STRICT_MEMORY_SAFETY=NO
               export SWIFT_SUPPRESS_WARNINGS=NO
               export SWIFT_SYSTEM_INCLUDE_PATHS=
               export SWIFT_TARGET_TRIPLE=undefined_arch-apple-ios13.0-simulator
               export SWIFT_THREAD_SANITIZER=
               export SWIFT_TREAT_WARNINGS_AS_ERRORS=NO
               export SWIFT_UPCOMING_FEATURE_6_0=NO
               export SWIFT_UPCOMING_FEATURE_CONCISE_MAGIC_FILE=NO
               export SWIFT_UPCOMING_FEATURE_DEPRECATE_APPLICATION_MAIN=NO
               export SWIFT_UPCOMING_FEATURE_DISABLE_OUTWARD_ACTOR_ISOLATION=NO
               export SWIFT_UPCOMING_FEATURE_DYNAMIC_ACTOR_ISOLATION=NO
               export SWIFT_UPCOMING_FEATURE_EXISTENTIAL_ANY=No
               export SWIFT_UPCOMING_FEATURE_FORWARD_TRAILING_CLOSURES=NO
               export SWIFT_UPCOMING_FEATURE_GLOBAL_ACTOR_ISOLATED_TYPES_USABILITY=NO
               export SWIFT_UPCOMING_FEATURE_GLOBAL_CONCURRENCY=NO
               export SWIFT_UPCOMING_FEATURE_IMPLICIT_OPEN_EXISTENTIALS=NO
               export SWIFT_UPCOMING_FEATURE_IMPORT_OBJC_FORWARD_DECLS=NO
               export SWIFT_UPCOMING_FEATURE_INFER_ISOLATED_CONFORMANCES=NO
               export SWIFT_UPCOMING_FEATURE_INFER_SENDABLE_FROM_CAPTURES=NO
               export SWIFT_UPCOMING_FEATURE_INTERNAL_IMPORTS_BY_DEFAULT=NO
               export SWIFT_UPCOMING_FEATURE_ISOLATED_DEFAULT_VALUES=NO
               export SWIFT_UPCOMING_FEATURE_MEMBER_IMPORT_VISIBILITY=NO
               export SWIFT_UPCOMING_FEATURE_NONFROZEN_ENUM_EXHAUSTIVITY=NO
               export SWIFT_UPCOMING_FEATURE_NONISOLATED_NONSENDING_BY_DEFAULT=NO
               export SWIFT_UPCOMING_FEATURE_REGION_BASED_ISOLATION=NO
               export SWIFT_USE_PARALLEL_WHOLE_MODULE_OPTIMIZATION=YES
               export SWIFT_USE_PARALLEL_WMO_TARGETS=YES
               export SWIFT_VALIDATE_CLANG_MODULES_ONCE_PER_BUILD_SESSION=YES
               export SWIFT_VERSION=5.0
               export SWIFT_WARNINGS_AS_ERRORS_GROUPS=
               export SWIFT_WARNINGS_AS_WARNINGS_GROUPS=
               export SWIFT_WHOLE_MODULE_OPTIMIZATION=NO
               export SYMBOL_GRAPH_EXTRACTOR_EXEC=swift-symbolgraph-extract
               export SYMBOL_GRAPH_EXTRACTOR_MODULE_CACHE_PATH=/Users/gregoriomorelli/Library/Developer/Xcode/DerivedData/ModuleCache.noindex
               export SYMBOL_GRAPH_EXTRACTOR_MODULE_NAME=Runner
               export SYMBOL_GRAPH_EXTRACTOR_OUTPUT_BASE=/Users/gregoriomorelli/Library/Developer/Xcode/DerivedData/Runner-cyiairccsstbfgarbybvqeftcyhq/Build/Intermediates.noindex/Runner.build/Debug-iphonesimulator/Runner.build/symbol-graph
               export SYMBOL_GRAPH_EXTRACTOR_OUTPUT_DIR=/Users/gregoriomorelli/Library/Developer/Xcode/DerivedData/Runner-cyiairccsstbfgarbybvqeftcyhq/Build/Intermediates.noindex/Runner.build/Debug-iphonesimulator/Runner.build/symbol-graph/swift/undefined_arch-apple-ios13.0-simulator
               export SYMBOL_GRAPH_EXTRACTOR_SDK=iphonesimulator26.5
               export SYMBOL_GRAPH_EXTRACTOR_SEARCH_PATHS=
               export SYMBOL_GRAPH_EXTRACTOR_SWIFT_VERSION=5.0
               export SYMBOL_GRAPH_EXTRACTOR_TARGET_TRIPLE=undefined_arch-apple-ios13.0-simulator
               export SYMBOL_HEADER=
               export SYMROOT=/Users/gregoriomorelli/Library/Developer/Xcode/DerivedData/Runner-cyiairccsstbfgarbybvqeftcyhq/Build/Products
               export SYSTEM_ADMIN_APPS_DIR=/Applications/Utilities
               export SYSTEM_APPS_DIR=/Applications
               export SYSTEM_CORE_SERVICES_DIR=/System/Library/CoreServices
               export SYSTEM_DEMOS_DIR=/Applications/Extras
               export SYSTEM_DEVELOPER_APPS_DIR=/Applications/Xcode.app/Contents/Developer/Applications
               export SYSTEM_DEVELOPER_BIN_DIR=/Applications/Xcode.app/Contents/Developer/usr/bin
               export SYSTEM_DEVELOPER_DEMOS_DIR="/Applications/Xcode.app/Contents/Developer/Applications/Utilities/Built Examples"
               export SYSTEM_DEVELOPER_DIR=/Applications/Xcode.app/Contents/Developer
               export SYSTEM_DEVELOPER_DOC_DIR="/Applications/Xcode.app/Contents/Developer/ADC Reference Library"
               export SYSTEM_DEVELOPER_EXECUTABLES_DIR=
               export SYSTEM_DEVELOPER_GRAPHICS_TOOLS_DIR="/Applications/Xcode.app/Contents/Developer/Applications/Graphics Tools"
               export SYSTEM_DEVELOPER_JAVA_TOOLS_DIR="/Applications/Xcode.app/Contents/Developer/Applications/Java Tools"
               export SYSTEM_DEVELOPER_PERFORMANCE_TOOLS_DIR="/Applications/Xcode.app/Contents/Developer/Applications/Performance Tools"
               export SYSTEM_DEVELOPER_RELEASENOTES_DIR="/Applications/Xcode.app/Contents/Developer/ADC Reference Library/releasenotes"
               export SYSTEM_DEVELOPER_TOOLS=/Applications/Xcode.app/Contents/Developer/Tools
               export SYSTEM_DEVELOPER_TOOLS_DOC_DIR="/Applications/Xcode.app/Contents/Developer/ADC Reference Library/documentation/DeveloperTools"
               export SYSTEM_DEVELOPER_TOOLS_RELEASENOTES_DIR="/Applications/Xcode.app/Contents/Developer/ADC Reference Library/releasenotes/DeveloperTools"
               export SYSTEM_DEVELOPER_USR_DIR=/Applications/Xcode.app/Contents/Developer/usr
               export SYSTEM_DEVELOPER_UTILITIES_DIR=/Applications/Xcode.app/Contents/Developer/Applications/Utilities
               export SYSTEM_DEXT_INSTALL_PATH=/System/Library/DriverExtensions
               export SYSTEM_DOCUMENTATION_DIR=/Library/Documentation
               export SYSTEM_EXTENSIONS_FOLDER_PATH=Runner.app/SystemExtensions
               export SYSTEM_EXTENSIONS_FOLDER_PATH_SHALLOW_BUNDLE_NO=Runner.app/Library/SystemExtensions
               export SYSTEM_EXTENSIONS_FOLDER_PATH_SHALLOW_BUNDLE_YES=Runner.app/SystemExtensions
               export SYSTEM_FRAMEWORK_SEARCH_PATHS=
               export SYSTEM_HEADER_SEARCH_PATHS=
               export SYSTEM_KEXT_INSTALL_PATH=/System/Library/Extensions
               export SYSTEM_LIBRARY_DIR=/System/Library
               export SYSTEM_LIBRARY_EXECUTABLES_DIR=
               export ShallowBundle=YES
               export SigningCert=
               export SkipEmbeddedFrameworksValidation=
               export TAPI_APPLICATION_EXTENSION_API_ONLY=NO
               export TAPI_DEMANGLE=YES
               export TAPI_DYLIB_ALLOWABLE_CLIENTS=
               export TAPI_DYLIB_COMPATIBILITY_VERSION=
               export TAPI_DYLIB_CURRENT_VERSION=
               export TAPI_DYLIB_INSTALL_NAME=
               export TAPI_EMIT_PROFILING_SYMBOLS=YES
               export TAPI_ENABLE_MODULES=NO
               export TAPI_ENABLE_PROJECT_HEADERS=NO
               export TAPI_ENABLE_VERIFICATION_MODE=YES
               export TAPI_EXCLUDE_PRIVATE_HEADERS=
               export TAPI_EXCLUDE_PROJECT_HEADERS=
               export TAPI_EXCLUDE_PUBLIC_HEADERS=
               export TAPI_EXEC=tapi
               export TAPI_EXTRACT_API_ENABLE_MODULES=YES
               export TAPI_EXTRACT_API_ENABLE_OBJC_ARC=YES
               export TAPI_EXTRACT_API_MODULE_CACHE_PATH=/Users/gregoriomorelli/Library/Developer/Xcode/DerivedData/ModuleCache.noindex
               export TAPI_EXTRACT_API_OUTPUT_DIR=/Users/gregoriomorelli/Library/Developer/Xcode/DerivedData/Runner-cyiairccsstbfgarbybvqeftcyhq/Build/Intermediates.noindex/Runner.build/Debug-iphonesimulator/Runner.build/symbol-graph/clang/undefined_arch-apple-ios13.0-simulator
               export TAPI_EXTRACT_API_SDKDB_OUTPUT_PATH=/Users/gregoriomorelli/Library/Developer/Xcode/DerivedData/Runner-cyiairccsstbfgarbybvqeftcyhq/Build/Intermediates.noindex/Runner.build/Debug-iphonesimulator/Runner.build/symbol-graph/clang/undefined_arch-apple-ios13.0-simulator/Runner.sdkdb
               export TAPI_EXTRACT_API_SEARCH_PATHS=
               export TAPI_EXTRACT_API_SYSTEM_ROOT=iphonesimulator26.5
               export TAPI_EXTRACT_API_TARGET_TRIPLE=undefined_arch-apple-ios13.0-simulator
               export TAPI_EXTRA_PRIVATE_HEADERS=
               export TAPI_EXTRA_PROJECT_HEADERS=
               export TAPI_EXTRA_PUBLIC_HEADERS=
               export TAPI_FRAMEWORK_SEARCH_PATHS=" \"/Users/gregoriomorelli/Documents/vibra/build/ios/Debug-iphonesimulator/AppAuth\" \"/Users/gregoriomorelli/Documents/vibra/build/ios/Debug-iphonesimulator/FirebaseCore\" \"/Users/gregoriomorelli/Documents/vibra/build/ios/Debug-iphonesimulator/FirebaseCoreInternal\" \"/Users/gregoriomorelli/Documents/vibra/build/ios/Debug-iphonesimulator/FirebaseInstallations\" \"/Users/gregoriomorelli/Documents/vibra/build/ios/Debug-iphonesimulator/FirebaseMessaging\" \"/Users/gregoriomorelli/Documents/vibra/build/ios/Debug-iphonesimulator/GoogleDataTransport\" \"/Users/gregoriomorelli/Documents/vibra/build/ios/Debug-iphonesimulator/GoogleUtilities\" \"/Users/gregoriomorelli/Documents/vibra/build/ios/Debug-iphonesimulator/PromisesObjC\" \"/Users/gregoriomorelli/Documents/vibra/build/ios/Debug-iphonesimulator/app_links\" \"/Users/gregoriomorelli/Documents/vibra/build/ios/Debug-iphonesimulator/connectivity_plus\" \"/Users/gregoriomorelli/Documents/vibra/build/ios/Debug-iphonesimulator/firebase_core\" \"/Users/gregoriomorelli/Documents/vibra/build/ios/Debug-iphonesimulator/firebase_messaging\" \"/Users/gregoriomorelli/Documents/vibra/build/ios/Debug-iphonesimulator/flutter_appauth\" \"/Users/gregoriomorelli/Documents/vibra/build/ios/Debug-iphonesimulator/flutter_secure_storage_darwin\" \"/Users/gregoriomorelli/Documents/vibra/build/ios/Debug-iphonesimulator/flutter_web_auth_2\" \"/Users/gregoriomorelli/Documents/vibra/build/ios/Debug-iphonesimulator/geocoding_ios\" \"/Users/gregoriomorelli/Documents/vibra/build/ios/Debug-iphonesimulator/geolocator_apple\" \"/Users/gregoriomorelli/Documents/vibra/build/ios/Debug-iphonesimulator/image_picker_ios\" \"/Users/gregoriomorelli/Documents/vibra/build/ios/Debug-iphonesimulator/integration_test\" \"/Users/gregoriomorelli/Documents/vibra/build/ios/Debug-iphonesimulator/nanopb\" \"/Users/gregoriomorelli/Documents/vibra/build/ios/Debug-iphonesimulator/shared_preferences_foundation\" \"/Users/gregoriomorelli/Documents/vibra/build/ios/Debug-iphonesimulator/sqflite_darwin\" \"/Users/gregoriomorelli/Documents/vibra/build/ios/Debug-iphonesimulator/url_launcher_ios\""
               export TAPI_HEADER_SEARCH_PATHS=" \"/Users/gregoriomorelli/Documents/vibra/build/ios/Debug-iphonesimulator/AppAuth/AppAuth.framework/Headers\" \"/Users/gregoriomorelli/Documents/vibra/build/ios/Debug-iphonesimulator/FirebaseCore/FirebaseCore.framework/Headers\" \"/Users/gregoriomorelli/Documents/vibra/build/ios/Debug-iphonesimulator/FirebaseCoreInternal/FirebaseCoreInternal.framework/Headers\" \"/Users/gregoriomorelli/Documents/vibra/build/ios/Debug-iphonesimulator/FirebaseInstallations/FirebaseInstallations.framework/Headers\" \"/Users/gregoriomorelli/Documents/vibra/build/ios/Debug-iphonesimulator/FirebaseMessaging/FirebaseMessaging.framework/Headers\" \"/Users/gregoriomorelli/Documents/vibra/build/ios/Debug-iphonesimulator/GoogleDataTransport/GoogleDataTransport.framework/Headers\" \"/Users/gregoriomorelli/Documents/vibra/build/ios/Debug-iphonesimulator/GoogleUtilities/GoogleUtilities.framework/Headers\" \"/Users/gregoriomorelli/Documents/vibra/build/ios/Debug-iphonesimulator/PromisesObjC/FBLPromises.framework/Headers\" \"/Users/gregoriomorelli/Documents/vibra/build/ios/Debug-iphonesimulator/app_links/app_links.framework/Headers\" \"/Users/gregoriomorelli/Documents/vibra/build/ios/Debug-iphonesimulator/connectivity_plus/connectivity_plus.framework/Headers\" \"/Users/gregoriomorelli/Documents/vibra/build/ios/Debug-iphonesimulator/firebase_core/firebase_core.framework/Headers\" \"/Users/gregoriomorelli/Documents/vibra/build/ios/Debug-iphonesimulator/firebase_messaging/firebase_messaging.framework/Headers\" \"/Users/gregoriomorelli/Documents/vibra/build/ios/Debug-iphonesimulator/flutter_appauth/flutter_appauth.framework/Headers\" \"/Users/gregoriomorelli/Documents/vibra/build/ios/Debug-iphonesimulator/flutter_secure_storage_darwin/flutter_secure_storage_darwin.framework/Headers\" \"/Users/gregoriomorelli/Documents/vibra/build/ios/Debug-iphonesimulator/flutter_web_auth_2/flutter_web_auth_2.framework/Headers\" \"/Users/gregoriomorelli/Documents/vibra/build/ios/Debug-iphonesimulator/geocoding_ios/geocoding_ios.framework/Headers\" \"/Users/gregoriomorelli/Documents/vibra/build/ios/Debug-iphonesimulator/geolocator_apple/geolocator_apple.framework/Headers\" \"/Users/gregoriomorelli/Documents/vibra/build/ios/Debug-iphonesimulator/image_picker_ios/image_picker_ios.framework/Headers\" \"/Users/gregoriomorelli/Documents/vibra/build/ios/Debug-iphonesimulator/integration_test/integration_test.framework/Headers\" \"/Users/gregoriomorelli/Documents/vibra/build/ios/Debug-iphonesimulator/nanopb/nanopb.framework/Headers\" \"/Users/gregoriomorelli/Documents/vibra/build/ios/Debug-iphonesimulator/shared_preferences_foundation/shared_preferences_foundation.framework/Headers\" \"/Users/gregoriomorelli/Documents/vibra/build/ios/Debug-iphonesimulator/sqflite_darwin/sqflite_darwin.framework/Headers\" \"/Users/gregoriomorelli/Documents/vibra/build/ios/Debug-iphonesimulator/url_launcher_ios/url_launcher_ios.framework/Headers\" \"/Users/gregoriomorelli/Documents/vibra/ios/Pods/Headers/Public\" \"/Users/gregoriomorelli/Documents/vibra/ios/Pods/Headers/Public/Firebase\"  /Users/gregoriomorelli/Documents/vibra/ios/Pods/Firebase/CoreOnly/Sources"
               export TAPI_LANGUAGE=objective-c
               export TAPI_LANGUAGE_STANDARD=compiler-default
               export TAPI_LIBRARY_SEARCH_PATHS=" \"/Applications/Xcode.app/Contents/Developer/Toolchains/XcodeDefault.xctoolchain/usr/lib/swift/iphonesimulator\" /usr/lib/swift /Applications/Xcode.app/Contents/Developer/Toolchains/XcodeDefault.xctoolchain/usr/lib/swift/iphonesimulator/ iphonesimulator26.5/usr/lib/swift"
               export TAPI_MODULES_VALIDATE_SYSTEM_HEADERS=NO
               export TAPI_MODULE_CACHE_PATH=/Users/gregoriomorelli/Library/Developer/Xcode/DerivedData/ModuleCache.noindex
               export TAPI_PREPROCESSOR_DEFINITIONS="DEBUG=1  COCOAPODS=1 DEBUG=1  PB_FIELD_32BIT=1 PB_NO_PACKED_STRUCTS=1 PB_ENABLE_MALLOC=1 "
               export TAPI_PRODUCT_TYPE=com.apple.product-type.application
               export TAPI_READ_DSYM=YES
               export TAPI_REEXPORTED_FRAMEWORK_INSTALL_NAMES=
               export TAPI_REEXPORTED_FRAMEWORK_NAMES=
               export TAPI_REEXPORTED_LIBRARY_INSTALL_NAMES=
               export TAPI_REEXPORTED_LIBRARY_NAMES=
               export TAPI_REEXPORTED_LIBRARY_PATHS=
               export TAPI_RUNPATH_SEARCH_PATHS=" /usr/lib/swift '@executable_path/Frameworks' '@loader_path/Frameworks' @executable_path/Frameworks"
               export TAPI_SHARED_CACHE_ELIGIBLE=Automatic
               export TAPI_SYSTEM_FRAMEWORK_SEARCH_PATHS=
               export TAPI_SYSTEM_HEADER_SEARCH_PATHS=
               export TAPI_TARGET_TRIPLE_ARCHS="arm64 x86_64"
               export TAPI_USE_SRCROOT=YES
               export TAPI_VERIFY_AGAINST=
               export TAPI_VERIFY_MODE=Pedantic
               export TARGETED_DEVICE_FAMILY=1,2
               export TARGETNAME=Runner
               export TARGET_BUILD_DIR=/Users/gregoriomorelli/Documents/vibra/build/ios/Debug-iphonesimulator
               export TARGET_BUILD_SUBPATH=
               export TARGET_NAME=Runner
               export TARGET_TEMP_DIR=/Users/gregoriomorelli/Library/Developer/Xcode/DerivedData/Runner-cyiairccsstbfgarbybvqeftcyhq/Build/Intermediates.noindex/Runner.build/Debug-iphonesimulator/Runner.build
               export TEMP_DIR=/Users/gregoriomorelli/Library/Developer/Xcode/DerivedData/Runner-cyiairccsstbfgarbybvqeftcyhq/Build/Intermediates.noindex/Runner.build/Debug-iphonesimulator/Runner.build
               export TEMP_FILES_DIR=/Users/gregoriomorelli/Library/Developer/Xcode/DerivedData/Runner-cyiairccsstbfgarbybvqeftcyhq/Build/Intermediates.noindex/Runner.build/Debug-iphonesimulator/Runner.build
               export TEMP_FILE_DIR=/Users/gregoriomorelli/Library/Developer/Xcode/DerivedData/Runner-cyiairccsstbfgarbybvqeftcyhq/Build/Intermediates.noindex/Runner.build/Debug-iphonesimulator/Runner.build
               export TEMP_ROOT=/Users/gregoriomorelli/Library/Developer/Xcode/DerivedData/Runner-cyiairccsstbfgarbybvqeftcyhq/Build/Intermediates.noindex
               export TEMP_SANDBOX_DIR=/Users/gregoriomorelli/Library/Developer/Xcode/DerivedData/Runner-cyiairccsstbfgarbybvqeftcyhq/Build/Intermediates.noindex/TemporaryTaskSandboxes
               export TEST_FRAMEWORK_SEARCH_PATHS=" /Applications/Xcode.app/Contents/Developer/Platforms/iPhoneSimulator.platform/Developer/Library/Frameworks iphonesimulator26.5/Developer/Library/Frameworks"
               export TEST_HOST=
               export TEST_LIBRARY_SEARCH_PATHS=" /Applications/Xcode.app/Contents/Developer/Platforms/iPhoneSimulator.platform/Developer/usr/lib"
               export TEXTURE_ATLAS_ENABLE_WARNINGS=Yes
               export TEXTURE_ATLAS_FORMAT=RGBA8888_PNG
               export TEXTURE_ATLAS_MAXIMUM_SIZE=2048x2048
               export TMPDIR=/var/folders/pg/x6t89f2n7s7299rcw8hv33180000gn/T/
               export TOOLCHAINS=
               export TOOLCHAIN_DIR=/Applications/Xcode.app/Contents/Developer/Toolchains/XcodeDefault.xctoolchain
               export TRACK_WIDGET_CREATION=false
               export TREAT_MISSING_BASELINES_AS_TEST_FAILURES=NO
               export TREAT_MISSING_SCRIPT_PHASE_OUTPUTS_AS_ERRORS=NO
               export TREE_SHAKE_ICONS=false
               export TVOS_DEPLOYMENT_TARGET=15.6
               export UID=501
               export UNEXPORTED_SYMBOLS_FILE=
               export UNINSTALLED_PRODUCTS_DIR=/Users/gregoriomorelli/Library/Developer/Xcode/DerivedData/Runner-cyiairccsstbfgarbybvqeftcyhq/Build/Intermediates.noindex/UninstalledProducts
               export UNLOCALIZED_RESOURCES_FOLDER_PATH=Runner.app
               export UNLOCALIZED_RESOURCES_FOLDER_PATH_SHALLOW_BUNDLE_NO=Runner.app/Resources
               export UNLOCALIZED_RESOURCES_FOLDER_PATH_SHALLOW_BUNDLE_YES=Runner.app
               export UNSTRIPPED_PRODUCT=NO
               export USER=gregoriomorelli
               export USER_APPS_DIR=/Users/gregoriomorelli/Applications
               export USER_LIBRARY_DIR=/Users/gregoriomorelli/Library
               export USE_DYNAMIC_NO_PIC=YES
               export USE_GCC3_PFE_SUPPORT=
               export USE_HEADERMAP=YES
               export USE_HEADER_SYMLINKS=NO
               export USE_RECURSIVE_SCRIPT_INPUTS_IN_SCRIPT_PHASES=YES
               export USE_SDK_TOOLCHAINS=NO
               export VALIDATE_PLIST_FILES_WHILE_COPYING=NO
               export VALIDATE_PRODUCT=NO
               export VALIDATE_STRINGS_FILES_WHILE_COPYING=YES
               export VALID_ARCHS="arm64 x86_64"
               export VERBOSE_PBXCP=NO
               export VERBOSE_SCRIPT_LOGGING=YES
               export VERSIONING_STUB=
               export VERSIONING_SYSTEM=apple-generic
               export VERSIONPLIST_PATH=Runner.app/version.plist
               export VERSIONS_FOLDER_PATH=
               export VERSION_INFO_BUILDER=gregoriomorelli
               export VERSION_INFO_EXPORT_DECL=
               export VERSION_INFO_FILE=Runner_vers.c
               export VERSION_INFO_PREFIX=
               export VERSION_INFO_STRING="\"@(#)PROGRAM:Runner  PROJECT:Runner-1\""
               export VERSION_INFO_SUFFIX=
               export ValidateForStore=NO
               export WARNING_CFLAGS=
               export WATCHOS_DEPLOYMENT_TARGET=8.7
               export WATCH_BUILT_PRODUCTS_DIR=/Users/gregoriomorelli/Documents/vibra/build/ios/Debug-watchsimulator
               export WORKSPACE_PATH=/Users/gregoriomorelli/Documents/vibra/ios/Runner.xcworkspace
               export WRAPPER_EXTENSION=app
               export WRAPPER_NAME=Runner.app
               export WRAPPER_PREFIX=
               export WRAPPER_SUFFIX=.app
               export WRAP_ASSET_PACKS_IN_SEPARATE_DIRECTORIES=NO
               export XCODE_APP_SUPPORT_DIR=/Applications/Xcode.app/Contents/Developer/Library/Xcode
               export XCODE_DEVELOPER_DIR_PATH=
               export XCODE_PRODUCT_BUILD_VERSION=17F42
               export XCODE_VERSION_ACTUAL=2650
               export XCODE_VERSION_MAJOR=2600
               export XCODE_VERSION_MINOR=2650
               export XCSTRINGS_FORCE_BUILD_ALL_STRINGS=NO
               export XCSTRINGS_LANGUAGES_TO_COMPILE=
               export XIB_COMPILER_INFOPLIST_CONTENT_FILE=/Users/gregoriomorelli/Library/Developer/Xcode/DerivedData/Runner-cyiairccsstbfgarbybvqeftcyhq/Build/Intermediates.noindex/Runner.build/Debug-iphonesimulator/Runner.build/-PartialInfo.plist
               export XPCSERVICES_FOLDER_PATH=Runner.app/XPCServices
               export XPC_FLAGS=0x0
               export XPC_SERVICE_NAME=0
               export XROS_DEPLOYMENT_TARGET=1.3
               export YACC=yacc
               export YACCFLAGS=
               export YACC_GENERATED_FILE_STEM=Standard
               export YACC_GENERATE_DEBUGGING_DIRECTIVES=NO
               export YACC_INSERT_LINE_DIRECTIVES=YES
               export ZSH_TMUX_AUTOSTART=false
               export ZSH_TMUX_AUTOSTARTED=true
               export _CLANG_ENABLE_TYPED_ALLOCATOR_SUPPORT_DEFAULT=compiler-default
               export _CLANG_ENABLE_TYPED_ALLOCATOR_SUPPORT_DEFAULT_ENHANCED_SECURITY_NO=compiler-default
               export _CLANG_ENABLE_TYPED_ALLOCATOR_SUPPORT_DEFAULT_ENHANCED_SECURITY_YES=YES
               export _CLANG_TRIVIAL_AUTO_VAR_INIT_DEFAULT=default
               export _CLANG_TRIVIAL_AUTO_VAR_INIT_DEFAULT_ENABLE_ZERO_INIT_NO=default
               export _CLANG_TRIVIAL_AUTO_VAR_INIT_DEFAULT_ENABLE_ZERO_INIT_YES=zero
               export _DISCOVER_COMMAND_LINE_LINKER_INPUTS=YES
               export _DISCOVER_COMMAND_LINE_LINKER_INPUTS_INCLUDE_WL=YES
               export _LD_MULTIARCH=YES
               export _PREFIXED_SWIFT_VERSION=_5.0
               export _REZ_PREFIX_FILE=/Users/gregoriomorelli/Documents/vibra/ios/
               export _UNSAFE_BUFFER_USAGE_DEFAULT=DEFAULT
               export _UNSAFE_BUFFER_USAGE_DEFAULT_ENABLE_SAFE_BUFFERS_NO=DEFAULT
               export _UNSAFE_BUFFER_USAGE_DEFAULT_ENABLE_SAFE_BUFFERS_YES=YES_ERROR
               export _WRAPPER_CONTENTS_DIR=
               export _WRAPPER_CONTENTS_DIR_SHALLOW_BUNDLE_NO=/Contents
               export _WRAPPER_PARENT_PATH=
               export _WRAPPER_PARENT_PATH_SHALLOW_BUNDLE_NO=/..
               export _WRAPPER_RESOURCES_DIR=
               export _WRAPPER_RESOURCES_DIR_SHALLOW_BUNDLE_NO=/Resources
               export __CFBundleIdentifier=com.google.antigravity
               export __CF_USER_TEXT_ENCODING="0x1F5:0x0:0x4"
               export __CLANG_ANALYZER_DIVIDE_BY_ZERO_NO_SILENCE_STRING=core.DivideZero
               export __CLANG_ANALYZER_DIVIDE_BY_ZERO_YES_SILENCE_STRING=.
               export __CLANG_ANALYZER_NULL_DEREFERENCE_NO_SILENCE_STRING=core.NullDereference
               export __CLANG_ANALYZER_NULL_DEREFERENCE_YES_SILENCE_STRING=.
               export __CLANG_ANALYZER_SILENCE_CHECKERS=YES
               export __CLANG_ANALYZER_SILENCE_CHECKERS_LIST=".;."
               export __CPP_PREFIX_HEADER=
               export __CREATE_INFOPLIST_SECTION_IN_BINARY=NO
               export __DIAGNOSE_DEPRECATED_ARCHS=YES
               export __ENHANCED_SECURITY_OR_BOUNDS_SAFE_BUFFERS=NO
               export __ENHANCED_SECURITY_OR_BOUNDS_SAFE_BUFFERS_NO_NO=NO
               export __ENHANCED_SECURITY_OR_BOUNDS_SAFE_BUFFERS_NO_YES=YES
               export __ENHANCED_SECURITY_OR_BOUNDS_SAFE_BUFFERS_YES_NO=YES
               export __ENHANCED_SECURITY_OR_BOUNDS_SAFE_BUFFERS_YES_YES=YES
               export __IIG_DEPLOYMENT_TARGET__=13.0
               export __IIG_FRAMEWORK_NAME__=com.apple.product-type.application
               export __INPUT_FILE_LIST_PATH__=
               export __IS_NOT_MACOS=YES
               export __IS_NOT_MACOS_macosx=NO
               export __IS_NOT_SIMULATOR=NO
               export __IS_NOT_SIMULATOR_simulator=NO
               export __LIBRARY_HARDENING_DEFAULT_VALUE=debug
               export __LIBRARY_HARDENING_DEFAULT_VALUE_OPT_LEVEL_0_ENHANCED_SECURITY_OR_BOUNDS_SAFE_BUFFERS_NO=debug
               export __LIBRARY_HARDENING_DEFAULT_VALUE_OPT_LEVEL_0_ENHANCED_SECURITY_OR_BOUNDS_SAFE_BUFFERS_YES=debug
               export __LIBRARY_HARDENING_DEFAULT_VALUE_OPT_LEVEL_1_ENHANCED_SECURITY_OR_BOUNDS_SAFE_BUFFERS_YES=fast
               export __LIBRARY_HARDENING_DEFAULT_VALUE_OPT_LEVEL_2_ENHANCED_SECURITY_OR_BOUNDS_SAFE_BUFFERS_YES=fast
               export __LIBRARY_HARDENING_DEFAULT_VALUE_OPT_LEVEL_3_ENHANCED_SECURITY_OR_BOUNDS_SAFE_BUFFERS_YES=fast
               export __LIBRARY_HARDENING_DEFAULT_VALUE_OPT_LEVEL_fast_ENHANCED_SECURITY_OR_BOUNDS_SAFE_BUFFERS_YES=fast
               export __LIBRARY_HARDENING_DEFAULT_VALUE_OPT_LEVEL_s_ENHANCED_SECURITY_OR_BOUNDS_SAFE_BUFFERS_YES=fast
               export __LIBRARY_HARDENING_DEFAULT_VALUE_OPT_LEVEL_z_ENHANCED_SECURITY_OR_BOUNDS_SAFE_BUFFERS_YES=fast
               export __OTHER_IIG_CFLAGS__=YES
               export __SWIFT_ENFORCE_EXCLUSIVE_ACCESS_DEBUG_ENFORCEMENT_DEBUG=YES
               export __SWIFT_ENFORCE_EXCLUSIVE_ACCESS_DEBUG_ENFORCEMENT_RELEASE=YES
               export __infoplist_absolute__=/Users/gregoriomorelli/Documents/vibra/build/ios/Debug-iphonesimulator/Runner.app
               export __infoplist_subpath__=Info.plist
               export __no_validate_extension__=YES
               export _exclude_ds_store_files_=
               export _resolve_src_symlinks_=
               export arch=undefined_arch
               export build_file_compiler_flags=
               export diagnostic_message_length=0
               export mig_generate_client_sources=YES
               export mig_generate_server_sources=NO
               export print_note_include_stack=YES
               export variant=normal
               /bin/sh -c /var/folders/pg/x6t89f2n7s7299rcw8hv33180000gn/T/SchemeScriptAction-8G44vg.sh
           Warning: unknown environment variable SWIFT_DEBUG_INFORMATION_FORMAT
           Warning: unknown environment variable SWIFT_DEBUG_INFORMATION_VERSION
           Warning: unknown environment variable SWIFT_DEBUG_INFORMATION_FORMAT
           Warning: unknown environment variable SWIFT_DEBUG_INFORMATION_VERSION
           Warning: unknown environment variable SWIFT_DEBUG_INFORMATION_FORMAT
           Warning: unknown environment variable SWIFT_DEBUG_INFORMATION_VERSION
           Warning: unknown environment variable SWIFT_DEBUG_INFORMATION_FORMAT
           Warning: unknown environment variable SWIFT_DEBUG_INFORMATION_VERSION
           ♦ /Users/gregoriomorelli/development/flutter/bin/flutter --verbose assemble --no-version-check --output=/Users/gregoriomorelli/Documents/vibra/build/ios/Debug-iphonesimulator/ -dTargetPlatform=ios -dTargetFile=lib/main.dart -dBuildMode=debug -dConfiguration=Debug -dIosArchs=arm64 x86_64 -dSdkRoot=iphonesimulator26.5 -dSplitDebugInfo= -dTreeShakeIcons=false -dTrackWidgetCreation=false -dDartObfuscation=false -dAction=build -dFrontendServerStarterPath= --ExtraGenSnapshotOptions= --DartDefines=RkxVVFRFUl9WRVJTSU9OPTMuNDQuMg==,RkxVVFRFUl9DSEFOTkVMPXN0YWJsZQ==,RkxVVFRFUl9HSVRfVVJMPWh0dHBzOi8vZ2l0aHViLmNvbS9mbHV0dGVyL2ZsdXR0ZXIuZ2l0,RkxVVFRFUl9GUkFNRVdPUktfUkVWSVNJT049YzlhNmM0ODQyMw==,RkxVVFRFUl9FTkdJTkVfUkVWSVNJT049NzdlMmU5NDc3Mg==,RkxVVFRFUl9EQVJUX1ZFUlNJT049My4xMi4y --ExtraFrontEndOptions= -dSrcRoot=/Users/gregoriomorelli/Documents/vibra/ios -dXcodeBuildScript=prepare -dTargetDeviceOSVersion= debug_unpack_ios
           [  +10 ms] executing: sysctl hw.optional.arm64
           [   +6 ms] Exit code 0 from: sysctl hw.optional.arm64
           [        ] hw.optional.arm64: 1
           [   +3 ms] Artifact Instance of 'MaterialFonts' is not required, skipping update.
           [        ] Artifact Instance of 'GradleWrapper' is not required, skipping update.
           [        ] Artifact Instance of 'AndroidGenSnapshotArtifacts' is not required, skipping update.
           [        ] Artifact Instance of 'AndroidInternalBuildArtifacts' is not required, skipping update.
           [        ] Artifact Instance of 'IOSEngineArtifacts' is not required, skipping update.
           [        ] Artifact Instance of 'FlutterWebSdk' is not required, skipping update.
           [        ] Artifact Instance of 'LegacyCanvasKitRemover' is not required, skipping update.
           [        ] Artifact Instance of 'FlutterSdk' is not required, skipping update.
           [        ] Artifact Instance of 'WindowsEngineArtifacts' is not required, skipping update.
           [        ] Artifact Instance of 'MacOSEngineArtifacts' is not required, skipping update.
           [        ] Artifact Instance of 'LinuxEngineArtifacts' is not required, skipping update.
           [        ] Artifact Instance of 'LinuxFuchsiaSDKArtifacts' is not required, skipping update.
           [        ] Artifact Instance of 'MacOSFuchsiaSDKArtifacts' is not required, skipping update.
           [        ] Artifact Instance of 'FlutterRunnerSDKArtifacts' is not required, skipping update.
           [        ] Artifact Instance of 'FlutterRunnerDebugSymbols' is not required, skipping update.
           [        ] Artifact Instance of 'IosUsbArtifacts' is not required, skipping update.
           [        ] Artifact Instance of 'IosUsbArtifacts' is not required, skipping update.
           [        ] Artifact Instance of 'IosUsbArtifacts' is not required, skipping update.
           [        ] Artifact Instance of 'IosUsbArtifacts' is not required, skipping update.
           [        ] Artifact Instance of 'IosUsbArtifacts' is not required, skipping update.
           [        ] Artifact Instance of 'IosUsbArtifacts' is not required, skipping update.
           [        ] Artifact Instance of 'FontSubsetArtifacts' is not required, skipping update.
           [        ] Artifact Instance of 'PubDependencies' is not required, skipping update.
           [   +4 ms] Artifact Instance of 'AndroidGenSnapshotArtifacts' is not required, skipping update.
           [        ] Artifact Instance of 'AndroidInternalBuildArtifacts' is not required, skipping update.
           [        ] Artifact Instance of 'IOSEngineArtifacts' is not required, skipping update.
           [        ] Artifact Instance of 'FlutterWebSdk' is not required, skipping update.
           [        ] Artifact Instance of 'FlutterEngineStamp' is not required, skipping update.
           [        ] Artifact Instance of 'LegacyCanvasKitRemover' is not required, skipping update.
           [        ] Artifact Instance of 'WindowsEngineArtifacts' is not required, skipping update.
           [        ] Artifact Instance of 'MacOSEngineArtifacts' is not required, skipping update.
           [        ] Artifact Instance of 'LinuxEngineArtifacts' is not required, skipping update.
           [        ] Artifact Instance of 'LinuxFuchsiaSDKArtifacts' is not required, skipping update.
           [        ] Artifact Instance of 'MacOSFuchsiaSDKArtifacts' is not required, skipping update.
           [        ] Artifact Instance of 'FlutterRunnerSDKArtifacts' is not required, skipping update.
           [        ] Artifact Instance of 'FlutterRunnerDebugSymbols' is not required, skipping update.
           [  +23 ms] Artifact Instance of 'MaterialFonts' is not required, skipping update.
           [        ] Artifact Instance of 'GradleWrapper' is not required, skipping update.
           [        ] Artifact Instance of 'AndroidGenSnapshotArtifacts' is not required, skipping update.
           [        ] Artifact Instance of 'AndroidInternalBuildArtifacts' is not required, skipping update.
           [        ] Artifact Instance of 'FlutterWebSdk' is not required, skipping update.
           [        ] Artifact Instance of 'FlutterEngineStamp' is not required, skipping update.
           [        ] Artifact Instance of 'LegacyCanvasKitRemover' is not required, skipping update.
           [        ] Artifact Instance of 'FlutterSdk' is not required, skipping update.
           [        ] Artifact Instance of 'WindowsEngineArtifacts' is not required, skipping update.
           [        ] Artifact Instance of 'MacOSEngineArtifacts' is not required, skipping update.
           [        ] Artifact Instance of 'LinuxEngineArtifacts' is not required, skipping update.
           [        ] Artifact Instance of 'LinuxFuchsiaSDKArtifacts' is not required, skipping update.
           [        ] Artifact Instance of 'MacOSFuchsiaSDKArtifacts' is not required, skipping update.
           [        ] Artifact Instance of 'FlutterRunnerSDKArtifacts' is not required, skipping update.
           [        ] Artifact Instance of 'FlutterRunnerDebugSymbols' is not required, skipping update.
           [        ] Artifact Instance of 'IosUsbArtifacts' is not required, skipping update.
           [        ] Artifact Instance of 'IosUsbArtifacts' is not required, skipping update.
           [        ] Artifact Instance of 'IosUsbArtifacts' is not required, skipping update.
           [        ] Artifact Instance of 'IosUsbArtifacts' is not required, skipping update.
           [        ] Artifact Instance of 'IosUsbArtifacts' is not required, skipping update.
           [        ] Artifact Instance of 'IosUsbArtifacts' is not required, skipping update.
           [        ] Artifact Instance of 'FontSubsetArtifacts' is not required, skipping update.
           [        ] Artifact Instance of 'PubDependencies' is not required, skipping update.
           [   +5 ms] Initializing file store
           [        ] Done initializing file store
           [   +6 ms] debug_unpack_ios: Starting due to {InvalidatedReasonKind.outputSetAddition: The following outputs were added to the output set: /Users/gregoriomorelli/Documents/vibra/build/ios/Debug-iphonesimulator/Flutter.framework/Flutter}
           [ +724 ms] executing: xattr -r -d com.apple.FinderInfo /Users/gregoriomorelli/Documents/vibra/build/ios/Debug-iphonesimulator/Flutter.framework/Flutter
           [   +5 ms] executing: xattr -r -d com.apple.provenance /Users/gregoriomorelli/Documents/vibra/build/ios/Debug-iphonesimulator/Flutter.framework/Flutter
           [  +30 ms] Persisting file store
           [   +1 ms] Done persisting file store
           [   +3 ms] "flutter assemble" took 804ms.
           [        ] Running 1 shutdown hook
           [        ] Shutdown hooks complete
           [        ] exiting with code 1
           Warning: unknown environment variable SWIFT_DEBUG_INFORMATION_FORMAT
           Warning: unknown environment variable SWIFT_DEBUG_INFORMATION_VERSION
           Warning: unknown environment variable SWIFT_DEBUG_INFORMATION_FORMAT
           Warning: unknown environment variable SWIFT_DEBUG_INFORMATION_VERSION
           Warning: unknown environment variable SWIFT_DEBUG_INFORMATION_FORMAT
           Warning: unknown environment variable SWIFT_DEBUG_INFORMATION_VERSION
           Warning: unknown environment variable SWIFT_DEBUG_INFORMATION_FORMAT
           Warning: unknown environment variable SWIFT_DEBUG_INFORMATION_VERSION
           [        ] Target debug_unpack_ios failed: Exception: Failed to codesign /Users/gregoriomorelli/Documents/vibra/build/ios/Debug-iphonesimulator/Flutter.framework/Flutter with identity -.
                      Warning: unknown environment variable SWIFT_DEBUG_INFORMATION_FORMAT
                      Warning: unknown environment variable SWIFT_DEBUG_INFORMATION_VERSION
                      /Users/gregoriomorelli/Documents/vibra/build/ios/Debug-iphonesimulator/Flutter.framework/Flutter: replacing existing signature
                      /Users/gregoriomorelli/Documents/vibra/build/ios/Debug-iphonesimulator/Flutter.framework/Flutter: resource fork, Finder information, or similar detritus not allowed

                      #0      _signFramework (package:flutter_tools/src/build_system/targets/ios.dart:963:5)
                      <asynchronous suspension>
                      #1      UnpackIOS.build (package:flutter_tools/src/build_system/targets/ios.dart:302:5)
                      <asynchronous suspension>
                      #2      _BuildInstance._invokeInternal (package:flutter_tools/src/build_system/build_system.dart:937:9)
                      <asynchronous suspension>
                      #3      FlutterBuildSystem.build (package:flutter_tools/src/build_system/build_system.dart:684:16)
                      <asynchronous suspension>
                      #4      AssembleCommand.runCommand (package:flutter_tools/src/commands/assemble.dart:369:32)
                      <asynchronous suspension>
                      #5      FlutterCommand.run.<anonymous closure> (package:flutter_tools/src/runner/flutter_command.dart:1630:27)
                      <asynchronous suspension>
                      #6      AppContext.run.<anonymous closure> (package:flutter_tools/src/base/context.dart:154:19)
                      <asynchronous suspension>
                      #7      CommandRunner.runCommand (package:args/command_runner.dart:212:13)
                      <asynchronous suspension>
                      #8      FlutterCommandRunner.runCommand.<anonymous closure> (package:flutter_tools/src/runner/flutter_command_runner.dart:496:9)
                      <asynchronous suspension>
                      #9      AppContext.run.<anonymous closure> (package:flutter_tools/src/base/context.dart:154:19)
                      <asynchronous suspension>
                      #10     FlutterCommandRunner.runCommand (package:flutter_tools/src/runner/flutter_command_runner.dart:431:5)
                      <asynchronous suspension>
                      #11     FlutterCommandRunner.run.<anonymous closure> (package:flutter_tools/src/runner/flutter_command_runner.dart:307:33)
                      <asynchronous suspension>
                      #12     run.<anonymous closure>.<anonymous closure> (package:flutter_tools/runner.dart:104:11)
                      <asynchronous suspension>
                      #13     AppContext.run.<anonymous closure> (package:flutter_tools/src/base/context.dart:154:19)
                      <asynchronous suspension>
                      #14     main (package:flutter_tools/executable.dart:103:3)
                      <asynchronous suspension>

           [   +3 ms] 
                      #0      throwToolExit (package:flutter_tools/src/base/common.dart:34:3)
                      #1      AssembleCommand.runCommand (package:flutter_tools/src/commands/assemble.dart:387:7)
                      <asynchronous suspension>
                      #2      FlutterCommand.run.<anonymous closure> (package:flutter_tools/src/runner/flutter_command.dart:1630:27)
                      <asynchronous suspension>
                      #3      AppContext.run.<anonymous closure> (package:flutter_tools/src/base/context.dart:154:19)
                      <asynchronous suspension>
                      #4      CommandRunner.runCommand (package:args/command_runner.dart:212:13)
                      <asynchronous suspension>
                      #5      FlutterCommandRunner.runCommand.<anonymous closure> (package:flutter_tools/src/runner/flutter_command_runner.dart:496:9)
                      <asynchronous suspension>
                      #6      AppContext.run.<anonymous closure> (package:flutter_tools/src/base/context.dart:154:19)
                      <asynchronous suspension>
                      #7      FlutterCommandRunner.runCommand (package:flutter_tools/src/runner/flutter_command_runner.dart:431:5)
                      <asynchronous suspension>
                      #8      FlutterCommandRunner.run.<anonymous closure> (package:flutter_tools/src/runner/flutter_command_runner.dart:307:33)
                      <asynchronous suspension>
                      #9      run.<anonymous closure>.<anonymous closure> (package:flutter_tools/runner.dart:104:11)
                      <asynchronous suspension>
                      #10     AppContext.run.<anonymous closure> (package:flutter_tools/src/base/context.dart:154:19)
                      <asynchronous suspension>
                      #11     main (package:flutter_tools/executable.dart:103:3)
                      <asynchronous suspension>
           Failed to copy Flutter framework.

           ComputePackagePrebuildTargetDependencyGraph


           Result bundle written to path:
           	/var/folders/pg/x6t89f2n7s7299rcw8hv33180000gn/T/flutter_tools.QM0vJv/flutter_ios_build_temp_dirMN5gCW/temporary_xcresult_bundle


           ** BUILD FAILED **


           The following build commands failed:
           	Run custom shell script 'Run Prepare Flutter Framework Script'
           	eyJ0eXBlIjp7IndvcmtzcGFjZSI6e319fQ==
           (2 failures)
[   +7 ms] Running Xcode build... (completed in 4,2s)
[        ] Xcode build done.                                            4,2s
[        ] executing: /usr/bin/arch -arm64e xcrun xcresulttool get build-results --path /var/folders/pg/x6t89f2n7s7299rcw8hv33180000gn/T/flutter_tools.QM0vJv/flutter_ios_build_temp_dirMN5gCW/temporary_xcresult_bundle --format json
[  +22 ms] {
             "actionTitle" : "Build \"Runner\"",
             "analyzerWarningCount" : 0,
             "analyzerWarnings" : [

             ],
             "destination" : {
               "architecture" : "undefined_arch",
               "deviceId" : "dvtdevice-DVTiOSDeviceSimulatorPlaceholder-iphonesimulator:placeholder",
               "deviceName" : "Any iOS Simulator Device",
               "modelName" : "Apple device",
               "osVersion" : "",
               "platform" : "iOS Simulator"
             },
             "endTime" : 1784656234.568,
             "errorCount" : 1,
             "errors" : [
               {
                 "issueType" : "Uncategorized",
                 "message" : "Exited with status code 255"
               }
             ],
             "startTime" : 1784656233.048,
             "status" : "cancelled",
             "warningCount" : 0,
             "warnings" : [

             ]
           }
[   +2 ms] Failed to build iOS app
[        ] Uncategorized (Xcode): Exited with status code 255

[   +1 ms] "flutter ios" took 11.058ms.
[   +2 ms] executing: sw_vers -productName
[   +8 ms] Exit code 0 from: sw_vers -productName
[        ] macOS
[        ] executing: sw_vers -productVersion
[   +7 ms] Exit code 0 from: sw_vers -productVersion
[        ] 26.5.2
[        ] executing: sw_vers -buildVersion
[   +7 ms] Exit code 0 from: sw_vers -buildVersion
[        ] 25F84
[        ] executing: uname -m
[   +3 ms] Exit code 0 from: uname -m
[        ] arm64
[   +3 ms] Encountered error while building for simulator.
[        ] 
           #0      throwToolExit (package:flutter_tools/src/base/common.dart:34:3)
           #1      _BuildIOSSubCommand.runCommand (package:flutter_tools/src/commands/build_ios.dart:1014:7)
           <asynchronous suspension>
           #2      FlutterCommand.run.<anonymous closure> (package:flutter_tools/src/runner/flutter_command.dart:1630:27)
           <asynchronous suspension>
           #3      AppContext.run.<anonymous closure> (package:flutter_tools/src/base/context.dart:154:19)
           <asynchronous suspension>
           #4      CommandRunner.runCommand (package:args/command_runner.dart:212:13)
           <asynchronous suspension>
           #5      FlutterCommandRunner.runCommand.<anonymous closure> (package:flutter_tools/src/runner/flutter_command_runner.dart:496:9)
           <asynchronous suspension>
           #6      AppContext.run.<anonymous closure> (package:flutter_tools/src/base/context.dart:154:19)
           <asynchronous suspension>
           #7      FlutterCommandRunner.runCommand (package:flutter_tools/src/runner/flutter_command_runner.dart:431:5)
           <asynchronous suspension>
           #8      FlutterCommandRunner.run.<anonymous closure> (package:flutter_tools/src/runner/flutter_command_runner.dart:307:33)
           <asynchronous suspension>
           #9      run.<anonymous closure>.<anonymous closure> (package:flutter_tools/runner.dart:104:11)
           <asynchronous suspension>
           #10     AppContext.run.<anonymous closure> (package:flutter_tools/src/base/context.dart:154:19)
           <asynchronous suspension>
           #11     main (package:flutter_tools/executable.dart:103:3)
           <asynchronous suspension>


[        ] Running 3 shutdown hooks
[        ] Shutdown hooks complete
[        ] exiting with code 1
